5594  execve("/home/runner/work/_temp/baseline-bootstrap-workspace/b4/compiler", ["/home/runner/work/_temp/baseline"..., "build", "/home/runner/work/_temp/baseline"..., "--output", "/home/runner/work/_temp/baseline"..., "--qbe", "/home/runner/work/_temp/qbe-1.3/"..., "--cc", "/usr/bin/cc", "--target", "linux-arm64-v0"], 0xffffce047a08 /* 111 vars */) = 0
5594  clone(child_stack=NULL, flags=CLONE_CHILD_CLEARTID|CLONE_CHILD_SETTID|SIGCHLD, child_tidptr=0xff901ae0af90) = 5595
5594  wait4(5595,  <unfinished ...>
5595  execve("/home/runner/work/_temp/qbe-1.3/qbe", ["/home/runner/work/_temp/qbe-1.3/"..., "-t", "arm64", "-o", "/home/runner/work/_temp/baseline"..., "/home/runner/work/_temp/baseline"...], 0xffffde3fdfd8 /* 111 vars */) = 0
5595  exit_group(0)                     = ?
5595  +++ exited with 0 +++
5594  <... wait4 resumed>[{WIFEXITED(s) && WEXITSTATUS(s) == 0}], 0, NULL) = 5595
5594  --- SIGCHLD {si_signo=SIGCHLD, si_code=CLD_EXITED, si_pid=5595, si_uid=1001, si_status=0, si_utime=0, si_stime=0} ---
5594  clone(child_stack=NULL, flags=CLONE_CHILD_CLEARTID|CLONE_CHILD_SETTID|SIGCHLD, child_tidptr=0xff901ae0af90) = 5596
5594  wait4(5596,  <unfinished ...>
5596  execve("/usr/bin/cc", ["/usr/bin/cc", "-xassembler", "/home/runner/work/_temp/baseline"..., "-fuse-ld=lld", "-Wl,--gc-sections,--strip-all", "-lm", "-o", "/home/runner/work/_temp/baseline"...], 0xffffde3fdfd8 /* 111 vars */) = 0
5596  clone(child_stack=0xffffcb4b1dd0, flags=CLONE_VM|CLONE_VFORK|SIGCHLD <unfinished ...>
5597  execve("/snap/bin/as", ["as", "-EL", "-mabi=lp64", "-o", "/tmp/ccrXGR6j.o", "/home/runner/work/_temp/baseline"...], 0x18746d50 /* 116 vars */) = -1 ENOENT (No such file or directory)
5597  execve("/home/runner/.local/bin/as", ["as", "-EL", "-mabi=lp64", "-o", "/tmp/ccrXGR6j.o", "/home/runner/work/_temp/baseline"...], 0x18746d50 /* 116 vars */) = -1 ENOENT (No such file or directory)
5597  execve("/opt/pipx_bin/as", ["as", "-EL", "-mabi=lp64", "-o", "/tmp/ccrXGR6j.o", "/home/runner/work/_temp/baseline"...], 0x18746d50 /* 116 vars */) = -1 ENOENT (No such file or directory)
5597  execve("/home/runner/.cargo/bin/as", ["as", "-EL", "-mabi=lp64", "-o", "/tmp/ccrXGR6j.o", "/home/runner/work/_temp/baseline"...], 0x18746d50 /* 116 vars */) = -1 ENOENT (No such file or directory)
5597  execve("/home/runner/.config/composer/vendor/bin/as", ["as", "-EL", "-mabi=lp64", "-o", "/tmp/ccrXGR6j.o", "/home/runner/work/_temp/baseline"...], 0x18746d50 /* 116 vars */) = -1 ENOENT (No such file or directory)
5597  execve("/home/runner/.dotnet/tools/as", ["as", "-EL", "-mabi=lp64", "-o", "/tmp/ccrXGR6j.o", "/home/runner/work/_temp/baseline"...], 0x18746d50 /* 116 vars */) = -1 ENOENT (No such file or directory)
5597  execve("/usr/local/sbin/as", ["as", "-EL", "-mabi=lp64", "-o", "/tmp/ccrXGR6j.o", "/home/runner/work/_temp/baseline"...], 0x18746d50 /* 116 vars */) = -1 ENOENT (No such file or directory)
5597  execve("/usr/local/bin/as", ["as", "-EL", "-mabi=lp64", "-o", "/tmp/ccrXGR6j.o", "/home/runner/work/_temp/baseline"...], 0x18746d50 /* 116 vars */) = -1 ENOENT (No such file or directory)
5597  execve("/usr/sbin/as", ["as", "-EL", "-mabi=lp64", "-o", "/tmp/ccrXGR6j.o", "/home/runner/work/_temp/baseline"...], 0x18746d50 /* 116 vars */) = -1 ENOENT (No such file or directory)
5597  execve("/usr/bin/as", ["as", "-EL", "-mabi=lp64", "-o", "/tmp/ccrXGR6j.o", "/home/runner/work/_temp/baseline"...], 0x18746d50 /* 116 vars */ <unfinished ...>
5596  <... clone resumed>)              = 5597
5597  <... execve resumed>)             = 0
5596  wait4(5597,  <unfinished ...>
5597  exit_group(0)                     = ?
5597  +++ exited with 0 +++
5596  <... wait4 resumed>[{WIFEXITED(s) && WEXITSTATUS(s) == 0}], 0, NULL) = 5597
5596  --- SIGCHLD {si_signo=SIGCHLD, si_code=CLD_EXITED, si_pid=5597, si_uid=1001, si_status=0, si_utime=0, si_stime=0} ---
5596  clone(child_stack=0xffffcb4b0f10, flags=CLONE_VM|CLONE_VFORK|SIGCHLD <unfinished ...>
5598  execve("/usr/libexec/gcc/aarch64-linux-gnu/13/collect2", ["/usr/libexec/gcc/aarch64-linux-g"..., "-plugin", "/usr/libexec/gcc/aarch64-linux-g"..., "-plugin-opt=/usr/libexec/gcc/aar"..., "-plugin-opt=-fresolution=/tmp/cc"..., "-plugin-opt=-pass-through=-lgcc", "-plugin-opt=-pass-through=-lgcc_"..., "-plugin-opt=-pass-through=-lc", "-plugin-opt=-pass-through=-lgcc", "-plugin-opt=-pass-through=-lgcc_"..., "--build-id", "--eh-frame-hdr", "--hash-style=gnu", "--as-needed", "-dynamic-linker", "/lib/ld-linux-aarch64.so.1", "-X", "-EL", "-maarch64linux", "--fix-cortex-a53-843419", "-pie", "-z", "now", "-fuse-ld=lld", "-z", "relro", "-o", "/home/runner/work/_temp/baseline"..., "/usr/lib/gcc/aarch64-linux-gnu/1"..., "/usr/lib/gcc/aarch64-linux-gnu/1"..., "/usr/lib/gcc/aarch64-linux-gnu/1"..., "-L/usr/lib/gcc/aarch64-linux-gnu"..., ...], 0x18747580 /* 118 vars */ <unfinished ...>
5596  <... clone resumed>)              = 5598
5598  <... execve resumed>)             = 0
5596  wait4(5598,  <unfinished ...>
5598  clone(child_stack=0xffffd1a9f1e0, flags=CLONE_VM|CLONE_VFORK|SIGCHLD <unfinished ...>
5599  execve("/usr/bin/ld.lld", ["/usr/bin/ld.lld", "-plugin", "/usr/libexec/gcc/aarch64-linux-g"..., "-plugin-opt=/usr/libexec/gcc/aar"..., "-plugin-opt=-fresolution=/tmp/cc"..., "-plugin-opt=-pass-through=-lgcc", "-plugin-opt=-pass-through=-lgcc_"..., "-plugin-opt=-pass-through=-lc", "-plugin-opt=-pass-through=-lgcc", "-plugin-opt=-pass-through=-lgcc_"..., "--build-id", "--eh-frame-hdr", "--hash-style=gnu", "--as-needed", "-dynamic-linker", "/lib/ld-linux-aarch64.so.1", "-X", "-EL", "-maarch64linux", "--fix-cortex-a53-843419", "-pie", "-z", "now", "-z", "relro", "-o", "/home/runner/work/_temp/baseline"..., "/usr/lib/gcc/aarch64-linux-gnu/1"..., "/usr/lib/gcc/aarch64-linux-gnu/1"..., "/usr/lib/gcc/aarch64-linux-gnu/1"..., "-L/usr/lib/gcc/aarch64-linux-gnu"..., "-L/usr/lib/gcc/aarch64-linux-gnu"..., ...], 0xffffd1a9f8a0 /* 118 vars */ <unfinished ...>
5598  <... clone resumed>)              = 5599
5599  <... execve resumed>)             = 0
5598  wait4(5599,  <unfinished ...>
5599  clone3({flags=CLONE_VM|CLONE_FS|CLONE_FILES|CLONE_SIGHAND|CLONE_THREAD|CLONE_SYSVSEM|CLONE_SETTLS|CLONE_PARENT_SETTID|CLONE_CHILD_CLEARTID, child_tid=0xff16fddff050, parent_tid=0xff16fddff050, exit_signal=0, stack=0xff16f9df0000, stack_size=0x400e840, tls=0xff16fddff6c0} => {parent_tid=[5600]}, 88) = 5600
5600  clone3({flags=CLONE_VM|CLONE_FS|CLONE_FILES|CLONE_SIGHAND|CLONE_THREAD|CLONE_SYSVSEM|CLONE_SETTLS|CLONE_PARENT_SETTID|CLONE_CHILD_CLEARTID, child_tid=0xff16f3fff050, parent_tid=0xff16f3fff050, exit_signal=0, stack=0xff16efff0000, stack_size=0x400e840, tls=0xff16f3fff6c0} => {parent_tid=[5601]}, 88) = 5601
5600  clone3({flags=CLONE_VM|CLONE_FS|CLONE_FILES|CLONE_SIGHAND|CLONE_THREAD|CLONE_SYSVSEM|CLONE_SETTLS|CLONE_PARENT_SETTID|CLONE_CHILD_CLEARTID, child_tid=0xff16effef050, parent_tid=0xff16effef050, exit_signal=0, stack=0xff16ebfe0000, stack_size=0x400e840, tls=0xff16effef6c0} => {parent_tid=[5602]}, 88) = 5602
5600  clone3({flags=CLONE_VM|CLONE_FS|CLONE_FILES|CLONE_SIGHAND|CLONE_THREAD|CLONE_SYSVSEM|CLONE_SETTLS|CLONE_PARENT_SETTID|CLONE_CHILD_CLEARTID, child_tid=0xff16e3fff050, parent_tid=0xff16e3fff050, exit_signal=0, stack=0xff16dfff0000, stack_size=0x400e840, tls=0xff16e3fff6c0} => {parent_tid=[5603]}, 88) = 5603
5603  exit(0 <unfinished ...>
5600  exit(0 <unfinished ...>
5603  <... exit resumed>)               = ?
5602  exit(0 <unfinished ...>
5601  exit(0 <unfinished ...>
5600  <... exit resumed>)               = ?
5599  exit_group(0 <unfinished ...>
5603  +++ exited with 0 +++
5600  +++ exited with 0 +++
5599  <... exit_group resumed>)         = ?
5602  +++ exited with 0 +++
5601  +++ exited with 0 +++
5599  +++ exited with 0 +++
5598  <... wait4 resumed>[{WIFEXITED(s) && WEXITSTATUS(s) == 0}], 0, NULL) = 5599
5598  --- SIGCHLD {si_signo=SIGCHLD, si_code=CLD_EXITED, si_pid=5599, si_uid=1001, si_status=0, si_utime=0, si_stime=1 /* 0.01 s */} ---
5598  exit_group(0)                     = ?
5598  +++ exited with 0 +++
5596  <... wait4 resumed>[{WIFEXITED(s) && WEXITSTATUS(s) == 0}], 0, NULL) = 5598
5596  --- SIGCHLD {si_signo=SIGCHLD, si_code=CLD_EXITED, si_pid=5598, si_uid=1001, si_status=0, si_utime=0, si_stime=0} ---
5596  exit_group(0)                     = ?
5596  +++ exited with 0 +++
5594  <... wait4 resumed>[{WIFEXITED(s) && WEXITSTATUS(s) == 0}], 0, NULL) = 5596
5594  --- SIGCHLD {si_signo=SIGCHLD, si_code=CLD_EXITED, si_pid=5596, si_uid=1001, si_status=0, si_utime=0, si_stime=0} ---
5594  exit_group(0)                     = ?
5594  +++ exited with 0 +++
