9635  execve("/home/runner/work/_temp/bootstrap-workspace/b4/compiler", ["/home/runner/work/_temp/bootstra"..., "build", "/home/runner/work/type-rb-native"..., "--output", "/home/runner/work/_temp/bootstra"..., "--qbe", "/home/runner/work/_temp/qbe-1.3/"..., "--cc", "/usr/bin/cc", "--target", "linux-arm64-v0"], 0xffffcff4b108 /* 111 vars */) = 0
9635  clone(child_stack=NULL, flags=CLONE_CHILD_CLEARTID|CLONE_CHILD_SETTID|SIGCHLD, child_tidptr=0xff9f77871f90) = 9636
9635  wait4(9636,  <unfinished ...>
9636  execve("/home/runner/work/_temp/qbe-1.3/qbe", ["/home/runner/work/_temp/qbe-1.3/"..., "-t", "arm64", "-o", "/home/runner/work/_temp/bootstra"..., "/home/runner/work/_temp/bootstra"...], 0xffffd1619df8 /* 111 vars */) = 0
9636  exit_group(0)                     = ?
9636  +++ exited with 0 +++
9635  <... wait4 resumed>[{WIFEXITED(s) && WEXITSTATUS(s) == 0}], 0, NULL) = 9636
9635  --- SIGCHLD {si_signo=SIGCHLD, si_code=CLD_EXITED, si_pid=9636, si_uid=1001, si_status=0, si_utime=0, si_stime=0} ---
9635  clone(child_stack=NULL, flags=CLONE_CHILD_CLEARTID|CLONE_CHILD_SETTID|SIGCHLD, child_tidptr=0xff9f77871f90) = 9637
9635  wait4(9637,  <unfinished ...>
9637  execve("/usr/bin/cc", ["/usr/bin/cc", "-xassembler", "/home/runner/work/_temp/bootstra"..., "-fuse-ld=lld", "-Wl,--gc-sections,--strip-all", "-lm", "-o", "/home/runner/work/_temp/bootstra"...], 0xffffd1619df8 /* 111 vars */) = 0
9637  clone(child_stack=0xffffdc98dcc0, flags=CLONE_VM|CLONE_VFORK|SIGCHLD <unfinished ...>
9638  execve("/home/runner/go/bin/as", ["as", "-EL", "-mabi=lp64", "-o", "/tmp/ccG1YO7n.o", "/home/runner/work/_temp/bootstra"...], 0x16575d50 /* 116 vars */) = -1 ENOENT (No such file or directory)
9638  execve("/opt/hostedtoolcache/go/1.27.1/arm64/bin/as", ["as", "-EL", "-mabi=lp64", "-o", "/tmp/ccG1YO7n.o", "/home/runner/work/_temp/bootstra"...], 0x16575d50 /* 116 vars */) = -1 ENOENT (No such file or directory)
9638  execve("/snap/bin/as", ["as", "-EL", "-mabi=lp64", "-o", "/tmp/ccG1YO7n.o", "/home/runner/work/_temp/bootstra"...], 0x16575d50 /* 116 vars */) = -1 ENOENT (No such file or directory)
9638  execve("/home/runner/.local/bin/as", ["as", "-EL", "-mabi=lp64", "-o", "/tmp/ccG1YO7n.o", "/home/runner/work/_temp/bootstra"...], 0x16575d50 /* 116 vars */) = -1 ENOENT (No such file or directory)
9638  execve("/opt/pipx_bin/as", ["as", "-EL", "-mabi=lp64", "-o", "/tmp/ccG1YO7n.o", "/home/runner/work/_temp/bootstra"...], 0x16575d50 /* 116 vars */) = -1 ENOENT (No such file or directory)
9638  execve("/home/runner/.cargo/bin/as", ["as", "-EL", "-mabi=lp64", "-o", "/tmp/ccG1YO7n.o", "/home/runner/work/_temp/bootstra"...], 0x16575d50 /* 116 vars */) = -1 ENOENT (No such file or directory)
9638  execve("/home/runner/.config/composer/vendor/bin/as", ["as", "-EL", "-mabi=lp64", "-o", "/tmp/ccG1YO7n.o", "/home/runner/work/_temp/bootstra"...], 0x16575d50 /* 116 vars */) = -1 ENOENT (No such file or directory)
9638  execve("/home/runner/.dotnet/tools/as", ["as", "-EL", "-mabi=lp64", "-o", "/tmp/ccG1YO7n.o", "/home/runner/work/_temp/bootstra"...], 0x16575d50 /* 116 vars */) = -1 ENOENT (No such file or directory)
9638  execve("/usr/local/sbin/as", ["as", "-EL", "-mabi=lp64", "-o", "/tmp/ccG1YO7n.o", "/home/runner/work/_temp/bootstra"...], 0x16575d50 /* 116 vars */) = -1 ENOENT (No such file or directory)
9638  execve("/usr/local/bin/as", ["as", "-EL", "-mabi=lp64", "-o", "/tmp/ccG1YO7n.o", "/home/runner/work/_temp/bootstra"...], 0x16575d50 /* 116 vars */) = -1 ENOENT (No such file or directory)
9638  execve("/usr/sbin/as", ["as", "-EL", "-mabi=lp64", "-o", "/tmp/ccG1YO7n.o", "/home/runner/work/_temp/bootstra"...], 0x16575d50 /* 116 vars */) = -1 ENOENT (No such file or directory)
9638  execve("/usr/bin/as", ["as", "-EL", "-mabi=lp64", "-o", "/tmp/ccG1YO7n.o", "/home/runner/work/_temp/bootstra"...], 0x16575d50 /* 116 vars */ <unfinished ...>
9637  <... clone resumed>)              = 9638
9638  <... execve resumed>)             = 0
9637  wait4(9638,  <unfinished ...>
9638  exit_group(0)                     = ?
9638  +++ exited with 0 +++
9637  <... wait4 resumed>[{WIFEXITED(s) && WEXITSTATUS(s) == 0}], 0, NULL) = 9638
9637  --- SIGCHLD {si_signo=SIGCHLD, si_code=CLD_EXITED, si_pid=9638, si_uid=1001, si_status=0, si_utime=0, si_stime=0} ---
9637  clone(child_stack=0xffffdc98ce00, flags=CLONE_VM|CLONE_VFORK|SIGCHLD <unfinished ...>
9639  execve("/usr/libexec/gcc/aarch64-linux-gnu/13/collect2", ["/usr/libexec/gcc/aarch64-linux-g"..., "-plugin", "/usr/libexec/gcc/aarch64-linux-g"..., "-plugin-opt=/usr/libexec/gcc/aar"..., "-plugin-opt=-fresolution=/tmp/cc"..., "-plugin-opt=-pass-through=-lgcc", "-plugin-opt=-pass-through=-lgcc_"..., "-plugin-opt=-pass-through=-lc", "-plugin-opt=-pass-through=-lgcc", "-plugin-opt=-pass-through=-lgcc_"..., "--build-id", "--eh-frame-hdr", "--hash-style=gnu", "--as-needed", "-dynamic-linker", "/lib/ld-linux-aarch64.so.1", "-X", "-EL", "-maarch64linux", "--fix-cortex-a53-843419", "-pie", "-z", "now", "-fuse-ld=lld", "-z", "relro", "-o", "/home/runner/work/_temp/bootstra"..., "/usr/lib/gcc/aarch64-linux-gnu/1"..., "/usr/lib/gcc/aarch64-linux-gnu/1"..., "/usr/lib/gcc/aarch64-linux-gnu/1"..., "-L/usr/lib/gcc/aarch64-linux-gnu"..., ...], 0x16576580 /* 118 vars */ <unfinished ...>
9637  <... clone resumed>)              = 9639
9639  <... execve resumed>)             = 0
9637  wait4(9639,  <unfinished ...>
9639  clone(child_stack=0xfffffeb284e0, flags=CLONE_VM|CLONE_VFORK|SIGCHLD <unfinished ...>
9640  execve("/usr/bin/ld.lld", ["/usr/bin/ld.lld", "-plugin", "/usr/libexec/gcc/aarch64-linux-g"..., "-plugin-opt=/usr/libexec/gcc/aar"..., "-plugin-opt=-fresolution=/tmp/cc"..., "-plugin-opt=-pass-through=-lgcc", "-plugin-opt=-pass-through=-lgcc_"..., "-plugin-opt=-pass-through=-lc", "-plugin-opt=-pass-through=-lgcc", "-plugin-opt=-pass-through=-lgcc_"..., "--build-id", "--eh-frame-hdr", "--hash-style=gnu", "--as-needed", "-dynamic-linker", "/lib/ld-linux-aarch64.so.1", "-X", "-EL", "-maarch64linux", "--fix-cortex-a53-843419", "-pie", "-z", "now", "-z", "relro", "-o", "/home/runner/work/_temp/bootstra"..., "/usr/lib/gcc/aarch64-linux-gnu/1"..., "/usr/lib/gcc/aarch64-linux-gnu/1"..., "/usr/lib/gcc/aarch64-linux-gnu/1"..., "-L/usr/lib/gcc/aarch64-linux-gnu"..., "-L/usr/lib/gcc/aarch64-linux-gnu"..., ...], 0xfffffeb28ba0 /* 118 vars */ <unfinished ...>
9639  <... clone resumed>)              = 9640
9640  <... execve resumed>)             = 0
9639  wait4(9640,  <unfinished ...>
9640  clone3({flags=CLONE_VM|CLONE_FS|CLONE_FILES|CLONE_SIGHAND|CLONE_THREAD|CLONE_SYSVSEM|CLONE_SETTLS|CLONE_PARENT_SETTID|CLONE_CHILD_CLEARTID, child_tid=0xff2382fff050, parent_tid=0xff2382fff050, exit_signal=0, stack=0xff237eff0000, stack_size=0x400e840, tls=0xff2382fff6c0} => {parent_tid=[9641]}, 88) = 9641
9641  clone3({flags=CLONE_VM|CLONE_FS|CLONE_FILES|CLONE_SIGHAND|CLONE_THREAD|CLONE_SYSVSEM|CLONE_SETTLS|CLONE_PARENT_SETTID|CLONE_CHILD_CLEARTID, child_tid=0xff2377fff050, parent_tid=0xff2377fff050, exit_signal=0, stack=0xff2373ff0000, stack_size=0x400e840, tls=0xff2377fff6c0} => {parent_tid=[9642]}, 88) = 9642
9641  clone3({flags=CLONE_VM|CLONE_FS|CLONE_FILES|CLONE_SIGHAND|CLONE_THREAD|CLONE_SYSVSEM|CLONE_SETTLS|CLONE_PARENT_SETTID|CLONE_CHILD_CLEARTID, child_tid=0xff2373fef050, parent_tid=0xff2373fef050, exit_signal=0, stack=0xff236ffe0000, stack_size=0x400e840, tls=0xff2373fef6c0} => {parent_tid=[9643]}, 88) = 9643
9641  clone3({flags=CLONE_VM|CLONE_FS|CLONE_FILES|CLONE_SIGHAND|CLONE_THREAD|CLONE_SYSVSEM|CLONE_SETTLS|CLONE_PARENT_SETTID|CLONE_CHILD_CLEARTID, child_tid=0xff2367fff050, parent_tid=0xff2367fff050, exit_signal=0, stack=0xff2363ff0000, stack_size=0x400e840, tls=0xff2367fff6c0} => {parent_tid=[9644]}, 88) = 9644
9644  exit(0)                           = ?
9642  exit(0 <unfinished ...>
9644  +++ exited with 0 +++
9643  exit(0 <unfinished ...>
9642  <... exit resumed>)               = ?
9643  <... exit resumed>)               = ?
9640  exit_group(0 <unfinished ...>
9642  +++ exited with 0 +++
9643  +++ exited with 0 +++
9640  <... exit_group resumed>)         = ?
9641  +++ exited with 0 +++
9640  +++ exited with 0 +++
9639  <... wait4 resumed>[{WIFEXITED(s) && WEXITSTATUS(s) == 0}], 0, NULL) = 9640
9639  --- SIGCHLD {si_signo=SIGCHLD, si_code=CLD_EXITED, si_pid=9640, si_uid=1001, si_status=0, si_utime=0, si_stime=1 /* 0.01 s */} ---
9639  exit_group(0)                     = ?
9639  +++ exited with 0 +++
9637  <... wait4 resumed>[{WIFEXITED(s) && WEXITSTATUS(s) == 0}], 0, NULL) = 9639
9637  --- SIGCHLD {si_signo=SIGCHLD, si_code=CLD_EXITED, si_pid=9639, si_uid=1001, si_status=0, si_utime=0, si_stime=0} ---
9637  exit_group(0)                     = ?
9637  +++ exited with 0 +++
9635  <... wait4 resumed>[{WIFEXITED(s) && WEXITSTATUS(s) == 0}], 0, NULL) = 9637
9635  --- SIGCHLD {si_signo=SIGCHLD, si_code=CLD_EXITED, si_pid=9637, si_uid=1001, si_status=0, si_utime=0, si_stime=0} ---
9635  exit_group(0)                     = ?
9635  +++ exited with 0 +++
