10050 execve("/home/runner/work/_temp/bootstrap-workspace/b4/compiler", ["/home/runner/work/_temp/bootstra"..., "build", "/home/runner/work/type-rb-native"..., "--output", "/home/runner/work/_temp/bootstra"..., "--qbe", "/home/runner/work/_temp/qbe-1.3/"..., "--cc", "/usr/bin/cc", "--target", "linux-arm64-v0"], 0xffffe96de998 /* 111 vars */) = 0
10050 clone(child_stack=NULL, flags=CLONE_CHILD_CLEARTID|CLONE_CHILD_SETTID|SIGCHLD, child_tidptr=0xff2831562f90) = 10051
10050 wait4(10051,  <unfinished ...>
10051 execve("/home/runner/work/_temp/qbe-1.3/qbe", ["/home/runner/work/_temp/qbe-1.3/"..., "-t", "arm64", "-o", "/home/runner/work/_temp/bootstra"..., "/home/runner/work/_temp/bootstra"...], 0xffffea772b18 /* 111 vars */) = 0
10051 exit_group(0)                     = ?
10051 +++ exited with 0 +++
10050 <... wait4 resumed>[{WIFEXITED(s) && WEXITSTATUS(s) == 0}], 0, NULL) = 10051
10050 --- SIGCHLD {si_signo=SIGCHLD, si_code=CLD_EXITED, si_pid=10051, si_uid=1001, si_status=0, si_utime=0, si_stime=0} ---
10050 clone(child_stack=NULL, flags=CLONE_CHILD_CLEARTID|CLONE_CHILD_SETTID|SIGCHLD, child_tidptr=0xff2831562f90) = 10052
10050 wait4(10052,  <unfinished ...>
10052 execve("/usr/bin/cc", ["/usr/bin/cc", "-xassembler", "/home/runner/work/_temp/bootstra"..., "-fuse-ld=lld", "-Wl,--gc-sections,--strip-all", "-lm", "-o", "/home/runner/work/_temp/bootstra"...], 0xffffea772b18 /* 111 vars */) = 0
10052 clone(child_stack=0xfffff8112270, flags=CLONE_VM|CLONE_VFORK|SIGCHLD <unfinished ...>
10053 execve("/home/runner/go/bin/as", ["as", "-EL", "-mabi=lp64", "-o", "/tmp/ccFlneli.o", "/home/runner/work/_temp/bootstra"...], 0x2008d50 /* 116 vars */) = -1 ENOENT (No such file or directory)
10053 execve("/opt/hostedtoolcache/go/1.27.1/arm64/bin/as", ["as", "-EL", "-mabi=lp64", "-o", "/tmp/ccFlneli.o", "/home/runner/work/_temp/bootstra"...], 0x2008d50 /* 116 vars */) = -1 ENOENT (No such file or directory)
10053 execve("/snap/bin/as", ["as", "-EL", "-mabi=lp64", "-o", "/tmp/ccFlneli.o", "/home/runner/work/_temp/bootstra"...], 0x2008d50 /* 116 vars */) = -1 ENOENT (No such file or directory)
10053 execve("/home/runner/.local/bin/as", ["as", "-EL", "-mabi=lp64", "-o", "/tmp/ccFlneli.o", "/home/runner/work/_temp/bootstra"...], 0x2008d50 /* 116 vars */) = -1 ENOENT (No such file or directory)
10053 execve("/opt/pipx_bin/as", ["as", "-EL", "-mabi=lp64", "-o", "/tmp/ccFlneli.o", "/home/runner/work/_temp/bootstra"...], 0x2008d50 /* 116 vars */) = -1 ENOENT (No such file or directory)
10053 execve("/home/runner/.cargo/bin/as", ["as", "-EL", "-mabi=lp64", "-o", "/tmp/ccFlneli.o", "/home/runner/work/_temp/bootstra"...], 0x2008d50 /* 116 vars */) = -1 ENOENT (No such file or directory)
10053 execve("/home/runner/.config/composer/vendor/bin/as", ["as", "-EL", "-mabi=lp64", "-o", "/tmp/ccFlneli.o", "/home/runner/work/_temp/bootstra"...], 0x2008d50 /* 116 vars */) = -1 ENOENT (No such file or directory)
10053 execve("/home/runner/.dotnet/tools/as", ["as", "-EL", "-mabi=lp64", "-o", "/tmp/ccFlneli.o", "/home/runner/work/_temp/bootstra"...], 0x2008d50 /* 116 vars */) = -1 ENOENT (No such file or directory)
10053 execve("/usr/local/sbin/as", ["as", "-EL", "-mabi=lp64", "-o", "/tmp/ccFlneli.o", "/home/runner/work/_temp/bootstra"...], 0x2008d50 /* 116 vars */) = -1 ENOENT (No such file or directory)
10053 execve("/usr/local/bin/as", ["as", "-EL", "-mabi=lp64", "-o", "/tmp/ccFlneli.o", "/home/runner/work/_temp/bootstra"...], 0x2008d50 /* 116 vars */) = -1 ENOENT (No such file or directory)
10053 execve("/usr/sbin/as", ["as", "-EL", "-mabi=lp64", "-o", "/tmp/ccFlneli.o", "/home/runner/work/_temp/bootstra"...], 0x2008d50 /* 116 vars */) = -1 ENOENT (No such file or directory)
10053 execve("/usr/bin/as", ["as", "-EL", "-mabi=lp64", "-o", "/tmp/ccFlneli.o", "/home/runner/work/_temp/bootstra"...], 0x2008d50 /* 116 vars */ <unfinished ...>
10052 <... clone resumed>)              = 10053
10053 <... execve resumed>)             = 0
10052 wait4(10053,  <unfinished ...>
10053 exit_group(0)                     = ?
10053 +++ exited with 0 +++
10052 <... wait4 resumed>[{WIFEXITED(s) && WEXITSTATUS(s) == 0}], 0, NULL) = 10053
10052 --- SIGCHLD {si_signo=SIGCHLD, si_code=CLD_EXITED, si_pid=10053, si_uid=1001, si_status=0, si_utime=0, si_stime=0} ---
10052 clone(child_stack=0xfffff81113b0, flags=CLONE_VM|CLONE_VFORK|SIGCHLD <unfinished ...>
10054 execve("/usr/libexec/gcc/aarch64-linux-gnu/13/collect2", ["/usr/libexec/gcc/aarch64-linux-g"..., "-plugin", "/usr/libexec/gcc/aarch64-linux-g"..., "-plugin-opt=/usr/libexec/gcc/aar"..., "-plugin-opt=-fresolution=/tmp/cc"..., "-plugin-opt=-pass-through=-lgcc", "-plugin-opt=-pass-through=-lgcc_"..., "-plugin-opt=-pass-through=-lc", "-plugin-opt=-pass-through=-lgcc", "-plugin-opt=-pass-through=-lgcc_"..., "--build-id", "--eh-frame-hdr", "--hash-style=gnu", "--as-needed", "-dynamic-linker", "/lib/ld-linux-aarch64.so.1", "-X", "-EL", "-maarch64linux", "--fix-cortex-a53-843419", "-pie", "-z", "now", "-fuse-ld=lld", "-z", "relro", "-o", "/home/runner/work/_temp/bootstra"..., "/usr/lib/gcc/aarch64-linux-gnu/1"..., "/usr/lib/gcc/aarch64-linux-gnu/1"..., "/usr/lib/gcc/aarch64-linux-gnu/1"..., "-L/usr/lib/gcc/aarch64-linux-gnu"..., ...], 0x2009580 /* 118 vars */ <unfinished ...>
10052 <... clone resumed>)              = 10054
10054 <... execve resumed>)             = 0
10052 wait4(10054,  <unfinished ...>
10054 clone(child_stack=0xffffd140cb50, flags=CLONE_VM|CLONE_VFORK|SIGCHLD <unfinished ...>
10055 execve("/usr/bin/ld.lld", ["/usr/bin/ld.lld", "-plugin", "/usr/libexec/gcc/aarch64-linux-g"..., "-plugin-opt=/usr/libexec/gcc/aar"..., "-plugin-opt=-fresolution=/tmp/cc"..., "-plugin-opt=-pass-through=-lgcc", "-plugin-opt=-pass-through=-lgcc_"..., "-plugin-opt=-pass-through=-lc", "-plugin-opt=-pass-through=-lgcc", "-plugin-opt=-pass-through=-lgcc_"..., "--build-id", "--eh-frame-hdr", "--hash-style=gnu", "--as-needed", "-dynamic-linker", "/lib/ld-linux-aarch64.so.1", "-X", "-EL", "-maarch64linux", "--fix-cortex-a53-843419", "-pie", "-z", "now", "-z", "relro", "-o", "/home/runner/work/_temp/bootstra"..., "/usr/lib/gcc/aarch64-linux-gnu/1"..., "/usr/lib/gcc/aarch64-linux-gnu/1"..., "/usr/lib/gcc/aarch64-linux-gnu/1"..., "-L/usr/lib/gcc/aarch64-linux-gnu"..., "-L/usr/lib/gcc/aarch64-linux-gnu"..., ...], 0xffffd140d210 /* 118 vars */ <unfinished ...>
10054 <... clone resumed>)              = 10055
10055 <... execve resumed>)             = 0
10054 wait4(10055,  <unfinished ...>
10055 clone3({flags=CLONE_VM|CLONE_FS|CLONE_FILES|CLONE_SIGHAND|CLONE_THREAD|CLONE_SYSVSEM|CLONE_SETTLS|CLONE_PARENT_SETTID|CLONE_CHILD_CLEARTID, child_tid=0xffb6585ff050, parent_tid=0xffb6585ff050, exit_signal=0, stack=0xffb6545f0000, stack_size=0x400e840, tls=0xffb6585ff6c0} => {parent_tid=[10056]}, 88) = 10056
10056 clone3({flags=CLONE_VM|CLONE_FS|CLONE_FILES|CLONE_SIGHAND|CLONE_THREAD|CLONE_SYSVSEM|CLONE_SETTLS|CLONE_PARENT_SETTID|CLONE_CHILD_CLEARTID, child_tid=0xffb64ffff050, parent_tid=0xffb64ffff050, exit_signal=0, stack=0xffb64bff0000, stack_size=0x400e840, tls=0xffb64ffff6c0} => {parent_tid=[10057]}, 88) = 10057
10056 clone3({flags=CLONE_VM|CLONE_FS|CLONE_FILES|CLONE_SIGHAND|CLONE_THREAD|CLONE_SYSVSEM|CLONE_SETTLS|CLONE_PARENT_SETTID|CLONE_CHILD_CLEARTID, child_tid=0xffb64bfef050, parent_tid=0xffb64bfef050, exit_signal=0, stack=0xffb647fe0000, stack_size=0x400e840, tls=0xffb64bfef6c0} => {parent_tid=[10058]}, 88) = 10058
10056 clone3({flags=CLONE_VM|CLONE_FS|CLONE_FILES|CLONE_SIGHAND|CLONE_THREAD|CLONE_SYSVSEM|CLONE_SETTLS|CLONE_PARENT_SETTID|CLONE_CHILD_CLEARTID, child_tid=0xffb63ffff050, parent_tid=0xffb63ffff050, exit_signal=0, stack=0xffb63bff0000, stack_size=0x400e840, tls=0xffb63ffff6c0} => {parent_tid=[10059]}, 88) = 10059
10055 exit_group(0 <unfinished ...>
10059 exit(0 <unfinished ...>
10058 ???( <unfinished ...>
10057 ???( <unfinished ...>
10055 <... exit_group resumed>)         = ?
10059 <... exit resumed>)               = ?
10056 +++ exited with 0 +++
10058 +++ exited with 0 +++
10059 +++ exited with 0 +++
10057 +++ exited with 0 +++
10055 +++ exited with 0 +++
10054 <... wait4 resumed>[{WIFEXITED(s) && WEXITSTATUS(s) == 0}], 0, NULL) = 10055
10054 --- SIGCHLD {si_signo=SIGCHLD, si_code=CLD_EXITED, si_pid=10055, si_uid=1001, si_status=0, si_utime=0, si_stime=1 /* 0.01 s */} ---
10054 exit_group(0)                     = ?
10054 +++ exited with 0 +++
10052 <... wait4 resumed>[{WIFEXITED(s) && WEXITSTATUS(s) == 0}], 0, NULL) = 10054
10052 --- SIGCHLD {si_signo=SIGCHLD, si_code=CLD_EXITED, si_pid=10054, si_uid=1001, si_status=0, si_utime=0, si_stime=0} ---
10052 exit_group(0)                     = ?
10052 +++ exited with 0 +++
10050 <... wait4 resumed>[{WIFEXITED(s) && WEXITSTATUS(s) == 0}], 0, NULL) = 10052
10050 --- SIGCHLD {si_signo=SIGCHLD, si_code=CLD_EXITED, si_pid=10052, si_uid=1001, si_status=0, si_utime=0, si_stime=0} ---
10050 exit_group(0)                     = ?
10050 +++ exited with 0 +++
