8948  execve("/home/runner/work/_temp/candidate-compiler", ["/home/runner/work/_temp/candidat"..., "build", "/home/runner/work/type-rb-native"..., "--output", "/home/runner/work/_temp/build-wo"..., "--qbe", "/home/runner/work/_temp/qbe-1.3/"..., "--cc", "/usr/bin/cc", "--target", "linux-arm64-v0"], 0xffffdcb1daa8 /* 115 vars */) = 0
8948  clone(child_stack=NULL, flags=CLONE_CHILD_CLEARTID|CLONE_CHILD_SETTID|SIGCHLD, child_tidptr=0xff45a9103f90) = 8949
8948  wait4(8949,  <unfinished ...>
8949  execve("/home/runner/work/_temp/qbe-1.3/qbe", ["/home/runner/work/_temp/qbe-1.3/"..., "-t", "arm64", "-o", "/home/runner/work/_temp/build-wo"..., "/home/runner/work/_temp/build-wo"...], 0xffffdb53b628 /* 115 vars */) = 0
8949  exit_group(0)                     = ?
8949  +++ exited with 0 +++
8948  <... wait4 resumed>[{WIFEXITED(s) && WEXITSTATUS(s) == 0}], 0, NULL) = 8949
8948  --- SIGCHLD {si_signo=SIGCHLD, si_code=CLD_EXITED, si_pid=8949, si_uid=1001, si_status=0, si_utime=1 /* 0.01 s */, si_stime=0} ---
8948  clone(child_stack=NULL, flags=CLONE_CHILD_CLEARTID|CLONE_CHILD_SETTID|SIGCHLD, child_tidptr=0xff45a9103f90) = 8950
8948  wait4(8950,  <unfinished ...>
8950  execve("/usr/bin/cc", ["/usr/bin/cc", "-xassembler", "/home/runner/work/_temp/build-wo"..., "-fuse-ld=lld", "-Wl,--gc-sections,--strip-all", "-lm", "-o", "/home/runner/work/_temp/build-wo"...], 0xffffdb53b628 /* 115 vars */) = 0
8950  clone(child_stack=0xffffe43ec760, flags=CLONE_VM|CLONE_VFORK|SIGCHLD <unfinished ...>
8951  execve("/home/runner/go/bin/as", ["as", "-EL", "-mabi=lp64", "-o", "/tmp/ccsaFO1S.o", "/home/runner/work/_temp/build-wo"...], 0x67b8d80 /* 120 vars */) = -1 ENOENT (No such file or directory)
8951  execve("/opt/hostedtoolcache/go/1.27.0/arm64/bin/as", ["as", "-EL", "-mabi=lp64", "-o", "/tmp/ccsaFO1S.o", "/home/runner/work/_temp/build-wo"...], 0x67b8d80 /* 120 vars */) = -1 ENOENT (No such file or directory)
8951  execve("/snap/bin/as", ["as", "-EL", "-mabi=lp64", "-o", "/tmp/ccsaFO1S.o", "/home/runner/work/_temp/build-wo"...], 0x67b8d80 /* 120 vars */) = -1 ENOENT (No such file or directory)
8951  execve("/home/runner/.local/bin/as", ["as", "-EL", "-mabi=lp64", "-o", "/tmp/ccsaFO1S.o", "/home/runner/work/_temp/build-wo"...], 0x67b8d80 /* 120 vars */) = -1 ENOENT (No such file or directory)
8951  execve("/opt/pipx_bin/as", ["as", "-EL", "-mabi=lp64", "-o", "/tmp/ccsaFO1S.o", "/home/runner/work/_temp/build-wo"...], 0x67b8d80 /* 120 vars */) = -1 ENOENT (No such file or directory)
8951  execve("/home/runner/.cargo/bin/as", ["as", "-EL", "-mabi=lp64", "-o", "/tmp/ccsaFO1S.o", "/home/runner/work/_temp/build-wo"...], 0x67b8d80 /* 120 vars */) = -1 ENOENT (No such file or directory)
8951  execve("/home/runner/.config/composer/vendor/bin/as", ["as", "-EL", "-mabi=lp64", "-o", "/tmp/ccsaFO1S.o", "/home/runner/work/_temp/build-wo"...], 0x67b8d80 /* 120 vars */) = -1 ENOENT (No such file or directory)
8951  execve("/home/runner/.dotnet/tools/as", ["as", "-EL", "-mabi=lp64", "-o", "/tmp/ccsaFO1S.o", "/home/runner/work/_temp/build-wo"...], 0x67b8d80 /* 120 vars */) = -1 ENOENT (No such file or directory)
8951  execve("/usr/local/sbin/as", ["as", "-EL", "-mabi=lp64", "-o", "/tmp/ccsaFO1S.o", "/home/runner/work/_temp/build-wo"...], 0x67b8d80 /* 120 vars */) = -1 ENOENT (No such file or directory)
8951  execve("/usr/local/bin/as", ["as", "-EL", "-mabi=lp64", "-o", "/tmp/ccsaFO1S.o", "/home/runner/work/_temp/build-wo"...], 0x67b8d80 /* 120 vars */) = -1 ENOENT (No such file or directory)
8951  execve("/usr/sbin/as", ["as", "-EL", "-mabi=lp64", "-o", "/tmp/ccsaFO1S.o", "/home/runner/work/_temp/build-wo"...], 0x67b8d80 /* 120 vars */) = -1 ENOENT (No such file or directory)
8951  execve("/usr/bin/as", ["as", "-EL", "-mabi=lp64", "-o", "/tmp/ccsaFO1S.o", "/home/runner/work/_temp/build-wo"...], 0x67b8d80 /* 120 vars */ <unfinished ...>
8950  <... clone resumed>)              = 8951
8950  wait4(8951,  <unfinished ...>
8951  <... execve resumed>)             = 0
8951  exit_group(0)                     = ?
8951  +++ exited with 0 +++
8950  <... wait4 resumed>[{WIFEXITED(s) && WEXITSTATUS(s) == 0}], 0, NULL) = 8951
8950  --- SIGCHLD {si_signo=SIGCHLD, si_code=CLD_EXITED, si_pid=8951, si_uid=1001, si_status=0, si_utime=0, si_stime=0} ---
8950  clone(child_stack=0xffffe43eb8a0, flags=CLONE_VM|CLONE_VFORK|SIGCHLD <unfinished ...>
8952  execve("/usr/libexec/gcc/aarch64-linux-gnu/13/collect2", ["/usr/libexec/gcc/aarch64-linux-g"..., "-plugin", "/usr/libexec/gcc/aarch64-linux-g"..., "-plugin-opt=/usr/libexec/gcc/aar"..., "-plugin-opt=-fresolution=/tmp/cc"..., "-plugin-opt=-pass-through=-lgcc", "-plugin-opt=-pass-through=-lgcc_"..., "-plugin-opt=-pass-through=-lc", "-plugin-opt=-pass-through=-lgcc", "-plugin-opt=-pass-through=-lgcc_"..., "--build-id", "--eh-frame-hdr", "--hash-style=gnu", "--as-needed", "-dynamic-linker", "/lib/ld-linux-aarch64.so.1", "-X", "-EL", "-maarch64linux", "--fix-cortex-a53-843419", "-pie", "-z", "now", "-fuse-ld=lld", "-z", "relro", "-o", "/home/runner/work/_temp/build-wo"..., "/usr/lib/gcc/aarch64-linux-gnu/1"..., "/usr/lib/gcc/aarch64-linux-gnu/1"..., "/usr/lib/gcc/aarch64-linux-gnu/1"..., "-L/usr/lib/gcc/aarch64-linux-gnu"..., ...], 0x67b95d0 /* 122 vars */ <unfinished ...>
8950  <... clone resumed>)              = 8952
8950  wait4(8952,  <unfinished ...>
8952  <... execve resumed>)             = 0
8952  clone(child_stack=0xffffefda9570, flags=CLONE_VM|CLONE_VFORK|SIGCHLD <unfinished ...>
8953  execve("/usr/bin/ld.lld", ["/usr/bin/ld.lld", "-plugin", "/usr/libexec/gcc/aarch64-linux-g"..., "-plugin-opt=/usr/libexec/gcc/aar"..., "-plugin-opt=-fresolution=/tmp/cc"..., "-plugin-opt=-pass-through=-lgcc", "-plugin-opt=-pass-through=-lgcc_"..., "-plugin-opt=-pass-through=-lc", "-plugin-opt=-pass-through=-lgcc", "-plugin-opt=-pass-through=-lgcc_"..., "--build-id", "--eh-frame-hdr", "--hash-style=gnu", "--as-needed", "-dynamic-linker", "/lib/ld-linux-aarch64.so.1", "-X", "-EL", "-maarch64linux", "--fix-cortex-a53-843419", "-pie", "-z", "now", "-z", "relro", "-o", "/home/runner/work/_temp/build-wo"..., "/usr/lib/gcc/aarch64-linux-gnu/1"..., "/usr/lib/gcc/aarch64-linux-gnu/1"..., "/usr/lib/gcc/aarch64-linux-gnu/1"..., "-L/usr/lib/gcc/aarch64-linux-gnu"..., "-L/usr/lib/gcc/aarch64-linux-gnu"..., ...], 0xffffefda9c30 /* 122 vars */ <unfinished ...>
8952  <... clone resumed>)              = 8953
8952  wait4(8953,  <unfinished ...>
8953  <... execve resumed>)             = 0
8953  clone3({flags=CLONE_VM|CLONE_FS|CLONE_FILES|CLONE_SIGHAND|CLONE_THREAD|CLONE_SYSVSEM|CLONE_SETTLS|CLONE_PARENT_SETTID|CLONE_CHILD_CLEARTID, child_tid=0xff17ba1ff050, parent_tid=0xff17ba1ff050, exit_signal=0, stack=0xff17b61f0000, stack_size=0x400e840, tls=0xff17ba1ff6c0} => {parent_tid=[8954]}, 88) = 8954
8954  clone3({flags=CLONE_VM|CLONE_FS|CLONE_FILES|CLONE_SIGHAND|CLONE_THREAD|CLONE_SYSVSEM|CLONE_SETTLS|CLONE_PARENT_SETTID|CLONE_CHILD_CLEARTID, child_tid=0xff17affff050, parent_tid=0xff17affff050, exit_signal=0, stack=0xff17abff0000, stack_size=0x400e840, tls=0xff17affff6c0} => {parent_tid=[8955]}, 88) = 8955
8954  clone3({flags=CLONE_VM|CLONE_FS|CLONE_FILES|CLONE_SIGHAND|CLONE_THREAD|CLONE_SYSVSEM|CLONE_SETTLS|CLONE_PARENT_SETTID|CLONE_CHILD_CLEARTID, child_tid=0xff17abfef050, parent_tid=0xff17abfef050, exit_signal=0, stack=0xff17a7fe0000, stack_size=0x400e840, tls=0xff17abfef6c0} => {parent_tid=[8956]}, 88) = 8956
8954  clone3({flags=CLONE_VM|CLONE_FS|CLONE_FILES|CLONE_SIGHAND|CLONE_THREAD|CLONE_SYSVSEM|CLONE_SETTLS|CLONE_PARENT_SETTID|CLONE_CHILD_CLEARTID, child_tid=0xff179ffff050, parent_tid=0xff179ffff050, exit_signal=0, stack=0xff179bff0000, stack_size=0x400e840, tls=0xff179ffff6c0} => {parent_tid=[8957]}, 88) = 8957
8957  exit(0 <unfinished ...>
8956  exit(0 <unfinished ...>
8955  exit(0 <unfinished ...>
8957  <... exit resumed>)               = ?
8956  <... exit resumed>)               = ?
8953  exit_group(0 <unfinished ...>
8955  <... exit resumed>)               = ?
8957  +++ exited with 0 +++
8956  +++ exited with 0 +++
8955  +++ exited with 0 +++
8953  <... exit_group resumed>)         = ?
8954  +++ exited with 0 +++
8953  +++ exited with 0 +++
8952  <... wait4 resumed>[{WIFEXITED(s) && WEXITSTATUS(s) == 0}], 0, NULL) = 8953
8952  --- SIGCHLD {si_signo=SIGCHLD, si_code=CLD_EXITED, si_pid=8953, si_uid=1001, si_status=0, si_utime=0, si_stime=2 /* 0.02 s */} ---
8952  exit_group(0)                     = ?
8952  +++ exited with 0 +++
8950  <... wait4 resumed>[{WIFEXITED(s) && WEXITSTATUS(s) == 0}], 0, NULL) = 8952
8950  --- SIGCHLD {si_signo=SIGCHLD, si_code=CLD_EXITED, si_pid=8952, si_uid=1001, si_status=0, si_utime=0, si_stime=0} ---
8950  exit_group(0)                     = ?
8950  +++ exited with 0 +++
8948  <... wait4 resumed>[{WIFEXITED(s) && WEXITSTATUS(s) == 0}], 0, NULL) = 8950
8948  --- SIGCHLD {si_signo=SIGCHLD, si_code=CLD_EXITED, si_pid=8950, si_uid=1001, si_status=0, si_utime=0, si_stime=0} ---
8948  exit_group(0)                     = ?
8948  +++ exited with 0 +++
