10571 execve("/home/runner/work/_temp/bootstrap-workspace/b4/compiler", ["/home/runner/work/_temp/bootstra"..., "build", "/home/runner/work/type-rb-native"..., "--output", "/home/runner/work/_temp/bootstra"..., "--qbe", "/home/runner/work/_temp/qbe-1.3/"..., "--cc", "/usr/bin/cc", "--target", "linux-arm64-v0"], 0xffffee8e9bb8 /* 111 vars */) = 0
10571 clone(child_stack=NULL, flags=CLONE_CHILD_CLEARTID|CLONE_CHILD_SETTID|SIGCHLD, child_tidptr=0xff5569d22f90) = 10572
10571 wait4(10572,  <unfinished ...>
10572 execve("/home/runner/work/_temp/qbe-1.3/qbe", ["/home/runner/work/_temp/qbe-1.3/"..., "-t", "arm64", "-o", "/home/runner/work/_temp/bootstra"..., "/home/runner/work/_temp/bootstra"...], 0xffffcbf89348 /* 111 vars */) = 0
10572 exit_group(0)                     = ?
10572 +++ exited with 0 +++
10571 <... wait4 resumed>[{WIFEXITED(s) && WEXITSTATUS(s) == 0}], 0, NULL) = 10572
10571 --- SIGCHLD {si_signo=SIGCHLD, si_code=CLD_EXITED, si_pid=10572, si_uid=1001, si_status=0, si_utime=0, si_stime=0} ---
10571 clone(child_stack=NULL, flags=CLONE_CHILD_CLEARTID|CLONE_CHILD_SETTID|SIGCHLD, child_tidptr=0xff5569d22f90) = 10573
10571 wait4(10573,  <unfinished ...>
10573 execve("/usr/bin/cc", ["/usr/bin/cc", "-xassembler", "/home/runner/work/_temp/bootstra"..., "-fuse-ld=lld", "-Wl,--gc-sections,--strip-all,--"..., "-lm", "-o", "/home/runner/work/_temp/bootstra"...], 0xffffcbf89348 /* 111 vars */) = 0
10573 clone(child_stack=0xfffff2c5b370, flags=CLONE_VM|CLONE_VFORK|SIGCHLD <unfinished ...>
10574 execve("/home/runner/go/bin/as", ["as", "-EL", "-mabi=lp64", "-o", "/tmp/ccZwocq2.o", "/home/runner/work/_temp/bootstra"...], 0x14bdad70 /* 116 vars */) = -1 ENOENT (No such file or directory)
10574 execve("/opt/hostedtoolcache/go/1.27.1/arm64/bin/as", ["as", "-EL", "-mabi=lp64", "-o", "/tmp/ccZwocq2.o", "/home/runner/work/_temp/bootstra"...], 0x14bdad70 /* 116 vars */) = -1 ENOENT (No such file or directory)
10574 execve("/snap/bin/as", ["as", "-EL", "-mabi=lp64", "-o", "/tmp/ccZwocq2.o", "/home/runner/work/_temp/bootstra"...], 0x14bdad70 /* 116 vars */) = -1 ENOENT (No such file or directory)
10574 execve("/home/runner/.local/bin/as", ["as", "-EL", "-mabi=lp64", "-o", "/tmp/ccZwocq2.o", "/home/runner/work/_temp/bootstra"...], 0x14bdad70 /* 116 vars */) = -1 ENOENT (No such file or directory)
10574 execve("/opt/pipx_bin/as", ["as", "-EL", "-mabi=lp64", "-o", "/tmp/ccZwocq2.o", "/home/runner/work/_temp/bootstra"...], 0x14bdad70 /* 116 vars */) = -1 ENOENT (No such file or directory)
10574 execve("/home/runner/.cargo/bin/as", ["as", "-EL", "-mabi=lp64", "-o", "/tmp/ccZwocq2.o", "/home/runner/work/_temp/bootstra"...], 0x14bdad70 /* 116 vars */) = -1 ENOENT (No such file or directory)
10574 execve("/home/runner/.config/composer/vendor/bin/as", ["as", "-EL", "-mabi=lp64", "-o", "/tmp/ccZwocq2.o", "/home/runner/work/_temp/bootstra"...], 0x14bdad70 /* 116 vars */) = -1 ENOENT (No such file or directory)
10574 execve("/home/runner/.dotnet/tools/as", ["as", "-EL", "-mabi=lp64", "-o", "/tmp/ccZwocq2.o", "/home/runner/work/_temp/bootstra"...], 0x14bdad70 /* 116 vars */) = -1 ENOENT (No such file or directory)
10574 execve("/usr/local/sbin/as", ["as", "-EL", "-mabi=lp64", "-o", "/tmp/ccZwocq2.o", "/home/runner/work/_temp/bootstra"...], 0x14bdad70 /* 116 vars */) = -1 ENOENT (No such file or directory)
10574 execve("/usr/local/bin/as", ["as", "-EL", "-mabi=lp64", "-o", "/tmp/ccZwocq2.o", "/home/runner/work/_temp/bootstra"...], 0x14bdad70 /* 116 vars */) = -1 ENOENT (No such file or directory)
10574 execve("/usr/sbin/as", ["as", "-EL", "-mabi=lp64", "-o", "/tmp/ccZwocq2.o", "/home/runner/work/_temp/bootstra"...], 0x14bdad70 /* 116 vars */) = -1 ENOENT (No such file or directory)
10574 execve("/usr/bin/as", ["as", "-EL", "-mabi=lp64", "-o", "/tmp/ccZwocq2.o", "/home/runner/work/_temp/bootstra"...], 0x14bdad70 /* 116 vars */ <unfinished ...>
10573 <... clone resumed>)              = 10574
10574 <... execve resumed>)             = 0
10573 wait4(10574,  <unfinished ...>
10574 exit_group(0)                     = ?
10574 +++ exited with 0 +++
10573 <... wait4 resumed>[{WIFEXITED(s) && WEXITSTATUS(s) == 0}], 0, NULL) = 10574
10573 --- SIGCHLD {si_signo=SIGCHLD, si_code=CLD_EXITED, si_pid=10574, si_uid=1001, si_status=0, si_utime=0, si_stime=0} ---
10573 clone(child_stack=0xfffff2c5a4b0, flags=CLONE_VM|CLONE_VFORK|SIGCHLD <unfinished ...>
10575 execve("/usr/libexec/gcc/aarch64-linux-gnu/13/collect2", ["/usr/libexec/gcc/aarch64-linux-g"..., "-plugin", "/usr/libexec/gcc/aarch64-linux-g"..., "-plugin-opt=/usr/libexec/gcc/aar"..., "-plugin-opt=-fresolution=/tmp/cc"..., "-plugin-opt=-pass-through=-lgcc", "-plugin-opt=-pass-through=-lgcc_"..., "-plugin-opt=-pass-through=-lc", "-plugin-opt=-pass-through=-lgcc", "-plugin-opt=-pass-through=-lgcc_"..., "--build-id", "--eh-frame-hdr", "--hash-style=gnu", "--as-needed", "-dynamic-linker", "/lib/ld-linux-aarch64.so.1", "-X", "-EL", "-maarch64linux", "--fix-cortex-a53-843419", "-pie", "-z", "now", "-fuse-ld=lld", "-z", "relro", "-o", "/home/runner/work/_temp/bootstra"..., "/usr/lib/gcc/aarch64-linux-gnu/1"..., "/usr/lib/gcc/aarch64-linux-gnu/1"..., "/usr/lib/gcc/aarch64-linux-gnu/1"..., "-L/usr/lib/gcc/aarch64-linux-gnu"..., ...], 0x14bdb5a0 /* 118 vars */ <unfinished ...>
10573 <... clone resumed>)              = 10575
10575 <... execve resumed>)             = 0
10573 wait4(10575,  <unfinished ...>
10575 clone(child_stack=0xfffff07b0810, flags=CLONE_VM|CLONE_VFORK|SIGCHLD <unfinished ...>
10576 execve("/usr/bin/ld.lld", ["/usr/bin/ld.lld", "-plugin", "/usr/libexec/gcc/aarch64-linux-g"..., "-plugin-opt=/usr/libexec/gcc/aar"..., "-plugin-opt=-fresolution=/tmp/cc"..., "-plugin-opt=-pass-through=-lgcc", "-plugin-opt=-pass-through=-lgcc_"..., "-plugin-opt=-pass-through=-lc", "-plugin-opt=-pass-through=-lgcc", "-plugin-opt=-pass-through=-lgcc_"..., "--build-id", "--eh-frame-hdr", "--hash-style=gnu", "--as-needed", "-dynamic-linker", "/lib/ld-linux-aarch64.so.1", "-X", "-EL", "-maarch64linux", "--fix-cortex-a53-843419", "-pie", "-z", "now", "-z", "relro", "-o", "/home/runner/work/_temp/bootstra"..., "/usr/lib/gcc/aarch64-linux-gnu/1"..., "/usr/lib/gcc/aarch64-linux-gnu/1"..., "/usr/lib/gcc/aarch64-linux-gnu/1"..., "-L/usr/lib/gcc/aarch64-linux-gnu"..., "-L/usr/lib/gcc/aarch64-linux-gnu"..., ...], 0xfffff07b0ed8 /* 118 vars */ <unfinished ...>
10575 <... clone resumed>)              = 10576
10576 <... execve resumed>)             = 0
10575 wait4(10576,  <unfinished ...>
10576 clone3({flags=CLONE_VM|CLONE_FS|CLONE_FILES|CLONE_SIGHAND|CLONE_THREAD|CLONE_SYSVSEM|CLONE_SETTLS|CLONE_PARENT_SETTID|CLONE_CHILD_CLEARTID, child_tid=0xff2c9b1ff050, parent_tid=0xff2c9b1ff050, exit_signal=0, stack=0xff2c971f0000, stack_size=0x400e840, tls=0xff2c9b1ff6c0} => {parent_tid=[10577]}, 88) = 10577
10577 clone3({flags=CLONE_VM|CLONE_FS|CLONE_FILES|CLONE_SIGHAND|CLONE_THREAD|CLONE_SYSVSEM|CLONE_SETTLS|CLONE_PARENT_SETTID|CLONE_CHILD_CLEARTID, child_tid=0xff2c8ffff050, parent_tid=0xff2c8ffff050, exit_signal=0, stack=0xff2c8bff0000, stack_size=0x400e840, tls=0xff2c8ffff6c0} => {parent_tid=[10578]}, 88) = 10578
10577 clone3({flags=CLONE_VM|CLONE_FS|CLONE_FILES|CLONE_SIGHAND|CLONE_THREAD|CLONE_SYSVSEM|CLONE_SETTLS|CLONE_PARENT_SETTID|CLONE_CHILD_CLEARTID, child_tid=0xff2c8bfef050, parent_tid=0xff2c8bfef050, exit_signal=0, stack=0xff2c87fe0000, stack_size=0x400e840, tls=0xff2c8bfef6c0} => {parent_tid=[10579]}, 88) = 10579
10577 clone3({flags=CLONE_VM|CLONE_FS|CLONE_FILES|CLONE_SIGHAND|CLONE_THREAD|CLONE_SYSVSEM|CLONE_SETTLS|CLONE_PARENT_SETTID|CLONE_CHILD_CLEARTID, child_tid=0xff2c7ffff050, parent_tid=0xff2c7ffff050, exit_signal=0, stack=0xff2c7bff0000, stack_size=0x400e840, tls=0xff2c7ffff6c0} => {parent_tid=[10580]}, 88) = 10580
10580 exit(0)                           = ?
10580 +++ exited with 0 +++
10579 exit(0)                           = ?
10577 exit(0 <unfinished ...>
10576 exit_group(0 <unfinished ...>
10579 +++ exited with 0 +++
10577 <... exit resumed>)               = ?
10576 <... exit_group resumed>)         = ?
10577 +++ exited with 0 +++
10578 +++ exited with 0 +++
10576 +++ exited with 0 +++
10575 <... wait4 resumed>[{WIFEXITED(s) && WEXITSTATUS(s) == 0}], 0, NULL) = 10576
10575 --- SIGCHLD {si_signo=SIGCHLD, si_code=CLD_EXITED, si_pid=10576, si_uid=1001, si_status=0, si_utime=0, si_stime=1 /* 0.01 s */} ---
10575 exit_group(0)                     = ?
10575 +++ exited with 0 +++
10573 <... wait4 resumed>[{WIFEXITED(s) && WEXITSTATUS(s) == 0}], 0, NULL) = 10575
10573 --- SIGCHLD {si_signo=SIGCHLD, si_code=CLD_EXITED, si_pid=10575, si_uid=1001, si_status=0, si_utime=0, si_stime=0} ---
10573 exit_group(0)                     = ?
10573 +++ exited with 0 +++
10571 <... wait4 resumed>[{WIFEXITED(s) && WEXITSTATUS(s) == 0}], 0, NULL) = 10573
10571 --- SIGCHLD {si_signo=SIGCHLD, si_code=CLD_EXITED, si_pid=10573, si_uid=1001, si_status=0, si_utime=0, si_stime=0} ---
10571 exit_group(0)                     = ?
10571 +++ exited with 0 +++
