6697  execve("/home/runner/work/_temp/baseline-bootstrap-workspace/b4/compiler", ["/home/runner/work/_temp/baseline"..., "build", "/home/runner/work/_temp/baseline"..., "--output", "/home/runner/work/_temp/baseline"..., "--qbe", "/home/runner/work/_temp/qbe-1.3/"..., "--cc", "/usr/bin/cc", "--target", "linux-arm64-v0"], 0xfffff759e598 /* 112 vars */) = 0
6697  clone(child_stack=NULL, flags=CLONE_CHILD_CLEARTID|CLONE_CHILD_SETTID|SIGCHLD, child_tidptr=0xff7f468c4f90) = 6698
6697  wait4(6698,  <unfinished ...>
6698  execve("/home/runner/work/_temp/qbe-1.3/qbe", ["/home/runner/work/_temp/qbe-1.3/"..., "-t", "arm64", "-o", "/home/runner/work/_temp/baseline"..., "/home/runner/work/_temp/baseline"...], 0xffffdbae4358 /* 112 vars */) = 0
6698  exit_group(0)                     = ?
6698  +++ exited with 0 +++
6697  <... wait4 resumed>[{WIFEXITED(s) && WEXITSTATUS(s) == 0}], 0, NULL) = 6698
6697  --- SIGCHLD {si_signo=SIGCHLD, si_code=CLD_EXITED, si_pid=6698, si_uid=1001, si_status=0, si_utime=0, si_stime=0} ---
6697  clone(child_stack=NULL, flags=CLONE_CHILD_CLEARTID|CLONE_CHILD_SETTID|SIGCHLD, child_tidptr=0xff7f468c4f90) = 6699
6697  wait4(6699,  <unfinished ...>
6699  execve("/usr/bin/cc", ["/usr/bin/cc", "-xassembler", "/home/runner/work/_temp/baseline"..., "-fuse-ld=lld", "-Wl,--gc-sections,--strip-all", "-lm", "-o", "/home/runner/work/_temp/baseline"...], 0xffffdbae4358 /* 112 vars */) = 0
6699  clone(child_stack=0xfffffcaff6b0, flags=CLONE_VM|CLONE_VFORK|SIGCHLD <unfinished ...>
6700  execve("/snap/bin/as", ["as", "-EL", "-mabi=lp64", "-o", "/tmp/ccUjMgUH.o", "/home/runner/work/_temp/baseline"...], 0x1117b2e0 /* 117 vars */) = -1 ENOENT (No such file or directory)
6700  execve("/home/runner/.local/bin/as", ["as", "-EL", "-mabi=lp64", "-o", "/tmp/ccUjMgUH.o", "/home/runner/work/_temp/baseline"...], 0x1117b2e0 /* 117 vars */) = -1 ENOENT (No such file or directory)
6700  execve("/opt/pipx_bin/as", ["as", "-EL", "-mabi=lp64", "-o", "/tmp/ccUjMgUH.o", "/home/runner/work/_temp/baseline"...], 0x1117b2e0 /* 117 vars */) = -1 ENOENT (No such file or directory)
6700  execve("/home/runner/.cargo/bin/as", ["as", "-EL", "-mabi=lp64", "-o", "/tmp/ccUjMgUH.o", "/home/runner/work/_temp/baseline"...], 0x1117b2e0 /* 117 vars */) = -1 ENOENT (No such file or directory)
6700  execve("/home/runner/.config/composer/vendor/bin/as", ["as", "-EL", "-mabi=lp64", "-o", "/tmp/ccUjMgUH.o", "/home/runner/work/_temp/baseline"...], 0x1117b2e0 /* 117 vars */) = -1 ENOENT (No such file or directory)
6700  execve("/home/runner/.dotnet/tools/as", ["as", "-EL", "-mabi=lp64", "-o", "/tmp/ccUjMgUH.o", "/home/runner/work/_temp/baseline"...], 0x1117b2e0 /* 117 vars */) = -1 ENOENT (No such file or directory)
6700  execve("/usr/local/sbin/as", ["as", "-EL", "-mabi=lp64", "-o", "/tmp/ccUjMgUH.o", "/home/runner/work/_temp/baseline"...], 0x1117b2e0 /* 117 vars */) = -1 ENOENT (No such file or directory)
6700  execve("/usr/local/bin/as", ["as", "-EL", "-mabi=lp64", "-o", "/tmp/ccUjMgUH.o", "/home/runner/work/_temp/baseline"...], 0x1117b2e0 /* 117 vars */) = -1 ENOENT (No such file or directory)
6700  execve("/usr/sbin/as", ["as", "-EL", "-mabi=lp64", "-o", "/tmp/ccUjMgUH.o", "/home/runner/work/_temp/baseline"...], 0x1117b2e0 /* 117 vars */) = -1 ENOENT (No such file or directory)
6700  execve("/usr/bin/as", ["as", "-EL", "-mabi=lp64", "-o", "/tmp/ccUjMgUH.o", "/home/runner/work/_temp/baseline"...], 0x1117b2e0 /* 117 vars */ <unfinished ...>
6699  <... clone resumed>)              = 6700
6700  <... execve resumed>)             = 0
6699  wait4(6700,  <unfinished ...>
6700  exit_group(0)                     = ?
6700  +++ exited with 0 +++
6699  <... wait4 resumed>[{WIFEXITED(s) && WEXITSTATUS(s) == 0}], 0, NULL) = 6700
6699  --- SIGCHLD {si_signo=SIGCHLD, si_code=CLD_EXITED, si_pid=6700, si_uid=1001, si_status=0, si_utime=0, si_stime=0} ---
6699  clone(child_stack=0xfffffcafe7f0, flags=CLONE_VM|CLONE_VFORK|SIGCHLD <unfinished ...>
6701  execve("/usr/libexec/gcc/aarch64-linux-gnu/13/collect2", ["/usr/libexec/gcc/aarch64-linux-g"..., "-plugin", "/usr/libexec/gcc/aarch64-linux-g"..., "-plugin-opt=/usr/libexec/gcc/aar"..., "-plugin-opt=-fresolution=/tmp/cc"..., "-plugin-opt=-pass-through=-lgcc", "-plugin-opt=-pass-through=-lgcc_"..., "-plugin-opt=-pass-through=-lc", "-plugin-opt=-pass-through=-lgcc", "-plugin-opt=-pass-through=-lgcc_"..., "--build-id", "--eh-frame-hdr", "--hash-style=gnu", "--as-needed", "-dynamic-linker", "/lib/ld-linux-aarch64.so.1", "-X", "-EL", "-maarch64linux", "--fix-cortex-a53-843419", "-pie", "-z", "now", "-fuse-ld=lld", "-z", "relro", "-o", "/home/runner/work/_temp/baseline"..., "/usr/lib/gcc/aarch64-linux-gnu/1"..., "/usr/lib/gcc/aarch64-linux-gnu/1"..., "/usr/lib/gcc/aarch64-linux-gnu/1"..., "-L/usr/lib/gcc/aarch64-linux-gnu"..., ...], 0x1117b990 /* 119 vars */ <unfinished ...>
6699  <... clone resumed>)              = 6701
6701  <... execve resumed>)             = 0
6699  wait4(6701,  <unfinished ...>
6701  clone(child_stack=0xffffda7fb270, flags=CLONE_VM|CLONE_VFORK|SIGCHLD <unfinished ...>
6702  execve("/usr/bin/ld.lld", ["/usr/bin/ld.lld", "-plugin", "/usr/libexec/gcc/aarch64-linux-g"..., "-plugin-opt=/usr/libexec/gcc/aar"..., "-plugin-opt=-fresolution=/tmp/cc"..., "-plugin-opt=-pass-through=-lgcc", "-plugin-opt=-pass-through=-lgcc_"..., "-plugin-opt=-pass-through=-lc", "-plugin-opt=-pass-through=-lgcc", "-plugin-opt=-pass-through=-lgcc_"..., "--build-id", "--eh-frame-hdr", "--hash-style=gnu", "--as-needed", "-dynamic-linker", "/lib/ld-linux-aarch64.so.1", "-X", "-EL", "-maarch64linux", "--fix-cortex-a53-843419", "-pie", "-z", "now", "-z", "relro", "-o", "/home/runner/work/_temp/baseline"..., "/usr/lib/gcc/aarch64-linux-gnu/1"..., "/usr/lib/gcc/aarch64-linux-gnu/1"..., "/usr/lib/gcc/aarch64-linux-gnu/1"..., "-L/usr/lib/gcc/aarch64-linux-gnu"..., "-L/usr/lib/gcc/aarch64-linux-gnu"..., ...], 0xffffda7fb930 /* 119 vars */ <unfinished ...>
6701  <... clone resumed>)              = 6702
6702  <... execve resumed>)             = 0
6701  wait4(6702,  <unfinished ...>
6702  clone3({flags=CLONE_VM|CLONE_FS|CLONE_FILES|CLONE_SIGHAND|CLONE_THREAD|CLONE_SYSVSEM|CLONE_SETTLS|CLONE_PARENT_SETTID|CLONE_CHILD_CLEARTID, child_tid=0xffa0a95ff050, parent_tid=0xffa0a95ff050, exit_signal=0, stack=0xffa0a55f0000, stack_size=0x400e840, tls=0xffa0a95ff6c0} => {parent_tid=[6703]}, 88) = 6703
6703  clone3({flags=CLONE_VM|CLONE_FS|CLONE_FILES|CLONE_SIGHAND|CLONE_THREAD|CLONE_SYSVSEM|CLONE_SETTLS|CLONE_PARENT_SETTID|CLONE_CHILD_CLEARTID, child_tid=0xffa09ffff050, parent_tid=0xffa09ffff050, exit_signal=0, stack=0xffa09bff0000, stack_size=0x400e840, tls=0xffa09ffff6c0} => {parent_tid=[6704]}, 88) = 6704
6703  clone3({flags=CLONE_VM|CLONE_FS|CLONE_FILES|CLONE_SIGHAND|CLONE_THREAD|CLONE_SYSVSEM|CLONE_SETTLS|CLONE_PARENT_SETTID|CLONE_CHILD_CLEARTID, child_tid=0xffa09bfef050, parent_tid=0xffa09bfef050, exit_signal=0, stack=0xffa097fe0000, stack_size=0x400e840, tls=0xffa09bfef6c0} => {parent_tid=[6705]}, 88) = 6705
6703  clone3({flags=CLONE_VM|CLONE_FS|CLONE_FILES|CLONE_SIGHAND|CLONE_THREAD|CLONE_SYSVSEM|CLONE_SETTLS|CLONE_PARENT_SETTID|CLONE_CHILD_CLEARTID, child_tid=0xffa08ffff050, parent_tid=0xffa08ffff050, exit_signal=0, stack=0xffa08bff0000, stack_size=0x400e840, tls=0xffa08ffff6c0} => {parent_tid=[6706]}, 88) = 6706
6706  exit(0 <unfinished ...>
6705  exit(0 <unfinished ...>
6706  <... exit resumed>)               = ?
6705  <... exit resumed>)               = ?
6703  exit(0 <unfinished ...>
6702  exit_group(0 <unfinished ...>
6706  +++ exited with 0 +++
6705  +++ exited with 0 +++
6703  <... exit resumed>)               = ?
6702  <... exit_group resumed>)         = ?
6704  +++ exited with 0 +++
6703  +++ exited with 0 +++
6702  +++ exited with 0 +++
6701  <... wait4 resumed>[{WIFEXITED(s) && WEXITSTATUS(s) == 0}], 0, NULL) = 6702
6701  --- SIGCHLD {si_signo=SIGCHLD, si_code=CLD_EXITED, si_pid=6702, si_uid=1001, si_status=0, si_utime=0, si_stime=1 /* 0.01 s */} ---
6701  exit_group(0)                     = ?
6701  +++ exited with 0 +++
6699  <... wait4 resumed>[{WIFEXITED(s) && WEXITSTATUS(s) == 0}], 0, NULL) = 6701
6699  --- SIGCHLD {si_signo=SIGCHLD, si_code=CLD_EXITED, si_pid=6701, si_uid=1001, si_status=0, si_utime=0, si_stime=0} ---
6699  exit_group(0)                     = ?
6699  +++ exited with 0 +++
6697  <... wait4 resumed>[{WIFEXITED(s) && WEXITSTATUS(s) == 0}], 0, NULL) = 6699
6697  --- SIGCHLD {si_signo=SIGCHLD, si_code=CLD_EXITED, si_pid=6699, si_uid=1001, si_status=0, si_utime=0, si_stime=0} ---
6697  exit_group(0)                     = ?
6697  +++ exited with 0 +++
