11201 execve("/home/runner/work/_temp/candidate-compiler", ["/home/runner/work/_temp/candidat"..., "build", "/home/runner/work/type-rb-native"..., "--output", "/home/runner/work/_temp/build-wo"..., "--qbe", "/home/runner/work/_temp/qbe-1.3/"..., "--cc", "/usr/bin/cc", "--target", "linux-arm64-v0"], 0xfffff4ced428 /* 115 vars */) = 0
11201 clone(child_stack=NULL, flags=CLONE_CHILD_CLEARTID|CLONE_CHILD_SETTID|SIGCHLD, child_tidptr=0xff40d78bef90) = 11202
11201 wait4(11202,  <unfinished ...>
11202 execve("/home/runner/work/_temp/qbe-1.3/qbe", ["/home/runner/work/_temp/qbe-1.3/"..., "-t", "arm64", "-o", "/home/runner/work/_temp/build-wo"..., "/home/runner/work/_temp/build-wo"...], 0xffffe2522c78 /* 115 vars */) = 0
11202 exit_group(0)                     = ?
11202 +++ exited with 0 +++
11201 <... wait4 resumed>[{WIFEXITED(s) && WEXITSTATUS(s) == 0}], 0, NULL) = 11202
11201 --- SIGCHLD {si_signo=SIGCHLD, si_code=CLD_EXITED, si_pid=11202, si_uid=1001, si_status=0, si_utime=1 /* 0.01 s */, si_stime=0} ---
11201 clone(child_stack=NULL, flags=CLONE_CHILD_CLEARTID|CLONE_CHILD_SETTID|SIGCHLD, child_tidptr=0xff40d78bef90) = 11203
11201 wait4(11203,  <unfinished ...>
11203 execve("/usr/bin/cc", ["/usr/bin/cc", "-xassembler", "/home/runner/work/_temp/build-wo"..., "-fuse-ld=lld", "-Wl,--gc-sections,--strip-all,--"..., "-lm", "-o", "/home/runner/work/_temp/build-wo"...], 0xffffe2522c78 /* 115 vars */) = 0
11203 clone(child_stack=0xfffff7a9c220, flags=CLONE_VM|CLONE_VFORK|SIGCHLD <unfinished ...>
11204 execve("/home/runner/go/bin/as", ["as", "-EL", "-mabi=lp64", "-o", "/tmp/ccjdC881.o", "/home/runner/work/_temp/build-wo"...], 0x79d1da0 /* 120 vars */) = -1 ENOENT (No such file or directory)
11204 execve("/opt/hostedtoolcache/go/1.27.1/arm64/bin/as", ["as", "-EL", "-mabi=lp64", "-o", "/tmp/ccjdC881.o", "/home/runner/work/_temp/build-wo"...], 0x79d1da0 /* 120 vars */) = -1 ENOENT (No such file or directory)
11204 execve("/snap/bin/as", ["as", "-EL", "-mabi=lp64", "-o", "/tmp/ccjdC881.o", "/home/runner/work/_temp/build-wo"...], 0x79d1da0 /* 120 vars */) = -1 ENOENT (No such file or directory)
11204 execve("/home/runner/.local/bin/as", ["as", "-EL", "-mabi=lp64", "-o", "/tmp/ccjdC881.o", "/home/runner/work/_temp/build-wo"...], 0x79d1da0 /* 120 vars */) = -1 ENOENT (No such file or directory)
11204 execve("/opt/pipx_bin/as", ["as", "-EL", "-mabi=lp64", "-o", "/tmp/ccjdC881.o", "/home/runner/work/_temp/build-wo"...], 0x79d1da0 /* 120 vars */) = -1 ENOENT (No such file or directory)
11204 execve("/home/runner/.cargo/bin/as", ["as", "-EL", "-mabi=lp64", "-o", "/tmp/ccjdC881.o", "/home/runner/work/_temp/build-wo"...], 0x79d1da0 /* 120 vars */) = -1 ENOENT (No such file or directory)
11204 execve("/home/runner/.config/composer/vendor/bin/as", ["as", "-EL", "-mabi=lp64", "-o", "/tmp/ccjdC881.o", "/home/runner/work/_temp/build-wo"...], 0x79d1da0 /* 120 vars */) = -1 ENOENT (No such file or directory)
11204 execve("/home/runner/.dotnet/tools/as", ["as", "-EL", "-mabi=lp64", "-o", "/tmp/ccjdC881.o", "/home/runner/work/_temp/build-wo"...], 0x79d1da0 /* 120 vars */) = -1 ENOENT (No such file or directory)
11204 execve("/usr/local/sbin/as", ["as", "-EL", "-mabi=lp64", "-o", "/tmp/ccjdC881.o", "/home/runner/work/_temp/build-wo"...], 0x79d1da0 /* 120 vars */) = -1 ENOENT (No such file or directory)
11204 execve("/usr/local/bin/as", ["as", "-EL", "-mabi=lp64", "-o", "/tmp/ccjdC881.o", "/home/runner/work/_temp/build-wo"...], 0x79d1da0 /* 120 vars */) = -1 ENOENT (No such file or directory)
11204 execve("/usr/sbin/as", ["as", "-EL", "-mabi=lp64", "-o", "/tmp/ccjdC881.o", "/home/runner/work/_temp/build-wo"...], 0x79d1da0 /* 120 vars */) = -1 ENOENT (No such file or directory)
11204 execve("/usr/bin/as", ["as", "-EL", "-mabi=lp64", "-o", "/tmp/ccjdC881.o", "/home/runner/work/_temp/build-wo"...], 0x79d1da0 /* 120 vars */ <unfinished ...>
11203 <... clone resumed>)              = 11204
11203 wait4(11204,  <unfinished ...>
11204 <... execve resumed>)             = 0
11204 exit_group(0)                     = ?
11204 +++ exited with 0 +++
11203 <... wait4 resumed>[{WIFEXITED(s) && WEXITSTATUS(s) == 0}], 0, NULL) = 11204
11203 --- SIGCHLD {si_signo=SIGCHLD, si_code=CLD_EXITED, si_pid=11204, si_uid=1001, si_status=0, si_utime=0, si_stime=0} ---
11203 clone(child_stack=0xfffff7a9b360, flags=CLONE_VM|CLONE_VFORK|SIGCHLD <unfinished ...>
11205 execve("/usr/libexec/gcc/aarch64-linux-gnu/13/collect2", ["/usr/libexec/gcc/aarch64-linux-g"..., "-plugin", "/usr/libexec/gcc/aarch64-linux-g"..., "-plugin-opt=/usr/libexec/gcc/aar"..., "-plugin-opt=-fresolution=/tmp/cc"..., "-plugin-opt=-pass-through=-lgcc", "-plugin-opt=-pass-through=-lgcc_"..., "-plugin-opt=-pass-through=-lc", "-plugin-opt=-pass-through=-lgcc", "-plugin-opt=-pass-through=-lgcc_"..., "--build-id", "--eh-frame-hdr", "--hash-style=gnu", "--as-needed", "-dynamic-linker", "/lib/ld-linux-aarch64.so.1", "-X", "-EL", "-maarch64linux", "--fix-cortex-a53-843419", "-pie", "-z", "now", "-fuse-ld=lld", "-z", "relro", "-o", "/home/runner/work/_temp/build-wo"..., "/usr/lib/gcc/aarch64-linux-gnu/1"..., "/usr/lib/gcc/aarch64-linux-gnu/1"..., "/usr/lib/gcc/aarch64-linux-gnu/1"..., "-L/usr/lib/gcc/aarch64-linux-gnu"..., ...], 0x79d25f0 /* 122 vars */ <unfinished ...>
11203 <... clone resumed>)              = 11205
11203 wait4(11205,  <unfinished ...>
11205 <... execve resumed>)             = 0
11205 clone(child_stack=0xffffee1682a0, flags=CLONE_VM|CLONE_VFORK|SIGCHLD <unfinished ...>
11206 execve("/usr/bin/ld.lld", ["/usr/bin/ld.lld", "-plugin", "/usr/libexec/gcc/aarch64-linux-g"..., "-plugin-opt=/usr/libexec/gcc/aar"..., "-plugin-opt=-fresolution=/tmp/cc"..., "-plugin-opt=-pass-through=-lgcc", "-plugin-opt=-pass-through=-lgcc_"..., "-plugin-opt=-pass-through=-lc", "-plugin-opt=-pass-through=-lgcc", "-plugin-opt=-pass-through=-lgcc_"..., "--build-id", "--eh-frame-hdr", "--hash-style=gnu", "--as-needed", "-dynamic-linker", "/lib/ld-linux-aarch64.so.1", "-X", "-EL", "-maarch64linux", "--fix-cortex-a53-843419", "-pie", "-z", "now", "-z", "relro", "-o", "/home/runner/work/_temp/build-wo"..., "/usr/lib/gcc/aarch64-linux-gnu/1"..., "/usr/lib/gcc/aarch64-linux-gnu/1"..., "/usr/lib/gcc/aarch64-linux-gnu/1"..., "-L/usr/lib/gcc/aarch64-linux-gnu"..., "-L/usr/lib/gcc/aarch64-linux-gnu"..., ...], 0xffffee168968 /* 122 vars */ <unfinished ...>
11205 <... clone resumed>)              = 11206
11205 wait4(11206,  <unfinished ...>
11206 <... execve resumed>)             = 0
11206 clone3({flags=CLONE_VM|CLONE_FS|CLONE_FILES|CLONE_SIGHAND|CLONE_THREAD|CLONE_SYSVSEM|CLONE_SETTLS|CLONE_PARENT_SETTID|CLONE_CHILD_CLEARTID, child_tid=0xffea445ff050, parent_tid=0xffea445ff050, exit_signal=0, stack=0xffea405f0000, stack_size=0x400e840, tls=0xffea445ff6c0} => {parent_tid=[11207]}, 88) = 11207
11207 clone3({flags=CLONE_VM|CLONE_FS|CLONE_FILES|CLONE_SIGHAND|CLONE_THREAD|CLONE_SYSVSEM|CLONE_SETTLS|CLONE_PARENT_SETTID|CLONE_CHILD_CLEARTID, child_tid=0xffea3bfff050, parent_tid=0xffea3bfff050, exit_signal=0, stack=0xffea37ff0000, stack_size=0x400e840, tls=0xffea3bfff6c0} => {parent_tid=[11208]}, 88) = 11208
11207 clone3({flags=CLONE_VM|CLONE_FS|CLONE_FILES|CLONE_SIGHAND|CLONE_THREAD|CLONE_SYSVSEM|CLONE_SETTLS|CLONE_PARENT_SETTID|CLONE_CHILD_CLEARTID, child_tid=0xffea37fef050, parent_tid=0xffea37fef050, exit_signal=0, stack=0xffea33fe0000, stack_size=0x400e840, tls=0xffea37fef6c0} => {parent_tid=[11209]}, 88) = 11209
11207 clone3({flags=CLONE_VM|CLONE_FS|CLONE_FILES|CLONE_SIGHAND|CLONE_THREAD|CLONE_SYSVSEM|CLONE_SETTLS|CLONE_PARENT_SETTID|CLONE_CHILD_CLEARTID, child_tid=0xffea2bfff050, parent_tid=0xffea2bfff050, exit_signal=0, stack=0xffea27ff0000, stack_size=0x400e840, tls=0xffea2bfff6c0} => {parent_tid=[11210]}, 88) = 11210
11206 exit_group(0 <unfinished ...>
11209 ???( <unfinished ...>
11207 ???( <unfinished ...>
11206 <... exit_group resumed>)         = ?
11210 +++ exited with 0 +++
11209 +++ exited with 0 +++
11208 +++ exited with 0 +++
11207 +++ exited with 0 +++
11206 +++ exited with 0 +++
11205 <... wait4 resumed>[{WIFEXITED(s) && WEXITSTATUS(s) == 0}], 0, NULL) = 11206
11205 --- SIGCHLD {si_signo=SIGCHLD, si_code=CLD_EXITED, si_pid=11206, si_uid=1001, si_status=0, si_utime=0, si_stime=2 /* 0.02 s */} ---
11205 exit_group(0)                     = ?
11205 +++ exited with 0 +++
11203 <... wait4 resumed>[{WIFEXITED(s) && WEXITSTATUS(s) == 0}], 0, NULL) = 11205
11203 --- SIGCHLD {si_signo=SIGCHLD, si_code=CLD_EXITED, si_pid=11205, si_uid=1001, si_status=0, si_utime=0, si_stime=0} ---
11203 exit_group(0)                     = ?
11203 +++ exited with 0 +++
11201 <... wait4 resumed>[{WIFEXITED(s) && WEXITSTATUS(s) == 0}], 0, NULL) = 11203
11201 --- SIGCHLD {si_signo=SIGCHLD, si_code=CLD_EXITED, si_pid=11203, si_uid=1001, si_status=0, si_utime=0, si_stime=0} ---
11201 exit_group(0)                     = ?
11201 +++ exited with 0 +++
