7170  execve("/home/runner/work/_temp/transition/first/compiler", ["/home/runner/work/_temp/transiti"..., "build", "compiler/gate4/src/compiler.trb", "--output", "/home/runner/work/_temp/transiti"..., "--qbe", "/home/runner/work/_temp/qbe-1.3/"..., "--cc", "/usr/bin/cc", "--target", "linux-arm64-v0"], 0xffffeafc7e98 /* 111 vars */) = 0
7170  clone(child_stack=NULL, flags=CLONE_CHILD_CLEARTID|CLONE_CHILD_SETTID|SIGCHLD, child_tidptr=0xff0edda0cf90) = 7171
7170  wait4(7171,  <unfinished ...>
7171  execve("/home/runner/work/_temp/qbe-1.3/qbe", ["/home/runner/work/_temp/qbe-1.3/"..., "-t", "arm64", "-o", "/home/runner/work/_temp/transiti"..., "/home/runner/work/_temp/transiti"...], 0xfffff92baaf8 /* 111 vars */) = 0
7171  exit_group(0)                     = ?
7171  +++ exited with 0 +++
7170  <... wait4 resumed>[{WIFEXITED(s) && WEXITSTATUS(s) == 0}], 0, NULL) = 7171
7170  --- SIGCHLD {si_signo=SIGCHLD, si_code=CLD_EXITED, si_pid=7171, si_uid=1001, si_status=0, si_utime=26 /* 0.26 s */, si_stime=1 /* 0.01 s */} ---
7170  clone(child_stack=NULL, flags=CLONE_CHILD_CLEARTID|CLONE_CHILD_SETTID|SIGCHLD, child_tidptr=0xff0edda0cf90) = 7172
7170  wait4(7172,  <unfinished ...>
7172  execve("/usr/bin/cc", ["/usr/bin/cc", "-xassembler", "/home/runner/work/_temp/transiti"..., "-Wl,--gc-sections,--strip-all", "-o", "/home/runner/work/_temp/transiti"...], 0xfffff92baaf8 /* 111 vars */) = 0
7172  clone(child_stack=0xfffffda9c950, flags=CLONE_VM|CLONE_VFORK|SIGCHLD <unfinished ...>
7173  execve("/home/runner/go/bin/as", ["as", "-EL", "-mabi=lp64", "-o", "/tmp/ccMQ2s56.o", "/home/runner/work/_temp/transiti"...], 0x3fb50c20 /* 116 vars */) = -1 ENOENT (No such file or directory)
7173  execve("/opt/hostedtoolcache/go/1.27.1/arm64/bin/as", ["as", "-EL", "-mabi=lp64", "-o", "/tmp/ccMQ2s56.o", "/home/runner/work/_temp/transiti"...], 0x3fb50c20 /* 116 vars */) = -1 ENOENT (No such file or directory)
7173  execve("/snap/bin/as", ["as", "-EL", "-mabi=lp64", "-o", "/tmp/ccMQ2s56.o", "/home/runner/work/_temp/transiti"...], 0x3fb50c20 /* 116 vars */) = -1 ENOENT (No such file or directory)
7173  execve("/home/runner/.local/bin/as", ["as", "-EL", "-mabi=lp64", "-o", "/tmp/ccMQ2s56.o", "/home/runner/work/_temp/transiti"...], 0x3fb50c20 /* 116 vars */) = -1 ENOENT (No such file or directory)
7173  execve("/opt/pipx_bin/as", ["as", "-EL", "-mabi=lp64", "-o", "/tmp/ccMQ2s56.o", "/home/runner/work/_temp/transiti"...], 0x3fb50c20 /* 116 vars */) = -1 ENOENT (No such file or directory)
7173  execve("/home/runner/.cargo/bin/as", ["as", "-EL", "-mabi=lp64", "-o", "/tmp/ccMQ2s56.o", "/home/runner/work/_temp/transiti"...], 0x3fb50c20 /* 116 vars */) = -1 ENOENT (No such file or directory)
7173  execve("/home/runner/.config/composer/vendor/bin/as", ["as", "-EL", "-mabi=lp64", "-o", "/tmp/ccMQ2s56.o", "/home/runner/work/_temp/transiti"...], 0x3fb50c20 /* 116 vars */) = -1 ENOENT (No such file or directory)
7173  execve("/home/runner/.dotnet/tools/as", ["as", "-EL", "-mabi=lp64", "-o", "/tmp/ccMQ2s56.o", "/home/runner/work/_temp/transiti"...], 0x3fb50c20 /* 116 vars */) = -1 ENOENT (No such file or directory)
7173  execve("/usr/local/sbin/as", ["as", "-EL", "-mabi=lp64", "-o", "/tmp/ccMQ2s56.o", "/home/runner/work/_temp/transiti"...], 0x3fb50c20 /* 116 vars */) = -1 ENOENT (No such file or directory)
7173  execve("/usr/local/bin/as", ["as", "-EL", "-mabi=lp64", "-o", "/tmp/ccMQ2s56.o", "/home/runner/work/_temp/transiti"...], 0x3fb50c20 /* 116 vars */) = -1 ENOENT (No such file or directory)
7173  execve("/usr/sbin/as", ["as", "-EL", "-mabi=lp64", "-o", "/tmp/ccMQ2s56.o", "/home/runner/work/_temp/transiti"...], 0x3fb50c20 /* 116 vars */) = -1 ENOENT (No such file or directory)
7173  execve("/usr/bin/as", ["as", "-EL", "-mabi=lp64", "-o", "/tmp/ccMQ2s56.o", "/home/runner/work/_temp/transiti"...], 0x3fb50c20 /* 116 vars */ <unfinished ...>
7172  <... clone resumed>)              = 7173
7173  <... execve resumed>)             = 0
7172  wait4(7173,  <unfinished ...>
7173  exit_group(0)                     = ?
7173  +++ exited with 0 +++
7172  <... wait4 resumed>[{WIFEXITED(s) && WEXITSTATUS(s) == 0}], 0, NULL) = 7173
7172  --- SIGCHLD {si_signo=SIGCHLD, si_code=CLD_EXITED, si_pid=7173, si_uid=1001, si_status=0, si_utime=11 /* 0.11 s */, si_stime=0} ---
7172  clone(child_stack=0xfffffda9ba90, flags=CLONE_VM|CLONE_VFORK|SIGCHLD <unfinished ...>
7174  execve("/usr/libexec/gcc/aarch64-linux-gnu/13/collect2", ["/usr/libexec/gcc/aarch64-linux-g"..., "-plugin", "/usr/libexec/gcc/aarch64-linux-g"..., "-plugin-opt=/usr/libexec/gcc/aar"..., "-plugin-opt=-fresolution=/tmp/cc"..., "-plugin-opt=-pass-through=-lgcc", "-plugin-opt=-pass-through=-lgcc_"..., "-plugin-opt=-pass-through=-lc", "-plugin-opt=-pass-through=-lgcc", "-plugin-opt=-pass-through=-lgcc_"..., "--build-id", "--eh-frame-hdr", "--hash-style=gnu", "--as-needed", "-dynamic-linker", "/lib/ld-linux-aarch64.so.1", "-X", "-EL", "-maarch64linux", "--fix-cortex-a53-843419", "-pie", "-z", "now", "-z", "relro", "-o", "/home/runner/work/_temp/transiti"..., "/usr/lib/gcc/aarch64-linux-gnu/1"..., "/usr/lib/gcc/aarch64-linux-gnu/1"..., "/usr/lib/gcc/aarch64-linux-gnu/1"..., "-L/usr/lib/gcc/aarch64-linux-gnu"..., "-L/usr/lib/gcc/aarch64-linux-gnu"..., ...], 0x3fb513c0 /* 118 vars */ <unfinished ...>
7172  <... clone resumed>)              = 7174
7174  <... execve resumed>)             = 0
7172  wait4(7174,  <unfinished ...>
7174  clone(child_stack=0xfffff56cc3f0, flags=CLONE_VM|CLONE_VFORK|SIGCHLD <unfinished ...>
7175  execve("/usr/bin/ld", ["/usr/bin/ld", "-plugin", "/usr/libexec/gcc/aarch64-linux-g"..., "-plugin-opt=/usr/libexec/gcc/aar"..., "-plugin-opt=-fresolution=/tmp/cc"..., "-plugin-opt=-pass-through=-lgcc", "-plugin-opt=-pass-through=-lgcc_"..., "-plugin-opt=-pass-through=-lc", "-plugin-opt=-pass-through=-lgcc", "-plugin-opt=-pass-through=-lgcc_"..., "--build-id", "--eh-frame-hdr", "--hash-style=gnu", "--as-needed", "-dynamic-linker", "/lib/ld-linux-aarch64.so.1", "-X", "-EL", "-maarch64linux", "--fix-cortex-a53-843419", "-pie", "-z", "now", "-z", "relro", "-o", "/home/runner/work/_temp/transiti"..., "/usr/lib/gcc/aarch64-linux-gnu/1"..., "/usr/lib/gcc/aarch64-linux-gnu/1"..., "/usr/lib/gcc/aarch64-linux-gnu/1"..., "-L/usr/lib/gcc/aarch64-linux-gnu"..., "-L/usr/lib/gcc/aarch64-linux-gnu"..., ...], 0xfffff56ccaa0 /* 118 vars */ <unfinished ...>
7174  <... clone resumed>)              = 7175
7175  <... execve resumed>)             = 0
7174  wait4(7175,  <unfinished ...>
7175  exit_group(0)                     = ?
7175  +++ exited with 0 +++
7174  <... wait4 resumed>[{WIFEXITED(s) && WEXITSTATUS(s) == 0}], 0, NULL) = 7175
7174  --- SIGCHLD {si_signo=SIGCHLD, si_code=CLD_EXITED, si_pid=7175, si_uid=1001, si_status=0, si_utime=1 /* 0.01 s */, si_stime=1 /* 0.01 s */} ---
7174  exit_group(0)                     = ?
7174  +++ exited with 0 +++
7172  <... wait4 resumed>[{WIFEXITED(s) && WEXITSTATUS(s) == 0}], 0, NULL) = 7174
7172  --- SIGCHLD {si_signo=SIGCHLD, si_code=CLD_EXITED, si_pid=7174, si_uid=1001, si_status=0, si_utime=0, si_stime=0} ---
7172  exit_group(0)                     = ?
7172  +++ exited with 0 +++
7170  <... wait4 resumed>[{WIFEXITED(s) && WEXITSTATUS(s) == 0}], 0, NULL) = 7172
7170  --- SIGCHLD {si_signo=SIGCHLD, si_code=CLD_EXITED, si_pid=7172, si_uid=1001, si_status=0, si_utime=0, si_stime=0} ---
7170  exit_group(0)                     = ?
7170  +++ exited with 0 +++
