7161  execve("/home/runner/work/_temp/release/type-rb-native-bootstrap-linux-arm64", ["/home/runner/work/_temp/release/"..., "build", "compiler/gate4/src/compiler.trb", "--output", "/home/runner/work/_temp/transiti"..., "--qbe", "/home/runner/work/_temp/qbe-1.3/"..., "--cc", "/usr/bin/cc", "--target", "linux-arm64-v0"], 0xffffcde60dc8 /* 111 vars */) = 0
7161  clone(child_stack=NULL, flags=CLONE_CHILD_CLEARTID|CLONE_CHILD_SETTID|SIGCHLD, child_tidptr=0xffed45efef90) = 7162
7161  wait4(7162,  <unfinished ...>
7162  execve("/home/runner/work/_temp/qbe-1.3/qbe", ["/home/runner/work/_temp/qbe-1.3/"..., "-t", "arm64", "-o", "/home/runner/work/_temp/transiti"..., "/home/runner/work/_temp/transiti"...], 0xffffe57083f8 /* 111 vars */) = 0
7162  exit_group(0)                     = ?
7162  +++ exited with 0 +++
7161  <... wait4 resumed>[{WIFEXITED(s) && WEXITSTATUS(s) == 0}], 0, NULL) = 7162
7161  --- SIGCHLD {si_signo=SIGCHLD, si_code=CLD_EXITED, si_pid=7162, si_uid=1001, si_status=0, si_utime=24 /* 0.24 s */, si_stime=1 /* 0.01 s */} ---
7161  clone(child_stack=NULL, flags=CLONE_CHILD_CLEARTID|CLONE_CHILD_SETTID|SIGCHLD, child_tidptr=0xffed45efef90) = 7163
7161  wait4(7163,  <unfinished ...>
7163  execve("/usr/bin/cc", ["/usr/bin/cc", "-xassembler", "/home/runner/work/_temp/transiti"..., "-Wl,--gc-sections,--strip-all", "-o", "/home/runner/work/_temp/transiti"...], 0xffffe57083f8 /* 111 vars */) = 0
7163  clone(child_stack=0xffffda4fd790, flags=CLONE_VM|CLONE_VFORK|SIGCHLD <unfinished ...>
7164  execve("/home/runner/go/bin/as", ["as", "-EL", "-mabi=lp64", "-o", "/tmp/ccRqg0mc.o", "/home/runner/work/_temp/transiti"...], 0x36070c10 /* 116 vars */) = -1 ENOENT (No such file or directory)
7164  execve("/opt/hostedtoolcache/go/1.27.1/arm64/bin/as", ["as", "-EL", "-mabi=lp64", "-o", "/tmp/ccRqg0mc.o", "/home/runner/work/_temp/transiti"...], 0x36070c10 /* 116 vars */) = -1 ENOENT (No such file or directory)
7164  execve("/snap/bin/as", ["as", "-EL", "-mabi=lp64", "-o", "/tmp/ccRqg0mc.o", "/home/runner/work/_temp/transiti"...], 0x36070c10 /* 116 vars */) = -1 ENOENT (No such file or directory)
7164  execve("/home/runner/.local/bin/as", ["as", "-EL", "-mabi=lp64", "-o", "/tmp/ccRqg0mc.o", "/home/runner/work/_temp/transiti"...], 0x36070c10 /* 116 vars */) = -1 ENOENT (No such file or directory)
7164  execve("/opt/pipx_bin/as", ["as", "-EL", "-mabi=lp64", "-o", "/tmp/ccRqg0mc.o", "/home/runner/work/_temp/transiti"...], 0x36070c10 /* 116 vars */) = -1 ENOENT (No such file or directory)
7164  execve("/home/runner/.cargo/bin/as", ["as", "-EL", "-mabi=lp64", "-o", "/tmp/ccRqg0mc.o", "/home/runner/work/_temp/transiti"...], 0x36070c10 /* 116 vars */) = -1 ENOENT (No such file or directory)
7164  execve("/home/runner/.config/composer/vendor/bin/as", ["as", "-EL", "-mabi=lp64", "-o", "/tmp/ccRqg0mc.o", "/home/runner/work/_temp/transiti"...], 0x36070c10 /* 116 vars */) = -1 ENOENT (No such file or directory)
7164  execve("/home/runner/.dotnet/tools/as", ["as", "-EL", "-mabi=lp64", "-o", "/tmp/ccRqg0mc.o", "/home/runner/work/_temp/transiti"...], 0x36070c10 /* 116 vars */) = -1 ENOENT (No such file or directory)
7164  execve("/usr/local/sbin/as", ["as", "-EL", "-mabi=lp64", "-o", "/tmp/ccRqg0mc.o", "/home/runner/work/_temp/transiti"...], 0x36070c10 /* 116 vars */) = -1 ENOENT (No such file or directory)
7164  execve("/usr/local/bin/as", ["as", "-EL", "-mabi=lp64", "-o", "/tmp/ccRqg0mc.o", "/home/runner/work/_temp/transiti"...], 0x36070c10 /* 116 vars */) = -1 ENOENT (No such file or directory)
7164  execve("/usr/sbin/as", ["as", "-EL", "-mabi=lp64", "-o", "/tmp/ccRqg0mc.o", "/home/runner/work/_temp/transiti"...], 0x36070c10 /* 116 vars */) = -1 ENOENT (No such file or directory)
7164  execve("/usr/bin/as", ["as", "-EL", "-mabi=lp64", "-o", "/tmp/ccRqg0mc.o", "/home/runner/work/_temp/transiti"...], 0x36070c10 /* 116 vars */ <unfinished ...>
7163  <... clone resumed>)              = 7164
7164  <... execve resumed>)             = 0
7163  wait4(7164,  <unfinished ...>
7164  exit_group(0)                     = ?
7164  +++ exited with 0 +++
7163  <... wait4 resumed>[{WIFEXITED(s) && WEXITSTATUS(s) == 0}], 0, NULL) = 7164
7163  --- SIGCHLD {si_signo=SIGCHLD, si_code=CLD_EXITED, si_pid=7164, si_uid=1001, si_status=0, si_utime=10 /* 0.10 s */, si_stime=0} ---
7163  clone(child_stack=0xffffda4fc8d0, flags=CLONE_VM|CLONE_VFORK|SIGCHLD <unfinished ...>
7165  execve("/usr/libexec/gcc/aarch64-linux-gnu/13/collect2", ["/usr/libexec/gcc/aarch64-linux-g"..., "-plugin", "/usr/libexec/gcc/aarch64-linux-g"..., "-plugin-opt=/usr/libexec/gcc/aar"..., "-plugin-opt=-fresolution=/tmp/cc"..., "-plugin-opt=-pass-through=-lgcc", "-plugin-opt=-pass-through=-lgcc_"..., "-plugin-opt=-pass-through=-lc", "-plugin-opt=-pass-through=-lgcc", "-plugin-opt=-pass-through=-lgcc_"..., "--build-id", "--eh-frame-hdr", "--hash-style=gnu", "--as-needed", "-dynamic-linker", "/lib/ld-linux-aarch64.so.1", "-X", "-EL", "-maarch64linux", "--fix-cortex-a53-843419", "-pie", "-z", "now", "-z", "relro", "-o", "/home/runner/work/_temp/transiti"..., "/usr/lib/gcc/aarch64-linux-gnu/1"..., "/usr/lib/gcc/aarch64-linux-gnu/1"..., "/usr/lib/gcc/aarch64-linux-gnu/1"..., "-L/usr/lib/gcc/aarch64-linux-gnu"..., "-L/usr/lib/gcc/aarch64-linux-gnu"..., ...], 0x360713b0 /* 118 vars */ <unfinished ...>
7163  <... clone resumed>)              = 7165
7165  <... execve resumed>)             = 0
7163  wait4(7165,  <unfinished ...>
7165  clone(child_stack=0xffffe0bbfbc0, flags=CLONE_VM|CLONE_VFORK|SIGCHLD <unfinished ...>
7166  execve("/usr/bin/ld", ["/usr/bin/ld", "-plugin", "/usr/libexec/gcc/aarch64-linux-g"..., "-plugin-opt=/usr/libexec/gcc/aar"..., "-plugin-opt=-fresolution=/tmp/cc"..., "-plugin-opt=-pass-through=-lgcc", "-plugin-opt=-pass-through=-lgcc_"..., "-plugin-opt=-pass-through=-lc", "-plugin-opt=-pass-through=-lgcc", "-plugin-opt=-pass-through=-lgcc_"..., "--build-id", "--eh-frame-hdr", "--hash-style=gnu", "--as-needed", "-dynamic-linker", "/lib/ld-linux-aarch64.so.1", "-X", "-EL", "-maarch64linux", "--fix-cortex-a53-843419", "-pie", "-z", "now", "-z", "relro", "-o", "/home/runner/work/_temp/transiti"..., "/usr/lib/gcc/aarch64-linux-gnu/1"..., "/usr/lib/gcc/aarch64-linux-gnu/1"..., "/usr/lib/gcc/aarch64-linux-gnu/1"..., "-L/usr/lib/gcc/aarch64-linux-gnu"..., "-L/usr/lib/gcc/aarch64-linux-gnu"..., ...], 0xffffe0bc0270 /* 118 vars */ <unfinished ...>
7165  <... clone resumed>)              = 7166
7166  <... execve resumed>)             = 0
7165  wait4(7166,  <unfinished ...>
7166  exit_group(0)                     = ?
7166  +++ exited with 0 +++
7165  <... wait4 resumed>[{WIFEXITED(s) && WEXITSTATUS(s) == 0}], 0, NULL) = 7166
7165  --- SIGCHLD {si_signo=SIGCHLD, si_code=CLD_EXITED, si_pid=7166, si_uid=1001, si_status=0, si_utime=1 /* 0.01 s */, si_stime=1 /* 0.01 s */} ---
7165  exit_group(0)                     = ?
7165  +++ exited with 0 +++
7163  <... wait4 resumed>[{WIFEXITED(s) && WEXITSTATUS(s) == 0}], 0, NULL) = 7165
7163  --- SIGCHLD {si_signo=SIGCHLD, si_code=CLD_EXITED, si_pid=7165, si_uid=1001, si_status=0, si_utime=0, si_stime=0} ---
7163  exit_group(0)                     = ?
7163  +++ exited with 0 +++
7161  <... wait4 resumed>[{WIFEXITED(s) && WEXITSTATUS(s) == 0}], 0, NULL) = 7163
7161  --- SIGCHLD {si_signo=SIGCHLD, si_code=CLD_EXITED, si_pid=7163, si_uid=1001, si_status=0, si_utime=0, si_stime=0} ---
7161  exit_group(0)                     = ?
7161  +++ exited with 0 +++
