6090  execve("/home/runner/work/_temp/baseline-bootstrap-workspace/b4/compiler", ["/home/runner/work/_temp/baseline"..., "build", "/home/runner/work/_temp/baseline"..., "--output", "/home/runner/work/_temp/baseline"..., "--qbe", "/home/runner/work/_temp/qbe-1.3/"..., "--cc", "/usr/bin/cc", "--target", "linux-arm64-v0"], 0xfffffebf7748 /* 109 vars */) = 0
6090  clone(child_stack=NULL, flags=CLONE_CHILD_CLEARTID|CLONE_CHILD_SETTID|SIGCHLD, child_tidptr=0xff7b7c9ebf90) = 6091
6090  wait4(6091,  <unfinished ...>
6091  execve("/home/runner/work/_temp/qbe-1.3/qbe", ["/home/runner/work/_temp/qbe-1.3/"..., "-t", "arm64", "-o", "/home/runner/work/_temp/baseline"..., "/home/runner/work/_temp/baseline"...], 0xfffff7c45a28 /* 109 vars */) = 0
6091  exit_group(0)                     = ?
6091  +++ exited with 0 +++
6090  <... wait4 resumed>[{WIFEXITED(s) && WEXITSTATUS(s) == 0}], 0, NULL) = 6091
6090  --- SIGCHLD {si_signo=SIGCHLD, si_code=CLD_EXITED, si_pid=6091, si_uid=1001, si_status=0, si_utime=0, si_stime=0} ---
6090  clone(child_stack=NULL, flags=CLONE_CHILD_CLEARTID|CLONE_CHILD_SETTID|SIGCHLD, child_tidptr=0xff7b7c9ebf90) = 6092
6090  wait4(6092,  <unfinished ...>
6092  execve("/usr/bin/cc", ["/usr/bin/cc", "-xassembler", "/home/runner/work/_temp/baseline"..., "-fuse-ld=lld", "-Wl,--gc-sections,--strip-all", "-lm", "-o", "/home/runner/work/_temp/baseline"...], 0xfffff7c45a28 /* 109 vars */) = 0
6092  clone(child_stack=0xffffdaf89b80, flags=CLONE_VM|CLONE_VFORK|SIGCHLD <unfinished ...>
6093  execve("/snap/bin/as", ["as", "-EL", "-mabi=lp64", "-o", "/tmp/cckmIZig.o", "/home/runner/work/_temp/baseline"...], 0x17482d40 /* 114 vars */) = -1 ENOENT (No such file or directory)
6093  execve("/home/runner/.local/bin/as", ["as", "-EL", "-mabi=lp64", "-o", "/tmp/cckmIZig.o", "/home/runner/work/_temp/baseline"...], 0x17482d40 /* 114 vars */) = -1 ENOENT (No such file or directory)
6093  execve("/opt/pipx_bin/as", ["as", "-EL", "-mabi=lp64", "-o", "/tmp/cckmIZig.o", "/home/runner/work/_temp/baseline"...], 0x17482d40 /* 114 vars */) = -1 ENOENT (No such file or directory)
6093  execve("/home/runner/.cargo/bin/as", ["as", "-EL", "-mabi=lp64", "-o", "/tmp/cckmIZig.o", "/home/runner/work/_temp/baseline"...], 0x17482d40 /* 114 vars */) = -1 ENOENT (No such file or directory)
6093  execve("/home/runner/.config/composer/vendor/bin/as", ["as", "-EL", "-mabi=lp64", "-o", "/tmp/cckmIZig.o", "/home/runner/work/_temp/baseline"...], 0x17482d40 /* 114 vars */) = -1 ENOENT (No such file or directory)
6093  execve("/home/runner/.dotnet/tools/as", ["as", "-EL", "-mabi=lp64", "-o", "/tmp/cckmIZig.o", "/home/runner/work/_temp/baseline"...], 0x17482d40 /* 114 vars */) = -1 ENOENT (No such file or directory)
6093  execve("/usr/local/sbin/as", ["as", "-EL", "-mabi=lp64", "-o", "/tmp/cckmIZig.o", "/home/runner/work/_temp/baseline"...], 0x17482d40 /* 114 vars */) = -1 ENOENT (No such file or directory)
6093  execve("/usr/local/bin/as", ["as", "-EL", "-mabi=lp64", "-o", "/tmp/cckmIZig.o", "/home/runner/work/_temp/baseline"...], 0x17482d40 /* 114 vars */) = -1 ENOENT (No such file or directory)
6093  execve("/usr/sbin/as", ["as", "-EL", "-mabi=lp64", "-o", "/tmp/cckmIZig.o", "/home/runner/work/_temp/baseline"...], 0x17482d40 /* 114 vars */) = -1 ENOENT (No such file or directory)
6093  execve("/usr/bin/as", ["as", "-EL", "-mabi=lp64", "-o", "/tmp/cckmIZig.o", "/home/runner/work/_temp/baseline"...], 0x17482d40 /* 114 vars */ <unfinished ...>
6092  <... clone resumed>)              = 6093
6093  <... execve resumed>)             = 0
6092  wait4(6093,  <unfinished ...>
6093  exit_group(0)                     = ?
6093  +++ exited with 0 +++
6092  <... wait4 resumed>[{WIFEXITED(s) && WEXITSTATUS(s) == 0}], 0, NULL) = 6093
6092  --- SIGCHLD {si_signo=SIGCHLD, si_code=CLD_EXITED, si_pid=6093, si_uid=1001, si_status=0, si_utime=0, si_stime=0} ---
6092  clone(child_stack=0xffffdaf88cc0, flags=CLONE_VM|CLONE_VFORK|SIGCHLD <unfinished ...>
6094  execve("/usr/libexec/gcc/aarch64-linux-gnu/13/collect2", ["/usr/libexec/gcc/aarch64-linux-g"..., "-plugin", "/usr/libexec/gcc/aarch64-linux-g"..., "-plugin-opt=/usr/libexec/gcc/aar"..., "-plugin-opt=-fresolution=/tmp/cc"..., "-plugin-opt=-pass-through=-lgcc", "-plugin-opt=-pass-through=-lgcc_"..., "-plugin-opt=-pass-through=-lc", "-plugin-opt=-pass-through=-lgcc", "-plugin-opt=-pass-through=-lgcc_"..., "--build-id", "--eh-frame-hdr", "--hash-style=gnu", "--as-needed", "-dynamic-linker", "/lib/ld-linux-aarch64.so.1", "-X", "-EL", "-maarch64linux", "--fix-cortex-a53-843419", "-pie", "-z", "now", "-fuse-ld=lld", "-z", "relro", "-o", "/home/runner/work/_temp/baseline"..., "/usr/lib/gcc/aarch64-linux-gnu/1"..., "/usr/lib/gcc/aarch64-linux-gnu/1"..., "/usr/lib/gcc/aarch64-linux-gnu/1"..., "-L/usr/lib/gcc/aarch64-linux-gnu"..., ...], 0x17483560 /* 116 vars */ <unfinished ...>
6092  <... clone resumed>)              = 6094
6094  <... execve resumed>)             = 0
6092  wait4(6094,  <unfinished ...>
6094  clone(child_stack=0xffffc20c4d10, flags=CLONE_VM|CLONE_VFORK|SIGCHLD <unfinished ...>
6095  execve("/usr/bin/ld.lld", ["/usr/bin/ld.lld", "-plugin", "/usr/libexec/gcc/aarch64-linux-g"..., "-plugin-opt=/usr/libexec/gcc/aar"..., "-plugin-opt=-fresolution=/tmp/cc"..., "-plugin-opt=-pass-through=-lgcc", "-plugin-opt=-pass-through=-lgcc_"..., "-plugin-opt=-pass-through=-lc", "-plugin-opt=-pass-through=-lgcc", "-plugin-opt=-pass-through=-lgcc_"..., "--build-id", "--eh-frame-hdr", "--hash-style=gnu", "--as-needed", "-dynamic-linker", "/lib/ld-linux-aarch64.so.1", "-X", "-EL", "-maarch64linux", "--fix-cortex-a53-843419", "-pie", "-z", "now", "-z", "relro", "-o", "/home/runner/work/_temp/baseline"..., "/usr/lib/gcc/aarch64-linux-gnu/1"..., "/usr/lib/gcc/aarch64-linux-gnu/1"..., "/usr/lib/gcc/aarch64-linux-gnu/1"..., "-L/usr/lib/gcc/aarch64-linux-gnu"..., "-L/usr/lib/gcc/aarch64-linux-gnu"..., ...], 0xffffc20c53d0 /* 116 vars */ <unfinished ...>
6094  <... clone resumed>)              = 6095
6095  <... execve resumed>)             = 0
6094  wait4(6095,  <unfinished ...>
6095  clone3({flags=CLONE_VM|CLONE_FS|CLONE_FILES|CLONE_SIGHAND|CLONE_THREAD|CLONE_SYSVSEM|CLONE_SETTLS|CLONE_PARENT_SETTID|CLONE_CHILD_CLEARTID, child_tid=0xff9a40bff050, parent_tid=0xff9a40bff050, exit_signal=0, stack=0xff9a3cbf0000, stack_size=0x400e840, tls=0xff9a40bff6c0} => {parent_tid=[6096]}, 88) = 6096
6096  clone3({flags=CLONE_VM|CLONE_FS|CLONE_FILES|CLONE_SIGHAND|CLONE_THREAD|CLONE_SYSVSEM|CLONE_SETTLS|CLONE_PARENT_SETTID|CLONE_CHILD_CLEARTID, child_tid=0xff9a37fff050, parent_tid=0xff9a37fff050, exit_signal=0, stack=0xff9a33ff0000, stack_size=0x400e840, tls=0xff9a37fff6c0} => {parent_tid=[6097]}, 88) = 6097
6096  clone3({flags=CLONE_VM|CLONE_FS|CLONE_FILES|CLONE_SIGHAND|CLONE_THREAD|CLONE_SYSVSEM|CLONE_SETTLS|CLONE_PARENT_SETTID|CLONE_CHILD_CLEARTID, child_tid=0xff9a33fef050, parent_tid=0xff9a33fef050, exit_signal=0, stack=0xff9a2ffe0000, stack_size=0x400e840, tls=0xff9a33fef6c0} => {parent_tid=[6098]}, 88) = 6098
6096  clone3({flags=CLONE_VM|CLONE_FS|CLONE_FILES|CLONE_SIGHAND|CLONE_THREAD|CLONE_SYSVSEM|CLONE_SETTLS|CLONE_PARENT_SETTID|CLONE_CHILD_CLEARTID, child_tid=0xff9a27fff050, parent_tid=0xff9a27fff050, exit_signal=0, stack=0xff9a23ff0000, stack_size=0x400e840, tls=0xff9a27fff6c0} => {parent_tid=[6099]}, 88) = 6099
6097  exit(0 <unfinished ...>
6099  exit(0 <unfinished ...>
6097  <... exit resumed>)               = ?
6099  <... exit resumed>)               = ?
6098  exit(0 <unfinished ...>
6095  exit_group(0 <unfinished ...>
6097  +++ exited with 0 +++
6099  +++ exited with 0 +++
6095  <... exit_group resumed>)         = ?
6098  +++ exited with 0 +++
6096  +++ exited with 0 +++
6095  +++ exited with 0 +++
6094  <... wait4 resumed>[{WIFEXITED(s) && WEXITSTATUS(s) == 0}], 0, NULL) = 6095
6094  --- SIGCHLD {si_signo=SIGCHLD, si_code=CLD_EXITED, si_pid=6095, si_uid=1001, si_status=0, si_utime=0, si_stime=1 /* 0.01 s */} ---
6094  exit_group(0)                     = ?
6094  +++ exited with 0 +++
6092  <... wait4 resumed>[{WIFEXITED(s) && WEXITSTATUS(s) == 0}], 0, NULL) = 6094
6092  --- SIGCHLD {si_signo=SIGCHLD, si_code=CLD_EXITED, si_pid=6094, si_uid=1001, si_status=0, si_utime=0, si_stime=0} ---
6092  exit_group(0)                     = ?
6092  +++ exited with 0 +++
6090  <... wait4 resumed>[{WIFEXITED(s) && WEXITSTATUS(s) == 0}], 0, NULL) = 6092
6090  --- SIGCHLD {si_signo=SIGCHLD, si_code=CLD_EXITED, si_pid=6092, si_uid=1001, si_status=0, si_utime=0, si_stime=0} ---
6090  exit_group(0)                     = ?
6090  +++ exited with 0 +++
