6064  execve("/home/runner/work/_temp/transition/first/compiler", ["/home/runner/work/_temp/transiti"..., "build", "compiler/gate4/src/compiler.trb", "--output", "/home/runner/work/_temp/transiti"..., "--qbe", "/home/runner/work/_temp/qbe-1.3/"..., "--cc", "/usr/bin/cc", "--target", "linux-arm64-v0"], 0xffffe9512258 /* 111 vars */) = 0
6064  clone(child_stack=NULL, flags=CLONE_CHILD_CLEARTID|CLONE_CHILD_SETTID|SIGCHLD, child_tidptr=0xff1a67dd5f90) = 6067
6064  wait4(6067,  <unfinished ...>
6067  execve("/home/runner/work/_temp/qbe-1.3/qbe", ["/home/runner/work/_temp/qbe-1.3/"..., "-t", "arm64", "-o", "/home/runner/work/_temp/transiti"..., "/home/runner/work/_temp/transiti"...], 0xffffd195b248 /* 111 vars */) = 0
6067  exit_group(0)                     = ?
6067  +++ exited with 0 +++
6064  <... wait4 resumed>[{WIFEXITED(s) && WEXITSTATUS(s) == 0}], 0, NULL) = 6067
6064  --- SIGCHLD {si_signo=SIGCHLD, si_code=CLD_EXITED, si_pid=6067, si_uid=1001, si_status=0, si_utime=19 /* 0.19 s */, si_stime=1 /* 0.01 s */} ---
6064  clone(child_stack=NULL, flags=CLONE_CHILD_CLEARTID|CLONE_CHILD_SETTID|SIGCHLD, child_tidptr=0xff1a67dd5f90) = 6068
6064  wait4(6068,  <unfinished ...>
6068  execve("/usr/bin/cc", ["/usr/bin/cc", "-xassembler", "/home/runner/work/_temp/transiti"..., "-Wl,--gc-sections,--strip-all", "-o", "/home/runner/work/_temp/transiti"...], 0xffffd195b248 /* 111 vars */) = 0
6068  clone(child_stack=0xffffd8fae1b0, flags=CLONE_VM|CLONE_VFORK|SIGCHLD <unfinished ...>
6069  execve("/home/runner/go/bin/as", ["as", "-EL", "-mabi=lp64", "-o", "/tmp/cctxu8VE.o", "/home/runner/work/_temp/transiti"...], 0x30dc0c20 /* 116 vars */) = -1 ENOENT (No such file or directory)
6069  execve("/opt/hostedtoolcache/go/1.27.0/arm64/bin/as", ["as", "-EL", "-mabi=lp64", "-o", "/tmp/cctxu8VE.o", "/home/runner/work/_temp/transiti"...], 0x30dc0c20 /* 116 vars */) = -1 ENOENT (No such file or directory)
6069  execve("/snap/bin/as", ["as", "-EL", "-mabi=lp64", "-o", "/tmp/cctxu8VE.o", "/home/runner/work/_temp/transiti"...], 0x30dc0c20 /* 116 vars */) = -1 ENOENT (No such file or directory)
6069  execve("/home/runner/.local/bin/as", ["as", "-EL", "-mabi=lp64", "-o", "/tmp/cctxu8VE.o", "/home/runner/work/_temp/transiti"...], 0x30dc0c20 /* 116 vars */) = -1 ENOENT (No such file or directory)
6069  execve("/opt/pipx_bin/as", ["as", "-EL", "-mabi=lp64", "-o", "/tmp/cctxu8VE.o", "/home/runner/work/_temp/transiti"...], 0x30dc0c20 /* 116 vars */) = -1 ENOENT (No such file or directory)
6069  execve("/home/runner/.cargo/bin/as", ["as", "-EL", "-mabi=lp64", "-o", "/tmp/cctxu8VE.o", "/home/runner/work/_temp/transiti"...], 0x30dc0c20 /* 116 vars */) = -1 ENOENT (No such file or directory)
6069  execve("/home/runner/.config/composer/vendor/bin/as", ["as", "-EL", "-mabi=lp64", "-o", "/tmp/cctxu8VE.o", "/home/runner/work/_temp/transiti"...], 0x30dc0c20 /* 116 vars */) = -1 ENOENT (No such file or directory)
6069  execve("/home/runner/.dotnet/tools/as", ["as", "-EL", "-mabi=lp64", "-o", "/tmp/cctxu8VE.o", "/home/runner/work/_temp/transiti"...], 0x30dc0c20 /* 116 vars */) = -1 ENOENT (No such file or directory)
6069  execve("/usr/local/sbin/as", ["as", "-EL", "-mabi=lp64", "-o", "/tmp/cctxu8VE.o", "/home/runner/work/_temp/transiti"...], 0x30dc0c20 /* 116 vars */) = -1 ENOENT (No such file or directory)
6069  execve("/usr/local/bin/as", ["as", "-EL", "-mabi=lp64", "-o", "/tmp/cctxu8VE.o", "/home/runner/work/_temp/transiti"...], 0x30dc0c20 /* 116 vars */) = -1 ENOENT (No such file or directory)
6069  execve("/usr/sbin/as", ["as", "-EL", "-mabi=lp64", "-o", "/tmp/cctxu8VE.o", "/home/runner/work/_temp/transiti"...], 0x30dc0c20 /* 116 vars */) = -1 ENOENT (No such file or directory)
6069  execve("/usr/bin/as", ["as", "-EL", "-mabi=lp64", "-o", "/tmp/cctxu8VE.o", "/home/runner/work/_temp/transiti"...], 0x30dc0c20 /* 116 vars */ <unfinished ...>
6068  <... clone resumed>)              = 6069
6069  <... execve resumed>)             = 0
6068  wait4(6069,  <unfinished ...>
6069  exit_group(0)                     = ?
6069  +++ exited with 0 +++
6068  <... wait4 resumed>[{WIFEXITED(s) && WEXITSTATUS(s) == 0}], 0, NULL) = 6069
6068  --- SIGCHLD {si_signo=SIGCHLD, si_code=CLD_EXITED, si_pid=6069, si_uid=1001, si_status=0, si_utime=8 /* 0.08 s */, si_stime=1 /* 0.01 s */} ---
6068  clone(child_stack=0xffffd8fad2f0, flags=CLONE_VM|CLONE_VFORK|SIGCHLD <unfinished ...>
6070  execve("/usr/libexec/gcc/aarch64-linux-gnu/13/collect2", ["/usr/libexec/gcc/aarch64-linux-g"..., "-plugin", "/usr/libexec/gcc/aarch64-linux-g"..., "-plugin-opt=/usr/libexec/gcc/aar"..., "-plugin-opt=-fresolution=/tmp/cc"..., "-plugin-opt=-pass-through=-lgcc", "-plugin-opt=-pass-through=-lgcc_"..., "-plugin-opt=-pass-through=-lc", "-plugin-opt=-pass-through=-lgcc", "-plugin-opt=-pass-through=-lgcc_"..., "--build-id", "--eh-frame-hdr", "--hash-style=gnu", "--as-needed", "-dynamic-linker", "/lib/ld-linux-aarch64.so.1", "-X", "-EL", "-maarch64linux", "--fix-cortex-a53-843419", "-pie", "-z", "now", "-z", "relro", "-o", "/home/runner/work/_temp/transiti"..., "/usr/lib/gcc/aarch64-linux-gnu/1"..., "/usr/lib/gcc/aarch64-linux-gnu/1"..., "/usr/lib/gcc/aarch64-linux-gnu/1"..., "-L/usr/lib/gcc/aarch64-linux-gnu"..., "-L/usr/lib/gcc/aarch64-linux-gnu"..., ...], 0x30dc13c0 /* 118 vars */ <unfinished ...>
6068  <... clone resumed>)              = 6070
6070  <... execve resumed>)             = 0
6068  wait4(6070,  <unfinished ...>
6070  clone(child_stack=0xffffd37c7de0, flags=CLONE_VM|CLONE_VFORK|SIGCHLD <unfinished ...>
6071  execve("/usr/bin/ld", ["/usr/bin/ld", "-plugin", "/usr/libexec/gcc/aarch64-linux-g"..., "-plugin-opt=/usr/libexec/gcc/aar"..., "-plugin-opt=-fresolution=/tmp/cc"..., "-plugin-opt=-pass-through=-lgcc", "-plugin-opt=-pass-through=-lgcc_"..., "-plugin-opt=-pass-through=-lc", "-plugin-opt=-pass-through=-lgcc", "-plugin-opt=-pass-through=-lgcc_"..., "--build-id", "--eh-frame-hdr", "--hash-style=gnu", "--as-needed", "-dynamic-linker", "/lib/ld-linux-aarch64.so.1", "-X", "-EL", "-maarch64linux", "--fix-cortex-a53-843419", "-pie", "-z", "now", "-z", "relro", "-o", "/home/runner/work/_temp/transiti"..., "/usr/lib/gcc/aarch64-linux-gnu/1"..., "/usr/lib/gcc/aarch64-linux-gnu/1"..., "/usr/lib/gcc/aarch64-linux-gnu/1"..., "-L/usr/lib/gcc/aarch64-linux-gnu"..., "-L/usr/lib/gcc/aarch64-linux-gnu"..., ...], 0xffffd37c8490 /* 118 vars */ <unfinished ...>
6070  <... clone resumed>)              = 6071
6071  <... execve resumed>)             = 0
6070  wait4(6071,  <unfinished ...>
6071  exit_group(0)                     = ?
6071  +++ exited with 0 +++
6070  <... wait4 resumed>[{WIFEXITED(s) && WEXITSTATUS(s) == 0}], 0, NULL) = 6071
6070  --- SIGCHLD {si_signo=SIGCHLD, si_code=CLD_EXITED, si_pid=6071, si_uid=1001, si_status=0, si_utime=1 /* 0.01 s */, si_stime=1 /* 0.01 s */} ---
6070  exit_group(0)                     = ?
6070  +++ exited with 0 +++
6068  <... wait4 resumed>[{WIFEXITED(s) && WEXITSTATUS(s) == 0}], 0, NULL) = 6070
6068  --- SIGCHLD {si_signo=SIGCHLD, si_code=CLD_EXITED, si_pid=6070, si_uid=1001, si_status=0, si_utime=0, si_stime=0} ---
6068  exit_group(0)                     = ?
6068  +++ exited with 0 +++
6064  <... wait4 resumed>[{WIFEXITED(s) && WEXITSTATUS(s) == 0}], 0, NULL) = 6068
6064  --- SIGCHLD {si_signo=SIGCHLD, si_code=CLD_EXITED, si_pid=6068, si_uid=1001, si_status=0, si_utime=0, si_stime=0} ---
6064  exit_group(0)                     = ?
6064  +++ exited with 0 +++
