5996  execve("/home/runner/work/_temp/release/type-rb-native-bootstrap-linux-arm64", ["/home/runner/work/_temp/release/"..., "build", "compiler/gate4/src/compiler.trb", "--output", "/home/runner/work/_temp/transiti"..., "--qbe", "/home/runner/work/_temp/qbe-1.3/"..., "--cc", "/usr/bin/cc", "--target", "linux-arm64-v0"], 0xffffd6b86718 /* 111 vars */) = 0
5996  clone(child_stack=NULL, flags=CLONE_CHILD_CLEARTID|CLONE_CHILD_SETTID|SIGCHLD, child_tidptr=0xff719da71f90) = 6056
5996  wait4(6056,  <unfinished ...>
6056  execve("/home/runner/work/_temp/qbe-1.3/qbe", ["/home/runner/work/_temp/qbe-1.3/"..., "-t", "arm64", "-o", "/home/runner/work/_temp/transiti"..., "/home/runner/work/_temp/transiti"...], 0xfffff11d2568 /* 111 vars */) = 0
6056  exit_group(0)                     = ?
6056  +++ exited with 0 +++
5996  <... wait4 resumed>[{WIFEXITED(s) && WEXITSTATUS(s) == 0}], 0, NULL) = 6056
5996  --- SIGCHLD {si_signo=SIGCHLD, si_code=CLD_EXITED, si_pid=6056, si_uid=1001, si_status=0, si_utime=17 /* 0.17 s */, si_stime=1 /* 0.01 s */} ---
5996  clone(child_stack=NULL, flags=CLONE_CHILD_CLEARTID|CLONE_CHILD_SETTID|SIGCHLD, child_tidptr=0xff719da71f90) = 6057
5996  wait4(6057,  <unfinished ...>
6057  execve("/usr/bin/cc", ["/usr/bin/cc", "-xassembler", "/home/runner/work/_temp/transiti"..., "-Wl,--gc-sections,--strip-all", "-o", "/home/runner/work/_temp/transiti"...], 0xfffff11d2568 /* 111 vars */) = 0
6057  clone(child_stack=0xfffffda91660, flags=CLONE_VM|CLONE_VFORK|SIGCHLD <unfinished ...>
6058  execve("/home/runner/go/bin/as", ["as", "-EL", "-mabi=lp64", "-o", "/tmp/ccqZ5srr.o", "/home/runner/work/_temp/transiti"...], 0x282cfc10 /* 116 vars */) = -1 ENOENT (No such file or directory)
6058  execve("/opt/hostedtoolcache/go/1.27.0/arm64/bin/as", ["as", "-EL", "-mabi=lp64", "-o", "/tmp/ccqZ5srr.o", "/home/runner/work/_temp/transiti"...], 0x282cfc10 /* 116 vars */) = -1 ENOENT (No such file or directory)
6058  execve("/snap/bin/as", ["as", "-EL", "-mabi=lp64", "-o", "/tmp/ccqZ5srr.o", "/home/runner/work/_temp/transiti"...], 0x282cfc10 /* 116 vars */) = -1 ENOENT (No such file or directory)
6058  execve("/home/runner/.local/bin/as", ["as", "-EL", "-mabi=lp64", "-o", "/tmp/ccqZ5srr.o", "/home/runner/work/_temp/transiti"...], 0x282cfc10 /* 116 vars */) = -1 ENOENT (No such file or directory)
6058  execve("/opt/pipx_bin/as", ["as", "-EL", "-mabi=lp64", "-o", "/tmp/ccqZ5srr.o", "/home/runner/work/_temp/transiti"...], 0x282cfc10 /* 116 vars */) = -1 ENOENT (No such file or directory)
6058  execve("/home/runner/.cargo/bin/as", ["as", "-EL", "-mabi=lp64", "-o", "/tmp/ccqZ5srr.o", "/home/runner/work/_temp/transiti"...], 0x282cfc10 /* 116 vars */) = -1 ENOENT (No such file or directory)
6058  execve("/home/runner/.config/composer/vendor/bin/as", ["as", "-EL", "-mabi=lp64", "-o", "/tmp/ccqZ5srr.o", "/home/runner/work/_temp/transiti"...], 0x282cfc10 /* 116 vars */) = -1 ENOENT (No such file or directory)
6058  execve("/home/runner/.dotnet/tools/as", ["as", "-EL", "-mabi=lp64", "-o", "/tmp/ccqZ5srr.o", "/home/runner/work/_temp/transiti"...], 0x282cfc10 /* 116 vars */) = -1 ENOENT (No such file or directory)
6058  execve("/usr/local/sbin/as", ["as", "-EL", "-mabi=lp64", "-o", "/tmp/ccqZ5srr.o", "/home/runner/work/_temp/transiti"...], 0x282cfc10 /* 116 vars */) = -1 ENOENT (No such file or directory)
6058  execve("/usr/local/bin/as", ["as", "-EL", "-mabi=lp64", "-o", "/tmp/ccqZ5srr.o", "/home/runner/work/_temp/transiti"...], 0x282cfc10 /* 116 vars */) = -1 ENOENT (No such file or directory)
6058  execve("/usr/sbin/as", ["as", "-EL", "-mabi=lp64", "-o", "/tmp/ccqZ5srr.o", "/home/runner/work/_temp/transiti"...], 0x282cfc10 /* 116 vars */) = -1 ENOENT (No such file or directory)
6058  execve("/usr/bin/as", ["as", "-EL", "-mabi=lp64", "-o", "/tmp/ccqZ5srr.o", "/home/runner/work/_temp/transiti"...], 0x282cfc10 /* 116 vars */ <unfinished ...>
6057  <... clone resumed>)              = 6058
6058  <... execve resumed>)             = 0
6057  wait4(6058,  <unfinished ...>
6058  exit_group(0)                     = ?
6058  +++ exited with 0 +++
6057  <... wait4 resumed>[{WIFEXITED(s) && WEXITSTATUS(s) == 0}], 0, NULL) = 6058
6057  --- SIGCHLD {si_signo=SIGCHLD, si_code=CLD_EXITED, si_pid=6058, si_uid=1001, si_status=0, si_utime=8 /* 0.08 s */, si_stime=0} ---
6057  clone(child_stack=0xfffffda907a0, flags=CLONE_VM|CLONE_VFORK|SIGCHLD <unfinished ...>
6059  execve("/usr/libexec/gcc/aarch64-linux-gnu/13/collect2", ["/usr/libexec/gcc/aarch64-linux-g"..., "-plugin", "/usr/libexec/gcc/aarch64-linux-g"..., "-plugin-opt=/usr/libexec/gcc/aar"..., "-plugin-opt=-fresolution=/tmp/cc"..., "-plugin-opt=-pass-through=-lgcc", "-plugin-opt=-pass-through=-lgcc_"..., "-plugin-opt=-pass-through=-lc", "-plugin-opt=-pass-through=-lgcc", "-plugin-opt=-pass-through=-lgcc_"..., "--build-id", "--eh-frame-hdr", "--hash-style=gnu", "--as-needed", "-dynamic-linker", "/lib/ld-linux-aarch64.so.1", "-X", "-EL", "-maarch64linux", "--fix-cortex-a53-843419", "-pie", "-z", "now", "-z", "relro", "-o", "/home/runner/work/_temp/transiti"..., "/usr/lib/gcc/aarch64-linux-gnu/1"..., "/usr/lib/gcc/aarch64-linux-gnu/1"..., "/usr/lib/gcc/aarch64-linux-gnu/1"..., "-L/usr/lib/gcc/aarch64-linux-gnu"..., "-L/usr/lib/gcc/aarch64-linux-gnu"..., ...], 0x282d03b0 /* 118 vars */ <unfinished ...>
6057  <... clone resumed>)              = 6059
6059  <... execve resumed>)             = 0
6057  wait4(6059,  <unfinished ...>
6059  clone(child_stack=0xfffffd76d660, flags=CLONE_VM|CLONE_VFORK|SIGCHLD <unfinished ...>
6060  execve("/usr/bin/ld", ["/usr/bin/ld", "-plugin", "/usr/libexec/gcc/aarch64-linux-g"..., "-plugin-opt=/usr/libexec/gcc/aar"..., "-plugin-opt=-fresolution=/tmp/cc"..., "-plugin-opt=-pass-through=-lgcc", "-plugin-opt=-pass-through=-lgcc_"..., "-plugin-opt=-pass-through=-lc", "-plugin-opt=-pass-through=-lgcc", "-plugin-opt=-pass-through=-lgcc_"..., "--build-id", "--eh-frame-hdr", "--hash-style=gnu", "--as-needed", "-dynamic-linker", "/lib/ld-linux-aarch64.so.1", "-X", "-EL", "-maarch64linux", "--fix-cortex-a53-843419", "-pie", "-z", "now", "-z", "relro", "-o", "/home/runner/work/_temp/transiti"..., "/usr/lib/gcc/aarch64-linux-gnu/1"..., "/usr/lib/gcc/aarch64-linux-gnu/1"..., "/usr/lib/gcc/aarch64-linux-gnu/1"..., "-L/usr/lib/gcc/aarch64-linux-gnu"..., "-L/usr/lib/gcc/aarch64-linux-gnu"..., ...], 0xfffffd76dd10 /* 118 vars */ <unfinished ...>
6059  <... clone resumed>)              = 6060
6060  <... execve resumed>)             = 0
6059  wait4(6060,  <unfinished ...>
6060  exit_group(0)                     = ?
6060  +++ exited with 0 +++
6059  <... wait4 resumed>[{WIFEXITED(s) && WEXITSTATUS(s) == 0}], 0, NULL) = 6060
6059  --- SIGCHLD {si_signo=SIGCHLD, si_code=CLD_EXITED, si_pid=6060, si_uid=1001, si_status=0, si_utime=0, si_stime=1 /* 0.01 s */} ---
6059  exit_group(0)                     = ?
6059  +++ exited with 0 +++
6057  <... wait4 resumed>[{WIFEXITED(s) && WEXITSTATUS(s) == 0}], 0, NULL) = 6059
6057  --- SIGCHLD {si_signo=SIGCHLD, si_code=CLD_EXITED, si_pid=6059, si_uid=1001, si_status=0, si_utime=0, si_stime=0} ---
6057  exit_group(0)                     = ?
6057  +++ exited with 0 +++
5996  <... wait4 resumed>[{WIFEXITED(s) && WEXITSTATUS(s) == 0}], 0, NULL) = 6057
5996  --- SIGCHLD {si_signo=SIGCHLD, si_code=CLD_EXITED, si_pid=6057, si_uid=1001, si_status=0, si_utime=0, si_stime=0} ---
5996  exit_group(0)                     = ?
5996  +++ exited with 0 +++
