6306  execve("/home/runner/work/_temp/release/type-rb-native-bootstrap-linux-arm64", ["/home/runner/work/_temp/release/"..., "build", "compiler/src/compiler.trb", "--output", "/home/runner/work/_temp/transiti"..., "--qbe", "/home/runner/work/_temp/qbe-1.3/"..., "--cc", "/usr/bin/cc", "--target", "linux-arm64-v0"], 0xffffe40fb758 /* 111 vars */) = 0
6306  clone(child_stack=NULL, flags=CLONE_CHILD_CLEARTID|CLONE_CHILD_SETTID|SIGCHLD, child_tidptr=0xff9568a33f90) = 6307
6306  wait4(6307,  <unfinished ...>
6307  execve("/home/runner/work/_temp/qbe-1.3/qbe", ["/home/runner/work/_temp/qbe-1.3/"..., "-t", "arm64", "-o", "/home/runner/work/_temp/transiti"..., "/home/runner/work/_temp/transiti"...], 0xffffc2c38ef8 /* 111 vars */) = 0
6307  exit_group(0)                     = ?
6307  +++ exited with 0 +++
6306  <... wait4 resumed>[{WIFEXITED(s) && WEXITSTATUS(s) == 0}], 0, NULL) = 6307
6306  --- SIGCHLD {si_signo=SIGCHLD, si_code=CLD_EXITED, si_pid=6307, si_uid=1001, si_status=0, si_utime=25 /* 0.25 s */, si_stime=1 /* 0.01 s */} ---
6306  clone(child_stack=NULL, flags=CLONE_CHILD_CLEARTID|CLONE_CHILD_SETTID|SIGCHLD, child_tidptr=0xff9568a33f90) = 6308
6306  wait4(6308,  <unfinished ...>
6308  execve("/usr/bin/cc", ["/usr/bin/cc", "-xassembler", "/home/runner/work/_temp/transiti"..., "-Wl,--gc-sections,--strip-all", "-o", "/home/runner/work/_temp/transiti"...], 0xffffc2c38ef8 /* 111 vars */) = 0
6308  clone(child_stack=0xffffdf995660, flags=CLONE_VM|CLONE_VFORK|SIGCHLD <unfinished ...>
6309  execve("/home/runner/go/bin/as", ["as", "-EL", "-mabi=lp64", "-o", "/tmp/ccb3VLqY.o", "/home/runner/work/_temp/transiti"...], 0x99c1c10 /* 116 vars */) = -1 ENOENT (No such file or directory)
6309  execve("/opt/hostedtoolcache/go/1.27.1/arm64/bin/as", ["as", "-EL", "-mabi=lp64", "-o", "/tmp/ccb3VLqY.o", "/home/runner/work/_temp/transiti"...], 0x99c1c10 /* 116 vars */) = -1 ENOENT (No such file or directory)
6309  execve("/snap/bin/as", ["as", "-EL", "-mabi=lp64", "-o", "/tmp/ccb3VLqY.o", "/home/runner/work/_temp/transiti"...], 0x99c1c10 /* 116 vars */) = -1 ENOENT (No such file or directory)
6309  execve("/home/runner/.local/bin/as", ["as", "-EL", "-mabi=lp64", "-o", "/tmp/ccb3VLqY.o", "/home/runner/work/_temp/transiti"...], 0x99c1c10 /* 116 vars */) = -1 ENOENT (No such file or directory)
6309  execve("/opt/pipx_bin/as", ["as", "-EL", "-mabi=lp64", "-o", "/tmp/ccb3VLqY.o", "/home/runner/work/_temp/transiti"...], 0x99c1c10 /* 116 vars */) = -1 ENOENT (No such file or directory)
6309  execve("/home/runner/.cargo/bin/as", ["as", "-EL", "-mabi=lp64", "-o", "/tmp/ccb3VLqY.o", "/home/runner/work/_temp/transiti"...], 0x99c1c10 /* 116 vars */) = -1 ENOENT (No such file or directory)
6309  execve("/home/runner/.config/composer/vendor/bin/as", ["as", "-EL", "-mabi=lp64", "-o", "/tmp/ccb3VLqY.o", "/home/runner/work/_temp/transiti"...], 0x99c1c10 /* 116 vars */) = -1 ENOENT (No such file or directory)
6309  execve("/home/runner/.dotnet/tools/as", ["as", "-EL", "-mabi=lp64", "-o", "/tmp/ccb3VLqY.o", "/home/runner/work/_temp/transiti"...], 0x99c1c10 /* 116 vars */) = -1 ENOENT (No such file or directory)
6309  execve("/usr/local/sbin/as", ["as", "-EL", "-mabi=lp64", "-o", "/tmp/ccb3VLqY.o", "/home/runner/work/_temp/transiti"...], 0x99c1c10 /* 116 vars */) = -1 ENOENT (No such file or directory)
6309  execve("/usr/local/bin/as", ["as", "-EL", "-mabi=lp64", "-o", "/tmp/ccb3VLqY.o", "/home/runner/work/_temp/transiti"...], 0x99c1c10 /* 116 vars */) = -1 ENOENT (No such file or directory)
6309  execve("/usr/sbin/as", ["as", "-EL", "-mabi=lp64", "-o", "/tmp/ccb3VLqY.o", "/home/runner/work/_temp/transiti"...], 0x99c1c10 /* 116 vars */) = -1 ENOENT (No such file or directory)
6309  execve("/usr/bin/as", ["as", "-EL", "-mabi=lp64", "-o", "/tmp/ccb3VLqY.o", "/home/runner/work/_temp/transiti"...], 0x99c1c10 /* 116 vars */ <unfinished ...>
6308  <... clone resumed>)              = 6309
6309  <... execve resumed>)             = 0
6308  wait4(6309,  <unfinished ...>
6309  exit_group(0)                     = ?
6309  +++ exited with 0 +++
6308  <... wait4 resumed>[{WIFEXITED(s) && WEXITSTATUS(s) == 0}], 0, NULL) = 6309
6308  --- SIGCHLD {si_signo=SIGCHLD, si_code=CLD_EXITED, si_pid=6309, si_uid=1001, si_status=0, si_utime=11 /* 0.11 s */, si_stime=0} ---
6308  clone(child_stack=0xffffdf9947a0, flags=CLONE_VM|CLONE_VFORK|SIGCHLD <unfinished ...>
6310  execve("/usr/libexec/gcc/aarch64-linux-gnu/13/collect2", ["/usr/libexec/gcc/aarch64-linux-g"..., "-plugin", "/usr/libexec/gcc/aarch64-linux-g"..., "-plugin-opt=/usr/libexec/gcc/aar"..., "-plugin-opt=-fresolution=/tmp/cc"..., "-plugin-opt=-pass-through=-lgcc", "-plugin-opt=-pass-through=-lgcc_"..., "-plugin-opt=-pass-through=-lc", "-plugin-opt=-pass-through=-lgcc", "-plugin-opt=-pass-through=-lgcc_"..., "--build-id", "--eh-frame-hdr", "--hash-style=gnu", "--as-needed", "-dynamic-linker", "/lib/ld-linux-aarch64.so.1", "-X", "-EL", "-maarch64linux", "--fix-cortex-a53-843419", "-pie", "-z", "now", "-z", "relro", "-o", "/home/runner/work/_temp/transiti"..., "/usr/lib/gcc/aarch64-linux-gnu/1"..., "/usr/lib/gcc/aarch64-linux-gnu/1"..., "/usr/lib/gcc/aarch64-linux-gnu/1"..., "-L/usr/lib/gcc/aarch64-linux-gnu"..., "-L/usr/lib/gcc/aarch64-linux-gnu"..., ...], 0x99c23b0 /* 118 vars */ <unfinished ...>
6308  <... clone resumed>)              = 6310
6310  <... execve resumed>)             = 0
6308  wait4(6310,  <unfinished ...>
6310  clone(child_stack=0xffffc0cae4f0, flags=CLONE_VM|CLONE_VFORK|SIGCHLD <unfinished ...>
6311  execve("/usr/bin/ld", ["/usr/bin/ld", "-plugin", "/usr/libexec/gcc/aarch64-linux-g"..., "-plugin-opt=/usr/libexec/gcc/aar"..., "-plugin-opt=-fresolution=/tmp/cc"..., "-plugin-opt=-pass-through=-lgcc", "-plugin-opt=-pass-through=-lgcc_"..., "-plugin-opt=-pass-through=-lc", "-plugin-opt=-pass-through=-lgcc", "-plugin-opt=-pass-through=-lgcc_"..., "--build-id", "--eh-frame-hdr", "--hash-style=gnu", "--as-needed", "-dynamic-linker", "/lib/ld-linux-aarch64.so.1", "-X", "-EL", "-maarch64linux", "--fix-cortex-a53-843419", "-pie", "-z", "now", "-z", "relro", "-o", "/home/runner/work/_temp/transiti"..., "/usr/lib/gcc/aarch64-linux-gnu/1"..., "/usr/lib/gcc/aarch64-linux-gnu/1"..., "/usr/lib/gcc/aarch64-linux-gnu/1"..., "-L/usr/lib/gcc/aarch64-linux-gnu"..., "-L/usr/lib/gcc/aarch64-linux-gnu"..., ...], 0xffffc0caeba0 /* 118 vars */ <unfinished ...>
6310  <... clone resumed>)              = 6311
6311  <... execve resumed>)             = 0
6310  wait4(6311,  <unfinished ...>
6311  exit_group(0)                     = ?
6311  +++ exited with 0 +++
6310  <... wait4 resumed>[{WIFEXITED(s) && WEXITSTATUS(s) == 0}], 0, NULL) = 6311
6310  --- SIGCHLD {si_signo=SIGCHLD, si_code=CLD_EXITED, si_pid=6311, si_uid=1001, si_status=0, si_utime=1 /* 0.01 s */, si_stime=1 /* 0.01 s */} ---
6310  exit_group(0)                     = ?
6310  +++ exited with 0 +++
6308  <... wait4 resumed>[{WIFEXITED(s) && WEXITSTATUS(s) == 0}], 0, NULL) = 6310
6308  --- SIGCHLD {si_signo=SIGCHLD, si_code=CLD_EXITED, si_pid=6310, si_uid=1001, si_status=0, si_utime=0, si_stime=0} ---
6308  exit_group(0)                     = ?
6308  +++ exited with 0 +++
6306  <... wait4 resumed>[{WIFEXITED(s) && WEXITSTATUS(s) == 0}], 0, NULL) = 6308
6306  --- SIGCHLD {si_signo=SIGCHLD, si_code=CLD_EXITED, si_pid=6308, si_uid=1001, si_status=0, si_utime=0, si_stime=0} ---
6306  exit_group(0)                     = ?
6306  +++ exited with 0 +++
