9531  execve("/home/runner/work/_temp/candidate-compiler", ["/home/runner/work/_temp/candidat"..., "build", "/home/runner/work/type-rb-native"..., "--output", "/home/runner/work/_temp/build-wo"..., "--qbe", "/home/runner/work/_temp/qbe-1.3/"..., "--cc", "/usr/bin/cc", "--target", "linux-arm64-v0"], 0xffffdd6b40a8 /* 115 vars */) = 0
9531  clone(child_stack=NULL, flags=CLONE_CHILD_CLEARTID|CLONE_CHILD_SETTID|SIGCHLD, child_tidptr=0xff9277605f90) = 9532
9531  wait4(9532,  <unfinished ...>
9532  execve("/home/runner/work/_temp/qbe-1.3/qbe", ["/home/runner/work/_temp/qbe-1.3/"..., "-t", "arm64", "-o", "/home/runner/work/_temp/build-wo"..., "/home/runner/work/_temp/build-wo"...], 0xffffe96eda78 /* 115 vars */) = 0
9532  exit_group(0)                     = ?
9532  +++ exited with 0 +++
9531  <... wait4 resumed>[{WIFEXITED(s) && WEXITSTATUS(s) == 0}], 0, NULL) = 9532
9531  --- SIGCHLD {si_signo=SIGCHLD, si_code=CLD_EXITED, si_pid=9532, si_uid=1001, si_status=0, si_utime=1 /* 0.01 s */, si_stime=0} ---
9531  clone(child_stack=NULL, flags=CLONE_CHILD_CLEARTID|CLONE_CHILD_SETTID|SIGCHLD, child_tidptr=0xff9277605f90) = 9533
9531  wait4(9533,  <unfinished ...>
9533  execve("/usr/bin/cc", ["/usr/bin/cc", "-xassembler", "/home/runner/work/_temp/build-wo"..., "-fuse-ld=lld", "-Wl,--gc-sections,--strip-all", "-lm", "-o", "/home/runner/work/_temp/build-wo"...], 0xffffe96eda78 /* 115 vars */) = 0
9533  clone(child_stack=0xffffde4a2880, flags=CLONE_VM|CLONE_VFORK|SIGCHLD <unfinished ...>
9534  execve("/home/runner/go/bin/as", ["as", "-EL", "-mabi=lp64", "-o", "/tmp/cclaIY1s.o", "/home/runner/work/_temp/build-wo"...], 0x2c1c6d80 /* 120 vars */) = -1 ENOENT (No such file or directory)
9534  execve("/opt/hostedtoolcache/go/1.27.0/arm64/bin/as", ["as", "-EL", "-mabi=lp64", "-o", "/tmp/cclaIY1s.o", "/home/runner/work/_temp/build-wo"...], 0x2c1c6d80 /* 120 vars */) = -1 ENOENT (No such file or directory)
9534  execve("/snap/bin/as", ["as", "-EL", "-mabi=lp64", "-o", "/tmp/cclaIY1s.o", "/home/runner/work/_temp/build-wo"...], 0x2c1c6d80 /* 120 vars */) = -1 ENOENT (No such file or directory)
9534  execve("/home/runner/.local/bin/as", ["as", "-EL", "-mabi=lp64", "-o", "/tmp/cclaIY1s.o", "/home/runner/work/_temp/build-wo"...], 0x2c1c6d80 /* 120 vars */) = -1 ENOENT (No such file or directory)
9534  execve("/opt/pipx_bin/as", ["as", "-EL", "-mabi=lp64", "-o", "/tmp/cclaIY1s.o", "/home/runner/work/_temp/build-wo"...], 0x2c1c6d80 /* 120 vars */) = -1 ENOENT (No such file or directory)
9534  execve("/home/runner/.cargo/bin/as", ["as", "-EL", "-mabi=lp64", "-o", "/tmp/cclaIY1s.o", "/home/runner/work/_temp/build-wo"...], 0x2c1c6d80 /* 120 vars */) = -1 ENOENT (No such file or directory)
9534  execve("/home/runner/.config/composer/vendor/bin/as", ["as", "-EL", "-mabi=lp64", "-o", "/tmp/cclaIY1s.o", "/home/runner/work/_temp/build-wo"...], 0x2c1c6d80 /* 120 vars */) = -1 ENOENT (No such file or directory)
9534  execve("/home/runner/.dotnet/tools/as", ["as", "-EL", "-mabi=lp64", "-o", "/tmp/cclaIY1s.o", "/home/runner/work/_temp/build-wo"...], 0x2c1c6d80 /* 120 vars */) = -1 ENOENT (No such file or directory)
9534  execve("/usr/local/sbin/as", ["as", "-EL", "-mabi=lp64", "-o", "/tmp/cclaIY1s.o", "/home/runner/work/_temp/build-wo"...], 0x2c1c6d80 /* 120 vars */) = -1 ENOENT (No such file or directory)
9534  execve("/usr/local/bin/as", ["as", "-EL", "-mabi=lp64", "-o", "/tmp/cclaIY1s.o", "/home/runner/work/_temp/build-wo"...], 0x2c1c6d80 /* 120 vars */) = -1 ENOENT (No such file or directory)
9534  execve("/usr/sbin/as", ["as", "-EL", "-mabi=lp64", "-o", "/tmp/cclaIY1s.o", "/home/runner/work/_temp/build-wo"...], 0x2c1c6d80 /* 120 vars */) = -1 ENOENT (No such file or directory)
9534  execve("/usr/bin/as", ["as", "-EL", "-mabi=lp64", "-o", "/tmp/cclaIY1s.o", "/home/runner/work/_temp/build-wo"...], 0x2c1c6d80 /* 120 vars */ <unfinished ...>
9533  <... clone resumed>)              = 9534
9533  wait4(9534,  <unfinished ...>
9534  <... execve resumed>)             = 0
9534  exit_group(0)                     = ?
9534  +++ exited with 0 +++
9533  <... wait4 resumed>[{WIFEXITED(s) && WEXITSTATUS(s) == 0}], 0, NULL) = 9534
9533  --- SIGCHLD {si_signo=SIGCHLD, si_code=CLD_EXITED, si_pid=9534, si_uid=1001, si_status=0, si_utime=0, si_stime=0} ---
9533  clone(child_stack=0xffffde4a19c0, flags=CLONE_VM|CLONE_VFORK|SIGCHLD <unfinished ...>
9535  execve("/usr/libexec/gcc/aarch64-linux-gnu/13/collect2", ["/usr/libexec/gcc/aarch64-linux-g"..., "-plugin", "/usr/libexec/gcc/aarch64-linux-g"..., "-plugin-opt=/usr/libexec/gcc/aar"..., "-plugin-opt=-fresolution=/tmp/cc"..., "-plugin-opt=-pass-through=-lgcc", "-plugin-opt=-pass-through=-lgcc_"..., "-plugin-opt=-pass-through=-lc", "-plugin-opt=-pass-through=-lgcc", "-plugin-opt=-pass-through=-lgcc_"..., "--build-id", "--eh-frame-hdr", "--hash-style=gnu", "--as-needed", "-dynamic-linker", "/lib/ld-linux-aarch64.so.1", "-X", "-EL", "-maarch64linux", "--fix-cortex-a53-843419", "-pie", "-z", "now", "-fuse-ld=lld", "-z", "relro", "-o", "/home/runner/work/_temp/build-wo"..., "/usr/lib/gcc/aarch64-linux-gnu/1"..., "/usr/lib/gcc/aarch64-linux-gnu/1"..., "/usr/lib/gcc/aarch64-linux-gnu/1"..., "-L/usr/lib/gcc/aarch64-linux-gnu"..., ...], 0x2c1c75d0 /* 122 vars */ <unfinished ...>
9533  <... clone resumed>)              = 9535
9533  wait4(9535,  <unfinished ...>
9535  <... execve resumed>)             = 0
9535  clone(child_stack=0xfffff745d060, flags=CLONE_VM|CLONE_VFORK|SIGCHLD <unfinished ...>
9536  execve("/usr/bin/ld.lld", ["/usr/bin/ld.lld", "-plugin", "/usr/libexec/gcc/aarch64-linux-g"..., "-plugin-opt=/usr/libexec/gcc/aar"..., "-plugin-opt=-fresolution=/tmp/cc"..., "-plugin-opt=-pass-through=-lgcc", "-plugin-opt=-pass-through=-lgcc_"..., "-plugin-opt=-pass-through=-lc", "-plugin-opt=-pass-through=-lgcc", "-plugin-opt=-pass-through=-lgcc_"..., "--build-id", "--eh-frame-hdr", "--hash-style=gnu", "--as-needed", "-dynamic-linker", "/lib/ld-linux-aarch64.so.1", "-X", "-EL", "-maarch64linux", "--fix-cortex-a53-843419", "-pie", "-z", "now", "-z", "relro", "-o", "/home/runner/work/_temp/build-wo"..., "/usr/lib/gcc/aarch64-linux-gnu/1"..., "/usr/lib/gcc/aarch64-linux-gnu/1"..., "/usr/lib/gcc/aarch64-linux-gnu/1"..., "-L/usr/lib/gcc/aarch64-linux-gnu"..., "-L/usr/lib/gcc/aarch64-linux-gnu"..., ...], 0xfffff745d720 /* 122 vars */ <unfinished ...>
9535  <... clone resumed>)              = 9536
9535  wait4(9536,  <unfinished ...>
9536  <... execve resumed>)             = 0
9536  clone3({flags=CLONE_VM|CLONE_FS|CLONE_FILES|CLONE_SIGHAND|CLONE_THREAD|CLONE_SYSVSEM|CLONE_SETTLS|CLONE_PARENT_SETTID|CLONE_CHILD_CLEARTID, child_tid=0xffd87e1ff050, parent_tid=0xffd87e1ff050, exit_signal=0, stack=0xffd87a1f0000, stack_size=0x400e840, tls=0xffd87e1ff6c0} => {parent_tid=[9537]}, 88) = 9537
9537  clone3({flags=CLONE_VM|CLONE_FS|CLONE_FILES|CLONE_SIGHAND|CLONE_THREAD|CLONE_SYSVSEM|CLONE_SETTLS|CLONE_PARENT_SETTID|CLONE_CHILD_CLEARTID, child_tid=0xffd873fff050, parent_tid=0xffd873fff050, exit_signal=0, stack=0xffd86fff0000, stack_size=0x400e840, tls=0xffd873fff6c0} => {parent_tid=[9538]}, 88) = 9538
9537  clone3({flags=CLONE_VM|CLONE_FS|CLONE_FILES|CLONE_SIGHAND|CLONE_THREAD|CLONE_SYSVSEM|CLONE_SETTLS|CLONE_PARENT_SETTID|CLONE_CHILD_CLEARTID, child_tid=0xffd86ffef050, parent_tid=0xffd86ffef050, exit_signal=0, stack=0xffd86bfe0000, stack_size=0x400e840, tls=0xffd86ffef6c0} => {parent_tid=[9539]}, 88) = 9539
9537  clone3({flags=CLONE_VM|CLONE_FS|CLONE_FILES|CLONE_SIGHAND|CLONE_THREAD|CLONE_SYSVSEM|CLONE_SETTLS|CLONE_PARENT_SETTID|CLONE_CHILD_CLEARTID, child_tid=0xffd863fff050, parent_tid=0xffd863fff050, exit_signal=0, stack=0xffd85fff0000, stack_size=0x400e840, tls=0xffd863fff6c0} => {parent_tid=[9540]}, 88) = 9540
9540  exit(0 <unfinished ...>
9539  exit(0 <unfinished ...>
9538  exit(0 <unfinished ...>
9540  <... exit resumed>)               = ?
9539  <... exit resumed>)               = ?
9538  <... exit resumed>)               = ?
9540  +++ exited with 0 +++
9539  +++ exited with 0 +++
9538  +++ exited with 0 +++
9536  exit_group(0)                     = ?
9537  +++ exited with 0 +++
9536  +++ exited with 0 +++
9535  <... wait4 resumed>[{WIFEXITED(s) && WEXITSTATUS(s) == 0}], 0, NULL) = 9536
9535  --- SIGCHLD {si_signo=SIGCHLD, si_code=CLD_EXITED, si_pid=9536, si_uid=1001, si_status=0, si_utime=0, si_stime=2 /* 0.02 s */} ---
9535  exit_group(0)                     = ?
9535  +++ exited with 0 +++
9533  <... wait4 resumed>[{WIFEXITED(s) && WEXITSTATUS(s) == 0}], 0, NULL) = 9535
9533  --- SIGCHLD {si_signo=SIGCHLD, si_code=CLD_EXITED, si_pid=9535, si_uid=1001, si_status=0, si_utime=0, si_stime=0} ---
9533  exit_group(0)                     = ?
9533  +++ exited with 0 +++
9531  <... wait4 resumed>[{WIFEXITED(s) && WEXITSTATUS(s) == 0}], 0, NULL) = 9533
9531  --- SIGCHLD {si_signo=SIGCHLD, si_code=CLD_EXITED, si_pid=9533, si_uid=1001, si_status=0, si_utime=0, si_stime=0} ---
9531  exit_group(0)                     = ?
9531  +++ exited with 0 +++
