10012 execve("/home/runner/work/_temp/bootstrap-workspace/b4/compiler", ["/home/runner/work/_temp/bootstra"..., "build", "/home/runner/work/type-rb-native"..., "--output", "/home/runner/work/_temp/bootstra"..., "--qbe", "/home/runner/work/_temp/qbe-1.3/"..., "--cc", "/usr/bin/cc", "--target", "linux-arm64-v0"], 0xffffc12498b8 /* 111 vars */) = 0
10012 clone(child_stack=NULL, flags=CLONE_CHILD_CLEARTID|CLONE_CHILD_SETTID|SIGCHLD, child_tidptr=0xfff10c7b8f90) = 10013
10012 wait4(10013,  <unfinished ...>
10013 execve("/home/runner/work/_temp/qbe-1.3/qbe", ["/home/runner/work/_temp/qbe-1.3/"..., "-t", "arm64", "-o", "/home/runner/work/_temp/bootstra"..., "/home/runner/work/_temp/bootstra"...], 0xffffcb4fc1e8 /* 111 vars */) = 0
10013 exit_group(0)                     = ?
10013 +++ exited with 0 +++
10012 <... wait4 resumed>[{WIFEXITED(s) && WEXITSTATUS(s) == 0}], 0, NULL) = 10013
10012 --- SIGCHLD {si_signo=SIGCHLD, si_code=CLD_EXITED, si_pid=10013, si_uid=1001, si_status=0, si_utime=0, si_stime=0} ---
10012 clone(child_stack=NULL, flags=CLONE_CHILD_CLEARTID|CLONE_CHILD_SETTID|SIGCHLD, child_tidptr=0xfff10c7b8f90) = 10014
10012 wait4(10014,  <unfinished ...>
10014 execve("/usr/bin/cc", ["/usr/bin/cc", "-xassembler", "/home/runner/work/_temp/bootstra"..., "-fuse-ld=lld", "-Wl,--gc-sections,--strip-all", "-lm", "-o", "/home/runner/work/_temp/bootstra"...], 0xffffcb4fc1e8 /* 111 vars */) = 0
10014 clone(child_stack=0xffffcf5f3b70, flags=CLONE_VM|CLONE_VFORK|SIGCHLD <unfinished ...>
10015 execve("/home/runner/go/bin/as", ["as", "-EL", "-mabi=lp64", "-o", "/tmp/ccJfXYpt.o", "/home/runner/work/_temp/bootstra"...], 0x23798d50 /* 116 vars */) = -1 ENOENT (No such file or directory)
10015 execve("/opt/hostedtoolcache/go/1.27.1/arm64/bin/as", ["as", "-EL", "-mabi=lp64", "-o", "/tmp/ccJfXYpt.o", "/home/runner/work/_temp/bootstra"...], 0x23798d50 /* 116 vars */) = -1 ENOENT (No such file or directory)
10015 execve("/snap/bin/as", ["as", "-EL", "-mabi=lp64", "-o", "/tmp/ccJfXYpt.o", "/home/runner/work/_temp/bootstra"...], 0x23798d50 /* 116 vars */) = -1 ENOENT (No such file or directory)
10015 execve("/home/runner/.local/bin/as", ["as", "-EL", "-mabi=lp64", "-o", "/tmp/ccJfXYpt.o", "/home/runner/work/_temp/bootstra"...], 0x23798d50 /* 116 vars */) = -1 ENOENT (No such file or directory)
10015 execve("/opt/pipx_bin/as", ["as", "-EL", "-mabi=lp64", "-o", "/tmp/ccJfXYpt.o", "/home/runner/work/_temp/bootstra"...], 0x23798d50 /* 116 vars */) = -1 ENOENT (No such file or directory)
10015 execve("/home/runner/.cargo/bin/as", ["as", "-EL", "-mabi=lp64", "-o", "/tmp/ccJfXYpt.o", "/home/runner/work/_temp/bootstra"...], 0x23798d50 /* 116 vars */) = -1 ENOENT (No such file or directory)
10015 execve("/home/runner/.config/composer/vendor/bin/as", ["as", "-EL", "-mabi=lp64", "-o", "/tmp/ccJfXYpt.o", "/home/runner/work/_temp/bootstra"...], 0x23798d50 /* 116 vars */) = -1 ENOENT (No such file or directory)
10015 execve("/home/runner/.dotnet/tools/as", ["as", "-EL", "-mabi=lp64", "-o", "/tmp/ccJfXYpt.o", "/home/runner/work/_temp/bootstra"...], 0x23798d50 /* 116 vars */) = -1 ENOENT (No such file or directory)
10015 execve("/usr/local/sbin/as", ["as", "-EL", "-mabi=lp64", "-o", "/tmp/ccJfXYpt.o", "/home/runner/work/_temp/bootstra"...], 0x23798d50 /* 116 vars */) = -1 ENOENT (No such file or directory)
10015 execve("/usr/local/bin/as", ["as", "-EL", "-mabi=lp64", "-o", "/tmp/ccJfXYpt.o", "/home/runner/work/_temp/bootstra"...], 0x23798d50 /* 116 vars */) = -1 ENOENT (No such file or directory)
10015 execve("/usr/sbin/as", ["as", "-EL", "-mabi=lp64", "-o", "/tmp/ccJfXYpt.o", "/home/runner/work/_temp/bootstra"...], 0x23798d50 /* 116 vars */) = -1 ENOENT (No such file or directory)
10015 execve("/usr/bin/as", ["as", "-EL", "-mabi=lp64", "-o", "/tmp/ccJfXYpt.o", "/home/runner/work/_temp/bootstra"...], 0x23798d50 /* 116 vars */ <unfinished ...>
10014 <... clone resumed>)              = 10015
10015 <... execve resumed>)             = 0
10014 wait4(10015,  <unfinished ...>
10015 exit_group(0)                     = ?
10015 +++ exited with 0 +++
10014 <... wait4 resumed>[{WIFEXITED(s) && WEXITSTATUS(s) == 0}], 0, NULL) = 10015
10014 --- SIGCHLD {si_signo=SIGCHLD, si_code=CLD_EXITED, si_pid=10015, si_uid=1001, si_status=0, si_utime=0, si_stime=0} ---
10014 clone(child_stack=0xffffcf5f2cb0, flags=CLONE_VM|CLONE_VFORK|SIGCHLD <unfinished ...>
10016 execve("/usr/libexec/gcc/aarch64-linux-gnu/13/collect2", ["/usr/libexec/gcc/aarch64-linux-g"..., "-plugin", "/usr/libexec/gcc/aarch64-linux-g"..., "-plugin-opt=/usr/libexec/gcc/aar"..., "-plugin-opt=-fresolution=/tmp/cc"..., "-plugin-opt=-pass-through=-lgcc", "-plugin-opt=-pass-through=-lgcc_"..., "-plugin-opt=-pass-through=-lc", "-plugin-opt=-pass-through=-lgcc", "-plugin-opt=-pass-through=-lgcc_"..., "--build-id", "--eh-frame-hdr", "--hash-style=gnu", "--as-needed", "-dynamic-linker", "/lib/ld-linux-aarch64.so.1", "-X", "-EL", "-maarch64linux", "--fix-cortex-a53-843419", "-pie", "-z", "now", "-fuse-ld=lld", "-z", "relro", "-o", "/home/runner/work/_temp/bootstra"..., "/usr/lib/gcc/aarch64-linux-gnu/1"..., "/usr/lib/gcc/aarch64-linux-gnu/1"..., "/usr/lib/gcc/aarch64-linux-gnu/1"..., "-L/usr/lib/gcc/aarch64-linux-gnu"..., ...], 0x23799580 /* 118 vars */ <unfinished ...>
10014 <... clone resumed>)              = 10016
10016 <... execve resumed>)             = 0
10014 wait4(10016,  <unfinished ...>
10016 clone(child_stack=0xffffd146fd90, flags=CLONE_VM|CLONE_VFORK|SIGCHLD <unfinished ...>
10017 execve("/usr/bin/ld.lld", ["/usr/bin/ld.lld", "-plugin", "/usr/libexec/gcc/aarch64-linux-g"..., "-plugin-opt=/usr/libexec/gcc/aar"..., "-plugin-opt=-fresolution=/tmp/cc"..., "-plugin-opt=-pass-through=-lgcc", "-plugin-opt=-pass-through=-lgcc_"..., "-plugin-opt=-pass-through=-lc", "-plugin-opt=-pass-through=-lgcc", "-plugin-opt=-pass-through=-lgcc_"..., "--build-id", "--eh-frame-hdr", "--hash-style=gnu", "--as-needed", "-dynamic-linker", "/lib/ld-linux-aarch64.so.1", "-X", "-EL", "-maarch64linux", "--fix-cortex-a53-843419", "-pie", "-z", "now", "-z", "relro", "-o", "/home/runner/work/_temp/bootstra"..., "/usr/lib/gcc/aarch64-linux-gnu/1"..., "/usr/lib/gcc/aarch64-linux-gnu/1"..., "/usr/lib/gcc/aarch64-linux-gnu/1"..., "-L/usr/lib/gcc/aarch64-linux-gnu"..., "-L/usr/lib/gcc/aarch64-linux-gnu"..., ...], 0xffffd1470450 /* 118 vars */ <unfinished ...>
10016 <... clone resumed>)              = 10017
10017 <... execve resumed>)             = 0
10016 wait4(10017,  <unfinished ...>
10017 clone3({flags=CLONE_VM|CLONE_FS|CLONE_FILES|CLONE_SIGHAND|CLONE_THREAD|CLONE_SYSVSEM|CLONE_SETTLS|CLONE_PARENT_SETTID|CLONE_CHILD_CLEARTID, child_tid=0xff2c4ebff050, parent_tid=0xff2c4ebff050, exit_signal=0, stack=0xff2c4abf0000, stack_size=0x400e840, tls=0xff2c4ebff6c0} => {parent_tid=[10018]}, 88) = 10018
10018 clone3({flags=CLONE_VM|CLONE_FS|CLONE_FILES|CLONE_SIGHAND|CLONE_THREAD|CLONE_SYSVSEM|CLONE_SETTLS|CLONE_PARENT_SETTID|CLONE_CHILD_CLEARTID, child_tid=0xff2c43fff050, parent_tid=0xff2c43fff050, exit_signal=0, stack=0xff2c3fff0000, stack_size=0x400e840, tls=0xff2c43fff6c0} => {parent_tid=[10019]}, 88) = 10019
10018 clone3({flags=CLONE_VM|CLONE_FS|CLONE_FILES|CLONE_SIGHAND|CLONE_THREAD|CLONE_SYSVSEM|CLONE_SETTLS|CLONE_PARENT_SETTID|CLONE_CHILD_CLEARTID, child_tid=0xff2c3ffef050, parent_tid=0xff2c3ffef050, exit_signal=0, stack=0xff2c3bfe0000, stack_size=0x400e840, tls=0xff2c3ffef6c0} => {parent_tid=[10020]}, 88) = 10020
10018 clone3({flags=CLONE_VM|CLONE_FS|CLONE_FILES|CLONE_SIGHAND|CLONE_THREAD|CLONE_SYSVSEM|CLONE_SETTLS|CLONE_PARENT_SETTID|CLONE_CHILD_CLEARTID, child_tid=0xff2c33fff050, parent_tid=0xff2c33fff050, exit_signal=0, stack=0xff2c2fff0000, stack_size=0x400e840, tls=0xff2c33fff6c0} => {parent_tid=[10021]}, 88) = 10021
10021 exit(0)                           = ?
10020 exit(0)                           = ?
10021 +++ exited with 0 +++
10020 +++ exited with 0 +++
10018 exit(0 <unfinished ...>
10017 exit_group(0)                     = ?
10018 +++ exited with 0 +++
10019 +++ exited with 0 +++
10017 +++ exited with 0 +++
10016 <... wait4 resumed>[{WIFEXITED(s) && WEXITSTATUS(s) == 0}], 0, NULL) = 10017
10016 --- SIGCHLD {si_signo=SIGCHLD, si_code=CLD_EXITED, si_pid=10017, si_uid=1001, si_status=0, si_utime=0, si_stime=1 /* 0.01 s */} ---
10016 exit_group(0)                     = ?
10016 +++ exited with 0 +++
10014 <... wait4 resumed>[{WIFEXITED(s) && WEXITSTATUS(s) == 0}], 0, NULL) = 10016
10014 --- SIGCHLD {si_signo=SIGCHLD, si_code=CLD_EXITED, si_pid=10016, si_uid=1001, si_status=0, si_utime=0, si_stime=0} ---
10014 exit_group(0)                     = ?
10014 +++ exited with 0 +++
10012 <... wait4 resumed>[{WIFEXITED(s) && WEXITSTATUS(s) == 0}], 0, NULL) = 10014
10012 --- SIGCHLD {si_signo=SIGCHLD, si_code=CLD_EXITED, si_pid=10014, si_uid=1001, si_status=0, si_utime=0, si_stime=0} ---
10012 exit_group(0)                     = ?
10012 +++ exited with 0 +++
