9024  execve("/home/runner/work/_temp/candidate-compiler", ["/home/runner/work/_temp/candidat"..., "build", "/home/runner/work/type-rb-native"..., "--output", "/home/runner/work/_temp/build-wo"..., "--qbe", "/home/runner/work/_temp/qbe-1.3/"..., "--cc", "/usr/bin/cc", "--target", "linux-arm64-v0"], 0xfffff7d18018 /* 115 vars */) = 0
9024  clone(child_stack=NULL, flags=CLONE_CHILD_CLEARTID|CLONE_CHILD_SETTID|SIGCHLD, child_tidptr=0xff24edd05f90) = 9025
9024  wait4(9025,  <unfinished ...>
9025  execve("/home/runner/work/_temp/qbe-1.3/qbe", ["/home/runner/work/_temp/qbe-1.3/"..., "-t", "arm64", "-o", "/home/runner/work/_temp/build-wo"..., "/home/runner/work/_temp/build-wo"...], 0xffffcc44fcf8 /* 115 vars */) = 0
9025  exit_group(0)                     = ?
9025  +++ exited with 0 +++
9024  <... wait4 resumed>[{WIFEXITED(s) && WEXITSTATUS(s) == 0}], 0, NULL) = 9025
9024  --- SIGCHLD {si_signo=SIGCHLD, si_code=CLD_EXITED, si_pid=9025, si_uid=1001, si_status=0, si_utime=1 /* 0.01 s */, si_stime=0} ---
9024  clone(child_stack=NULL, flags=CLONE_CHILD_CLEARTID|CLONE_CHILD_SETTID|SIGCHLD, child_tidptr=0xff24edd05f90) = 9026
9024  wait4(9026,  <unfinished ...>
9026  execve("/usr/bin/cc", ["/usr/bin/cc", "-xassembler", "/home/runner/work/_temp/build-wo"..., "-fuse-ld=lld", "-Wl,--gc-sections,--strip-all", "-lm", "-o", "/home/runner/work/_temp/build-wo"...], 0xffffcc44fcf8 /* 115 vars */) = 0
9026  clone(child_stack=0xffffc3e767e0, flags=CLONE_VM|CLONE_VFORK|SIGCHLD <unfinished ...>
9027  execve("/home/runner/go/bin/as", ["as", "-EL", "-mabi=lp64", "-o", "/tmp/cckw8LOg.o", "/home/runner/work/_temp/build-wo"...], 0x36b52d80 /* 120 vars */) = -1 ENOENT (No such file or directory)
9027  execve("/opt/hostedtoolcache/go/1.27.0/arm64/bin/as", ["as", "-EL", "-mabi=lp64", "-o", "/tmp/cckw8LOg.o", "/home/runner/work/_temp/build-wo"...], 0x36b52d80 /* 120 vars */) = -1 ENOENT (No such file or directory)
9027  execve("/snap/bin/as", ["as", "-EL", "-mabi=lp64", "-o", "/tmp/cckw8LOg.o", "/home/runner/work/_temp/build-wo"...], 0x36b52d80 /* 120 vars */) = -1 ENOENT (No such file or directory)
9027  execve("/home/runner/.local/bin/as", ["as", "-EL", "-mabi=lp64", "-o", "/tmp/cckw8LOg.o", "/home/runner/work/_temp/build-wo"...], 0x36b52d80 /* 120 vars */) = -1 ENOENT (No such file or directory)
9027  execve("/opt/pipx_bin/as", ["as", "-EL", "-mabi=lp64", "-o", "/tmp/cckw8LOg.o", "/home/runner/work/_temp/build-wo"...], 0x36b52d80 /* 120 vars */) = -1 ENOENT (No such file or directory)
9027  execve("/home/runner/.cargo/bin/as", ["as", "-EL", "-mabi=lp64", "-o", "/tmp/cckw8LOg.o", "/home/runner/work/_temp/build-wo"...], 0x36b52d80 /* 120 vars */) = -1 ENOENT (No such file or directory)
9027  execve("/home/runner/.config/composer/vendor/bin/as", ["as", "-EL", "-mabi=lp64", "-o", "/tmp/cckw8LOg.o", "/home/runner/work/_temp/build-wo"...], 0x36b52d80 /* 120 vars */) = -1 ENOENT (No such file or directory)
9027  execve("/home/runner/.dotnet/tools/as", ["as", "-EL", "-mabi=lp64", "-o", "/tmp/cckw8LOg.o", "/home/runner/work/_temp/build-wo"...], 0x36b52d80 /* 120 vars */) = -1 ENOENT (No such file or directory)
9027  execve("/usr/local/sbin/as", ["as", "-EL", "-mabi=lp64", "-o", "/tmp/cckw8LOg.o", "/home/runner/work/_temp/build-wo"...], 0x36b52d80 /* 120 vars */) = -1 ENOENT (No such file or directory)
9027  execve("/usr/local/bin/as", ["as", "-EL", "-mabi=lp64", "-o", "/tmp/cckw8LOg.o", "/home/runner/work/_temp/build-wo"...], 0x36b52d80 /* 120 vars */) = -1 ENOENT (No such file or directory)
9027  execve("/usr/sbin/as", ["as", "-EL", "-mabi=lp64", "-o", "/tmp/cckw8LOg.o", "/home/runner/work/_temp/build-wo"...], 0x36b52d80 /* 120 vars */) = -1 ENOENT (No such file or directory)
9027  execve("/usr/bin/as", ["as", "-EL", "-mabi=lp64", "-o", "/tmp/cckw8LOg.o", "/home/runner/work/_temp/build-wo"...], 0x36b52d80 /* 120 vars */ <unfinished ...>
9026  <... clone resumed>)              = 9027
9026  wait4(9027,  <unfinished ...>
9027  <... execve resumed>)             = 0
9027  exit_group(0)                     = ?
9027  +++ exited with 0 +++
9026  <... wait4 resumed>[{WIFEXITED(s) && WEXITSTATUS(s) == 0}], 0, NULL) = 9027
9026  --- SIGCHLD {si_signo=SIGCHLD, si_code=CLD_EXITED, si_pid=9027, si_uid=1001, si_status=0, si_utime=0, si_stime=0} ---
9026  clone(child_stack=0xffffc3e75920, flags=CLONE_VM|CLONE_VFORK|SIGCHLD <unfinished ...>
9028  execve("/usr/libexec/gcc/aarch64-linux-gnu/13/collect2", ["/usr/libexec/gcc/aarch64-linux-g"..., "-plugin", "/usr/libexec/gcc/aarch64-linux-g"..., "-plugin-opt=/usr/libexec/gcc/aar"..., "-plugin-opt=-fresolution=/tmp/cc"..., "-plugin-opt=-pass-through=-lgcc", "-plugin-opt=-pass-through=-lgcc_"..., "-plugin-opt=-pass-through=-lc", "-plugin-opt=-pass-through=-lgcc", "-plugin-opt=-pass-through=-lgcc_"..., "--build-id", "--eh-frame-hdr", "--hash-style=gnu", "--as-needed", "-dynamic-linker", "/lib/ld-linux-aarch64.so.1", "-X", "-EL", "-maarch64linux", "--fix-cortex-a53-843419", "-pie", "-z", "now", "-fuse-ld=lld", "-z", "relro", "-o", "/home/runner/work/_temp/build-wo"..., "/usr/lib/gcc/aarch64-linux-gnu/1"..., "/usr/lib/gcc/aarch64-linux-gnu/1"..., "/usr/lib/gcc/aarch64-linux-gnu/1"..., "-L/usr/lib/gcc/aarch64-linux-gnu"..., ...], 0x36b535d0 /* 122 vars */ <unfinished ...>
9026  <... clone resumed>)              = 9028
9026  wait4(9028,  <unfinished ...>
9028  <... execve resumed>)             = 0
9028  clone(child_stack=0xffffca4026e0, flags=CLONE_VM|CLONE_VFORK|SIGCHLD <unfinished ...>
9029  execve("/usr/bin/ld.lld", ["/usr/bin/ld.lld", "-plugin", "/usr/libexec/gcc/aarch64-linux-g"..., "-plugin-opt=/usr/libexec/gcc/aar"..., "-plugin-opt=-fresolution=/tmp/cc"..., "-plugin-opt=-pass-through=-lgcc", "-plugin-opt=-pass-through=-lgcc_"..., "-plugin-opt=-pass-through=-lc", "-plugin-opt=-pass-through=-lgcc", "-plugin-opt=-pass-through=-lgcc_"..., "--build-id", "--eh-frame-hdr", "--hash-style=gnu", "--as-needed", "-dynamic-linker", "/lib/ld-linux-aarch64.so.1", "-X", "-EL", "-maarch64linux", "--fix-cortex-a53-843419", "-pie", "-z", "now", "-z", "relro", "-o", "/home/runner/work/_temp/build-wo"..., "/usr/lib/gcc/aarch64-linux-gnu/1"..., "/usr/lib/gcc/aarch64-linux-gnu/1"..., "/usr/lib/gcc/aarch64-linux-gnu/1"..., "-L/usr/lib/gcc/aarch64-linux-gnu"..., "-L/usr/lib/gcc/aarch64-linux-gnu"..., ...], 0xffffca402da0 /* 122 vars */ <unfinished ...>
9028  <... clone resumed>)              = 9029
9028  wait4(9029,  <unfinished ...>
9029  <... execve resumed>)             = 0
9029  clone3({flags=CLONE_VM|CLONE_FS|CLONE_FILES|CLONE_SIGHAND|CLONE_THREAD|CLONE_SYSVSEM|CLONE_SETTLS|CLONE_PARENT_SETTID|CLONE_CHILD_CLEARTID, child_tid=0xffe504fff050, parent_tid=0xffe504fff050, exit_signal=0, stack=0xffe500ff0000, stack_size=0x400e840, tls=0xffe504fff6c0} => {parent_tid=[9030]}, 88) = 9030
9030  clone3({flags=CLONE_VM|CLONE_FS|CLONE_FILES|CLONE_SIGHAND|CLONE_THREAD|CLONE_SYSVSEM|CLONE_SETTLS|CLONE_PARENT_SETTID|CLONE_CHILD_CLEARTID, child_tid=0xffe4fbfff050, parent_tid=0xffe4fbfff050, exit_signal=0, stack=0xffe4f7ff0000, stack_size=0x400e840, tls=0xffe4fbfff6c0} => {parent_tid=[9031]}, 88) = 9031
9030  clone3({flags=CLONE_VM|CLONE_FS|CLONE_FILES|CLONE_SIGHAND|CLONE_THREAD|CLONE_SYSVSEM|CLONE_SETTLS|CLONE_PARENT_SETTID|CLONE_CHILD_CLEARTID, child_tid=0xffe4f7fef050, parent_tid=0xffe4f7fef050, exit_signal=0, stack=0xffe4f3fe0000, stack_size=0x400e840, tls=0xffe4f7fef6c0} => {parent_tid=[9032]}, 88) = 9032
9030  clone3({flags=CLONE_VM|CLONE_FS|CLONE_FILES|CLONE_SIGHAND|CLONE_THREAD|CLONE_SYSVSEM|CLONE_SETTLS|CLONE_PARENT_SETTID|CLONE_CHILD_CLEARTID, child_tid=0xffe4ebfff050, parent_tid=0xffe4ebfff050, exit_signal=0, stack=0xffe4e7ff0000, stack_size=0x400e840, tls=0xffe4ebfff6c0} => {parent_tid=[9033]}, 88) = 9033
9032  exit(0)                           = ?
9029  exit_group(0 <unfinished ...>
9032  +++ exited with 0 +++
9029  <... exit_group resumed>)         = ?
9033  +++ exited with 0 +++
9031  +++ exited with 0 +++
9030  +++ exited with 0 +++
9029  +++ exited with 0 +++
9028  <... wait4 resumed>[{WIFEXITED(s) && WEXITSTATUS(s) == 0}], 0, NULL) = 9029
9028  --- SIGCHLD {si_signo=SIGCHLD, si_code=CLD_EXITED, si_pid=9029, si_uid=1001, si_status=0, si_utime=0, si_stime=1 /* 0.01 s */} ---
9028  exit_group(0)                     = ?
9028  +++ exited with 0 +++
9026  <... wait4 resumed>[{WIFEXITED(s) && WEXITSTATUS(s) == 0}], 0, NULL) = 9028
9026  --- SIGCHLD {si_signo=SIGCHLD, si_code=CLD_EXITED, si_pid=9028, si_uid=1001, si_status=0, si_utime=0, si_stime=0} ---
9026  exit_group(0)                     = ?
9026  +++ exited with 0 +++
9024  <... wait4 resumed>[{WIFEXITED(s) && WEXITSTATUS(s) == 0}], 0, NULL) = 9026
9024  --- SIGCHLD {si_signo=SIGCHLD, si_code=CLD_EXITED, si_pid=9026, si_uid=1001, si_status=0, si_utime=0, si_stime=0} ---
9024  exit_group(0)                     = ?
9024  +++ exited with 0 +++
