8728  execve("/home/runner/work/_temp/bootstrap-workspace/b4/compiler", ["/home/runner/work/_temp/bootstra"..., "build", "/home/runner/work/type-rb-native"..., "--output", "/home/runner/work/_temp/bootstra"..., "--qbe", "/home/runner/work/_temp/qbe-1.3/"..., "--cc", "/usr/bin/cc", "--target", "linux-arm64-v0"], 0xffffe9e38028 /* 111 vars */) = 0
8728  clone(child_stack=NULL, flags=CLONE_CHILD_CLEARTID|CLONE_CHILD_SETTID|SIGCHLD, child_tidptr=0xff277623ef90) = 8729
8728  wait4(8729,  <unfinished ...>
8729  execve("/home/runner/work/_temp/qbe-1.3/qbe", ["/home/runner/work/_temp/qbe-1.3/"..., "-t", "arm64", "-o", "/home/runner/work/_temp/bootstra"..., "/home/runner/work/_temp/bootstra"...], 0xffffc05cf3a8 /* 111 vars */) = 0
8729  exit_group(0)                     = ?
8729  +++ exited with 0 +++
8728  <... wait4 resumed>[{WIFEXITED(s) && WEXITSTATUS(s) == 0}], 0, NULL) = 8729
8728  --- SIGCHLD {si_signo=SIGCHLD, si_code=CLD_EXITED, si_pid=8729, si_uid=1001, si_status=0, si_utime=0, si_stime=0} ---
8728  clone(child_stack=NULL, flags=CLONE_CHILD_CLEARTID|CLONE_CHILD_SETTID|SIGCHLD, child_tidptr=0xff277623ef90) = 8730
8728  wait4(8730,  <unfinished ...>
8730  execve("/usr/bin/cc", ["/usr/bin/cc", "-xassembler", "/home/runner/work/_temp/bootstra"..., "-fuse-ld=lld", "-Wl,--gc-sections,--strip-all", "-lm", "-o", "/home/runner/work/_temp/bootstra"...], 0xffffc05cf3a8 /* 111 vars */) = 0
8730  clone(child_stack=0xfffffd968bf0, flags=CLONE_VM|CLONE_VFORK|SIGCHLD <unfinished ...>
8731  execve("/home/runner/go/bin/as", ["as", "-EL", "-mabi=lp64", "-o", "/tmp/ccbhmfU8.o", "/home/runner/work/_temp/bootstra"...], 0x21472d50 /* 116 vars */) = -1 ENOENT (No such file or directory)
8731  execve("/opt/hostedtoolcache/go/1.27.0/arm64/bin/as", ["as", "-EL", "-mabi=lp64", "-o", "/tmp/ccbhmfU8.o", "/home/runner/work/_temp/bootstra"...], 0x21472d50 /* 116 vars */) = -1 ENOENT (No such file or directory)
8731  execve("/snap/bin/as", ["as", "-EL", "-mabi=lp64", "-o", "/tmp/ccbhmfU8.o", "/home/runner/work/_temp/bootstra"...], 0x21472d50 /* 116 vars */) = -1 ENOENT (No such file or directory)
8731  execve("/home/runner/.local/bin/as", ["as", "-EL", "-mabi=lp64", "-o", "/tmp/ccbhmfU8.o", "/home/runner/work/_temp/bootstra"...], 0x21472d50 /* 116 vars */) = -1 ENOENT (No such file or directory)
8731  execve("/opt/pipx_bin/as", ["as", "-EL", "-mabi=lp64", "-o", "/tmp/ccbhmfU8.o", "/home/runner/work/_temp/bootstra"...], 0x21472d50 /* 116 vars */) = -1 ENOENT (No such file or directory)
8731  execve("/home/runner/.cargo/bin/as", ["as", "-EL", "-mabi=lp64", "-o", "/tmp/ccbhmfU8.o", "/home/runner/work/_temp/bootstra"...], 0x21472d50 /* 116 vars */) = -1 ENOENT (No such file or directory)
8731  execve("/home/runner/.config/composer/vendor/bin/as", ["as", "-EL", "-mabi=lp64", "-o", "/tmp/ccbhmfU8.o", "/home/runner/work/_temp/bootstra"...], 0x21472d50 /* 116 vars */) = -1 ENOENT (No such file or directory)
8731  execve("/home/runner/.dotnet/tools/as", ["as", "-EL", "-mabi=lp64", "-o", "/tmp/ccbhmfU8.o", "/home/runner/work/_temp/bootstra"...], 0x21472d50 /* 116 vars */) = -1 ENOENT (No such file or directory)
8731  execve("/usr/local/sbin/as", ["as", "-EL", "-mabi=lp64", "-o", "/tmp/ccbhmfU8.o", "/home/runner/work/_temp/bootstra"...], 0x21472d50 /* 116 vars */) = -1 ENOENT (No such file or directory)
8731  execve("/usr/local/bin/as", ["as", "-EL", "-mabi=lp64", "-o", "/tmp/ccbhmfU8.o", "/home/runner/work/_temp/bootstra"...], 0x21472d50 /* 116 vars */) = -1 ENOENT (No such file or directory)
8731  execve("/usr/sbin/as", ["as", "-EL", "-mabi=lp64", "-o", "/tmp/ccbhmfU8.o", "/home/runner/work/_temp/bootstra"...], 0x21472d50 /* 116 vars */) = -1 ENOENT (No such file or directory)
8731  execve("/usr/bin/as", ["as", "-EL", "-mabi=lp64", "-o", "/tmp/ccbhmfU8.o", "/home/runner/work/_temp/bootstra"...], 0x21472d50 /* 116 vars */ <unfinished ...>
8730  <... clone resumed>)              = 8731
8731  <... execve resumed>)             = 0
8730  wait4(8731,  <unfinished ...>
8731  exit_group(0)                     = ?
8731  +++ exited with 0 +++
8730  <... wait4 resumed>[{WIFEXITED(s) && WEXITSTATUS(s) == 0}], 0, NULL) = 8731
8730  --- SIGCHLD {si_signo=SIGCHLD, si_code=CLD_EXITED, si_pid=8731, si_uid=1001, si_status=0, si_utime=0, si_stime=0} ---
8730  clone(child_stack=0xfffffd967d30, flags=CLONE_VM|CLONE_VFORK|SIGCHLD <unfinished ...>
8732  execve("/usr/libexec/gcc/aarch64-linux-gnu/13/collect2", ["/usr/libexec/gcc/aarch64-linux-g"..., "-plugin", "/usr/libexec/gcc/aarch64-linux-g"..., "-plugin-opt=/usr/libexec/gcc/aar"..., "-plugin-opt=-fresolution=/tmp/cc"..., "-plugin-opt=-pass-through=-lgcc", "-plugin-opt=-pass-through=-lgcc_"..., "-plugin-opt=-pass-through=-lc", "-plugin-opt=-pass-through=-lgcc", "-plugin-opt=-pass-through=-lgcc_"..., "--build-id", "--eh-frame-hdr", "--hash-style=gnu", "--as-needed", "-dynamic-linker", "/lib/ld-linux-aarch64.so.1", "-X", "-EL", "-maarch64linux", "--fix-cortex-a53-843419", "-pie", "-z", "now", "-fuse-ld=lld", "-z", "relro", "-o", "/home/runner/work/_temp/bootstra"..., "/usr/lib/gcc/aarch64-linux-gnu/1"..., "/usr/lib/gcc/aarch64-linux-gnu/1"..., "/usr/lib/gcc/aarch64-linux-gnu/1"..., "-L/usr/lib/gcc/aarch64-linux-gnu"..., ...], 0x21473580 /* 118 vars */ <unfinished ...>
8730  <... clone resumed>)              = 8732
8732  <... execve resumed>)             = 0
8730  wait4(8732,  <unfinished ...>
8732  clone(child_stack=0xffffe0c82a30, flags=CLONE_VM|CLONE_VFORK|SIGCHLD <unfinished ...>
8733  execve("/usr/bin/ld.lld", ["/usr/bin/ld.lld", "-plugin", "/usr/libexec/gcc/aarch64-linux-g"..., "-plugin-opt=/usr/libexec/gcc/aar"..., "-plugin-opt=-fresolution=/tmp/cc"..., "-plugin-opt=-pass-through=-lgcc", "-plugin-opt=-pass-through=-lgcc_"..., "-plugin-opt=-pass-through=-lc", "-plugin-opt=-pass-through=-lgcc", "-plugin-opt=-pass-through=-lgcc_"..., "--build-id", "--eh-frame-hdr", "--hash-style=gnu", "--as-needed", "-dynamic-linker", "/lib/ld-linux-aarch64.so.1", "-X", "-EL", "-maarch64linux", "--fix-cortex-a53-843419", "-pie", "-z", "now", "-z", "relro", "-o", "/home/runner/work/_temp/bootstra"..., "/usr/lib/gcc/aarch64-linux-gnu/1"..., "/usr/lib/gcc/aarch64-linux-gnu/1"..., "/usr/lib/gcc/aarch64-linux-gnu/1"..., "-L/usr/lib/gcc/aarch64-linux-gnu"..., "-L/usr/lib/gcc/aarch64-linux-gnu"..., ...], 0xffffe0c830f0 /* 118 vars */ <unfinished ...>
8732  <... clone resumed>)              = 8733
8733  <... execve resumed>)             = 0
8732  wait4(8733,  <unfinished ...>
8733  clone3({flags=CLONE_VM|CLONE_FS|CLONE_FILES|CLONE_SIGHAND|CLONE_THREAD|CLONE_SYSVSEM|CLONE_SETTLS|CLONE_PARENT_SETTID|CLONE_CHILD_CLEARTID, child_tid=0xff5a8bfff050, parent_tid=0xff5a8bfff050, exit_signal=0, stack=0xff5a87ff0000, stack_size=0x400e840, tls=0xff5a8bfff6c0} => {parent_tid=[8734]}, 88) = 8734
8734  clone3({flags=CLONE_VM|CLONE_FS|CLONE_FILES|CLONE_SIGHAND|CLONE_THREAD|CLONE_SYSVSEM|CLONE_SETTLS|CLONE_PARENT_SETTID|CLONE_CHILD_CLEARTID, child_tid=0xff5a7ffff050, parent_tid=0xff5a7ffff050, exit_signal=0, stack=0xff5a7bff0000, stack_size=0x400e840, tls=0xff5a7ffff6c0} => {parent_tid=[8735]}, 88) = 8735
8734  clone3({flags=CLONE_VM|CLONE_FS|CLONE_FILES|CLONE_SIGHAND|CLONE_THREAD|CLONE_SYSVSEM|CLONE_SETTLS|CLONE_PARENT_SETTID|CLONE_CHILD_CLEARTID, child_tid=0xff5a7bfef050, parent_tid=0xff5a7bfef050, exit_signal=0, stack=0xff5a77fe0000, stack_size=0x400e840, tls=0xff5a7bfef6c0} => {parent_tid=[8736]}, 88) = 8736
8734  clone3({flags=CLONE_VM|CLONE_FS|CLONE_FILES|CLONE_SIGHAND|CLONE_THREAD|CLONE_SYSVSEM|CLONE_SETTLS|CLONE_PARENT_SETTID|CLONE_CHILD_CLEARTID, child_tid=0xff5a6ffff050, parent_tid=0xff5a6ffff050, exit_signal=0, stack=0xff5a6bff0000, stack_size=0x400e840, tls=0xff5a6ffff6c0} => {parent_tid=[8737]}, 88) = 8737
8737  exit(0 <unfinished ...>
8736  exit(0 <unfinished ...>
8737  <... exit resumed>)               = ?
8736  <... exit resumed>)               = ?
8733  exit_group(0 <unfinished ...>
8735  exit(0 <unfinished ...>
8734  exit(0 <unfinished ...>
8737  +++ exited with 0 +++
8736  +++ exited with 0 +++
8735  <... exit resumed>)               = ?
8734  <... exit resumed>)               = ?
8733  <... exit_group resumed>)         = ?
8735  +++ exited with 0 +++
8734  +++ exited with 0 +++
8733  +++ exited with 0 +++
8732  <... wait4 resumed>[{WIFEXITED(s) && WEXITSTATUS(s) == 0}], 0, NULL) = 8733
8732  --- SIGCHLD {si_signo=SIGCHLD, si_code=CLD_EXITED, si_pid=8733, si_uid=1001, si_status=0, si_utime=0, si_stime=1 /* 0.01 s */} ---
8732  exit_group(0)                     = ?
8732  +++ exited with 0 +++
8730  <... wait4 resumed>[{WIFEXITED(s) && WEXITSTATUS(s) == 0}], 0, NULL) = 8732
8730  --- SIGCHLD {si_signo=SIGCHLD, si_code=CLD_EXITED, si_pid=8732, si_uid=1001, si_status=0, si_utime=0, si_stime=0} ---
8730  exit_group(0)                     = ?
8730  +++ exited with 0 +++
8728  <... wait4 resumed>[{WIFEXITED(s) && WEXITSTATUS(s) == 0}], 0, NULL) = 8730
8728  --- SIGCHLD {si_signo=SIGCHLD, si_code=CLD_EXITED, si_pid=8730, si_uid=1001, si_status=0, si_utime=0, si_stime=0} ---
8728  exit_group(0)                     = ?
8728  +++ exited with 0 +++
