5735  execve("/home/runner/work/_temp/gate6n-linux-arm64-compiler", ["/home/runner/work/_temp/gate6n-l"..., "build", "/home/runner/work/type-rb-native"..., "--output", "/home/runner/work/_temp/gate6n-l"..., "--qbe", "/home/runner/work/_temp/qbe-1.3/"..., "--cc", "/usr/bin/cc", "--target", "linux-arm64-v0"], 0xffffcfbcc938 /* 121 vars */) = 0
5735  clone(child_stack=NULL, flags=CLONE_CHILD_CLEARTID|CLONE_CHILD_SETTID|SIGCHLD, child_tidptr=0xff5406753f90) = 5736
5735  wait4(5736,  <unfinished ...>
5736  execve("/home/runner/work/_temp/qbe-1.3/qbe", ["/home/runner/work/_temp/qbe-1.3/"..., "-t", "arm64", "-o", "/home/runner/work/_temp/gate6n-l"..., "/home/runner/work/_temp/gate6n-l"...], 0xffffe9e712b8 /* 121 vars */) = 0
5736  exit_group(0)                     = ?
5736  +++ exited with 0 +++
5735  <... wait4 resumed>[{WIFEXITED(s) && WEXITSTATUS(s) == 0}], 0, NULL) = 5736
5735  --- SIGCHLD {si_signo=SIGCHLD, si_code=CLD_EXITED, si_pid=5736, si_uid=1001, si_status=0, si_utime=0, si_stime=0} ---
5735  clone(child_stack=NULL, flags=CLONE_CHILD_CLEARTID|CLONE_CHILD_SETTID|SIGCHLD, child_tidptr=0xff5406753f90) = 5737
5735  wait4(5737,  <unfinished ...>
5737  execve("/usr/bin/cc", ["/usr/bin/cc", "-xassembler", "/home/runner/work/_temp/gate6n-l"..., "-fuse-ld=lld", "-Wl,--gc-sections,--strip-all", "-lm", "-o", "/home/runner/work/_temp/gate6n-l"...], 0xffffe9e712b8 /* 121 vars */) = 0
5737  clone(child_stack=0xffffde845e50, flags=CLONE_VM|CLONE_VFORK|SIGCHLD <unfinished ...>
5738  execve("/snap/bin/as", ["as", "-EL", "-mabi=lp64", "-o", "/tmp/ccDT5tb9.o", "/home/runner/work/_temp/gate6n-l"...], 0x3ebf7e20 /* 126 vars */) = -1 ENOENT (No such file or directory)
5738  execve("/home/runner/.local/bin/as", ["as", "-EL", "-mabi=lp64", "-o", "/tmp/ccDT5tb9.o", "/home/runner/work/_temp/gate6n-l"...], 0x3ebf7e20 /* 126 vars */) = -1 ENOENT (No such file or directory)
5738  execve("/opt/pipx_bin/as", ["as", "-EL", "-mabi=lp64", "-o", "/tmp/ccDT5tb9.o", "/home/runner/work/_temp/gate6n-l"...], 0x3ebf7e20 /* 126 vars */) = -1 ENOENT (No such file or directory)
5738  execve("/home/runner/.cargo/bin/as", ["as", "-EL", "-mabi=lp64", "-o", "/tmp/ccDT5tb9.o", "/home/runner/work/_temp/gate6n-l"...], 0x3ebf7e20 /* 126 vars */) = -1 ENOENT (No such file or directory)
5738  execve("/home/runner/.config/composer/vendor/bin/as", ["as", "-EL", "-mabi=lp64", "-o", "/tmp/ccDT5tb9.o", "/home/runner/work/_temp/gate6n-l"...], 0x3ebf7e20 /* 126 vars */) = -1 ENOENT (No such file or directory)
5738  execve("/home/runner/.dotnet/tools/as", ["as", "-EL", "-mabi=lp64", "-o", "/tmp/ccDT5tb9.o", "/home/runner/work/_temp/gate6n-l"...], 0x3ebf7e20 /* 126 vars */) = -1 ENOENT (No such file or directory)
5738  execve("/usr/local/sbin/as", ["as", "-EL", "-mabi=lp64", "-o", "/tmp/ccDT5tb9.o", "/home/runner/work/_temp/gate6n-l"...], 0x3ebf7e20 /* 126 vars */) = -1 ENOENT (No such file or directory)
5738  execve("/usr/local/bin/as", ["as", "-EL", "-mabi=lp64", "-o", "/tmp/ccDT5tb9.o", "/home/runner/work/_temp/gate6n-l"...], 0x3ebf7e20 /* 126 vars */) = -1 ENOENT (No such file or directory)
5738  execve("/usr/sbin/as", ["as", "-EL", "-mabi=lp64", "-o", "/tmp/ccDT5tb9.o", "/home/runner/work/_temp/gate6n-l"...], 0x3ebf7e20 /* 126 vars */) = -1 ENOENT (No such file or directory)
5738  execve("/usr/bin/as", ["as", "-EL", "-mabi=lp64", "-o", "/tmp/ccDT5tb9.o", "/home/runner/work/_temp/gate6n-l"...], 0x3ebf7e20 /* 126 vars */ <unfinished ...>
5737  <... clone resumed>)              = 5738
5738  <... execve resumed>)             = 0
5737  wait4(5738,  <unfinished ...>
5738  exit_group(0)                     = ?
5738  +++ exited with 0 +++
5737  <... wait4 resumed>[{WIFEXITED(s) && WEXITSTATUS(s) == 0}], 0, NULL) = 5738
5737  --- SIGCHLD {si_signo=SIGCHLD, si_code=CLD_EXITED, si_pid=5738, si_uid=1001, si_status=0, si_utime=0, si_stime=0} ---
5737  clone(child_stack=0xffffde844f90, flags=CLONE_VM|CLONE_VFORK|SIGCHLD <unfinished ...>
5739  execve("/usr/libexec/gcc/aarch64-linux-gnu/13/collect2", ["/usr/libexec/gcc/aarch64-linux-g"..., "-plugin", "/usr/libexec/gcc/aarch64-linux-g"..., "-plugin-opt=/usr/libexec/gcc/aar"..., "-plugin-opt=-fresolution=/tmp/cc"..., "-plugin-opt=-pass-through=-lgcc", "-plugin-opt=-pass-through=-lgcc_"..., "-plugin-opt=-pass-through=-lc", "-plugin-opt=-pass-through=-lgcc", "-plugin-opt=-pass-through=-lgcc_"..., "--build-id", "--eh-frame-hdr", "--hash-style=gnu", "--as-needed", "-dynamic-linker", "/lib/ld-linux-aarch64.so.1", "-X", "-EL", "-maarch64linux", "--fix-cortex-a53-843419", "-pie", "-z", "now", "-fuse-ld=lld", "-z", "relro", "-o", "/home/runner/work/_temp/gate6n-l"..., "/usr/lib/gcc/aarch64-linux-gnu/1"..., "/usr/lib/gcc/aarch64-linux-gnu/1"..., "/usr/lib/gcc/aarch64-linux-gnu/1"..., "-L/usr/lib/gcc/aarch64-linux-gnu"..., ...], 0x3ebf86a0 /* 128 vars */ <unfinished ...>
5737  <... clone resumed>)              = 5739
5739  <... execve resumed>)             = 0
5737  wait4(5739,  <unfinished ...>
5739  clone(child_stack=0xffffeabcb690, flags=CLONE_VM|CLONE_VFORK|SIGCHLD <unfinished ...>
5740  execve("/usr/bin/ld.lld", ["/usr/bin/ld.lld", "-plugin", "/usr/libexec/gcc/aarch64-linux-g"..., "-plugin-opt=/usr/libexec/gcc/aar"..., "-plugin-opt=-fresolution=/tmp/cc"..., "-plugin-opt=-pass-through=-lgcc", "-plugin-opt=-pass-through=-lgcc_"..., "-plugin-opt=-pass-through=-lc", "-plugin-opt=-pass-through=-lgcc", "-plugin-opt=-pass-through=-lgcc_"..., "--build-id", "--eh-frame-hdr", "--hash-style=gnu", "--as-needed", "-dynamic-linker", "/lib/ld-linux-aarch64.so.1", "-X", "-EL", "-maarch64linux", "--fix-cortex-a53-843419", "-pie", "-z", "now", "-z", "relro", "-o", "/home/runner/work/_temp/gate6n-l"..., "/usr/lib/gcc/aarch64-linux-gnu/1"..., "/usr/lib/gcc/aarch64-linux-gnu/1"..., "/usr/lib/gcc/aarch64-linux-gnu/1"..., "-L/usr/lib/gcc/aarch64-linux-gnu"..., "-L/usr/lib/gcc/aarch64-linux-gnu"..., ...], 0xffffeabcbd50 /* 128 vars */ <unfinished ...>
5739  <... clone resumed>)              = 5740
5740  <... execve resumed>)             = 0
5739  wait4(5740,  <unfinished ...>
5740  clone3({flags=CLONE_VM|CLONE_FS|CLONE_FILES|CLONE_SIGHAND|CLONE_THREAD|CLONE_SYSVSEM|CLONE_SETTLS|CLONE_PARENT_SETTID|CLONE_CHILD_CLEARTID, child_tid=0xff1ee83ff050, parent_tid=0xff1ee83ff050, exit_signal=0, stack=0xff1ee43f0000, stack_size=0x400e840, tls=0xff1ee83ff6c0} => {parent_tid=[5741]}, 88) = 5741
5741  clone3({flags=CLONE_VM|CLONE_FS|CLONE_FILES|CLONE_SIGHAND|CLONE_THREAD|CLONE_SYSVSEM|CLONE_SETTLS|CLONE_PARENT_SETTID|CLONE_CHILD_CLEARTID, child_tid=0xff1edffff050, parent_tid=0xff1edffff050, exit_signal=0, stack=0xff1edbff0000, stack_size=0x400e840, tls=0xff1edffff6c0} => {parent_tid=[5742]}, 88) = 5742
5741  clone3({flags=CLONE_VM|CLONE_FS|CLONE_FILES|CLONE_SIGHAND|CLONE_THREAD|CLONE_SYSVSEM|CLONE_SETTLS|CLONE_PARENT_SETTID|CLONE_CHILD_CLEARTID, child_tid=0xff1edbfef050, parent_tid=0xff1edbfef050, exit_signal=0, stack=0xff1ed7fe0000, stack_size=0x400e840, tls=0xff1edbfef6c0} => {parent_tid=[5743]}, 88) = 5743
5741  clone3({flags=CLONE_VM|CLONE_FS|CLONE_FILES|CLONE_SIGHAND|CLONE_THREAD|CLONE_SYSVSEM|CLONE_SETTLS|CLONE_PARENT_SETTID|CLONE_CHILD_CLEARTID, child_tid=0xff1ecffff050, parent_tid=0xff1ecffff050, exit_signal=0, stack=0xff1ecbff0000, stack_size=0x400e840, tls=0xff1ecffff6c0} => {parent_tid=[5744]}, 88) = 5744
5742  exit(0 <unfinished ...>
5744  exit(0)                           = ?
5742  <... exit resumed>)               = ?
5744  +++ exited with 0 +++
5742  +++ exited with 0 +++
5740  exit_group(0)                     = ?
5741  +++ exited with 0 +++
5743  +++ exited with 0 +++
5740  +++ exited with 0 +++
5739  <... wait4 resumed>[{WIFEXITED(s) && WEXITSTATUS(s) == 0}], 0, NULL) = 5740
5739  --- SIGCHLD {si_signo=SIGCHLD, si_code=CLD_EXITED, si_pid=5740, si_uid=1001, si_status=0, si_utime=0, si_stime=1 /* 0.01 s */} ---
5739  exit_group(0)                     = ?
5739  +++ exited with 0 +++
5737  <... wait4 resumed>[{WIFEXITED(s) && WEXITSTATUS(s) == 0}], 0, NULL) = 5739
5737  --- SIGCHLD {si_signo=SIGCHLD, si_code=CLD_EXITED, si_pid=5739, si_uid=1001, si_status=0, si_utime=0, si_stime=0} ---
5737  exit_group(0)                     = ?
5737  +++ exited with 0 +++
5735  <... wait4 resumed>[{WIFEXITED(s) && WEXITSTATUS(s) == 0}], 0, NULL) = 5737
5735  --- SIGCHLD {si_signo=SIGCHLD, si_code=CLD_EXITED, si_pid=5737, si_uid=1001, si_status=0, si_utime=0, si_stime=0} ---
5735  exit_group(0)                     = ?
5735  +++ exited with 0 +++
