6393  execve("/home/runner/work/_temp/transition/first/compiler", ["/home/runner/work/_temp/transiti"..., "build", "compiler/gate4/src/compiler.trb", "--output", "/home/runner/work/_temp/transiti"..., "--qbe", "/home/runner/work/_temp/qbe-1.3/"..., "--cc", "/usr/bin/cc", "--target", "linux-arm64-v0"], 0xffffdf45ac28 /* 111 vars */) = 0
6393  clone(child_stack=NULL, flags=CLONE_CHILD_CLEARTID|CLONE_CHILD_SETTID|SIGCHLD, child_tidptr=0xff9ae7d7cf90) = 6394
6393  wait4(6394,  <unfinished ...>
6394  execve("/home/runner/work/_temp/qbe-1.3/qbe", ["/home/runner/work/_temp/qbe-1.3/"..., "-t", "arm64", "-o", "/home/runner/work/_temp/transiti"..., "/home/runner/work/_temp/transiti"...], 0xffffd855b448 /* 111 vars */) = 0
6394  exit_group(0)                     = ?
6394  +++ exited with 0 +++
6393  <... wait4 resumed>[{WIFEXITED(s) && WEXITSTATUS(s) == 0}], 0, NULL) = 6394
6393  --- SIGCHLD {si_signo=SIGCHLD, si_code=CLD_EXITED, si_pid=6394, si_uid=1001, si_status=0, si_utime=19 /* 0.19 s */, si_stime=1 /* 0.01 s */} ---
6393  clone(child_stack=NULL, flags=CLONE_CHILD_CLEARTID|CLONE_CHILD_SETTID|SIGCHLD, child_tidptr=0xff9ae7d7cf90) = 6395
6393  wait4(6395,  <unfinished ...>
6395  execve("/usr/bin/cc", ["/usr/bin/cc", "-xassembler", "/home/runner/work/_temp/transiti"..., "-Wl,--gc-sections,--strip-all", "-o", "/home/runner/work/_temp/transiti"...], 0xffffd855b448 /* 111 vars */) = 0
6395  clone(child_stack=0xfffffd4f77a0, flags=CLONE_VM|CLONE_VFORK|SIGCHLD <unfinished ...>
6396  execve("/home/runner/go/bin/as", ["as", "-EL", "-mabi=lp64", "-o", "/tmp/ccLBragf.o", "/home/runner/work/_temp/transiti"...], 0xdd20c20 /* 116 vars */) = -1 ENOENT (No such file or directory)
6396  execve("/opt/hostedtoolcache/go/1.27.0/arm64/bin/as", ["as", "-EL", "-mabi=lp64", "-o", "/tmp/ccLBragf.o", "/home/runner/work/_temp/transiti"...], 0xdd20c20 /* 116 vars */) = -1 ENOENT (No such file or directory)
6396  execve("/snap/bin/as", ["as", "-EL", "-mabi=lp64", "-o", "/tmp/ccLBragf.o", "/home/runner/work/_temp/transiti"...], 0xdd20c20 /* 116 vars */) = -1 ENOENT (No such file or directory)
6396  execve("/home/runner/.local/bin/as", ["as", "-EL", "-mabi=lp64", "-o", "/tmp/ccLBragf.o", "/home/runner/work/_temp/transiti"...], 0xdd20c20 /* 116 vars */) = -1 ENOENT (No such file or directory)
6396  execve("/opt/pipx_bin/as", ["as", "-EL", "-mabi=lp64", "-o", "/tmp/ccLBragf.o", "/home/runner/work/_temp/transiti"...], 0xdd20c20 /* 116 vars */) = -1 ENOENT (No such file or directory)
6396  execve("/home/runner/.cargo/bin/as", ["as", "-EL", "-mabi=lp64", "-o", "/tmp/ccLBragf.o", "/home/runner/work/_temp/transiti"...], 0xdd20c20 /* 116 vars */) = -1 ENOENT (No such file or directory)
6396  execve("/home/runner/.config/composer/vendor/bin/as", ["as", "-EL", "-mabi=lp64", "-o", "/tmp/ccLBragf.o", "/home/runner/work/_temp/transiti"...], 0xdd20c20 /* 116 vars */) = -1 ENOENT (No such file or directory)
6396  execve("/home/runner/.dotnet/tools/as", ["as", "-EL", "-mabi=lp64", "-o", "/tmp/ccLBragf.o", "/home/runner/work/_temp/transiti"...], 0xdd20c20 /* 116 vars */) = -1 ENOENT (No such file or directory)
6396  execve("/usr/local/sbin/as", ["as", "-EL", "-mabi=lp64", "-o", "/tmp/ccLBragf.o", "/home/runner/work/_temp/transiti"...], 0xdd20c20 /* 116 vars */) = -1 ENOENT (No such file or directory)
6396  execve("/usr/local/bin/as", ["as", "-EL", "-mabi=lp64", "-o", "/tmp/ccLBragf.o", "/home/runner/work/_temp/transiti"...], 0xdd20c20 /* 116 vars */) = -1 ENOENT (No such file or directory)
6396  execve("/usr/sbin/as", ["as", "-EL", "-mabi=lp64", "-o", "/tmp/ccLBragf.o", "/home/runner/work/_temp/transiti"...], 0xdd20c20 /* 116 vars */) = -1 ENOENT (No such file or directory)
6396  execve("/usr/bin/as", ["as", "-EL", "-mabi=lp64", "-o", "/tmp/ccLBragf.o", "/home/runner/work/_temp/transiti"...], 0xdd20c20 /* 116 vars */ <unfinished ...>
6395  <... clone resumed>)              = 6396
6396  <... execve resumed>)             = 0
6395  wait4(6396,  <unfinished ...>
6396  exit_group(0)                     = ?
6396  +++ exited with 0 +++
6395  <... wait4 resumed>[{WIFEXITED(s) && WEXITSTATUS(s) == 0}], 0, NULL) = 6396
6395  --- SIGCHLD {si_signo=SIGCHLD, si_code=CLD_EXITED, si_pid=6396, si_uid=1001, si_status=0, si_utime=8 /* 0.08 s */, si_stime=1 /* 0.01 s */} ---
6395  clone(child_stack=0xfffffd4f68e0, flags=CLONE_VM|CLONE_VFORK|SIGCHLD <unfinished ...>
6397  execve("/usr/libexec/gcc/aarch64-linux-gnu/13/collect2", ["/usr/libexec/gcc/aarch64-linux-g"..., "-plugin", "/usr/libexec/gcc/aarch64-linux-g"..., "-plugin-opt=/usr/libexec/gcc/aar"..., "-plugin-opt=-fresolution=/tmp/cc"..., "-plugin-opt=-pass-through=-lgcc", "-plugin-opt=-pass-through=-lgcc_"..., "-plugin-opt=-pass-through=-lc", "-plugin-opt=-pass-through=-lgcc", "-plugin-opt=-pass-through=-lgcc_"..., "--build-id", "--eh-frame-hdr", "--hash-style=gnu", "--as-needed", "-dynamic-linker", "/lib/ld-linux-aarch64.so.1", "-X", "-EL", "-maarch64linux", "--fix-cortex-a53-843419", "-pie", "-z", "now", "-z", "relro", "-o", "/home/runner/work/_temp/transiti"..., "/usr/lib/gcc/aarch64-linux-gnu/1"..., "/usr/lib/gcc/aarch64-linux-gnu/1"..., "/usr/lib/gcc/aarch64-linux-gnu/1"..., "-L/usr/lib/gcc/aarch64-linux-gnu"..., "-L/usr/lib/gcc/aarch64-linux-gnu"..., ...], 0xdd213c0 /* 118 vars */ <unfinished ...>
6395  <... clone resumed>)              = 6397
6397  <... execve resumed>)             = 0
6395  wait4(6397,  <unfinished ...>
6397  clone(child_stack=0xfffff62a96b0, flags=CLONE_VM|CLONE_VFORK|SIGCHLD <unfinished ...>
6398  execve("/usr/bin/ld", ["/usr/bin/ld", "-plugin", "/usr/libexec/gcc/aarch64-linux-g"..., "-plugin-opt=/usr/libexec/gcc/aar"..., "-plugin-opt=-fresolution=/tmp/cc"..., "-plugin-opt=-pass-through=-lgcc", "-plugin-opt=-pass-through=-lgcc_"..., "-plugin-opt=-pass-through=-lc", "-plugin-opt=-pass-through=-lgcc", "-plugin-opt=-pass-through=-lgcc_"..., "--build-id", "--eh-frame-hdr", "--hash-style=gnu", "--as-needed", "-dynamic-linker", "/lib/ld-linux-aarch64.so.1", "-X", "-EL", "-maarch64linux", "--fix-cortex-a53-843419", "-pie", "-z", "now", "-z", "relro", "-o", "/home/runner/work/_temp/transiti"..., "/usr/lib/gcc/aarch64-linux-gnu/1"..., "/usr/lib/gcc/aarch64-linux-gnu/1"..., "/usr/lib/gcc/aarch64-linux-gnu/1"..., "-L/usr/lib/gcc/aarch64-linux-gnu"..., "-L/usr/lib/gcc/aarch64-linux-gnu"..., ...], 0xfffff62a9d60 /* 118 vars */ <unfinished ...>
6397  <... clone resumed>)              = 6398
6398  <... execve resumed>)             = 0
6397  wait4(6398,  <unfinished ...>
6398  exit_group(0)                     = ?
6398  +++ exited with 0 +++
6397  <... wait4 resumed>[{WIFEXITED(s) && WEXITSTATUS(s) == 0}], 0, NULL) = 6398
6397  --- SIGCHLD {si_signo=SIGCHLD, si_code=CLD_EXITED, si_pid=6398, si_uid=1001, si_status=0, si_utime=1 /* 0.01 s */, si_stime=1 /* 0.01 s */} ---
6397  exit_group(0)                     = ?
6397  +++ exited with 0 +++
6395  <... wait4 resumed>[{WIFEXITED(s) && WEXITSTATUS(s) == 0}], 0, NULL) = 6397
6395  --- SIGCHLD {si_signo=SIGCHLD, si_code=CLD_EXITED, si_pid=6397, si_uid=1001, si_status=0, si_utime=0, si_stime=0} ---
6395  exit_group(0)                     = ?
6395  +++ exited with 0 +++
6393  <... wait4 resumed>[{WIFEXITED(s) && WEXITSTATUS(s) == 0}], 0, NULL) = 6395
6393  --- SIGCHLD {si_signo=SIGCHLD, si_code=CLD_EXITED, si_pid=6395, si_uid=1001, si_status=0, si_utime=0, si_stime=0} ---
6393  exit_group(0)                     = ?
6393  +++ exited with 0 +++
