6384  execve("/home/runner/work/_temp/release/type-rb-native-bootstrap-linux-arm64", ["/home/runner/work/_temp/release/"..., "build", "compiler/gate4/src/compiler.trb", "--output", "/home/runner/work/_temp/transiti"..., "--qbe", "/home/runner/work/_temp/qbe-1.3/"..., "--cc", "/usr/bin/cc", "--target", "linux-arm64-v0"], 0xffffd37c85d8 /* 111 vars */) = 0
6384  clone(child_stack=NULL, flags=CLONE_CHILD_CLEARTID|CLONE_CHILD_SETTID|SIGCHLD, child_tidptr=0xff4fe5aeef90) = 6385
6384  wait4(6385,  <unfinished ...>
6385  execve("/home/runner/work/_temp/qbe-1.3/qbe", ["/home/runner/work/_temp/qbe-1.3/"..., "-t", "arm64", "-o", "/home/runner/work/_temp/transiti"..., "/home/runner/work/_temp/transiti"...], 0xffffef937958 /* 111 vars */) = 0
6385  exit_group(0)                     = ?
6385  +++ exited with 0 +++
6384  <... wait4 resumed>[{WIFEXITED(s) && WEXITSTATUS(s) == 0}], 0, NULL) = 6385
6384  --- SIGCHLD {si_signo=SIGCHLD, si_code=CLD_EXITED, si_pid=6385, si_uid=1001, si_status=0, si_utime=16 /* 0.16 s */, si_stime=1 /* 0.01 s */} ---
6384  clone(child_stack=NULL, flags=CLONE_CHILD_CLEARTID|CLONE_CHILD_SETTID|SIGCHLD, child_tidptr=0xff4fe5aeef90) = 6386
6384  wait4(6386,  <unfinished ...>
6386  execve("/usr/bin/cc", ["/usr/bin/cc", "-xassembler", "/home/runner/work/_temp/transiti"..., "-Wl,--gc-sections,--strip-all", "-o", "/home/runner/work/_temp/transiti"...], 0xffffef937958 /* 111 vars */) = 0
6386  clone(child_stack=0xffffe0af2490, flags=CLONE_VM|CLONE_VFORK|SIGCHLD <unfinished ...>
6387  execve("/home/runner/go/bin/as", ["as", "-EL", "-mabi=lp64", "-o", "/tmp/cc74nhJg.o", "/home/runner/work/_temp/transiti"...], 0x3d1a3c10 /* 116 vars */) = -1 ENOENT (No such file or directory)
6387  execve("/opt/hostedtoolcache/go/1.27.0/arm64/bin/as", ["as", "-EL", "-mabi=lp64", "-o", "/tmp/cc74nhJg.o", "/home/runner/work/_temp/transiti"...], 0x3d1a3c10 /* 116 vars */) = -1 ENOENT (No such file or directory)
6387  execve("/snap/bin/as", ["as", "-EL", "-mabi=lp64", "-o", "/tmp/cc74nhJg.o", "/home/runner/work/_temp/transiti"...], 0x3d1a3c10 /* 116 vars */) = -1 ENOENT (No such file or directory)
6387  execve("/home/runner/.local/bin/as", ["as", "-EL", "-mabi=lp64", "-o", "/tmp/cc74nhJg.o", "/home/runner/work/_temp/transiti"...], 0x3d1a3c10 /* 116 vars */) = -1 ENOENT (No such file or directory)
6387  execve("/opt/pipx_bin/as", ["as", "-EL", "-mabi=lp64", "-o", "/tmp/cc74nhJg.o", "/home/runner/work/_temp/transiti"...], 0x3d1a3c10 /* 116 vars */) = -1 ENOENT (No such file or directory)
6387  execve("/home/runner/.cargo/bin/as", ["as", "-EL", "-mabi=lp64", "-o", "/tmp/cc74nhJg.o", "/home/runner/work/_temp/transiti"...], 0x3d1a3c10 /* 116 vars */) = -1 ENOENT (No such file or directory)
6387  execve("/home/runner/.config/composer/vendor/bin/as", ["as", "-EL", "-mabi=lp64", "-o", "/tmp/cc74nhJg.o", "/home/runner/work/_temp/transiti"...], 0x3d1a3c10 /* 116 vars */) = -1 ENOENT (No such file or directory)
6387  execve("/home/runner/.dotnet/tools/as", ["as", "-EL", "-mabi=lp64", "-o", "/tmp/cc74nhJg.o", "/home/runner/work/_temp/transiti"...], 0x3d1a3c10 /* 116 vars */) = -1 ENOENT (No such file or directory)
6387  execve("/usr/local/sbin/as", ["as", "-EL", "-mabi=lp64", "-o", "/tmp/cc74nhJg.o", "/home/runner/work/_temp/transiti"...], 0x3d1a3c10 /* 116 vars */) = -1 ENOENT (No such file or directory)
6387  execve("/usr/local/bin/as", ["as", "-EL", "-mabi=lp64", "-o", "/tmp/cc74nhJg.o", "/home/runner/work/_temp/transiti"...], 0x3d1a3c10 /* 116 vars */) = -1 ENOENT (No such file or directory)
6387  execve("/usr/sbin/as", ["as", "-EL", "-mabi=lp64", "-o", "/tmp/cc74nhJg.o", "/home/runner/work/_temp/transiti"...], 0x3d1a3c10 /* 116 vars */) = -1 ENOENT (No such file or directory)
6387  execve("/usr/bin/as", ["as", "-EL", "-mabi=lp64", "-o", "/tmp/cc74nhJg.o", "/home/runner/work/_temp/transiti"...], 0x3d1a3c10 /* 116 vars */ <unfinished ...>
6386  <... clone resumed>)              = 6387
6387  <... execve resumed>)             = 0
6386  wait4(6387,  <unfinished ...>
6387  exit_group(0)                     = ?
6387  +++ exited with 0 +++
6386  <... wait4 resumed>[{WIFEXITED(s) && WEXITSTATUS(s) == 0}], 0, NULL) = 6387
6386  --- SIGCHLD {si_signo=SIGCHLD, si_code=CLD_EXITED, si_pid=6387, si_uid=1001, si_status=0, si_utime=7 /* 0.07 s */, si_stime=0} ---
6386  clone(child_stack=0xffffe0af15d0, flags=CLONE_VM|CLONE_VFORK|SIGCHLD <unfinished ...>
6388  execve("/usr/libexec/gcc/aarch64-linux-gnu/13/collect2", ["/usr/libexec/gcc/aarch64-linux-g"..., "-plugin", "/usr/libexec/gcc/aarch64-linux-g"..., "-plugin-opt=/usr/libexec/gcc/aar"..., "-plugin-opt=-fresolution=/tmp/cc"..., "-plugin-opt=-pass-through=-lgcc", "-plugin-opt=-pass-through=-lgcc_"..., "-plugin-opt=-pass-through=-lc", "-plugin-opt=-pass-through=-lgcc", "-plugin-opt=-pass-through=-lgcc_"..., "--build-id", "--eh-frame-hdr", "--hash-style=gnu", "--as-needed", "-dynamic-linker", "/lib/ld-linux-aarch64.so.1", "-X", "-EL", "-maarch64linux", "--fix-cortex-a53-843419", "-pie", "-z", "now", "-z", "relro", "-o", "/home/runner/work/_temp/transiti"..., "/usr/lib/gcc/aarch64-linux-gnu/1"..., "/usr/lib/gcc/aarch64-linux-gnu/1"..., "/usr/lib/gcc/aarch64-linux-gnu/1"..., "-L/usr/lib/gcc/aarch64-linux-gnu"..., "-L/usr/lib/gcc/aarch64-linux-gnu"..., ...], 0x3d1a43b0 /* 118 vars */ <unfinished ...>
6386  <... clone resumed>)              = 6388
6388  <... execve resumed>)             = 0
6386  wait4(6388,  <unfinished ...>
6388  clone(child_stack=0xffffcb8226b0, flags=CLONE_VM|CLONE_VFORK|SIGCHLD <unfinished ...>
6389  execve("/usr/bin/ld", ["/usr/bin/ld", "-plugin", "/usr/libexec/gcc/aarch64-linux-g"..., "-plugin-opt=/usr/libexec/gcc/aar"..., "-plugin-opt=-fresolution=/tmp/cc"..., "-plugin-opt=-pass-through=-lgcc", "-plugin-opt=-pass-through=-lgcc_"..., "-plugin-opt=-pass-through=-lc", "-plugin-opt=-pass-through=-lgcc", "-plugin-opt=-pass-through=-lgcc_"..., "--build-id", "--eh-frame-hdr", "--hash-style=gnu", "--as-needed", "-dynamic-linker", "/lib/ld-linux-aarch64.so.1", "-X", "-EL", "-maarch64linux", "--fix-cortex-a53-843419", "-pie", "-z", "now", "-z", "relro", "-o", "/home/runner/work/_temp/transiti"..., "/usr/lib/gcc/aarch64-linux-gnu/1"..., "/usr/lib/gcc/aarch64-linux-gnu/1"..., "/usr/lib/gcc/aarch64-linux-gnu/1"..., "-L/usr/lib/gcc/aarch64-linux-gnu"..., "-L/usr/lib/gcc/aarch64-linux-gnu"..., ...], 0xffffcb822d60 /* 118 vars */ <unfinished ...>
6388  <... clone resumed>)              = 6389
6389  <... execve resumed>)             = 0
6388  wait4(6389,  <unfinished ...>
6389  exit_group(0)                     = ?
6389  +++ exited with 0 +++
6388  <... wait4 resumed>[{WIFEXITED(s) && WEXITSTATUS(s) == 0}], 0, NULL) = 6389
6388  --- SIGCHLD {si_signo=SIGCHLD, si_code=CLD_EXITED, si_pid=6389, si_uid=1001, si_status=0, si_utime=0, si_stime=1 /* 0.01 s */} ---
6388  exit_group(0)                     = ?
6388  +++ exited with 0 +++
6386  <... wait4 resumed>[{WIFEXITED(s) && WEXITSTATUS(s) == 0}], 0, NULL) = 6388
6386  --- SIGCHLD {si_signo=SIGCHLD, si_code=CLD_EXITED, si_pid=6388, si_uid=1001, si_status=0, si_utime=0, si_stime=0} ---
6386  exit_group(0)                     = ?
6386  +++ exited with 0 +++
6384  <... wait4 resumed>[{WIFEXITED(s) && WEXITSTATUS(s) == 0}], 0, NULL) = 6386
6384  --- SIGCHLD {si_signo=SIGCHLD, si_code=CLD_EXITED, si_pid=6386, si_uid=1001, si_status=0, si_utime=0, si_stime=0} ---
6384  exit_group(0)                     = ?
6384  +++ exited with 0 +++
