6008  execve("/home/runner/work/_temp/transition/first/compiler", ["/home/runner/work/_temp/transiti"..., "build", "compiler/gate4/src/compiler.trb", "--output", "/home/runner/work/_temp/transiti"..., "--qbe", "/home/runner/work/_temp/qbe-1.3/"..., "--cc", "/usr/bin/cc", "--target", "linux-arm64-v0"], 0xffffe1c8b1d8 /* 111 vars */) = 0
6008  clone(child_stack=NULL, flags=CLONE_CHILD_CLEARTID|CLONE_CHILD_SETTID|SIGCHLD, child_tidptr=0xff58fe144f90) = 6009
6008  wait4(6009,  <unfinished ...>
6009  execve("/home/runner/work/_temp/qbe-1.3/qbe", ["/home/runner/work/_temp/qbe-1.3/"..., "-t", "arm64", "-o", "/home/runner/work/_temp/transiti"..., "/home/runner/work/_temp/transiti"...], 0xffffc5dd2c38 /* 111 vars */) = 0
6009  exit_group(0)                     = ?
6009  +++ exited with 0 +++
6008  <... wait4 resumed>[{WIFEXITED(s) && WEXITSTATUS(s) == 0}], 0, NULL) = 6009
6008  --- SIGCHLD {si_signo=SIGCHLD, si_code=CLD_EXITED, si_pid=6009, si_uid=1001, si_status=0, si_utime=20 /* 0.20 s */, si_stime=1 /* 0.01 s */} ---
6008  clone(child_stack=NULL, flags=CLONE_CHILD_CLEARTID|CLONE_CHILD_SETTID|SIGCHLD, child_tidptr=0xff58fe144f90) = 6012
6008  wait4(6012,  <unfinished ...>
6012  execve("/usr/bin/cc", ["/usr/bin/cc", "-xassembler", "/home/runner/work/_temp/transiti"..., "-Wl,--gc-sections,--strip-all", "-o", "/home/runner/work/_temp/transiti"...], 0xffffc5dd2c38 /* 111 vars */) = 0
6012  clone(child_stack=0xffffd37e7700, flags=CLONE_VM|CLONE_VFORK|SIGCHLD <unfinished ...>
6013  execve("/home/runner/go/bin/as", ["as", "-EL", "-mabi=lp64", "-o", "/tmp/ccfY70Y9.o", "/home/runner/work/_temp/transiti"...], 0x15279c20 /* 116 vars */) = -1 ENOENT (No such file or directory)
6013  execve("/opt/hostedtoolcache/go/1.27.0/arm64/bin/as", ["as", "-EL", "-mabi=lp64", "-o", "/tmp/ccfY70Y9.o", "/home/runner/work/_temp/transiti"...], 0x15279c20 /* 116 vars */) = -1 ENOENT (No such file or directory)
6013  execve("/snap/bin/as", ["as", "-EL", "-mabi=lp64", "-o", "/tmp/ccfY70Y9.o", "/home/runner/work/_temp/transiti"...], 0x15279c20 /* 116 vars */) = -1 ENOENT (No such file or directory)
6013  execve("/home/runner/.local/bin/as", ["as", "-EL", "-mabi=lp64", "-o", "/tmp/ccfY70Y9.o", "/home/runner/work/_temp/transiti"...], 0x15279c20 /* 116 vars */) = -1 ENOENT (No such file or directory)
6013  execve("/opt/pipx_bin/as", ["as", "-EL", "-mabi=lp64", "-o", "/tmp/ccfY70Y9.o", "/home/runner/work/_temp/transiti"...], 0x15279c20 /* 116 vars */) = -1 ENOENT (No such file or directory)
6013  execve("/home/runner/.cargo/bin/as", ["as", "-EL", "-mabi=lp64", "-o", "/tmp/ccfY70Y9.o", "/home/runner/work/_temp/transiti"...], 0x15279c20 /* 116 vars */) = -1 ENOENT (No such file or directory)
6013  execve("/home/runner/.config/composer/vendor/bin/as", ["as", "-EL", "-mabi=lp64", "-o", "/tmp/ccfY70Y9.o", "/home/runner/work/_temp/transiti"...], 0x15279c20 /* 116 vars */) = -1 ENOENT (No such file or directory)
6013  execve("/home/runner/.dotnet/tools/as", ["as", "-EL", "-mabi=lp64", "-o", "/tmp/ccfY70Y9.o", "/home/runner/work/_temp/transiti"...], 0x15279c20 /* 116 vars */) = -1 ENOENT (No such file or directory)
6013  execve("/usr/local/sbin/as", ["as", "-EL", "-mabi=lp64", "-o", "/tmp/ccfY70Y9.o", "/home/runner/work/_temp/transiti"...], 0x15279c20 /* 116 vars */) = -1 ENOENT (No such file or directory)
6013  execve("/usr/local/bin/as", ["as", "-EL", "-mabi=lp64", "-o", "/tmp/ccfY70Y9.o", "/home/runner/work/_temp/transiti"...], 0x15279c20 /* 116 vars */) = -1 ENOENT (No such file or directory)
6013  execve("/usr/sbin/as", ["as", "-EL", "-mabi=lp64", "-o", "/tmp/ccfY70Y9.o", "/home/runner/work/_temp/transiti"...], 0x15279c20 /* 116 vars */) = -1 ENOENT (No such file or directory)
6013  execve("/usr/bin/as", ["as", "-EL", "-mabi=lp64", "-o", "/tmp/ccfY70Y9.o", "/home/runner/work/_temp/transiti"...], 0x15279c20 /* 116 vars */ <unfinished ...>
6012  <... clone resumed>)              = 6013
6013  <... execve resumed>)             = 0
6012  wait4(6013,  <unfinished ...>
6013  exit_group(0)                     = ?
6013  +++ exited with 0 +++
6012  <... wait4 resumed>[{WIFEXITED(s) && WEXITSTATUS(s) == 0}], 0, NULL) = 6013
6012  --- SIGCHLD {si_signo=SIGCHLD, si_code=CLD_EXITED, si_pid=6013, si_uid=1001, si_status=0, si_utime=8 /* 0.08 s */, si_stime=0} ---
6012  clone(child_stack=0xffffd37e6840, flags=CLONE_VM|CLONE_VFORK|SIGCHLD <unfinished ...>
6014  execve("/usr/libexec/gcc/aarch64-linux-gnu/13/collect2", ["/usr/libexec/gcc/aarch64-linux-g"..., "-plugin", "/usr/libexec/gcc/aarch64-linux-g"..., "-plugin-opt=/usr/libexec/gcc/aar"..., "-plugin-opt=-fresolution=/tmp/cc"..., "-plugin-opt=-pass-through=-lgcc", "-plugin-opt=-pass-through=-lgcc_"..., "-plugin-opt=-pass-through=-lc", "-plugin-opt=-pass-through=-lgcc", "-plugin-opt=-pass-through=-lgcc_"..., "--build-id", "--eh-frame-hdr", "--hash-style=gnu", "--as-needed", "-dynamic-linker", "/lib/ld-linux-aarch64.so.1", "-X", "-EL", "-maarch64linux", "--fix-cortex-a53-843419", "-pie", "-z", "now", "-z", "relro", "-o", "/home/runner/work/_temp/transiti"..., "/usr/lib/gcc/aarch64-linux-gnu/1"..., "/usr/lib/gcc/aarch64-linux-gnu/1"..., "/usr/lib/gcc/aarch64-linux-gnu/1"..., "-L/usr/lib/gcc/aarch64-linux-gnu"..., "-L/usr/lib/gcc/aarch64-linux-gnu"..., ...], 0x1527a3c0 /* 118 vars */ <unfinished ...>
6012  <... clone resumed>)              = 6014
6014  <... execve resumed>)             = 0
6012  wait4(6014,  <unfinished ...>
6014  clone(child_stack=0xffffc52d7280, flags=CLONE_VM|CLONE_VFORK|SIGCHLD <unfinished ...>
6015  execve("/usr/bin/ld", ["/usr/bin/ld", "-plugin", "/usr/libexec/gcc/aarch64-linux-g"..., "-plugin-opt=/usr/libexec/gcc/aar"..., "-plugin-opt=-fresolution=/tmp/cc"..., "-plugin-opt=-pass-through=-lgcc", "-plugin-opt=-pass-through=-lgcc_"..., "-plugin-opt=-pass-through=-lc", "-plugin-opt=-pass-through=-lgcc", "-plugin-opt=-pass-through=-lgcc_"..., "--build-id", "--eh-frame-hdr", "--hash-style=gnu", "--as-needed", "-dynamic-linker", "/lib/ld-linux-aarch64.so.1", "-X", "-EL", "-maarch64linux", "--fix-cortex-a53-843419", "-pie", "-z", "now", "-z", "relro", "-o", "/home/runner/work/_temp/transiti"..., "/usr/lib/gcc/aarch64-linux-gnu/1"..., "/usr/lib/gcc/aarch64-linux-gnu/1"..., "/usr/lib/gcc/aarch64-linux-gnu/1"..., "-L/usr/lib/gcc/aarch64-linux-gnu"..., "-L/usr/lib/gcc/aarch64-linux-gnu"..., ...], 0xffffc52d7930 /* 118 vars */ <unfinished ...>
6014  <... clone resumed>)              = 6015
6015  <... execve resumed>)             = 0
6014  wait4(6015,  <unfinished ...>
6015  exit_group(0)                     = ?
6015  +++ exited with 0 +++
6014  <... wait4 resumed>[{WIFEXITED(s) && WEXITSTATUS(s) == 0}], 0, NULL) = 6015
6014  --- SIGCHLD {si_signo=SIGCHLD, si_code=CLD_EXITED, si_pid=6015, si_uid=1001, si_status=0, si_utime=1 /* 0.01 s */, si_stime=1 /* 0.01 s */} ---
6014  exit_group(0)                     = ?
6014  +++ exited with 0 +++
6012  <... wait4 resumed>[{WIFEXITED(s) && WEXITSTATUS(s) == 0}], 0, NULL) = 6014
6012  --- SIGCHLD {si_signo=SIGCHLD, si_code=CLD_EXITED, si_pid=6014, si_uid=1001, si_status=0, si_utime=0, si_stime=0} ---
6012  exit_group(0)                     = ?
6012  +++ exited with 0 +++
6008  <... wait4 resumed>[{WIFEXITED(s) && WEXITSTATUS(s) == 0}], 0, NULL) = 6012
6008  --- SIGCHLD {si_signo=SIGCHLD, si_code=CLD_EXITED, si_pid=6012, si_uid=1001, si_status=0, si_utime=0, si_stime=0} ---
6008  exit_group(0)                     = ?
6008  +++ exited with 0 +++
