5998  execve("/home/runner/work/_temp/release/type-rb-native-bootstrap-linux-arm64", ["/home/runner/work/_temp/release/"..., "build", "compiler/gate4/src/compiler.trb", "--output", "/home/runner/work/_temp/transiti"..., "--qbe", "/home/runner/work/_temp/qbe-1.3/"..., "--cc", "/usr/bin/cc", "--target", "linux-arm64-v0"], 0xffffcc90a668 /* 111 vars */) = 0
5998  clone(child_stack=NULL, flags=CLONE_CHILD_CLEARTID|CLONE_CHILD_SETTID|SIGCHLD, child_tidptr=0xff23a4862f90) = 6000
5998  wait4(6000,  <unfinished ...>
6000  execve("/home/runner/work/_temp/qbe-1.3/qbe", ["/home/runner/work/_temp/qbe-1.3/"..., "-t", "arm64", "-o", "/home/runner/work/_temp/transiti"..., "/home/runner/work/_temp/transiti"...], 0xfffff1499f08 /* 111 vars */) = 0
6000  exit_group(0)                     = ?
6000  +++ exited with 0 +++
5998  <... wait4 resumed>[{WIFEXITED(s) && WEXITSTATUS(s) == 0}], 0, NULL) = 6000
5998  --- SIGCHLD {si_signo=SIGCHLD, si_code=CLD_EXITED, si_pid=6000, si_uid=1001, si_status=0, si_utime=18 /* 0.18 s */, si_stime=1 /* 0.01 s */} ---
5998  clone(child_stack=NULL, flags=CLONE_CHILD_CLEARTID|CLONE_CHILD_SETTID|SIGCHLD, child_tidptr=0xff23a4862f90) = 6001
5998  wait4(6001,  <unfinished ...>
6001  execve("/usr/bin/cc", ["/usr/bin/cc", "-xassembler", "/home/runner/work/_temp/transiti"..., "-Wl,--gc-sections,--strip-all", "-o", "/home/runner/work/_temp/transiti"...], 0xfffff1499f08 /* 111 vars */) = 0
6001  clone(child_stack=0xffffc74b1930, flags=CLONE_VM|CLONE_VFORK|SIGCHLD <unfinished ...>
6002  execve("/home/runner/go/bin/as", ["as", "-EL", "-mabi=lp64", "-o", "/tmp/ccrg6QCI.o", "/home/runner/work/_temp/transiti"...], 0xb713c10 /* 116 vars */) = -1 ENOENT (No such file or directory)
6002  execve("/opt/hostedtoolcache/go/1.27.0/arm64/bin/as", ["as", "-EL", "-mabi=lp64", "-o", "/tmp/ccrg6QCI.o", "/home/runner/work/_temp/transiti"...], 0xb713c10 /* 116 vars */) = -1 ENOENT (No such file or directory)
6002  execve("/snap/bin/as", ["as", "-EL", "-mabi=lp64", "-o", "/tmp/ccrg6QCI.o", "/home/runner/work/_temp/transiti"...], 0xb713c10 /* 116 vars */) = -1 ENOENT (No such file or directory)
6002  execve("/home/runner/.local/bin/as", ["as", "-EL", "-mabi=lp64", "-o", "/tmp/ccrg6QCI.o", "/home/runner/work/_temp/transiti"...], 0xb713c10 /* 116 vars */) = -1 ENOENT (No such file or directory)
6002  execve("/opt/pipx_bin/as", ["as", "-EL", "-mabi=lp64", "-o", "/tmp/ccrg6QCI.o", "/home/runner/work/_temp/transiti"...], 0xb713c10 /* 116 vars */) = -1 ENOENT (No such file or directory)
6002  execve("/home/runner/.cargo/bin/as", ["as", "-EL", "-mabi=lp64", "-o", "/tmp/ccrg6QCI.o", "/home/runner/work/_temp/transiti"...], 0xb713c10 /* 116 vars */) = -1 ENOENT (No such file or directory)
6002  execve("/home/runner/.config/composer/vendor/bin/as", ["as", "-EL", "-mabi=lp64", "-o", "/tmp/ccrg6QCI.o", "/home/runner/work/_temp/transiti"...], 0xb713c10 /* 116 vars */) = -1 ENOENT (No such file or directory)
6002  execve("/home/runner/.dotnet/tools/as", ["as", "-EL", "-mabi=lp64", "-o", "/tmp/ccrg6QCI.o", "/home/runner/work/_temp/transiti"...], 0xb713c10 /* 116 vars */) = -1 ENOENT (No such file or directory)
6002  execve("/usr/local/sbin/as", ["as", "-EL", "-mabi=lp64", "-o", "/tmp/ccrg6QCI.o", "/home/runner/work/_temp/transiti"...], 0xb713c10 /* 116 vars */) = -1 ENOENT (No such file or directory)
6002  execve("/usr/local/bin/as", ["as", "-EL", "-mabi=lp64", "-o", "/tmp/ccrg6QCI.o", "/home/runner/work/_temp/transiti"...], 0xb713c10 /* 116 vars */) = -1 ENOENT (No such file or directory)
6002  execve("/usr/sbin/as", ["as", "-EL", "-mabi=lp64", "-o", "/tmp/ccrg6QCI.o", "/home/runner/work/_temp/transiti"...], 0xb713c10 /* 116 vars */) = -1 ENOENT (No such file or directory)
6002  execve("/usr/bin/as", ["as", "-EL", "-mabi=lp64", "-o", "/tmp/ccrg6QCI.o", "/home/runner/work/_temp/transiti"...], 0xb713c10 /* 116 vars */ <unfinished ...>
6001  <... clone resumed>)              = 6002
6002  <... execve resumed>)             = 0
6001  wait4(6002,  <unfinished ...>
6002  exit_group(0)                     = ?
6002  +++ exited with 0 +++
6001  <... wait4 resumed>[{WIFEXITED(s) && WEXITSTATUS(s) == 0}], 0, NULL) = 6002
6001  --- SIGCHLD {si_signo=SIGCHLD, si_code=CLD_EXITED, si_pid=6002, si_uid=1001, si_status=0, si_utime=8 /* 0.08 s */, si_stime=0} ---
6001  clone(child_stack=0xffffc74b0a70, flags=CLONE_VM|CLONE_VFORK|SIGCHLD <unfinished ...>
6003  execve("/usr/libexec/gcc/aarch64-linux-gnu/13/collect2", ["/usr/libexec/gcc/aarch64-linux-g"..., "-plugin", "/usr/libexec/gcc/aarch64-linux-g"..., "-plugin-opt=/usr/libexec/gcc/aar"..., "-plugin-opt=-fresolution=/tmp/cc"..., "-plugin-opt=-pass-through=-lgcc", "-plugin-opt=-pass-through=-lgcc_"..., "-plugin-opt=-pass-through=-lc", "-plugin-opt=-pass-through=-lgcc", "-plugin-opt=-pass-through=-lgcc_"..., "--build-id", "--eh-frame-hdr", "--hash-style=gnu", "--as-needed", "-dynamic-linker", "/lib/ld-linux-aarch64.so.1", "-X", "-EL", "-maarch64linux", "--fix-cortex-a53-843419", "-pie", "-z", "now", "-z", "relro", "-o", "/home/runner/work/_temp/transiti"..., "/usr/lib/gcc/aarch64-linux-gnu/1"..., "/usr/lib/gcc/aarch64-linux-gnu/1"..., "/usr/lib/gcc/aarch64-linux-gnu/1"..., "-L/usr/lib/gcc/aarch64-linux-gnu"..., "-L/usr/lib/gcc/aarch64-linux-gnu"..., ...], 0xb7143b0 /* 118 vars */ <unfinished ...>
6001  <... clone resumed>)              = 6003
6003  <... execve resumed>)             = 0
6001  wait4(6003,  <unfinished ...>
6003  clone(child_stack=0xffffda236370, flags=CLONE_VM|CLONE_VFORK|SIGCHLD <unfinished ...>
6004  execve("/usr/bin/ld", ["/usr/bin/ld", "-plugin", "/usr/libexec/gcc/aarch64-linux-g"..., "-plugin-opt=/usr/libexec/gcc/aar"..., "-plugin-opt=-fresolution=/tmp/cc"..., "-plugin-opt=-pass-through=-lgcc", "-plugin-opt=-pass-through=-lgcc_"..., "-plugin-opt=-pass-through=-lc", "-plugin-opt=-pass-through=-lgcc", "-plugin-opt=-pass-through=-lgcc_"..., "--build-id", "--eh-frame-hdr", "--hash-style=gnu", "--as-needed", "-dynamic-linker", "/lib/ld-linux-aarch64.so.1", "-X", "-EL", "-maarch64linux", "--fix-cortex-a53-843419", "-pie", "-z", "now", "-z", "relro", "-o", "/home/runner/work/_temp/transiti"..., "/usr/lib/gcc/aarch64-linux-gnu/1"..., "/usr/lib/gcc/aarch64-linux-gnu/1"..., "/usr/lib/gcc/aarch64-linux-gnu/1"..., "-L/usr/lib/gcc/aarch64-linux-gnu"..., "-L/usr/lib/gcc/aarch64-linux-gnu"..., ...], 0xffffda236a20 /* 118 vars */ <unfinished ...>
6003  <... clone resumed>)              = 6004
6004  <... execve resumed>)             = 0
6003  wait4(6004,  <unfinished ...>
6004  exit_group(0)                     = ?
6004  +++ exited with 0 +++
6003  <... wait4 resumed>[{WIFEXITED(s) && WEXITSTATUS(s) == 0}], 0, NULL) = 6004
6003  --- SIGCHLD {si_signo=SIGCHLD, si_code=CLD_EXITED, si_pid=6004, si_uid=1001, si_status=0, si_utime=1 /* 0.01 s */, si_stime=1 /* 0.01 s */} ---
6003  exit_group(0)                     = ?
6003  +++ exited with 0 +++
6001  <... wait4 resumed>[{WIFEXITED(s) && WEXITSTATUS(s) == 0}], 0, NULL) = 6003
6001  --- SIGCHLD {si_signo=SIGCHLD, si_code=CLD_EXITED, si_pid=6003, si_uid=1001, si_status=0, si_utime=0, si_stime=0} ---
6001  exit_group(0)                     = ?
6001  +++ exited with 0 +++
5998  <... wait4 resumed>[{WIFEXITED(s) && WEXITSTATUS(s) == 0}], 0, NULL) = 6001
5998  --- SIGCHLD {si_signo=SIGCHLD, si_code=CLD_EXITED, si_pid=6001, si_uid=1001, si_status=0, si_utime=0, si_stime=0} ---
5998  exit_group(0)                     = ?
5998  +++ exited with 0 +++
