6647  execve("/home/runner/work/_temp/transition/first/compiler", ["/home/runner/work/_temp/transiti"..., "build", "compiler/gate4/src/compiler.trb", "--output", "/home/runner/work/_temp/transiti"..., "--qbe", "/home/runner/work/_temp/qbe-1.3/"..., "--cc", "/usr/bin/cc", "--target", "linux-arm64-v0"], 0xffffdc4a5f68 /* 111 vars */) = 0
6647  clone(child_stack=NULL, flags=CLONE_CHILD_CLEARTID|CLONE_CHILD_SETTID|SIGCHLD, child_tidptr=0xff7c4365df90) = 6648
6647  wait4(6648,  <unfinished ...>
6648  execve("/home/runner/work/_temp/qbe-1.3/qbe", ["/home/runner/work/_temp/qbe-1.3/"..., "-t", "arm64", "-o", "/home/runner/work/_temp/transiti"..., "/home/runner/work/_temp/transiti"...], 0xfffffcde1358 /* 111 vars */) = 0
6648  exit_group(0)                     = ?
6648  +++ exited with 0 +++
6647  <... wait4 resumed>[{WIFEXITED(s) && WEXITSTATUS(s) == 0}], 0, NULL) = 6648
6647  --- SIGCHLD {si_signo=SIGCHLD, si_code=CLD_EXITED, si_pid=6648, si_uid=1001, si_status=0, si_utime=25 /* 0.25 s */, si_stime=1 /* 0.01 s */} ---
6647  clone(child_stack=NULL, flags=CLONE_CHILD_CLEARTID|CLONE_CHILD_SETTID|SIGCHLD, child_tidptr=0xff7c4365df90) = 6649
6647  wait4(6649,  <unfinished ...>
6649  execve("/usr/bin/cc", ["/usr/bin/cc", "-xassembler", "/home/runner/work/_temp/transiti"..., "-Wl,--gc-sections,--strip-all", "-o", "/home/runner/work/_temp/transiti"...], 0xfffffcde1358 /* 111 vars */) = 0
6649  clone(child_stack=0xffffca237fe0, flags=CLONE_VM|CLONE_VFORK|SIGCHLD <unfinished ...>
6650  execve("/home/runner/go/bin/as", ["as", "-EL", "-mabi=lp64", "-o", "/tmp/ccwrOpOa.o", "/home/runner/work/_temp/transiti"...], 0x12d7ac20 /* 116 vars */) = -1 ENOENT (No such file or directory)
6650  execve("/opt/hostedtoolcache/go/1.27.1/arm64/bin/as", ["as", "-EL", "-mabi=lp64", "-o", "/tmp/ccwrOpOa.o", "/home/runner/work/_temp/transiti"...], 0x12d7ac20 /* 116 vars */) = -1 ENOENT (No such file or directory)
6650  execve("/snap/bin/as", ["as", "-EL", "-mabi=lp64", "-o", "/tmp/ccwrOpOa.o", "/home/runner/work/_temp/transiti"...], 0x12d7ac20 /* 116 vars */) = -1 ENOENT (No such file or directory)
6650  execve("/home/runner/.local/bin/as", ["as", "-EL", "-mabi=lp64", "-o", "/tmp/ccwrOpOa.o", "/home/runner/work/_temp/transiti"...], 0x12d7ac20 /* 116 vars */) = -1 ENOENT (No such file or directory)
6650  execve("/opt/pipx_bin/as", ["as", "-EL", "-mabi=lp64", "-o", "/tmp/ccwrOpOa.o", "/home/runner/work/_temp/transiti"...], 0x12d7ac20 /* 116 vars */) = -1 ENOENT (No such file or directory)
6650  execve("/home/runner/.cargo/bin/as", ["as", "-EL", "-mabi=lp64", "-o", "/tmp/ccwrOpOa.o", "/home/runner/work/_temp/transiti"...], 0x12d7ac20 /* 116 vars */) = -1 ENOENT (No such file or directory)
6650  execve("/home/runner/.config/composer/vendor/bin/as", ["as", "-EL", "-mabi=lp64", "-o", "/tmp/ccwrOpOa.o", "/home/runner/work/_temp/transiti"...], 0x12d7ac20 /* 116 vars */) = -1 ENOENT (No such file or directory)
6650  execve("/home/runner/.dotnet/tools/as", ["as", "-EL", "-mabi=lp64", "-o", "/tmp/ccwrOpOa.o", "/home/runner/work/_temp/transiti"...], 0x12d7ac20 /* 116 vars */) = -1 ENOENT (No such file or directory)
6650  execve("/usr/local/sbin/as", ["as", "-EL", "-mabi=lp64", "-o", "/tmp/ccwrOpOa.o", "/home/runner/work/_temp/transiti"...], 0x12d7ac20 /* 116 vars */) = -1 ENOENT (No such file or directory)
6650  execve("/usr/local/bin/as", ["as", "-EL", "-mabi=lp64", "-o", "/tmp/ccwrOpOa.o", "/home/runner/work/_temp/transiti"...], 0x12d7ac20 /* 116 vars */) = -1 ENOENT (No such file or directory)
6650  execve("/usr/sbin/as", ["as", "-EL", "-mabi=lp64", "-o", "/tmp/ccwrOpOa.o", "/home/runner/work/_temp/transiti"...], 0x12d7ac20 /* 116 vars */) = -1 ENOENT (No such file or directory)
6650  execve("/usr/bin/as", ["as", "-EL", "-mabi=lp64", "-o", "/tmp/ccwrOpOa.o", "/home/runner/work/_temp/transiti"...], 0x12d7ac20 /* 116 vars */ <unfinished ...>
6649  <... clone resumed>)              = 6650
6650  <... execve resumed>)             = 0
6649  wait4(6650,  <unfinished ...>
6650  exit_group(0)                     = ?
6650  +++ exited with 0 +++
6649  <... wait4 resumed>[{WIFEXITED(s) && WEXITSTATUS(s) == 0}], 0, NULL) = 6650
6649  --- SIGCHLD {si_signo=SIGCHLD, si_code=CLD_EXITED, si_pid=6650, si_uid=1001, si_status=0, si_utime=10 /* 0.10 s */, si_stime=1 /* 0.01 s */} ---
6649  clone(child_stack=0xffffca237120, flags=CLONE_VM|CLONE_VFORK|SIGCHLD <unfinished ...>
6651  execve("/usr/libexec/gcc/aarch64-linux-gnu/13/collect2", ["/usr/libexec/gcc/aarch64-linux-g"..., "-plugin", "/usr/libexec/gcc/aarch64-linux-g"..., "-plugin-opt=/usr/libexec/gcc/aar"..., "-plugin-opt=-fresolution=/tmp/cc"..., "-plugin-opt=-pass-through=-lgcc", "-plugin-opt=-pass-through=-lgcc_"..., "-plugin-opt=-pass-through=-lc", "-plugin-opt=-pass-through=-lgcc", "-plugin-opt=-pass-through=-lgcc_"..., "--build-id", "--eh-frame-hdr", "--hash-style=gnu", "--as-needed", "-dynamic-linker", "/lib/ld-linux-aarch64.so.1", "-X", "-EL", "-maarch64linux", "--fix-cortex-a53-843419", "-pie", "-z", "now", "-z", "relro", "-o", "/home/runner/work/_temp/transiti"..., "/usr/lib/gcc/aarch64-linux-gnu/1"..., "/usr/lib/gcc/aarch64-linux-gnu/1"..., "/usr/lib/gcc/aarch64-linux-gnu/1"..., "-L/usr/lib/gcc/aarch64-linux-gnu"..., "-L/usr/lib/gcc/aarch64-linux-gnu"..., ...], 0x12d7b3c0 /* 118 vars */ <unfinished ...>
6649  <... clone resumed>)              = 6651
6651  <... execve resumed>)             = 0
6649  wait4(6651,  <unfinished ...>
6651  clone(child_stack=0xffffcd7d4c50, flags=CLONE_VM|CLONE_VFORK|SIGCHLD <unfinished ...>
6652  execve("/usr/bin/ld", ["/usr/bin/ld", "-plugin", "/usr/libexec/gcc/aarch64-linux-g"..., "-plugin-opt=/usr/libexec/gcc/aar"..., "-plugin-opt=-fresolution=/tmp/cc"..., "-plugin-opt=-pass-through=-lgcc", "-plugin-opt=-pass-through=-lgcc_"..., "-plugin-opt=-pass-through=-lc", "-plugin-opt=-pass-through=-lgcc", "-plugin-opt=-pass-through=-lgcc_"..., "--build-id", "--eh-frame-hdr", "--hash-style=gnu", "--as-needed", "-dynamic-linker", "/lib/ld-linux-aarch64.so.1", "-X", "-EL", "-maarch64linux", "--fix-cortex-a53-843419", "-pie", "-z", "now", "-z", "relro", "-o", "/home/runner/work/_temp/transiti"..., "/usr/lib/gcc/aarch64-linux-gnu/1"..., "/usr/lib/gcc/aarch64-linux-gnu/1"..., "/usr/lib/gcc/aarch64-linux-gnu/1"..., "-L/usr/lib/gcc/aarch64-linux-gnu"..., "-L/usr/lib/gcc/aarch64-linux-gnu"..., ...], 0xffffcd7d5300 /* 118 vars */ <unfinished ...>
6651  <... clone resumed>)              = 6652
6652  <... execve resumed>)             = 0
6651  wait4(6652,  <unfinished ...>
6652  exit_group(0)                     = ?
6652  +++ exited with 0 +++
6651  <... wait4 resumed>[{WIFEXITED(s) && WEXITSTATUS(s) == 0}], 0, NULL) = 6652
6651  --- SIGCHLD {si_signo=SIGCHLD, si_code=CLD_EXITED, si_pid=6652, si_uid=1001, si_status=0, si_utime=0, si_stime=1 /* 0.01 s */} ---
6651  exit_group(0)                     = ?
6651  +++ exited with 0 +++
6649  <... wait4 resumed>[{WIFEXITED(s) && WEXITSTATUS(s) == 0}], 0, NULL) = 6651
6649  --- SIGCHLD {si_signo=SIGCHLD, si_code=CLD_EXITED, si_pid=6651, si_uid=1001, si_status=0, si_utime=0, si_stime=0} ---
6649  exit_group(0)                     = ?
6649  +++ exited with 0 +++
6647  <... wait4 resumed>[{WIFEXITED(s) && WEXITSTATUS(s) == 0}], 0, NULL) = 6649
6647  --- SIGCHLD {si_signo=SIGCHLD, si_code=CLD_EXITED, si_pid=6649, si_uid=1001, si_status=0, si_utime=0, si_stime=0} ---
6647  exit_group(0)                     = ?
6647  +++ exited with 0 +++
