6638  execve("/home/runner/work/_temp/release/type-rb-native-bootstrap-linux-arm64", ["/home/runner/work/_temp/release/"..., "build", "compiler/gate4/src/compiler.trb", "--output", "/home/runner/work/_temp/transiti"..., "--qbe", "/home/runner/work/_temp/qbe-1.3/"..., "--cc", "/usr/bin/cc", "--target", "linux-arm64-v0"], 0xffffc2b119c8 /* 111 vars */) = 0
6638  clone(child_stack=NULL, flags=CLONE_CHILD_CLEARTID|CLONE_CHILD_SETTID|SIGCHLD, child_tidptr=0xff9e59158f90) = 6639
6638  wait4(6639,  <unfinished ...>
6639  execve("/home/runner/work/_temp/qbe-1.3/qbe", ["/home/runner/work/_temp/qbe-1.3/"..., "-t", "arm64", "-o", "/home/runner/work/_temp/transiti"..., "/home/runner/work/_temp/transiti"...], 0xffffce1acd08 /* 111 vars */) = 0
6639  exit_group(0)                     = ?
6639  +++ exited with 0 +++
6638  <... wait4 resumed>[{WIFEXITED(s) && WEXITSTATUS(s) == 0}], 0, NULL) = 6639
6638  --- SIGCHLD {si_signo=SIGCHLD, si_code=CLD_EXITED, si_pid=6639, si_uid=1001, si_status=0, si_utime=24 /* 0.24 s */, si_stime=1 /* 0.01 s */} ---
6638  clone(child_stack=NULL, flags=CLONE_CHILD_CLEARTID|CLONE_CHILD_SETTID|SIGCHLD, child_tidptr=0xff9e59158f90) = 6640
6638  wait4(6640,  <unfinished ...>
6640  execve("/usr/bin/cc", ["/usr/bin/cc", "-xassembler", "/home/runner/work/_temp/transiti"..., "-Wl,--gc-sections,--strip-all", "-o", "/home/runner/work/_temp/transiti"...], 0xffffce1acd08 /* 111 vars */) = 0
6640  clone(child_stack=0xfffff8bcfcb0, flags=CLONE_VM|CLONE_VFORK|SIGCHLD <unfinished ...>
6641  execve("/home/runner/go/bin/as", ["as", "-EL", "-mabi=lp64", "-o", "/tmp/cczDO0WJ.o", "/home/runner/work/_temp/transiti"...], 0x26c92c10 /* 116 vars */) = -1 ENOENT (No such file or directory)
6641  execve("/opt/hostedtoolcache/go/1.27.1/arm64/bin/as", ["as", "-EL", "-mabi=lp64", "-o", "/tmp/cczDO0WJ.o", "/home/runner/work/_temp/transiti"...], 0x26c92c10 /* 116 vars */) = -1 ENOENT (No such file or directory)
6641  execve("/snap/bin/as", ["as", "-EL", "-mabi=lp64", "-o", "/tmp/cczDO0WJ.o", "/home/runner/work/_temp/transiti"...], 0x26c92c10 /* 116 vars */) = -1 ENOENT (No such file or directory)
6641  execve("/home/runner/.local/bin/as", ["as", "-EL", "-mabi=lp64", "-o", "/tmp/cczDO0WJ.o", "/home/runner/work/_temp/transiti"...], 0x26c92c10 /* 116 vars */) = -1 ENOENT (No such file or directory)
6641  execve("/opt/pipx_bin/as", ["as", "-EL", "-mabi=lp64", "-o", "/tmp/cczDO0WJ.o", "/home/runner/work/_temp/transiti"...], 0x26c92c10 /* 116 vars */) = -1 ENOENT (No such file or directory)
6641  execve("/home/runner/.cargo/bin/as", ["as", "-EL", "-mabi=lp64", "-o", "/tmp/cczDO0WJ.o", "/home/runner/work/_temp/transiti"...], 0x26c92c10 /* 116 vars */) = -1 ENOENT (No such file or directory)
6641  execve("/home/runner/.config/composer/vendor/bin/as", ["as", "-EL", "-mabi=lp64", "-o", "/tmp/cczDO0WJ.o", "/home/runner/work/_temp/transiti"...], 0x26c92c10 /* 116 vars */) = -1 ENOENT (No such file or directory)
6641  execve("/home/runner/.dotnet/tools/as", ["as", "-EL", "-mabi=lp64", "-o", "/tmp/cczDO0WJ.o", "/home/runner/work/_temp/transiti"...], 0x26c92c10 /* 116 vars */) = -1 ENOENT (No such file or directory)
6641  execve("/usr/local/sbin/as", ["as", "-EL", "-mabi=lp64", "-o", "/tmp/cczDO0WJ.o", "/home/runner/work/_temp/transiti"...], 0x26c92c10 /* 116 vars */) = -1 ENOENT (No such file or directory)
6641  execve("/usr/local/bin/as", ["as", "-EL", "-mabi=lp64", "-o", "/tmp/cczDO0WJ.o", "/home/runner/work/_temp/transiti"...], 0x26c92c10 /* 116 vars */) = -1 ENOENT (No such file or directory)
6641  execve("/usr/sbin/as", ["as", "-EL", "-mabi=lp64", "-o", "/tmp/cczDO0WJ.o", "/home/runner/work/_temp/transiti"...], 0x26c92c10 /* 116 vars */) = -1 ENOENT (No such file or directory)
6641  execve("/usr/bin/as", ["as", "-EL", "-mabi=lp64", "-o", "/tmp/cczDO0WJ.o", "/home/runner/work/_temp/transiti"...], 0x26c92c10 /* 116 vars */ <unfinished ...>
6640  <... clone resumed>)              = 6641
6641  <... execve resumed>)             = 0
6640  wait4(6641,  <unfinished ...>
6641  exit_group(0)                     = ?
6641  +++ exited with 0 +++
6640  <... wait4 resumed>[{WIFEXITED(s) && WEXITSTATUS(s) == 0}], 0, NULL) = 6641
6640  --- SIGCHLD {si_signo=SIGCHLD, si_code=CLD_EXITED, si_pid=6641, si_uid=1001, si_status=0, si_utime=9 /* 0.09 s */, si_stime=0} ---
6640  clone(child_stack=0xfffff8bcedf0, flags=CLONE_VM|CLONE_VFORK|SIGCHLD <unfinished ...>
6642  execve("/usr/libexec/gcc/aarch64-linux-gnu/13/collect2", ["/usr/libexec/gcc/aarch64-linux-g"..., "-plugin", "/usr/libexec/gcc/aarch64-linux-g"..., "-plugin-opt=/usr/libexec/gcc/aar"..., "-plugin-opt=-fresolution=/tmp/cc"..., "-plugin-opt=-pass-through=-lgcc", "-plugin-opt=-pass-through=-lgcc_"..., "-plugin-opt=-pass-through=-lc", "-plugin-opt=-pass-through=-lgcc", "-plugin-opt=-pass-through=-lgcc_"..., "--build-id", "--eh-frame-hdr", "--hash-style=gnu", "--as-needed", "-dynamic-linker", "/lib/ld-linux-aarch64.so.1", "-X", "-EL", "-maarch64linux", "--fix-cortex-a53-843419", "-pie", "-z", "now", "-z", "relro", "-o", "/home/runner/work/_temp/transiti"..., "/usr/lib/gcc/aarch64-linux-gnu/1"..., "/usr/lib/gcc/aarch64-linux-gnu/1"..., "/usr/lib/gcc/aarch64-linux-gnu/1"..., "-L/usr/lib/gcc/aarch64-linux-gnu"..., "-L/usr/lib/gcc/aarch64-linux-gnu"..., ...], 0x26c933b0 /* 118 vars */ <unfinished ...>
6640  <... clone resumed>)              = 6642
6642  <... execve resumed>)             = 0
6640  wait4(6642,  <unfinished ...>
6642  clone(child_stack=0xffffc8553140, flags=CLONE_VM|CLONE_VFORK|SIGCHLD <unfinished ...>
6643  execve("/usr/bin/ld", ["/usr/bin/ld", "-plugin", "/usr/libexec/gcc/aarch64-linux-g"..., "-plugin-opt=/usr/libexec/gcc/aar"..., "-plugin-opt=-fresolution=/tmp/cc"..., "-plugin-opt=-pass-through=-lgcc", "-plugin-opt=-pass-through=-lgcc_"..., "-plugin-opt=-pass-through=-lc", "-plugin-opt=-pass-through=-lgcc", "-plugin-opt=-pass-through=-lgcc_"..., "--build-id", "--eh-frame-hdr", "--hash-style=gnu", "--as-needed", "-dynamic-linker", "/lib/ld-linux-aarch64.so.1", "-X", "-EL", "-maarch64linux", "--fix-cortex-a53-843419", "-pie", "-z", "now", "-z", "relro", "-o", "/home/runner/work/_temp/transiti"..., "/usr/lib/gcc/aarch64-linux-gnu/1"..., "/usr/lib/gcc/aarch64-linux-gnu/1"..., "/usr/lib/gcc/aarch64-linux-gnu/1"..., "-L/usr/lib/gcc/aarch64-linux-gnu"..., "-L/usr/lib/gcc/aarch64-linux-gnu"..., ...], 0xffffc85537f0 /* 118 vars */ <unfinished ...>
6642  <... clone resumed>)              = 6643
6643  <... execve resumed>)             = 0
6642  wait4(6643,  <unfinished ...>
6643  exit_group(0)                     = ?
6643  +++ exited with 0 +++
6642  <... wait4 resumed>[{WIFEXITED(s) && WEXITSTATUS(s) == 0}], 0, NULL) = 6643
6642  --- SIGCHLD {si_signo=SIGCHLD, si_code=CLD_EXITED, si_pid=6643, si_uid=1001, si_status=0, si_utime=0, si_stime=0} ---
6642  exit_group(0)                     = ?
6642  +++ exited with 0 +++
6640  <... wait4 resumed>[{WIFEXITED(s) && WEXITSTATUS(s) == 0}], 0, NULL) = 6642
6640  --- SIGCHLD {si_signo=SIGCHLD, si_code=CLD_EXITED, si_pid=6642, si_uid=1001, si_status=0, si_utime=0, si_stime=0} ---
6640  exit_group(0)                     = ?
6640  +++ exited with 0 +++
6638  <... wait4 resumed>[{WIFEXITED(s) && WEXITSTATUS(s) == 0}], 0, NULL) = 6640
6638  --- SIGCHLD {si_signo=SIGCHLD, si_code=CLD_EXITED, si_pid=6640, si_uid=1001, si_status=0, si_utime=0, si_stime=0} ---
6638  exit_group(0)                     = ?
6638  +++ exited with 0 +++
