6284  execve("/home/runner/work/_temp/release/type-rb-native-bootstrap-linux-arm64", ["/home/runner/work/_temp/release/"..., "build", "compiler/gate4/src/compiler.trb", "--output", "/home/runner/work/_temp/transiti"..., "--qbe", "/home/runner/work/_temp/qbe-1.3/"..., "--cc", "/usr/bin/cc", "--target", "linux-arm64-v0"], 0xffffe63a6c28 /* 111 vars */) = 0
6284  clone(child_stack=NULL, flags=CLONE_CHILD_CLEARTID|CLONE_CHILD_SETTID|SIGCHLD, child_tidptr=0xfff441908f90) = 6286
6284  wait4(6286,  <unfinished ...>
6286  execve("/home/runner/work/_temp/qbe-1.3/qbe", ["/home/runner/work/_temp/qbe-1.3/"..., "-t", "arm64", "-o", "/home/runner/work/_temp/transiti"..., "/home/runner/work/_temp/transiti"...], 0xfffff1fac418 /* 111 vars */) = 0
6286  exit_group(0)                     = ?
6286  +++ exited with 0 +++
6284  <... wait4 resumed>[{WIFEXITED(s) && WEXITSTATUS(s) == 0}], 0, NULL) = 6286
6284  --- SIGCHLD {si_signo=SIGCHLD, si_code=CLD_EXITED, si_pid=6286, si_uid=1001, si_status=0, si_utime=17 /* 0.17 s */, si_stime=1 /* 0.01 s */} ---
6284  clone(child_stack=NULL, flags=CLONE_CHILD_CLEARTID|CLONE_CHILD_SETTID|SIGCHLD, child_tidptr=0xfff441908f90) = 6287
6284  wait4(6287,  <unfinished ...>
6287  execve("/usr/bin/cc", ["/usr/bin/cc", "-xassembler", "/home/runner/work/_temp/transiti"..., "-Wl,--gc-sections,--strip-all", "-o", "/home/runner/work/_temp/transiti"...], 0xfffff1fac418 /* 111 vars */) = 0
6287  clone(child_stack=0xffffd40cdd00, flags=CLONE_VM|CLONE_VFORK|SIGCHLD <unfinished ...>
6288  execve("/home/runner/go/bin/as", ["as", "-EL", "-mabi=lp64", "-o", "/tmp/ccPzBSRj.o", "/home/runner/work/_temp/transiti"...], 0x4492c10 /* 116 vars */) = -1 ENOENT (No such file or directory)
6288  execve("/opt/hostedtoolcache/go/1.27.0/arm64/bin/as", ["as", "-EL", "-mabi=lp64", "-o", "/tmp/ccPzBSRj.o", "/home/runner/work/_temp/transiti"...], 0x4492c10 /* 116 vars */) = -1 ENOENT (No such file or directory)
6288  execve("/snap/bin/as", ["as", "-EL", "-mabi=lp64", "-o", "/tmp/ccPzBSRj.o", "/home/runner/work/_temp/transiti"...], 0x4492c10 /* 116 vars */) = -1 ENOENT (No such file or directory)
6288  execve("/home/runner/.local/bin/as", ["as", "-EL", "-mabi=lp64", "-o", "/tmp/ccPzBSRj.o", "/home/runner/work/_temp/transiti"...], 0x4492c10 /* 116 vars */) = -1 ENOENT (No such file or directory)
6288  execve("/opt/pipx_bin/as", ["as", "-EL", "-mabi=lp64", "-o", "/tmp/ccPzBSRj.o", "/home/runner/work/_temp/transiti"...], 0x4492c10 /* 116 vars */) = -1 ENOENT (No such file or directory)
6288  execve("/home/runner/.cargo/bin/as", ["as", "-EL", "-mabi=lp64", "-o", "/tmp/ccPzBSRj.o", "/home/runner/work/_temp/transiti"...], 0x4492c10 /* 116 vars */) = -1 ENOENT (No such file or directory)
6288  execve("/home/runner/.config/composer/vendor/bin/as", ["as", "-EL", "-mabi=lp64", "-o", "/tmp/ccPzBSRj.o", "/home/runner/work/_temp/transiti"...], 0x4492c10 /* 116 vars */) = -1 ENOENT (No such file or directory)
6288  execve("/home/runner/.dotnet/tools/as", ["as", "-EL", "-mabi=lp64", "-o", "/tmp/ccPzBSRj.o", "/home/runner/work/_temp/transiti"...], 0x4492c10 /* 116 vars */) = -1 ENOENT (No such file or directory)
6288  execve("/usr/local/sbin/as", ["as", "-EL", "-mabi=lp64", "-o", "/tmp/ccPzBSRj.o", "/home/runner/work/_temp/transiti"...], 0x4492c10 /* 116 vars */) = -1 ENOENT (No such file or directory)
6288  execve("/usr/local/bin/as", ["as", "-EL", "-mabi=lp64", "-o", "/tmp/ccPzBSRj.o", "/home/runner/work/_temp/transiti"...], 0x4492c10 /* 116 vars */) = -1 ENOENT (No such file or directory)
6288  execve("/usr/sbin/as", ["as", "-EL", "-mabi=lp64", "-o", "/tmp/ccPzBSRj.o", "/home/runner/work/_temp/transiti"...], 0x4492c10 /* 116 vars */) = -1 ENOENT (No such file or directory)
6288  execve("/usr/bin/as", ["as", "-EL", "-mabi=lp64", "-o", "/tmp/ccPzBSRj.o", "/home/runner/work/_temp/transiti"...], 0x4492c10 /* 116 vars */ <unfinished ...>
6287  <... clone resumed>)              = 6288
6288  <... execve resumed>)             = 0
6287  wait4(6288,  <unfinished ...>
6288  exit_group(0)                     = ?
6288  +++ exited with 0 +++
6287  <... wait4 resumed>[{WIFEXITED(s) && WEXITSTATUS(s) == 0}], 0, NULL) = 6288
6287  --- SIGCHLD {si_signo=SIGCHLD, si_code=CLD_EXITED, si_pid=6288, si_uid=1001, si_status=0, si_utime=8 /* 0.08 s */, si_stime=0} ---
6287  clone(child_stack=0xffffd40cce40, flags=CLONE_VM|CLONE_VFORK|SIGCHLD <unfinished ...>
6289  execve("/usr/libexec/gcc/aarch64-linux-gnu/13/collect2", ["/usr/libexec/gcc/aarch64-linux-g"..., "-plugin", "/usr/libexec/gcc/aarch64-linux-g"..., "-plugin-opt=/usr/libexec/gcc/aar"..., "-plugin-opt=-fresolution=/tmp/cc"..., "-plugin-opt=-pass-through=-lgcc", "-plugin-opt=-pass-through=-lgcc_"..., "-plugin-opt=-pass-through=-lc", "-plugin-opt=-pass-through=-lgcc", "-plugin-opt=-pass-through=-lgcc_"..., "--build-id", "--eh-frame-hdr", "--hash-style=gnu", "--as-needed", "-dynamic-linker", "/lib/ld-linux-aarch64.so.1", "-X", "-EL", "-maarch64linux", "--fix-cortex-a53-843419", "-pie", "-z", "now", "-z", "relro", "-o", "/home/runner/work/_temp/transiti"..., "/usr/lib/gcc/aarch64-linux-gnu/1"..., "/usr/lib/gcc/aarch64-linux-gnu/1"..., "/usr/lib/gcc/aarch64-linux-gnu/1"..., "-L/usr/lib/gcc/aarch64-linux-gnu"..., "-L/usr/lib/gcc/aarch64-linux-gnu"..., ...], 0x44933b0 /* 118 vars */ <unfinished ...>
6287  <... clone resumed>)              = 6289
6289  <... execve resumed>)             = 0
6287  wait4(6289,  <unfinished ...>
6289  clone(child_stack=0xffffef59d150, flags=CLONE_VM|CLONE_VFORK|SIGCHLD <unfinished ...>
6290  execve("/usr/bin/ld", ["/usr/bin/ld", "-plugin", "/usr/libexec/gcc/aarch64-linux-g"..., "-plugin-opt=/usr/libexec/gcc/aar"..., "-plugin-opt=-fresolution=/tmp/cc"..., "-plugin-opt=-pass-through=-lgcc", "-plugin-opt=-pass-through=-lgcc_"..., "-plugin-opt=-pass-through=-lc", "-plugin-opt=-pass-through=-lgcc", "-plugin-opt=-pass-through=-lgcc_"..., "--build-id", "--eh-frame-hdr", "--hash-style=gnu", "--as-needed", "-dynamic-linker", "/lib/ld-linux-aarch64.so.1", "-X", "-EL", "-maarch64linux", "--fix-cortex-a53-843419", "-pie", "-z", "now", "-z", "relro", "-o", "/home/runner/work/_temp/transiti"..., "/usr/lib/gcc/aarch64-linux-gnu/1"..., "/usr/lib/gcc/aarch64-linux-gnu/1"..., "/usr/lib/gcc/aarch64-linux-gnu/1"..., "-L/usr/lib/gcc/aarch64-linux-gnu"..., "-L/usr/lib/gcc/aarch64-linux-gnu"..., ...], 0xffffef59d800 /* 118 vars */ <unfinished ...>
6289  <... clone resumed>)              = 6290
6290  <... execve resumed>)             = 0
6289  wait4(6290,  <unfinished ...>
6290  exit_group(0)                     = ?
6290  +++ exited with 0 +++
6289  <... wait4 resumed>[{WIFEXITED(s) && WEXITSTATUS(s) == 0}], 0, NULL) = 6290
6289  --- SIGCHLD {si_signo=SIGCHLD, si_code=CLD_EXITED, si_pid=6290, si_uid=1001, si_status=0, si_utime=0, si_stime=0} ---
6289  exit_group(0)                     = ?
6289  +++ exited with 0 +++
6287  <... wait4 resumed>[{WIFEXITED(s) && WEXITSTATUS(s) == 0}], 0, NULL) = 6289
6287  --- SIGCHLD {si_signo=SIGCHLD, si_code=CLD_EXITED, si_pid=6289, si_uid=1001, si_status=0, si_utime=0, si_stime=0} ---
6287  exit_group(0)                     = ?
6287  +++ exited with 0 +++
6284  <... wait4 resumed>[{WIFEXITED(s) && WEXITSTATUS(s) == 0}], 0, NULL) = 6287
6284  --- SIGCHLD {si_signo=SIGCHLD, si_code=CLD_EXITED, si_pid=6287, si_uid=1001, si_status=0, si_utime=0, si_stime=0} ---
6284  exit_group(0)                     = ?
6284  +++ exited with 0 +++
