2847  execve("/home/runner/work/_temp/transition/first/compiler", ["/home/runner/work/_temp/transiti"..., "build", "compiler/gate4/src/compiler.trb", "--output", "/home/runner/work/_temp/transiti"..., "--qbe", "/home/runner/work/_temp/qbe-1.3/"..., "--cc", "/usr/bin/cc", "--target", "linux-arm64-v0"], 0xffffdbcf9868 /* 105 vars */) = 0
2847  clone(child_stack=NULL, flags=CLONE_CHILD_CLEARTID|CLONE_CHILD_SETTID|SIGCHLD, child_tidptr=0xff4a94f10f90) = 2848
2847  wait4(2848,  <unfinished ...>
2848  execve("/home/runner/work/_temp/qbe-1.3/qbe", ["/home/runner/work/_temp/qbe-1.3/"..., "-t", "arm64", "-o", "/home/runner/work/_temp/transiti"..., "/home/runner/work/_temp/transiti"...], 0xffffffe885b8 /* 105 vars */) = 0
2848  exit_group(0)                     = ?
2848  +++ exited with 0 +++
2847  <... wait4 resumed>[{WIFEXITED(s) && WEXITSTATUS(s) == 0}], 0, NULL) = 2848
2847  --- SIGCHLD {si_signo=SIGCHLD, si_code=CLD_EXITED, si_pid=2848, si_uid=1001, si_status=0, si_utime=19 /* 0.19 s */, si_stime=1 /* 0.01 s */} ---
2847  clone(child_stack=NULL, flags=CLONE_CHILD_CLEARTID|CLONE_CHILD_SETTID|SIGCHLD, child_tidptr=0xff4a94f10f90) = 2849
2847  wait4(2849,  <unfinished ...>
2849  execve("/usr/bin/cc", ["/usr/bin/cc", "-xassembler", "/home/runner/work/_temp/transiti"..., "-Wl,--gc-sections,--strip-all", "-o", "/home/runner/work/_temp/transiti"...], 0xffffffe885b8 /* 105 vars */) = 0
2849  clone(child_stack=0xffffe9e93580, flags=CLONE_VM|CLONE_VFORK|SIGCHLD <unfinished ...>
2850  execve("/snap/bin/as", ["as", "-EL", "-mabi=lp64", "-o", "/tmp/ccgPIiiO.o", "/home/runner/work/_temp/transiti"...], 0x33d32bf0 /* 110 vars */) = -1 ENOENT (No such file or directory)
2850  execve("/home/runner/.local/bin/as", ["as", "-EL", "-mabi=lp64", "-o", "/tmp/ccgPIiiO.o", "/home/runner/work/_temp/transiti"...], 0x33d32bf0 /* 110 vars */) = -1 ENOENT (No such file or directory)
2850  execve("/opt/pipx_bin/as", ["as", "-EL", "-mabi=lp64", "-o", "/tmp/ccgPIiiO.o", "/home/runner/work/_temp/transiti"...], 0x33d32bf0 /* 110 vars */) = -1 ENOENT (No such file or directory)
2850  execve("/home/runner/.cargo/bin/as", ["as", "-EL", "-mabi=lp64", "-o", "/tmp/ccgPIiiO.o", "/home/runner/work/_temp/transiti"...], 0x33d32bf0 /* 110 vars */) = -1 ENOENT (No such file or directory)
2850  execve("/home/runner/.config/composer/vendor/bin/as", ["as", "-EL", "-mabi=lp64", "-o", "/tmp/ccgPIiiO.o", "/home/runner/work/_temp/transiti"...], 0x33d32bf0 /* 110 vars */) = -1 ENOENT (No such file or directory)
2850  execve("/home/runner/.dotnet/tools/as", ["as", "-EL", "-mabi=lp64", "-o", "/tmp/ccgPIiiO.o", "/home/runner/work/_temp/transiti"...], 0x33d32bf0 /* 110 vars */) = -1 ENOENT (No such file or directory)
2850  execve("/usr/local/sbin/as", ["as", "-EL", "-mabi=lp64", "-o", "/tmp/ccgPIiiO.o", "/home/runner/work/_temp/transiti"...], 0x33d32bf0 /* 110 vars */) = -1 ENOENT (No such file or directory)
2850  execve("/usr/local/bin/as", ["as", "-EL", "-mabi=lp64", "-o", "/tmp/ccgPIiiO.o", "/home/runner/work/_temp/transiti"...], 0x33d32bf0 /* 110 vars */) = -1 ENOENT (No such file or directory)
2850  execve("/usr/sbin/as", ["as", "-EL", "-mabi=lp64", "-o", "/tmp/ccgPIiiO.o", "/home/runner/work/_temp/transiti"...], 0x33d32bf0 /* 110 vars */) = -1 ENOENT (No such file or directory)
2850  execve("/usr/bin/as", ["as", "-EL", "-mabi=lp64", "-o", "/tmp/ccgPIiiO.o", "/home/runner/work/_temp/transiti"...], 0x33d32bf0 /* 110 vars */ <unfinished ...>
2849  <... clone resumed>)              = 2850
2850  <... execve resumed>)             = 0
2849  wait4(2850,  <unfinished ...>
2850  exit_group(0)                     = ?
2850  +++ exited with 0 +++
2849  <... wait4 resumed>[{WIFEXITED(s) && WEXITSTATUS(s) == 0}], 0, NULL) = 2850
2849  --- SIGCHLD {si_signo=SIGCHLD, si_code=CLD_EXITED, si_pid=2850, si_uid=1001, si_status=0, si_utime=8 /* 0.08 s */, si_stime=0} ---
2849  clone(child_stack=0xffffe9e926c0, flags=CLONE_VM|CLONE_VFORK|SIGCHLD <unfinished ...>
2851  execve("/usr/libexec/gcc/aarch64-linux-gnu/13/collect2", ["/usr/libexec/gcc/aarch64-linux-g"..., "-plugin", "/usr/libexec/gcc/aarch64-linux-g"..., "-plugin-opt=/usr/libexec/gcc/aar"..., "-plugin-opt=-fresolution=/tmp/cc"..., "-plugin-opt=-pass-through=-lgcc", "-plugin-opt=-pass-through=-lgcc_"..., "-plugin-opt=-pass-through=-lc", "-plugin-opt=-pass-through=-lgcc", "-plugin-opt=-pass-through=-lgcc_"..., "--build-id", "--eh-frame-hdr", "--hash-style=gnu", "--as-needed", "-dynamic-linker", "/lib/ld-linux-aarch64.so.1", "-X", "-EL", "-maarch64linux", "--fix-cortex-a53-843419", "-pie", "-z", "now", "-z", "relro", "-o", "/home/runner/work/_temp/transiti"..., "/usr/lib/gcc/aarch64-linux-gnu/1"..., "/usr/lib/gcc/aarch64-linux-gnu/1"..., "/usr/lib/gcc/aarch64-linux-gnu/1"..., "-L/usr/lib/gcc/aarch64-linux-gnu"..., "-L/usr/lib/gcc/aarch64-linux-gnu"..., ...], 0x33d33360 /* 112 vars */ <unfinished ...>
2849  <... clone resumed>)              = 2851
2851  <... execve resumed>)             = 0
2849  wait4(2851,  <unfinished ...>
2851  clone(child_stack=0xffffc0345090, flags=CLONE_VM|CLONE_VFORK|SIGCHLD <unfinished ...>
2852  execve("/usr/bin/ld", ["/usr/bin/ld", "-plugin", "/usr/libexec/gcc/aarch64-linux-g"..., "-plugin-opt=/usr/libexec/gcc/aar"..., "-plugin-opt=-fresolution=/tmp/cc"..., "-plugin-opt=-pass-through=-lgcc", "-plugin-opt=-pass-through=-lgcc_"..., "-plugin-opt=-pass-through=-lc", "-plugin-opt=-pass-through=-lgcc", "-plugin-opt=-pass-through=-lgcc_"..., "--build-id", "--eh-frame-hdr", "--hash-style=gnu", "--as-needed", "-dynamic-linker", "/lib/ld-linux-aarch64.so.1", "-X", "-EL", "-maarch64linux", "--fix-cortex-a53-843419", "-pie", "-z", "now", "-z", "relro", "-o", "/home/runner/work/_temp/transiti"..., "/usr/lib/gcc/aarch64-linux-gnu/1"..., "/usr/lib/gcc/aarch64-linux-gnu/1"..., "/usr/lib/gcc/aarch64-linux-gnu/1"..., "-L/usr/lib/gcc/aarch64-linux-gnu"..., "-L/usr/lib/gcc/aarch64-linux-gnu"..., ...], 0xffffc0345740 /* 112 vars */ <unfinished ...>
2851  <... clone resumed>)              = 2852
2852  <... execve resumed>)             = 0
2851  wait4(2852,  <unfinished ...>
2852  exit_group(0)                     = ?
2852  +++ exited with 0 +++
2851  <... wait4 resumed>[{WIFEXITED(s) && WEXITSTATUS(s) == 0}], 0, NULL) = 2852
2851  --- SIGCHLD {si_signo=SIGCHLD, si_code=CLD_EXITED, si_pid=2852, si_uid=1001, si_status=0, si_utime=1 /* 0.01 s */, si_stime=2 /* 0.02 s */} ---
2851  exit_group(0)                     = ?
2851  +++ exited with 0 +++
2849  <... wait4 resumed>[{WIFEXITED(s) && WEXITSTATUS(s) == 0}], 0, NULL) = 2851
2849  --- SIGCHLD {si_signo=SIGCHLD, si_code=CLD_EXITED, si_pid=2851, si_uid=1001, si_status=0, si_utime=0, si_stime=0} ---
2849  exit_group(0)                     = ?
2849  +++ exited with 0 +++
2847  <... wait4 resumed>[{WIFEXITED(s) && WEXITSTATUS(s) == 0}], 0, NULL) = 2849
2847  --- SIGCHLD {si_signo=SIGCHLD, si_code=CLD_EXITED, si_pid=2849, si_uid=1001, si_status=0, si_utime=0, si_stime=0} ---
2847  exit_group(0)                     = ?
2847  +++ exited with 0 +++
