2836  execve("/home/runner/work/_temp/release/type-rb-native-bootstrap-linux-arm64", ["/home/runner/work/_temp/release/"..., "build", "compiler/gate4/src/compiler.trb", "--output", "/home/runner/work/_temp/transiti"..., "--qbe", "/home/runner/work/_temp/qbe-1.3/"..., "--cc", "/usr/bin/cc", "--target", "linux-arm64-v0"], 0xffffc7725498 /* 105 vars */) = 0
2836  clone(child_stack=NULL, flags=CLONE_CHILD_CLEARTID|CLONE_CHILD_SETTID|SIGCHLD, child_tidptr=0xffc713313f90) = 2838
2836  wait4(2838,  <unfinished ...>
2838  execve("/home/runner/work/_temp/qbe-1.3/qbe", ["/home/runner/work/_temp/qbe-1.3/"..., "-t", "arm64", "-o", "/home/runner/work/_temp/transiti"..., "/home/runner/work/_temp/transiti"...], 0xffffdd4eff68 /* 105 vars */) = 0
2838  exit_group(0)                     = ?
2838  +++ exited with 0 +++
2836  <... wait4 resumed>[{WIFEXITED(s) && WEXITSTATUS(s) == 0}], 0, NULL) = 2838
2836  --- SIGCHLD {si_signo=SIGCHLD, si_code=CLD_EXITED, si_pid=2838, si_uid=1001, si_status=0, si_utime=16 /* 0.16 s */, si_stime=0} ---
2836  clone(child_stack=NULL, flags=CLONE_CHILD_CLEARTID|CLONE_CHILD_SETTID|SIGCHLD, child_tidptr=0xffc713313f90) = 2840
2836  wait4(2840,  <unfinished ...>
2840  execve("/usr/bin/cc", ["/usr/bin/cc", "-xassembler", "/home/runner/work/_temp/transiti"..., "-Wl,--gc-sections,--strip-all", "-o", "/home/runner/work/_temp/transiti"...], 0xffffdd4eff68 /* 105 vars */) = 0
2840  clone(child_stack=0xffffe07679a0, flags=CLONE_VM|CLONE_VFORK|SIGCHLD <unfinished ...>
2841  execve("/snap/bin/as", ["as", "-EL", "-mabi=lp64", "-o", "/tmp/cccAUuBW.o", "/home/runner/work/_temp/transiti"...], 0x255cfbe0 /* 110 vars */) = -1 ENOENT (No such file or directory)
2841  execve("/home/runner/.local/bin/as", ["as", "-EL", "-mabi=lp64", "-o", "/tmp/cccAUuBW.o", "/home/runner/work/_temp/transiti"...], 0x255cfbe0 /* 110 vars */) = -1 ENOENT (No such file or directory)
2841  execve("/opt/pipx_bin/as", ["as", "-EL", "-mabi=lp64", "-o", "/tmp/cccAUuBW.o", "/home/runner/work/_temp/transiti"...], 0x255cfbe0 /* 110 vars */) = -1 ENOENT (No such file or directory)
2841  execve("/home/runner/.cargo/bin/as", ["as", "-EL", "-mabi=lp64", "-o", "/tmp/cccAUuBW.o", "/home/runner/work/_temp/transiti"...], 0x255cfbe0 /* 110 vars */) = -1 ENOENT (No such file or directory)
2841  execve("/home/runner/.config/composer/vendor/bin/as", ["as", "-EL", "-mabi=lp64", "-o", "/tmp/cccAUuBW.o", "/home/runner/work/_temp/transiti"...], 0x255cfbe0 /* 110 vars */) = -1 ENOENT (No such file or directory)
2841  execve("/home/runner/.dotnet/tools/as", ["as", "-EL", "-mabi=lp64", "-o", "/tmp/cccAUuBW.o", "/home/runner/work/_temp/transiti"...], 0x255cfbe0 /* 110 vars */) = -1 ENOENT (No such file or directory)
2841  execve("/usr/local/sbin/as", ["as", "-EL", "-mabi=lp64", "-o", "/tmp/cccAUuBW.o", "/home/runner/work/_temp/transiti"...], 0x255cfbe0 /* 110 vars */) = -1 ENOENT (No such file or directory)
2841  execve("/usr/local/bin/as", ["as", "-EL", "-mabi=lp64", "-o", "/tmp/cccAUuBW.o", "/home/runner/work/_temp/transiti"...], 0x255cfbe0 /* 110 vars */) = -1 ENOENT (No such file or directory)
2841  execve("/usr/sbin/as", ["as", "-EL", "-mabi=lp64", "-o", "/tmp/cccAUuBW.o", "/home/runner/work/_temp/transiti"...], 0x255cfbe0 /* 110 vars */) = -1 ENOENT (No such file or directory)
2841  execve("/usr/bin/as", ["as", "-EL", "-mabi=lp64", "-o", "/tmp/cccAUuBW.o", "/home/runner/work/_temp/transiti"...], 0x255cfbe0 /* 110 vars */ <unfinished ...>
2840  <... clone resumed>)              = 2841
2841  <... execve resumed>)             = 0
2840  wait4(2841,  <unfinished ...>
2841  exit_group(0)                     = ?
2841  +++ exited with 0 +++
2840  <... wait4 resumed>[{WIFEXITED(s) && WEXITSTATUS(s) == 0}], 0, NULL) = 2841
2840  --- SIGCHLD {si_signo=SIGCHLD, si_code=CLD_EXITED, si_pid=2841, si_uid=1001, si_status=0, si_utime=7 /* 0.07 s */, si_stime=0} ---
2840  clone(child_stack=0xffffe0766ae0, flags=CLONE_VM|CLONE_VFORK|SIGCHLD <unfinished ...>
2842  execve("/usr/libexec/gcc/aarch64-linux-gnu/13/collect2", ["/usr/libexec/gcc/aarch64-linux-g"..., "-plugin", "/usr/libexec/gcc/aarch64-linux-g"..., "-plugin-opt=/usr/libexec/gcc/aar"..., "-plugin-opt=-fresolution=/tmp/cc"..., "-plugin-opt=-pass-through=-lgcc", "-plugin-opt=-pass-through=-lgcc_"..., "-plugin-opt=-pass-through=-lc", "-plugin-opt=-pass-through=-lgcc", "-plugin-opt=-pass-through=-lgcc_"..., "--build-id", "--eh-frame-hdr", "--hash-style=gnu", "--as-needed", "-dynamic-linker", "/lib/ld-linux-aarch64.so.1", "-X", "-EL", "-maarch64linux", "--fix-cortex-a53-843419", "-pie", "-z", "now", "-z", "relro", "-o", "/home/runner/work/_temp/transiti"..., "/usr/lib/gcc/aarch64-linux-gnu/1"..., "/usr/lib/gcc/aarch64-linux-gnu/1"..., "/usr/lib/gcc/aarch64-linux-gnu/1"..., "-L/usr/lib/gcc/aarch64-linux-gnu"..., "-L/usr/lib/gcc/aarch64-linux-gnu"..., ...], 0x255d0350 /* 112 vars */ <unfinished ...>
2840  <... clone resumed>)              = 2842
2842  <... execve resumed>)             = 0
2840  wait4(2842,  <unfinished ...>
2842  clone(child_stack=0xffffd8fbaaa0, flags=CLONE_VM|CLONE_VFORK|SIGCHLD <unfinished ...>
2843  execve("/usr/bin/ld", ["/usr/bin/ld", "-plugin", "/usr/libexec/gcc/aarch64-linux-g"..., "-plugin-opt=/usr/libexec/gcc/aar"..., "-plugin-opt=-fresolution=/tmp/cc"..., "-plugin-opt=-pass-through=-lgcc", "-plugin-opt=-pass-through=-lgcc_"..., "-plugin-opt=-pass-through=-lc", "-plugin-opt=-pass-through=-lgcc", "-plugin-opt=-pass-through=-lgcc_"..., "--build-id", "--eh-frame-hdr", "--hash-style=gnu", "--as-needed", "-dynamic-linker", "/lib/ld-linux-aarch64.so.1", "-X", "-EL", "-maarch64linux", "--fix-cortex-a53-843419", "-pie", "-z", "now", "-z", "relro", "-o", "/home/runner/work/_temp/transiti"..., "/usr/lib/gcc/aarch64-linux-gnu/1"..., "/usr/lib/gcc/aarch64-linux-gnu/1"..., "/usr/lib/gcc/aarch64-linux-gnu/1"..., "-L/usr/lib/gcc/aarch64-linux-gnu"..., "-L/usr/lib/gcc/aarch64-linux-gnu"..., ...], 0xffffd8fbb150 /* 112 vars */ <unfinished ...>
2842  <... clone resumed>)              = 2843
2843  <... execve resumed>)             = 0
2842  wait4(2843,  <unfinished ...>
2843  exit_group(0)                     = ?
2843  +++ exited with 0 +++
2842  <... wait4 resumed>[{WIFEXITED(s) && WEXITSTATUS(s) == 0}], 0, NULL) = 2843
2842  --- SIGCHLD {si_signo=SIGCHLD, si_code=CLD_EXITED, si_pid=2843, si_uid=1001, si_status=0, si_utime=1 /* 0.01 s */, si_stime=1 /* 0.01 s */} ---
2842  exit_group(0)                     = ?
2842  +++ exited with 0 +++
2840  <... wait4 resumed>[{WIFEXITED(s) && WEXITSTATUS(s) == 0}], 0, NULL) = 2842
2840  --- SIGCHLD {si_signo=SIGCHLD, si_code=CLD_EXITED, si_pid=2842, si_uid=1001, si_status=0, si_utime=0, si_stime=0} ---
2840  exit_group(0)                     = ?
2840  +++ exited with 0 +++
2836  <... wait4 resumed>[{WIFEXITED(s) && WEXITSTATUS(s) == 0}], 0, NULL) = 2840
2836  --- SIGCHLD {si_signo=SIGCHLD, si_code=CLD_EXITED, si_pid=2840, si_uid=1001, si_status=0, si_utime=0, si_stime=0} ---
2836  exit_group(0)                     = ?
2836  +++ exited with 0 +++
