+ repo=/repo
+ run=/run
+ entry=/repo/compiler/gate4/src/compiler.trb
+ application_entry=/repo/compiler/gate4/conformance/file-root/main.trb
+ scale_project=/run/scale-project
+ scale_entry=/run/scale-project/main.trb
+ scale_manifest=/run/scale-project.manifest
+ qbe=/usr/local/bin/qbe
+ cc=/usr/bin/cc
+ uname -a
Linux efad53483e5c 7.0.12-linuxkit #1 SMP PREEMPT Wed Aug 12 20:18:49 UTC 2026 aarch64 GNU/Linux
+ cat /etc/os-release
PRETTY_NAME="Debian GNU/Linux 12 (bookworm)"
NAME="Debian GNU/Linux"
VERSION_ID="12"
VERSION="12 (bookworm)"
VERSION_CODENAME=bookworm
ID=debian
HOME_URL="https://www.debian.org/"
SUPPORT_URL="https://www.debian.org/support"
BUG_REPORT_URL="https://bugs.debian.org/"
+ getconf _NPROCESSORS_ONLN
10
+ getconf _PHYS_PAGES
4088336
+ getconf PAGE_SIZE
4096
+ /usr/bin/cc --version
cc (Debian 12.2.0-14+deb12u1) 12.2.0
Copyright (C) 2022 Free Software Foundation, Inc.
This is free software; see the source for copying conditions.  There is NO
warranty; not even for MERCHANTABILITY or FITNESS FOR A PARTICULAR PURPOSE.

+ /usr/local/bin/qbe -h
/usr/local/bin/qbe [OPTIONS] {file.ssa, -}
	-h          prints this help
	-o file     output to file
	-t <target> generate for a target among:
	            amd64_sysv, amd64_apple, amd64_win, arm64 (default), arm64_apple, rv64
	-d <flags>  dump debug information
+ sha256sum /usr/local/bin/qbe
7da10dfca9072976f564806c45b44c8a653d83e7e27a646ce2d3114804d2195c  /usr/local/bin/qbe
+ cp /usr/local/share/gate6d-packages.txt /run/package-inventory.txt
+ wc -l /run/package-inventory.txt
166 /run/package-inventory.txt
+ sha256sum /run/package-inventory.txt
1bd5e28921141a78d3d103f6c3e9f7b82625967866de868685526d67199f16d1  /run/package-inventory.txt
+ set +x
+ /usr/local/bin/qbe -t arm64 -o /run/b1.s /run/b1.ssa
+ /usr/bin/cc /run/b1.s -Wl,--gc-sections,--strip-all -o /run/b1
+ mkdir -p /run/b2 /run/b3 /run/b4 /run/application /run/application-repeat /run/scale-application /run/scale-application-repeat /run/trace
+ /run/b1 check /repo/compiler/gate4/src/compiler.trb
ok
+ /run/b1 build /repo/compiler/gate4/src/compiler.trb --output /run/b2/compiler --qbe /usr/local/bin/qbe --cc /usr/bin/cc --target linux-arm64-v0
+ /run/b2/compiler check /repo/compiler/gate4/src/compiler.trb
ok
+ /run/b2/compiler build /repo/compiler/gate4/src/compiler.trb --output /run/b3/compiler --qbe /usr/local/bin/qbe --cc /usr/bin/cc --target linux-arm64-v0
+ /run/b3/compiler check /repo/compiler/gate4/src/compiler.trb
ok
+ /run/b3/compiler build /repo/compiler/gate4/src/compiler.trb --output /run/b4/compiler --qbe /usr/local/bin/qbe --cc /usr/bin/cc --target linux-arm64-v0
+ /run/b4/compiler check /repo/compiler/gate4/src/compiler.trb
ok
+ cmp /run/b2/compiler /run/b3/compiler
+ cmp /run/b3/compiler /run/b4/compiler
+ /run/b4/compiler emit-qbe /repo/compiler/gate4/src/compiler.trb
+ cmp /run/b1.ssa /run/b4.ssa
+ /run/b4/compiler check /repo/compiler/gate4/conformance/file-root/main.trb
ok
+ /run/b4/compiler build /repo/compiler/gate4/conformance/file-root/main.trb --output /run/application/program --qbe /usr/local/bin/qbe --cc /usr/bin/cc --target linux-arm64-v0
+ /run/b4/compiler build /repo/compiler/gate4/conformance/file-root/main.trb --output /run/application-repeat/program --qbe /usr/local/bin/qbe --cc /usr/bin/cc --target linux-arm64-v0
+ cmp /run/application/program /run/application-repeat/program
+ /run/application/program
+ cat /run/application.stdout
+ test file-root-ok = file-root-ok
+ sha256sum /run/application/program
+ cut -d   -f 1
+ test 6f27705eca2c8666951503b082dc1d05600808d81ecab66b2ac4419ac3ea7073 = 6f27705eca2c8666951503b082dc1d05600808d81ecab66b2ac4419ac3ea7073
+ /run/b4/compiler check /run/scale-project/main.trb
ok
+ /run/b4/compiler emit-qbe /run/scale-project/main.trb
+ cmp /run/scale-darwin.ssa /run/scale-linux.ssa
+ /run/b4/compiler build /run/scale-project/main.trb --output /run/scale-application/program --qbe /usr/local/bin/qbe --cc /usr/bin/cc --target linux-arm64-v0
+ /run/b4/compiler build /run/scale-project/main.trb --output /run/scale-application-repeat/program --qbe /usr/local/bin/qbe --cc /usr/bin/cc --target linux-arm64-v0
+ cmp /run/scale-application/program /run/scale-application-repeat/program
+ /run/scale-application/program
+ cat /run/scale-application.stdout
+ test module-scale-ok = module-scale-ok
+ /usr/bin/strace -f -e trace=process -o /run/process.trace /run/b1 build /repo/compiler/gate4/src/compiler.trb --output /run/trace/compiler --qbe /usr/local/bin/qbe --cc /usr/bin/cc --target linux-arm64-v0
+ cmp /run/b2/compiler /run/trace/compiler
+ grep -E execve|clone|vfork|wait /run/process.trace
+ find /run -name *.trbn.* -print
+ test ! -s /run/intermediates.txt
+ stat -c %s %n /run/b1.ssa /run/b1.s /run/b1 /run/b2/compiler /run/b3/compiler /run/b4/compiler /run/application/program /run/scale-darwin.ssa /run/scale-linux.ssa /run/scale-application/program
548012 /run/b1.ssa
870505 /run/b1.s
182416 /run/b1
182416 /run/b2/compiler
182416 /run/b3/compiler
182416 /run/b4/compiler
68568 /run/application/program
124139 /run/scale-darwin.ssa
124139 /run/scale-linux.ssa
68560 /run/scale-application/program
+ sha256sum /repo/compiler/gate4/src/compiler.trb /repo/compiler/gate4/src/storage.trb /repo/compiler/gate4/src/path.trb /run/scale-project.manifest
7c4df4a7876c5bc81090d520ae93bceec676166445bef07170660f54549e2396  /repo/compiler/gate4/src/compiler.trb
d4c77fec9e5c5e8580cb0b5ee71fbd2c9c714555cbd4fd1457fcd44cc6db1f9d  /repo/compiler/gate4/src/storage.trb
6347003851071b73cb8dbf38622fcc7cf3be6abf81ea253b9aad081fb057510a  /repo/compiler/gate4/src/path.trb
db438159189ba944283d8a92a09a1176020522c67d2551065c4010c50858f16b  /run/scale-project.manifest
+ sha256sum /run/b1.ssa /run/b1.s /run/b1 /run/b2/compiler /run/b3/compiler /run/b4/compiler /run/application/program /run/scale-darwin.ssa /run/scale-linux.ssa /run/scale-application/program
cc3b7322158dd9cb369368c0d3008b531b2cec16e007e0c46089389023dd8753  /run/b1.ssa
8109abd259537246dfcf2f03c44f83f0d5c9cef3ad79268d934f3557e2deb684  /run/b1.s
dc60465abc2157088ade9b7749ef57c12071adaa15f2c9c21811b8c6d310b8cb  /run/b1
dc60465abc2157088ade9b7749ef57c12071adaa15f2c9c21811b8c6d310b8cb  /run/b2/compiler
dc60465abc2157088ade9b7749ef57c12071adaa15f2c9c21811b8c6d310b8cb  /run/b3/compiler
dc60465abc2157088ade9b7749ef57c12071adaa15f2c9c21811b8c6d310b8cb  /run/b4/compiler
6f27705eca2c8666951503b082dc1d05600808d81ecab66b2ac4419ac3ea7073  /run/application/program
39f61f19bcd404732848604b568f4a5db3d70990ea233aaf8e337296d5d88874  /run/scale-darwin.ssa
39f61f19bcd404732848604b568f4a5db3d70990ea233aaf8e337296d5d88874  /run/scale-linux.ssa
79c27953c1bce1c9523cf491003ca39536559c5ec81fca186943c10ccfd9e9ce  /run/scale-application/program
+ file /run/b1 /run/b2/compiler /run/b3/compiler /run/b4/compiler /run/application/program /run/scale-application/program
/run/b1:                        ELF 64-bit LSB pie executable, ARM aarch64, version 1 (SYSV), dynamically linked, interpreter /lib/ld-linux-aarch64.so.1, BuildID[sha1]=3ea552258fc2d6618074d8d201be7c0872ffa155, for GNU/Linux 3.7.0, stripped
/run/b2/compiler:               ELF 64-bit LSB pie executable, ARM aarch64, version 1 (SYSV), dynamically linked, interpreter /lib/ld-linux-aarch64.so.1, BuildID[sha1]=3ea552258fc2d6618074d8d201be7c0872ffa155, for GNU/Linux 3.7.0, stripped
/run/b3/compiler:               ELF 64-bit LSB pie executable, ARM aarch64, version 1 (SYSV), dynamically linked, interpreter /lib/ld-linux-aarch64.so.1, BuildID[sha1]=3ea552258fc2d6618074d8d201be7c0872ffa155, for GNU/Linux 3.7.0, stripped
/run/b4/compiler:               ELF 64-bit LSB pie executable, ARM aarch64, version 1 (SYSV), dynamically linked, interpreter /lib/ld-linux-aarch64.so.1, BuildID[sha1]=3ea552258fc2d6618074d8d201be7c0872ffa155, for GNU/Linux 3.7.0, stripped
/run/application/program:       ELF 64-bit LSB pie executable, ARM aarch64, version 1 (SYSV), dynamically linked, interpreter /lib/ld-linux-aarch64.so.1, BuildID[sha1]=c3f011044b9116d34369da7847ebe579d940bc3b, for GNU/Linux 3.7.0, stripped
/run/scale-application/program: ELF 64-bit LSB pie executable, ARM aarch64, version 1 (SYSV), dynamically linked, interpreter /lib/ld-linux-aarch64.so.1, BuildID[sha1]=995e94da2047946bbf77b0fd6912dd7127dc8728, for GNU/Linux 3.7.0, stripped
+ readelf -l /run/b4/compiler

Elf file type is DYN (Position-Independent Executable file)
Entry point 0xd80
There are 9 program headers, starting at offset 64

Program Headers:
  Type           Offset             VirtAddr           PhysAddr
                 FileSiz            MemSiz              Flags  Align
  PHDR           0x0000000000000040 0x0000000000000040 0x0000000000000040
                 0x00000000000001f8 0x00000000000001f8  R      0x8
  INTERP         0x0000000000000238 0x0000000000000238 0x0000000000000238
                 0x000000000000001b 0x000000000000001b  R      0x1
      [Requesting program interpreter: /lib/ld-linux-aarch64.so.1]
  LOAD           0x0000000000000000 0x0000000000000000 0x0000000000000000
                 0x000000000001ed44 0x000000000001ed44  R E    0x10000
  LOAD           0x000000000001fdc8 0x000000000002fdc8 0x000000000002fdc8
                 0x000000000000c330 0x000000000000cb38  RW     0x10000
  DYNAMIC        0x000000000001fdd8 0x000000000002fdd8 0x000000000002fdd8
                 0x00000000000001e0 0x00000000000001e0  RW     0x8
  NOTE           0x0000000000000254 0x0000000000000254 0x0000000000000254
                 0x0000000000000044 0x0000000000000044  R      0x4
  GNU_EH_FRAME   0x000000000001ec80 0x000000000001ec80 0x000000000001ec80
                 0x0000000000000034 0x0000000000000034  R      0x4
  GNU_STACK      0x0000000000000000 0x0000000000000000 0x0000000000000000
                 0x0000000000000000 0x0000000000000000  RW     0x10
  GNU_RELRO      0x000000000001fdc8 0x000000000002fdc8 0x000000000002fdc8
                 0x0000000000000238 0x0000000000000238  R      0x1

 Section to Segment mapping:
  Segment Sections...
   00     
   01     .interp 
   02     .interp .note.gnu.build-id .note.ABI-tag .gnu.hash .dynsym .dynstr .gnu.version .gnu.version_r .rela.dyn .rela.plt .init .plt .text .fini .eh_frame_hdr .eh_frame 
   03     .init_array .fini_array .dynamic .got .got.plt .data .bss 
   04     .dynamic 
   05     .note.gnu.build-id .note.ABI-tag 
   06     .eh_frame_hdr 
   07     
   08     .init_array .fini_array .dynamic .got 
+ readelf -d /run/b4/compiler

Dynamic section at offset 0x1fdd8 contains 26 entries:
  Tag        Type                         Name/Value
 0x0000000000000001 (NEEDED)             Shared library: [libc.so.6]
 0x000000000000000c (INIT)               0xb68
 0x000000000000000d (FINI)               0x1ec6c
 0x0000000000000019 (INIT_ARRAY)         0x2fdc8
 0x000000000000001b (INIT_ARRAYSZ)       8 (bytes)
 0x000000000000001a (FINI_ARRAY)         0x2fdd0
 0x000000000000001c (FINI_ARRAYSZ)       8 (bytes)
 0x000000006ffffef5 (GNU_HASH)           0x298
 0x0000000000000005 (STRTAB)             0x600
 0x0000000000000006 (SYMTAB)             0x2b8
 0x000000000000000a (STRSZ)              304 (bytes)
 0x000000000000000b (SYMENT)             24 (bytes)
 0x0000000000000015 (DEBUG)              0x0
 0x0000000000000003 (PLTGOT)             0x2ffe8
 0x0000000000000002 (PLTRELSZ)           720 (bytes)
 0x0000000000000014 (PLTREL)             RELA
 0x0000000000000017 (JMPREL)             0x898
 0x0000000000000007 (RELA)               0x7a8
 0x0000000000000008 (RELASZ)             240 (bytes)
 0x0000000000000009 (RELAENT)            24 (bytes)
 0x000000006ffffffb (FLAGS_1)            Flags: PIE
 0x000000006ffffffe (VERNEED)            0x778
 0x000000006fffffff (VERNEEDNUM)         1
 0x000000006ffffff0 (VERSYM)             0x730
 0x000000006ffffff9 (RELACOUNT)          6
 0x0000000000000000 (NULL)               0x0
+ readelf -l /run/application/program

Elf file type is DYN (Position-Independent Executable file)
Entry point 0xbc0
There are 9 program headers, starting at offset 64

Program Headers:
  Type           Offset             VirtAddr           PhysAddr
                 FileSiz            MemSiz              Flags  Align
  PHDR           0x0000000000000040 0x0000000000000040 0x0000000000000040
                 0x00000000000001f8 0x00000000000001f8  R      0x8
  INTERP         0x0000000000000238 0x0000000000000238 0x0000000000000238
                 0x000000000000001b 0x000000000000001b  R      0x1
      [Requesting program interpreter: /lib/ld-linux-aarch64.so.1]
  LOAD           0x0000000000000000 0x0000000000000000 0x0000000000000000
                 0x0000000000001f24 0x0000000000001f24  R E    0x10000
  LOAD           0x000000000000fdc8 0x000000000001fdc8 0x000000000001fdc8
                 0x0000000000000678 0x0000000000000e80  RW     0x10000
  DYNAMIC        0x000000000000fdd8 0x000000000001fdd8 0x000000000001fdd8
                 0x00000000000001e0 0x00000000000001e0  RW     0x8
  NOTE           0x0000000000000254 0x0000000000000254 0x0000000000000254
                 0x0000000000000044 0x0000000000000044  R      0x4
  GNU_EH_FRAME   0x0000000000001e60 0x0000000000001e60 0x0000000000001e60
                 0x0000000000000034 0x0000000000000034  R      0x4
  GNU_STACK      0x0000000000000000 0x0000000000000000 0x0000000000000000
                 0x0000000000000000 0x0000000000000000  RW     0x10
  GNU_RELRO      0x000000000000fdc8 0x000000000001fdc8 0x000000000001fdc8
                 0x0000000000000238 0x0000000000000238  R      0x1

 Section to Segment mapping:
  Segment Sections...
   00     
   01     .interp 
   02     .interp .note.gnu.build-id .note.ABI-tag .gnu.hash .dynsym .dynstr .gnu.version .gnu.version_r .rela.dyn .rela.plt .init .plt .text .fini .eh_frame_hdr .eh_frame 
   03     .init_array .fini_array .dynamic .got .got.plt .data .bss 
   04     .dynamic 
   05     .note.gnu.build-id .note.ABI-tag 
   06     .eh_frame_hdr 
   07     
   08     .init_array .fini_array .dynamic .got 
+ readelf -d /run/application/program

Dynamic section at offset 0xfdd8 contains 26 entries:
  Tag        Type                         Name/Value
 0x0000000000000001 (NEEDED)             Shared library: [libc.so.6]
 0x000000000000000c (INIT)               0x9e8
 0x000000000000000d (FINI)               0x1e4c
 0x0000000000000019 (INIT_ARRAY)         0x1fdc8
 0x000000000000001b (INIT_ARRAYSZ)       8 (bytes)
 0x000000000000001a (FINI_ARRAY)         0x1fdd0
 0x000000000000001c (FINI_ARRAYSZ)       8 (bytes)
 0x000000006ffffef5 (GNU_HASH)           0x298
 0x0000000000000005 (STRTAB)             0x558
 0x0000000000000006 (SYMTAB)             0x2b8
 0x000000000000000a (STRSZ)              266 (bytes)
 0x000000000000000b (SYMENT)             24 (bytes)
 0x0000000000000015 (DEBUG)              0x0
 0x0000000000000003 (PLTGOT)             0x1ffe8
 0x0000000000000002 (PLTRELSZ)           552 (bytes)
 0x0000000000000014 (PLTREL)             RELA
 0x0000000000000017 (JMPREL)             0x7c0
 0x0000000000000007 (RELA)               0x6d0
 0x0000000000000008 (RELASZ)             240 (bytes)
 0x0000000000000009 (RELAENT)            24 (bytes)
 0x000000006ffffffb (FLAGS_1)            Flags: PIE
 0x000000006ffffffe (VERNEED)            0x6a0
 0x000000006fffffff (VERNEEDNUM)         1
 0x000000006ffffff0 (VERSYM)             0x662
 0x000000006ffffff9 (RELACOUNT)          6
 0x0000000000000000 (NULL)               0x0
+ readelf -l /run/scale-application/program

Elf file type is DYN (Position-Independent Executable file)
Entry point 0xbc0
There are 9 program headers, starting at offset 64

Program Headers:
  Type           Offset             VirtAddr           PhysAddr
                 FileSiz            MemSiz              Flags  Align
  PHDR           0x0000000000000040 0x0000000000000040 0x0000000000000040
                 0x00000000000001f8 0x00000000000001f8  R      0x8
  INTERP         0x0000000000000238 0x0000000000000238 0x0000000000000238
                 0x000000000000001b 0x000000000000001b  R      0x1
      [Requesting program interpreter: /lib/ld-linux-aarch64.so.1]
  LOAD           0x0000000000000000 0x0000000000000000 0x0000000000000000
                 0x0000000000009c04 0x0000000000009c04  R E    0x10000
  LOAD           0x000000000000fdc8 0x000000000001fdc8 0x000000000001fdc8
                 0x0000000000000670 0x0000000000000e78  RW     0x10000
  DYNAMIC        0x000000000000fdd8 0x000000000001fdd8 0x000000000001fdd8
                 0x00000000000001e0 0x00000000000001e0  RW     0x8
  NOTE           0x0000000000000254 0x0000000000000254 0x0000000000000254
                 0x0000000000000044 0x0000000000000044  R      0x4
  GNU_EH_FRAME   0x0000000000009b40 0x0000000000009b40 0x0000000000009b40
                 0x0000000000000034 0x0000000000000034  R      0x4
  GNU_STACK      0x0000000000000000 0x0000000000000000 0x0000000000000000
                 0x0000000000000000 0x0000000000000000  RW     0x10
  GNU_RELRO      0x000000000000fdc8 0x000000000001fdc8 0x000000000001fdc8
                 0x0000000000000238 0x0000000000000238  R      0x1

 Section to Segment mapping:
  Segment Sections...
   00     
   01     .interp 
   02     .interp .note.gnu.build-id .note.ABI-tag .gnu.hash .dynsym .dynstr .gnu.version .gnu.version_r .rela.dyn .rela.plt .init .plt .text .fini .eh_frame_hdr .eh_frame 
   03     .init_array .fini_array .dynamic .got .got.plt .data .bss 
   04     .dynamic 
   05     .note.gnu.build-id .note.ABI-tag 
   06     .eh_frame_hdr 
   07     
   08     .init_array .fini_array .dynamic .got 
+ readelf -d /run/scale-application/program

Dynamic section at offset 0xfdd8 contains 26 entries:
  Tag        Type                         Name/Value
 0x0000000000000001 (NEEDED)             Shared library: [libc.so.6]
 0x000000000000000c (INIT)               0x9e8
 0x000000000000000d (FINI)               0x9b2c
 0x0000000000000019 (INIT_ARRAY)         0x1fdc8
 0x000000000000001b (INIT_ARRAYSZ)       8 (bytes)
 0x000000000000001a (FINI_ARRAY)         0x1fdd0
 0x000000000000001c (FINI_ARRAYSZ)       8 (bytes)
 0x000000006ffffef5 (GNU_HASH)           0x298
 0x0000000000000005 (STRTAB)             0x558
 0x0000000000000006 (SYMTAB)             0x2b8
 0x000000000000000a (STRSZ)              266 (bytes)
 0x000000000000000b (SYMENT)             24 (bytes)
 0x0000000000000015 (DEBUG)              0x0
 0x0000000000000003 (PLTGOT)             0x1ffe8
 0x0000000000000002 (PLTRELSZ)           552 (bytes)
 0x0000000000000014 (PLTREL)             RELA
 0x0000000000000017 (JMPREL)             0x7c0
 0x0000000000000007 (RELA)               0x6d0
 0x0000000000000008 (RELASZ)             240 (bytes)
 0x0000000000000009 (RELAENT)            24 (bytes)
 0x000000006ffffffb (FLAGS_1)            Flags: PIE
 0x000000006ffffffe (VERNEED)            0x6a0
 0x000000006fffffff (VERNEEDNUM)         1
 0x000000006ffffff0 (VERSYM)             0x662
 0x000000006ffffff9 (RELACOUNT)          6
 0x0000000000000000 (NULL)               0x0
+ cat /run/application.stdout
file-root-ok
+ cat /run/scale-application.stdout
module-scale-ok
+ cat /run/process-summary.txt
3170  execve("/run/b1", ["/run/b1", "build", "/repo/compiler/gate4/src/compile"..., "--output", "/run/trace/compiler", "--qbe", "/usr/local/bin/qbe", "--cc", "/usr/bin/cc", "--target", "linux-arm64-v0"], 0xffffcc07ca98 /* 6 vars */) = 0
3170  clone(child_stack=NULL, flags=CLONE_CHILD_CLEARTID|CLONE_CHILD_SETTID|SIGCHLD, child_tidptr=0xffffab8fa050) = 3171
3170  wait4(3171,  <unfinished ...>
3171  execve("/usr/local/bin/qbe", ["/usr/local/bin/qbe", "-t", "arm64", "-o", "/run/trace/compiler.trbn.s", "/run/trace/compiler.trbn.ssa"], 0xffffc36ee3a8 /* 6 vars */) = 0
3170  <... wait4 resumed>[{WIFEXITED(s) && WEXITSTATUS(s) == 0}], 0, NULL) = 3171
3170  clone(child_stack=NULL, flags=CLONE_CHILD_CLEARTID|CLONE_CHILD_SETTID|SIGCHLD, child_tidptr=0xffffab8fa050) = 3172
3170  wait4(3172,  <unfinished ...>
3172  execve("/usr/bin/cc", ["/usr/bin/cc", "/run/trace/compiler.trbn.s", "-Wl,--gc-sections,--strip-all", "-o", "/run/trace/compiler.trbn.X7j2qo/"...], 0xffffc36ee3a8 /* 6 vars */) = 0
3172  clone(child_stack=0xffffd7af6d00, flags=CLONE_VM|CLONE_VFORK|SIGCHLD <unfinished ...>
3173  execve("/usr/local/sbin/as", ["as", "-EL", "-mabi=lp64", "-o", "/tmp/ccjbQHAB.o", "/run/trace/compiler.trbn.s"], 0x15f939c0 /* 9 vars */) = -1 ENOENT (No such file or directory)
3173  execve("/usr/local/bin/as", ["as", "-EL", "-mabi=lp64", "-o", "/tmp/ccjbQHAB.o", "/run/trace/compiler.trbn.s"], 0x15f939c0 /* 9 vars */) = -1 ENOENT (No such file or directory)
3173  execve("/usr/sbin/as", ["as", "-EL", "-mabi=lp64", "-o", "/tmp/ccjbQHAB.o", "/run/trace/compiler.trbn.s"], 0x15f939c0 /* 9 vars */) = -1 ENOENT (No such file or directory)
3173  execve("/usr/bin/as", ["as", "-EL", "-mabi=lp64", "-o", "/tmp/ccjbQHAB.o", "/run/trace/compiler.trbn.s"], 0x15f939c0 /* 9 vars */ <unfinished ...>
3172  <... clone resumed>)              = 3173
3173  <... execve resumed>)             = 0
3172  wait4(3173,  <unfinished ...>
3172  <... wait4 resumed>[{WIFEXITED(s) && WEXITSTATUS(s) == 0}], 0, NULL) = 3173
3172  clone(child_stack=0xffffd7af5fa0, flags=CLONE_VM|CLONE_VFORK|SIGCHLD <unfinished ...>
3174  execve("/usr/lib/gcc/aarch64-linux-gnu/12/collect2", ["/usr/lib/gcc/aarch64-linux-gnu/1"..., "-plugin", "/usr/lib/gcc/aarch64-linux-gnu/1"..., "-plugin-opt=/usr/lib/gcc/aarch64"..., "-plugin-opt=-fresolution=/tmp/cc"..., "-plugin-opt=-pass-through=-lgcc", "-plugin-opt=-pass-through=-lgcc_"..., "-plugin-opt=-pass-through=-lc", "-plugin-opt=-pass-through=-lgcc", "-plugin-opt=-pass-through=-lgcc_"..., "--build-id", "--eh-frame-hdr", "--hash-style=gnu", "--as-needed", "-dynamic-linker", "/lib/ld-linux-aarch64.so.1", "-X", "-EL", "-maarch64linux", "--fix-cortex-a53-843419", "-pie", "-o", "/run/trace/compiler.trbn.X7j2qo/"..., "/usr/lib/gcc/aarch64-linux-gnu/1"..., "/usr/lib/gcc/aarch64-linux-gnu/1"..., "/usr/lib/gcc/aarch64-linux-gnu/1"..., "-L/usr/lib/gcc/aarch64-linux-gnu"..., "-L/usr/lib/gcc/aarch64-linux-gnu"..., "-L/usr/lib/gcc/aarch64-linux-gnu"..., "-L/lib/aarch64-linux-gnu", "-L/lib/../lib", "-L/usr/lib/aarch64-linux-gnu", ...], 0x15f93c90 /* 11 vars */ <unfinished ...>
3172  <... clone resumed>)              = 3174
3174  <... execve resumed>)             = 0
3172  wait4(3174,  <unfinished ...>
3174  clone(child_stack=0xffffe65a60d0, flags=CLONE_VM|CLONE_VFORK|SIGCHLD <unfinished ...>
3175  execve("/usr/bin/ld", ["/usr/bin/ld", "-plugin", "/usr/lib/gcc/aarch64-linux-gnu/1"..., "-plugin-opt=/usr/lib/gcc/aarch64"..., "-plugin-opt=-fresolution=/tmp/cc"..., "-plugin-opt=-pass-through=-lgcc", "-plugin-opt=-pass-through=-lgcc_"..., "-plugin-opt=-pass-through=-lc", "-plugin-opt=-pass-through=-lgcc", "-plugin-opt=-pass-through=-lgcc_"..., "--build-id", "--eh-frame-hdr", "--hash-style=gnu", "--as-needed", "-dynamic-linker", "/lib/ld-linux-aarch64.so.1", "-X", "-EL", "-maarch64linux", "--fix-cortex-a53-843419", "-pie", "-o", "/run/trace/compiler.trbn.X7j2qo/"..., "/usr/lib/gcc/aarch64-linux-gnu/1"..., "/usr/lib/gcc/aarch64-linux-gnu/1"..., "/usr/lib/gcc/aarch64-linux-gnu/1"..., "-L/usr/lib/gcc/aarch64-linux-gnu"..., "-L/usr/lib/gcc/aarch64-linux-gnu"..., "-L/usr/lib/gcc/aarch64-linux-gnu"..., "-L/lib/aarch64-linux-gnu", "-L/lib/../lib", "-L/usr/lib/aarch64-linux-gnu", ...], 0xffffe65a66d0 /* 11 vars */ <unfinished ...>
3174  <... clone resumed>)              = 3175
3175  <... execve resumed>)             = 0
3174  wait4(3175,  <unfinished ...>
3174  <... wait4 resumed>[{WIFEXITED(s) && WEXITSTATUS(s) == 0}], 0, NULL) = 3175
3172  <... wait4 resumed>[{WIFEXITED(s) && WEXITSTATUS(s) == 0}], 0, NULL) = 3174
3170  <... wait4 resumed>[{WIFEXITED(s) && WEXITSTATUS(s) == 0}], 0, NULL) = 3172
