9995  execve("/home/runner/work/_temp/bootstrap-workspace/b4/compiler", ["/home/runner/work/_temp/bootstra"..., "build", "/home/runner/work/type-rb-native"..., "--output", "/home/runner/work/_temp/bootstra"..., "--qbe", "/home/runner/work/_temp/qbe-1.3/"..., "--cc", "/usr/bin/cc", "--target", "linux-arm64-v0"], 0xffffd7ea36d8 /* 111 vars */) = 0
9995  clone(child_stack=NULL, flags=CLONE_CHILD_CLEARTID|CLONE_CHILD_SETTID|SIGCHLD, child_tidptr=0xffa1cb596f90) = 9996
9995  wait4(9996,  <unfinished ...>
9996  execve("/home/runner/work/_temp/qbe-1.3/qbe", ["/home/runner/work/_temp/qbe-1.3/"..., "-t", "arm64", "-o", "/home/runner/work/_temp/bootstra"..., "/home/runner/work/_temp/bootstra"...], 0xfffffbc35c78 /* 111 vars */) = 0
9996  exit_group(0)                     = ?
9996  +++ exited with 0 +++
9995  <... wait4 resumed>[{WIFEXITED(s) && WEXITSTATUS(s) == 0}], 0, NULL) = 9996
9995  --- SIGCHLD {si_signo=SIGCHLD, si_code=CLD_EXITED, si_pid=9996, si_uid=1001, si_status=0, si_utime=0, si_stime=0} ---
9995  clone(child_stack=NULL, flags=CLONE_CHILD_CLEARTID|CLONE_CHILD_SETTID|SIGCHLD, child_tidptr=0xffa1cb596f90) = 9997
9995  wait4(9997,  <unfinished ...>
9997  execve("/usr/bin/cc", ["/usr/bin/cc", "-xassembler", "/home/runner/work/_temp/bootstra"..., "-fuse-ld=lld", "-Wl,--gc-sections,--strip-all", "-lm", "-o", "/home/runner/work/_temp/bootstra"...], 0xfffffbc35c78 /* 111 vars */) = 0
9997  clone(child_stack=0xfffff2e3fe30, flags=CLONE_VM|CLONE_VFORK|SIGCHLD <unfinished ...>
9998  execve("/home/runner/go/bin/as", ["as", "-EL", "-mabi=lp64", "-o", "/tmp/ccc8mXeT.o", "/home/runner/work/_temp/bootstra"...], 0x2559ed50 /* 116 vars */) = -1 ENOENT (No such file or directory)
9998  execve("/opt/hostedtoolcache/go/1.27.1/arm64/bin/as", ["as", "-EL", "-mabi=lp64", "-o", "/tmp/ccc8mXeT.o", "/home/runner/work/_temp/bootstra"...], 0x2559ed50 /* 116 vars */) = -1 ENOENT (No such file or directory)
9998  execve("/snap/bin/as", ["as", "-EL", "-mabi=lp64", "-o", "/tmp/ccc8mXeT.o", "/home/runner/work/_temp/bootstra"...], 0x2559ed50 /* 116 vars */) = -1 ENOENT (No such file or directory)
9998  execve("/home/runner/.local/bin/as", ["as", "-EL", "-mabi=lp64", "-o", "/tmp/ccc8mXeT.o", "/home/runner/work/_temp/bootstra"...], 0x2559ed50 /* 116 vars */) = -1 ENOENT (No such file or directory)
9998  execve("/opt/pipx_bin/as", ["as", "-EL", "-mabi=lp64", "-o", "/tmp/ccc8mXeT.o", "/home/runner/work/_temp/bootstra"...], 0x2559ed50 /* 116 vars */) = -1 ENOENT (No such file or directory)
9998  execve("/home/runner/.cargo/bin/as", ["as", "-EL", "-mabi=lp64", "-o", "/tmp/ccc8mXeT.o", "/home/runner/work/_temp/bootstra"...], 0x2559ed50 /* 116 vars */) = -1 ENOENT (No such file or directory)
9998  execve("/home/runner/.config/composer/vendor/bin/as", ["as", "-EL", "-mabi=lp64", "-o", "/tmp/ccc8mXeT.o", "/home/runner/work/_temp/bootstra"...], 0x2559ed50 /* 116 vars */) = -1 ENOENT (No such file or directory)
9998  execve("/home/runner/.dotnet/tools/as", ["as", "-EL", "-mabi=lp64", "-o", "/tmp/ccc8mXeT.o", "/home/runner/work/_temp/bootstra"...], 0x2559ed50 /* 116 vars */) = -1 ENOENT (No such file or directory)
9998  execve("/usr/local/sbin/as", ["as", "-EL", "-mabi=lp64", "-o", "/tmp/ccc8mXeT.o", "/home/runner/work/_temp/bootstra"...], 0x2559ed50 /* 116 vars */) = -1 ENOENT (No such file or directory)
9998  execve("/usr/local/bin/as", ["as", "-EL", "-mabi=lp64", "-o", "/tmp/ccc8mXeT.o", "/home/runner/work/_temp/bootstra"...], 0x2559ed50 /* 116 vars */) = -1 ENOENT (No such file or directory)
9998  execve("/usr/sbin/as", ["as", "-EL", "-mabi=lp64", "-o", "/tmp/ccc8mXeT.o", "/home/runner/work/_temp/bootstra"...], 0x2559ed50 /* 116 vars */) = -1 ENOENT (No such file or directory)
9998  execve("/usr/bin/as", ["as", "-EL", "-mabi=lp64", "-o", "/tmp/ccc8mXeT.o", "/home/runner/work/_temp/bootstra"...], 0x2559ed50 /* 116 vars */ <unfinished ...>
9997  <... clone resumed>)              = 9998
9998  <... execve resumed>)             = 0
9997  wait4(9998,  <unfinished ...>
9998  exit_group(0)                     = ?
9998  +++ exited with 0 +++
9997  <... wait4 resumed>[{WIFEXITED(s) && WEXITSTATUS(s) == 0}], 0, NULL) = 9998
9997  --- SIGCHLD {si_signo=SIGCHLD, si_code=CLD_EXITED, si_pid=9998, si_uid=1001, si_status=0, si_utime=0, si_stime=0} ---
9997  clone(child_stack=0xfffff2e3ef70, flags=CLONE_VM|CLONE_VFORK|SIGCHLD <unfinished ...>
9999  execve("/usr/libexec/gcc/aarch64-linux-gnu/13/collect2", ["/usr/libexec/gcc/aarch64-linux-g"..., "-plugin", "/usr/libexec/gcc/aarch64-linux-g"..., "-plugin-opt=/usr/libexec/gcc/aar"..., "-plugin-opt=-fresolution=/tmp/cc"..., "-plugin-opt=-pass-through=-lgcc", "-plugin-opt=-pass-through=-lgcc_"..., "-plugin-opt=-pass-through=-lc", "-plugin-opt=-pass-through=-lgcc", "-plugin-opt=-pass-through=-lgcc_"..., "--build-id", "--eh-frame-hdr", "--hash-style=gnu", "--as-needed", "-dynamic-linker", "/lib/ld-linux-aarch64.so.1", "-X", "-EL", "-maarch64linux", "--fix-cortex-a53-843419", "-pie", "-z", "now", "-fuse-ld=lld", "-z", "relro", "-o", "/home/runner/work/_temp/bootstra"..., "/usr/lib/gcc/aarch64-linux-gnu/1"..., "/usr/lib/gcc/aarch64-linux-gnu/1"..., "/usr/lib/gcc/aarch64-linux-gnu/1"..., "-L/usr/lib/gcc/aarch64-linux-gnu"..., ...], 0x2559f580 /* 118 vars */ <unfinished ...>
9997  <... clone resumed>)              = 9999
9999  <... execve resumed>)             = 0
9997  wait4(9999,  <unfinished ...>
9999  clone(child_stack=0xfffff9ba1760, flags=CLONE_VM|CLONE_VFORK|SIGCHLD <unfinished ...>
10000 execve("/usr/bin/ld.lld", ["/usr/bin/ld.lld", "-plugin", "/usr/libexec/gcc/aarch64-linux-g"..., "-plugin-opt=/usr/libexec/gcc/aar"..., "-plugin-opt=-fresolution=/tmp/cc"..., "-plugin-opt=-pass-through=-lgcc", "-plugin-opt=-pass-through=-lgcc_"..., "-plugin-opt=-pass-through=-lc", "-plugin-opt=-pass-through=-lgcc", "-plugin-opt=-pass-through=-lgcc_"..., "--build-id", "--eh-frame-hdr", "--hash-style=gnu", "--as-needed", "-dynamic-linker", "/lib/ld-linux-aarch64.so.1", "-X", "-EL", "-maarch64linux", "--fix-cortex-a53-843419", "-pie", "-z", "now", "-z", "relro", "-o", "/home/runner/work/_temp/bootstra"..., "/usr/lib/gcc/aarch64-linux-gnu/1"..., "/usr/lib/gcc/aarch64-linux-gnu/1"..., "/usr/lib/gcc/aarch64-linux-gnu/1"..., "-L/usr/lib/gcc/aarch64-linux-gnu"..., "-L/usr/lib/gcc/aarch64-linux-gnu"..., ...], 0xfffff9ba1e20 /* 118 vars */ <unfinished ...>
9999  <... clone resumed>)              = 10000
10000 <... execve resumed>)             = 0
9999  wait4(10000,  <unfinished ...>
10000 clone3({flags=CLONE_VM|CLONE_FS|CLONE_FILES|CLONE_SIGHAND|CLONE_THREAD|CLONE_SYSVSEM|CLONE_SETTLS|CLONE_PARENT_SETTID|CLONE_CHILD_CLEARTID, child_tid=0xffeb417ff050, parent_tid=0xffeb417ff050, exit_signal=0, stack=0xffeb3d7f0000, stack_size=0x400e840, tls=0xffeb417ff6c0} => {parent_tid=[10001]}, 88) = 10001
10001 clone3({flags=CLONE_VM|CLONE_FS|CLONE_FILES|CLONE_SIGHAND|CLONE_THREAD|CLONE_SYSVSEM|CLONE_SETTLS|CLONE_PARENT_SETTID|CLONE_CHILD_CLEARTID, child_tid=0xffeb37fff050, parent_tid=0xffeb37fff050, exit_signal=0, stack=0xffeb33ff0000, stack_size=0x400e840, tls=0xffeb37fff6c0} => {parent_tid=[10002]}, 88) = 10002
10001 clone3({flags=CLONE_VM|CLONE_FS|CLONE_FILES|CLONE_SIGHAND|CLONE_THREAD|CLONE_SYSVSEM|CLONE_SETTLS|CLONE_PARENT_SETTID|CLONE_CHILD_CLEARTID, child_tid=0xffeb33fef050, parent_tid=0xffeb33fef050, exit_signal=0, stack=0xffeb2ffe0000, stack_size=0x400e840, tls=0xffeb33fef6c0} => {parent_tid=[10003]}, 88) = 10003
10001 clone3({flags=CLONE_VM|CLONE_FS|CLONE_FILES|CLONE_SIGHAND|CLONE_THREAD|CLONE_SYSVSEM|CLONE_SETTLS|CLONE_PARENT_SETTID|CLONE_CHILD_CLEARTID, child_tid=0xffeb27fff050, parent_tid=0xffeb27fff050, exit_signal=0, stack=0xffeb23ff0000, stack_size=0x400e840, tls=0xffeb27fff6c0} => {parent_tid=[10004]}, 88) = 10004
10001 exit(0 <unfinished ...>
10004 exit(0 <unfinished ...>
10000 exit_group(0 <unfinished ...>
10004 <... exit resumed>)               = ?
10003 ???( <unfinished ...>
10002 ???( <unfinished ...>
10001 <... exit resumed>)               = ?
10000 <... exit_group resumed>)         = ?
10004 +++ exited with 0 +++
10003 +++ exited with 0 +++
10001 +++ exited with 0 +++
10002 +++ exited with 0 +++
10000 +++ exited with 0 +++
9999  <... wait4 resumed>[{WIFEXITED(s) && WEXITSTATUS(s) == 0}], 0, NULL) = 10000
9999  --- SIGCHLD {si_signo=SIGCHLD, si_code=CLD_EXITED, si_pid=10000, si_uid=1001, si_status=0, si_utime=0, si_stime=1 /* 0.01 s */} ---
9999  exit_group(0)                     = ?
9999  +++ exited with 0 +++
9997  <... wait4 resumed>[{WIFEXITED(s) && WEXITSTATUS(s) == 0}], 0, NULL) = 9999
9997  --- SIGCHLD {si_signo=SIGCHLD, si_code=CLD_EXITED, si_pid=9999, si_uid=1001, si_status=0, si_utime=0, si_stime=0} ---
9997  exit_group(0)                     = ?
9997  +++ exited with 0 +++
9995  <... wait4 resumed>[{WIFEXITED(s) && WEXITSTATUS(s) == 0}], 0, NULL) = 9997
9995  --- SIGCHLD {si_signo=SIGCHLD, si_code=CLD_EXITED, si_pid=9997, si_uid=1001, si_status=0, si_utime=0, si_stime=0} ---
9995  exit_group(0)                     = ?
9995  +++ exited with 0 +++
