5610  execve("/home/runner/work/_temp/gate6n-linux-arm64-bootstrap-workspace/b4/compiler", ["/home/runner/work/_temp/gate6n-l"..., "build", "/home/runner/work/type-rb-native"..., "--output", "/home/runner/work/_temp/gate6n-l"..., "--qbe", "/home/runner/work/_temp/qbe-1.3/"..., "--cc", "/usr/bin/cc", "--target", "linux-arm64-v0"], 0xffffc292a998 /* 121 vars */) = 0
5610  clone(child_stack=NULL, flags=CLONE_CHILD_CLEARTID|CLONE_CHILD_SETTID|SIGCHLD, child_tidptr=0xff6c58743f90) = 5611
5610  wait4(5611,  <unfinished ...>
5611  execve("/home/runner/work/_temp/qbe-1.3/qbe", ["/home/runner/work/_temp/qbe-1.3/"..., "-t", "arm64", "-o", "/home/runner/work/_temp/gate6n-l"..., "/home/runner/work/_temp/gate6n-l"...], 0xffffd7450358 /* 121 vars */) = 0
5611  exit_group(0)                     = ?
5611  +++ exited with 0 +++
5610  <... wait4 resumed>[{WIFEXITED(s) && WEXITSTATUS(s) == 0}], 0, NULL) = 5611
5610  --- SIGCHLD {si_signo=SIGCHLD, si_code=CLD_EXITED, si_pid=5611, si_uid=1001, si_status=0, si_utime=0, si_stime=0} ---
5610  clone(child_stack=NULL, flags=CLONE_CHILD_CLEARTID|CLONE_CHILD_SETTID|SIGCHLD, child_tidptr=0xff6c58743f90) = 5612
5610  wait4(5612,  <unfinished ...>
5612  execve("/usr/bin/cc", ["/usr/bin/cc", "-xassembler", "/home/runner/work/_temp/gate6n-l"..., "-fuse-ld=lld", "-Wl,--gc-sections,--strip-all", "-lm", "-o", "/home/runner/work/_temp/gate6n-l"...], 0xffffd7450358 /* 121 vars */) = 0
5612  clone(child_stack=0xffffe78719f0, flags=CLONE_VM|CLONE_VFORK|SIGCHLD <unfinished ...>
5613  execve("/snap/bin/as", ["as", "-EL", "-mabi=lp64", "-o", "/tmp/ccJzsdTn.o", "/home/runner/work/_temp/gate6n-l"...], 0x209b5e20 /* 126 vars */) = -1 ENOENT (No such file or directory)
5613  execve("/home/runner/.local/bin/as", ["as", "-EL", "-mabi=lp64", "-o", "/tmp/ccJzsdTn.o", "/home/runner/work/_temp/gate6n-l"...], 0x209b5e20 /* 126 vars */) = -1 ENOENT (No such file or directory)
5613  execve("/opt/pipx_bin/as", ["as", "-EL", "-mabi=lp64", "-o", "/tmp/ccJzsdTn.o", "/home/runner/work/_temp/gate6n-l"...], 0x209b5e20 /* 126 vars */) = -1 ENOENT (No such file or directory)
5613  execve("/home/runner/.cargo/bin/as", ["as", "-EL", "-mabi=lp64", "-o", "/tmp/ccJzsdTn.o", "/home/runner/work/_temp/gate6n-l"...], 0x209b5e20 /* 126 vars */) = -1 ENOENT (No such file or directory)
5613  execve("/home/runner/.config/composer/vendor/bin/as", ["as", "-EL", "-mabi=lp64", "-o", "/tmp/ccJzsdTn.o", "/home/runner/work/_temp/gate6n-l"...], 0x209b5e20 /* 126 vars */) = -1 ENOENT (No such file or directory)
5613  execve("/home/runner/.dotnet/tools/as", ["as", "-EL", "-mabi=lp64", "-o", "/tmp/ccJzsdTn.o", "/home/runner/work/_temp/gate6n-l"...], 0x209b5e20 /* 126 vars */) = -1 ENOENT (No such file or directory)
5613  execve("/usr/local/sbin/as", ["as", "-EL", "-mabi=lp64", "-o", "/tmp/ccJzsdTn.o", "/home/runner/work/_temp/gate6n-l"...], 0x209b5e20 /* 126 vars */) = -1 ENOENT (No such file or directory)
5613  execve("/usr/local/bin/as", ["as", "-EL", "-mabi=lp64", "-o", "/tmp/ccJzsdTn.o", "/home/runner/work/_temp/gate6n-l"...], 0x209b5e20 /* 126 vars */) = -1 ENOENT (No such file or directory)
5613  execve("/usr/sbin/as", ["as", "-EL", "-mabi=lp64", "-o", "/tmp/ccJzsdTn.o", "/home/runner/work/_temp/gate6n-l"...], 0x209b5e20 /* 126 vars */) = -1 ENOENT (No such file or directory)
5613  execve("/usr/bin/as", ["as", "-EL", "-mabi=lp64", "-o", "/tmp/ccJzsdTn.o", "/home/runner/work/_temp/gate6n-l"...], 0x209b5e20 /* 126 vars */ <unfinished ...>
5612  <... clone resumed>)              = 5613
5613  <... execve resumed>)             = 0
5612  wait4(5613,  <unfinished ...>
5613  exit_group(0)                     = ?
5613  +++ exited with 0 +++
5612  <... wait4 resumed>[{WIFEXITED(s) && WEXITSTATUS(s) == 0}], 0, NULL) = 5613
5612  --- SIGCHLD {si_signo=SIGCHLD, si_code=CLD_EXITED, si_pid=5613, si_uid=1001, si_status=0, si_utime=0, si_stime=0} ---
5612  clone(child_stack=0xffffe7870b30, flags=CLONE_VM|CLONE_VFORK|SIGCHLD <unfinished ...>
5614  execve("/usr/libexec/gcc/aarch64-linux-gnu/13/collect2", ["/usr/libexec/gcc/aarch64-linux-g"..., "-plugin", "/usr/libexec/gcc/aarch64-linux-g"..., "-plugin-opt=/usr/libexec/gcc/aar"..., "-plugin-opt=-fresolution=/tmp/cc"..., "-plugin-opt=-pass-through=-lgcc", "-plugin-opt=-pass-through=-lgcc_"..., "-plugin-opt=-pass-through=-lc", "-plugin-opt=-pass-through=-lgcc", "-plugin-opt=-pass-through=-lgcc_"..., "--build-id", "--eh-frame-hdr", "--hash-style=gnu", "--as-needed", "-dynamic-linker", "/lib/ld-linux-aarch64.so.1", "-X", "-EL", "-maarch64linux", "--fix-cortex-a53-843419", "-pie", "-z", "now", "-fuse-ld=lld", "-z", "relro", "-o", "/home/runner/work/_temp/gate6n-l"..., "/usr/lib/gcc/aarch64-linux-gnu/1"..., "/usr/lib/gcc/aarch64-linux-gnu/1"..., "/usr/lib/gcc/aarch64-linux-gnu/1"..., "-L/usr/lib/gcc/aarch64-linux-gnu"..., ...], 0x209b66a0 /* 128 vars */ <unfinished ...>
5612  <... clone resumed>)              = 5614
5614  <... execve resumed>)             = 0
5612  wait4(5614,  <unfinished ...>
5614  clone(child_stack=0xffffcfdee980, flags=CLONE_VM|CLONE_VFORK|SIGCHLD <unfinished ...>
5615  execve("/usr/bin/ld.lld", ["/usr/bin/ld.lld", "-plugin", "/usr/libexec/gcc/aarch64-linux-g"..., "-plugin-opt=/usr/libexec/gcc/aar"..., "-plugin-opt=-fresolution=/tmp/cc"..., "-plugin-opt=-pass-through=-lgcc", "-plugin-opt=-pass-through=-lgcc_"..., "-plugin-opt=-pass-through=-lc", "-plugin-opt=-pass-through=-lgcc", "-plugin-opt=-pass-through=-lgcc_"..., "--build-id", "--eh-frame-hdr", "--hash-style=gnu", "--as-needed", "-dynamic-linker", "/lib/ld-linux-aarch64.so.1", "-X", "-EL", "-maarch64linux", "--fix-cortex-a53-843419", "-pie", "-z", "now", "-z", "relro", "-o", "/home/runner/work/_temp/gate6n-l"..., "/usr/lib/gcc/aarch64-linux-gnu/1"..., "/usr/lib/gcc/aarch64-linux-gnu/1"..., "/usr/lib/gcc/aarch64-linux-gnu/1"..., "-L/usr/lib/gcc/aarch64-linux-gnu"..., "-L/usr/lib/gcc/aarch64-linux-gnu"..., ...], 0xffffcfdef040 /* 128 vars */ <unfinished ...>
5614  <... clone resumed>)              = 5615
5615  <... execve resumed>)             = 0
5614  wait4(5615,  <unfinished ...>
5615  clone3({flags=CLONE_VM|CLONE_FS|CLONE_FILES|CLONE_SIGHAND|CLONE_THREAD|CLONE_SYSVSEM|CLONE_SETTLS|CLONE_PARENT_SETTID|CLONE_CHILD_CLEARTID, child_tid=0xff5a697ff050, parent_tid=0xff5a697ff050, exit_signal=0, stack=0xff5a657f0000, stack_size=0x400e840, tls=0xff5a697ff6c0} => {parent_tid=[5616]}, 88) = 5616
5616  clone3({flags=CLONE_VM|CLONE_FS|CLONE_FILES|CLONE_SIGHAND|CLONE_THREAD|CLONE_SYSVSEM|CLONE_SETTLS|CLONE_PARENT_SETTID|CLONE_CHILD_CLEARTID, child_tid=0xff5a5ffff050, parent_tid=0xff5a5ffff050, exit_signal=0, stack=0xff5a5bff0000, stack_size=0x400e840, tls=0xff5a5ffff6c0} => {parent_tid=[5617]}, 88) = 5617
5616  clone3({flags=CLONE_VM|CLONE_FS|CLONE_FILES|CLONE_SIGHAND|CLONE_THREAD|CLONE_SYSVSEM|CLONE_SETTLS|CLONE_PARENT_SETTID|CLONE_CHILD_CLEARTID, child_tid=0xff5a5bfef050, parent_tid=0xff5a5bfef050, exit_signal=0, stack=0xff5a57fe0000, stack_size=0x400e840, tls=0xff5a5bfef6c0} => {parent_tid=[5618]}, 88) = 5618
5616  clone3({flags=CLONE_VM|CLONE_FS|CLONE_FILES|CLONE_SIGHAND|CLONE_THREAD|CLONE_SYSVSEM|CLONE_SETTLS|CLONE_PARENT_SETTID|CLONE_CHILD_CLEARTID, child_tid=0xff5a4ffff050, parent_tid=0xff5a4ffff050, exit_signal=0, stack=0xff5a4bff0000, stack_size=0x400e840, tls=0xff5a4ffff6c0} => {parent_tid=[5619]}, 88) = 5619
5616  exit(0)                           = ?
5616  +++ exited with 0 +++
5618  exit(0 <unfinished ...>
5617  exit(0 <unfinished ...>
5615  exit_group(0 <unfinished ...>
5618  <... exit resumed>)               = ?
5617  <... exit resumed>)               = ?
5618  +++ exited with 0 +++
5617  +++ exited with 0 +++
5615  <... exit_group resumed>)         = ?
5619  +++ exited with 0 +++
5615  +++ exited with 0 +++
5614  <... wait4 resumed>[{WIFEXITED(s) && WEXITSTATUS(s) == 0}], 0, NULL) = 5615
5614  --- SIGCHLD {si_signo=SIGCHLD, si_code=CLD_EXITED, si_pid=5615, si_uid=1001, si_status=0, si_utime=1 /* 0.01 s */, si_stime=1 /* 0.01 s */} ---
5614  exit_group(0)                     = ?
5614  +++ exited with 0 +++
5612  <... wait4 resumed>[{WIFEXITED(s) && WEXITSTATUS(s) == 0}], 0, NULL) = 5614
5612  --- SIGCHLD {si_signo=SIGCHLD, si_code=CLD_EXITED, si_pid=5614, si_uid=1001, si_status=0, si_utime=0, si_stime=0} ---
5612  exit_group(0)                     = ?
5612  +++ exited with 0 +++
5610  <... wait4 resumed>[{WIFEXITED(s) && WEXITSTATUS(s) == 0}], 0, NULL) = 5612
5610  --- SIGCHLD {si_signo=SIGCHLD, si_code=CLD_EXITED, si_pid=5612, si_uid=1001, si_status=0, si_utime=0, si_stime=0} ---
5610  exit_group(0)                     = ?
5610  +++ exited with 0 +++
