5975  execve("/home/runner/work/_temp/transition/first/compiler", ["/home/runner/work/_temp/transiti"..., "build", "compiler/src/compiler.trb", "--output", "/home/runner/work/_temp/transiti"..., "--qbe", "/home/runner/work/_temp/qbe-1.3/"..., "--cc", "/usr/bin/cc", "--target", "linux-arm64-v0"], 0xffffd8427ae8 /* 111 vars */) = 0
5975  clone(child_stack=NULL, flags=CLONE_CHILD_CLEARTID|CLONE_CHILD_SETTID|SIGCHLD, child_tidptr=0xff4d09ebbf90) = 5976
5975  wait4(5976,  <unfinished ...>
5976  execve("/home/runner/work/_temp/qbe-1.3/qbe", ["/home/runner/work/_temp/qbe-1.3/"..., "-t", "arm64", "-o", "/home/runner/work/_temp/transiti"..., "/home/runner/work/_temp/transiti"...], 0xffffe899d7f8 /* 111 vars */) = 0
5976  exit_group(0)                     = ?
5976  +++ exited with 0 +++
5975  <... wait4 resumed>[{WIFEXITED(s) && WEXITSTATUS(s) == 0}], 0, NULL) = 5976
5975  --- SIGCHLD {si_signo=SIGCHLD, si_code=CLD_EXITED, si_pid=5976, si_uid=1001, si_status=0, si_utime=24 /* 0.24 s */, si_stime=2 /* 0.02 s */} ---
5975  clone(child_stack=NULL, flags=CLONE_CHILD_CLEARTID|CLONE_CHILD_SETTID|SIGCHLD, child_tidptr=0xff4d09ebbf90) = 5977
5975  wait4(5977,  <unfinished ...>
5977  execve("/usr/bin/cc", ["/usr/bin/cc", "-xassembler", "/home/runner/work/_temp/transiti"..., "-Wl,--gc-sections,--strip-all", "-o", "/home/runner/work/_temp/transiti"...], 0xffffe899d7f8 /* 111 vars */) = 0
5977  clone(child_stack=0xfffff27838e0, flags=CLONE_VM|CLONE_VFORK|SIGCHLD <unfinished ...>
5978  execve("/home/runner/go/bin/as", ["as", "-EL", "-mabi=lp64", "-o", "/tmp/ccw2ZM9V.o", "/home/runner/work/_temp/transiti"...], 0x2c499c20 /* 116 vars */) = -1 ENOENT (No such file or directory)
5978  execve("/opt/hostedtoolcache/go/1.27.1/arm64/bin/as", ["as", "-EL", "-mabi=lp64", "-o", "/tmp/ccw2ZM9V.o", "/home/runner/work/_temp/transiti"...], 0x2c499c20 /* 116 vars */) = -1 ENOENT (No such file or directory)
5978  execve("/snap/bin/as", ["as", "-EL", "-mabi=lp64", "-o", "/tmp/ccw2ZM9V.o", "/home/runner/work/_temp/transiti"...], 0x2c499c20 /* 116 vars */) = -1 ENOENT (No such file or directory)
5978  execve("/home/runner/.local/bin/as", ["as", "-EL", "-mabi=lp64", "-o", "/tmp/ccw2ZM9V.o", "/home/runner/work/_temp/transiti"...], 0x2c499c20 /* 116 vars */) = -1 ENOENT (No such file or directory)
5978  execve("/opt/pipx_bin/as", ["as", "-EL", "-mabi=lp64", "-o", "/tmp/ccw2ZM9V.o", "/home/runner/work/_temp/transiti"...], 0x2c499c20 /* 116 vars */) = -1 ENOENT (No such file or directory)
5978  execve("/home/runner/.cargo/bin/as", ["as", "-EL", "-mabi=lp64", "-o", "/tmp/ccw2ZM9V.o", "/home/runner/work/_temp/transiti"...], 0x2c499c20 /* 116 vars */) = -1 ENOENT (No such file or directory)
5978  execve("/home/runner/.config/composer/vendor/bin/as", ["as", "-EL", "-mabi=lp64", "-o", "/tmp/ccw2ZM9V.o", "/home/runner/work/_temp/transiti"...], 0x2c499c20 /* 116 vars */) = -1 ENOENT (No such file or directory)
5978  execve("/home/runner/.dotnet/tools/as", ["as", "-EL", "-mabi=lp64", "-o", "/tmp/ccw2ZM9V.o", "/home/runner/work/_temp/transiti"...], 0x2c499c20 /* 116 vars */) = -1 ENOENT (No such file or directory)
5978  execve("/usr/local/sbin/as", ["as", "-EL", "-mabi=lp64", "-o", "/tmp/ccw2ZM9V.o", "/home/runner/work/_temp/transiti"...], 0x2c499c20 /* 116 vars */) = -1 ENOENT (No such file or directory)
5978  execve("/usr/local/bin/as", ["as", "-EL", "-mabi=lp64", "-o", "/tmp/ccw2ZM9V.o", "/home/runner/work/_temp/transiti"...], 0x2c499c20 /* 116 vars */) = -1 ENOENT (No such file or directory)
5978  execve("/usr/sbin/as", ["as", "-EL", "-mabi=lp64", "-o", "/tmp/ccw2ZM9V.o", "/home/runner/work/_temp/transiti"...], 0x2c499c20 /* 116 vars */) = -1 ENOENT (No such file or directory)
5978  execve("/usr/bin/as", ["as", "-EL", "-mabi=lp64", "-o", "/tmp/ccw2ZM9V.o", "/home/runner/work/_temp/transiti"...], 0x2c499c20 /* 116 vars */ <unfinished ...>
5977  <... clone resumed>)              = 5978
5978  <... execve resumed>)             = 0
5977  wait4(5978,  <unfinished ...>
5978  exit_group(0)                     = ?
5978  +++ exited with 0 +++
5977  <... wait4 resumed>[{WIFEXITED(s) && WEXITSTATUS(s) == 0}], 0, NULL) = 5978
5977  --- SIGCHLD {si_signo=SIGCHLD, si_code=CLD_EXITED, si_pid=5978, si_uid=1001, si_status=0, si_utime=10 /* 0.10 s */, si_stime=1 /* 0.01 s */} ---
5977  clone(child_stack=0xfffff2782a20, flags=CLONE_VM|CLONE_VFORK|SIGCHLD <unfinished ...>
5979  execve("/usr/libexec/gcc/aarch64-linux-gnu/13/collect2", ["/usr/libexec/gcc/aarch64-linux-g"..., "-plugin", "/usr/libexec/gcc/aarch64-linux-g"..., "-plugin-opt=/usr/libexec/gcc/aar"..., "-plugin-opt=-fresolution=/tmp/cc"..., "-plugin-opt=-pass-through=-lgcc", "-plugin-opt=-pass-through=-lgcc_"..., "-plugin-opt=-pass-through=-lc", "-plugin-opt=-pass-through=-lgcc", "-plugin-opt=-pass-through=-lgcc_"..., "--build-id", "--eh-frame-hdr", "--hash-style=gnu", "--as-needed", "-dynamic-linker", "/lib/ld-linux-aarch64.so.1", "-X", "-EL", "-maarch64linux", "--fix-cortex-a53-843419", "-pie", "-z", "now", "-z", "relro", "-o", "/home/runner/work/_temp/transiti"..., "/usr/lib/gcc/aarch64-linux-gnu/1"..., "/usr/lib/gcc/aarch64-linux-gnu/1"..., "/usr/lib/gcc/aarch64-linux-gnu/1"..., "-L/usr/lib/gcc/aarch64-linux-gnu"..., "-L/usr/lib/gcc/aarch64-linux-gnu"..., ...], 0x2c49a3c0 /* 118 vars */ <unfinished ...>
5977  <... clone resumed>)              = 5979
5979  <... execve resumed>)             = 0
5977  wait4(5979,  <unfinished ...>
5979  clone(child_stack=0xfffffa3dc9d0, flags=CLONE_VM|CLONE_VFORK|SIGCHLD <unfinished ...>
5980  execve("/usr/bin/ld", ["/usr/bin/ld", "-plugin", "/usr/libexec/gcc/aarch64-linux-g"..., "-plugin-opt=/usr/libexec/gcc/aar"..., "-plugin-opt=-fresolution=/tmp/cc"..., "-plugin-opt=-pass-through=-lgcc", "-plugin-opt=-pass-through=-lgcc_"..., "-plugin-opt=-pass-through=-lc", "-plugin-opt=-pass-through=-lgcc", "-plugin-opt=-pass-through=-lgcc_"..., "--build-id", "--eh-frame-hdr", "--hash-style=gnu", "--as-needed", "-dynamic-linker", "/lib/ld-linux-aarch64.so.1", "-X", "-EL", "-maarch64linux", "--fix-cortex-a53-843419", "-pie", "-z", "now", "-z", "relro", "-o", "/home/runner/work/_temp/transiti"..., "/usr/lib/gcc/aarch64-linux-gnu/1"..., "/usr/lib/gcc/aarch64-linux-gnu/1"..., "/usr/lib/gcc/aarch64-linux-gnu/1"..., "-L/usr/lib/gcc/aarch64-linux-gnu"..., "-L/usr/lib/gcc/aarch64-linux-gnu"..., ...], 0xfffffa3dd080 /* 118 vars */ <unfinished ...>
5979  <... clone resumed>)              = 5980
5980  <... execve resumed>)             = 0
5979  wait4(5980,  <unfinished ...>
5980  exit_group(0)                     = ?
5980  +++ exited with 0 +++
5979  <... wait4 resumed>[{WIFEXITED(s) && WEXITSTATUS(s) == 0}], 0, NULL) = 5980
5979  --- SIGCHLD {si_signo=SIGCHLD, si_code=CLD_EXITED, si_pid=5980, si_uid=1001, si_status=0, si_utime=1 /* 0.01 s */, si_stime=1 /* 0.01 s */} ---
5979  exit_group(0)                     = ?
5979  +++ exited with 0 +++
5977  <... wait4 resumed>[{WIFEXITED(s) && WEXITSTATUS(s) == 0}], 0, NULL) = 5979
5977  --- SIGCHLD {si_signo=SIGCHLD, si_code=CLD_EXITED, si_pid=5979, si_uid=1001, si_status=0, si_utime=0, si_stime=0} ---
5977  exit_group(0)                     = ?
5977  +++ exited with 0 +++
5975  <... wait4 resumed>[{WIFEXITED(s) && WEXITSTATUS(s) == 0}], 0, NULL) = 5977
5975  --- SIGCHLD {si_signo=SIGCHLD, si_code=CLD_EXITED, si_pid=5977, si_uid=1001, si_status=0, si_utime=0, si_stime=0} ---
5975  exit_group(0)                     = ?
5975  +++ exited with 0 +++
