2999  execve("/home/runner/work/_temp/transition/first/compiler", ["/home/runner/work/_temp/transiti"..., "build", "/home/runner/work/type-rb-native"..., "--output", "/home/runner/work/_temp/transiti"..., "--qbe", "/home/runner/work/_temp/qbe-1.3/"..., "--cc", "/usr/bin/cc", "--target", "linux-arm64-v0"], 0xffffdc9f35f8 /* 105 vars */) = 0
2999  clone(child_stack=NULL, flags=CLONE_CHILD_CLEARTID|CLONE_CHILD_SETTID|SIGCHLD, child_tidptr=0xff0efab4ff90) = 3000
2999  wait4(3000,  <unfinished ...>
3000  execve("/home/runner/work/_temp/qbe-1.3/qbe", ["/home/runner/work/_temp/qbe-1.3/"..., "-t", "arm64", "-o", "/home/runner/work/_temp/transiti"..., "/home/runner/work/_temp/transiti"...], 0xfffffe63a898 /* 105 vars */) = 0
3000  exit_group(0)                     = ?
3000  +++ exited with 0 +++
2999  <... wait4 resumed>[{WIFEXITED(s) && WEXITSTATUS(s) == 0}], 0, NULL) = 3000
2999  --- SIGCHLD {si_signo=SIGCHLD, si_code=CLD_EXITED, si_pid=3000, si_uid=1001, si_status=0, si_utime=19 /* 0.19 s */, si_stime=1 /* 0.01 s */} ---
2999  clone(child_stack=NULL, flags=CLONE_CHILD_CLEARTID|CLONE_CHILD_SETTID|SIGCHLD, child_tidptr=0xff0efab4ff90) = 3001
2999  wait4(3001,  <unfinished ...>
3001  execve("/usr/bin/cc", ["/usr/bin/cc", "-xassembler", "/home/runner/work/_temp/transiti"..., "-Wl,--gc-sections,--strip-all", "-o", "/home/runner/work/_temp/transiti"...], 0xfffffe63a898 /* 105 vars */) = 0
3001  clone(child_stack=0xfffffbeac260, flags=CLONE_VM|CLONE_VFORK|SIGCHLD <unfinished ...>
3002  execve("/snap/bin/as", ["as", "-EL", "-mabi=lp64", "-o", "/tmp/ccrVfNCJ.o", "/home/runner/work/_temp/transiti"...], 0x2595bf0 /* 110 vars */) = -1 ENOENT (No such file or directory)
3002  execve("/home/runner/.local/bin/as", ["as", "-EL", "-mabi=lp64", "-o", "/tmp/ccrVfNCJ.o", "/home/runner/work/_temp/transiti"...], 0x2595bf0 /* 110 vars */) = -1 ENOENT (No such file or directory)
3002  execve("/opt/pipx_bin/as", ["as", "-EL", "-mabi=lp64", "-o", "/tmp/ccrVfNCJ.o", "/home/runner/work/_temp/transiti"...], 0x2595bf0 /* 110 vars */) = -1 ENOENT (No such file or directory)
3002  execve("/home/runner/.cargo/bin/as", ["as", "-EL", "-mabi=lp64", "-o", "/tmp/ccrVfNCJ.o", "/home/runner/work/_temp/transiti"...], 0x2595bf0 /* 110 vars */) = -1 ENOENT (No such file or directory)
3002  execve("/home/runner/.config/composer/vendor/bin/as", ["as", "-EL", "-mabi=lp64", "-o", "/tmp/ccrVfNCJ.o", "/home/runner/work/_temp/transiti"...], 0x2595bf0 /* 110 vars */) = -1 ENOENT (No such file or directory)
3002  execve("/home/runner/.dotnet/tools/as", ["as", "-EL", "-mabi=lp64", "-o", "/tmp/ccrVfNCJ.o", "/home/runner/work/_temp/transiti"...], 0x2595bf0 /* 110 vars */) = -1 ENOENT (No such file or directory)
3002  execve("/usr/local/sbin/as", ["as", "-EL", "-mabi=lp64", "-o", "/tmp/ccrVfNCJ.o", "/home/runner/work/_temp/transiti"...], 0x2595bf0 /* 110 vars */) = -1 ENOENT (No such file or directory)
3002  execve("/usr/local/bin/as", ["as", "-EL", "-mabi=lp64", "-o", "/tmp/ccrVfNCJ.o", "/home/runner/work/_temp/transiti"...], 0x2595bf0 /* 110 vars */) = -1 ENOENT (No such file or directory)
3002  execve("/usr/sbin/as", ["as", "-EL", "-mabi=lp64", "-o", "/tmp/ccrVfNCJ.o", "/home/runner/work/_temp/transiti"...], 0x2595bf0 /* 110 vars */) = -1 ENOENT (No such file or directory)
3002  execve("/usr/bin/as", ["as", "-EL", "-mabi=lp64", "-o", "/tmp/ccrVfNCJ.o", "/home/runner/work/_temp/transiti"...], 0x2595bf0 /* 110 vars */ <unfinished ...>
3001  <... clone resumed>)              = 3002
3002  <... execve resumed>)             = 0
3001  wait4(3002,  <unfinished ...>
3002  exit_group(0)                     = ?
3002  +++ exited with 0 +++
3001  <... wait4 resumed>[{WIFEXITED(s) && WEXITSTATUS(s) == 0}], 0, NULL) = 3002
3001  --- SIGCHLD {si_signo=SIGCHLD, si_code=CLD_EXITED, si_pid=3002, si_uid=1001, si_status=0, si_utime=8 /* 0.08 s */, si_stime=0} ---
3001  clone(child_stack=0xfffffbeab3a0, flags=CLONE_VM|CLONE_VFORK|SIGCHLD <unfinished ...>
3003  execve("/usr/libexec/gcc/aarch64-linux-gnu/13/collect2", ["/usr/libexec/gcc/aarch64-linux-g"..., "-plugin", "/usr/libexec/gcc/aarch64-linux-g"..., "-plugin-opt=/usr/libexec/gcc/aar"..., "-plugin-opt=-fresolution=/tmp/cc"..., "-plugin-opt=-pass-through=-lgcc", "-plugin-opt=-pass-through=-lgcc_"..., "-plugin-opt=-pass-through=-lc", "-plugin-opt=-pass-through=-lgcc", "-plugin-opt=-pass-through=-lgcc_"..., "--build-id", "--eh-frame-hdr", "--hash-style=gnu", "--as-needed", "-dynamic-linker", "/lib/ld-linux-aarch64.so.1", "-X", "-EL", "-maarch64linux", "--fix-cortex-a53-843419", "-pie", "-z", "now", "-z", "relro", "-o", "/home/runner/work/_temp/transiti"..., "/usr/lib/gcc/aarch64-linux-gnu/1"..., "/usr/lib/gcc/aarch64-linux-gnu/1"..., "/usr/lib/gcc/aarch64-linux-gnu/1"..., "-L/usr/lib/gcc/aarch64-linux-gnu"..., "-L/usr/lib/gcc/aarch64-linux-gnu"..., ...], 0x2596360 /* 112 vars */ <unfinished ...>
3001  <... clone resumed>)              = 3003
3003  <... execve resumed>)             = 0
3001  wait4(3003,  <unfinished ...>
3003  clone(child_stack=0xffffefe28b70, flags=CLONE_VM|CLONE_VFORK|SIGCHLD <unfinished ...>
3004  execve("/usr/bin/ld", ["/usr/bin/ld", "-plugin", "/usr/libexec/gcc/aarch64-linux-g"..., "-plugin-opt=/usr/libexec/gcc/aar"..., "-plugin-opt=-fresolution=/tmp/cc"..., "-plugin-opt=-pass-through=-lgcc", "-plugin-opt=-pass-through=-lgcc_"..., "-plugin-opt=-pass-through=-lc", "-plugin-opt=-pass-through=-lgcc", "-plugin-opt=-pass-through=-lgcc_"..., "--build-id", "--eh-frame-hdr", "--hash-style=gnu", "--as-needed", "-dynamic-linker", "/lib/ld-linux-aarch64.so.1", "-X", "-EL", "-maarch64linux", "--fix-cortex-a53-843419", "-pie", "-z", "now", "-z", "relro", "-o", "/home/runner/work/_temp/transiti"..., "/usr/lib/gcc/aarch64-linux-gnu/1"..., "/usr/lib/gcc/aarch64-linux-gnu/1"..., "/usr/lib/gcc/aarch64-linux-gnu/1"..., "-L/usr/lib/gcc/aarch64-linux-gnu"..., "-L/usr/lib/gcc/aarch64-linux-gnu"..., ...], 0xffffefe29220 /* 112 vars */ <unfinished ...>
3003  <... clone resumed>)              = 3004
3004  <... execve resumed>)             = 0
3003  wait4(3004,  <unfinished ...>
3004  exit_group(0)                     = ?
3004  +++ exited with 0 +++
3003  <... wait4 resumed>[{WIFEXITED(s) && WEXITSTATUS(s) == 0}], 0, NULL) = 3004
3003  --- SIGCHLD {si_signo=SIGCHLD, si_code=CLD_EXITED, si_pid=3004, si_uid=1001, si_status=0, si_utime=1 /* 0.01 s */, si_stime=1 /* 0.01 s */} ---
3003  exit_group(0)                     = ?
3003  +++ exited with 0 +++
3001  <... wait4 resumed>[{WIFEXITED(s) && WEXITSTATUS(s) == 0}], 0, NULL) = 3003
3001  --- SIGCHLD {si_signo=SIGCHLD, si_code=CLD_EXITED, si_pid=3003, si_uid=1001, si_status=0, si_utime=0, si_stime=0} ---
3001  exit_group(0)                     = ?
3001  +++ exited with 0 +++
2999  <... wait4 resumed>[{WIFEXITED(s) && WEXITSTATUS(s) == 0}], 0, NULL) = 3001
2999  --- SIGCHLD {si_signo=SIGCHLD, si_code=CLD_EXITED, si_pid=3001, si_uid=1001, si_status=0, si_utime=0, si_stime=0} ---
2999  exit_group(0)                     = ?
2999  +++ exited with 0 +++
