2990  execve("/home/runner/work/_temp/release/type-rb-native-bootstrap-linux-arm64", ["/home/runner/work/_temp/release/"..., "build", "/home/runner/work/type-rb-native"..., "--output", "/home/runner/work/_temp/transiti"..., "--qbe", "/home/runner/work/_temp/qbe-1.3/"..., "--cc", "/usr/bin/cc", "--target", "linux-arm64-v0"], 0xfffffa120178 /* 105 vars */) = 0
2990  clone(child_stack=NULL, flags=CLONE_CHILD_CLEARTID|CLONE_CHILD_SETTID|SIGCHLD, child_tidptr=0xffff9e9bef90) = 2991
2990  wait4(2991,  <unfinished ...>
2991  execve("/home/runner/work/_temp/qbe-1.3/qbe", ["/home/runner/work/_temp/qbe-1.3/"..., "-t", "arm64", "-o", "/home/runner/work/_temp/transiti"..., "/home/runner/work/_temp/transiti"...], 0xffffdc83a308 /* 105 vars */) = 0
2991  exit_group(0)                     = ?
2991  +++ exited with 0 +++
2990  <... wait4 resumed>[{WIFEXITED(s) && WEXITSTATUS(s) == 0}], 0, NULL) = 2991
2990  --- SIGCHLD {si_signo=SIGCHLD, si_code=CLD_EXITED, si_pid=2991, si_uid=1001, si_status=0, si_utime=17 /* 0.17 s */, si_stime=0} ---
2990  clone(child_stack=NULL, flags=CLONE_CHILD_CLEARTID|CLONE_CHILD_SETTID|SIGCHLD, child_tidptr=0xffff9e9bef90) = 2992
2990  wait4(2992,  <unfinished ...>
2992  execve("/usr/bin/cc", ["/usr/bin/cc", "-xassembler", "/home/runner/work/_temp/transiti"..., "-Wl,--gc-sections,--strip-all", "-o", "/home/runner/work/_temp/transiti"...], 0xffffdc83a308 /* 105 vars */) = 0
2992  clone(child_stack=0xffffdb7b7630, flags=CLONE_VM|CLONE_VFORK|SIGCHLD <unfinished ...>
2993  execve("/snap/bin/as", ["as", "-EL", "-mabi=lp64", "-o", "/tmp/ccC0L914.o", "/home/runner/work/_temp/transiti"...], 0x23b18be0 /* 110 vars */) = -1 ENOENT (No such file or directory)
2993  execve("/home/runner/.local/bin/as", ["as", "-EL", "-mabi=lp64", "-o", "/tmp/ccC0L914.o", "/home/runner/work/_temp/transiti"...], 0x23b18be0 /* 110 vars */) = -1 ENOENT (No such file or directory)
2993  execve("/opt/pipx_bin/as", ["as", "-EL", "-mabi=lp64", "-o", "/tmp/ccC0L914.o", "/home/runner/work/_temp/transiti"...], 0x23b18be0 /* 110 vars */) = -1 ENOENT (No such file or directory)
2993  execve("/home/runner/.cargo/bin/as", ["as", "-EL", "-mabi=lp64", "-o", "/tmp/ccC0L914.o", "/home/runner/work/_temp/transiti"...], 0x23b18be0 /* 110 vars */) = -1 ENOENT (No such file or directory)
2993  execve("/home/runner/.config/composer/vendor/bin/as", ["as", "-EL", "-mabi=lp64", "-o", "/tmp/ccC0L914.o", "/home/runner/work/_temp/transiti"...], 0x23b18be0 /* 110 vars */) = -1 ENOENT (No such file or directory)
2993  execve("/home/runner/.dotnet/tools/as", ["as", "-EL", "-mabi=lp64", "-o", "/tmp/ccC0L914.o", "/home/runner/work/_temp/transiti"...], 0x23b18be0 /* 110 vars */) = -1 ENOENT (No such file or directory)
2993  execve("/usr/local/sbin/as", ["as", "-EL", "-mabi=lp64", "-o", "/tmp/ccC0L914.o", "/home/runner/work/_temp/transiti"...], 0x23b18be0 /* 110 vars */) = -1 ENOENT (No such file or directory)
2993  execve("/usr/local/bin/as", ["as", "-EL", "-mabi=lp64", "-o", "/tmp/ccC0L914.o", "/home/runner/work/_temp/transiti"...], 0x23b18be0 /* 110 vars */) = -1 ENOENT (No such file or directory)
2993  execve("/usr/sbin/as", ["as", "-EL", "-mabi=lp64", "-o", "/tmp/ccC0L914.o", "/home/runner/work/_temp/transiti"...], 0x23b18be0 /* 110 vars */) = -1 ENOENT (No such file or directory)
2993  execve("/usr/bin/as", ["as", "-EL", "-mabi=lp64", "-o", "/tmp/ccC0L914.o", "/home/runner/work/_temp/transiti"...], 0x23b18be0 /* 110 vars */ <unfinished ...>
2992  <... clone resumed>)              = 2993
2993  <... execve resumed>)             = 0
2992  wait4(2993,  <unfinished ...>
2993  exit_group(0)                     = ?
2993  +++ exited with 0 +++
2992  <... wait4 resumed>[{WIFEXITED(s) && WEXITSTATUS(s) == 0}], 0, NULL) = 2993
2992  --- SIGCHLD {si_signo=SIGCHLD, si_code=CLD_EXITED, si_pid=2993, si_uid=1001, si_status=0, si_utime=7 /* 0.07 s */, si_stime=1 /* 0.01 s */} ---
2992  clone(child_stack=0xffffdb7b6770, flags=CLONE_VM|CLONE_VFORK|SIGCHLD <unfinished ...>
2994  execve("/usr/libexec/gcc/aarch64-linux-gnu/13/collect2", ["/usr/libexec/gcc/aarch64-linux-g"..., "-plugin", "/usr/libexec/gcc/aarch64-linux-g"..., "-plugin-opt=/usr/libexec/gcc/aar"..., "-plugin-opt=-fresolution=/tmp/cc"..., "-plugin-opt=-pass-through=-lgcc", "-plugin-opt=-pass-through=-lgcc_"..., "-plugin-opt=-pass-through=-lc", "-plugin-opt=-pass-through=-lgcc", "-plugin-opt=-pass-through=-lgcc_"..., "--build-id", "--eh-frame-hdr", "--hash-style=gnu", "--as-needed", "-dynamic-linker", "/lib/ld-linux-aarch64.so.1", "-X", "-EL", "-maarch64linux", "--fix-cortex-a53-843419", "-pie", "-z", "now", "-z", "relro", "-o", "/home/runner/work/_temp/transiti"..., "/usr/lib/gcc/aarch64-linux-gnu/1"..., "/usr/lib/gcc/aarch64-linux-gnu/1"..., "/usr/lib/gcc/aarch64-linux-gnu/1"..., "-L/usr/lib/gcc/aarch64-linux-gnu"..., "-L/usr/lib/gcc/aarch64-linux-gnu"..., ...], 0x23b19350 /* 112 vars */ <unfinished ...>
2992  <... clone resumed>)              = 2994
2994  <... execve resumed>)             = 0
2992  wait4(2994,  <unfinished ...>
2994  clone(child_stack=0xffffee0a4620, flags=CLONE_VM|CLONE_VFORK|SIGCHLD <unfinished ...>
2995  execve("/usr/bin/ld", ["/usr/bin/ld", "-plugin", "/usr/libexec/gcc/aarch64-linux-g"..., "-plugin-opt=/usr/libexec/gcc/aar"..., "-plugin-opt=-fresolution=/tmp/cc"..., "-plugin-opt=-pass-through=-lgcc", "-plugin-opt=-pass-through=-lgcc_"..., "-plugin-opt=-pass-through=-lc", "-plugin-opt=-pass-through=-lgcc", "-plugin-opt=-pass-through=-lgcc_"..., "--build-id", "--eh-frame-hdr", "--hash-style=gnu", "--as-needed", "-dynamic-linker", "/lib/ld-linux-aarch64.so.1", "-X", "-EL", "-maarch64linux", "--fix-cortex-a53-843419", "-pie", "-z", "now", "-z", "relro", "-o", "/home/runner/work/_temp/transiti"..., "/usr/lib/gcc/aarch64-linux-gnu/1"..., "/usr/lib/gcc/aarch64-linux-gnu/1"..., "/usr/lib/gcc/aarch64-linux-gnu/1"..., "-L/usr/lib/gcc/aarch64-linux-gnu"..., "-L/usr/lib/gcc/aarch64-linux-gnu"..., ...], 0xffffee0a4cd0 /* 112 vars */ <unfinished ...>
2994  <... clone resumed>)              = 2995
2995  <... execve resumed>)             = 0
2994  wait4(2995,  <unfinished ...>
2995  exit_group(0)                     = ?
2995  +++ exited with 0 +++
2994  <... wait4 resumed>[{WIFEXITED(s) && WEXITSTATUS(s) == 0}], 0, NULL) = 2995
2994  --- SIGCHLD {si_signo=SIGCHLD, si_code=CLD_EXITED, si_pid=2995, si_uid=1001, si_status=0, si_utime=1 /* 0.01 s */, si_stime=1 /* 0.01 s */} ---
2994  exit_group(0)                     = ?
2994  +++ exited with 0 +++
2992  <... wait4 resumed>[{WIFEXITED(s) && WEXITSTATUS(s) == 0}], 0, NULL) = 2994
2992  --- SIGCHLD {si_signo=SIGCHLD, si_code=CLD_EXITED, si_pid=2994, si_uid=1001, si_status=0, si_utime=0, si_stime=0} ---
2992  exit_group(0)                     = ?
2992  +++ exited with 0 +++
2990  <... wait4 resumed>[{WIFEXITED(s) && WEXITSTATUS(s) == 0}], 0, NULL) = 2992
2990  --- SIGCHLD {si_signo=SIGCHLD, si_code=CLD_EXITED, si_pid=2992, si_uid=1001, si_status=0, si_utime=0, si_stime=0} ---
2990  exit_group(0)                     = ?
2990  +++ exited with 0 +++
