+ repo=/repo
+ run=/run
+ entry=/repo/compiler/gate4/src/compiler.trb
+ representative=/repo/compiler/gate4/conformance/file-root/main.trb
+ float_conformance=/repo/compiler/gate4/conformance/valid/float-scalars.trb
+ float_kernel=/repo/corpus/gate6i/float-kernel/src/main.trb
+ qbe=/usr/local/bin/qbe
+ cc=/usr/bin/cc
+ uname -a
Linux f91739bd0281 7.0.12-linuxkit #1 SMP PREEMPT Wed Aug 12 20:18:49 UTC 2026 aarch64 GNU/Linux
+ cat /etc/os-release
PRETTY_NAME="Debian GNU/Linux 12 (bookworm)"
NAME="Debian GNU/Linux"
VERSION_ID="12"
VERSION="12 (bookworm)"
VERSION_CODENAME=bookworm
ID=debian
HOME_URL="https://www.debian.org/"
SUPPORT_URL="https://www.debian.org/support"
BUG_REPORT_URL="https://bugs.debian.org/"
+ getconf _NPROCESSORS_ONLN
10
+ getconf _PHYS_PAGES
4088336
+ getconf PAGE_SIZE
4096
+ /usr/bin/cc --version
cc (Debian 12.2.0-14+deb12u1) 12.2.0
Copyright (C) 2022 Free Software Foundation, Inc.
This is free software; see the source for copying conditions.  There is NO
warranty; not even for MERCHANTABILITY or FITNESS FOR A PARTICULAR PURPOSE.

/usr/local/bin/qbe [OPTIONS] {file.ssa, -}
	-h          prints this help
	-o file     output to file
	-t <target> generate for a target among:
	            amd64_sysv, amd64_apple, amd64_win, arm64 (default), arm64_apple, rv64
	-d <flags>  dump debug information
+ /usr/local/bin/qbe -h
+ sha256sum /usr/local/bin/qbe
7da10dfca9072976f564806c45b44c8a653d83e7e27a646ce2d3114804d2195c  /usr/local/bin/qbe
+ cp /usr/local/share/gate6d-packages.txt /run/package-inventory.txt
+ wc -l /run/package-inventory.txt
166 /run/package-inventory.txt
+ sha256sum /run/package-inventory.txt
1bd5e28921141a78d3d103f6c3e9f7b82625967866de868685526d67199f16d1  /run/package-inventory.txt
+ sha256sum /run/b1.ssa
+ cut -d   -f 1
+ test da3ba99a19f023c8d227a58e77d748ce77e64bfc650d0963aefb3f1512d4217e = da3ba99a19f023c8d227a58e77d748ce77e64bfc650d0963aefb3f1512d4217e
+ sha256sum /run/float-conformance-darwin.ssa
+ cut -d   -f 1
+ test 5644fe251dd49027848fc191d811532b3f37c4a6a5f146beec66c5f7bb131245 = 5644fe251dd49027848fc191d811532b3f37c4a6a5f146beec66c5f7bb131245
+ sha256sum /run/float-kernel-darwin.ssa
+ cut -d   -f 1
+ test 828a9c092f157402aa48d42c81bb3774b19a9945e0bfe1b88cf35fc82873a3fb = 828a9c092f157402aa48d42c81bb3774b19a9945e0bfe1b88cf35fc82873a3fb
+ /usr/local/bin/qbe -t arm64 -o /run/b1.s /run/b1.ssa
+ /usr/bin/cc /run/b1.s -Wl,--gc-sections,--strip-all -o /run/b1
+ mkdir -p /run/b2 /run/b3 /run/b4 /run/representative /run/representative-repeat /run/float-conformance /run/float-conformance-repeat /run/float-kernel /run/float-kernel-repeat /run/trace
+ /run/b1 check /repo/compiler/gate4/src/compiler.trb
ok
+ /run/b1 build /repo/compiler/gate4/src/compiler.trb --output /run/b2/compiler --qbe /usr/local/bin/qbe --cc /usr/bin/cc --target linux-arm64-v0
+ /run/b2/compiler check /repo/compiler/gate4/src/compiler.trb
ok
+ /run/b2/compiler build /repo/compiler/gate4/src/compiler.trb --output /run/b3/compiler --qbe /usr/local/bin/qbe --cc /usr/bin/cc --target linux-arm64-v0
+ /run/b3/compiler check /repo/compiler/gate4/src/compiler.trb
ok
+ /run/b3/compiler build /repo/compiler/gate4/src/compiler.trb --output /run/b4/compiler --qbe /usr/local/bin/qbe --cc /usr/bin/cc --target linux-arm64-v0
+ /run/b4/compiler check /repo/compiler/gate4/src/compiler.trb
ok
+ cmp /run/b1 /run/b2/compiler
+ cmp /run/b2/compiler /run/b3/compiler
+ cmp /run/b3/compiler /run/b4/compiler
+ /run/b4/compiler emit-qbe /repo/compiler/gate4/src/compiler.trb
+ cmp /run/b1.ssa /run/b4.ssa
+ /run/b4/compiler check /repo/compiler/gate4/conformance/file-root/main.trb
ok
+ /run/b4/compiler build /repo/compiler/gate4/conformance/file-root/main.trb --output /run/representative/program --qbe /usr/local/bin/qbe --cc /usr/bin/cc --target linux-arm64-v0
+ /run/b4/compiler build /repo/compiler/gate4/conformance/file-root/main.trb --output /run/representative-repeat/program --qbe /usr/local/bin/qbe --cc /usr/bin/cc --target linux-arm64-v0
+ cmp /run/representative/program /run/representative-repeat/program
+ /run/representative/program
+ cat /run/representative.stdout
+ test file-root-ok = file-root-ok
+ sha256sum /run/representative/program
+ cut -d   -f 1
+ test 6f27705eca2c8666951503b082dc1d05600808d81ecab66b2ac4419ac3ea7073 = 6f27705eca2c8666951503b082dc1d05600808d81ecab66b2ac4419ac3ea7073
+ /run/b4/compiler check /repo/compiler/gate4/conformance/valid/float-scalars.trb
ok
+ /run/b4/compiler emit-qbe /repo/compiler/gate4/conformance/valid/float-scalars.trb
+ cmp /run/float-conformance-darwin.ssa /run/float-conformance-linux.ssa
+ /run/b4/compiler build /repo/compiler/gate4/conformance/valid/float-scalars.trb --output /run/float-conformance/program --qbe /usr/local/bin/qbe --cc /usr/bin/cc --target linux-arm64-v0
+ /run/b4/compiler build /repo/compiler/gate4/conformance/valid/float-scalars.trb --output /run/float-conformance-repeat/program --qbe /usr/local/bin/qbe --cc /usr/bin/cc --target linux-arm64-v0
+ cmp /run/float-conformance/program /run/float-conformance-repeat/program
+ /run/float-conformance/program
+ cat /run/float-conformance.stdout
+ test float-scalars-ok = float-scalars-ok
+ /run/b4/compiler check /repo/corpus/gate6i/float-kernel/src/main.trb
ok
+ /run/b4/compiler emit-qbe /repo/corpus/gate6i/float-kernel/src/main.trb
+ cmp /run/float-kernel-darwin.ssa /run/float-kernel-linux.ssa
+ /run/b4/compiler build /repo/corpus/gate6i/float-kernel/src/main.trb --output /run/float-kernel/program --qbe /usr/local/bin/qbe --cc /usr/bin/cc --target linux-arm64-v0
+ /run/b4/compiler build /repo/corpus/gate6i/float-kernel/src/main.trb --output /run/float-kernel-repeat/program --qbe /usr/local/bin/qbe --cc /usr/bin/cc --target linux-arm64-v0
+ cmp /run/float-kernel/program /run/float-kernel-repeat/program
+ /run/float-kernel/program
+ cat /run/float-kernel.stdout
+ test float-kernel-ok = float-kernel-ok
+ set +e
+ /run/b4/compiler check /repo/compiler/gate4/conformance/invalid/float-overflow.source
+ actual=TRBN4004:2:Float literal is outside the finite binary64 range
+ status=1
+ set -e
+ test 1 = 1
+ cat /repo/compiler/gate4/conformance/invalid/float-overflow.diag
+ test TRBN4004:2:Float literal is outside the finite binary64 range = TRBN4004:2:Float literal is outside the finite binary64 range
+ set +e
+ /run/b4/compiler check /repo/compiler/gate4/conformance/invalid/float-narrowing.source
+ actual=TRBN4004:2:expected Integer, found Float
+ status=1
+ set -e
+ test 1 = 1
+ cat /repo/compiler/gate4/conformance/invalid/float-narrowing.diag
+ test TRBN4004:2:expected Integer, found Float = TRBN4004:2:expected Integer, found Float
+ set +e
+ /run/b4/compiler check /repo/compiler/gate4/conformance/invalid/float-remainder.source
+ actual=TRBN4004:2:unsupported operator % for Float
+ status=1
+ set -e
+ test 1 = 1
+ cat /repo/compiler/gate4/conformance/invalid/float-remainder.diag
+ test TRBN4004:2:unsupported operator % for Float = TRBN4004:2:unsupported operator % for Float
+ set +e
+ /run/b4/compiler check /repo/compiler/gate4/conformance/invalid/float-method.source
+ actual=TRBN4004:2:unsupported method to_s
+ status=1
+ set -e
+ test 1 = 1
+ cat /repo/compiler/gate4/conformance/invalid/float-method.diag
+ test TRBN4004:2:unsupported method to_s = TRBN4004:2:unsupported method to_s
+ set +e
+ /run/b4/compiler check /repo/compiler/gate4/conformance/invalid/float-malformed.source
+ actual=TRBN4002:2:expected an identifier
+ status=1
+ set -e
+ test 1 = 1
+ cat /repo/compiler/gate4/conformance/invalid/float-malformed.diag
+ test TRBN4002:2:expected an identifier = TRBN4002:2:expected an identifier
+ /usr/bin/strace -f -e trace=process -o /run/process.trace /run/b1 build /repo/compiler/gate4/src/compiler.trb --output /run/trace/compiler --qbe /usr/local/bin/qbe --cc /usr/bin/cc --target linux-arm64-v0
+ cmp /run/b2/compiler /run/trace/compiler
+ grep -E execve|clone|vfork|wait /run/process.trace
+ find /run -name *.trbn.* -print
+ test ! -s /run/intermediates.txt
+ stat -c %s %n /run/b1.ssa /run/b1.s /run/b1 /run/b2/compiler /run/b3/compiler /run/b4/compiler /run/representative/program /run/float-conformance-darwin.ssa /run/float-conformance-linux.ssa /run/float-conformance/program /run/float-kernel-darwin.ssa /run/float-kernel-linux.ssa /run/float-kernel/program
577294 /run/b1.ssa
909109 /run/b1.s
249944 /run/b1
249944 /run/b2/compiler
249944 /run/b3/compiler
249944 /run/b4/compiler
68568 /run/representative/program
25262 /run/float-conformance-darwin.ssa
25262 /run/float-conformance-linux.ssa
68640 /run/float-conformance/program
17060 /run/float-kernel-darwin.ssa
17060 /run/float-kernel-linux.ssa
68632 /run/float-kernel/program
+ sha256sum /repo/compiler/gate4/src/compiler.trb /repo/compiler/gate4/src/storage.trb /repo/compiler/gate4/src/path.trb /repo/compiler/gate4/conformance/valid/float-scalars.trb /repo/corpus/gate6i/float-kernel/src/main.trb
fb6b1719e545d4af1d80392c75ef03253b517e684b305459c64ef698445602dc  /repo/compiler/gate4/src/compiler.trb
d4c77fec9e5c5e8580cb0b5ee71fbd2c9c714555cbd4fd1457fcd44cc6db1f9d  /repo/compiler/gate4/src/storage.trb
6347003851071b73cb8dbf38622fcc7cf3be6abf81ea253b9aad081fb057510a  /repo/compiler/gate4/src/path.trb
12604e39c9f626bd0e1a887b3450530d2b253eeb10cf3327578390bde7c31b47  /repo/compiler/gate4/conformance/valid/float-scalars.trb
7d5125967da5a740faf62c0cc3a89d04bdaade54a475c2649d82892847e77dfe  /repo/corpus/gate6i/float-kernel/src/main.trb
+ sha256sum /run/b1.ssa /run/b1.s /run/b1 /run/b2/compiler /run/b3/compiler /run/b4/compiler /run/representative/program /run/float-conformance-darwin.ssa /run/float-conformance-linux.ssa /run/float-conformance/program /run/float-kernel-darwin.ssa /run/float-kernel-linux.ssa /run/float-kernel/program
da3ba99a19f023c8d227a58e77d748ce77e64bfc650d0963aefb3f1512d4217e  /run/b1.ssa
a50b3edb7e52ca8e2057cdd22b61976ec28f3b340cf98dba07ad61a3c7f252f5  /run/b1.s
591238c939196a834a2009a1b6c7ac3c2e99567fa538feb4f2bf2525ab793cc6  /run/b1
591238c939196a834a2009a1b6c7ac3c2e99567fa538feb4f2bf2525ab793cc6  /run/b2/compiler
591238c939196a834a2009a1b6c7ac3c2e99567fa538feb4f2bf2525ab793cc6  /run/b3/compiler
591238c939196a834a2009a1b6c7ac3c2e99567fa538feb4f2bf2525ab793cc6  /run/b4/compiler
6f27705eca2c8666951503b082dc1d05600808d81ecab66b2ac4419ac3ea7073  /run/representative/program
5644fe251dd49027848fc191d811532b3f37c4a6a5f146beec66c5f7bb131245  /run/float-conformance-darwin.ssa
5644fe251dd49027848fc191d811532b3f37c4a6a5f146beec66c5f7bb131245  /run/float-conformance-linux.ssa
14365bb6462dc7eb162164aece02ebb22657b2f8e25a8e641eaa96e67fe19a14  /run/float-conformance/program
828a9c092f157402aa48d42c81bb3774b19a9945e0bfe1b88cf35fc82873a3fb  /run/float-kernel-darwin.ssa
828a9c092f157402aa48d42c81bb3774b19a9945e0bfe1b88cf35fc82873a3fb  /run/float-kernel-linux.ssa
14ce8bf6371687d3c433fccd61a4a3356d61bc91f13a8132ef0868572c4af7f6  /run/float-kernel/program
+ file /run/b1 /run/b2/compiler /run/b3/compiler /run/b4/compiler /run/representative/program /run/float-conformance/program /run/float-kernel/program
/run/b1:                        ELF 64-bit LSB pie executable, ARM aarch64, version 1 (SYSV), dynamically linked, interpreter /lib/ld-linux-aarch64.so.1, BuildID[sha1]=7b9fc6ea66440ee98b08e858b197dcd171e7bb0d, for GNU/Linux 3.7.0, stripped
/run/b2/compiler:               ELF 64-bit LSB pie executable, ARM aarch64, version 1 (SYSV), dynamically linked, interpreter /lib/ld-linux-aarch64.so.1, BuildID[sha1]=7b9fc6ea66440ee98b08e858b197dcd171e7bb0d, for GNU/Linux 3.7.0, stripped
/run/b3/compiler:               ELF 64-bit LSB pie executable, ARM aarch64, version 1 (SYSV), dynamically linked, interpreter /lib/ld-linux-aarch64.so.1, BuildID[sha1]=7b9fc6ea66440ee98b08e858b197dcd171e7bb0d, for GNU/Linux 3.7.0, stripped
/run/b4/compiler:               ELF 64-bit LSB pie executable, ARM aarch64, version 1 (SYSV), dynamically linked, interpreter /lib/ld-linux-aarch64.so.1, BuildID[sha1]=7b9fc6ea66440ee98b08e858b197dcd171e7bb0d, for GNU/Linux 3.7.0, stripped
/run/representative/program:    ELF 64-bit LSB pie executable, ARM aarch64, version 1 (SYSV), dynamically linked, interpreter /lib/ld-linux-aarch64.so.1, BuildID[sha1]=c3f011044b9116d34369da7847ebe579d940bc3b, for GNU/Linux 3.7.0, stripped
/run/float-conformance/program: ELF 64-bit LSB pie executable, ARM aarch64, version 1 (SYSV), dynamically linked, interpreter /lib/ld-linux-aarch64.so.1, BuildID[sha1]=af2c8ed1e15ae1aaee7bcec65f463933e587ee76, for GNU/Linux 3.7.0, stripped
/run/float-kernel/program:      ELF 64-bit LSB pie executable, ARM aarch64, version 1 (SYSV), dynamically linked, interpreter /lib/ld-linux-aarch64.so.1, BuildID[sha1]=fea87a9100a10fae8e99ec438df60e2cbdbef40f, for GNU/Linux 3.7.0, stripped
+ readelf -l /run/b4/compiler

Elf file type is DYN (Position-Independent Executable file)
Entry point 0xd80
There are 9 program headers, starting at offset 64

Program Headers:
  Type           Offset             VirtAddr           PhysAddr
                 FileSiz            MemSiz              Flags  Align
  PHDR           0x0000000000000040 0x0000000000000040 0x0000000000000040
                 0x00000000000001f8 0x00000000000001f8  R      0x8
  INTERP         0x0000000000000238 0x0000000000000238 0x0000000000000238
                 0x000000000000001b 0x000000000000001b  R      0x1
      [Requesting program interpreter: /lib/ld-linux-aarch64.so.1]
  LOAD           0x0000000000000000 0x0000000000000000 0x0000000000000000
                 0x0000000000020654 0x0000000000020654  R E    0x10000
  LOAD           0x000000000002fdc8 0x000000000003fdc8 0x000000000003fdc8
                 0x000000000000caf8 0x000000000000d300  RW     0x10000
  DYNAMIC        0x000000000002fdd8 0x000000000003fdd8 0x000000000003fdd8
                 0x00000000000001e0 0x00000000000001e0  RW     0x8
  NOTE           0x0000000000000254 0x0000000000000254 0x0000000000000254
                 0x0000000000000044 0x0000000000000044  R      0x4
  GNU_EH_FRAME   0x0000000000020590 0x0000000000020590 0x0000000000020590
                 0x0000000000000034 0x0000000000000034  R      0x4
  GNU_STACK      0x0000000000000000 0x0000000000000000 0x0000000000000000
                 0x0000000000000000 0x0000000000000000  RW     0x10
  GNU_RELRO      0x000000000002fdc8 0x000000000003fdc8 0x000000000003fdc8
                 0x0000000000000238 0x0000000000000238  R      0x1

 Section to Segment mapping:
  Segment Sections...
   00     
   01     .interp 
   02     .interp .note.gnu.build-id .note.ABI-tag .gnu.hash .dynsym .dynstr .gnu.version .gnu.version_r .rela.dyn .rela.plt .init .plt .text .fini .eh_frame_hdr .eh_frame 
   03     .init_array .fini_array .dynamic .got .got.plt .data .bss 
   04     .dynamic 
   05     .note.gnu.build-id .note.ABI-tag 
   06     .eh_frame_hdr 
   07     
   08     .init_array .fini_array .dynamic .got 
+ readelf -d /run/b4/compiler

Dynamic section at offset 0x2fdd8 contains 26 entries:
  Tag        Type                         Name/Value
 0x0000000000000001 (NEEDED)             Shared library: [libc.so.6]
 0x000000000000000c (INIT)               0xb68
 0x000000000000000d (FINI)               0x2057c
 0x0000000000000019 (INIT_ARRAY)         0x3fdc8
 0x000000000000001b (INIT_ARRAYSZ)       8 (bytes)
 0x000000000000001a (FINI_ARRAY)         0x3fdd0
 0x000000000000001c (FINI_ARRAYSZ)       8 (bytes)
 0x000000006ffffef5 (GNU_HASH)           0x298
 0x0000000000000005 (STRTAB)             0x600
 0x0000000000000006 (SYMTAB)             0x2b8
 0x000000000000000a (STRSZ)              304 (bytes)
 0x000000000000000b (SYMENT)             24 (bytes)
 0x0000000000000015 (DEBUG)              0x0
 0x0000000000000003 (PLTGOT)             0x3ffe8
 0x0000000000000002 (PLTRELSZ)           720 (bytes)
 0x0000000000000014 (PLTREL)             RELA
 0x0000000000000017 (JMPREL)             0x898
 0x0000000000000007 (RELA)               0x7a8
 0x0000000000000008 (RELASZ)             240 (bytes)
 0x0000000000000009 (RELAENT)            24 (bytes)
 0x000000006ffffffb (FLAGS_1)            Flags: PIE
 0x000000006ffffffe (VERNEED)            0x778
 0x000000006fffffff (VERNEEDNUM)         1
 0x000000006ffffff0 (VERSYM)             0x730
 0x000000006ffffff9 (RELACOUNT)          6
 0x0000000000000000 (NULL)               0x0
+ readelf -l /run/representative/program

Elf file type is DYN (Position-Independent Executable file)
Entry point 0xbc0
There are 9 program headers, starting at offset 64

Program Headers:
  Type           Offset             VirtAddr           PhysAddr
                 FileSiz            MemSiz              Flags  Align
  PHDR           0x0000000000000040 0x0000000000000040 0x0000000000000040
                 0x00000000000001f8 0x00000000000001f8  R      0x8
  INTERP         0x0000000000000238 0x0000000000000238 0x0000000000000238
                 0x000000000000001b 0x000000000000001b  R      0x1
      [Requesting program interpreter: /lib/ld-linux-aarch64.so.1]
  LOAD           0x0000000000000000 0x0000000000000000 0x0000000000000000
                 0x0000000000001f24 0x0000000000001f24  R E    0x10000
  LOAD           0x000000000000fdc8 0x000000000001fdc8 0x000000000001fdc8
                 0x0000000000000678 0x0000000000000e80  RW     0x10000
  DYNAMIC        0x000000000000fdd8 0x000000000001fdd8 0x000000000001fdd8
                 0x00000000000001e0 0x00000000000001e0  RW     0x8
  NOTE           0x0000000000000254 0x0000000000000254 0x0000000000000254
                 0x0000000000000044 0x0000000000000044  R      0x4
  GNU_EH_FRAME   0x0000000000001e60 0x0000000000001e60 0x0000000000001e60
                 0x0000000000000034 0x0000000000000034  R      0x4
  GNU_STACK      0x0000000000000000 0x0000000000000000 0x0000000000000000
                 0x0000000000000000 0x0000000000000000  RW     0x10
  GNU_RELRO      0x000000000000fdc8 0x000000000001fdc8 0x000000000001fdc8
                 0x0000000000000238 0x0000000000000238  R      0x1

 Section to Segment mapping:
  Segment Sections...
   00     
   01     .interp 
   02     .interp .note.gnu.build-id .note.ABI-tag .gnu.hash .dynsym .dynstr .gnu.version .gnu.version_r .rela.dyn .rela.plt .init .plt .text .fini .eh_frame_hdr .eh_frame 
   03     .init_array .fini_array .dynamic .got .got.plt .data .bss 
   04     .dynamic 
   05     .note.gnu.build-id .note.ABI-tag 
   06     .eh_frame_hdr 
   07     
   08     .init_array .fini_array .dynamic .got 
+ readelf -d /run/representative/program

Dynamic section at offset 0xfdd8 contains 26 entries:
  Tag        Type                         Name/Value
 0x0000000000000001 (NEEDED)             Shared library: [libc.so.6]
 0x000000000000000c (INIT)               0x9e8
 0x000000000000000d (FINI)               0x1e4c
 0x0000000000000019 (INIT_ARRAY)         0x1fdc8
 0x000000000000001b (INIT_ARRAYSZ)       8 (bytes)
 0x000000000000001a (FINI_ARRAY)         0x1fdd0
 0x000000000000001c (FINI_ARRAYSZ)       8 (bytes)
 0x000000006ffffef5 (GNU_HASH)           0x298
 0x0000000000000005 (STRTAB)             0x558
 0x0000000000000006 (SYMTAB)             0x2b8
 0x000000000000000a (STRSZ)              266 (bytes)
 0x000000000000000b (SYMENT)             24 (bytes)
 0x0000000000000015 (DEBUG)              0x0
 0x0000000000000003 (PLTGOT)             0x1ffe8
 0x0000000000000002 (PLTRELSZ)           552 (bytes)
 0x0000000000000014 (PLTREL)             RELA
 0x0000000000000017 (JMPREL)             0x7c0
 0x0000000000000007 (RELA)               0x6d0
 0x0000000000000008 (RELASZ)             240 (bytes)
 0x0000000000000009 (RELAENT)            24 (bytes)
 0x000000006ffffffb (FLAGS_1)            Flags: PIE
 0x000000006ffffffe (VERNEED)            0x6a0
 0x000000006fffffff (VERNEEDNUM)         1
 0x000000006ffffff0 (VERSYM)             0x662
 0x000000006ffffff9 (RELACOUNT)          6
 0x0000000000000000 (NULL)               0x0
+ readelf -l /run/float-conformance/program

Elf file type is DYN (Position-Independent Executable file)
Entry point 0xbc0
There are 9 program headers, starting at offset 64

Program Headers:
  Type           Offset             VirtAddr           PhysAddr
                 FileSiz            MemSiz              Flags  Align
  PHDR           0x0000000000000040 0x0000000000000040 0x0000000000000040
                 0x00000000000001f8 0x00000000000001f8  R      0x8
  INTERP         0x0000000000000238 0x0000000000000238 0x0000000000000238
                 0x000000000000001b 0x000000000000001b  R      0x1
      [Requesting program interpreter: /lib/ld-linux-aarch64.so.1]
  LOAD           0x0000000000000000 0x0000000000000000 0x0000000000000000
                 0x0000000000001d84 0x0000000000001d84  R E    0x10000
  LOAD           0x000000000000fdc8 0x000000000001fdc8 0x000000000001fdc8
                 0x0000000000000678 0x0000000000000e80  RW     0x10000
  DYNAMIC        0x000000000000fdd8 0x000000000001fdd8 0x000000000001fdd8
                 0x00000000000001e0 0x00000000000001e0  RW     0x8
  NOTE           0x0000000000000254 0x0000000000000254 0x0000000000000254
                 0x0000000000000044 0x0000000000000044  R      0x4
  GNU_EH_FRAME   0x0000000000001cc0 0x0000000000001cc0 0x0000000000001cc0
                 0x0000000000000034 0x0000000000000034  R      0x4
  GNU_STACK      0x0000000000000000 0x0000000000000000 0x0000000000000000
                 0x0000000000000000 0x0000000000000000  RW     0x10
  GNU_RELRO      0x000000000000fdc8 0x000000000001fdc8 0x000000000001fdc8
                 0x0000000000000238 0x0000000000000238  R      0x1

 Section to Segment mapping:
  Segment Sections...
   00     
   01     .interp 
   02     .interp .note.gnu.build-id .note.ABI-tag .gnu.hash .dynsym .dynstr .gnu.version .gnu.version_r .rela.dyn .rela.plt .init .plt .text .fini .rodata .eh_frame_hdr .eh_frame 
   03     .init_array .fini_array .dynamic .got .got.plt .data .bss 
   04     .dynamic 
   05     .note.gnu.build-id .note.ABI-tag 
   06     .eh_frame_hdr 
   07     
   08     .init_array .fini_array .dynamic .got 
+ readelf -d /run/float-conformance/program

Dynamic section at offset 0xfdd8 contains 26 entries:
  Tag        Type                         Name/Value
 0x0000000000000001 (NEEDED)             Shared library: [libc.so.6]
 0x000000000000000c (INIT)               0x9e8
 0x000000000000000d (FINI)               0x1c7c
 0x0000000000000019 (INIT_ARRAY)         0x1fdc8
 0x000000000000001b (INIT_ARRAYSZ)       8 (bytes)
 0x000000000000001a (FINI_ARRAY)         0x1fdd0
 0x000000000000001c (FINI_ARRAYSZ)       8 (bytes)
 0x000000006ffffef5 (GNU_HASH)           0x298
 0x0000000000000005 (STRTAB)             0x558
 0x0000000000000006 (SYMTAB)             0x2b8
 0x000000000000000a (STRSZ)              266 (bytes)
 0x000000000000000b (SYMENT)             24 (bytes)
 0x0000000000000015 (DEBUG)              0x0
 0x0000000000000003 (PLTGOT)             0x1ffe8
 0x0000000000000002 (PLTRELSZ)           552 (bytes)
 0x0000000000000014 (PLTREL)             RELA
 0x0000000000000017 (JMPREL)             0x7c0
 0x0000000000000007 (RELA)               0x6d0
 0x0000000000000008 (RELASZ)             240 (bytes)
 0x0000000000000009 (RELAENT)            24 (bytes)
 0x000000006ffffffb (FLAGS_1)            Flags: PIE
 0x000000006ffffffe (VERNEED)            0x6a0
 0x000000006fffffff (VERNEEDNUM)         1
 0x000000006ffffff0 (VERSYM)             0x662
 0x000000006ffffff9 (RELACOUNT)          6
 0x0000000000000000 (NULL)               0x0
+ readelf -l /run/float-kernel/program

Elf file type is DYN (Position-Independent Executable file)
Entry point 0xbc0
There are 9 program headers, starting at offset 64

Program Headers:
  Type           Offset             VirtAddr           PhysAddr
                 FileSiz            MemSiz              Flags  Align
  PHDR           0x0000000000000040 0x0000000000000040 0x0000000000000040
                 0x00000000000001f8 0x00000000000001f8  R      0x8
  INTERP         0x0000000000000238 0x0000000000000238 0x0000000000000238
                 0x000000000000001b 0x000000000000001b  R      0x1
      [Requesting program interpreter: /lib/ld-linux-aarch64.so.1]
  LOAD           0x0000000000000000 0x0000000000000000 0x0000000000000000
                 0x0000000000001d7c 0x0000000000001d7c  R E    0x10000
  LOAD           0x000000000000fdc8 0x000000000001fdc8 0x000000000001fdc8
                 0x0000000000000670 0x0000000000000e78  RW     0x10000
  DYNAMIC        0x000000000000fdd8 0x000000000001fdd8 0x000000000001fdd8
                 0x00000000000001e0 0x00000000000001e0  RW     0x8
  NOTE           0x0000000000000254 0x0000000000000254 0x0000000000000254
                 0x0000000000000044 0x0000000000000044  R      0x4
  GNU_EH_FRAME   0x0000000000001cb8 0x0000000000001cb8 0x0000000000001cb8
                 0x0000000000000034 0x0000000000000034  R      0x4
  GNU_STACK      0x0000000000000000 0x0000000000000000 0x0000000000000000
                 0x0000000000000000 0x0000000000000000  RW     0x10
  GNU_RELRO      0x000000000000fdc8 0x000000000001fdc8 0x000000000001fdc8
                 0x0000000000000238 0x0000000000000238  R      0x1

 Section to Segment mapping:
  Segment Sections...
   00     
   01     .interp 
   02     .interp .note.gnu.build-id .note.ABI-tag .gnu.hash .dynsym .dynstr .gnu.version .gnu.version_r .rela.dyn .rela.plt .init .plt .text .fini .rodata .eh_frame_hdr .eh_frame 
   03     .init_array .fini_array .dynamic .got .got.plt .data .bss 
   04     .dynamic 
   05     .note.gnu.build-id .note.ABI-tag 
   06     .eh_frame_hdr 
   07     
   08     .init_array .fini_array .dynamic .got 
+ readelf -d /run/float-kernel/program

Dynamic section at offset 0xfdd8 contains 26 entries:
  Tag        Type                         Name/Value
 0x0000000000000001 (NEEDED)             Shared library: [libc.so.6]
 0x000000000000000c (INIT)               0x9e8
 0x000000000000000d (FINI)               0x1c4c
 0x0000000000000019 (INIT_ARRAY)         0x1fdc8
 0x000000000000001b (INIT_ARRAYSZ)       8 (bytes)
 0x000000000000001a (FINI_ARRAY)         0x1fdd0
 0x000000000000001c (FINI_ARRAYSZ)       8 (bytes)
 0x000000006ffffef5 (GNU_HASH)           0x298
 0x0000000000000005 (STRTAB)             0x558
 0x0000000000000006 (SYMTAB)             0x2b8
 0x000000000000000a (STRSZ)              266 (bytes)
 0x000000000000000b (SYMENT)             24 (bytes)
 0x0000000000000015 (DEBUG)              0x0
 0x0000000000000003 (PLTGOT)             0x1ffe8
 0x0000000000000002 (PLTRELSZ)           552 (bytes)
 0x0000000000000014 (PLTREL)             RELA
 0x0000000000000017 (JMPREL)             0x7c0
 0x0000000000000007 (RELA)               0x6d0
 0x0000000000000008 (RELASZ)             240 (bytes)
 0x0000000000000009 (RELAENT)            24 (bytes)
 0x000000006ffffffb (FLAGS_1)            Flags: PIE
 0x000000006ffffffe (VERNEED)            0x6a0
 0x000000006fffffff (VERNEEDNUM)         1
 0x000000006ffffff0 (VERSYM)             0x662
 0x000000006ffffff9 (RELACOUNT)          6
 0x0000000000000000 (NULL)               0x0
+ cat /run/representative.stdout
file-root-ok
+ cat /run/float-conformance.stdout
float-scalars-ok
+ cat /run/float-kernel.stdout
float-kernel-ok
+ cat /run/process-summary.txt
128   execve("/run/b1", ["/run/b1", "build", "/repo/compiler/gate4/src/compile"..., "--output", "/run/trace/compiler", "--qbe", "/usr/local/bin/qbe", "--cc", "/usr/bin/cc", "--target", "linux-arm64-v0"], 0xffffebfc2808 /* 6 vars */) = 0
128   clone(child_stack=NULL, flags=CLONE_CHILD_CLEARTID|CLONE_CHILD_SETTID|SIGCHLD, child_tidptr=0xffff8f313050) = 129
128   wait4(129,  <unfinished ...>
129   execve("/usr/local/bin/qbe", ["/usr/local/bin/qbe", "-t", "arm64", "-o", "/run/trace/compiler.trbn.s", "/run/trace/compiler.trbn.ssa"], 0xffffe3fa3048 /* 6 vars */) = 0
128   <... wait4 resumed>[{WIFEXITED(s) && WEXITSTATUS(s) == 0}], 0, NULL) = 129
128   clone(child_stack=NULL, flags=CLONE_CHILD_CLEARTID|CLONE_CHILD_SETTID|SIGCHLD, child_tidptr=0xffff8f313050) = 130
128   wait4(130,  <unfinished ...>
130   execve("/usr/bin/cc", ["/usr/bin/cc", "/run/trace/compiler.trbn.s", "-Wl,--gc-sections,--strip-all", "-o", "/run/trace/compiler.trbn.0GAeUp/"...], 0xffffe3fa3048 /* 6 vars */) = 0
130   clone(child_stack=0xffffe1f14e30, flags=CLONE_VM|CLONE_VFORK|SIGCHLD <unfinished ...>
131   execve("/usr/local/sbin/as", ["as", "-EL", "-mabi=lp64", "-o", "/tmp/ccihkkpn.o", "/run/trace/compiler.trbn.s"], 0x2d82f9c0 /* 9 vars */) = -1 ENOENT (No such file or directory)
131   execve("/usr/local/bin/as", ["as", "-EL", "-mabi=lp64", "-o", "/tmp/ccihkkpn.o", "/run/trace/compiler.trbn.s"], 0x2d82f9c0 /* 9 vars */) = -1 ENOENT (No such file or directory)
131   execve("/usr/sbin/as", ["as", "-EL", "-mabi=lp64", "-o", "/tmp/ccihkkpn.o", "/run/trace/compiler.trbn.s"], 0x2d82f9c0 /* 9 vars */) = -1 ENOENT (No such file or directory)
131   execve("/usr/bin/as", ["as", "-EL", "-mabi=lp64", "-o", "/tmp/ccihkkpn.o", "/run/trace/compiler.trbn.s"], 0x2d82f9c0 /* 9 vars */ <unfinished ...>
130   <... clone resumed>)              = 131
131   <... execve resumed>)             = 0
130   wait4(131,  <unfinished ...>
130   <... wait4 resumed>[{WIFEXITED(s) && WEXITSTATUS(s) == 0}], 0, NULL) = 131
130   clone(child_stack=0xffffe1f140d0, flags=CLONE_VM|CLONE_VFORK|SIGCHLD <unfinished ...>
132   execve("/usr/lib/gcc/aarch64-linux-gnu/12/collect2", ["/usr/lib/gcc/aarch64-linux-gnu/1"..., "-plugin", "/usr/lib/gcc/aarch64-linux-gnu/1"..., "-plugin-opt=/usr/lib/gcc/aarch64"..., "-plugin-opt=-fresolution=/tmp/cc"..., "-plugin-opt=-pass-through=-lgcc", "-plugin-opt=-pass-through=-lgcc_"..., "-plugin-opt=-pass-through=-lc", "-plugin-opt=-pass-through=-lgcc", "-plugin-opt=-pass-through=-lgcc_"..., "--build-id", "--eh-frame-hdr", "--hash-style=gnu", "--as-needed", "-dynamic-linker", "/lib/ld-linux-aarch64.so.1", "-X", "-EL", "-maarch64linux", "--fix-cortex-a53-843419", "-pie", "-o", "/run/trace/compiler.trbn.0GAeUp/"..., "/usr/lib/gcc/aarch64-linux-gnu/1"..., "/usr/lib/gcc/aarch64-linux-gnu/1"..., "/usr/lib/gcc/aarch64-linux-gnu/1"..., "-L/usr/lib/gcc/aarch64-linux-gnu"..., "-L/usr/lib/gcc/aarch64-linux-gnu"..., "-L/usr/lib/gcc/aarch64-linux-gnu"..., "-L/lib/aarch64-linux-gnu", "-L/lib/../lib", "-L/usr/lib/aarch64-linux-gnu", ...], 0x2d82fc90 /* 11 vars */ <unfinished ...>
130   <... clone resumed>)              = 132
132   <... execve resumed>)             = 0
130   wait4(132,  <unfinished ...>
132   clone(child_stack=0xffffeb7d3dd0, flags=CLONE_VM|CLONE_VFORK|SIGCHLD <unfinished ...>
133   execve("/usr/bin/ld", ["/usr/bin/ld", "-plugin", "/usr/lib/gcc/aarch64-linux-gnu/1"..., "-plugin-opt=/usr/lib/gcc/aarch64"..., "-plugin-opt=-fresolution=/tmp/cc"..., "-plugin-opt=-pass-through=-lgcc", "-plugin-opt=-pass-through=-lgcc_"..., "-plugin-opt=-pass-through=-lc", "-plugin-opt=-pass-through=-lgcc", "-plugin-opt=-pass-through=-lgcc_"..., "--build-id", "--eh-frame-hdr", "--hash-style=gnu", "--as-needed", "-dynamic-linker", "/lib/ld-linux-aarch64.so.1", "-X", "-EL", "-maarch64linux", "--fix-cortex-a53-843419", "-pie", "-o", "/run/trace/compiler.trbn.0GAeUp/"..., "/usr/lib/gcc/aarch64-linux-gnu/1"..., "/usr/lib/gcc/aarch64-linux-gnu/1"..., "/usr/lib/gcc/aarch64-linux-gnu/1"..., "-L/usr/lib/gcc/aarch64-linux-gnu"..., "-L/usr/lib/gcc/aarch64-linux-gnu"..., "-L/usr/lib/gcc/aarch64-linux-gnu"..., "-L/lib/aarch64-linux-gnu", "-L/lib/../lib", "-L/usr/lib/aarch64-linux-gnu", ...], 0xffffeb7d43d0 /* 11 vars */ <unfinished ...>
132   <... clone resumed>)              = 133
133   <... execve resumed>)             = 0
132   wait4(133,  <unfinished ...>
132   <... wait4 resumed>[{WIFEXITED(s) && WEXITSTATUS(s) == 0}], 0, NULL) = 133
130   <... wait4 resumed>[{WIFEXITED(s) && WEXITSTATUS(s) == 0}], 0, NULL) = 132
128   <... wait4 resumed>[{WIFEXITED(s) && WEXITSTATUS(s) == 0}], 0, NULL) = 130
