10055 execve("/home/runner/work/_temp/candidate-bootstrap-workspace/b4/compiler", ["/home/runner/work/_temp/candidat"..., "build", "/home/runner/work/type-rb-native"..., "--output", "/home/runner/work/_temp/candidat"..., "--qbe", "/home/runner/work/_temp/qbe-1.3/"..., "--cc", "/usr/bin/cc", "--target", "linux-arm64-v0"], 0xffffce1e9a28 /* 112 vars */) = 0
10055 clone(child_stack=NULL, flags=CLONE_CHILD_CLEARTID|CLONE_CHILD_SETTID|SIGCHLD, child_tidptr=0xff319243df90) = 10056
10055 wait4(10056,  <unfinished ...>
10056 execve("/home/runner/work/_temp/qbe-1.3/qbe", ["/home/runner/work/_temp/qbe-1.3/"..., "-t", "arm64", "-o", "/home/runner/work/_temp/candidat"..., "/home/runner/work/_temp/candidat"...], 0xffffc9a64688 /* 112 vars */) = 0
10056 exit_group(0)                     = ?
10056 +++ exited with 0 +++
10055 <... wait4 resumed>[{WIFEXITED(s) && WEXITSTATUS(s) == 0}], 0, NULL) = 10056
10055 --- SIGCHLD {si_signo=SIGCHLD, si_code=CLD_EXITED, si_pid=10056, si_uid=1001, si_status=0, si_utime=0, si_stime=0} ---
10055 clone(child_stack=NULL, flags=CLONE_CHILD_CLEARTID|CLONE_CHILD_SETTID|SIGCHLD, child_tidptr=0xff319243df90) = 10057
10055 wait4(10057,  <unfinished ...>
10057 execve("/usr/bin/cc", ["/usr/bin/cc", "-xassembler", "/home/runner/work/_temp/candidat"..., "-fuse-ld=lld", "-Wl,--gc-sections,--strip-all", "-lm", "-o", "/home/runner/work/_temp/candidat"...], 0xffffc9a64688 /* 112 vars */) = 0
10057 clone(child_stack=0xffffcd234260, flags=CLONE_VM|CLONE_VFORK|SIGCHLD <unfinished ...>
10058 execve("/snap/bin/as", ["as", "-EL", "-mabi=lp64", "-o", "/tmp/cccwSpt1.o", "/home/runner/work/_temp/candidat"...], 0x180282f0 /* 117 vars */) = -1 ENOENT (No such file or directory)
10058 execve("/home/runner/.local/bin/as", ["as", "-EL", "-mabi=lp64", "-o", "/tmp/cccwSpt1.o", "/home/runner/work/_temp/candidat"...], 0x180282f0 /* 117 vars */) = -1 ENOENT (No such file or directory)
10058 execve("/opt/pipx_bin/as", ["as", "-EL", "-mabi=lp64", "-o", "/tmp/cccwSpt1.o", "/home/runner/work/_temp/candidat"...], 0x180282f0 /* 117 vars */) = -1 ENOENT (No such file or directory)
10058 execve("/home/runner/.cargo/bin/as", ["as", "-EL", "-mabi=lp64", "-o", "/tmp/cccwSpt1.o", "/home/runner/work/_temp/candidat"...], 0x180282f0 /* 117 vars */) = -1 ENOENT (No such file or directory)
10058 execve("/home/runner/.config/composer/vendor/bin/as", ["as", "-EL", "-mabi=lp64", "-o", "/tmp/cccwSpt1.o", "/home/runner/work/_temp/candidat"...], 0x180282f0 /* 117 vars */) = -1 ENOENT (No such file or directory)
10058 execve("/home/runner/.dotnet/tools/as", ["as", "-EL", "-mabi=lp64", "-o", "/tmp/cccwSpt1.o", "/home/runner/work/_temp/candidat"...], 0x180282f0 /* 117 vars */) = -1 ENOENT (No such file or directory)
10058 execve("/usr/local/sbin/as", ["as", "-EL", "-mabi=lp64", "-o", "/tmp/cccwSpt1.o", "/home/runner/work/_temp/candidat"...], 0x180282f0 /* 117 vars */) = -1 ENOENT (No such file or directory)
10058 execve("/usr/local/bin/as", ["as", "-EL", "-mabi=lp64", "-o", "/tmp/cccwSpt1.o", "/home/runner/work/_temp/candidat"...], 0x180282f0 /* 117 vars */) = -1 ENOENT (No such file or directory)
10058 execve("/usr/sbin/as", ["as", "-EL", "-mabi=lp64", "-o", "/tmp/cccwSpt1.o", "/home/runner/work/_temp/candidat"...], 0x180282f0 /* 117 vars */) = -1 ENOENT (No such file or directory)
10058 execve("/usr/bin/as", ["as", "-EL", "-mabi=lp64", "-o", "/tmp/cccwSpt1.o", "/home/runner/work/_temp/candidat"...], 0x180282f0 /* 117 vars */ <unfinished ...>
10057 <... clone resumed>)              = 10058
10058 <... execve resumed>)             = 0
10057 wait4(10058,  <unfinished ...>
10058 exit_group(0)                     = ?
10058 +++ exited with 0 +++
10057 <... wait4 resumed>[{WIFEXITED(s) && WEXITSTATUS(s) == 0}], 0, NULL) = 10058
10057 --- SIGCHLD {si_signo=SIGCHLD, si_code=CLD_EXITED, si_pid=10058, si_uid=1001, si_status=0, si_utime=0, si_stime=0} ---
10057 clone(child_stack=0xffffcd2333a0, flags=CLONE_VM|CLONE_VFORK|SIGCHLD <unfinished ...>
10059 execve("/usr/libexec/gcc/aarch64-linux-gnu/13/collect2", ["/usr/libexec/gcc/aarch64-linux-g"..., "-plugin", "/usr/libexec/gcc/aarch64-linux-g"..., "-plugin-opt=/usr/libexec/gcc/aar"..., "-plugin-opt=-fresolution=/tmp/cc"..., "-plugin-opt=-pass-through=-lgcc", "-plugin-opt=-pass-through=-lgcc_"..., "-plugin-opt=-pass-through=-lc", "-plugin-opt=-pass-through=-lgcc", "-plugin-opt=-pass-through=-lgcc_"..., "--build-id", "--eh-frame-hdr", "--hash-style=gnu", "--as-needed", "-dynamic-linker", "/lib/ld-linux-aarch64.so.1", "-X", "-EL", "-maarch64linux", "--fix-cortex-a53-843419", "-pie", "-z", "now", "-fuse-ld=lld", "-z", "relro", "-o", "/home/runner/work/_temp/candidat"..., "/usr/lib/gcc/aarch64-linux-gnu/1"..., "/usr/lib/gcc/aarch64-linux-gnu/1"..., "/usr/lib/gcc/aarch64-linux-gnu/1"..., "-L/usr/lib/gcc/aarch64-linux-gnu"..., ...], 0x180289a0 /* 119 vars */ <unfinished ...>
10057 <... clone resumed>)              = 10059
10059 <... execve resumed>)             = 0
10057 wait4(10059,  <unfinished ...>
10059 clone(child_stack=0xffffc4941640, flags=CLONE_VM|CLONE_VFORK|SIGCHLD <unfinished ...>
10060 execve("/usr/bin/ld.lld", ["/usr/bin/ld.lld", "-plugin", "/usr/libexec/gcc/aarch64-linux-g"..., "-plugin-opt=/usr/libexec/gcc/aar"..., "-plugin-opt=-fresolution=/tmp/cc"..., "-plugin-opt=-pass-through=-lgcc", "-plugin-opt=-pass-through=-lgcc_"..., "-plugin-opt=-pass-through=-lc", "-plugin-opt=-pass-through=-lgcc", "-plugin-opt=-pass-through=-lgcc_"..., "--build-id", "--eh-frame-hdr", "--hash-style=gnu", "--as-needed", "-dynamic-linker", "/lib/ld-linux-aarch64.so.1", "-X", "-EL", "-maarch64linux", "--fix-cortex-a53-843419", "-pie", "-z", "now", "-z", "relro", "-o", "/home/runner/work/_temp/candidat"..., "/usr/lib/gcc/aarch64-linux-gnu/1"..., "/usr/lib/gcc/aarch64-linux-gnu/1"..., "/usr/lib/gcc/aarch64-linux-gnu/1"..., "-L/usr/lib/gcc/aarch64-linux-gnu"..., "-L/usr/lib/gcc/aarch64-linux-gnu"..., ...], 0xffffc4941d00 /* 119 vars */ <unfinished ...>
10059 <... clone resumed>)              = 10060
10060 <... execve resumed>)             = 0
10059 wait4(10060,  <unfinished ...>
10060 clone3({flags=CLONE_VM|CLONE_FS|CLONE_FILES|CLONE_SIGHAND|CLONE_THREAD|CLONE_SYSVSEM|CLONE_SETTLS|CLONE_PARENT_SETTID|CLONE_CHILD_CLEARTID, child_tid=0xff31157ff050, parent_tid=0xff31157ff050, exit_signal=0, stack=0xff31117f0000, stack_size=0x400e840, tls=0xff31157ff6c0} => {parent_tid=[10061]}, 88) = 10061
10061 clone3({flags=CLONE_VM|CLONE_FS|CLONE_FILES|CLONE_SIGHAND|CLONE_THREAD|CLONE_SYSVSEM|CLONE_SETTLS|CLONE_PARENT_SETTID|CLONE_CHILD_CLEARTID, child_tid=0xff310bfff050, parent_tid=0xff310bfff050, exit_signal=0, stack=0xff3107ff0000, stack_size=0x400e840, tls=0xff310bfff6c0} => {parent_tid=[10062]}, 88) = 10062
10061 clone3({flags=CLONE_VM|CLONE_FS|CLONE_FILES|CLONE_SIGHAND|CLONE_THREAD|CLONE_SYSVSEM|CLONE_SETTLS|CLONE_PARENT_SETTID|CLONE_CHILD_CLEARTID, child_tid=0xff3107fef050, parent_tid=0xff3107fef050, exit_signal=0, stack=0xff3103fe0000, stack_size=0x400e840, tls=0xff3107fef6c0} => {parent_tid=[10063]}, 88) = 10063
10061 clone3({flags=CLONE_VM|CLONE_FS|CLONE_FILES|CLONE_SIGHAND|CLONE_THREAD|CLONE_SYSVSEM|CLONE_SETTLS|CLONE_PARENT_SETTID|CLONE_CHILD_CLEARTID, child_tid=0xff30fbfff050, parent_tid=0xff30fbfff050, exit_signal=0, stack=0xff30f7ff0000, stack_size=0x400e840, tls=0xff30fbfff6c0} => {parent_tid=[10064]}, 88) = 10064
10063 exit(0 <unfinished ...>
10062 exit(0 <unfinished ...>
10064 exit(0 <unfinished ...>
10063 <... exit resumed>)               = ?
10060 exit_group(0 <unfinished ...>
10064 <... exit resumed>)               = ?
10062 <... exit resumed>)               = ?
10061 ???( <unfinished ...>
10060 <... exit_group resumed>)         = ?
10063 +++ exited with 0 +++
10064 +++ exited with 0 +++
10062 +++ exited with 0 +++
10061 +++ exited with 0 +++
10060 +++ exited with 0 +++
10059 <... wait4 resumed>[{WIFEXITED(s) && WEXITSTATUS(s) == 0}], 0, NULL) = 10060
10059 --- SIGCHLD {si_signo=SIGCHLD, si_code=CLD_EXITED, si_pid=10060, si_uid=1001, si_status=0, si_utime=0, si_stime=2 /* 0.02 s */} ---
10059 exit_group(0)                     = ?
10059 +++ exited with 0 +++
10057 <... wait4 resumed>[{WIFEXITED(s) && WEXITSTATUS(s) == 0}], 0, NULL) = 10059
10057 --- SIGCHLD {si_signo=SIGCHLD, si_code=CLD_EXITED, si_pid=10059, si_uid=1001, si_status=0, si_utime=0, si_stime=0} ---
10057 exit_group(0)                     = ?
10057 +++ exited with 0 +++
10055 <... wait4 resumed>[{WIFEXITED(s) && WEXITSTATUS(s) == 0}], 0, NULL) = 10057
10055 --- SIGCHLD {si_signo=SIGCHLD, si_code=CLD_EXITED, si_pid=10057, si_uid=1001, si_status=0, si_utime=0, si_stime=0} ---
10055 exit_group(0)                     = ?
10055 +++ exited with 0 +++
