5172  execve("/home/runner/work/_temp/baseline-bootstrap-workspace/b4/compiler", ["/home/runner/work/_temp/baseline"..., "build", "/home/runner/work/_temp/baseline"..., "--output", "/home/runner/work/_temp/baseline"..., "--qbe", "/home/runner/work/_temp/qbe-1.3/"..., "--cc", "/usr/bin/cc", "--target", "linux-arm64-v0"], 0xffffe470c528 /* 109 vars */) = 0
5172  clone(child_stack=NULL, flags=CLONE_CHILD_CLEARTID|CLONE_CHILD_SETTID|SIGCHLD, child_tidptr=0xffc1d67fbf90) = 5173
5172  wait4(5173,  <unfinished ...>
5173  execve("/home/runner/work/_temp/qbe-1.3/qbe", ["/home/runner/work/_temp/qbe-1.3/"..., "-t", "arm64", "-o", "/home/runner/work/_temp/baseline"..., "/home/runner/work/_temp/baseline"...], 0xfffff9aa85c8 /* 109 vars */) = 0
5173  exit_group(0)                     = ?
5173  +++ exited with 0 +++
5172  <... wait4 resumed>[{WIFEXITED(s) && WEXITSTATUS(s) == 0}], 0, NULL) = 5173
5172  --- SIGCHLD {si_signo=SIGCHLD, si_code=CLD_EXITED, si_pid=5173, si_uid=1001, si_status=0, si_utime=0, si_stime=0} ---
5172  clone(child_stack=NULL, flags=CLONE_CHILD_CLEARTID|CLONE_CHILD_SETTID|SIGCHLD, child_tidptr=0xffc1d67fbf90) = 5174
5172  wait4(5174,  <unfinished ...>
5174  execve("/usr/bin/cc", ["/usr/bin/cc", "-xassembler", "/home/runner/work/_temp/baseline"..., "-fuse-ld=lld", "-Wl,--gc-sections,--strip-all", "-lm", "-o", "/home/runner/work/_temp/baseline"...], 0xfffff9aa85c8 /* 109 vars */) = 0
5174  clone(child_stack=0xffffe3addbb0, flags=CLONE_VM|CLONE_VFORK|SIGCHLD <unfinished ...>
5175  execve("/snap/bin/as", ["as", "-EL", "-mabi=lp64", "-o", "/tmp/ccsGy5oJ.o", "/home/runner/work/_temp/baseline"...], 0x2a9a9d40 /* 114 vars */) = -1 ENOENT (No such file or directory)
5175  execve("/home/runner/.local/bin/as", ["as", "-EL", "-mabi=lp64", "-o", "/tmp/ccsGy5oJ.o", "/home/runner/work/_temp/baseline"...], 0x2a9a9d40 /* 114 vars */) = -1 ENOENT (No such file or directory)
5175  execve("/opt/pipx_bin/as", ["as", "-EL", "-mabi=lp64", "-o", "/tmp/ccsGy5oJ.o", "/home/runner/work/_temp/baseline"...], 0x2a9a9d40 /* 114 vars */) = -1 ENOENT (No such file or directory)
5175  execve("/home/runner/.cargo/bin/as", ["as", "-EL", "-mabi=lp64", "-o", "/tmp/ccsGy5oJ.o", "/home/runner/work/_temp/baseline"...], 0x2a9a9d40 /* 114 vars */) = -1 ENOENT (No such file or directory)
5175  execve("/home/runner/.config/composer/vendor/bin/as", ["as", "-EL", "-mabi=lp64", "-o", "/tmp/ccsGy5oJ.o", "/home/runner/work/_temp/baseline"...], 0x2a9a9d40 /* 114 vars */) = -1 ENOENT (No such file or directory)
5175  execve("/home/runner/.dotnet/tools/as", ["as", "-EL", "-mabi=lp64", "-o", "/tmp/ccsGy5oJ.o", "/home/runner/work/_temp/baseline"...], 0x2a9a9d40 /* 114 vars */) = -1 ENOENT (No such file or directory)
5175  execve("/usr/local/sbin/as", ["as", "-EL", "-mabi=lp64", "-o", "/tmp/ccsGy5oJ.o", "/home/runner/work/_temp/baseline"...], 0x2a9a9d40 /* 114 vars */) = -1 ENOENT (No such file or directory)
5175  execve("/usr/local/bin/as", ["as", "-EL", "-mabi=lp64", "-o", "/tmp/ccsGy5oJ.o", "/home/runner/work/_temp/baseline"...], 0x2a9a9d40 /* 114 vars */) = -1 ENOENT (No such file or directory)
5175  execve("/usr/sbin/as", ["as", "-EL", "-mabi=lp64", "-o", "/tmp/ccsGy5oJ.o", "/home/runner/work/_temp/baseline"...], 0x2a9a9d40 /* 114 vars */) = -1 ENOENT (No such file or directory)
5175  execve("/usr/bin/as", ["as", "-EL", "-mabi=lp64", "-o", "/tmp/ccsGy5oJ.o", "/home/runner/work/_temp/baseline"...], 0x2a9a9d40 /* 114 vars */ <unfinished ...>
5174  <... clone resumed>)              = 5175
5175  <... execve resumed>)             = 0
5174  wait4(5175,  <unfinished ...>
5175  exit_group(0)                     = ?
5175  +++ exited with 0 +++
5174  <... wait4 resumed>[{WIFEXITED(s) && WEXITSTATUS(s) == 0}], 0, NULL) = 5175
5174  --- SIGCHLD {si_signo=SIGCHLD, si_code=CLD_EXITED, si_pid=5175, si_uid=1001, si_status=0, si_utime=0, si_stime=0} ---
5174  clone(child_stack=0xffffe3adccf0, flags=CLONE_VM|CLONE_VFORK|SIGCHLD <unfinished ...>
5176  execve("/usr/libexec/gcc/aarch64-linux-gnu/13/collect2", ["/usr/libexec/gcc/aarch64-linux-g"..., "-plugin", "/usr/libexec/gcc/aarch64-linux-g"..., "-plugin-opt=/usr/libexec/gcc/aar"..., "-plugin-opt=-fresolution=/tmp/cc"..., "-plugin-opt=-pass-through=-lgcc", "-plugin-opt=-pass-through=-lgcc_"..., "-plugin-opt=-pass-through=-lc", "-plugin-opt=-pass-through=-lgcc", "-plugin-opt=-pass-through=-lgcc_"..., "--build-id", "--eh-frame-hdr", "--hash-style=gnu", "--as-needed", "-dynamic-linker", "/lib/ld-linux-aarch64.so.1", "-X", "-EL", "-maarch64linux", "--fix-cortex-a53-843419", "-pie", "-z", "now", "-fuse-ld=lld", "-z", "relro", "-o", "/home/runner/work/_temp/baseline"..., "/usr/lib/gcc/aarch64-linux-gnu/1"..., "/usr/lib/gcc/aarch64-linux-gnu/1"..., "/usr/lib/gcc/aarch64-linux-gnu/1"..., "-L/usr/lib/gcc/aarch64-linux-gnu"..., ...], 0x2a9aa560 /* 116 vars */ <unfinished ...>
5174  <... clone resumed>)              = 5176
5176  <... execve resumed>)             = 0
5174  wait4(5176,  <unfinished ...>
5176  clone(child_stack=0xffffd12ae090, flags=CLONE_VM|CLONE_VFORK|SIGCHLD <unfinished ...>
5177  execve("/usr/bin/ld.lld", ["/usr/bin/ld.lld", "-plugin", "/usr/libexec/gcc/aarch64-linux-g"..., "-plugin-opt=/usr/libexec/gcc/aar"..., "-plugin-opt=-fresolution=/tmp/cc"..., "-plugin-opt=-pass-through=-lgcc", "-plugin-opt=-pass-through=-lgcc_"..., "-plugin-opt=-pass-through=-lc", "-plugin-opt=-pass-through=-lgcc", "-plugin-opt=-pass-through=-lgcc_"..., "--build-id", "--eh-frame-hdr", "--hash-style=gnu", "--as-needed", "-dynamic-linker", "/lib/ld-linux-aarch64.so.1", "-X", "-EL", "-maarch64linux", "--fix-cortex-a53-843419", "-pie", "-z", "now", "-z", "relro", "-o", "/home/runner/work/_temp/baseline"..., "/usr/lib/gcc/aarch64-linux-gnu/1"..., "/usr/lib/gcc/aarch64-linux-gnu/1"..., "/usr/lib/gcc/aarch64-linux-gnu/1"..., "-L/usr/lib/gcc/aarch64-linux-gnu"..., "-L/usr/lib/gcc/aarch64-linux-gnu"..., ...], 0xffffd12ae750 /* 116 vars */ <unfinished ...>
5176  <... clone resumed>)              = 5177
5177  <... execve resumed>)             = 0
5176  wait4(5177,  <unfinished ...>
5177  clone3({flags=CLONE_VM|CLONE_FS|CLONE_FILES|CLONE_SIGHAND|CLONE_THREAD|CLONE_SYSVSEM|CLONE_SETTLS|CLONE_PARENT_SETTID|CLONE_CHILD_CLEARTID, child_tid=0xff40777ff050, parent_tid=0xff40777ff050, exit_signal=0, stack=0xff40737f0000, stack_size=0x400e840, tls=0xff40777ff6c0} => {parent_tid=[5178]}, 88) = 5178
5178  clone3({flags=CLONE_VM|CLONE_FS|CLONE_FILES|CLONE_SIGHAND|CLONE_THREAD|CLONE_SYSVSEM|CLONE_SETTLS|CLONE_PARENT_SETTID|CLONE_CHILD_CLEARTID, child_tid=0xff406bfff050, parent_tid=0xff406bfff050, exit_signal=0, stack=0xff4067ff0000, stack_size=0x400e840, tls=0xff406bfff6c0} => {parent_tid=[5179]}, 88) = 5179
5178  clone3({flags=CLONE_VM|CLONE_FS|CLONE_FILES|CLONE_SIGHAND|CLONE_THREAD|CLONE_SYSVSEM|CLONE_SETTLS|CLONE_PARENT_SETTID|CLONE_CHILD_CLEARTID, child_tid=0xff4067fef050, parent_tid=0xff4067fef050, exit_signal=0, stack=0xff4063fe0000, stack_size=0x400e840, tls=0xff4067fef6c0} => {parent_tid=[5180]}, 88) = 5180
5178  clone3({flags=CLONE_VM|CLONE_FS|CLONE_FILES|CLONE_SIGHAND|CLONE_THREAD|CLONE_SYSVSEM|CLONE_SETTLS|CLONE_PARENT_SETTID|CLONE_CHILD_CLEARTID, child_tid=0xff405bfff050, parent_tid=0xff405bfff050, exit_signal=0, stack=0xff4057ff0000, stack_size=0x400e840, tls=0xff405bfff6c0} => {parent_tid=[5181]}, 88) = 5181
5180  exit(0 <unfinished ...>
5179  exit(0 <unfinished ...>
5178  exit(0 <unfinished ...>
5180  <... exit resumed>)               = ?
5179  <... exit resumed>)               = ?
5177  exit_group(0 <unfinished ...>
5178  <... exit resumed>)               = ?
5180  +++ exited with 0 +++
5179  +++ exited with 0 +++
5178  +++ exited with 0 +++
5177  <... exit_group resumed>)         = ?
5181  +++ exited with 0 +++
5177  +++ exited with 0 +++
5176  <... wait4 resumed>[{WIFEXITED(s) && WEXITSTATUS(s) == 0}], 0, NULL) = 5177
5176  --- SIGCHLD {si_signo=SIGCHLD, si_code=CLD_EXITED, si_pid=5177, si_uid=1001, si_status=0, si_utime=1 /* 0.01 s */, si_stime=0} ---
5176  exit_group(0)                     = ?
5176  +++ exited with 0 +++
5174  <... wait4 resumed>[{WIFEXITED(s) && WEXITSTATUS(s) == 0}], 0, NULL) = 5176
5174  --- SIGCHLD {si_signo=SIGCHLD, si_code=CLD_EXITED, si_pid=5176, si_uid=1001, si_status=0, si_utime=0, si_stime=0} ---
5174  exit_group(0)                     = ?
5174  +++ exited with 0 +++
5172  <... wait4 resumed>[{WIFEXITED(s) && WEXITSTATUS(s) == 0}], 0, NULL) = 5174
5172  --- SIGCHLD {si_signo=SIGCHLD, si_code=CLD_EXITED, si_pid=5174, si_uid=1001, si_status=0, si_utime=0, si_stime=0} ---
5172  exit_group(0)                     = ?
5172  +++ exited with 0 +++
