9583  execve("/home/runner/work/_temp/candidate-compiler", ["/home/runner/work/_temp/candidat"..., "build", "/home/runner/work/type-rb-native"..., "--output", "/home/runner/work/_temp/build-wo"..., "--qbe", "/home/runner/work/_temp/qbe-1.3/"..., "--cc", "/usr/bin/cc", "--target", "linux-arm64-v0"], 0xffffcb53f6d8 /* 115 vars */) = 0
9583  clone(child_stack=NULL, flags=CLONE_CHILD_CLEARTID|CLONE_CHILD_SETTID|SIGCHLD, child_tidptr=0xff6735428f90) = 9584
9583  wait4(9584,  <unfinished ...>
9584  execve("/home/runner/work/_temp/qbe-1.3/qbe", ["/home/runner/work/_temp/qbe-1.3/"..., "-t", "arm64", "-o", "/home/runner/work/_temp/build-wo"..., "/home/runner/work/_temp/build-wo"...], 0xfffffb08d688 /* 115 vars */) = 0
9584  exit_group(0)                     = ?
9584  +++ exited with 0 +++
9583  <... wait4 resumed>[{WIFEXITED(s) && WEXITSTATUS(s) == 0}], 0, NULL) = 9584
9583  --- SIGCHLD {si_signo=SIGCHLD, si_code=CLD_EXITED, si_pid=9584, si_uid=1001, si_status=0, si_utime=1 /* 0.01 s */, si_stime=0} ---
9583  clone(child_stack=NULL, flags=CLONE_CHILD_CLEARTID|CLONE_CHILD_SETTID|SIGCHLD, child_tidptr=0xff6735428f90) = 9585
9583  wait4(9585,  <unfinished ...>
9585  execve("/usr/bin/cc", ["/usr/bin/cc", "-xassembler", "/home/runner/work/_temp/build-wo"..., "-fuse-ld=lld", "-Wl,--gc-sections,--strip-all", "-lm", "-o", "/home/runner/work/_temp/build-wo"...], 0xfffffb08d688 /* 115 vars */) = 0
9585  clone(child_stack=0xffffd0fec9d0, flags=CLONE_VM|CLONE_VFORK|SIGCHLD <unfinished ...>
9586  execve("/home/runner/go/bin/as", ["as", "-EL", "-mabi=lp64", "-o", "/tmp/ccnAZPC8.o", "/home/runner/work/_temp/build-wo"...], 0x328f7d80 /* 120 vars */) = -1 ENOENT (No such file or directory)
9586  execve("/opt/hostedtoolcache/go/1.27.1/arm64/bin/as", ["as", "-EL", "-mabi=lp64", "-o", "/tmp/ccnAZPC8.o", "/home/runner/work/_temp/build-wo"...], 0x328f7d80 /* 120 vars */) = -1 ENOENT (No such file or directory)
9586  execve("/snap/bin/as", ["as", "-EL", "-mabi=lp64", "-o", "/tmp/ccnAZPC8.o", "/home/runner/work/_temp/build-wo"...], 0x328f7d80 /* 120 vars */) = -1 ENOENT (No such file or directory)
9586  execve("/home/runner/.local/bin/as", ["as", "-EL", "-mabi=lp64", "-o", "/tmp/ccnAZPC8.o", "/home/runner/work/_temp/build-wo"...], 0x328f7d80 /* 120 vars */) = -1 ENOENT (No such file or directory)
9586  execve("/opt/pipx_bin/as", ["as", "-EL", "-mabi=lp64", "-o", "/tmp/ccnAZPC8.o", "/home/runner/work/_temp/build-wo"...], 0x328f7d80 /* 120 vars */) = -1 ENOENT (No such file or directory)
9586  execve("/home/runner/.cargo/bin/as", ["as", "-EL", "-mabi=lp64", "-o", "/tmp/ccnAZPC8.o", "/home/runner/work/_temp/build-wo"...], 0x328f7d80 /* 120 vars */) = -1 ENOENT (No such file or directory)
9586  execve("/home/runner/.config/composer/vendor/bin/as", ["as", "-EL", "-mabi=lp64", "-o", "/tmp/ccnAZPC8.o", "/home/runner/work/_temp/build-wo"...], 0x328f7d80 /* 120 vars */) = -1 ENOENT (No such file or directory)
9586  execve("/home/runner/.dotnet/tools/as", ["as", "-EL", "-mabi=lp64", "-o", "/tmp/ccnAZPC8.o", "/home/runner/work/_temp/build-wo"...], 0x328f7d80 /* 120 vars */) = -1 ENOENT (No such file or directory)
9586  execve("/usr/local/sbin/as", ["as", "-EL", "-mabi=lp64", "-o", "/tmp/ccnAZPC8.o", "/home/runner/work/_temp/build-wo"...], 0x328f7d80 /* 120 vars */) = -1 ENOENT (No such file or directory)
9586  execve("/usr/local/bin/as", ["as", "-EL", "-mabi=lp64", "-o", "/tmp/ccnAZPC8.o", "/home/runner/work/_temp/build-wo"...], 0x328f7d80 /* 120 vars */) = -1 ENOENT (No such file or directory)
9586  execve("/usr/sbin/as", ["as", "-EL", "-mabi=lp64", "-o", "/tmp/ccnAZPC8.o", "/home/runner/work/_temp/build-wo"...], 0x328f7d80 /* 120 vars */) = -1 ENOENT (No such file or directory)
9586  execve("/usr/bin/as", ["as", "-EL", "-mabi=lp64", "-o", "/tmp/ccnAZPC8.o", "/home/runner/work/_temp/build-wo"...], 0x328f7d80 /* 120 vars */ <unfinished ...>
9585  <... clone resumed>)              = 9586
9585  wait4(9586,  <unfinished ...>
9586  <... execve resumed>)             = 0
9586  exit_group(0)                     = ?
9586  +++ exited with 0 +++
9585  <... wait4 resumed>[{WIFEXITED(s) && WEXITSTATUS(s) == 0}], 0, NULL) = 9586
9585  --- SIGCHLD {si_signo=SIGCHLD, si_code=CLD_EXITED, si_pid=9586, si_uid=1001, si_status=0, si_utime=0, si_stime=0} ---
9585  clone(child_stack=0xffffd0febb10, flags=CLONE_VM|CLONE_VFORK|SIGCHLD <unfinished ...>
9587  execve("/usr/libexec/gcc/aarch64-linux-gnu/13/collect2", ["/usr/libexec/gcc/aarch64-linux-g"..., "-plugin", "/usr/libexec/gcc/aarch64-linux-g"..., "-plugin-opt=/usr/libexec/gcc/aar"..., "-plugin-opt=-fresolution=/tmp/cc"..., "-plugin-opt=-pass-through=-lgcc", "-plugin-opt=-pass-through=-lgcc_"..., "-plugin-opt=-pass-through=-lc", "-plugin-opt=-pass-through=-lgcc", "-plugin-opt=-pass-through=-lgcc_"..., "--build-id", "--eh-frame-hdr", "--hash-style=gnu", "--as-needed", "-dynamic-linker", "/lib/ld-linux-aarch64.so.1", "-X", "-EL", "-maarch64linux", "--fix-cortex-a53-843419", "-pie", "-z", "now", "-fuse-ld=lld", "-z", "relro", "-o", "/home/runner/work/_temp/build-wo"..., "/usr/lib/gcc/aarch64-linux-gnu/1"..., "/usr/lib/gcc/aarch64-linux-gnu/1"..., "/usr/lib/gcc/aarch64-linux-gnu/1"..., "-L/usr/lib/gcc/aarch64-linux-gnu"..., ...], 0x328f85d0 /* 122 vars */ <unfinished ...>
9585  <... clone resumed>)              = 9587
9585  wait4(9587,  <unfinished ...>
9587  <... execve resumed>)             = 0
9587  clone(child_stack=0xffffdf1e5990, flags=CLONE_VM|CLONE_VFORK|SIGCHLD <unfinished ...>
9588  execve("/usr/bin/ld.lld", ["/usr/bin/ld.lld", "-plugin", "/usr/libexec/gcc/aarch64-linux-g"..., "-plugin-opt=/usr/libexec/gcc/aar"..., "-plugin-opt=-fresolution=/tmp/cc"..., "-plugin-opt=-pass-through=-lgcc", "-plugin-opt=-pass-through=-lgcc_"..., "-plugin-opt=-pass-through=-lc", "-plugin-opt=-pass-through=-lgcc", "-plugin-opt=-pass-through=-lgcc_"..., "--build-id", "--eh-frame-hdr", "--hash-style=gnu", "--as-needed", "-dynamic-linker", "/lib/ld-linux-aarch64.so.1", "-X", "-EL", "-maarch64linux", "--fix-cortex-a53-843419", "-pie", "-z", "now", "-z", "relro", "-o", "/home/runner/work/_temp/build-wo"..., "/usr/lib/gcc/aarch64-linux-gnu/1"..., "/usr/lib/gcc/aarch64-linux-gnu/1"..., "/usr/lib/gcc/aarch64-linux-gnu/1"..., "-L/usr/lib/gcc/aarch64-linux-gnu"..., "-L/usr/lib/gcc/aarch64-linux-gnu"..., ...], 0xffffdf1e6050 /* 122 vars */ <unfinished ...>
9587  <... clone resumed>)              = 9588
9587  wait4(9588,  <unfinished ...>
9588  <... execve resumed>)             = 0
9588  clone3({flags=CLONE_VM|CLONE_FS|CLONE_FILES|CLONE_SIGHAND|CLONE_THREAD|CLONE_SYSVSEM|CLONE_SETTLS|CLONE_PARENT_SETTID|CLONE_CHILD_CLEARTID, child_tid=0xffbecd7ff050, parent_tid=0xffbecd7ff050, exit_signal=0, stack=0xffbec97f0000, stack_size=0x400e840, tls=0xffbecd7ff6c0} => {parent_tid=[9589]}, 88) = 9589
9589  clone3({flags=CLONE_VM|CLONE_FS|CLONE_FILES|CLONE_SIGHAND|CLONE_THREAD|CLONE_SYSVSEM|CLONE_SETTLS|CLONE_PARENT_SETTID|CLONE_CHILD_CLEARTID, child_tid=0xffbec3fff050, parent_tid=0xffbec3fff050, exit_signal=0, stack=0xffbebfff0000, stack_size=0x400e840, tls=0xffbec3fff6c0} => {parent_tid=[9590]}, 88) = 9590
9589  clone3({flags=CLONE_VM|CLONE_FS|CLONE_FILES|CLONE_SIGHAND|CLONE_THREAD|CLONE_SYSVSEM|CLONE_SETTLS|CLONE_PARENT_SETTID|CLONE_CHILD_CLEARTID, child_tid=0xffbebffef050, parent_tid=0xffbebffef050, exit_signal=0, stack=0xffbebbfe0000, stack_size=0x400e840, tls=0xffbebffef6c0} => {parent_tid=[9591]}, 88) = 9591
9589  clone3({flags=CLONE_VM|CLONE_FS|CLONE_FILES|CLONE_SIGHAND|CLONE_THREAD|CLONE_SYSVSEM|CLONE_SETTLS|CLONE_PARENT_SETTID|CLONE_CHILD_CLEARTID, child_tid=0xffbeb3fff050, parent_tid=0xffbeb3fff050, exit_signal=0, stack=0xffbeafff0000, stack_size=0x400e840, tls=0xffbeb3fff6c0} => {parent_tid=[9592]}, 88) = 9592
9592  exit(0 <unfinished ...>
9591  exit(0 <unfinished ...>
9590  exit(0 <unfinished ...>
9589  exit(0 <unfinished ...>
9592  <... exit resumed>)               = ?
9591  <... exit resumed>)               = ?
9590  <... exit resumed>)               = ?
9588  exit_group(0 <unfinished ...>
9589  <... exit resumed>)               = ?
9592  +++ exited with 0 +++
9591  +++ exited with 0 +++
9590  +++ exited with 0 +++
9589  +++ exited with 0 +++
9588  <... exit_group resumed>)         = ?
9588  +++ exited with 0 +++
9587  <... wait4 resumed>[{WIFEXITED(s) && WEXITSTATUS(s) == 0}], 0, NULL) = 9588
9587  --- SIGCHLD {si_signo=SIGCHLD, si_code=CLD_EXITED, si_pid=9588, si_uid=1001, si_status=0, si_utime=0, si_stime=2 /* 0.02 s */} ---
9587  exit_group(0)                     = ?
9587  +++ exited with 0 +++
9585  <... wait4 resumed>[{WIFEXITED(s) && WEXITSTATUS(s) == 0}], 0, NULL) = 9587
9585  --- SIGCHLD {si_signo=SIGCHLD, si_code=CLD_EXITED, si_pid=9587, si_uid=1001, si_status=0, si_utime=0, si_stime=0} ---
9585  exit_group(0)                     = ?
9585  +++ exited with 0 +++
9583  <... wait4 resumed>[{WIFEXITED(s) && WEXITSTATUS(s) == 0}], 0, NULL) = 9585
9583  --- SIGCHLD {si_signo=SIGCHLD, si_code=CLD_EXITED, si_pid=9585, si_uid=1001, si_status=0, si_utime=0, si_stime=0} ---
9583  exit_group(0)                     = ?
9583  +++ exited with 0 +++
