9298  execve("/home/runner/work/_temp/bootstrap-workspace/b4/compiler", ["/home/runner/work/_temp/bootstra"..., "build", "/home/runner/work/type-rb-native"..., "--output", "/home/runner/work/_temp/bootstra"..., "--qbe", "/home/runner/work/_temp/qbe-1.3/"..., "--cc", "/usr/bin/cc", "--target", "linux-arm64-v0"], 0xffffcda2ec08 /* 111 vars */) = 0
9298  clone(child_stack=NULL, flags=CLONE_CHILD_CLEARTID|CLONE_CHILD_SETTID|SIGCHLD, child_tidptr=0xff17a54d1f90) = 9299
9298  wait4(9299,  <unfinished ...>
9299  execve("/home/runner/work/_temp/qbe-1.3/qbe", ["/home/runner/work/_temp/qbe-1.3/"..., "-t", "arm64", "-o", "/home/runner/work/_temp/bootstra"..., "/home/runner/work/_temp/bootstra"...], 0xffffc76f20d8 /* 111 vars */) = 0
9299  exit_group(0)                     = ?
9299  +++ exited with 0 +++
9298  <... wait4 resumed>[{WIFEXITED(s) && WEXITSTATUS(s) == 0}], 0, NULL) = 9299
9298  --- SIGCHLD {si_signo=SIGCHLD, si_code=CLD_EXITED, si_pid=9299, si_uid=1001, si_status=0, si_utime=0, si_stime=0} ---
9298  clone(child_stack=NULL, flags=CLONE_CHILD_CLEARTID|CLONE_CHILD_SETTID|SIGCHLD, child_tidptr=0xff17a54d1f90) = 9300
9298  wait4(9300,  <unfinished ...>
9300  execve("/usr/bin/cc", ["/usr/bin/cc", "-xassembler", "/home/runner/work/_temp/bootstra"..., "-fuse-ld=lld", "-Wl,--gc-sections,--strip-all", "-lm", "-o", "/home/runner/work/_temp/bootstra"...], 0xffffc76f20d8 /* 111 vars */) = 0
9300  clone(child_stack=0xffffd1a500b0, flags=CLONE_VM|CLONE_VFORK|SIGCHLD <unfinished ...>
9301  execve("/home/runner/go/bin/as", ["as", "-EL", "-mabi=lp64", "-o", "/tmp/cclISWzd.o", "/home/runner/work/_temp/bootstra"...], 0x1f54dd50 /* 116 vars */) = -1 ENOENT (No such file or directory)
9301  execve("/opt/hostedtoolcache/go/1.27.0/arm64/bin/as", ["as", "-EL", "-mabi=lp64", "-o", "/tmp/cclISWzd.o", "/home/runner/work/_temp/bootstra"...], 0x1f54dd50 /* 116 vars */) = -1 ENOENT (No such file or directory)
9301  execve("/snap/bin/as", ["as", "-EL", "-mabi=lp64", "-o", "/tmp/cclISWzd.o", "/home/runner/work/_temp/bootstra"...], 0x1f54dd50 /* 116 vars */) = -1 ENOENT (No such file or directory)
9301  execve("/home/runner/.local/bin/as", ["as", "-EL", "-mabi=lp64", "-o", "/tmp/cclISWzd.o", "/home/runner/work/_temp/bootstra"...], 0x1f54dd50 /* 116 vars */) = -1 ENOENT (No such file or directory)
9301  execve("/opt/pipx_bin/as", ["as", "-EL", "-mabi=lp64", "-o", "/tmp/cclISWzd.o", "/home/runner/work/_temp/bootstra"...], 0x1f54dd50 /* 116 vars */) = -1 ENOENT (No such file or directory)
9301  execve("/home/runner/.cargo/bin/as", ["as", "-EL", "-mabi=lp64", "-o", "/tmp/cclISWzd.o", "/home/runner/work/_temp/bootstra"...], 0x1f54dd50 /* 116 vars */) = -1 ENOENT (No such file or directory)
9301  execve("/home/runner/.config/composer/vendor/bin/as", ["as", "-EL", "-mabi=lp64", "-o", "/tmp/cclISWzd.o", "/home/runner/work/_temp/bootstra"...], 0x1f54dd50 /* 116 vars */) = -1 ENOENT (No such file or directory)
9301  execve("/home/runner/.dotnet/tools/as", ["as", "-EL", "-mabi=lp64", "-o", "/tmp/cclISWzd.o", "/home/runner/work/_temp/bootstra"...], 0x1f54dd50 /* 116 vars */) = -1 ENOENT (No such file or directory)
9301  execve("/usr/local/sbin/as", ["as", "-EL", "-mabi=lp64", "-o", "/tmp/cclISWzd.o", "/home/runner/work/_temp/bootstra"...], 0x1f54dd50 /* 116 vars */) = -1 ENOENT (No such file or directory)
9301  execve("/usr/local/bin/as", ["as", "-EL", "-mabi=lp64", "-o", "/tmp/cclISWzd.o", "/home/runner/work/_temp/bootstra"...], 0x1f54dd50 /* 116 vars */) = -1 ENOENT (No such file or directory)
9301  execve("/usr/sbin/as", ["as", "-EL", "-mabi=lp64", "-o", "/tmp/cclISWzd.o", "/home/runner/work/_temp/bootstra"...], 0x1f54dd50 /* 116 vars */) = -1 ENOENT (No such file or directory)
9301  execve("/usr/bin/as", ["as", "-EL", "-mabi=lp64", "-o", "/tmp/cclISWzd.o", "/home/runner/work/_temp/bootstra"...], 0x1f54dd50 /* 116 vars */ <unfinished ...>
9300  <... clone resumed>)              = 9301
9301  <... execve resumed>)             = 0
9300  wait4(9301,  <unfinished ...>
9301  exit_group(0)                     = ?
9301  +++ exited with 0 +++
9300  <... wait4 resumed>[{WIFEXITED(s) && WEXITSTATUS(s) == 0}], 0, NULL) = 9301
9300  --- SIGCHLD {si_signo=SIGCHLD, si_code=CLD_EXITED, si_pid=9301, si_uid=1001, si_status=0, si_utime=0, si_stime=0} ---
9300  clone(child_stack=0xffffd1a4f1f0, flags=CLONE_VM|CLONE_VFORK|SIGCHLD <unfinished ...>
9302  execve("/usr/libexec/gcc/aarch64-linux-gnu/13/collect2", ["/usr/libexec/gcc/aarch64-linux-g"..., "-plugin", "/usr/libexec/gcc/aarch64-linux-g"..., "-plugin-opt=/usr/libexec/gcc/aar"..., "-plugin-opt=-fresolution=/tmp/cc"..., "-plugin-opt=-pass-through=-lgcc", "-plugin-opt=-pass-through=-lgcc_"..., "-plugin-opt=-pass-through=-lc", "-plugin-opt=-pass-through=-lgcc", "-plugin-opt=-pass-through=-lgcc_"..., "--build-id", "--eh-frame-hdr", "--hash-style=gnu", "--as-needed", "-dynamic-linker", "/lib/ld-linux-aarch64.so.1", "-X", "-EL", "-maarch64linux", "--fix-cortex-a53-843419", "-pie", "-z", "now", "-fuse-ld=lld", "-z", "relro", "-o", "/home/runner/work/_temp/bootstra"..., "/usr/lib/gcc/aarch64-linux-gnu/1"..., "/usr/lib/gcc/aarch64-linux-gnu/1"..., "/usr/lib/gcc/aarch64-linux-gnu/1"..., "-L/usr/lib/gcc/aarch64-linux-gnu"..., ...], 0x1f54e580 /* 118 vars */ <unfinished ...>
9300  <... clone resumed>)              = 9302
9302  <... execve resumed>)             = 0
9300  wait4(9302,  <unfinished ...>
9302  clone(child_stack=0xffffdff4da30, flags=CLONE_VM|CLONE_VFORK|SIGCHLD <unfinished ...>
9303  execve("/usr/bin/ld.lld", ["/usr/bin/ld.lld", "-plugin", "/usr/libexec/gcc/aarch64-linux-g"..., "-plugin-opt=/usr/libexec/gcc/aar"..., "-plugin-opt=-fresolution=/tmp/cc"..., "-plugin-opt=-pass-through=-lgcc", "-plugin-opt=-pass-through=-lgcc_"..., "-plugin-opt=-pass-through=-lc", "-plugin-opt=-pass-through=-lgcc", "-plugin-opt=-pass-through=-lgcc_"..., "--build-id", "--eh-frame-hdr", "--hash-style=gnu", "--as-needed", "-dynamic-linker", "/lib/ld-linux-aarch64.so.1", "-X", "-EL", "-maarch64linux", "--fix-cortex-a53-843419", "-pie", "-z", "now", "-z", "relro", "-o", "/home/runner/work/_temp/bootstra"..., "/usr/lib/gcc/aarch64-linux-gnu/1"..., "/usr/lib/gcc/aarch64-linux-gnu/1"..., "/usr/lib/gcc/aarch64-linux-gnu/1"..., "-L/usr/lib/gcc/aarch64-linux-gnu"..., "-L/usr/lib/gcc/aarch64-linux-gnu"..., ...], 0xffffdff4e0f0 /* 118 vars */ <unfinished ...>
9302  <... clone resumed>)              = 9303
9303  <... execve resumed>)             = 0
9302  wait4(9303,  <unfinished ...>
9303  clone3({flags=CLONE_VM|CLONE_FS|CLONE_FILES|CLONE_SIGHAND|CLONE_THREAD|CLONE_SYSVSEM|CLONE_SETTLS|CLONE_PARENT_SETTID|CLONE_CHILD_CLEARTID, child_tid=0xff00da7ff050, parent_tid=0xff00da7ff050, exit_signal=0, stack=0xff00d67f0000, stack_size=0x400e840, tls=0xff00da7ff6c0} => {parent_tid=[9304]}, 88) = 9304
9304  clone3({flags=CLONE_VM|CLONE_FS|CLONE_FILES|CLONE_SIGHAND|CLONE_THREAD|CLONE_SYSVSEM|CLONE_SETTLS|CLONE_PARENT_SETTID|CLONE_CHILD_CLEARTID, child_tid=0xff00cffff050, parent_tid=0xff00cffff050, exit_signal=0, stack=0xff00cbff0000, stack_size=0x400e840, tls=0xff00cffff6c0} => {parent_tid=[9305]}, 88) = 9305
9304  clone3({flags=CLONE_VM|CLONE_FS|CLONE_FILES|CLONE_SIGHAND|CLONE_THREAD|CLONE_SYSVSEM|CLONE_SETTLS|CLONE_PARENT_SETTID|CLONE_CHILD_CLEARTID, child_tid=0xff00cbfef050, parent_tid=0xff00cbfef050, exit_signal=0, stack=0xff00c7fe0000, stack_size=0x400e840, tls=0xff00cbfef6c0} => {parent_tid=[9306]}, 88) = 9306
9304  clone3({flags=CLONE_VM|CLONE_FS|CLONE_FILES|CLONE_SIGHAND|CLONE_THREAD|CLONE_SYSVSEM|CLONE_SETTLS|CLONE_PARENT_SETTID|CLONE_CHILD_CLEARTID, child_tid=0xff00bffff050, parent_tid=0xff00bffff050, exit_signal=0, stack=0xff00bbff0000, stack_size=0x400e840, tls=0xff00bffff6c0} => {parent_tid=[9307]}, 88) = 9307
9307  exit(0 <unfinished ...>
9306  exit(0 <unfinished ...>
9304  exit(0 <unfinished ...>
9307  <... exit resumed>)               = ?
9306  <... exit resumed>)               = ?
9303  exit_group(0 <unfinished ...>
9304  <... exit resumed>)               = ?
9307  +++ exited with 0 +++
9306  +++ exited with 0 +++
9303  <... exit_group resumed>)         = ?
9304  +++ exited with 0 +++
9305  +++ exited with 0 +++
9303  +++ exited with 0 +++
9302  <... wait4 resumed>[{WIFEXITED(s) && WEXITSTATUS(s) == 0}], 0, NULL) = 9303
9302  --- SIGCHLD {si_signo=SIGCHLD, si_code=CLD_EXITED, si_pid=9303, si_uid=1001, si_status=0, si_utime=0, si_stime=1 /* 0.01 s */} ---
9302  exit_group(0)                     = ?
9302  +++ exited with 0 +++
9300  <... wait4 resumed>[{WIFEXITED(s) && WEXITSTATUS(s) == 0}], 0, NULL) = 9302
9300  --- SIGCHLD {si_signo=SIGCHLD, si_code=CLD_EXITED, si_pid=9302, si_uid=1001, si_status=0, si_utime=0, si_stime=0} ---
9300  exit_group(0)                     = ?
9300  +++ exited with 0 +++
9298  <... wait4 resumed>[{WIFEXITED(s) && WEXITSTATUS(s) == 0}], 0, NULL) = 9300
9298  --- SIGCHLD {si_signo=SIGCHLD, si_code=CLD_EXITED, si_pid=9300, si_uid=1001, si_status=0, si_utime=0, si_stime=0} ---
9298  exit_group(0)                     = ?
9298  +++ exited with 0 +++
