6272  execve("/home/runner/work/_temp/release/type-rb-native-bootstrap-linux-arm64", ["/home/runner/work/_temp/release/"..., "build", "compiler/gate4/src/compiler.trb", "--output", "/home/runner/work/_temp/transiti"..., "--qbe", "/home/runner/work/_temp/qbe-1.3/"..., "--cc", "/usr/bin/cc", "--target", "linux-arm64-v0"], 0xfffffd5198a8 /* 111 vars */) = 0
6272  clone(child_stack=NULL, flags=CLONE_CHILD_CLEARTID|CLONE_CHILD_SETTID|SIGCHLD, child_tidptr=0xffb711377f90) = 6273
6272  wait4(6273,  <unfinished ...>
6273  execve("/home/runner/work/_temp/qbe-1.3/qbe", ["/home/runner/work/_temp/qbe-1.3/"..., "-t", "arm64", "-o", "/home/runner/work/_temp/transiti"..., "/home/runner/work/_temp/transiti"...], 0xffffe70bd968 /* 111 vars */) = 0
6273  exit_group(0)                     = ?
6273  +++ exited with 0 +++
6272  <... wait4 resumed>[{WIFEXITED(s) && WEXITSTATUS(s) == 0}], 0, NULL) = 6273
6272  --- SIGCHLD {si_signo=SIGCHLD, si_code=CLD_EXITED, si_pid=6273, si_uid=1001, si_status=0, si_utime=24 /* 0.24 s */, si_stime=1 /* 0.01 s */} ---
6272  clone(child_stack=NULL, flags=CLONE_CHILD_CLEARTID|CLONE_CHILD_SETTID|SIGCHLD, child_tidptr=0xffb711377f90) = 6274
6272  wait4(6274,  <unfinished ...>
6274  execve("/usr/bin/cc", ["/usr/bin/cc", "-xassembler", "/home/runner/work/_temp/transiti"..., "-Wl,--gc-sections,--strip-all", "-o", "/home/runner/work/_temp/transiti"...], 0xffffe70bd968 /* 111 vars */) = 0
6274  clone(child_stack=0xffffd68eb960, flags=CLONE_VM|CLONE_VFORK|SIGCHLD <unfinished ...>
6275  execve("/home/runner/go/bin/as", ["as", "-EL", "-mabi=lp64", "-o", "/tmp/ccGgDDVm.o", "/home/runner/work/_temp/transiti"...], 0xc51dc10 /* 116 vars */) = -1 ENOENT (No such file or directory)
6275  execve("/opt/hostedtoolcache/go/1.27.1/arm64/bin/as", ["as", "-EL", "-mabi=lp64", "-o", "/tmp/ccGgDDVm.o", "/home/runner/work/_temp/transiti"...], 0xc51dc10 /* 116 vars */) = -1 ENOENT (No such file or directory)
6275  execve("/snap/bin/as", ["as", "-EL", "-mabi=lp64", "-o", "/tmp/ccGgDDVm.o", "/home/runner/work/_temp/transiti"...], 0xc51dc10 /* 116 vars */) = -1 ENOENT (No such file or directory)
6275  execve("/home/runner/.local/bin/as", ["as", "-EL", "-mabi=lp64", "-o", "/tmp/ccGgDDVm.o", "/home/runner/work/_temp/transiti"...], 0xc51dc10 /* 116 vars */) = -1 ENOENT (No such file or directory)
6275  execve("/opt/pipx_bin/as", ["as", "-EL", "-mabi=lp64", "-o", "/tmp/ccGgDDVm.o", "/home/runner/work/_temp/transiti"...], 0xc51dc10 /* 116 vars */) = -1 ENOENT (No such file or directory)
6275  execve("/home/runner/.cargo/bin/as", ["as", "-EL", "-mabi=lp64", "-o", "/tmp/ccGgDDVm.o", "/home/runner/work/_temp/transiti"...], 0xc51dc10 /* 116 vars */) = -1 ENOENT (No such file or directory)
6275  execve("/home/runner/.config/composer/vendor/bin/as", ["as", "-EL", "-mabi=lp64", "-o", "/tmp/ccGgDDVm.o", "/home/runner/work/_temp/transiti"...], 0xc51dc10 /* 116 vars */) = -1 ENOENT (No such file or directory)
6275  execve("/home/runner/.dotnet/tools/as", ["as", "-EL", "-mabi=lp64", "-o", "/tmp/ccGgDDVm.o", "/home/runner/work/_temp/transiti"...], 0xc51dc10 /* 116 vars */) = -1 ENOENT (No such file or directory)
6275  execve("/usr/local/sbin/as", ["as", "-EL", "-mabi=lp64", "-o", "/tmp/ccGgDDVm.o", "/home/runner/work/_temp/transiti"...], 0xc51dc10 /* 116 vars */) = -1 ENOENT (No such file or directory)
6275  execve("/usr/local/bin/as", ["as", "-EL", "-mabi=lp64", "-o", "/tmp/ccGgDDVm.o", "/home/runner/work/_temp/transiti"...], 0xc51dc10 /* 116 vars */) = -1 ENOENT (No such file or directory)
6275  execve("/usr/sbin/as", ["as", "-EL", "-mabi=lp64", "-o", "/tmp/ccGgDDVm.o", "/home/runner/work/_temp/transiti"...], 0xc51dc10 /* 116 vars */) = -1 ENOENT (No such file or directory)
6275  execve("/usr/bin/as", ["as", "-EL", "-mabi=lp64", "-o", "/tmp/ccGgDDVm.o", "/home/runner/work/_temp/transiti"...], 0xc51dc10 /* 116 vars */ <unfinished ...>
6274  <... clone resumed>)              = 6275
6275  <... execve resumed>)             = 0
6274  wait4(6275,  <unfinished ...>
6275  exit_group(0)                     = ?
6275  +++ exited with 0 +++
6274  <... wait4 resumed>[{WIFEXITED(s) && WEXITSTATUS(s) == 0}], 0, NULL) = 6275
6274  --- SIGCHLD {si_signo=SIGCHLD, si_code=CLD_EXITED, si_pid=6275, si_uid=1001, si_status=0, si_utime=10 /* 0.10 s */, si_stime=0} ---
6274  clone(child_stack=0xffffd68eaaa0, flags=CLONE_VM|CLONE_VFORK|SIGCHLD <unfinished ...>
6276  execve("/usr/libexec/gcc/aarch64-linux-gnu/13/collect2", ["/usr/libexec/gcc/aarch64-linux-g"..., "-plugin", "/usr/libexec/gcc/aarch64-linux-g"..., "-plugin-opt=/usr/libexec/gcc/aar"..., "-plugin-opt=-fresolution=/tmp/cc"..., "-plugin-opt=-pass-through=-lgcc", "-plugin-opt=-pass-through=-lgcc_"..., "-plugin-opt=-pass-through=-lc", "-plugin-opt=-pass-through=-lgcc", "-plugin-opt=-pass-through=-lgcc_"..., "--build-id", "--eh-frame-hdr", "--hash-style=gnu", "--as-needed", "-dynamic-linker", "/lib/ld-linux-aarch64.so.1", "-X", "-EL", "-maarch64linux", "--fix-cortex-a53-843419", "-pie", "-z", "now", "-z", "relro", "-o", "/home/runner/work/_temp/transiti"..., "/usr/lib/gcc/aarch64-linux-gnu/1"..., "/usr/lib/gcc/aarch64-linux-gnu/1"..., "/usr/lib/gcc/aarch64-linux-gnu/1"..., "-L/usr/lib/gcc/aarch64-linux-gnu"..., "-L/usr/lib/gcc/aarch64-linux-gnu"..., ...], 0xc51e3b0 /* 118 vars */ <unfinished ...>
6274  <... clone resumed>)              = 6276
6276  <... execve resumed>)             = 0
6274  wait4(6276,  <unfinished ...>
6276  clone(child_stack=0xfffff76a77c0, flags=CLONE_VM|CLONE_VFORK|SIGCHLD <unfinished ...>
6277  execve("/usr/bin/ld", ["/usr/bin/ld", "-plugin", "/usr/libexec/gcc/aarch64-linux-g"..., "-plugin-opt=/usr/libexec/gcc/aar"..., "-plugin-opt=-fresolution=/tmp/cc"..., "-plugin-opt=-pass-through=-lgcc", "-plugin-opt=-pass-through=-lgcc_"..., "-plugin-opt=-pass-through=-lc", "-plugin-opt=-pass-through=-lgcc", "-plugin-opt=-pass-through=-lgcc_"..., "--build-id", "--eh-frame-hdr", "--hash-style=gnu", "--as-needed", "-dynamic-linker", "/lib/ld-linux-aarch64.so.1", "-X", "-EL", "-maarch64linux", "--fix-cortex-a53-843419", "-pie", "-z", "now", "-z", "relro", "-o", "/home/runner/work/_temp/transiti"..., "/usr/lib/gcc/aarch64-linux-gnu/1"..., "/usr/lib/gcc/aarch64-linux-gnu/1"..., "/usr/lib/gcc/aarch64-linux-gnu/1"..., "-L/usr/lib/gcc/aarch64-linux-gnu"..., "-L/usr/lib/gcc/aarch64-linux-gnu"..., ...], 0xfffff76a7e70 /* 118 vars */ <unfinished ...>
6276  <... clone resumed>)              = 6277
6277  <... execve resumed>)             = 0
6276  wait4(6277,  <unfinished ...>
6277  exit_group(0)                     = ?
6277  +++ exited with 0 +++
6276  <... wait4 resumed>[{WIFEXITED(s) && WEXITSTATUS(s) == 0}], 0, NULL) = 6277
6276  --- SIGCHLD {si_signo=SIGCHLD, si_code=CLD_EXITED, si_pid=6277, si_uid=1001, si_status=0, si_utime=1 /* 0.01 s */, si_stime=1 /* 0.01 s */} ---
6276  exit_group(0)                     = ?
6276  +++ exited with 0 +++
6274  <... wait4 resumed>[{WIFEXITED(s) && WEXITSTATUS(s) == 0}], 0, NULL) = 6276
6274  --- SIGCHLD {si_signo=SIGCHLD, si_code=CLD_EXITED, si_pid=6276, si_uid=1001, si_status=0, si_utime=0, si_stime=0} ---
6274  exit_group(0)                     = ?
6274  +++ exited with 0 +++
6272  <... wait4 resumed>[{WIFEXITED(s) && WEXITSTATUS(s) == 0}], 0, NULL) = 6274
6272  --- SIGCHLD {si_signo=SIGCHLD, si_code=CLD_EXITED, si_pid=6274, si_uid=1001, si_status=0, si_utime=0, si_stime=0} ---
6272  exit_group(0)                     = ?
6272  +++ exited with 0 +++
