10981 execve("/home/runner/work/_temp/bootstrap-workspace/b4/compiler", ["/home/runner/work/_temp/bootstra"..., "build", "/home/runner/work/type-rb-native"..., "--output", "/home/runner/work/_temp/bootstra"..., "--qbe", "/home/runner/work/_temp/qbe-1.3/"..., "--cc", "/usr/bin/cc", "--target", "linux-arm64-v0"], 0xffffda7e5ae8 /* 111 vars */) = 0
10981 clone(child_stack=NULL, flags=CLONE_CHILD_CLEARTID|CLONE_CHILD_SETTID|SIGCHLD, child_tidptr=0xff1f271c0f90) = 10982
10981 wait4(10982,  <unfinished ...>
10982 execve("/home/runner/work/_temp/qbe-1.3/qbe", ["/home/runner/work/_temp/qbe-1.3/"..., "-t", "arm64", "-o", "/home/runner/work/_temp/bootstra"..., "/home/runner/work/_temp/bootstra"...], 0xffffd16f46c8 /* 111 vars */) = 0
10982 exit_group(0)                     = ?
10982 +++ exited with 0 +++
10981 <... wait4 resumed>[{WIFEXITED(s) && WEXITSTATUS(s) == 0}], 0, NULL) = 10982
10981 --- SIGCHLD {si_signo=SIGCHLD, si_code=CLD_EXITED, si_pid=10982, si_uid=1001, si_status=0, si_utime=0, si_stime=0} ---
10981 clone(child_stack=NULL, flags=CLONE_CHILD_CLEARTID|CLONE_CHILD_SETTID|SIGCHLD, child_tidptr=0xff1f271c0f90) = 10983
10981 wait4(10983,  <unfinished ...>
10983 execve("/usr/bin/cc", ["/usr/bin/cc", "-xassembler", "/home/runner/work/_temp/bootstra"..., "-fuse-ld=lld", "-Wl,--gc-sections,--strip-all,--"..., "-lm", "-o", "/home/runner/work/_temp/bootstra"...], 0xffffd16f46c8 /* 111 vars */) = 0
10983 clone(child_stack=0xfffffd4f4080, flags=CLONE_VM|CLONE_VFORK|SIGCHLD <unfinished ...>
10984 execve("/home/runner/go/bin/as", ["as", "-EL", "-mabi=lp64", "-o", "/tmp/cc2nPKLv.o", "/home/runner/work/_temp/bootstra"...], 0x388e7d70 /* 116 vars */) = -1 ENOENT (No such file or directory)
10984 execve("/opt/hostedtoolcache/go/1.27.1/arm64/bin/as", ["as", "-EL", "-mabi=lp64", "-o", "/tmp/cc2nPKLv.o", "/home/runner/work/_temp/bootstra"...], 0x388e7d70 /* 116 vars */) = -1 ENOENT (No such file or directory)
10984 execve("/snap/bin/as", ["as", "-EL", "-mabi=lp64", "-o", "/tmp/cc2nPKLv.o", "/home/runner/work/_temp/bootstra"...], 0x388e7d70 /* 116 vars */) = -1 ENOENT (No such file or directory)
10984 execve("/home/runner/.local/bin/as", ["as", "-EL", "-mabi=lp64", "-o", "/tmp/cc2nPKLv.o", "/home/runner/work/_temp/bootstra"...], 0x388e7d70 /* 116 vars */) = -1 ENOENT (No such file or directory)
10984 execve("/opt/pipx_bin/as", ["as", "-EL", "-mabi=lp64", "-o", "/tmp/cc2nPKLv.o", "/home/runner/work/_temp/bootstra"...], 0x388e7d70 /* 116 vars */) = -1 ENOENT (No such file or directory)
10984 execve("/home/runner/.cargo/bin/as", ["as", "-EL", "-mabi=lp64", "-o", "/tmp/cc2nPKLv.o", "/home/runner/work/_temp/bootstra"...], 0x388e7d70 /* 116 vars */) = -1 ENOENT (No such file or directory)
10984 execve("/home/runner/.config/composer/vendor/bin/as", ["as", "-EL", "-mabi=lp64", "-o", "/tmp/cc2nPKLv.o", "/home/runner/work/_temp/bootstra"...], 0x388e7d70 /* 116 vars */) = -1 ENOENT (No such file or directory)
10984 execve("/home/runner/.dotnet/tools/as", ["as", "-EL", "-mabi=lp64", "-o", "/tmp/cc2nPKLv.o", "/home/runner/work/_temp/bootstra"...], 0x388e7d70 /* 116 vars */) = -1 ENOENT (No such file or directory)
10984 execve("/usr/local/sbin/as", ["as", "-EL", "-mabi=lp64", "-o", "/tmp/cc2nPKLv.o", "/home/runner/work/_temp/bootstra"...], 0x388e7d70 /* 116 vars */) = -1 ENOENT (No such file or directory)
10984 execve("/usr/local/bin/as", ["as", "-EL", "-mabi=lp64", "-o", "/tmp/cc2nPKLv.o", "/home/runner/work/_temp/bootstra"...], 0x388e7d70 /* 116 vars */) = -1 ENOENT (No such file or directory)
10984 execve("/usr/sbin/as", ["as", "-EL", "-mabi=lp64", "-o", "/tmp/cc2nPKLv.o", "/home/runner/work/_temp/bootstra"...], 0x388e7d70 /* 116 vars */) = -1 ENOENT (No such file or directory)
10984 execve("/usr/bin/as", ["as", "-EL", "-mabi=lp64", "-o", "/tmp/cc2nPKLv.o", "/home/runner/work/_temp/bootstra"...], 0x388e7d70 /* 116 vars */ <unfinished ...>
10983 <... clone resumed>)              = 10984
10984 <... execve resumed>)             = 0
10983 wait4(10984,  <unfinished ...>
10984 exit_group(0)                     = ?
10984 +++ exited with 0 +++
10983 <... wait4 resumed>[{WIFEXITED(s) && WEXITSTATUS(s) == 0}], 0, NULL) = 10984
10983 --- SIGCHLD {si_signo=SIGCHLD, si_code=CLD_EXITED, si_pid=10984, si_uid=1001, si_status=0, si_utime=0, si_stime=0} ---
10983 clone(child_stack=0xfffffd4f31c0, flags=CLONE_VM|CLONE_VFORK|SIGCHLD <unfinished ...>
10985 execve("/usr/libexec/gcc/aarch64-linux-gnu/13/collect2", ["/usr/libexec/gcc/aarch64-linux-g"..., "-plugin", "/usr/libexec/gcc/aarch64-linux-g"..., "-plugin-opt=/usr/libexec/gcc/aar"..., "-plugin-opt=-fresolution=/tmp/cc"..., "-plugin-opt=-pass-through=-lgcc", "-plugin-opt=-pass-through=-lgcc_"..., "-plugin-opt=-pass-through=-lc", "-plugin-opt=-pass-through=-lgcc", "-plugin-opt=-pass-through=-lgcc_"..., "--build-id", "--eh-frame-hdr", "--hash-style=gnu", "--as-needed", "-dynamic-linker", "/lib/ld-linux-aarch64.so.1", "-X", "-EL", "-maarch64linux", "--fix-cortex-a53-843419", "-pie", "-z", "now", "-fuse-ld=lld", "-z", "relro", "-o", "/home/runner/work/_temp/bootstra"..., "/usr/lib/gcc/aarch64-linux-gnu/1"..., "/usr/lib/gcc/aarch64-linux-gnu/1"..., "/usr/lib/gcc/aarch64-linux-gnu/1"..., "-L/usr/lib/gcc/aarch64-linux-gnu"..., ...], 0x388e85a0 /* 118 vars */ <unfinished ...>
10983 <... clone resumed>)              = 10985
10985 <... execve resumed>)             = 0
10983 wait4(10985,  <unfinished ...>
10985 clone(child_stack=0xfffffdd67a10, flags=CLONE_VM|CLONE_VFORK|SIGCHLD <unfinished ...>
10986 execve("/usr/bin/ld.lld", ["/usr/bin/ld.lld", "-plugin", "/usr/libexec/gcc/aarch64-linux-g"..., "-plugin-opt=/usr/libexec/gcc/aar"..., "-plugin-opt=-fresolution=/tmp/cc"..., "-plugin-opt=-pass-through=-lgcc", "-plugin-opt=-pass-through=-lgcc_"..., "-plugin-opt=-pass-through=-lc", "-plugin-opt=-pass-through=-lgcc", "-plugin-opt=-pass-through=-lgcc_"..., "--build-id", "--eh-frame-hdr", "--hash-style=gnu", "--as-needed", "-dynamic-linker", "/lib/ld-linux-aarch64.so.1", "-X", "-EL", "-maarch64linux", "--fix-cortex-a53-843419", "-pie", "-z", "now", "-z", "relro", "-o", "/home/runner/work/_temp/bootstra"..., "/usr/lib/gcc/aarch64-linux-gnu/1"..., "/usr/lib/gcc/aarch64-linux-gnu/1"..., "/usr/lib/gcc/aarch64-linux-gnu/1"..., "-L/usr/lib/gcc/aarch64-linux-gnu"..., "-L/usr/lib/gcc/aarch64-linux-gnu"..., ...], 0xfffffdd680d8 /* 118 vars */ <unfinished ...>
10985 <... clone resumed>)              = 10986
10986 <... execve resumed>)             = 0
10985 wait4(10986,  <unfinished ...>
10986 clone3({flags=CLONE_VM|CLONE_FS|CLONE_FILES|CLONE_SIGHAND|CLONE_THREAD|CLONE_SYSVSEM|CLONE_SETTLS|CLONE_PARENT_SETTID|CLONE_CHILD_CLEARTID, child_tid=0xffbbcc1ff050, parent_tid=0xffbbcc1ff050, exit_signal=0, stack=0xffbbc81f0000, stack_size=0x400e840, tls=0xffbbcc1ff6c0} => {parent_tid=[10987]}, 88) = 10987
10987 clone3({flags=CLONE_VM|CLONE_FS|CLONE_FILES|CLONE_SIGHAND|CLONE_THREAD|CLONE_SYSVSEM|CLONE_SETTLS|CLONE_PARENT_SETTID|CLONE_CHILD_CLEARTID, child_tid=0xffbbc81ef050, parent_tid=0xffbbc81ef050, exit_signal=0, stack=0xffbbc41e0000, stack_size=0x400e840, tls=0xffbbc81ef6c0} => {parent_tid=[10988]}, 88) = 10988
10987 clone3({flags=CLONE_VM|CLONE_FS|CLONE_FILES|CLONE_SIGHAND|CLONE_THREAD|CLONE_SYSVSEM|CLONE_SETTLS|CLONE_PARENT_SETTID|CLONE_CHILD_CLEARTID, child_tid=0xffbbbffff050, parent_tid=0xffbbbffff050, exit_signal=0, stack=0xffbbbbff0000, stack_size=0x400e840, tls=0xffbbbffff6c0} => {parent_tid=[10989]}, 88) = 10989
10987 clone3({flags=CLONE_VM|CLONE_FS|CLONE_FILES|CLONE_SIGHAND|CLONE_THREAD|CLONE_SYSVSEM|CLONE_SETTLS|CLONE_PARENT_SETTID|CLONE_CHILD_CLEARTID, child_tid=0xffbbb3fff050, parent_tid=0xffbbb3fff050, exit_signal=0, stack=0xffbbafff0000, stack_size=0x400e840, tls=0xffbbb3fff6c0} => {parent_tid=[10990]}, 88) = 10990
10990 exit(0 <unfinished ...>
10989 exit(0 <unfinished ...>
10990 <... exit resumed>)               = ?
10989 <... exit resumed>)               = ?
10988 exit(0 <unfinished ...>
10990 +++ exited with 0 +++
10989 +++ exited with 0 +++
10988 <... exit resumed>)               = ?
10986 exit_group(0 <unfinished ...>
10988 +++ exited with 0 +++
10986 <... exit_group resumed>)         = ?
10987 +++ exited with 0 +++
10986 +++ exited with 0 +++
10985 <... wait4 resumed>[{WIFEXITED(s) && WEXITSTATUS(s) == 0}], 0, NULL) = 10986
10985 --- SIGCHLD {si_signo=SIGCHLD, si_code=CLD_EXITED, si_pid=10986, si_uid=1001, si_status=0, si_utime=0, si_stime=1 /* 0.01 s */} ---
10985 exit_group(0)                     = ?
10985 +++ exited with 0 +++
10983 <... wait4 resumed>[{WIFEXITED(s) && WEXITSTATUS(s) == 0}], 0, NULL) = 10985
10983 --- SIGCHLD {si_signo=SIGCHLD, si_code=CLD_EXITED, si_pid=10985, si_uid=1001, si_status=0, si_utime=0, si_stime=0} ---
10983 exit_group(0)                     = ?
10983 +++ exited with 0 +++
10981 <... wait4 resumed>[{WIFEXITED(s) && WEXITSTATUS(s) == 0}], 0, NULL) = 10983
10981 --- SIGCHLD {si_signo=SIGCHLD, si_code=CLD_EXITED, si_pid=10983, si_uid=1001, si_status=0, si_utime=0, si_stime=0} ---
10981 exit_group(0)                     = ?
10981 +++ exited with 0 +++
