6937  execve("/home/runner/work/_temp/gate6n-linux-amd64-workspace/bootstrap/b4/compiler", ["/home/runner/work/_temp/gate6n-l"..., "build", "/home/runner/work/type-rb-native"..., "--output", "/home/runner/work/_temp/gate6n-l"..., "--qbe", "/home/runner/work/_temp/qbe-1.3/"..., "--cc", "/usr/bin/cc", "--target", "linux-amd64-v0"], 0x7fff9c0eb738 /* 133 vars */) = 0
6937  clone(child_stack=NULL, flags=CLONE_CHILD_CLEARTID|CLONE_CHILD_SETTID|SIGCHLD, child_tidptr=0x7f991c910a10) = 6938
6937  wait4(6938,  <unfinished ...>
6938  execve("/home/runner/work/_temp/qbe-1.3/qbe", ["/home/runner/work/_temp/qbe-1.3/"..., "-t", "amd64_sysv", "-o", "/home/runner/work/_temp/gate6n-l"..., "/home/runner/work/_temp/gate6n-l"...], 0x7ffd1f5dfa28 /* 133 vars */) = 0
6938  exit_group(0)                     = ?
6938  +++ exited with 0 +++
6937  <... wait4 resumed>[{WIFEXITED(s) && WEXITSTATUS(s) == 0}], 0, NULL) = 6938
6937  --- SIGCHLD {si_signo=SIGCHLD, si_code=CLD_EXITED, si_pid=6938, si_uid=1001, si_status=0, si_utime=0, si_stime=0} ---
6937  clone(child_stack=NULL, flags=CLONE_CHILD_CLEARTID|CLONE_CHILD_SETTID|SIGCHLD, child_tidptr=0x7f991c910a10) = 6939
6937  wait4(6939,  <unfinished ...>
6939  execve("/usr/bin/cc", ["/usr/bin/cc", "-xassembler", "/home/runner/work/_temp/gate6n-l"..., "-fuse-ld=lld", "-Wl,--gc-sections,--strip-all", "-lm", "-o", "/home/runner/work/_temp/gate6n-l"...], 0x7ffd1f5dfa28 /* 133 vars */) = 0
6939  vfork( <unfinished ...>
6940  execve("/home/runner/go/bin/as", ["as", "--64", "-o", "/tmp/cchm7FN7.o", "/home/runner/work/_temp/gate6n-l"...], 0x23c39e10 /* 138 vars */) = -1 ENOENT (No such file or directory)
6940  execve("/opt/hostedtoolcache/go/1.27.0/x64/bin/as", ["as", "--64", "-o", "/tmp/cchm7FN7.o", "/home/runner/work/_temp/gate6n-l"...], 0x23c39e10 /* 138 vars */) = -1 ENOENT (No such file or directory)
6940  execve("/snap/bin/as", ["as", "--64", "-o", "/tmp/cchm7FN7.o", "/home/runner/work/_temp/gate6n-l"...], 0x23c39e10 /* 138 vars */) = -1 ENOENT (No such file or directory)
6940  execve("/home/runner/.local/bin/as", ["as", "--64", "-o", "/tmp/cchm7FN7.o", "/home/runner/work/_temp/gate6n-l"...], 0x23c39e10 /* 138 vars */) = -1 ENOENT (No such file or directory)
6940  execve("/opt/pipx_bin/as", ["as", "--64", "-o", "/tmp/cchm7FN7.o", "/home/runner/work/_temp/gate6n-l"...], 0x23c39e10 /* 138 vars */) = -1 ENOENT (No such file or directory)
6940  execve("/home/runner/.cargo/bin/as", ["as", "--64", "-o", "/tmp/cchm7FN7.o", "/home/runner/work/_temp/gate6n-l"...], 0x23c39e10 /* 138 vars */) = -1 ENOENT (No such file or directory)
6940  execve("/home/runner/.config/composer/vendor/bin/as", ["as", "--64", "-o", "/tmp/cchm7FN7.o", "/home/runner/work/_temp/gate6n-l"...], 0x23c39e10 /* 138 vars */) = -1 ENOENT (No such file or directory)
6940  execve("/usr/local/.ghcup/bin/as", ["as", "--64", "-o", "/tmp/cchm7FN7.o", "/home/runner/work/_temp/gate6n-l"...], 0x23c39e10 /* 138 vars */) = -1 ENOENT (No such file or directory)
6940  execve("/home/runner/.dotnet/tools/as", ["as", "--64", "-o", "/tmp/cchm7FN7.o", "/home/runner/work/_temp/gate6n-l"...], 0x23c39e10 /* 138 vars */) = -1 ENOENT (No such file or directory)
6940  execve("/usr/local/sbin/as", ["as", "--64", "-o", "/tmp/cchm7FN7.o", "/home/runner/work/_temp/gate6n-l"...], 0x23c39e10 /* 138 vars */) = -1 ENOENT (No such file or directory)
6940  execve("/usr/local/bin/as", ["as", "--64", "-o", "/tmp/cchm7FN7.o", "/home/runner/work/_temp/gate6n-l"...], 0x23c39e10 /* 138 vars */) = -1 ENOENT (No such file or directory)
6940  execve("/usr/sbin/as", ["as", "--64", "-o", "/tmp/cchm7FN7.o", "/home/runner/work/_temp/gate6n-l"...], 0x23c39e10 /* 138 vars */) = -1 ENOENT (No such file or directory)
6940  execve("/usr/bin/as", ["as", "--64", "-o", "/tmp/cchm7FN7.o", "/home/runner/work/_temp/gate6n-l"...], 0x23c39e10 /* 138 vars */ <unfinished ...>
6939  <... vfork resumed>)              = 6940
6940  <... execve resumed>)             = 0
6939  wait4(6940,  <unfinished ...>
6940  exit_group(0)                     = ?
6940  +++ exited with 0 +++
6939  <... wait4 resumed>[{WIFEXITED(s) && WEXITSTATUS(s) == 0}], 0, NULL) = 6940
6939  --- SIGCHLD {si_signo=SIGCHLD, si_code=CLD_EXITED, si_pid=6940, si_uid=1001, si_status=0, si_utime=0, si_stime=0} ---
6939  vfork( <unfinished ...>
6941  execve("/usr/libexec/gcc/x86_64-linux-gnu/13/collect2", ["/usr/libexec/gcc/x86_64-linux-gn"..., "-plugin", "/usr/libexec/gcc/x86_64-linux-gn"..., "-plugin-opt=/usr/libexec/gcc/x86"..., "-plugin-opt=-fresolution=/tmp/cc"..., "-plugin-opt=-pass-through=-lgcc", "-plugin-opt=-pass-through=-lgcc_"..., "-plugin-opt=-pass-through=-lc", "-plugin-opt=-pass-through=-lgcc", "-plugin-opt=-pass-through=-lgcc_"..., "--build-id", "--eh-frame-hdr", "-m", "elf_x86_64", "--hash-style=gnu", "--as-needed", "-dynamic-linker", "/lib64/ld-linux-x86-64.so.2", "-pie", "-z", "now", "-fuse-ld=lld", "-z", "relro", "-o", "/home/runner/work/_temp/gate6n-l"..., "/usr/lib/gcc/x86_64-linux-gnu/13"..., "/usr/lib/gcc/x86_64-linux-gnu/13"..., "/usr/lib/gcc/x86_64-linux-gnu/13"..., "-L/usr/lib/gcc/x86_64-linux-gnu/"..., "-L/usr/lib/gcc/x86_64-linux-gnu/"..., "-L/usr/lib/gcc/x86_64-linux-gnu/"..., ...], 0x23c3a2f0 /* 140 vars */ <unfinished ...>
6939  <... vfork resumed>)              = 6941
6941  <... execve resumed>)             = 0
6939  wait4(6941,  <unfinished ...>
6941  vfork( <unfinished ...>
6942  execve("/usr/bin/ld.lld", ["/usr/bin/ld.lld", "-plugin", "/usr/libexec/gcc/x86_64-linux-gn"..., "-plugin-opt=/usr/libexec/gcc/x86"..., "-plugin-opt=-fresolution=/tmp/cc"..., "-plugin-opt=-pass-through=-lgcc", "-plugin-opt=-pass-through=-lgcc_"..., "-plugin-opt=-pass-through=-lc", "-plugin-opt=-pass-through=-lgcc", "-plugin-opt=-pass-through=-lgcc_"..., "--build-id", "--eh-frame-hdr", "-m", "elf_x86_64", "--hash-style=gnu", "--as-needed", "-dynamic-linker", "/lib64/ld-linux-x86-64.so.2", "-pie", "-z", "now", "-z", "relro", "-o", "/home/runner/work/_temp/gate6n-l"..., "/usr/lib/gcc/x86_64-linux-gnu/13"..., "/usr/lib/gcc/x86_64-linux-gnu/13"..., "/usr/lib/gcc/x86_64-linux-gnu/13"..., "-L/usr/lib/gcc/x86_64-linux-gnu/"..., "-L/usr/lib/gcc/x86_64-linux-gnu/"..., "-L/usr/lib/gcc/x86_64-linux-gnu/"..., "-L/lib/x86_64-linux-gnu", ...], 0x7ffd1e337ad0 /* 140 vars */ <unfinished ...>
6941  <... vfork resumed>)              = 6942
6942  <... execve resumed>)             = 0
6941  wait4(6942,  <unfinished ...>
6942  clone3({flags=CLONE_VM|CLONE_FS|CLONE_FILES|CLONE_SIGHAND|CLONE_THREAD|CLONE_SYSVSEM|CLONE_SETTLS|CLONE_PARENT_SETTID|CLONE_CHILD_CLEARTID, child_tid=0x7ff70a1ff990, parent_tid=0x7ff70a1ff990, exit_signal=0, stack=0x7ff7061ff000, stack_size=0x3fffd80, tls=0x7ff70a1ff6c0} => {parent_tid=[6943]}, 88) = 6943
6943  clone3({flags=CLONE_VM|CLONE_FS|CLONE_FILES|CLONE_SIGHAND|CLONE_THREAD|CLONE_SYSVSEM|CLONE_SETTLS|CLONE_PARENT_SETTID|CLONE_CHILD_CLEARTID, child_tid=0x7ff6fffff990, parent_tid=0x7ff6fffff990, exit_signal=0, stack=0x7ff6fbfff000, stack_size=0x3fffd80, tls=0x7ff6fffff6c0} => {parent_tid=[6944]}, 88) = 6944
6943  clone3({flags=CLONE_VM|CLONE_FS|CLONE_FILES|CLONE_SIGHAND|CLONE_THREAD|CLONE_SYSVSEM|CLONE_SETTLS|CLONE_PARENT_SETTID|CLONE_CHILD_CLEARTID, child_tid=0x7ff6fbffe990, parent_tid=0x7ff6fbffe990, exit_signal=0, stack=0x7ff6f7ffe000, stack_size=0x3fffd80, tls=0x7ff6fbffe6c0} => {parent_tid=[6945]}, 88) = 6945
6943  clone3({flags=CLONE_VM|CLONE_FS|CLONE_FILES|CLONE_SIGHAND|CLONE_THREAD|CLONE_SYSVSEM|CLONE_SETTLS|CLONE_PARENT_SETTID|CLONE_CHILD_CLEARTID, child_tid=0x7ff6effff990, parent_tid=0x7ff6effff990, exit_signal=0, stack=0x7ff6ebfff000, stack_size=0x3fffd80, tls=0x7ff6effff6c0} => {parent_tid=[6946]}, 88) = 6946
6945  exit(0 <unfinished ...>
6946  exit(0 <unfinished ...>
6944  exit(0 <unfinished ...>
6946  <... exit resumed>)               = ?
6945  <... exit resumed>)               = ?
6942  exit_group(0 <unfinished ...>
6944  <... exit resumed>)               = ?
6946  +++ exited with 0 +++
6945  +++ exited with 0 +++
6942  <... exit_group resumed>)         = ?
6944  +++ exited with 0 +++
6943  +++ exited with 0 +++
6942  +++ exited with 0 +++
6941  <... wait4 resumed>[{WIFEXITED(s) && WEXITSTATUS(s) == 0}], 0, NULL) = 6942
6941  --- SIGCHLD {si_signo=SIGCHLD, si_code=CLD_EXITED, si_pid=6942, si_uid=1001, si_status=0, si_utime=0, si_stime=2 /* 0.02 s */} ---
6941  exit_group(0)                     = ?
6941  +++ exited with 0 +++
6939  <... wait4 resumed>[{WIFEXITED(s) && WEXITSTATUS(s) == 0}], 0, NULL) = 6941
6939  --- SIGCHLD {si_signo=SIGCHLD, si_code=CLD_EXITED, si_pid=6941, si_uid=1001, si_status=0, si_utime=0, si_stime=0} ---
6939  exit_group(0)                     = ?
6939  +++ exited with 0 +++
6937  <... wait4 resumed>[{WIFEXITED(s) && WEXITSTATUS(s) == 0}], 0, NULL) = 6939
6937  --- SIGCHLD {si_signo=SIGCHLD, si_code=CLD_EXITED, si_pid=6939, si_uid=1001, si_status=0, si_utime=0, si_stime=0} ---
6937  exit_group(0)                     = ?
6937  +++ exited with 0 +++
