12831 execve("/home/runner/work/_temp/candidate-bootstrap-workspace/b4/compiler", ["/home/runner/work/_temp/candidat"..., "build", "/home/runner/work/type-rb-native"..., "--output", "/home/runner/work/_temp/candidat"..., "--qbe", "/home/runner/work/_temp/qbe-1.3/"..., "--cc", "/usr/bin/cc", "--target", "linux-arm64-v0"], 0xffffc7bae8c8 /* 109 vars */) = 0
12831 clone(child_stack=NULL, flags=CLONE_CHILD_CLEARTID|CLONE_CHILD_SETTID|SIGCHLD, child_tidptr=0xff1734077f90) = 12832
12831 wait4(12832,  <unfinished ...>
12832 execve("/home/runner/work/_temp/qbe-1.3/qbe", ["/home/runner/work/_temp/qbe-1.3/"..., "-t", "arm64", "-o", "/home/runner/work/_temp/candidat"..., "/home/runner/work/_temp/candidat"...], 0xffffca8cc448 /* 109 vars */) = 0
12832 exit_group(0)                     = ?
12832 +++ exited with 0 +++
12831 <... wait4 resumed>[{WIFEXITED(s) && WEXITSTATUS(s) == 0}], 0, NULL) = 12832
12831 --- SIGCHLD {si_signo=SIGCHLD, si_code=CLD_EXITED, si_pid=12832, si_uid=1001, si_status=0, si_utime=0, si_stime=0} ---
12831 clone(child_stack=NULL, flags=CLONE_CHILD_CLEARTID|CLONE_CHILD_SETTID|SIGCHLD, child_tidptr=0xff1734077f90) = 12833
12831 wait4(12833,  <unfinished ...>
12833 execve("/usr/bin/cc", ["/usr/bin/cc", "-xassembler", "/home/runner/work/_temp/candidat"..., "-fuse-ld=lld", "-Wl,--gc-sections,--strip-all,--"..., "-lm", "-o", "/home/runner/work/_temp/candidat"...], 0xffffca8cc448 /* 109 vars */) = 0
12833 clone(child_stack=0xffffd080eb80, flags=CLONE_VM|CLONE_VFORK|SIGCHLD <unfinished ...>
12834 execve("/snap/bin/as", ["as", "-EL", "-mabi=lp64", "-o", "/tmp/ccToUlSj.o", "/home/runner/work/_temp/candidat"...], 0x32a9ad70 /* 114 vars */) = -1 ENOENT (No such file or directory)
12834 execve("/home/runner/.local/bin/as", ["as", "-EL", "-mabi=lp64", "-o", "/tmp/ccToUlSj.o", "/home/runner/work/_temp/candidat"...], 0x32a9ad70 /* 114 vars */) = -1 ENOENT (No such file or directory)
12834 execve("/opt/pipx_bin/as", ["as", "-EL", "-mabi=lp64", "-o", "/tmp/ccToUlSj.o", "/home/runner/work/_temp/candidat"...], 0x32a9ad70 /* 114 vars */) = -1 ENOENT (No such file or directory)
12834 execve("/home/runner/.cargo/bin/as", ["as", "-EL", "-mabi=lp64", "-o", "/tmp/ccToUlSj.o", "/home/runner/work/_temp/candidat"...], 0x32a9ad70 /* 114 vars */) = -1 ENOENT (No such file or directory)
12834 execve("/home/runner/.config/composer/vendor/bin/as", ["as", "-EL", "-mabi=lp64", "-o", "/tmp/ccToUlSj.o", "/home/runner/work/_temp/candidat"...], 0x32a9ad70 /* 114 vars */) = -1 ENOENT (No such file or directory)
12834 execve("/home/runner/.dotnet/tools/as", ["as", "-EL", "-mabi=lp64", "-o", "/tmp/ccToUlSj.o", "/home/runner/work/_temp/candidat"...], 0x32a9ad70 /* 114 vars */) = -1 ENOENT (No such file or directory)
12834 execve("/usr/local/sbin/as", ["as", "-EL", "-mabi=lp64", "-o", "/tmp/ccToUlSj.o", "/home/runner/work/_temp/candidat"...], 0x32a9ad70 /* 114 vars */) = -1 ENOENT (No such file or directory)
12834 execve("/usr/local/bin/as", ["as", "-EL", "-mabi=lp64", "-o", "/tmp/ccToUlSj.o", "/home/runner/work/_temp/candidat"...], 0x32a9ad70 /* 114 vars */) = -1 ENOENT (No such file or directory)
12834 execve("/usr/sbin/as", ["as", "-EL", "-mabi=lp64", "-o", "/tmp/ccToUlSj.o", "/home/runner/work/_temp/candidat"...], 0x32a9ad70 /* 114 vars */) = -1 ENOENT (No such file or directory)
12834 execve("/usr/bin/as", ["as", "-EL", "-mabi=lp64", "-o", "/tmp/ccToUlSj.o", "/home/runner/work/_temp/candidat"...], 0x32a9ad70 /* 114 vars */ <unfinished ...>
12833 <... clone resumed>)              = 12834
12834 <... execve resumed>)             = 0
12833 wait4(12834,  <unfinished ...>
12834 exit_group(0)                     = ?
12834 +++ exited with 0 +++
12833 <... wait4 resumed>[{WIFEXITED(s) && WEXITSTATUS(s) == 0}], 0, NULL) = 12834
12833 --- SIGCHLD {si_signo=SIGCHLD, si_code=CLD_EXITED, si_pid=12834, si_uid=1001, si_status=0, si_utime=0, si_stime=0} ---
12833 clone(child_stack=0xffffd080dcc0, flags=CLONE_VM|CLONE_VFORK|SIGCHLD <unfinished ...>
12835 execve("/usr/libexec/gcc/aarch64-linux-gnu/13/collect2", ["/usr/libexec/gcc/aarch64-linux-g"..., "-plugin", "/usr/libexec/gcc/aarch64-linux-g"..., "-plugin-opt=/usr/libexec/gcc/aar"..., "-plugin-opt=-fresolution=/tmp/cc"..., "-plugin-opt=-pass-through=-lgcc", "-plugin-opt=-pass-through=-lgcc_"..., "-plugin-opt=-pass-through=-lc", "-plugin-opt=-pass-through=-lgcc", "-plugin-opt=-pass-through=-lgcc_"..., "--build-id", "--eh-frame-hdr", "--hash-style=gnu", "--as-needed", "-dynamic-linker", "/lib/ld-linux-aarch64.so.1", "-X", "-EL", "-maarch64linux", "--fix-cortex-a53-843419", "-pie", "-z", "now", "-fuse-ld=lld", "-z", "relro", "-o", "/home/runner/work/_temp/candidat"..., "/usr/lib/gcc/aarch64-linux-gnu/1"..., "/usr/lib/gcc/aarch64-linux-gnu/1"..., "/usr/lib/gcc/aarch64-linux-gnu/1"..., "-L/usr/lib/gcc/aarch64-linux-gnu"..., ...], 0x32a9b590 /* 116 vars */ <unfinished ...>
12833 <... clone resumed>)              = 12835
12835 <... execve resumed>)             = 0
12833 wait4(12835,  <unfinished ...>
12835 clone(child_stack=0xffffdab3fe50, flags=CLONE_VM|CLONE_VFORK|SIGCHLD <unfinished ...>
12836 execve("/usr/bin/ld.lld", ["/usr/bin/ld.lld", "-plugin", "/usr/libexec/gcc/aarch64-linux-g"..., "-plugin-opt=/usr/libexec/gcc/aar"..., "-plugin-opt=-fresolution=/tmp/cc"..., "-plugin-opt=-pass-through=-lgcc", "-plugin-opt=-pass-through=-lgcc_"..., "-plugin-opt=-pass-through=-lc", "-plugin-opt=-pass-through=-lgcc", "-plugin-opt=-pass-through=-lgcc_"..., "--build-id", "--eh-frame-hdr", "--hash-style=gnu", "--as-needed", "-dynamic-linker", "/lib/ld-linux-aarch64.so.1", "-X", "-EL", "-maarch64linux", "--fix-cortex-a53-843419", "-pie", "-z", "now", "-z", "relro", "-o", "/home/runner/work/_temp/candidat"..., "/usr/lib/gcc/aarch64-linux-gnu/1"..., "/usr/lib/gcc/aarch64-linux-gnu/1"..., "/usr/lib/gcc/aarch64-linux-gnu/1"..., "-L/usr/lib/gcc/aarch64-linux-gnu"..., "-L/usr/lib/gcc/aarch64-linux-gnu"..., ...], 0xffffdab40518 /* 116 vars */ <unfinished ...>
12835 <... clone resumed>)              = 12836
12836 <... execve resumed>)             = 0
12835 wait4(12836,  <unfinished ...>
12836 clone3({flags=CLONE_VM|CLONE_FS|CLONE_FILES|CLONE_SIGHAND|CLONE_THREAD|CLONE_SYSVSEM|CLONE_SETTLS|CLONE_PARENT_SETTID|CLONE_CHILD_CLEARTID, child_tid=0xffeac3fff050, parent_tid=0xffeac3fff050, exit_signal=0, stack=0xffeabfff0000, stack_size=0x400e840, tls=0xffeac3fff6c0} => {parent_tid=[12837]}, 88) = 12837
12837 clone3({flags=CLONE_VM|CLONE_FS|CLONE_FILES|CLONE_SIGHAND|CLONE_THREAD|CLONE_SYSVSEM|CLONE_SETTLS|CLONE_PARENT_SETTID|CLONE_CHILD_CLEARTID, child_tid=0xffeab7fff050, parent_tid=0xffeab7fff050, exit_signal=0, stack=0xffeab3ff0000, stack_size=0x400e840, tls=0xffeab7fff6c0} => {parent_tid=[12838]}, 88) = 12838
12837 clone3({flags=CLONE_VM|CLONE_FS|CLONE_FILES|CLONE_SIGHAND|CLONE_THREAD|CLONE_SYSVSEM|CLONE_SETTLS|CLONE_PARENT_SETTID|CLONE_CHILD_CLEARTID, child_tid=0xffeab3fef050, parent_tid=0xffeab3fef050, exit_signal=0, stack=0xffeaaffe0000, stack_size=0x400e840, tls=0xffeab3fef6c0} => {parent_tid=[12839]}, 88) = 12839
12837 clone3({flags=CLONE_VM|CLONE_FS|CLONE_FILES|CLONE_SIGHAND|CLONE_THREAD|CLONE_SYSVSEM|CLONE_SETTLS|CLONE_PARENT_SETTID|CLONE_CHILD_CLEARTID, child_tid=0xffeaa7fff050, parent_tid=0xffeaa7fff050, exit_signal=0, stack=0xffeaa3ff0000, stack_size=0x400e840, tls=0xffeaa7fff6c0} => {parent_tid=[12840]}, 88) = 12840
12840 exit(0 <unfinished ...>
12836 exit_group(0 <unfinished ...>
12840 <... exit resumed>)               = ?
12836 <... exit_group resumed>)         = ?
12840 +++ exited with 0 +++
12839 +++ exited with 0 +++
12838 +++ exited with 0 +++
12837 +++ exited with 0 +++
12836 +++ exited with 0 +++
12835 <... wait4 resumed>[{WIFEXITED(s) && WEXITSTATUS(s) == 0}], 0, NULL) = 12836
12835 --- SIGCHLD {si_signo=SIGCHLD, si_code=CLD_EXITED, si_pid=12836, si_uid=1001, si_status=0, si_utime=0, si_stime=1 /* 0.01 s */} ---
12835 exit_group(0)                     = ?
12835 +++ exited with 0 +++
12833 <... wait4 resumed>[{WIFEXITED(s) && WEXITSTATUS(s) == 0}], 0, NULL) = 12835
12833 --- SIGCHLD {si_signo=SIGCHLD, si_code=CLD_EXITED, si_pid=12835, si_uid=1001, si_status=0, si_utime=0, si_stime=0} ---
12833 exit_group(0)                     = ?
12833 +++ exited with 0 +++
12831 <... wait4 resumed>[{WIFEXITED(s) && WEXITSTATUS(s) == 0}], 0, NULL) = 12833
12831 --- SIGCHLD {si_signo=SIGCHLD, si_code=CLD_EXITED, si_pid=12833, si_uid=1001, si_status=0, si_utime=0, si_stime=0} ---
12831 exit_group(0)                     = ?
12831 +++ exited with 0 +++
