8478  execve("/home/runner/work/_temp/bootstrap-workspace/b4/compiler", ["/home/runner/work/_temp/bootstra"..., "build", "/home/runner/work/type-rb-native"..., "--output", "/home/runner/work/_temp/bootstra"..., "--qbe", "/home/runner/work/_temp/qbe-1.3/"..., "--cc", "/usr/bin/cc", "--target", "linux-arm64-v0"], 0xfffff5862a48 /* 111 vars */) = 0
8478  clone(child_stack=NULL, flags=CLONE_CHILD_CLEARTID|CLONE_CHILD_SETTID|SIGCHLD, child_tidptr=0xff8e68534f90) = 8479
8478  wait4(8479,  <unfinished ...>
8479  execve("/home/runner/work/_temp/qbe-1.3/qbe", ["/home/runner/work/_temp/qbe-1.3/"..., "-t", "arm64", "-o", "/home/runner/work/_temp/bootstra"..., "/home/runner/work/_temp/bootstra"...], 0xffffc6d69fd8 /* 111 vars */) = 0
8479  exit_group(0)                     = ?
8479  +++ exited with 0 +++
8478  <... wait4 resumed>[{WIFEXITED(s) && WEXITSTATUS(s) == 0}], 0, NULL) = 8479
8478  --- SIGCHLD {si_signo=SIGCHLD, si_code=CLD_EXITED, si_pid=8479, si_uid=1001, si_status=0, si_utime=0, si_stime=0} ---
8478  clone(child_stack=NULL, flags=CLONE_CHILD_CLEARTID|CLONE_CHILD_SETTID|SIGCHLD, child_tidptr=0xff8e68534f90) = 8480
8478  wait4(8480,  <unfinished ...>
8480  execve("/usr/bin/cc", ["/usr/bin/cc", "-xassembler", "/home/runner/work/_temp/bootstra"..., "-fuse-ld=lld", "-Wl,--gc-sections,--strip-all", "-lm", "-o", "/home/runner/work/_temp/bootstra"...], 0xffffc6d69fd8 /* 111 vars */) = 0
8480  clone(child_stack=0xffffc7492520, flags=CLONE_VM|CLONE_VFORK|SIGCHLD <unfinished ...>
8481  execve("/home/runner/go/bin/as", ["as", "-EL", "-mabi=lp64", "-o", "/tmp/ccijdOEN.o", "/home/runner/work/_temp/bootstra"...], 0x1eb91d50 /* 116 vars */) = -1 ENOENT (No such file or directory)
8481  execve("/opt/hostedtoolcache/go/1.27.0/arm64/bin/as", ["as", "-EL", "-mabi=lp64", "-o", "/tmp/ccijdOEN.o", "/home/runner/work/_temp/bootstra"...], 0x1eb91d50 /* 116 vars */) = -1 ENOENT (No such file or directory)
8481  execve("/snap/bin/as", ["as", "-EL", "-mabi=lp64", "-o", "/tmp/ccijdOEN.o", "/home/runner/work/_temp/bootstra"...], 0x1eb91d50 /* 116 vars */) = -1 ENOENT (No such file or directory)
8481  execve("/home/runner/.local/bin/as", ["as", "-EL", "-mabi=lp64", "-o", "/tmp/ccijdOEN.o", "/home/runner/work/_temp/bootstra"...], 0x1eb91d50 /* 116 vars */) = -1 ENOENT (No such file or directory)
8481  execve("/opt/pipx_bin/as", ["as", "-EL", "-mabi=lp64", "-o", "/tmp/ccijdOEN.o", "/home/runner/work/_temp/bootstra"...], 0x1eb91d50 /* 116 vars */) = -1 ENOENT (No such file or directory)
8481  execve("/home/runner/.cargo/bin/as", ["as", "-EL", "-mabi=lp64", "-o", "/tmp/ccijdOEN.o", "/home/runner/work/_temp/bootstra"...], 0x1eb91d50 /* 116 vars */) = -1 ENOENT (No such file or directory)
8481  execve("/home/runner/.config/composer/vendor/bin/as", ["as", "-EL", "-mabi=lp64", "-o", "/tmp/ccijdOEN.o", "/home/runner/work/_temp/bootstra"...], 0x1eb91d50 /* 116 vars */) = -1 ENOENT (No such file or directory)
8481  execve("/home/runner/.dotnet/tools/as", ["as", "-EL", "-mabi=lp64", "-o", "/tmp/ccijdOEN.o", "/home/runner/work/_temp/bootstra"...], 0x1eb91d50 /* 116 vars */) = -1 ENOENT (No such file or directory)
8481  execve("/usr/local/sbin/as", ["as", "-EL", "-mabi=lp64", "-o", "/tmp/ccijdOEN.o", "/home/runner/work/_temp/bootstra"...], 0x1eb91d50 /* 116 vars */) = -1 ENOENT (No such file or directory)
8481  execve("/usr/local/bin/as", ["as", "-EL", "-mabi=lp64", "-o", "/tmp/ccijdOEN.o", "/home/runner/work/_temp/bootstra"...], 0x1eb91d50 /* 116 vars */) = -1 ENOENT (No such file or directory)
8481  execve("/usr/sbin/as", ["as", "-EL", "-mabi=lp64", "-o", "/tmp/ccijdOEN.o", "/home/runner/work/_temp/bootstra"...], 0x1eb91d50 /* 116 vars */) = -1 ENOENT (No such file or directory)
8481  execve("/usr/bin/as", ["as", "-EL", "-mabi=lp64", "-o", "/tmp/ccijdOEN.o", "/home/runner/work/_temp/bootstra"...], 0x1eb91d50 /* 116 vars */ <unfinished ...>
8480  <... clone resumed>)              = 8481
8481  <... execve resumed>)             = 0
8480  wait4(8481,  <unfinished ...>
8481  exit_group(0)                     = ?
8481  +++ exited with 0 +++
8480  <... wait4 resumed>[{WIFEXITED(s) && WEXITSTATUS(s) == 0}], 0, NULL) = 8481
8480  --- SIGCHLD {si_signo=SIGCHLD, si_code=CLD_EXITED, si_pid=8481, si_uid=1001, si_status=0, si_utime=0, si_stime=0} ---
8480  clone(child_stack=0xffffc7491660, flags=CLONE_VM|CLONE_VFORK|SIGCHLD <unfinished ...>
8482  execve("/usr/libexec/gcc/aarch64-linux-gnu/13/collect2", ["/usr/libexec/gcc/aarch64-linux-g"..., "-plugin", "/usr/libexec/gcc/aarch64-linux-g"..., "-plugin-opt=/usr/libexec/gcc/aar"..., "-plugin-opt=-fresolution=/tmp/cc"..., "-plugin-opt=-pass-through=-lgcc", "-plugin-opt=-pass-through=-lgcc_"..., "-plugin-opt=-pass-through=-lc", "-plugin-opt=-pass-through=-lgcc", "-plugin-opt=-pass-through=-lgcc_"..., "--build-id", "--eh-frame-hdr", "--hash-style=gnu", "--as-needed", "-dynamic-linker", "/lib/ld-linux-aarch64.so.1", "-X", "-EL", "-maarch64linux", "--fix-cortex-a53-843419", "-pie", "-z", "now", "-fuse-ld=lld", "-z", "relro", "-o", "/home/runner/work/_temp/bootstra"..., "/usr/lib/gcc/aarch64-linux-gnu/1"..., "/usr/lib/gcc/aarch64-linux-gnu/1"..., "/usr/lib/gcc/aarch64-linux-gnu/1"..., "-L/usr/lib/gcc/aarch64-linux-gnu"..., ...], 0x1eb92580 /* 118 vars */ <unfinished ...>
8480  <... clone resumed>)              = 8482
8482  <... execve resumed>)             = 0
8480  wait4(8482,  <unfinished ...>
8482  clone(child_stack=0xffffe81a4740, flags=CLONE_VM|CLONE_VFORK|SIGCHLD <unfinished ...>
8483  execve("/usr/bin/ld.lld", ["/usr/bin/ld.lld", "-plugin", "/usr/libexec/gcc/aarch64-linux-g"..., "-plugin-opt=/usr/libexec/gcc/aar"..., "-plugin-opt=-fresolution=/tmp/cc"..., "-plugin-opt=-pass-through=-lgcc", "-plugin-opt=-pass-through=-lgcc_"..., "-plugin-opt=-pass-through=-lc", "-plugin-opt=-pass-through=-lgcc", "-plugin-opt=-pass-through=-lgcc_"..., "--build-id", "--eh-frame-hdr", "--hash-style=gnu", "--as-needed", "-dynamic-linker", "/lib/ld-linux-aarch64.so.1", "-X", "-EL", "-maarch64linux", "--fix-cortex-a53-843419", "-pie", "-z", "now", "-z", "relro", "-o", "/home/runner/work/_temp/bootstra"..., "/usr/lib/gcc/aarch64-linux-gnu/1"..., "/usr/lib/gcc/aarch64-linux-gnu/1"..., "/usr/lib/gcc/aarch64-linux-gnu/1"..., "-L/usr/lib/gcc/aarch64-linux-gnu"..., "-L/usr/lib/gcc/aarch64-linux-gnu"..., ...], 0xffffe81a4e00 /* 118 vars */ <unfinished ...>
8482  <... clone resumed>)              = 8483
8483  <... execve resumed>)             = 0
8482  wait4(8483,  <unfinished ...>
8483  clone3({flags=CLONE_VM|CLONE_FS|CLONE_FILES|CLONE_SIGHAND|CLONE_THREAD|CLONE_SYSVSEM|CLONE_SETTLS|CLONE_PARENT_SETTID|CLONE_CHILD_CLEARTID, child_tid=0xffd0ed9ff050, parent_tid=0xffd0ed9ff050, exit_signal=0, stack=0xffd0e99f0000, stack_size=0x400e840, tls=0xffd0ed9ff6c0} => {parent_tid=[8484]}, 88) = 8484
8484  clone3({flags=CLONE_VM|CLONE_FS|CLONE_FILES|CLONE_SIGHAND|CLONE_THREAD|CLONE_SYSVSEM|CLONE_SETTLS|CLONE_PARENT_SETTID|CLONE_CHILD_CLEARTID, child_tid=0xffd0e3fff050, parent_tid=0xffd0e3fff050, exit_signal=0, stack=0xffd0dfff0000, stack_size=0x400e840, tls=0xffd0e3fff6c0} => {parent_tid=[8485]}, 88) = 8485
8484  clone3({flags=CLONE_VM|CLONE_FS|CLONE_FILES|CLONE_SIGHAND|CLONE_THREAD|CLONE_SYSVSEM|CLONE_SETTLS|CLONE_PARENT_SETTID|CLONE_CHILD_CLEARTID, child_tid=0xffd0dffef050, parent_tid=0xffd0dffef050, exit_signal=0, stack=0xffd0dbfe0000, stack_size=0x400e840, tls=0xffd0dffef6c0} => {parent_tid=[8486]}, 88) = 8486
8484  clone3({flags=CLONE_VM|CLONE_FS|CLONE_FILES|CLONE_SIGHAND|CLONE_THREAD|CLONE_SYSVSEM|CLONE_SETTLS|CLONE_PARENT_SETTID|CLONE_CHILD_CLEARTID, child_tid=0xffd0d3fff050, parent_tid=0xffd0d3fff050, exit_signal=0, stack=0xffd0cfff0000, stack_size=0x400e840, tls=0xffd0d3fff6c0} => {parent_tid=[8487]}, 88) = 8487
8487  exit(0 <unfinished ...>
8485  exit(0 <unfinished ...>
8484  exit(0 <unfinished ...>
8483  exit_group(0 <unfinished ...>
8487  <... exit resumed>)               = ?
8486  ???( <unfinished ...>
8485  <... exit resumed>)               = ?
8484  <... exit resumed>)               = ?
8483  <... exit_group resumed>)         = ?
8486  +++ exited with 0 +++
8487  +++ exited with 0 +++
8485  +++ exited with 0 +++
8484  +++ exited with 0 +++
8483  +++ exited with 0 +++
8482  <... wait4 resumed>[{WIFEXITED(s) && WEXITSTATUS(s) == 0}], 0, NULL) = 8483
8482  --- SIGCHLD {si_signo=SIGCHLD, si_code=CLD_EXITED, si_pid=8483, si_uid=1001, si_status=0, si_utime=0, si_stime=2 /* 0.02 s */} ---
8482  exit_group(0)                     = ?
8482  +++ exited with 0 +++
8480  <... wait4 resumed>[{WIFEXITED(s) && WEXITSTATUS(s) == 0}], 0, NULL) = 8482
8480  --- SIGCHLD {si_signo=SIGCHLD, si_code=CLD_EXITED, si_pid=8482, si_uid=1001, si_status=0, si_utime=0, si_stime=0} ---
8480  exit_group(0)                     = ?
8480  +++ exited with 0 +++
8478  <... wait4 resumed>[{WIFEXITED(s) && WEXITSTATUS(s) == 0}], 0, NULL) = 8480
8478  --- SIGCHLD {si_signo=SIGCHLD, si_code=CLD_EXITED, si_pid=8480, si_uid=1001, si_status=0, si_utime=0, si_stime=0} ---
8478  exit_group(0)                     = ?
8478  +++ exited with 0 +++
