11308 execve("/home/runner/work/_temp/candidate-compiler", ["/home/runner/work/_temp/candidat"..., "build", "/home/runner/work/type-rb-native"..., "--output", "/home/runner/work/_temp/build-wo"..., "--qbe", "/home/runner/work/_temp/qbe-1.3/"..., "--cc", "/usr/bin/cc", "--target", "linux-arm64-v0"], 0xffffe4cdf168 /* 115 vars */) = 0
11308 clone(child_stack=NULL, flags=CLONE_CHILD_CLEARTID|CLONE_CHILD_SETTID|SIGCHLD, child_tidptr=0xff94fc4ecf90) = 11309
11308 wait4(11309,  <unfinished ...>
11309 execve("/home/runner/work/_temp/qbe-1.3/qbe", ["/home/runner/work/_temp/qbe-1.3/"..., "-t", "arm64", "-o", "/home/runner/work/_temp/build-wo"..., "/home/runner/work/_temp/build-wo"...], 0xffffce8918d8 /* 115 vars */) = 0
11309 exit_group(0)                     = ?
11309 +++ exited with 0 +++
11308 <... wait4 resumed>[{WIFEXITED(s) && WEXITSTATUS(s) == 0}], 0, NULL) = 11309
11308 --- SIGCHLD {si_signo=SIGCHLD, si_code=CLD_EXITED, si_pid=11309, si_uid=1001, si_status=0, si_utime=1 /* 0.01 s */, si_stime=0} ---
11308 clone(child_stack=NULL, flags=CLONE_CHILD_CLEARTID|CLONE_CHILD_SETTID|SIGCHLD, child_tidptr=0xff94fc4ecf90) = 11310
11308 wait4(11310,  <unfinished ...>
11310 execve("/usr/bin/cc", ["/usr/bin/cc", "-xassembler", "/home/runner/work/_temp/build-wo"..., "-fuse-ld=lld", "-Wl,--gc-sections,--strip-all,--"..., "-lm", "-o", "/home/runner/work/_temp/build-wo"...], 0xffffce8918d8 /* 115 vars */) = 0
11310 clone(child_stack=0xffffe5576c00, flags=CLONE_VM|CLONE_VFORK|SIGCHLD <unfinished ...>
11311 execve("/home/runner/go/bin/as", ["as", "-EL", "-mabi=lp64", "-o", "/tmp/ccwGpwZy.o", "/home/runner/work/_temp/build-wo"...], 0x87c2da0 /* 120 vars */) = -1 ENOENT (No such file or directory)
11311 execve("/opt/hostedtoolcache/go/1.27.1/arm64/bin/as", ["as", "-EL", "-mabi=lp64", "-o", "/tmp/ccwGpwZy.o", "/home/runner/work/_temp/build-wo"...], 0x87c2da0 /* 120 vars */) = -1 ENOENT (No such file or directory)
11311 execve("/snap/bin/as", ["as", "-EL", "-mabi=lp64", "-o", "/tmp/ccwGpwZy.o", "/home/runner/work/_temp/build-wo"...], 0x87c2da0 /* 120 vars */) = -1 ENOENT (No such file or directory)
11311 execve("/home/runner/.local/bin/as", ["as", "-EL", "-mabi=lp64", "-o", "/tmp/ccwGpwZy.o", "/home/runner/work/_temp/build-wo"...], 0x87c2da0 /* 120 vars */) = -1 ENOENT (No such file or directory)
11311 execve("/opt/pipx_bin/as", ["as", "-EL", "-mabi=lp64", "-o", "/tmp/ccwGpwZy.o", "/home/runner/work/_temp/build-wo"...], 0x87c2da0 /* 120 vars */) = -1 ENOENT (No such file or directory)
11311 execve("/home/runner/.cargo/bin/as", ["as", "-EL", "-mabi=lp64", "-o", "/tmp/ccwGpwZy.o", "/home/runner/work/_temp/build-wo"...], 0x87c2da0 /* 120 vars */) = -1 ENOENT (No such file or directory)
11311 execve("/home/runner/.config/composer/vendor/bin/as", ["as", "-EL", "-mabi=lp64", "-o", "/tmp/ccwGpwZy.o", "/home/runner/work/_temp/build-wo"...], 0x87c2da0 /* 120 vars */) = -1 ENOENT (No such file or directory)
11311 execve("/home/runner/.dotnet/tools/as", ["as", "-EL", "-mabi=lp64", "-o", "/tmp/ccwGpwZy.o", "/home/runner/work/_temp/build-wo"...], 0x87c2da0 /* 120 vars */) = -1 ENOENT (No such file or directory)
11311 execve("/usr/local/sbin/as", ["as", "-EL", "-mabi=lp64", "-o", "/tmp/ccwGpwZy.o", "/home/runner/work/_temp/build-wo"...], 0x87c2da0 /* 120 vars */) = -1 ENOENT (No such file or directory)
11311 execve("/usr/local/bin/as", ["as", "-EL", "-mabi=lp64", "-o", "/tmp/ccwGpwZy.o", "/home/runner/work/_temp/build-wo"...], 0x87c2da0 /* 120 vars */) = -1 ENOENT (No such file or directory)
11311 execve("/usr/sbin/as", ["as", "-EL", "-mabi=lp64", "-o", "/tmp/ccwGpwZy.o", "/home/runner/work/_temp/build-wo"...], 0x87c2da0 /* 120 vars */) = -1 ENOENT (No such file or directory)
11311 execve("/usr/bin/as", ["as", "-EL", "-mabi=lp64", "-o", "/tmp/ccwGpwZy.o", "/home/runner/work/_temp/build-wo"...], 0x87c2da0 /* 120 vars */ <unfinished ...>
11310 <... clone resumed>)              = 11311
11310 wait4(11311,  <unfinished ...>
11311 <... execve resumed>)             = 0
11311 exit_group(0)                     = ?
11311 +++ exited with 0 +++
11310 <... wait4 resumed>[{WIFEXITED(s) && WEXITSTATUS(s) == 0}], 0, NULL) = 11311
11310 --- SIGCHLD {si_signo=SIGCHLD, si_code=CLD_EXITED, si_pid=11311, si_uid=1001, si_status=0, si_utime=0, si_stime=0} ---
11310 clone(child_stack=0xffffe5575d40, flags=CLONE_VM|CLONE_VFORK|SIGCHLD <unfinished ...>
11312 execve("/usr/libexec/gcc/aarch64-linux-gnu/13/collect2", ["/usr/libexec/gcc/aarch64-linux-g"..., "-plugin", "/usr/libexec/gcc/aarch64-linux-g"..., "-plugin-opt=/usr/libexec/gcc/aar"..., "-plugin-opt=-fresolution=/tmp/cc"..., "-plugin-opt=-pass-through=-lgcc", "-plugin-opt=-pass-through=-lgcc_"..., "-plugin-opt=-pass-through=-lc", "-plugin-opt=-pass-through=-lgcc", "-plugin-opt=-pass-through=-lgcc_"..., "--build-id", "--eh-frame-hdr", "--hash-style=gnu", "--as-needed", "-dynamic-linker", "/lib/ld-linux-aarch64.so.1", "-X", "-EL", "-maarch64linux", "--fix-cortex-a53-843419", "-pie", "-z", "now", "-fuse-ld=lld", "-z", "relro", "-o", "/home/runner/work/_temp/build-wo"..., "/usr/lib/gcc/aarch64-linux-gnu/1"..., "/usr/lib/gcc/aarch64-linux-gnu/1"..., "/usr/lib/gcc/aarch64-linux-gnu/1"..., "-L/usr/lib/gcc/aarch64-linux-gnu"..., ...], 0x87c35f0 /* 122 vars */ <unfinished ...>
11310 <... clone resumed>)              = 11312
11310 wait4(11312,  <unfinished ...>
11312 <... execve resumed>)             = 0
11312 clone(child_stack=0xffffdbf37af0, flags=CLONE_VM|CLONE_VFORK|SIGCHLD <unfinished ...>
11313 execve("/usr/bin/ld.lld", ["/usr/bin/ld.lld", "-plugin", "/usr/libexec/gcc/aarch64-linux-g"..., "-plugin-opt=/usr/libexec/gcc/aar"..., "-plugin-opt=-fresolution=/tmp/cc"..., "-plugin-opt=-pass-through=-lgcc", "-plugin-opt=-pass-through=-lgcc_"..., "-plugin-opt=-pass-through=-lc", "-plugin-opt=-pass-through=-lgcc", "-plugin-opt=-pass-through=-lgcc_"..., "--build-id", "--eh-frame-hdr", "--hash-style=gnu", "--as-needed", "-dynamic-linker", "/lib/ld-linux-aarch64.so.1", "-X", "-EL", "-maarch64linux", "--fix-cortex-a53-843419", "-pie", "-z", "now", "-z", "relro", "-o", "/home/runner/work/_temp/build-wo"..., "/usr/lib/gcc/aarch64-linux-gnu/1"..., "/usr/lib/gcc/aarch64-linux-gnu/1"..., "/usr/lib/gcc/aarch64-linux-gnu/1"..., "-L/usr/lib/gcc/aarch64-linux-gnu"..., "-L/usr/lib/gcc/aarch64-linux-gnu"..., ...], 0xffffdbf381b8 /* 122 vars */ <unfinished ...>
11312 <... clone resumed>)              = 11313
11312 wait4(11313,  <unfinished ...>
11313 <... execve resumed>)             = 0
11313 clone3({flags=CLONE_VM|CLONE_FS|CLONE_FILES|CLONE_SIGHAND|CLONE_THREAD|CLONE_SYSVSEM|CLONE_SETTLS|CLONE_PARENT_SETTID|CLONE_CHILD_CLEARTID, child_tid=0xffec8a3ff050, parent_tid=0xffec8a3ff050, exit_signal=0, stack=0xffec863f0000, stack_size=0x400e840, tls=0xffec8a3ff6c0} => {parent_tid=[11314]}, 88) = 11314
11314 clone3({flags=CLONE_VM|CLONE_FS|CLONE_FILES|CLONE_SIGHAND|CLONE_THREAD|CLONE_SYSVSEM|CLONE_SETTLS|CLONE_PARENT_SETTID|CLONE_CHILD_CLEARTID, child_tid=0xffec7ffff050, parent_tid=0xffec7ffff050, exit_signal=0, stack=0xffec7bff0000, stack_size=0x400e840, tls=0xffec7ffff6c0} => {parent_tid=[11315]}, 88) = 11315
11314 clone3({flags=CLONE_VM|CLONE_FS|CLONE_FILES|CLONE_SIGHAND|CLONE_THREAD|CLONE_SYSVSEM|CLONE_SETTLS|CLONE_PARENT_SETTID|CLONE_CHILD_CLEARTID, child_tid=0xffec7bfef050, parent_tid=0xffec7bfef050, exit_signal=0, stack=0xffec77fe0000, stack_size=0x400e840, tls=0xffec7bfef6c0} => {parent_tid=[11316]}, 88) = 11316
11314 clone3({flags=CLONE_VM|CLONE_FS|CLONE_FILES|CLONE_SIGHAND|CLONE_THREAD|CLONE_SYSVSEM|CLONE_SETTLS|CLONE_PARENT_SETTID|CLONE_CHILD_CLEARTID, child_tid=0xffec6ffff050, parent_tid=0xffec6ffff050, exit_signal=0, stack=0xffec6bff0000, stack_size=0x400e840, tls=0xffec6ffff6c0} => {parent_tid=[11317]}, 88) = 11317
11317 exit(0)                           = ?
11316 exit(0 <unfinished ...>
11314 exit(0 <unfinished ...>
11316 <... exit resumed>)               = ?
11317 +++ exited with 0 +++
11316 +++ exited with 0 +++
11314 <... exit resumed>)               = ?
11313 exit_group(0 <unfinished ...>
11315 exit(0 <unfinished ...>
11314 +++ exited with 0 +++
11313 <... exit_group resumed>)         = ?
11315 <... exit resumed>)               = ?
11315 +++ exited with 0 +++
11313 +++ exited with 0 +++
11312 <... wait4 resumed>[{WIFEXITED(s) && WEXITSTATUS(s) == 0}], 0, NULL) = 11313
11312 --- SIGCHLD {si_signo=SIGCHLD, si_code=CLD_EXITED, si_pid=11313, si_uid=1001, si_status=0, si_utime=0, si_stime=2 /* 0.02 s */} ---
11312 exit_group(0)                     = ?
11312 +++ exited with 0 +++
11310 <... wait4 resumed>[{WIFEXITED(s) && WEXITSTATUS(s) == 0}], 0, NULL) = 11312
11310 --- SIGCHLD {si_signo=SIGCHLD, si_code=CLD_EXITED, si_pid=11312, si_uid=1001, si_status=0, si_utime=0, si_stime=0} ---
11310 exit_group(0)                     = ?
11310 +++ exited with 0 +++
11308 <... wait4 resumed>[{WIFEXITED(s) && WEXITSTATUS(s) == 0}], 0, NULL) = 11310
11308 --- SIGCHLD {si_signo=SIGCHLD, si_code=CLD_EXITED, si_pid=11310, si_uid=1001, si_status=0, si_utime=0, si_stime=0} ---
11308 exit_group(0)                     = ?
11308 +++ exited with 0 +++
