9600  execve("/home/runner/work/_temp/bootstrap-workspace/b4/compiler", ["/home/runner/work/_temp/bootstra"..., "build", "/home/runner/work/type-rb-native"..., "--output", "/home/runner/work/_temp/bootstra"..., "--qbe", "/home/runner/work/_temp/qbe-1.3/"..., "--cc", "/usr/bin/cc", "--target", "linux-arm64-v0"], 0xfffff93dd908 /* 111 vars */) = 0
9600  clone(child_stack=NULL, flags=CLONE_CHILD_CLEARTID|CLONE_CHILD_SETTID|SIGCHLD, child_tidptr=0xff5f56ad5f90) = 9601
9600  wait4(9601,  <unfinished ...>
9601  execve("/home/runner/work/_temp/qbe-1.3/qbe", ["/home/runner/work/_temp/qbe-1.3/"..., "-t", "arm64", "-o", "/home/runner/work/_temp/bootstra"..., "/home/runner/work/_temp/bootstra"...], 0xffffca2c3db8 /* 111 vars */) = 0
9601  exit_group(0)                     = ?
9601  +++ exited with 0 +++
9600  <... wait4 resumed>[{WIFEXITED(s) && WEXITSTATUS(s) == 0}], 0, NULL) = 9601
9600  --- SIGCHLD {si_signo=SIGCHLD, si_code=CLD_EXITED, si_pid=9601, si_uid=1001, si_status=0, si_utime=0, si_stime=0} ---
9600  clone(child_stack=NULL, flags=CLONE_CHILD_CLEARTID|CLONE_CHILD_SETTID|SIGCHLD, child_tidptr=0xff5f56ad5f90) = 9602
9600  wait4(9602,  <unfinished ...>
9602  execve("/usr/bin/cc", ["/usr/bin/cc", "-xassembler", "/home/runner/work/_temp/bootstra"..., "-fuse-ld=lld", "-Wl,--gc-sections,--strip-all", "-lm", "-o", "/home/runner/work/_temp/bootstra"...], 0xffffca2c3db8 /* 111 vars */) = 0
9602  clone(child_stack=0xffffe62d7250, flags=CLONE_VM|CLONE_VFORK|SIGCHLD <unfinished ...>
9603  execve("/home/runner/go/bin/as", ["as", "-EL", "-mabi=lp64", "-o", "/tmp/ccy9Kpl4.o", "/home/runner/work/_temp/bootstra"...], 0x282fdd50 /* 116 vars */) = -1 ENOENT (No such file or directory)
9603  execve("/opt/hostedtoolcache/go/1.27.1/arm64/bin/as", ["as", "-EL", "-mabi=lp64", "-o", "/tmp/ccy9Kpl4.o", "/home/runner/work/_temp/bootstra"...], 0x282fdd50 /* 116 vars */) = -1 ENOENT (No such file or directory)
9603  execve("/snap/bin/as", ["as", "-EL", "-mabi=lp64", "-o", "/tmp/ccy9Kpl4.o", "/home/runner/work/_temp/bootstra"...], 0x282fdd50 /* 116 vars */) = -1 ENOENT (No such file or directory)
9603  execve("/home/runner/.local/bin/as", ["as", "-EL", "-mabi=lp64", "-o", "/tmp/ccy9Kpl4.o", "/home/runner/work/_temp/bootstra"...], 0x282fdd50 /* 116 vars */) = -1 ENOENT (No such file or directory)
9603  execve("/opt/pipx_bin/as", ["as", "-EL", "-mabi=lp64", "-o", "/tmp/ccy9Kpl4.o", "/home/runner/work/_temp/bootstra"...], 0x282fdd50 /* 116 vars */) = -1 ENOENT (No such file or directory)
9603  execve("/home/runner/.cargo/bin/as", ["as", "-EL", "-mabi=lp64", "-o", "/tmp/ccy9Kpl4.o", "/home/runner/work/_temp/bootstra"...], 0x282fdd50 /* 116 vars */) = -1 ENOENT (No such file or directory)
9603  execve("/home/runner/.config/composer/vendor/bin/as", ["as", "-EL", "-mabi=lp64", "-o", "/tmp/ccy9Kpl4.o", "/home/runner/work/_temp/bootstra"...], 0x282fdd50 /* 116 vars */) = -1 ENOENT (No such file or directory)
9603  execve("/home/runner/.dotnet/tools/as", ["as", "-EL", "-mabi=lp64", "-o", "/tmp/ccy9Kpl4.o", "/home/runner/work/_temp/bootstra"...], 0x282fdd50 /* 116 vars */) = -1 ENOENT (No such file or directory)
9603  execve("/usr/local/sbin/as", ["as", "-EL", "-mabi=lp64", "-o", "/tmp/ccy9Kpl4.o", "/home/runner/work/_temp/bootstra"...], 0x282fdd50 /* 116 vars */) = -1 ENOENT (No such file or directory)
9603  execve("/usr/local/bin/as", ["as", "-EL", "-mabi=lp64", "-o", "/tmp/ccy9Kpl4.o", "/home/runner/work/_temp/bootstra"...], 0x282fdd50 /* 116 vars */) = -1 ENOENT (No such file or directory)
9603  execve("/usr/sbin/as", ["as", "-EL", "-mabi=lp64", "-o", "/tmp/ccy9Kpl4.o", "/home/runner/work/_temp/bootstra"...], 0x282fdd50 /* 116 vars */) = -1 ENOENT (No such file or directory)
9603  execve("/usr/bin/as", ["as", "-EL", "-mabi=lp64", "-o", "/tmp/ccy9Kpl4.o", "/home/runner/work/_temp/bootstra"...], 0x282fdd50 /* 116 vars */ <unfinished ...>
9602  <... clone resumed>)              = 9603
9603  <... execve resumed>)             = 0
9602  wait4(9603,  <unfinished ...>
9603  exit_group(0)                     = ?
9603  +++ exited with 0 +++
9602  <... wait4 resumed>[{WIFEXITED(s) && WEXITSTATUS(s) == 0}], 0, NULL) = 9603
9602  --- SIGCHLD {si_signo=SIGCHLD, si_code=CLD_EXITED, si_pid=9603, si_uid=1001, si_status=0, si_utime=0, si_stime=0} ---
9602  clone(child_stack=0xffffe62d6390, flags=CLONE_VM|CLONE_VFORK|SIGCHLD <unfinished ...>
9604  execve("/usr/libexec/gcc/aarch64-linux-gnu/13/collect2", ["/usr/libexec/gcc/aarch64-linux-g"..., "-plugin", "/usr/libexec/gcc/aarch64-linux-g"..., "-plugin-opt=/usr/libexec/gcc/aar"..., "-plugin-opt=-fresolution=/tmp/cc"..., "-plugin-opt=-pass-through=-lgcc", "-plugin-opt=-pass-through=-lgcc_"..., "-plugin-opt=-pass-through=-lc", "-plugin-opt=-pass-through=-lgcc", "-plugin-opt=-pass-through=-lgcc_"..., "--build-id", "--eh-frame-hdr", "--hash-style=gnu", "--as-needed", "-dynamic-linker", "/lib/ld-linux-aarch64.so.1", "-X", "-EL", "-maarch64linux", "--fix-cortex-a53-843419", "-pie", "-z", "now", "-fuse-ld=lld", "-z", "relro", "-o", "/home/runner/work/_temp/bootstra"..., "/usr/lib/gcc/aarch64-linux-gnu/1"..., "/usr/lib/gcc/aarch64-linux-gnu/1"..., "/usr/lib/gcc/aarch64-linux-gnu/1"..., "-L/usr/lib/gcc/aarch64-linux-gnu"..., ...], 0x282fe580 /* 118 vars */ <unfinished ...>
9602  <... clone resumed>)              = 9604
9604  <... execve resumed>)             = 0
9602  wait4(9604,  <unfinished ...>
9604  clone(child_stack=0xffffcc955d20, flags=CLONE_VM|CLONE_VFORK|SIGCHLD <unfinished ...>
9605  execve("/usr/bin/ld.lld", ["/usr/bin/ld.lld", "-plugin", "/usr/libexec/gcc/aarch64-linux-g"..., "-plugin-opt=/usr/libexec/gcc/aar"..., "-plugin-opt=-fresolution=/tmp/cc"..., "-plugin-opt=-pass-through=-lgcc", "-plugin-opt=-pass-through=-lgcc_"..., "-plugin-opt=-pass-through=-lc", "-plugin-opt=-pass-through=-lgcc", "-plugin-opt=-pass-through=-lgcc_"..., "--build-id", "--eh-frame-hdr", "--hash-style=gnu", "--as-needed", "-dynamic-linker", "/lib/ld-linux-aarch64.so.1", "-X", "-EL", "-maarch64linux", "--fix-cortex-a53-843419", "-pie", "-z", "now", "-z", "relro", "-o", "/home/runner/work/_temp/bootstra"..., "/usr/lib/gcc/aarch64-linux-gnu/1"..., "/usr/lib/gcc/aarch64-linux-gnu/1"..., "/usr/lib/gcc/aarch64-linux-gnu/1"..., "-L/usr/lib/gcc/aarch64-linux-gnu"..., "-L/usr/lib/gcc/aarch64-linux-gnu"..., ...], 0xffffcc9563e0 /* 118 vars */ <unfinished ...>
9604  <... clone resumed>)              = 9605
9605  <... execve resumed>)             = 0
9604  wait4(9605,  <unfinished ...>
9605  clone3({flags=CLONE_VM|CLONE_FS|CLONE_FILES|CLONE_SIGHAND|CLONE_THREAD|CLONE_SYSVSEM|CLONE_SETTLS|CLONE_PARENT_SETTID|CLONE_CHILD_CLEARTID, child_tid=0xffd5bd1ff050, parent_tid=0xffd5bd1ff050, exit_signal=0, stack=0xffd5b91f0000, stack_size=0x400e840, tls=0xffd5bd1ff6c0} => {parent_tid=[9606]}, 88) = 9606
9606  clone3({flags=CLONE_VM|CLONE_FS|CLONE_FILES|CLONE_SIGHAND|CLONE_THREAD|CLONE_SYSVSEM|CLONE_SETTLS|CLONE_PARENT_SETTID|CLONE_CHILD_CLEARTID, child_tid=0xffd5b3fff050, parent_tid=0xffd5b3fff050, exit_signal=0, stack=0xffd5afff0000, stack_size=0x400e840, tls=0xffd5b3fff6c0} => {parent_tid=[9607]}, 88) = 9607
9606  clone3({flags=CLONE_VM|CLONE_FS|CLONE_FILES|CLONE_SIGHAND|CLONE_THREAD|CLONE_SYSVSEM|CLONE_SETTLS|CLONE_PARENT_SETTID|CLONE_CHILD_CLEARTID, child_tid=0xffd5affef050, parent_tid=0xffd5affef050, exit_signal=0, stack=0xffd5abfe0000, stack_size=0x400e840, tls=0xffd5affef6c0} => {parent_tid=[9608]}, 88) = 9608
9606  clone3({flags=CLONE_VM|CLONE_FS|CLONE_FILES|CLONE_SIGHAND|CLONE_THREAD|CLONE_SYSVSEM|CLONE_SETTLS|CLONE_PARENT_SETTID|CLONE_CHILD_CLEARTID, child_tid=0xffd5a3fff050, parent_tid=0xffd5a3fff050, exit_signal=0, stack=0xffd59fff0000, stack_size=0x400e840, tls=0xffd5a3fff6c0} => {parent_tid=[9609]}, 88) = 9609
9609  exit(0 <unfinished ...>
9608  exit(0 <unfinished ...>
9609  <... exit resumed>)               = ?
9608  <... exit resumed>)               = ?
9607  exit(0 <unfinished ...>
9605  exit_group(0 <unfinished ...>
9606  exit(0 <unfinished ...>
9609  +++ exited with 0 +++
9608  +++ exited with 0 +++
9607  <... exit resumed>)               = ?
9606  <... exit resumed>)               = ?
9605  <... exit_group resumed>)         = ?
9607  +++ exited with 0 +++
9606  +++ exited with 0 +++
9605  +++ exited with 0 +++
9604  <... wait4 resumed>[{WIFEXITED(s) && WEXITSTATUS(s) == 0}], 0, NULL) = 9605
9604  --- SIGCHLD {si_signo=SIGCHLD, si_code=CLD_EXITED, si_pid=9605, si_uid=1001, si_status=0, si_utime=0, si_stime=1 /* 0.01 s */} ---
9604  exit_group(0)                     = ?
9604  +++ exited with 0 +++
9602  <... wait4 resumed>[{WIFEXITED(s) && WEXITSTATUS(s) == 0}], 0, NULL) = 9604
9602  --- SIGCHLD {si_signo=SIGCHLD, si_code=CLD_EXITED, si_pid=9604, si_uid=1001, si_status=0, si_utime=0, si_stime=0} ---
9602  exit_group(0)                     = ?
9602  +++ exited with 0 +++
9600  <... wait4 resumed>[{WIFEXITED(s) && WEXITSTATUS(s) == 0}], 0, NULL) = 9602
9600  --- SIGCHLD {si_signo=SIGCHLD, si_code=CLD_EXITED, si_pid=9602, si_uid=1001, si_status=0, si_utime=0, si_stime=0} ---
9600  exit_group(0)                     = ?
9600  +++ exited with 0 +++
