7582  execve("/home/runner/work/_temp/candidate-bootstrap-workspace/b4/compiler", ["/home/runner/work/_temp/candidat"..., "build", "/home/runner/work/type-rb-native"..., "--output", "/home/runner/work/_temp/candidat"..., "--qbe", "/home/runner/work/_temp/qbe-1.3/"..., "--cc", "/usr/bin/cc", "--target", "linux-arm64-v0"], 0xffffd3bb7eb8 /* 109 vars */) = 0
7582  clone(child_stack=NULL, flags=CLONE_CHILD_CLEARTID|CLONE_CHILD_SETTID|SIGCHLD, child_tidptr=0xff44d5196f90) = 7583
7582  wait4(7583,  <unfinished ...>
7583  execve("/home/runner/work/_temp/qbe-1.3/qbe", ["/home/runner/work/_temp/qbe-1.3/"..., "-t", "arm64", "-o", "/home/runner/work/_temp/candidat"..., "/home/runner/work/_temp/candidat"...], 0xfffffac4f578 /* 109 vars */) = 0
7583  exit_group(0)                     = ?
7583  +++ exited with 0 +++
7582  <... wait4 resumed>[{WIFEXITED(s) && WEXITSTATUS(s) == 0}], 0, NULL) = 7583
7582  --- SIGCHLD {si_signo=SIGCHLD, si_code=CLD_EXITED, si_pid=7583, si_uid=1001, si_status=0, si_utime=0, si_stime=0} ---
7582  clone(child_stack=NULL, flags=CLONE_CHILD_CLEARTID|CLONE_CHILD_SETTID|SIGCHLD, child_tidptr=0xff44d5196f90) = 7584
7582  wait4(7584,  <unfinished ...>
7584  execve("/usr/bin/cc", ["/usr/bin/cc", "-xassembler", "/home/runner/work/_temp/candidat"..., "-fuse-ld=lld", "-Wl,--gc-sections,--strip-all", "-lm", "-o", "/home/runner/work/_temp/candidat"...], 0xfffffac4f578 /* 109 vars */) = 0
7584  clone(child_stack=0xffffc2fff1c0, flags=CLONE_VM|CLONE_VFORK|SIGCHLD <unfinished ...>
7585  execve("/snap/bin/as", ["as", "-EL", "-mabi=lp64", "-o", "/tmp/cczrwAeD.o", "/home/runner/work/_temp/candidat"...], 0x112aad50 /* 114 vars */) = -1 ENOENT (No such file or directory)
7585  execve("/home/runner/.local/bin/as", ["as", "-EL", "-mabi=lp64", "-o", "/tmp/cczrwAeD.o", "/home/runner/work/_temp/candidat"...], 0x112aad50 /* 114 vars */) = -1 ENOENT (No such file or directory)
7585  execve("/opt/pipx_bin/as", ["as", "-EL", "-mabi=lp64", "-o", "/tmp/cczrwAeD.o", "/home/runner/work/_temp/candidat"...], 0x112aad50 /* 114 vars */) = -1 ENOENT (No such file or directory)
7585  execve("/home/runner/.cargo/bin/as", ["as", "-EL", "-mabi=lp64", "-o", "/tmp/cczrwAeD.o", "/home/runner/work/_temp/candidat"...], 0x112aad50 /* 114 vars */) = -1 ENOENT (No such file or directory)
7585  execve("/home/runner/.config/composer/vendor/bin/as", ["as", "-EL", "-mabi=lp64", "-o", "/tmp/cczrwAeD.o", "/home/runner/work/_temp/candidat"...], 0x112aad50 /* 114 vars */) = -1 ENOENT (No such file or directory)
7585  execve("/home/runner/.dotnet/tools/as", ["as", "-EL", "-mabi=lp64", "-o", "/tmp/cczrwAeD.o", "/home/runner/work/_temp/candidat"...], 0x112aad50 /* 114 vars */) = -1 ENOENT (No such file or directory)
7585  execve("/usr/local/sbin/as", ["as", "-EL", "-mabi=lp64", "-o", "/tmp/cczrwAeD.o", "/home/runner/work/_temp/candidat"...], 0x112aad50 /* 114 vars */) = -1 ENOENT (No such file or directory)
7585  execve("/usr/local/bin/as", ["as", "-EL", "-mabi=lp64", "-o", "/tmp/cczrwAeD.o", "/home/runner/work/_temp/candidat"...], 0x112aad50 /* 114 vars */) = -1 ENOENT (No such file or directory)
7585  execve("/usr/sbin/as", ["as", "-EL", "-mabi=lp64", "-o", "/tmp/cczrwAeD.o", "/home/runner/work/_temp/candidat"...], 0x112aad50 /* 114 vars */) = -1 ENOENT (No such file or directory)
7585  execve("/usr/bin/as", ["as", "-EL", "-mabi=lp64", "-o", "/tmp/cczrwAeD.o", "/home/runner/work/_temp/candidat"...], 0x112aad50 /* 114 vars */ <unfinished ...>
7584  <... clone resumed>)              = 7585
7585  <... execve resumed>)             = 0
7584  wait4(7585,  <unfinished ...>
7585  exit_group(0)                     = ?
7585  +++ exited with 0 +++
7584  <... wait4 resumed>[{WIFEXITED(s) && WEXITSTATUS(s) == 0}], 0, NULL) = 7585
7584  --- SIGCHLD {si_signo=SIGCHLD, si_code=CLD_EXITED, si_pid=7585, si_uid=1001, si_status=0, si_utime=0, si_stime=0} ---
7584  clone(child_stack=0xffffc2ffe300, flags=CLONE_VM|CLONE_VFORK|SIGCHLD <unfinished ...>
7586  execve("/usr/libexec/gcc/aarch64-linux-gnu/13/collect2", ["/usr/libexec/gcc/aarch64-linux-g"..., "-plugin", "/usr/libexec/gcc/aarch64-linux-g"..., "-plugin-opt=/usr/libexec/gcc/aar"..., "-plugin-opt=-fresolution=/tmp/cc"..., "-plugin-opt=-pass-through=-lgcc", "-plugin-opt=-pass-through=-lgcc_"..., "-plugin-opt=-pass-through=-lc", "-plugin-opt=-pass-through=-lgcc", "-plugin-opt=-pass-through=-lgcc_"..., "--build-id", "--eh-frame-hdr", "--hash-style=gnu", "--as-needed", "-dynamic-linker", "/lib/ld-linux-aarch64.so.1", "-X", "-EL", "-maarch64linux", "--fix-cortex-a53-843419", "-pie", "-z", "now", "-fuse-ld=lld", "-z", "relro", "-o", "/home/runner/work/_temp/candidat"..., "/usr/lib/gcc/aarch64-linux-gnu/1"..., "/usr/lib/gcc/aarch64-linux-gnu/1"..., "/usr/lib/gcc/aarch64-linux-gnu/1"..., "-L/usr/lib/gcc/aarch64-linux-gnu"..., ...], 0x112ab570 /* 116 vars */ <unfinished ...>
7584  <... clone resumed>)              = 7586
7586  <... execve resumed>)             = 0
7584  wait4(7586,  <unfinished ...>
7586  clone(child_stack=0xffffd223b080, flags=CLONE_VM|CLONE_VFORK|SIGCHLD <unfinished ...>
7587  execve("/usr/bin/ld.lld", ["/usr/bin/ld.lld", "-plugin", "/usr/libexec/gcc/aarch64-linux-g"..., "-plugin-opt=/usr/libexec/gcc/aar"..., "-plugin-opt=-fresolution=/tmp/cc"..., "-plugin-opt=-pass-through=-lgcc", "-plugin-opt=-pass-through=-lgcc_"..., "-plugin-opt=-pass-through=-lc", "-plugin-opt=-pass-through=-lgcc", "-plugin-opt=-pass-through=-lgcc_"..., "--build-id", "--eh-frame-hdr", "--hash-style=gnu", "--as-needed", "-dynamic-linker", "/lib/ld-linux-aarch64.so.1", "-X", "-EL", "-maarch64linux", "--fix-cortex-a53-843419", "-pie", "-z", "now", "-z", "relro", "-o", "/home/runner/work/_temp/candidat"..., "/usr/lib/gcc/aarch64-linux-gnu/1"..., "/usr/lib/gcc/aarch64-linux-gnu/1"..., "/usr/lib/gcc/aarch64-linux-gnu/1"..., "-L/usr/lib/gcc/aarch64-linux-gnu"..., "-L/usr/lib/gcc/aarch64-linux-gnu"..., ...], 0xffffd223b740 /* 116 vars */ <unfinished ...>
7586  <... clone resumed>)              = 7587
7587  <... execve resumed>)             = 0
7586  wait4(7587,  <unfinished ...>
7587  clone3({flags=CLONE_VM|CLONE_FS|CLONE_FILES|CLONE_SIGHAND|CLONE_THREAD|CLONE_SYSVSEM|CLONE_SETTLS|CLONE_PARENT_SETTID|CLONE_CHILD_CLEARTID, child_tid=0xffc3ef1ff050, parent_tid=0xffc3ef1ff050, exit_signal=0, stack=0xffc3eb1f0000, stack_size=0x400e840, tls=0xffc3ef1ff6c0} => {parent_tid=[7588]}, 88) = 7588
7588  clone3({flags=CLONE_VM|CLONE_FS|CLONE_FILES|CLONE_SIGHAND|CLONE_THREAD|CLONE_SYSVSEM|CLONE_SETTLS|CLONE_PARENT_SETTID|CLONE_CHILD_CLEARTID, child_tid=0xffc3e3fff050, parent_tid=0xffc3e3fff050, exit_signal=0, stack=0xffc3dfff0000, stack_size=0x400e840, tls=0xffc3e3fff6c0} => {parent_tid=[7589]}, 88) = 7589
7588  clone3({flags=CLONE_VM|CLONE_FS|CLONE_FILES|CLONE_SIGHAND|CLONE_THREAD|CLONE_SYSVSEM|CLONE_SETTLS|CLONE_PARENT_SETTID|CLONE_CHILD_CLEARTID, child_tid=0xffc3dffef050, parent_tid=0xffc3dffef050, exit_signal=0, stack=0xffc3dbfe0000, stack_size=0x400e840, tls=0xffc3dffef6c0} => {parent_tid=[7590]}, 88) = 7590
7588  clone3({flags=CLONE_VM|CLONE_FS|CLONE_FILES|CLONE_SIGHAND|CLONE_THREAD|CLONE_SYSVSEM|CLONE_SETTLS|CLONE_PARENT_SETTID|CLONE_CHILD_CLEARTID, child_tid=0xffc3d3fff050, parent_tid=0xffc3d3fff050, exit_signal=0, stack=0xffc3cfff0000, stack_size=0x400e840, tls=0xffc3d3fff6c0} => {parent_tid=[7591]}, 88) = 7591
7588  exit(0 <unfinished ...>
7591  exit(0 <unfinished ...>
7588  <... exit resumed>)               = ?
7591  <... exit resumed>)               = ?
7590  exit(0 <unfinished ...>
7589  exit(0 <unfinished ...>
7587  exit_group(0 <unfinished ...>
7589  <... exit resumed>)               = ?
7588  +++ exited with 0 +++
7587  <... exit_group resumed>)         = ?
7591  +++ exited with 0 +++
7590  <... exit resumed>)               = ?
7589  +++ exited with 0 +++
7590  +++ exited with 0 +++
7587  +++ exited with 0 +++
7586  <... wait4 resumed>[{WIFEXITED(s) && WEXITSTATUS(s) == 0}], 0, NULL) = 7587
7586  --- SIGCHLD {si_signo=SIGCHLD, si_code=CLD_EXITED, si_pid=7587, si_uid=1001, si_status=0, si_utime=1 /* 0.01 s */, si_stime=1 /* 0.01 s */} ---
7586  exit_group(0)                     = ?
7586  +++ exited with 0 +++
7584  <... wait4 resumed>[{WIFEXITED(s) && WEXITSTATUS(s) == 0}], 0, NULL) = 7586
7584  --- SIGCHLD {si_signo=SIGCHLD, si_code=CLD_EXITED, si_pid=7586, si_uid=1001, si_status=0, si_utime=0, si_stime=0} ---
7584  exit_group(0)                     = ?
7584  +++ exited with 0 +++
7582  <... wait4 resumed>[{WIFEXITED(s) && WEXITSTATUS(s) == 0}], 0, NULL) = 7584
7582  --- SIGCHLD {si_signo=SIGCHLD, si_code=CLD_EXITED, si_pid=7584, si_uid=1001, si_status=0, si_utime=0, si_stime=0} ---
7582  exit_group(0)                     = ?
7582  +++ exited with 0 +++
