8375  execve("/home/runner/work/_temp/baseline-bootstrap-workspace/b4/compiler", ["/home/runner/work/_temp/baseline"..., "build", "/home/runner/work/_temp/baseline"..., "--output", "/home/runner/work/_temp/baseline"..., "--qbe", "/home/runner/work/_temp/qbe-1.3/"..., "--cc", "/usr/bin/cc", "--target", "linux-arm64-v0"], 0xfffff21e6448 /* 112 vars */) = 0
8375  clone(child_stack=NULL, flags=CLONE_CHILD_CLEARTID|CLONE_CHILD_SETTID|SIGCHLD, child_tidptr=0xff5308fd1f90) = 8376
8375  wait4(8376,  <unfinished ...>
8376  execve("/home/runner/work/_temp/qbe-1.3/qbe", ["/home/runner/work/_temp/qbe-1.3/"..., "-t", "arm64", "-o", "/home/runner/work/_temp/baseline"..., "/home/runner/work/_temp/baseline"...], 0xffffdd5fa088 /* 112 vars */) = 0
8376  exit_group(0)                     = ?
8376  +++ exited with 0 +++
8375  <... wait4 resumed>[{WIFEXITED(s) && WEXITSTATUS(s) == 0}], 0, NULL) = 8376
8375  --- SIGCHLD {si_signo=SIGCHLD, si_code=CLD_EXITED, si_pid=8376, si_uid=1001, si_status=0, si_utime=0, si_stime=0} ---
8375  clone(child_stack=NULL, flags=CLONE_CHILD_CLEARTID|CLONE_CHILD_SETTID|SIGCHLD, child_tidptr=0xff5308fd1f90) = 8377
8375  wait4(8377,  <unfinished ...>
8377  execve("/usr/bin/cc", ["/usr/bin/cc", "-xassembler", "/home/runner/work/_temp/baseline"..., "-fuse-ld=lld", "-Wl,--gc-sections,--strip-all,--"..., "-lm", "-o", "/home/runner/work/_temp/baseline"...], 0xffffdd5fa088 /* 112 vars */) = 0
8377  clone(child_stack=0xffffc0594eb0, flags=CLONE_VM|CLONE_VFORK|SIGCHLD <unfinished ...>
8378  execve("/snap/bin/as", ["as", "-EL", "-mabi=lp64", "-o", "/tmp/cc5FhAIW.o", "/home/runner/work/_temp/baseline"...], 0x1902a300 /* 117 vars */) = -1 ENOENT (No such file or directory)
8378  execve("/home/runner/.local/bin/as", ["as", "-EL", "-mabi=lp64", "-o", "/tmp/cc5FhAIW.o", "/home/runner/work/_temp/baseline"...], 0x1902a300 /* 117 vars */) = -1 ENOENT (No such file or directory)
8378  execve("/opt/pipx_bin/as", ["as", "-EL", "-mabi=lp64", "-o", "/tmp/cc5FhAIW.o", "/home/runner/work/_temp/baseline"...], 0x1902a300 /* 117 vars */) = -1 ENOENT (No such file or directory)
8378  execve("/home/runner/.cargo/bin/as", ["as", "-EL", "-mabi=lp64", "-o", "/tmp/cc5FhAIW.o", "/home/runner/work/_temp/baseline"...], 0x1902a300 /* 117 vars */) = -1 ENOENT (No such file or directory)
8378  execve("/home/runner/.config/composer/vendor/bin/as", ["as", "-EL", "-mabi=lp64", "-o", "/tmp/cc5FhAIW.o", "/home/runner/work/_temp/baseline"...], 0x1902a300 /* 117 vars */) = -1 ENOENT (No such file or directory)
8378  execve("/home/runner/.dotnet/tools/as", ["as", "-EL", "-mabi=lp64", "-o", "/tmp/cc5FhAIW.o", "/home/runner/work/_temp/baseline"...], 0x1902a300 /* 117 vars */) = -1 ENOENT (No such file or directory)
8378  execve("/usr/local/sbin/as", ["as", "-EL", "-mabi=lp64", "-o", "/tmp/cc5FhAIW.o", "/home/runner/work/_temp/baseline"...], 0x1902a300 /* 117 vars */) = -1 ENOENT (No such file or directory)
8378  execve("/usr/local/bin/as", ["as", "-EL", "-mabi=lp64", "-o", "/tmp/cc5FhAIW.o", "/home/runner/work/_temp/baseline"...], 0x1902a300 /* 117 vars */) = -1 ENOENT (No such file or directory)
8378  execve("/usr/sbin/as", ["as", "-EL", "-mabi=lp64", "-o", "/tmp/cc5FhAIW.o", "/home/runner/work/_temp/baseline"...], 0x1902a300 /* 117 vars */) = -1 ENOENT (No such file or directory)
8378  execve("/usr/bin/as", ["as", "-EL", "-mabi=lp64", "-o", "/tmp/cc5FhAIW.o", "/home/runner/work/_temp/baseline"...], 0x1902a300 /* 117 vars */ <unfinished ...>
8377  <... clone resumed>)              = 8378
8378  <... execve resumed>)             = 0
8377  wait4(8378,  <unfinished ...>
8378  exit_group(0)                     = ?
8378  +++ exited with 0 +++
8377  <... wait4 resumed>[{WIFEXITED(s) && WEXITSTATUS(s) == 0}], 0, NULL) = 8378
8377  --- SIGCHLD {si_signo=SIGCHLD, si_code=CLD_EXITED, si_pid=8378, si_uid=1001, si_status=0, si_utime=0, si_stime=0} ---
8377  clone(child_stack=0xffffc0593ff0, flags=CLONE_VM|CLONE_VFORK|SIGCHLD <unfinished ...>
8379  execve("/usr/libexec/gcc/aarch64-linux-gnu/13/collect2", ["/usr/libexec/gcc/aarch64-linux-g"..., "-plugin", "/usr/libexec/gcc/aarch64-linux-g"..., "-plugin-opt=/usr/libexec/gcc/aar"..., "-plugin-opt=-fresolution=/tmp/cc"..., "-plugin-opt=-pass-through=-lgcc", "-plugin-opt=-pass-through=-lgcc_"..., "-plugin-opt=-pass-through=-lc", "-plugin-opt=-pass-through=-lgcc", "-plugin-opt=-pass-through=-lgcc_"..., "--build-id", "--eh-frame-hdr", "--hash-style=gnu", "--as-needed", "-dynamic-linker", "/lib/ld-linux-aarch64.so.1", "-X", "-EL", "-maarch64linux", "--fix-cortex-a53-843419", "-pie", "-z", "now", "-fuse-ld=lld", "-z", "relro", "-o", "/home/runner/work/_temp/baseline"..., "/usr/lib/gcc/aarch64-linux-gnu/1"..., "/usr/lib/gcc/aarch64-linux-gnu/1"..., "/usr/lib/gcc/aarch64-linux-gnu/1"..., "-L/usr/lib/gcc/aarch64-linux-gnu"..., ...], 0x1902a9b0 /* 119 vars */ <unfinished ...>
8377  <... clone resumed>)              = 8379
8379  <... execve resumed>)             = 0
8377  wait4(8379,  <unfinished ...>
8379  clone(child_stack=0xffffd0fb3be0, flags=CLONE_VM|CLONE_VFORK|SIGCHLD <unfinished ...>
8380  execve("/usr/bin/ld.lld", ["/usr/bin/ld.lld", "-plugin", "/usr/libexec/gcc/aarch64-linux-g"..., "-plugin-opt=/usr/libexec/gcc/aar"..., "-plugin-opt=-fresolution=/tmp/cc"..., "-plugin-opt=-pass-through=-lgcc", "-plugin-opt=-pass-through=-lgcc_"..., "-plugin-opt=-pass-through=-lc", "-plugin-opt=-pass-through=-lgcc", "-plugin-opt=-pass-through=-lgcc_"..., "--build-id", "--eh-frame-hdr", "--hash-style=gnu", "--as-needed", "-dynamic-linker", "/lib/ld-linux-aarch64.so.1", "-X", "-EL", "-maarch64linux", "--fix-cortex-a53-843419", "-pie", "-z", "now", "-z", "relro", "-o", "/home/runner/work/_temp/baseline"..., "/usr/lib/gcc/aarch64-linux-gnu/1"..., "/usr/lib/gcc/aarch64-linux-gnu/1"..., "/usr/lib/gcc/aarch64-linux-gnu/1"..., "-L/usr/lib/gcc/aarch64-linux-gnu"..., "-L/usr/lib/gcc/aarch64-linux-gnu"..., ...], 0xffffd0fb42a8 /* 119 vars */ <unfinished ...>
8379  <... clone resumed>)              = 8380
8380  <... execve resumed>)             = 0
8379  wait4(8380,  <unfinished ...>
8380  clone3({flags=CLONE_VM|CLONE_FS|CLONE_FILES|CLONE_SIGHAND|CLONE_THREAD|CLONE_SYSVSEM|CLONE_SETTLS|CLONE_PARENT_SETTID|CLONE_CHILD_CLEARTID, child_tid=0xffa1ce1ff050, parent_tid=0xffa1ce1ff050, exit_signal=0, stack=0xffa1ca1f0000, stack_size=0x400e840, tls=0xffa1ce1ff6c0} => {parent_tid=[8381]}, 88) = 8381
8381  clone3({flags=CLONE_VM|CLONE_FS|CLONE_FILES|CLONE_SIGHAND|CLONE_THREAD|CLONE_SYSVSEM|CLONE_SETTLS|CLONE_PARENT_SETTID|CLONE_CHILD_CLEARTID, child_tid=0xffa1c3fff050, parent_tid=0xffa1c3fff050, exit_signal=0, stack=0xffa1bfff0000, stack_size=0x400e840, tls=0xffa1c3fff6c0} => {parent_tid=[8382]}, 88) = 8382
8381  clone3({flags=CLONE_VM|CLONE_FS|CLONE_FILES|CLONE_SIGHAND|CLONE_THREAD|CLONE_SYSVSEM|CLONE_SETTLS|CLONE_PARENT_SETTID|CLONE_CHILD_CLEARTID, child_tid=0xffa1bffef050, parent_tid=0xffa1bffef050, exit_signal=0, stack=0xffa1bbfe0000, stack_size=0x400e840, tls=0xffa1bffef6c0} => {parent_tid=[8383]}, 88) = 8383
8381  clone3({flags=CLONE_VM|CLONE_FS|CLONE_FILES|CLONE_SIGHAND|CLONE_THREAD|CLONE_SYSVSEM|CLONE_SETTLS|CLONE_PARENT_SETTID|CLONE_CHILD_CLEARTID, child_tid=0xffa1b3fff050, parent_tid=0xffa1b3fff050, exit_signal=0, stack=0xffa1afff0000, stack_size=0x400e840, tls=0xffa1b3fff6c0} => {parent_tid=[8384]}, 88) = 8384
8384  exit(0)                           = ?
8384  +++ exited with 0 +++
8383  exit(0 <unfinished ...>
8380  exit_group(0 <unfinished ...>
8383  <... exit resumed>)               = ?
8380  <... exit_group resumed>)         = ?
8383  +++ exited with 0 +++
8382  +++ exited with 0 +++
8381  +++ exited with 0 +++
8380  +++ exited with 0 +++
8379  <... wait4 resumed>[{WIFEXITED(s) && WEXITSTATUS(s) == 0}], 0, NULL) = 8380
8379  --- SIGCHLD {si_signo=SIGCHLD, si_code=CLD_EXITED, si_pid=8380, si_uid=1001, si_status=0, si_utime=0, si_stime=1 /* 0.01 s */} ---
8379  exit_group(0)                     = ?
8379  +++ exited with 0 +++
8377  <... wait4 resumed>[{WIFEXITED(s) && WEXITSTATUS(s) == 0}], 0, NULL) = 8379
8377  --- SIGCHLD {si_signo=SIGCHLD, si_code=CLD_EXITED, si_pid=8379, si_uid=1001, si_status=0, si_utime=0, si_stime=0} ---
8377  exit_group(0)                     = ?
8377  +++ exited with 0 +++
8375  <... wait4 resumed>[{WIFEXITED(s) && WEXITSTATUS(s) == 0}], 0, NULL) = 8377
8375  --- SIGCHLD {si_signo=SIGCHLD, si_code=CLD_EXITED, si_pid=8377, si_uid=1001, si_status=0, si_utime=0, si_stime=0} ---
8375  exit_group(0)                     = ?
8375  +++ exited with 0 +++
