69    execve("/run/b1", ["/run/b1", "build", "/repo/compiler/gate4/src/compile"..., "--output", "/run/trace/compiler", "--qbe", "/usr/local/bin/qbe", "--cc", "/usr/bin/cc", "--target", "linux-arm64-v0"], 0xffffdc39bee8 /* 6 vars */) = 0
69    clone(child_stack=NULL, flags=CLONE_CHILD_CLEARTID|CLONE_CHILD_SETTID|SIGCHLD, child_tidptr=0xffff9d64a050) = 70
69    wait4(70,  <unfinished ...>
70    execve("/usr/local/bin/qbe", ["/usr/local/bin/qbe", "-t", "arm64", "-o", "/run/trace/compiler.trbn.s", "/run/trace/compiler.trbn.ssa"], 0xffffc53a8ab8 /* 6 vars */) = 0
70    exit_group(0)                     = ?
70    +++ exited with 0 +++
69    <... wait4 resumed>[{WIFEXITED(s) && WEXITSTATUS(s) == 0}], 0, NULL) = 70
69    --- SIGCHLD {si_signo=SIGCHLD, si_code=CLD_EXITED, si_pid=70, si_uid=0, si_status=0, si_utime=9 /* 0.09 s */, si_stime=0} ---
69    clone(child_stack=NULL, flags=CLONE_CHILD_CLEARTID|CLONE_CHILD_SETTID|SIGCHLD, child_tidptr=0xffff9d64a050) = 71
69    wait4(71,  <unfinished ...>
71    execve("/usr/bin/cc", ["/usr/bin/cc", "/run/trace/compiler.trbn.s", "-Wl,--gc-sections,--strip-all", "-o", "/run/trace/compiler.trbn.l8cytA/"...], 0xffffc53a8ab8 /* 6 vars */) = 0
71    clone(child_stack=0xffffea28ba10, flags=CLONE_VM|CLONE_VFORK|SIGCHLD <unfinished ...>
72    execve("/usr/local/sbin/as", ["as", "-EL", "-mabi=lp64", "-o", "/tmp/cck8u8sM.o", "/run/trace/compiler.trbn.s"], 0x274359c0 /* 9 vars */) = -1 ENOENT (No such file or directory)
72    execve("/usr/local/bin/as", ["as", "-EL", "-mabi=lp64", "-o", "/tmp/cck8u8sM.o", "/run/trace/compiler.trbn.s"], 0x274359c0 /* 9 vars */) = -1 ENOENT (No such file or directory)
72    execve("/usr/sbin/as", ["as", "-EL", "-mabi=lp64", "-o", "/tmp/cck8u8sM.o", "/run/trace/compiler.trbn.s"], 0x274359c0 /* 9 vars */) = -1 ENOENT (No such file or directory)
72    execve("/usr/bin/as", ["as", "-EL", "-mabi=lp64", "-o", "/tmp/cck8u8sM.o", "/run/trace/compiler.trbn.s"], 0x274359c0 /* 9 vars */ <unfinished ...>
71    <... clone resumed>)              = 72
72    <... execve resumed>)             = 0
71    wait4(72,  <unfinished ...>
72    exit_group(0)                     = ?
72    +++ exited with 0 +++
71    <... wait4 resumed>[{WIFEXITED(s) && WEXITSTATUS(s) == 0}], 0, NULL) = 72
71    --- SIGCHLD {si_signo=SIGCHLD, si_code=CLD_EXITED, si_pid=72, si_uid=0, si_status=0, si_utime=6 /* 0.06 s */, si_stime=0} ---
71    clone(child_stack=0xffffea28acb0, flags=CLONE_VM|CLONE_VFORK|SIGCHLD <unfinished ...>
73    execve("/usr/lib/gcc/aarch64-linux-gnu/12/collect2", ["/usr/lib/gcc/aarch64-linux-gnu/1"..., "-plugin", "/usr/lib/gcc/aarch64-linux-gnu/1"..., "-plugin-opt=/usr/lib/gcc/aarch64"..., "-plugin-opt=-fresolution=/tmp/cc"..., "-plugin-opt=-pass-through=-lgcc", "-plugin-opt=-pass-through=-lgcc_"..., "-plugin-opt=-pass-through=-lc", "-plugin-opt=-pass-through=-lgcc", "-plugin-opt=-pass-through=-lgcc_"..., "--build-id", "--eh-frame-hdr", "--hash-style=gnu", "--as-needed", "-dynamic-linker", "/lib/ld-linux-aarch64.so.1", "-X", "-EL", "-maarch64linux", "--fix-cortex-a53-843419", "-pie", "-o", "/run/trace/compiler.trbn.l8cytA/"..., "/usr/lib/gcc/aarch64-linux-gnu/1"..., "/usr/lib/gcc/aarch64-linux-gnu/1"..., "/usr/lib/gcc/aarch64-linux-gnu/1"..., "-L/usr/lib/gcc/aarch64-linux-gnu"..., "-L/usr/lib/gcc/aarch64-linux-gnu"..., "-L/usr/lib/gcc/aarch64-linux-gnu"..., "-L/lib/aarch64-linux-gnu", "-L/lib/../lib", "-L/usr/lib/aarch64-linux-gnu", ...], 0x27435c90 /* 11 vars */ <unfinished ...>
71    <... clone resumed>)              = 73
73    <... execve resumed>)             = 0
71    wait4(73,  <unfinished ...>
73    clone(child_stack=0xffffc38585d0, flags=CLONE_VM|CLONE_VFORK|SIGCHLD <unfinished ...>
74    execve("/usr/bin/ld", ["/usr/bin/ld", "-plugin", "/usr/lib/gcc/aarch64-linux-gnu/1"..., "-plugin-opt=/usr/lib/gcc/aarch64"..., "-plugin-opt=-fresolution=/tmp/cc"..., "-plugin-opt=-pass-through=-lgcc", "-plugin-opt=-pass-through=-lgcc_"..., "-plugin-opt=-pass-through=-lc", "-plugin-opt=-pass-through=-lgcc", "-plugin-opt=-pass-through=-lgcc_"..., "--build-id", "--eh-frame-hdr", "--hash-style=gnu", "--as-needed", "-dynamic-linker", "/lib/ld-linux-aarch64.so.1", "-X", "-EL", "-maarch64linux", "--fix-cortex-a53-843419", "-pie", "-o", "/run/trace/compiler.trbn.l8cytA/"..., "/usr/lib/gcc/aarch64-linux-gnu/1"..., "/usr/lib/gcc/aarch64-linux-gnu/1"..., "/usr/lib/gcc/aarch64-linux-gnu/1"..., "-L/usr/lib/gcc/aarch64-linux-gnu"..., "-L/usr/lib/gcc/aarch64-linux-gnu"..., "-L/usr/lib/gcc/aarch64-linux-gnu"..., "-L/lib/aarch64-linux-gnu", "-L/lib/../lib", "-L/usr/lib/aarch64-linux-gnu", ...], 0xffffc3858bd0 /* 11 vars */ <unfinished ...>
73    <... clone resumed>)              = 74
74    <... execve resumed>)             = 0
73    wait4(74,  <unfinished ...>
74    exit_group(0)                     = ?
74    +++ exited with 0 +++
73    <... wait4 resumed>[{WIFEXITED(s) && WEXITSTATUS(s) == 0}], 0, NULL) = 74
73    --- SIGCHLD {si_signo=SIGCHLD, si_code=CLD_EXITED, si_pid=74, si_uid=0, si_status=0, si_utime=0, si_stime=1 /* 0.01 s */} ---
73    exit_group(0)                     = ?
73    +++ exited with 0 +++
71    <... wait4 resumed>[{WIFEXITED(s) && WEXITSTATUS(s) == 0}], 0, NULL) = 73
71    --- SIGCHLD {si_signo=SIGCHLD, si_code=CLD_EXITED, si_pid=73, si_uid=0, si_status=0, si_utime=0, si_stime=0} ---
71    exit_group(0)                     = ?
71    +++ exited with 0 +++
69    <... wait4 resumed>[{WIFEXITED(s) && WEXITSTATUS(s) == 0}], 0, NULL) = 71
69    --- SIGCHLD {si_signo=SIGCHLD, si_code=CLD_EXITED, si_pid=71, si_uid=0, si_status=0, si_utime=0, si_stime=0} ---
69    exit_group(0)                     = ?
69    +++ exited with 0 +++
