11207 execve("/home/runner/work/_temp/candidate-bootstrap-workspace/b4/compiler", ["/home/runner/work/_temp/candidat"..., "build", "/home/runner/work/type-rb-native"..., "--output", "/home/runner/work/_temp/candidat"..., "--qbe", "/home/runner/work/_temp/qbe-1.3/"..., "--cc", "/usr/bin/cc", "--target", "linux-arm64-v0"], 0xffffc6a21198 /* 109 vars */) = 0
11207 clone(child_stack=NULL, flags=CLONE_CHILD_CLEARTID|CLONE_CHILD_SETTID|SIGCHLD, child_tidptr=0xffbb6e0c6f90) = 11208
11207 wait4(11208,  <unfinished ...>
11208 execve("/home/runner/work/_temp/qbe-1.3/qbe", ["/home/runner/work/_temp/qbe-1.3/"..., "-t", "arm64", "-o", "/home/runner/work/_temp/candidat"..., "/home/runner/work/_temp/candidat"...], 0xffffc3226658 /* 109 vars */) = 0
11208 exit_group(0)                     = ?
11208 +++ exited with 0 +++
11207 <... wait4 resumed>[{WIFEXITED(s) && WEXITSTATUS(s) == 0}], 0, NULL) = 11208
11207 --- SIGCHLD {si_signo=SIGCHLD, si_code=CLD_EXITED, si_pid=11208, si_uid=1001, si_status=0, si_utime=0, si_stime=0} ---
11207 clone(child_stack=NULL, flags=CLONE_CHILD_CLEARTID|CLONE_CHILD_SETTID|SIGCHLD, child_tidptr=0xffbb6e0c6f90) = 11209
11207 wait4(11209,  <unfinished ...>
11209 execve("/usr/bin/cc", ["/usr/bin/cc", "-xassembler", "/home/runner/work/_temp/candidat"..., "-fuse-ld=lld", "-Wl,--gc-sections,--strip-all,--"..., "-lm", "-o", "/home/runner/work/_temp/candidat"...], 0xffffc3226658 /* 109 vars */) = 0
11209 clone(child_stack=0xffffeb957820, flags=CLONE_VM|CLONE_VFORK|SIGCHLD <unfinished ...>
11210 execve("/snap/bin/as", ["as", "-EL", "-mabi=lp64", "-o", "/tmp/ccXJlE8g.o", "/home/runner/work/_temp/candidat"...], 0x301fed70 /* 114 vars */) = -1 ENOENT (No such file or directory)
11210 execve("/home/runner/.local/bin/as", ["as", "-EL", "-mabi=lp64", "-o", "/tmp/ccXJlE8g.o", "/home/runner/work/_temp/candidat"...], 0x301fed70 /* 114 vars */) = -1 ENOENT (No such file or directory)
11210 execve("/opt/pipx_bin/as", ["as", "-EL", "-mabi=lp64", "-o", "/tmp/ccXJlE8g.o", "/home/runner/work/_temp/candidat"...], 0x301fed70 /* 114 vars */) = -1 ENOENT (No such file or directory)
11210 execve("/home/runner/.cargo/bin/as", ["as", "-EL", "-mabi=lp64", "-o", "/tmp/ccXJlE8g.o", "/home/runner/work/_temp/candidat"...], 0x301fed70 /* 114 vars */) = -1 ENOENT (No such file or directory)
11210 execve("/home/runner/.config/composer/vendor/bin/as", ["as", "-EL", "-mabi=lp64", "-o", "/tmp/ccXJlE8g.o", "/home/runner/work/_temp/candidat"...], 0x301fed70 /* 114 vars */) = -1 ENOENT (No such file or directory)
11210 execve("/home/runner/.dotnet/tools/as", ["as", "-EL", "-mabi=lp64", "-o", "/tmp/ccXJlE8g.o", "/home/runner/work/_temp/candidat"...], 0x301fed70 /* 114 vars */) = -1 ENOENT (No such file or directory)
11210 execve("/usr/local/sbin/as", ["as", "-EL", "-mabi=lp64", "-o", "/tmp/ccXJlE8g.o", "/home/runner/work/_temp/candidat"...], 0x301fed70 /* 114 vars */) = -1 ENOENT (No such file or directory)
11210 execve("/usr/local/bin/as", ["as", "-EL", "-mabi=lp64", "-o", "/tmp/ccXJlE8g.o", "/home/runner/work/_temp/candidat"...], 0x301fed70 /* 114 vars */) = -1 ENOENT (No such file or directory)
11210 execve("/usr/sbin/as", ["as", "-EL", "-mabi=lp64", "-o", "/tmp/ccXJlE8g.o", "/home/runner/work/_temp/candidat"...], 0x301fed70 /* 114 vars */) = -1 ENOENT (No such file or directory)
11210 execve("/usr/bin/as", ["as", "-EL", "-mabi=lp64", "-o", "/tmp/ccXJlE8g.o", "/home/runner/work/_temp/candidat"...], 0x301fed70 /* 114 vars */ <unfinished ...>
11209 <... clone resumed>)              = 11210
11210 <... execve resumed>)             = 0
11209 wait4(11210,  <unfinished ...>
11210 exit_group(0)                     = ?
11210 +++ exited with 0 +++
11209 <... wait4 resumed>[{WIFEXITED(s) && WEXITSTATUS(s) == 0}], 0, NULL) = 11210
11209 --- SIGCHLD {si_signo=SIGCHLD, si_code=CLD_EXITED, si_pid=11210, si_uid=1001, si_status=0, si_utime=0, si_stime=0} ---
11209 clone(child_stack=0xffffeb956960, flags=CLONE_VM|CLONE_VFORK|SIGCHLD <unfinished ...>
11211 execve("/usr/libexec/gcc/aarch64-linux-gnu/13/collect2", ["/usr/libexec/gcc/aarch64-linux-g"..., "-plugin", "/usr/libexec/gcc/aarch64-linux-g"..., "-plugin-opt=/usr/libexec/gcc/aar"..., "-plugin-opt=-fresolution=/tmp/cc"..., "-plugin-opt=-pass-through=-lgcc", "-plugin-opt=-pass-through=-lgcc_"..., "-plugin-opt=-pass-through=-lc", "-plugin-opt=-pass-through=-lgcc", "-plugin-opt=-pass-through=-lgcc_"..., "--build-id", "--eh-frame-hdr", "--hash-style=gnu", "--as-needed", "-dynamic-linker", "/lib/ld-linux-aarch64.so.1", "-X", "-EL", "-maarch64linux", "--fix-cortex-a53-843419", "-pie", "-z", "now", "-fuse-ld=lld", "-z", "relro", "-o", "/home/runner/work/_temp/candidat"..., "/usr/lib/gcc/aarch64-linux-gnu/1"..., "/usr/lib/gcc/aarch64-linux-gnu/1"..., "/usr/lib/gcc/aarch64-linux-gnu/1"..., "-L/usr/lib/gcc/aarch64-linux-gnu"..., ...], 0x301ff590 /* 116 vars */ <unfinished ...>
11209 <... clone resumed>)              = 11211
11211 <... execve resumed>)             = 0
11209 wait4(11211,  <unfinished ...>
11211 clone(child_stack=0xffffe91d6570, flags=CLONE_VM|CLONE_VFORK|SIGCHLD <unfinished ...>
11212 execve("/usr/bin/ld.lld", ["/usr/bin/ld.lld", "-plugin", "/usr/libexec/gcc/aarch64-linux-g"..., "-plugin-opt=/usr/libexec/gcc/aar"..., "-plugin-opt=-fresolution=/tmp/cc"..., "-plugin-opt=-pass-through=-lgcc", "-plugin-opt=-pass-through=-lgcc_"..., "-plugin-opt=-pass-through=-lc", "-plugin-opt=-pass-through=-lgcc", "-plugin-opt=-pass-through=-lgcc_"..., "--build-id", "--eh-frame-hdr", "--hash-style=gnu", "--as-needed", "-dynamic-linker", "/lib/ld-linux-aarch64.so.1", "-X", "-EL", "-maarch64linux", "--fix-cortex-a53-843419", "-pie", "-z", "now", "-z", "relro", "-o", "/home/runner/work/_temp/candidat"..., "/usr/lib/gcc/aarch64-linux-gnu/1"..., "/usr/lib/gcc/aarch64-linux-gnu/1"..., "/usr/lib/gcc/aarch64-linux-gnu/1"..., "-L/usr/lib/gcc/aarch64-linux-gnu"..., "-L/usr/lib/gcc/aarch64-linux-gnu"..., ...], 0xffffe91d6c38 /* 116 vars */ <unfinished ...>
11211 <... clone resumed>)              = 11212
11212 <... execve resumed>)             = 0
11211 wait4(11212,  <unfinished ...>
11212 clone3({flags=CLONE_VM|CLONE_FS|CLONE_FILES|CLONE_SIGHAND|CLONE_THREAD|CLONE_SYSVSEM|CLONE_SETTLS|CLONE_PARENT_SETTID|CLONE_CHILD_CLEARTID, child_tid=0xff3dc89ff050, parent_tid=0xff3dc89ff050, exit_signal=0, stack=0xff3dc49f0000, stack_size=0x400e840, tls=0xff3dc89ff6c0} => {parent_tid=[11213]}, 88) = 11213
11213 clone3({flags=CLONE_VM|CLONE_FS|CLONE_FILES|CLONE_SIGHAND|CLONE_THREAD|CLONE_SYSVSEM|CLONE_SETTLS|CLONE_PARENT_SETTID|CLONE_CHILD_CLEARTID, child_tid=0xff3dbffff050, parent_tid=0xff3dbffff050, exit_signal=0, stack=0xff3dbbff0000, stack_size=0x400e840, tls=0xff3dbffff6c0} => {parent_tid=[11214]}, 88) = 11214
11213 clone3({flags=CLONE_VM|CLONE_FS|CLONE_FILES|CLONE_SIGHAND|CLONE_THREAD|CLONE_SYSVSEM|CLONE_SETTLS|CLONE_PARENT_SETTID|CLONE_CHILD_CLEARTID, child_tid=0xff3dbbfef050, parent_tid=0xff3dbbfef050, exit_signal=0, stack=0xff3db7fe0000, stack_size=0x400e840, tls=0xff3dbbfef6c0} => {parent_tid=[11215]}, 88) = 11215
11213 clone3({flags=CLONE_VM|CLONE_FS|CLONE_FILES|CLONE_SIGHAND|CLONE_THREAD|CLONE_SYSVSEM|CLONE_SETTLS|CLONE_PARENT_SETTID|CLONE_CHILD_CLEARTID, child_tid=0xff3daffff050, parent_tid=0xff3daffff050, exit_signal=0, stack=0xff3dabff0000, stack_size=0x400e840, tls=0xff3daffff6c0} => {parent_tid=[11216]}, 88) = 11216
11216 exit(0)                           = ?
11216 +++ exited with 0 +++
11212 exit_group(0)                     = ?
11215 +++ exited with 0 +++
11214 +++ exited with 0 +++
11213 +++ exited with 0 +++
11212 +++ exited with 0 +++
11211 <... wait4 resumed>[{WIFEXITED(s) && WEXITSTATUS(s) == 0}], 0, NULL) = 11212
11211 --- SIGCHLD {si_signo=SIGCHLD, si_code=CLD_EXITED, si_pid=11212, si_uid=1001, si_status=0, si_utime=0, si_stime=1 /* 0.01 s */} ---
11211 exit_group(0)                     = ?
11211 +++ exited with 0 +++
11209 <... wait4 resumed>[{WIFEXITED(s) && WEXITSTATUS(s) == 0}], 0, NULL) = 11211
11209 --- SIGCHLD {si_signo=SIGCHLD, si_code=CLD_EXITED, si_pid=11211, si_uid=1001, si_status=0, si_utime=0, si_stime=0} ---
11209 exit_group(0)                     = ?
11209 +++ exited with 0 +++
11207 <... wait4 resumed>[{WIFEXITED(s) && WEXITSTATUS(s) == 0}], 0, NULL) = 11209
11207 --- SIGCHLD {si_signo=SIGCHLD, si_code=CLD_EXITED, si_pid=11209, si_uid=1001, si_status=0, si_utime=0, si_stime=0} ---
11207 exit_group(0)                     = ?
11207 +++ exited with 0 +++
