7873  execve("/home/runner/work/_temp/candidate-bootstrap-workspace/b4/compiler", ["/home/runner/work/_temp/candidat"..., "build", "/home/runner/work/type-rb-native"..., "--output", "/home/runner/work/_temp/candidat"..., "--qbe", "/home/runner/work/_temp/qbe-1.3/"..., "--cc", "/usr/bin/cc", "--target", "linux-arm64-v0"], 0xffffd195b118 /* 111 vars */) = 0
7873  clone(child_stack=NULL, flags=CLONE_CHILD_CLEARTID|CLONE_CHILD_SETTID|SIGCHLD, child_tidptr=0xffe665395f90) = 7874
7873  wait4(7874,  <unfinished ...>
7874  execve("/home/runner/work/_temp/qbe-1.3/qbe", ["/home/runner/work/_temp/qbe-1.3/"..., "-t", "arm64", "-o", "/home/runner/work/_temp/candidat"..., "/home/runner/work/_temp/candidat"...], 0xffffc72ac3a8 /* 111 vars */) = 0
7874  exit_group(0)                     = ?
7874  +++ exited with 0 +++
7873  <... wait4 resumed>[{WIFEXITED(s) && WEXITSTATUS(s) == 0}], 0, NULL) = 7874
7873  --- SIGCHLD {si_signo=SIGCHLD, si_code=CLD_EXITED, si_pid=7874, si_uid=1001, si_status=0, si_utime=0, si_stime=0} ---
7873  clone(child_stack=NULL, flags=CLONE_CHILD_CLEARTID|CLONE_CHILD_SETTID|SIGCHLD, child_tidptr=0xffe665395f90) = 7875
7873  wait4(7875,  <unfinished ...>
7875  execve("/usr/bin/cc", ["/usr/bin/cc", "-xassembler", "/home/runner/work/_temp/candidat"..., "-fuse-ld=lld", "-Wl,--gc-sections,--strip-all", "-lm", "-o", "/home/runner/work/_temp/candidat"...], 0xffffc72ac3a8 /* 111 vars */) = 0
7875  clone(child_stack=0xfffff6414d10, flags=CLONE_VM|CLONE_VFORK|SIGCHLD <unfinished ...>
7876  execve("/snap/bin/as", ["as", "-EL", "-mabi=lp64", "-o", "/tmp/ccxhYNdG.o", "/home/runner/work/_temp/candidat"...], 0xe876d60 /* 116 vars */) = -1 ENOENT (No such file or directory)
7876  execve("/home/runner/.local/bin/as", ["as", "-EL", "-mabi=lp64", "-o", "/tmp/ccxhYNdG.o", "/home/runner/work/_temp/candidat"...], 0xe876d60 /* 116 vars */) = -1 ENOENT (No such file or directory)
7876  execve("/opt/pipx_bin/as", ["as", "-EL", "-mabi=lp64", "-o", "/tmp/ccxhYNdG.o", "/home/runner/work/_temp/candidat"...], 0xe876d60 /* 116 vars */) = -1 ENOENT (No such file or directory)
7876  execve("/home/runner/.cargo/bin/as", ["as", "-EL", "-mabi=lp64", "-o", "/tmp/ccxhYNdG.o", "/home/runner/work/_temp/candidat"...], 0xe876d60 /* 116 vars */) = -1 ENOENT (No such file or directory)
7876  execve("/home/runner/.config/composer/vendor/bin/as", ["as", "-EL", "-mabi=lp64", "-o", "/tmp/ccxhYNdG.o", "/home/runner/work/_temp/candidat"...], 0xe876d60 /* 116 vars */) = -1 ENOENT (No such file or directory)
7876  execve("/home/runner/.dotnet/tools/as", ["as", "-EL", "-mabi=lp64", "-o", "/tmp/ccxhYNdG.o", "/home/runner/work/_temp/candidat"...], 0xe876d60 /* 116 vars */) = -1 ENOENT (No such file or directory)
7876  execve("/usr/local/sbin/as", ["as", "-EL", "-mabi=lp64", "-o", "/tmp/ccxhYNdG.o", "/home/runner/work/_temp/candidat"...], 0xe876d60 /* 116 vars */) = -1 ENOENT (No such file or directory)
7876  execve("/usr/local/bin/as", ["as", "-EL", "-mabi=lp64", "-o", "/tmp/ccxhYNdG.o", "/home/runner/work/_temp/candidat"...], 0xe876d60 /* 116 vars */) = -1 ENOENT (No such file or directory)
7876  execve("/usr/sbin/as", ["as", "-EL", "-mabi=lp64", "-o", "/tmp/ccxhYNdG.o", "/home/runner/work/_temp/candidat"...], 0xe876d60 /* 116 vars */) = -1 ENOENT (No such file or directory)
7876  execve("/usr/bin/as", ["as", "-EL", "-mabi=lp64", "-o", "/tmp/ccxhYNdG.o", "/home/runner/work/_temp/candidat"...], 0xe876d60 /* 116 vars */ <unfinished ...>
7875  <... clone resumed>)              = 7876
7876  <... execve resumed>)             = 0
7875  wait4(7876,  <unfinished ...>
7876  exit_group(0)                     = ?
7876  +++ exited with 0 +++
7875  <... wait4 resumed>[{WIFEXITED(s) && WEXITSTATUS(s) == 0}], 0, NULL) = 7876
7875  --- SIGCHLD {si_signo=SIGCHLD, si_code=CLD_EXITED, si_pid=7876, si_uid=1001, si_status=0, si_utime=0, si_stime=0} ---
7875  clone(child_stack=0xfffff6413e50, flags=CLONE_VM|CLONE_VFORK|SIGCHLD <unfinished ...>
7877  execve("/usr/libexec/gcc/aarch64-linux-gnu/13/collect2", ["/usr/libexec/gcc/aarch64-linux-g"..., "-plugin", "/usr/libexec/gcc/aarch64-linux-g"..., "-plugin-opt=/usr/libexec/gcc/aar"..., "-plugin-opt=-fresolution=/tmp/cc"..., "-plugin-opt=-pass-through=-lgcc", "-plugin-opt=-pass-through=-lgcc_"..., "-plugin-opt=-pass-through=-lc", "-plugin-opt=-pass-through=-lgcc", "-plugin-opt=-pass-through=-lgcc_"..., "--build-id", "--eh-frame-hdr", "--hash-style=gnu", "--as-needed", "-dynamic-linker", "/lib/ld-linux-aarch64.so.1", "-X", "-EL", "-maarch64linux", "--fix-cortex-a53-843419", "-pie", "-z", "now", "-fuse-ld=lld", "-z", "relro", "-o", "/home/runner/work/_temp/candidat"..., "/usr/lib/gcc/aarch64-linux-gnu/1"..., "/usr/lib/gcc/aarch64-linux-gnu/1"..., "/usr/lib/gcc/aarch64-linux-gnu/1"..., "-L/usr/lib/gcc/aarch64-linux-gnu"..., ...], 0xe877590 /* 118 vars */ <unfinished ...>
7875  <... clone resumed>)              = 7877
7877  <... execve resumed>)             = 0
7875  wait4(7877,  <unfinished ...>
7877  clone(child_stack=0xffffdfe046b0, flags=CLONE_VM|CLONE_VFORK|SIGCHLD <unfinished ...>
7878  execve("/usr/bin/ld.lld", ["/usr/bin/ld.lld", "-plugin", "/usr/libexec/gcc/aarch64-linux-g"..., "-plugin-opt=/usr/libexec/gcc/aar"..., "-plugin-opt=-fresolution=/tmp/cc"..., "-plugin-opt=-pass-through=-lgcc", "-plugin-opt=-pass-through=-lgcc_"..., "-plugin-opt=-pass-through=-lc", "-plugin-opt=-pass-through=-lgcc", "-plugin-opt=-pass-through=-lgcc_"..., "--build-id", "--eh-frame-hdr", "--hash-style=gnu", "--as-needed", "-dynamic-linker", "/lib/ld-linux-aarch64.so.1", "-X", "-EL", "-maarch64linux", "--fix-cortex-a53-843419", "-pie", "-z", "now", "-z", "relro", "-o", "/home/runner/work/_temp/candidat"..., "/usr/lib/gcc/aarch64-linux-gnu/1"..., "/usr/lib/gcc/aarch64-linux-gnu/1"..., "/usr/lib/gcc/aarch64-linux-gnu/1"..., "-L/usr/lib/gcc/aarch64-linux-gnu"..., "-L/usr/lib/gcc/aarch64-linux-gnu"..., ...], 0xffffdfe04d70 /* 118 vars */ <unfinished ...>
7877  <... clone resumed>)              = 7878
7878  <... execve resumed>)             = 0
7877  wait4(7878,  <unfinished ...>
7878  clone3({flags=CLONE_VM|CLONE_FS|CLONE_FILES|CLONE_SIGHAND|CLONE_THREAD|CLONE_SYSVSEM|CLONE_SETTLS|CLONE_PARENT_SETTID|CLONE_CHILD_CLEARTID, child_tid=0xff3d7abff050, parent_tid=0xff3d7abff050, exit_signal=0, stack=0xff3d76bf0000, stack_size=0x400e840, tls=0xff3d7abff6c0} => {parent_tid=[7879]}, 88) = 7879
7879  clone3({flags=CLONE_VM|CLONE_FS|CLONE_FILES|CLONE_SIGHAND|CLONE_THREAD|CLONE_SYSVSEM|CLONE_SETTLS|CLONE_PARENT_SETTID|CLONE_CHILD_CLEARTID, child_tid=0xff3d6ffff050, parent_tid=0xff3d6ffff050, exit_signal=0, stack=0xff3d6bff0000, stack_size=0x400e840, tls=0xff3d6ffff6c0} => {parent_tid=[7880]}, 88) = 7880
7879  clone3({flags=CLONE_VM|CLONE_FS|CLONE_FILES|CLONE_SIGHAND|CLONE_THREAD|CLONE_SYSVSEM|CLONE_SETTLS|CLONE_PARENT_SETTID|CLONE_CHILD_CLEARTID, child_tid=0xff3d6bfef050, parent_tid=0xff3d6bfef050, exit_signal=0, stack=0xff3d67fe0000, stack_size=0x400e840, tls=0xff3d6bfef6c0} => {parent_tid=[7881]}, 88) = 7881
7879  clone3({flags=CLONE_VM|CLONE_FS|CLONE_FILES|CLONE_SIGHAND|CLONE_THREAD|CLONE_SYSVSEM|CLONE_SETTLS|CLONE_PARENT_SETTID|CLONE_CHILD_CLEARTID, child_tid=0xff3d5ffff050, parent_tid=0xff3d5ffff050, exit_signal=0, stack=0xff3d5bff0000, stack_size=0x400e840, tls=0xff3d5ffff6c0} => {parent_tid=[7882]}, 88) = 7882
7882  exit(0)                           = ?
7881  exit(0)                           = ?
7879  exit(0 <unfinished ...>
7882  +++ exited with 0 +++
7881  +++ exited with 0 +++
7879  <... exit resumed>)               = ?
7879  +++ exited with 0 +++
7878  exit_group(0)                     = ?
7880  +++ exited with 0 +++
7878  +++ exited with 0 +++
7877  <... wait4 resumed>[{WIFEXITED(s) && WEXITSTATUS(s) == 0}], 0, NULL) = 7878
7877  --- SIGCHLD {si_signo=SIGCHLD, si_code=CLD_EXITED, si_pid=7878, si_uid=1001, si_status=0, si_utime=0, si_stime=1 /* 0.01 s */} ---
7877  exit_group(0)                     = ?
7877  +++ exited with 0 +++
7875  <... wait4 resumed>[{WIFEXITED(s) && WEXITSTATUS(s) == 0}], 0, NULL) = 7877
7875  --- SIGCHLD {si_signo=SIGCHLD, si_code=CLD_EXITED, si_pid=7877, si_uid=1001, si_status=0, si_utime=0, si_stime=0} ---
7875  exit_group(0)                     = ?
7875  +++ exited with 0 +++
7873  <... wait4 resumed>[{WIFEXITED(s) && WEXITSTATUS(s) == 0}], 0, NULL) = 7875
7873  --- SIGCHLD {si_signo=SIGCHLD, si_code=CLD_EXITED, si_pid=7875, si_uid=1001, si_status=0, si_utime=0, si_stime=0} ---
7873  exit_group(0)                     = ?
7873  +++ exited with 0 +++
