5191  execve("/home/runner/work/_temp/baseline-bootstrap-workspace/b4/compiler", ["/home/runner/work/_temp/baseline"..., "build", "/home/runner/work/_temp/baseline"..., "--output", "/home/runner/work/_temp/baseline"..., "--qbe", "/home/runner/work/_temp/qbe-1.3/"..., "--cc", "/usr/bin/cc", "--target", "linux-arm64-v0"], 0xfffff049e178 /* 109 vars */) = 0
5191  clone(child_stack=NULL, flags=CLONE_CHILD_CLEARTID|CLONE_CHILD_SETTID|SIGCHLD, child_tidptr=0xff380a50cf90) = 5192
5191  wait4(5192,  <unfinished ...>
5192  execve("/home/runner/work/_temp/qbe-1.3/qbe", ["/home/runner/work/_temp/qbe-1.3/"..., "-t", "arm64", "-o", "/home/runner/work/_temp/baseline"..., "/home/runner/work/_temp/baseline"...], 0xffffded20e28 /* 109 vars */) = 0
5192  exit_group(0)                     = ?
5192  +++ exited with 0 +++
5191  <... wait4 resumed>[{WIFEXITED(s) && WEXITSTATUS(s) == 0}], 0, NULL) = 5192
5191  --- SIGCHLD {si_signo=SIGCHLD, si_code=CLD_EXITED, si_pid=5192, si_uid=1001, si_status=0, si_utime=0, si_stime=0} ---
5191  clone(child_stack=NULL, flags=CLONE_CHILD_CLEARTID|CLONE_CHILD_SETTID|SIGCHLD, child_tidptr=0xff380a50cf90) = 5193
5191  wait4(5193,  <unfinished ...>
5193  execve("/usr/bin/cc", ["/usr/bin/cc", "-xassembler", "/home/runner/work/_temp/baseline"..., "-fuse-ld=lld", "-Wl,--gc-sections,--strip-all", "-lm", "-o", "/home/runner/work/_temp/baseline"...], 0xffffded20e28 /* 109 vars */) = 0
5193  clone(child_stack=0xfffff8099420, flags=CLONE_VM|CLONE_VFORK|SIGCHLD <unfinished ...>
5194  execve("/snap/bin/as", ["as", "-EL", "-mabi=lp64", "-o", "/tmp/ccxOLiZ4.o", "/home/runner/work/_temp/baseline"...], 0x1f5b9d40 /* 114 vars */) = -1 ENOENT (No such file or directory)
5194  execve("/home/runner/.local/bin/as", ["as", "-EL", "-mabi=lp64", "-o", "/tmp/ccxOLiZ4.o", "/home/runner/work/_temp/baseline"...], 0x1f5b9d40 /* 114 vars */) = -1 ENOENT (No such file or directory)
5194  execve("/opt/pipx_bin/as", ["as", "-EL", "-mabi=lp64", "-o", "/tmp/ccxOLiZ4.o", "/home/runner/work/_temp/baseline"...], 0x1f5b9d40 /* 114 vars */) = -1 ENOENT (No such file or directory)
5194  execve("/home/runner/.cargo/bin/as", ["as", "-EL", "-mabi=lp64", "-o", "/tmp/ccxOLiZ4.o", "/home/runner/work/_temp/baseline"...], 0x1f5b9d40 /* 114 vars */) = -1 ENOENT (No such file or directory)
5194  execve("/home/runner/.config/composer/vendor/bin/as", ["as", "-EL", "-mabi=lp64", "-o", "/tmp/ccxOLiZ4.o", "/home/runner/work/_temp/baseline"...], 0x1f5b9d40 /* 114 vars */) = -1 ENOENT (No such file or directory)
5194  execve("/home/runner/.dotnet/tools/as", ["as", "-EL", "-mabi=lp64", "-o", "/tmp/ccxOLiZ4.o", "/home/runner/work/_temp/baseline"...], 0x1f5b9d40 /* 114 vars */) = -1 ENOENT (No such file or directory)
5194  execve("/usr/local/sbin/as", ["as", "-EL", "-mabi=lp64", "-o", "/tmp/ccxOLiZ4.o", "/home/runner/work/_temp/baseline"...], 0x1f5b9d40 /* 114 vars */) = -1 ENOENT (No such file or directory)
5194  execve("/usr/local/bin/as", ["as", "-EL", "-mabi=lp64", "-o", "/tmp/ccxOLiZ4.o", "/home/runner/work/_temp/baseline"...], 0x1f5b9d40 /* 114 vars */) = -1 ENOENT (No such file or directory)
5194  execve("/usr/sbin/as", ["as", "-EL", "-mabi=lp64", "-o", "/tmp/ccxOLiZ4.o", "/home/runner/work/_temp/baseline"...], 0x1f5b9d40 /* 114 vars */) = -1 ENOENT (No such file or directory)
5194  execve("/usr/bin/as", ["as", "-EL", "-mabi=lp64", "-o", "/tmp/ccxOLiZ4.o", "/home/runner/work/_temp/baseline"...], 0x1f5b9d40 /* 114 vars */ <unfinished ...>
5193  <... clone resumed>)              = 5194
5194  <... execve resumed>)             = 0
5193  wait4(5194,  <unfinished ...>
5194  exit_group(0)                     = ?
5194  +++ exited with 0 +++
5193  <... wait4 resumed>[{WIFEXITED(s) && WEXITSTATUS(s) == 0}], 0, NULL) = 5194
5193  --- SIGCHLD {si_signo=SIGCHLD, si_code=CLD_EXITED, si_pid=5194, si_uid=1001, si_status=0, si_utime=0, si_stime=0} ---
5193  clone(child_stack=0xfffff8098560, flags=CLONE_VM|CLONE_VFORK|SIGCHLD <unfinished ...>
5195  execve("/usr/libexec/gcc/aarch64-linux-gnu/13/collect2", ["/usr/libexec/gcc/aarch64-linux-g"..., "-plugin", "/usr/libexec/gcc/aarch64-linux-g"..., "-plugin-opt=/usr/libexec/gcc/aar"..., "-plugin-opt=-fresolution=/tmp/cc"..., "-plugin-opt=-pass-through=-lgcc", "-plugin-opt=-pass-through=-lgcc_"..., "-plugin-opt=-pass-through=-lc", "-plugin-opt=-pass-through=-lgcc", "-plugin-opt=-pass-through=-lgcc_"..., "--build-id", "--eh-frame-hdr", "--hash-style=gnu", "--as-needed", "-dynamic-linker", "/lib/ld-linux-aarch64.so.1", "-X", "-EL", "-maarch64linux", "--fix-cortex-a53-843419", "-pie", "-z", "now", "-fuse-ld=lld", "-z", "relro", "-o", "/home/runner/work/_temp/baseline"..., "/usr/lib/gcc/aarch64-linux-gnu/1"..., "/usr/lib/gcc/aarch64-linux-gnu/1"..., "/usr/lib/gcc/aarch64-linux-gnu/1"..., "-L/usr/lib/gcc/aarch64-linux-gnu"..., ...], 0x1f5ba560 /* 116 vars */ <unfinished ...>
5193  <... clone resumed>)              = 5195
5195  <... execve resumed>)             = 0
5193  wait4(5195,  <unfinished ...>
5195  clone(child_stack=0xfffff11421b0, flags=CLONE_VM|CLONE_VFORK|SIGCHLD <unfinished ...>
5196  execve("/usr/bin/ld.lld", ["/usr/bin/ld.lld", "-plugin", "/usr/libexec/gcc/aarch64-linux-g"..., "-plugin-opt=/usr/libexec/gcc/aar"..., "-plugin-opt=-fresolution=/tmp/cc"..., "-plugin-opt=-pass-through=-lgcc", "-plugin-opt=-pass-through=-lgcc_"..., "-plugin-opt=-pass-through=-lc", "-plugin-opt=-pass-through=-lgcc", "-plugin-opt=-pass-through=-lgcc_"..., "--build-id", "--eh-frame-hdr", "--hash-style=gnu", "--as-needed", "-dynamic-linker", "/lib/ld-linux-aarch64.so.1", "-X", "-EL", "-maarch64linux", "--fix-cortex-a53-843419", "-pie", "-z", "now", "-z", "relro", "-o", "/home/runner/work/_temp/baseline"..., "/usr/lib/gcc/aarch64-linux-gnu/1"..., "/usr/lib/gcc/aarch64-linux-gnu/1"..., "/usr/lib/gcc/aarch64-linux-gnu/1"..., "-L/usr/lib/gcc/aarch64-linux-gnu"..., "-L/usr/lib/gcc/aarch64-linux-gnu"..., ...], 0xfffff1142870 /* 116 vars */ <unfinished ...>
5195  <... clone resumed>)              = 5196
5196  <... execve resumed>)             = 0
5195  wait4(5196,  <unfinished ...>
5196  clone3({flags=CLONE_VM|CLONE_FS|CLONE_FILES|CLONE_SIGHAND|CLONE_THREAD|CLONE_SYSVSEM|CLONE_SETTLS|CLONE_PARENT_SETTID|CLONE_CHILD_CLEARTID, child_tid=0xffe311bff050, parent_tid=0xffe311bff050, exit_signal=0, stack=0xffe30dbf0000, stack_size=0x400e840, tls=0xffe311bff6c0} => {parent_tid=[5197]}, 88) = 5197
5197  clone3({flags=CLONE_VM|CLONE_FS|CLONE_FILES|CLONE_SIGHAND|CLONE_THREAD|CLONE_SYSVSEM|CLONE_SETTLS|CLONE_PARENT_SETTID|CLONE_CHILD_CLEARTID, child_tid=0xffe307fff050, parent_tid=0xffe307fff050, exit_signal=0, stack=0xffe303ff0000, stack_size=0x400e840, tls=0xffe307fff6c0} => {parent_tid=[5198]}, 88) = 5198
5197  clone3({flags=CLONE_VM|CLONE_FS|CLONE_FILES|CLONE_SIGHAND|CLONE_THREAD|CLONE_SYSVSEM|CLONE_SETTLS|CLONE_PARENT_SETTID|CLONE_CHILD_CLEARTID, child_tid=0xffe303fef050, parent_tid=0xffe303fef050, exit_signal=0, stack=0xffe2fffe0000, stack_size=0x400e840, tls=0xffe303fef6c0} => {parent_tid=[5199]}, 88) = 5199
5197  clone3({flags=CLONE_VM|CLONE_FS|CLONE_FILES|CLONE_SIGHAND|CLONE_THREAD|CLONE_SYSVSEM|CLONE_SETTLS|CLONE_PARENT_SETTID|CLONE_CHILD_CLEARTID, child_tid=0xffe2f7fff050, parent_tid=0xffe2f7fff050, exit_signal=0, stack=0xffe2f3ff0000, stack_size=0x400e840, tls=0xffe2f7fff6c0} => {parent_tid=[5200]}, 88) = 5200
5196  exit_group(0 <unfinished ...>
5200  exit(0 <unfinished ...>
5196  <... exit_group resumed>)         = ?
5200  <... exit resumed>)               = ?
5200  +++ exited with 0 +++
5199  +++ exited with 0 +++
5197  +++ exited with 0 +++
5198  +++ exited with 0 +++
5196  +++ exited with 0 +++
5195  <... wait4 resumed>[{WIFEXITED(s) && WEXITSTATUS(s) == 0}], 0, NULL) = 5196
5195  --- SIGCHLD {si_signo=SIGCHLD, si_code=CLD_EXITED, si_pid=5196, si_uid=1001, si_status=0, si_utime=0, si_stime=1 /* 0.01 s */} ---
5195  exit_group(0)                     = ?
5195  +++ exited with 0 +++
5193  <... wait4 resumed>[{WIFEXITED(s) && WEXITSTATUS(s) == 0}], 0, NULL) = 5195
5193  --- SIGCHLD {si_signo=SIGCHLD, si_code=CLD_EXITED, si_pid=5195, si_uid=1001, si_status=0, si_utime=0, si_stime=0} ---
5193  exit_group(0)                     = ?
5193  +++ exited with 0 +++
5191  <... wait4 resumed>[{WIFEXITED(s) && WEXITSTATUS(s) == 0}], 0, NULL) = 5193
5191  --- SIGCHLD {si_signo=SIGCHLD, si_code=CLD_EXITED, si_pid=5193, si_uid=1001, si_status=0, si_utime=0, si_stime=0} ---
5191  exit_group(0)                     = ?
5191  +++ exited with 0 +++
