6074  execve("/home/runner/work/_temp/transition/first/compiler", ["/home/runner/work/_temp/transiti"..., "build", "compiler/src/compiler.trb", "--output", "/home/runner/work/_temp/transiti"..., "--qbe", "/home/runner/work/_temp/qbe-1.3/"..., "--cc", "/usr/bin/cc", "--target", "linux-arm64-v0"], 0xffffd275b3a8 /* 111 vars */) = 0
6074  clone(child_stack=NULL, flags=CLONE_CHILD_CLEARTID|CLONE_CHILD_SETTID|SIGCHLD, child_tidptr=0xff8b6cc93f90) = 6075
6074  wait4(6075,  <unfinished ...>
6075  execve("/home/runner/work/_temp/qbe-1.3/qbe", ["/home/runner/work/_temp/qbe-1.3/"..., "-t", "arm64", "-o", "/home/runner/work/_temp/transiti"..., "/home/runner/work/_temp/transiti"...], 0xfffff82ab378 /* 111 vars */) = 0
6075  exit_group(0)                     = ?
6075  +++ exited with 0 +++
6074  <... wait4 resumed>[{WIFEXITED(s) && WEXITSTATUS(s) == 0}], 0, NULL) = 6075
6074  --- SIGCHLD {si_signo=SIGCHLD, si_code=CLD_EXITED, si_pid=6075, si_uid=1001, si_status=0, si_utime=24 /* 0.24 s */, si_stime=1 /* 0.01 s */} ---
6074  clone(child_stack=NULL, flags=CLONE_CHILD_CLEARTID|CLONE_CHILD_SETTID|SIGCHLD, child_tidptr=0xff8b6cc93f90) = 6076
6074  wait4(6076,  <unfinished ...>
6076  execve("/usr/bin/cc", ["/usr/bin/cc", "-xassembler", "/home/runner/work/_temp/transiti"..., "-Wl,--gc-sections,--strip-all", "-o", "/home/runner/work/_temp/transiti"...], 0xfffff82ab378 /* 111 vars */) = 0
6076  clone(child_stack=0xffffe7309600, flags=CLONE_VM|CLONE_VFORK|SIGCHLD <unfinished ...>
6077  execve("/home/runner/go/bin/as", ["as", "-EL", "-mabi=lp64", "-o", "/tmp/cclEUU3R.o", "/home/runner/work/_temp/transiti"...], 0x1579dc20 /* 116 vars */) = -1 ENOENT (No such file or directory)
6077  execve("/opt/hostedtoolcache/go/1.27.1/arm64/bin/as", ["as", "-EL", "-mabi=lp64", "-o", "/tmp/cclEUU3R.o", "/home/runner/work/_temp/transiti"...], 0x1579dc20 /* 116 vars */) = -1 ENOENT (No such file or directory)
6077  execve("/snap/bin/as", ["as", "-EL", "-mabi=lp64", "-o", "/tmp/cclEUU3R.o", "/home/runner/work/_temp/transiti"...], 0x1579dc20 /* 116 vars */) = -1 ENOENT (No such file or directory)
6077  execve("/home/runner/.local/bin/as", ["as", "-EL", "-mabi=lp64", "-o", "/tmp/cclEUU3R.o", "/home/runner/work/_temp/transiti"...], 0x1579dc20 /* 116 vars */) = -1 ENOENT (No such file or directory)
6077  execve("/opt/pipx_bin/as", ["as", "-EL", "-mabi=lp64", "-o", "/tmp/cclEUU3R.o", "/home/runner/work/_temp/transiti"...], 0x1579dc20 /* 116 vars */) = -1 ENOENT (No such file or directory)
6077  execve("/home/runner/.cargo/bin/as", ["as", "-EL", "-mabi=lp64", "-o", "/tmp/cclEUU3R.o", "/home/runner/work/_temp/transiti"...], 0x1579dc20 /* 116 vars */) = -1 ENOENT (No such file or directory)
6077  execve("/home/runner/.config/composer/vendor/bin/as", ["as", "-EL", "-mabi=lp64", "-o", "/tmp/cclEUU3R.o", "/home/runner/work/_temp/transiti"...], 0x1579dc20 /* 116 vars */) = -1 ENOENT (No such file or directory)
6077  execve("/home/runner/.dotnet/tools/as", ["as", "-EL", "-mabi=lp64", "-o", "/tmp/cclEUU3R.o", "/home/runner/work/_temp/transiti"...], 0x1579dc20 /* 116 vars */) = -1 ENOENT (No such file or directory)
6077  execve("/usr/local/sbin/as", ["as", "-EL", "-mabi=lp64", "-o", "/tmp/cclEUU3R.o", "/home/runner/work/_temp/transiti"...], 0x1579dc20 /* 116 vars */) = -1 ENOENT (No such file or directory)
6077  execve("/usr/local/bin/as", ["as", "-EL", "-mabi=lp64", "-o", "/tmp/cclEUU3R.o", "/home/runner/work/_temp/transiti"...], 0x1579dc20 /* 116 vars */) = -1 ENOENT (No such file or directory)
6077  execve("/usr/sbin/as", ["as", "-EL", "-mabi=lp64", "-o", "/tmp/cclEUU3R.o", "/home/runner/work/_temp/transiti"...], 0x1579dc20 /* 116 vars */) = -1 ENOENT (No such file or directory)
6077  execve("/usr/bin/as", ["as", "-EL", "-mabi=lp64", "-o", "/tmp/cclEUU3R.o", "/home/runner/work/_temp/transiti"...], 0x1579dc20 /* 116 vars */ <unfinished ...>
6076  <... clone resumed>)              = 6077
6077  <... execve resumed>)             = 0
6076  wait4(6077,  <unfinished ...>
6077  exit_group(0)                     = ?
6077  +++ exited with 0 +++
6076  <... wait4 resumed>[{WIFEXITED(s) && WEXITSTATUS(s) == 0}], 0, NULL) = 6077
6076  --- SIGCHLD {si_signo=SIGCHLD, si_code=CLD_EXITED, si_pid=6077, si_uid=1001, si_status=0, si_utime=10 /* 0.10 s */, si_stime=1 /* 0.01 s */} ---
6076  clone(child_stack=0xffffe7308740, flags=CLONE_VM|CLONE_VFORK|SIGCHLD <unfinished ...>
6078  execve("/usr/libexec/gcc/aarch64-linux-gnu/13/collect2", ["/usr/libexec/gcc/aarch64-linux-g"..., "-plugin", "/usr/libexec/gcc/aarch64-linux-g"..., "-plugin-opt=/usr/libexec/gcc/aar"..., "-plugin-opt=-fresolution=/tmp/cc"..., "-plugin-opt=-pass-through=-lgcc", "-plugin-opt=-pass-through=-lgcc_"..., "-plugin-opt=-pass-through=-lc", "-plugin-opt=-pass-through=-lgcc", "-plugin-opt=-pass-through=-lgcc_"..., "--build-id", "--eh-frame-hdr", "--hash-style=gnu", "--as-needed", "-dynamic-linker", "/lib/ld-linux-aarch64.so.1", "-X", "-EL", "-maarch64linux", "--fix-cortex-a53-843419", "-pie", "-z", "now", "-z", "relro", "-o", "/home/runner/work/_temp/transiti"..., "/usr/lib/gcc/aarch64-linux-gnu/1"..., "/usr/lib/gcc/aarch64-linux-gnu/1"..., "/usr/lib/gcc/aarch64-linux-gnu/1"..., "-L/usr/lib/gcc/aarch64-linux-gnu"..., "-L/usr/lib/gcc/aarch64-linux-gnu"..., ...], 0x1579e3c0 /* 118 vars */ <unfinished ...>
6076  <... clone resumed>)              = 6078
6078  <... execve resumed>)             = 0
6076  wait4(6078,  <unfinished ...>
6078  clone(child_stack=0xffffcd2e62e0, flags=CLONE_VM|CLONE_VFORK|SIGCHLD <unfinished ...>
6079  execve("/usr/bin/ld", ["/usr/bin/ld", "-plugin", "/usr/libexec/gcc/aarch64-linux-g"..., "-plugin-opt=/usr/libexec/gcc/aar"..., "-plugin-opt=-fresolution=/tmp/cc"..., "-plugin-opt=-pass-through=-lgcc", "-plugin-opt=-pass-through=-lgcc_"..., "-plugin-opt=-pass-through=-lc", "-plugin-opt=-pass-through=-lgcc", "-plugin-opt=-pass-through=-lgcc_"..., "--build-id", "--eh-frame-hdr", "--hash-style=gnu", "--as-needed", "-dynamic-linker", "/lib/ld-linux-aarch64.so.1", "-X", "-EL", "-maarch64linux", "--fix-cortex-a53-843419", "-pie", "-z", "now", "-z", "relro", "-o", "/home/runner/work/_temp/transiti"..., "/usr/lib/gcc/aarch64-linux-gnu/1"..., "/usr/lib/gcc/aarch64-linux-gnu/1"..., "/usr/lib/gcc/aarch64-linux-gnu/1"..., "-L/usr/lib/gcc/aarch64-linux-gnu"..., "-L/usr/lib/gcc/aarch64-linux-gnu"..., ...], 0xffffcd2e6990 /* 118 vars */ <unfinished ...>
6078  <... clone resumed>)              = 6079
6079  <... execve resumed>)             = 0
6078  wait4(6079,  <unfinished ...>
6079  exit_group(0)                     = ?
6079  +++ exited with 0 +++
6078  <... wait4 resumed>[{WIFEXITED(s) && WEXITSTATUS(s) == 0}], 0, NULL) = 6079
6078  --- SIGCHLD {si_signo=SIGCHLD, si_code=CLD_EXITED, si_pid=6079, si_uid=1001, si_status=0, si_utime=0, si_stime=1 /* 0.01 s */} ---
6078  exit_group(0)                     = ?
6078  +++ exited with 0 +++
6076  <... wait4 resumed>[{WIFEXITED(s) && WEXITSTATUS(s) == 0}], 0, NULL) = 6078
6076  --- SIGCHLD {si_signo=SIGCHLD, si_code=CLD_EXITED, si_pid=6078, si_uid=1001, si_status=0, si_utime=0, si_stime=0} ---
6076  exit_group(0)                     = ?
6076  +++ exited with 0 +++
6074  <... wait4 resumed>[{WIFEXITED(s) && WEXITSTATUS(s) == 0}], 0, NULL) = 6076
6074  --- SIGCHLD {si_signo=SIGCHLD, si_code=CLD_EXITED, si_pid=6076, si_uid=1001, si_status=0, si_utime=0, si_stime=0} ---
6074  exit_group(0)                     = ?
6074  +++ exited with 0 +++
