6065  execve("/home/runner/work/_temp/release/type-rb-native-bootstrap-linux-arm64", ["/home/runner/work/_temp/release/"..., "build", "compiler/src/compiler.trb", "--output", "/home/runner/work/_temp/transiti"..., "--qbe", "/home/runner/work/_temp/qbe-1.3/"..., "--cc", "/usr/bin/cc", "--target", "linux-arm64-v0"], 0xffffcf389a98 /* 111 vars */) = 0
6065  clone(child_stack=NULL, flags=CLONE_CHILD_CLEARTID|CLONE_CHILD_SETTID|SIGCHLD, child_tidptr=0xff57fee4bf90) = 6066
6065  wait4(6066,  <unfinished ...>
6066  execve("/home/runner/work/_temp/qbe-1.3/qbe", ["/home/runner/work/_temp/qbe-1.3/"..., "-t", "arm64", "-o", "/home/runner/work/_temp/transiti"..., "/home/runner/work/_temp/transiti"...], 0xffffcd4035a8 /* 111 vars */) = 0
6066  exit_group(0)                     = ?
6066  +++ exited with 0 +++
6065  <... wait4 resumed>[{WIFEXITED(s) && WEXITSTATUS(s) == 0}], 0, NULL) = 6066
6065  --- SIGCHLD {si_signo=SIGCHLD, si_code=CLD_EXITED, si_pid=6066, si_uid=1001, si_status=0, si_utime=24 /* 0.24 s */, si_stime=1 /* 0.01 s */} ---
6065  clone(child_stack=NULL, flags=CLONE_CHILD_CLEARTID|CLONE_CHILD_SETTID|SIGCHLD, child_tidptr=0xff57fee4bf90) = 6067
6065  wait4(6067,  <unfinished ...>
6067  execve("/usr/bin/cc", ["/usr/bin/cc", "-xassembler", "/home/runner/work/_temp/transiti"..., "-Wl,--gc-sections,--strip-all", "-o", "/home/runner/work/_temp/transiti"...], 0xffffcd4035a8 /* 111 vars */) = 0
6067  clone(child_stack=0xffffdb62bc00, flags=CLONE_VM|CLONE_VFORK|SIGCHLD <unfinished ...>
6068  execve("/home/runner/go/bin/as", ["as", "-EL", "-mabi=lp64", "-o", "/tmp/ccYj0bRY.o", "/home/runner/work/_temp/transiti"...], 0x1fc26c10 /* 116 vars */) = -1 ENOENT (No such file or directory)
6068  execve("/opt/hostedtoolcache/go/1.27.1/arm64/bin/as", ["as", "-EL", "-mabi=lp64", "-o", "/tmp/ccYj0bRY.o", "/home/runner/work/_temp/transiti"...], 0x1fc26c10 /* 116 vars */) = -1 ENOENT (No such file or directory)
6068  execve("/snap/bin/as", ["as", "-EL", "-mabi=lp64", "-o", "/tmp/ccYj0bRY.o", "/home/runner/work/_temp/transiti"...], 0x1fc26c10 /* 116 vars */) = -1 ENOENT (No such file or directory)
6068  execve("/home/runner/.local/bin/as", ["as", "-EL", "-mabi=lp64", "-o", "/tmp/ccYj0bRY.o", "/home/runner/work/_temp/transiti"...], 0x1fc26c10 /* 116 vars */) = -1 ENOENT (No such file or directory)
6068  execve("/opt/pipx_bin/as", ["as", "-EL", "-mabi=lp64", "-o", "/tmp/ccYj0bRY.o", "/home/runner/work/_temp/transiti"...], 0x1fc26c10 /* 116 vars */) = -1 ENOENT (No such file or directory)
6068  execve("/home/runner/.cargo/bin/as", ["as", "-EL", "-mabi=lp64", "-o", "/tmp/ccYj0bRY.o", "/home/runner/work/_temp/transiti"...], 0x1fc26c10 /* 116 vars */) = -1 ENOENT (No such file or directory)
6068  execve("/home/runner/.config/composer/vendor/bin/as", ["as", "-EL", "-mabi=lp64", "-o", "/tmp/ccYj0bRY.o", "/home/runner/work/_temp/transiti"...], 0x1fc26c10 /* 116 vars */) = -1 ENOENT (No such file or directory)
6068  execve("/home/runner/.dotnet/tools/as", ["as", "-EL", "-mabi=lp64", "-o", "/tmp/ccYj0bRY.o", "/home/runner/work/_temp/transiti"...], 0x1fc26c10 /* 116 vars */) = -1 ENOENT (No such file or directory)
6068  execve("/usr/local/sbin/as", ["as", "-EL", "-mabi=lp64", "-o", "/tmp/ccYj0bRY.o", "/home/runner/work/_temp/transiti"...], 0x1fc26c10 /* 116 vars */) = -1 ENOENT (No such file or directory)
6068  execve("/usr/local/bin/as", ["as", "-EL", "-mabi=lp64", "-o", "/tmp/ccYj0bRY.o", "/home/runner/work/_temp/transiti"...], 0x1fc26c10 /* 116 vars */) = -1 ENOENT (No such file or directory)
6068  execve("/usr/sbin/as", ["as", "-EL", "-mabi=lp64", "-o", "/tmp/ccYj0bRY.o", "/home/runner/work/_temp/transiti"...], 0x1fc26c10 /* 116 vars */) = -1 ENOENT (No such file or directory)
6068  execve("/usr/bin/as", ["as", "-EL", "-mabi=lp64", "-o", "/tmp/ccYj0bRY.o", "/home/runner/work/_temp/transiti"...], 0x1fc26c10 /* 116 vars */ <unfinished ...>
6067  <... clone resumed>)              = 6068
6068  <... execve resumed>)             = 0
6067  wait4(6068,  <unfinished ...>
6068  exit_group(0)                     = ?
6068  +++ exited with 0 +++
6067  <... wait4 resumed>[{WIFEXITED(s) && WEXITSTATUS(s) == 0}], 0, NULL) = 6068
6067  --- SIGCHLD {si_signo=SIGCHLD, si_code=CLD_EXITED, si_pid=6068, si_uid=1001, si_status=0, si_utime=10 /* 0.10 s */, si_stime=1 /* 0.01 s */} ---
6067  clone(child_stack=0xffffdb62ad40, flags=CLONE_VM|CLONE_VFORK|SIGCHLD <unfinished ...>
6069  execve("/usr/libexec/gcc/aarch64-linux-gnu/13/collect2", ["/usr/libexec/gcc/aarch64-linux-g"..., "-plugin", "/usr/libexec/gcc/aarch64-linux-g"..., "-plugin-opt=/usr/libexec/gcc/aar"..., "-plugin-opt=-fresolution=/tmp/cc"..., "-plugin-opt=-pass-through=-lgcc", "-plugin-opt=-pass-through=-lgcc_"..., "-plugin-opt=-pass-through=-lc", "-plugin-opt=-pass-through=-lgcc", "-plugin-opt=-pass-through=-lgcc_"..., "--build-id", "--eh-frame-hdr", "--hash-style=gnu", "--as-needed", "-dynamic-linker", "/lib/ld-linux-aarch64.so.1", "-X", "-EL", "-maarch64linux", "--fix-cortex-a53-843419", "-pie", "-z", "now", "-z", "relro", "-o", "/home/runner/work/_temp/transiti"..., "/usr/lib/gcc/aarch64-linux-gnu/1"..., "/usr/lib/gcc/aarch64-linux-gnu/1"..., "/usr/lib/gcc/aarch64-linux-gnu/1"..., "-L/usr/lib/gcc/aarch64-linux-gnu"..., "-L/usr/lib/gcc/aarch64-linux-gnu"..., ...], 0x1fc273b0 /* 118 vars */ <unfinished ...>
6067  <... clone resumed>)              = 6069
6069  <... execve resumed>)             = 0
6067  wait4(6069,  <unfinished ...>
6069  clone(child_stack=0xffffefcd21c0, flags=CLONE_VM|CLONE_VFORK|SIGCHLD <unfinished ...>
6070  execve("/usr/bin/ld", ["/usr/bin/ld", "-plugin", "/usr/libexec/gcc/aarch64-linux-g"..., "-plugin-opt=/usr/libexec/gcc/aar"..., "-plugin-opt=-fresolution=/tmp/cc"..., "-plugin-opt=-pass-through=-lgcc", "-plugin-opt=-pass-through=-lgcc_"..., "-plugin-opt=-pass-through=-lc", "-plugin-opt=-pass-through=-lgcc", "-plugin-opt=-pass-through=-lgcc_"..., "--build-id", "--eh-frame-hdr", "--hash-style=gnu", "--as-needed", "-dynamic-linker", "/lib/ld-linux-aarch64.so.1", "-X", "-EL", "-maarch64linux", "--fix-cortex-a53-843419", "-pie", "-z", "now", "-z", "relro", "-o", "/home/runner/work/_temp/transiti"..., "/usr/lib/gcc/aarch64-linux-gnu/1"..., "/usr/lib/gcc/aarch64-linux-gnu/1"..., "/usr/lib/gcc/aarch64-linux-gnu/1"..., "-L/usr/lib/gcc/aarch64-linux-gnu"..., "-L/usr/lib/gcc/aarch64-linux-gnu"..., ...], 0xffffefcd2870 /* 118 vars */ <unfinished ...>
6069  <... clone resumed>)              = 6070
6070  <... execve resumed>)             = 0
6069  wait4(6070,  <unfinished ...>
6070  exit_group(0)                     = ?
6070  +++ exited with 0 +++
6069  <... wait4 resumed>[{WIFEXITED(s) && WEXITSTATUS(s) == 0}], 0, NULL) = 6070
6069  --- SIGCHLD {si_signo=SIGCHLD, si_code=CLD_EXITED, si_pid=6070, si_uid=1001, si_status=0, si_utime=0, si_stime=1 /* 0.01 s */} ---
6069  exit_group(0)                     = ?
6069  +++ exited with 0 +++
6067  <... wait4 resumed>[{WIFEXITED(s) && WEXITSTATUS(s) == 0}], 0, NULL) = 6069
6067  --- SIGCHLD {si_signo=SIGCHLD, si_code=CLD_EXITED, si_pid=6069, si_uid=1001, si_status=0, si_utime=0, si_stime=0} ---
6067  exit_group(0)                     = ?
6067  +++ exited with 0 +++
6065  <... wait4 resumed>[{WIFEXITED(s) && WEXITSTATUS(s) == 0}], 0, NULL) = 6067
6065  --- SIGCHLD {si_signo=SIGCHLD, si_code=CLD_EXITED, si_pid=6067, si_uid=1001, si_status=0, si_utime=0, si_stime=0} ---
6065  exit_group(0)                     = ?
6065  +++ exited with 0 +++
