9956  execve("/home/runner/work/_temp/candidate-bootstrap-workspace/b4/compiler", ["/home/runner/work/_temp/candidat"..., "build", "/home/runner/work/type-rb-native"..., "--output", "/home/runner/work/_temp/candidat"..., "--qbe", "/home/runner/work/_temp/qbe-1.3/"..., "--cc", "/usr/bin/cc", "--target", "linux-arm64-v0"], 0xffffd39e6038 /* 112 vars */) = 0
9956  clone(child_stack=NULL, flags=CLONE_CHILD_CLEARTID|CLONE_CHILD_SETTID|SIGCHLD, child_tidptr=0xff9b53d3cf90) = 9957
9956  wait4(9957,  <unfinished ...>
9957  execve("/home/runner/work/_temp/qbe-1.3/qbe", ["/home/runner/work/_temp/qbe-1.3/"..., "-t", "arm64", "-o", "/home/runner/work/_temp/candidat"..., "/home/runner/work/_temp/candidat"...], 0xffffcbca2438 /* 112 vars */) = 0
9957  exit_group(0)                     = ?
9957  +++ exited with 0 +++
9956  <... wait4 resumed>[{WIFEXITED(s) && WEXITSTATUS(s) == 0}], 0, NULL) = 9957
9956  --- SIGCHLD {si_signo=SIGCHLD, si_code=CLD_EXITED, si_pid=9957, si_uid=1001, si_status=0, si_utime=0, si_stime=0} ---
9956  clone(child_stack=NULL, flags=CLONE_CHILD_CLEARTID|CLONE_CHILD_SETTID|SIGCHLD, child_tidptr=0xff9b53d3cf90) = 9958
9956  wait4(9958,  <unfinished ...>
9958  execve("/usr/bin/cc", ["/usr/bin/cc", "-xassembler", "/home/runner/work/_temp/candidat"..., "-fuse-ld=lld", "-Wl,--gc-sections,--strip-all", "-lm", "-o", "/home/runner/work/_temp/candidat"...], 0xffffcbca2438 /* 112 vars */) = 0
9958  clone(child_stack=0xfffff1b33720, flags=CLONE_VM|CLONE_VFORK|SIGCHLD <unfinished ...>
9959  execve("/snap/bin/as", ["as", "-EL", "-mabi=lp64", "-o", "/tmp/cc6BZcNn.o", "/home/runner/work/_temp/candidat"...], 0x5a032f0 /* 117 vars */) = -1 ENOENT (No such file or directory)
9959  execve("/home/runner/.local/bin/as", ["as", "-EL", "-mabi=lp64", "-o", "/tmp/cc6BZcNn.o", "/home/runner/work/_temp/candidat"...], 0x5a032f0 /* 117 vars */) = -1 ENOENT (No such file or directory)
9959  execve("/opt/pipx_bin/as", ["as", "-EL", "-mabi=lp64", "-o", "/tmp/cc6BZcNn.o", "/home/runner/work/_temp/candidat"...], 0x5a032f0 /* 117 vars */) = -1 ENOENT (No such file or directory)
9959  execve("/home/runner/.cargo/bin/as", ["as", "-EL", "-mabi=lp64", "-o", "/tmp/cc6BZcNn.o", "/home/runner/work/_temp/candidat"...], 0x5a032f0 /* 117 vars */) = -1 ENOENT (No such file or directory)
9959  execve("/home/runner/.config/composer/vendor/bin/as", ["as", "-EL", "-mabi=lp64", "-o", "/tmp/cc6BZcNn.o", "/home/runner/work/_temp/candidat"...], 0x5a032f0 /* 117 vars */) = -1 ENOENT (No such file or directory)
9959  execve("/home/runner/.dotnet/tools/as", ["as", "-EL", "-mabi=lp64", "-o", "/tmp/cc6BZcNn.o", "/home/runner/work/_temp/candidat"...], 0x5a032f0 /* 117 vars */) = -1 ENOENT (No such file or directory)
9959  execve("/usr/local/sbin/as", ["as", "-EL", "-mabi=lp64", "-o", "/tmp/cc6BZcNn.o", "/home/runner/work/_temp/candidat"...], 0x5a032f0 /* 117 vars */) = -1 ENOENT (No such file or directory)
9959  execve("/usr/local/bin/as", ["as", "-EL", "-mabi=lp64", "-o", "/tmp/cc6BZcNn.o", "/home/runner/work/_temp/candidat"...], 0x5a032f0 /* 117 vars */) = -1 ENOENT (No such file or directory)
9959  execve("/usr/sbin/as", ["as", "-EL", "-mabi=lp64", "-o", "/tmp/cc6BZcNn.o", "/home/runner/work/_temp/candidat"...], 0x5a032f0 /* 117 vars */) = -1 ENOENT (No such file or directory)
9959  execve("/usr/bin/as", ["as", "-EL", "-mabi=lp64", "-o", "/tmp/cc6BZcNn.o", "/home/runner/work/_temp/candidat"...], 0x5a032f0 /* 117 vars */ <unfinished ...>
9958  <... clone resumed>)              = 9959
9959  <... execve resumed>)             = 0
9958  wait4(9959,  <unfinished ...>
9959  exit_group(0)                     = ?
9959  +++ exited with 0 +++
9958  <... wait4 resumed>[{WIFEXITED(s) && WEXITSTATUS(s) == 0}], 0, NULL) = 9959
9958  --- SIGCHLD {si_signo=SIGCHLD, si_code=CLD_EXITED, si_pid=9959, si_uid=1001, si_status=0, si_utime=0, si_stime=0} ---
9958  clone(child_stack=0xfffff1b32860, flags=CLONE_VM|CLONE_VFORK|SIGCHLD <unfinished ...>
9960  execve("/usr/libexec/gcc/aarch64-linux-gnu/13/collect2", ["/usr/libexec/gcc/aarch64-linux-g"..., "-plugin", "/usr/libexec/gcc/aarch64-linux-g"..., "-plugin-opt=/usr/libexec/gcc/aar"..., "-plugin-opt=-fresolution=/tmp/cc"..., "-plugin-opt=-pass-through=-lgcc", "-plugin-opt=-pass-through=-lgcc_"..., "-plugin-opt=-pass-through=-lc", "-plugin-opt=-pass-through=-lgcc", "-plugin-opt=-pass-through=-lgcc_"..., "--build-id", "--eh-frame-hdr", "--hash-style=gnu", "--as-needed", "-dynamic-linker", "/lib/ld-linux-aarch64.so.1", "-X", "-EL", "-maarch64linux", "--fix-cortex-a53-843419", "-pie", "-z", "now", "-fuse-ld=lld", "-z", "relro", "-o", "/home/runner/work/_temp/candidat"..., "/usr/lib/gcc/aarch64-linux-gnu/1"..., "/usr/lib/gcc/aarch64-linux-gnu/1"..., "/usr/lib/gcc/aarch64-linux-gnu/1"..., "-L/usr/lib/gcc/aarch64-linux-gnu"..., ...], 0x5a039a0 /* 119 vars */ <unfinished ...>
9958  <... clone resumed>)              = 9960
9960  <... execve resumed>)             = 0
9958  wait4(9960,  <unfinished ...>
9960  clone(child_stack=0xffffc0249b40, flags=CLONE_VM|CLONE_VFORK|SIGCHLD <unfinished ...>
9961  execve("/usr/bin/ld.lld", ["/usr/bin/ld.lld", "-plugin", "/usr/libexec/gcc/aarch64-linux-g"..., "-plugin-opt=/usr/libexec/gcc/aar"..., "-plugin-opt=-fresolution=/tmp/cc"..., "-plugin-opt=-pass-through=-lgcc", "-plugin-opt=-pass-through=-lgcc_"..., "-plugin-opt=-pass-through=-lc", "-plugin-opt=-pass-through=-lgcc", "-plugin-opt=-pass-through=-lgcc_"..., "--build-id", "--eh-frame-hdr", "--hash-style=gnu", "--as-needed", "-dynamic-linker", "/lib/ld-linux-aarch64.so.1", "-X", "-EL", "-maarch64linux", "--fix-cortex-a53-843419", "-pie", "-z", "now", "-z", "relro", "-o", "/home/runner/work/_temp/candidat"..., "/usr/lib/gcc/aarch64-linux-gnu/1"..., "/usr/lib/gcc/aarch64-linux-gnu/1"..., "/usr/lib/gcc/aarch64-linux-gnu/1"..., "-L/usr/lib/gcc/aarch64-linux-gnu"..., "-L/usr/lib/gcc/aarch64-linux-gnu"..., ...], 0xffffc024a200 /* 119 vars */ <unfinished ...>
9960  <... clone resumed>)              = 9961
9961  <... execve resumed>)             = 0
9960  wait4(9961,  <unfinished ...>
9961  clone3({flags=CLONE_VM|CLONE_FS|CLONE_FILES|CLONE_SIGHAND|CLONE_THREAD|CLONE_SYSVSEM|CLONE_SETTLS|CLONE_PARENT_SETTID|CLONE_CHILD_CLEARTID, child_tid=0xffb5e2dff050, parent_tid=0xffb5e2dff050, exit_signal=0, stack=0xffb5dedf0000, stack_size=0x400e840, tls=0xffb5e2dff6c0} => {parent_tid=[9962]}, 88) = 9962
9962  clone3({flags=CLONE_VM|CLONE_FS|CLONE_FILES|CLONE_SIGHAND|CLONE_THREAD|CLONE_SYSVSEM|CLONE_SETTLS|CLONE_PARENT_SETTID|CLONE_CHILD_CLEARTID, child_tid=0xffb5d7fff050, parent_tid=0xffb5d7fff050, exit_signal=0, stack=0xffb5d3ff0000, stack_size=0x400e840, tls=0xffb5d7fff6c0} => {parent_tid=[9963]}, 88) = 9963
9962  clone3({flags=CLONE_VM|CLONE_FS|CLONE_FILES|CLONE_SIGHAND|CLONE_THREAD|CLONE_SYSVSEM|CLONE_SETTLS|CLONE_PARENT_SETTID|CLONE_CHILD_CLEARTID, child_tid=0xffb5d3fef050, parent_tid=0xffb5d3fef050, exit_signal=0, stack=0xffb5cffe0000, stack_size=0x400e840, tls=0xffb5d3fef6c0} => {parent_tid=[9964]}, 88) = 9964
9962  clone3({flags=CLONE_VM|CLONE_FS|CLONE_FILES|CLONE_SIGHAND|CLONE_THREAD|CLONE_SYSVSEM|CLONE_SETTLS|CLONE_PARENT_SETTID|CLONE_CHILD_CLEARTID, child_tid=0xffb5c7fff050, parent_tid=0xffb5c7fff050, exit_signal=0, stack=0xffb5c3ff0000, stack_size=0x400e840, tls=0xffb5c7fff6c0} => {parent_tid=[9965]}, 88) = 9965
9965  exit(0)                           = ?
9964  exit(0 <unfinished ...>
9965  +++ exited with 0 +++
9964  <... exit resumed>)               = ?
9963  exit(0 <unfinished ...>
9964  +++ exited with 0 +++
9963  <... exit resumed>)               = ?
9963  +++ exited with 0 +++
9962  exit(0 <unfinished ...>
9961  exit_group(0 <unfinished ...>
9962  <... exit resumed>)               = ?
9961  <... exit_group resumed>)         = ?
9962  +++ exited with 0 +++
9961  +++ exited with 0 +++
9960  <... wait4 resumed>[{WIFEXITED(s) && WEXITSTATUS(s) == 0}], 0, NULL) = 9961
9960  --- SIGCHLD {si_signo=SIGCHLD, si_code=CLD_EXITED, si_pid=9961, si_uid=1001, si_status=0, si_utime=0, si_stime=1 /* 0.01 s */} ---
9960  exit_group(0)                     = ?
9960  +++ exited with 0 +++
9958  <... wait4 resumed>[{WIFEXITED(s) && WEXITSTATUS(s) == 0}], 0, NULL) = 9960
9958  --- SIGCHLD {si_signo=SIGCHLD, si_code=CLD_EXITED, si_pid=9960, si_uid=1001, si_status=0, si_utime=0, si_stime=0} ---
9958  exit_group(0)                     = ?
9958  +++ exited with 0 +++
9956  <... wait4 resumed>[{WIFEXITED(s) && WEXITSTATUS(s) == 0}], 0, NULL) = 9958
9956  --- SIGCHLD {si_signo=SIGCHLD, si_code=CLD_EXITED, si_pid=9958, si_uid=1001, si_status=0, si_utime=0, si_stime=0} ---
9956  exit_group(0)                     = ?
9956  +++ exited with 0 +++
