6336  execve("/home/runner/work/_temp/release/type-rb-native-bootstrap-linux-arm64", ["/home/runner/work/_temp/release/"..., "build", "compiler/src/compiler.trb", "--output", "/home/runner/work/_temp/transiti"..., "--qbe", "/home/runner/work/_temp/qbe-1.3/"..., "--cc", "/usr/bin/cc", "--target", "linux-arm64-v0"], 0xffffe6bfe268 /* 111 vars */) = 0
6336  clone(child_stack=NULL, flags=CLONE_CHILD_CLEARTID|CLONE_CHILD_SETTID|SIGCHLD, child_tidptr=0xff4fe04c4f90) = 6337
6336  wait4(6337,  <unfinished ...>
6337  execve("/home/runner/work/_temp/qbe-1.3/qbe", ["/home/runner/work/_temp/qbe-1.3/"..., "-t", "arm64", "-o", "/home/runner/work/_temp/transiti"..., "/home/runner/work/_temp/transiti"...], 0xfffff6b4b6a8 /* 111 vars */) = 0
6337  exit_group(0)                     = ?
6337  +++ exited with 0 +++
6336  <... wait4 resumed>[{WIFEXITED(s) && WEXITSTATUS(s) == 0}], 0, NULL) = 6337
6336  --- SIGCHLD {si_signo=SIGCHLD, si_code=CLD_EXITED, si_pid=6337, si_uid=1001, si_status=0, si_utime=24 /* 0.24 s */, si_stime=1 /* 0.01 s */} ---
6336  clone(child_stack=NULL, flags=CLONE_CHILD_CLEARTID|CLONE_CHILD_SETTID|SIGCHLD, child_tidptr=0xff4fe04c4f90) = 6338
6336  wait4(6338,  <unfinished ...>
6338  execve("/usr/bin/cc", ["/usr/bin/cc", "-xassembler", "/home/runner/work/_temp/transiti"..., "-Wl,--gc-sections,--strip-all", "-o", "/home/runner/work/_temp/transiti"...], 0xfffff6b4b6a8 /* 111 vars */) = 0
6338  clone(child_stack=0xffffca8d8cf0, flags=CLONE_VM|CLONE_VFORK|SIGCHLD <unfinished ...>
6339  execve("/home/runner/go/bin/as", ["as", "-EL", "-mabi=lp64", "-o", "/tmp/cc3nP8Sa.o", "/home/runner/work/_temp/transiti"...], 0x1f4b8c10 /* 116 vars */) = -1 ENOENT (No such file or directory)
6339  execve("/opt/hostedtoolcache/go/1.27.1/arm64/bin/as", ["as", "-EL", "-mabi=lp64", "-o", "/tmp/cc3nP8Sa.o", "/home/runner/work/_temp/transiti"...], 0x1f4b8c10 /* 116 vars */) = -1 ENOENT (No such file or directory)
6339  execve("/snap/bin/as", ["as", "-EL", "-mabi=lp64", "-o", "/tmp/cc3nP8Sa.o", "/home/runner/work/_temp/transiti"...], 0x1f4b8c10 /* 116 vars */) = -1 ENOENT (No such file or directory)
6339  execve("/home/runner/.local/bin/as", ["as", "-EL", "-mabi=lp64", "-o", "/tmp/cc3nP8Sa.o", "/home/runner/work/_temp/transiti"...], 0x1f4b8c10 /* 116 vars */) = -1 ENOENT (No such file or directory)
6339  execve("/opt/pipx_bin/as", ["as", "-EL", "-mabi=lp64", "-o", "/tmp/cc3nP8Sa.o", "/home/runner/work/_temp/transiti"...], 0x1f4b8c10 /* 116 vars */) = -1 ENOENT (No such file or directory)
6339  execve("/home/runner/.cargo/bin/as", ["as", "-EL", "-mabi=lp64", "-o", "/tmp/cc3nP8Sa.o", "/home/runner/work/_temp/transiti"...], 0x1f4b8c10 /* 116 vars */) = -1 ENOENT (No such file or directory)
6339  execve("/home/runner/.config/composer/vendor/bin/as", ["as", "-EL", "-mabi=lp64", "-o", "/tmp/cc3nP8Sa.o", "/home/runner/work/_temp/transiti"...], 0x1f4b8c10 /* 116 vars */) = -1 ENOENT (No such file or directory)
6339  execve("/home/runner/.dotnet/tools/as", ["as", "-EL", "-mabi=lp64", "-o", "/tmp/cc3nP8Sa.o", "/home/runner/work/_temp/transiti"...], 0x1f4b8c10 /* 116 vars */) = -1 ENOENT (No such file or directory)
6339  execve("/usr/local/sbin/as", ["as", "-EL", "-mabi=lp64", "-o", "/tmp/cc3nP8Sa.o", "/home/runner/work/_temp/transiti"...], 0x1f4b8c10 /* 116 vars */) = -1 ENOENT (No such file or directory)
6339  execve("/usr/local/bin/as", ["as", "-EL", "-mabi=lp64", "-o", "/tmp/cc3nP8Sa.o", "/home/runner/work/_temp/transiti"...], 0x1f4b8c10 /* 116 vars */) = -1 ENOENT (No such file or directory)
6339  execve("/usr/sbin/as", ["as", "-EL", "-mabi=lp64", "-o", "/tmp/cc3nP8Sa.o", "/home/runner/work/_temp/transiti"...], 0x1f4b8c10 /* 116 vars */) = -1 ENOENT (No such file or directory)
6339  execve("/usr/bin/as", ["as", "-EL", "-mabi=lp64", "-o", "/tmp/cc3nP8Sa.o", "/home/runner/work/_temp/transiti"...], 0x1f4b8c10 /* 116 vars */ <unfinished ...>
6338  <... clone resumed>)              = 6339
6339  <... execve resumed>)             = 0
6338  wait4(6339,  <unfinished ...>
6339  exit_group(0)                     = ?
6339  +++ exited with 0 +++
6338  <... wait4 resumed>[{WIFEXITED(s) && WEXITSTATUS(s) == 0}], 0, NULL) = 6339
6338  --- SIGCHLD {si_signo=SIGCHLD, si_code=CLD_EXITED, si_pid=6339, si_uid=1001, si_status=0, si_utime=11 /* 0.11 s */, si_stime=0} ---
6338  clone(child_stack=0xffffca8d7e30, flags=CLONE_VM|CLONE_VFORK|SIGCHLD <unfinished ...>
6340  execve("/usr/libexec/gcc/aarch64-linux-gnu/13/collect2", ["/usr/libexec/gcc/aarch64-linux-g"..., "-plugin", "/usr/libexec/gcc/aarch64-linux-g"..., "-plugin-opt=/usr/libexec/gcc/aar"..., "-plugin-opt=-fresolution=/tmp/cc"..., "-plugin-opt=-pass-through=-lgcc", "-plugin-opt=-pass-through=-lgcc_"..., "-plugin-opt=-pass-through=-lc", "-plugin-opt=-pass-through=-lgcc", "-plugin-opt=-pass-through=-lgcc_"..., "--build-id", "--eh-frame-hdr", "--hash-style=gnu", "--as-needed", "-dynamic-linker", "/lib/ld-linux-aarch64.so.1", "-X", "-EL", "-maarch64linux", "--fix-cortex-a53-843419", "-pie", "-z", "now", "-z", "relro", "-o", "/home/runner/work/_temp/transiti"..., "/usr/lib/gcc/aarch64-linux-gnu/1"..., "/usr/lib/gcc/aarch64-linux-gnu/1"..., "/usr/lib/gcc/aarch64-linux-gnu/1"..., "-L/usr/lib/gcc/aarch64-linux-gnu"..., "-L/usr/lib/gcc/aarch64-linux-gnu"..., ...], 0x1f4b93b0 /* 118 vars */ <unfinished ...>
6338  <... clone resumed>)              = 6340
6340  <... execve resumed>)             = 0
6338  wait4(6340,  <unfinished ...>
6340  clone(child_stack=0xffffd11f29d0, flags=CLONE_VM|CLONE_VFORK|SIGCHLD <unfinished ...>
6341  execve("/usr/bin/ld", ["/usr/bin/ld", "-plugin", "/usr/libexec/gcc/aarch64-linux-g"..., "-plugin-opt=/usr/libexec/gcc/aar"..., "-plugin-opt=-fresolution=/tmp/cc"..., "-plugin-opt=-pass-through=-lgcc", "-plugin-opt=-pass-through=-lgcc_"..., "-plugin-opt=-pass-through=-lc", "-plugin-opt=-pass-through=-lgcc", "-plugin-opt=-pass-through=-lgcc_"..., "--build-id", "--eh-frame-hdr", "--hash-style=gnu", "--as-needed", "-dynamic-linker", "/lib/ld-linux-aarch64.so.1", "-X", "-EL", "-maarch64linux", "--fix-cortex-a53-843419", "-pie", "-z", "now", "-z", "relro", "-o", "/home/runner/work/_temp/transiti"..., "/usr/lib/gcc/aarch64-linux-gnu/1"..., "/usr/lib/gcc/aarch64-linux-gnu/1"..., "/usr/lib/gcc/aarch64-linux-gnu/1"..., "-L/usr/lib/gcc/aarch64-linux-gnu"..., "-L/usr/lib/gcc/aarch64-linux-gnu"..., ...], 0xffffd11f3080 /* 118 vars */ <unfinished ...>
6340  <... clone resumed>)              = 6341
6341  <... execve resumed>)             = 0
6340  wait4(6341,  <unfinished ...>
6341  exit_group(0)                     = ?
6341  +++ exited with 0 +++
6340  <... wait4 resumed>[{WIFEXITED(s) && WEXITSTATUS(s) == 0}], 0, NULL) = 6341
6340  --- SIGCHLD {si_signo=SIGCHLD, si_code=CLD_EXITED, si_pid=6341, si_uid=1001, si_status=0, si_utime=0, si_stime=1 /* 0.01 s */} ---
6340  exit_group(0)                     = ?
6340  +++ exited with 0 +++
6338  <... wait4 resumed>[{WIFEXITED(s) && WEXITSTATUS(s) == 0}], 0, NULL) = 6340
6338  --- SIGCHLD {si_signo=SIGCHLD, si_code=CLD_EXITED, si_pid=6340, si_uid=1001, si_status=0, si_utime=0, si_stime=0} ---
6338  exit_group(0)                     = ?
6338  +++ exited with 0 +++
6336  <... wait4 resumed>[{WIFEXITED(s) && WEXITSTATUS(s) == 0}], 0, NULL) = 6338
6336  --- SIGCHLD {si_signo=SIGCHLD, si_code=CLD_EXITED, si_pid=6338, si_uid=1001, si_status=0, si_utime=0, si_stime=0} ---
6336  exit_group(0)                     = ?
6336  +++ exited with 0 +++
