9701  execve("/home/runner/work/_temp/candidate-bootstrap-workspace/b4/compiler", ["/home/runner/work/_temp/candidat"..., "build", "/home/runner/work/type-rb-native"..., "--output", "/home/runner/work/_temp/candidat"..., "--qbe", "/home/runner/work/_temp/qbe-1.3/"..., "--cc", "/usr/bin/cc", "--target", "linux-arm64-v0"], 0xffffe03fad78 /* 111 vars */) = 0
9701  clone(child_stack=NULL, flags=CLONE_CHILD_CLEARTID|CLONE_CHILD_SETTID|SIGCHLD, child_tidptr=0xff5fc233af90) = 9702
9701  wait4(9702,  <unfinished ...>
9702  execve("/home/runner/work/_temp/qbe-1.3/qbe", ["/home/runner/work/_temp/qbe-1.3/"..., "-t", "arm64", "-o", "/home/runner/work/_temp/candidat"..., "/home/runner/work/_temp/candidat"...], 0xffffcc9a2af8 /* 111 vars */) = 0
9702  exit_group(0)                     = ?
9702  +++ exited with 0 +++
9701  <... wait4 resumed>[{WIFEXITED(s) && WEXITSTATUS(s) == 0}], 0, NULL) = 9702
9701  --- SIGCHLD {si_signo=SIGCHLD, si_code=CLD_EXITED, si_pid=9702, si_uid=1001, si_status=0, si_utime=0, si_stime=0} ---
9701  clone(child_stack=NULL, flags=CLONE_CHILD_CLEARTID|CLONE_CHILD_SETTID|SIGCHLD, child_tidptr=0xff5fc233af90) = 9703
9701  wait4(9703,  <unfinished ...>
9703  execve("/usr/bin/cc", ["/usr/bin/cc", "-xassembler", "/home/runner/work/_temp/candidat"..., "-fuse-ld=lld", "-Wl,--gc-sections,--strip-all", "-lm", "-o", "/home/runner/work/_temp/candidat"...], 0xffffcc9a2af8 /* 111 vars */) = 0
9703  clone(child_stack=0xfffffea138e0, flags=CLONE_VM|CLONE_VFORK|SIGCHLD <unfinished ...>
9704  execve("/snap/bin/as", ["as", "-EL", "-mabi=lp64", "-o", "/tmp/ccNsfIU0.o", "/home/runner/work/_temp/candidat"...], 0x868cd60 /* 116 vars */) = -1 ENOENT (No such file or directory)
9704  execve("/home/runner/.local/bin/as", ["as", "-EL", "-mabi=lp64", "-o", "/tmp/ccNsfIU0.o", "/home/runner/work/_temp/candidat"...], 0x868cd60 /* 116 vars */) = -1 ENOENT (No such file or directory)
9704  execve("/opt/pipx_bin/as", ["as", "-EL", "-mabi=lp64", "-o", "/tmp/ccNsfIU0.o", "/home/runner/work/_temp/candidat"...], 0x868cd60 /* 116 vars */) = -1 ENOENT (No such file or directory)
9704  execve("/home/runner/.cargo/bin/as", ["as", "-EL", "-mabi=lp64", "-o", "/tmp/ccNsfIU0.o", "/home/runner/work/_temp/candidat"...], 0x868cd60 /* 116 vars */) = -1 ENOENT (No such file or directory)
9704  execve("/home/runner/.config/composer/vendor/bin/as", ["as", "-EL", "-mabi=lp64", "-o", "/tmp/ccNsfIU0.o", "/home/runner/work/_temp/candidat"...], 0x868cd60 /* 116 vars */) = -1 ENOENT (No such file or directory)
9704  execve("/home/runner/.dotnet/tools/as", ["as", "-EL", "-mabi=lp64", "-o", "/tmp/ccNsfIU0.o", "/home/runner/work/_temp/candidat"...], 0x868cd60 /* 116 vars */) = -1 ENOENT (No such file or directory)
9704  execve("/usr/local/sbin/as", ["as", "-EL", "-mabi=lp64", "-o", "/tmp/ccNsfIU0.o", "/home/runner/work/_temp/candidat"...], 0x868cd60 /* 116 vars */) = -1 ENOENT (No such file or directory)
9704  execve("/usr/local/bin/as", ["as", "-EL", "-mabi=lp64", "-o", "/tmp/ccNsfIU0.o", "/home/runner/work/_temp/candidat"...], 0x868cd60 /* 116 vars */) = -1 ENOENT (No such file or directory)
9704  execve("/usr/sbin/as", ["as", "-EL", "-mabi=lp64", "-o", "/tmp/ccNsfIU0.o", "/home/runner/work/_temp/candidat"...], 0x868cd60 /* 116 vars */) = -1 ENOENT (No such file or directory)
9704  execve("/usr/bin/as", ["as", "-EL", "-mabi=lp64", "-o", "/tmp/ccNsfIU0.o", "/home/runner/work/_temp/candidat"...], 0x868cd60 /* 116 vars */ <unfinished ...>
9703  <... clone resumed>)              = 9704
9704  <... execve resumed>)             = 0
9703  wait4(9704,  <unfinished ...>
9704  exit_group(0)                     = ?
9704  +++ exited with 0 +++
9703  <... wait4 resumed>[{WIFEXITED(s) && WEXITSTATUS(s) == 0}], 0, NULL) = 9704
9703  --- SIGCHLD {si_signo=SIGCHLD, si_code=CLD_EXITED, si_pid=9704, si_uid=1001, si_status=0, si_utime=0, si_stime=0} ---
9703  clone(child_stack=0xfffffea12a20, flags=CLONE_VM|CLONE_VFORK|SIGCHLD <unfinished ...>
9705  execve("/usr/libexec/gcc/aarch64-linux-gnu/13/collect2", ["/usr/libexec/gcc/aarch64-linux-g"..., "-plugin", "/usr/libexec/gcc/aarch64-linux-g"..., "-plugin-opt=/usr/libexec/gcc/aar"..., "-plugin-opt=-fresolution=/tmp/cc"..., "-plugin-opt=-pass-through=-lgcc", "-plugin-opt=-pass-through=-lgcc_"..., "-plugin-opt=-pass-through=-lc", "-plugin-opt=-pass-through=-lgcc", "-plugin-opt=-pass-through=-lgcc_"..., "--build-id", "--eh-frame-hdr", "--hash-style=gnu", "--as-needed", "-dynamic-linker", "/lib/ld-linux-aarch64.so.1", "-X", "-EL", "-maarch64linux", "--fix-cortex-a53-843419", "-pie", "-z", "now", "-fuse-ld=lld", "-z", "relro", "-o", "/home/runner/work/_temp/candidat"..., "/usr/lib/gcc/aarch64-linux-gnu/1"..., "/usr/lib/gcc/aarch64-linux-gnu/1"..., "/usr/lib/gcc/aarch64-linux-gnu/1"..., "-L/usr/lib/gcc/aarch64-linux-gnu"..., ...], 0x868d590 /* 118 vars */ <unfinished ...>
9703  <... clone resumed>)              = 9705
9705  <... execve resumed>)             = 0
9703  wait4(9705,  <unfinished ...>
9705  clone(child_stack=0xffffe4f563a0, flags=CLONE_VM|CLONE_VFORK|SIGCHLD <unfinished ...>
9706  execve("/usr/bin/ld.lld", ["/usr/bin/ld.lld", "-plugin", "/usr/libexec/gcc/aarch64-linux-g"..., "-plugin-opt=/usr/libexec/gcc/aar"..., "-plugin-opt=-fresolution=/tmp/cc"..., "-plugin-opt=-pass-through=-lgcc", "-plugin-opt=-pass-through=-lgcc_"..., "-plugin-opt=-pass-through=-lc", "-plugin-opt=-pass-through=-lgcc", "-plugin-opt=-pass-through=-lgcc_"..., "--build-id", "--eh-frame-hdr", "--hash-style=gnu", "--as-needed", "-dynamic-linker", "/lib/ld-linux-aarch64.so.1", "-X", "-EL", "-maarch64linux", "--fix-cortex-a53-843419", "-pie", "-z", "now", "-z", "relro", "-o", "/home/runner/work/_temp/candidat"..., "/usr/lib/gcc/aarch64-linux-gnu/1"..., "/usr/lib/gcc/aarch64-linux-gnu/1"..., "/usr/lib/gcc/aarch64-linux-gnu/1"..., "-L/usr/lib/gcc/aarch64-linux-gnu"..., "-L/usr/lib/gcc/aarch64-linux-gnu"..., ...], 0xffffe4f56a60 /* 118 vars */ <unfinished ...>
9705  <... clone resumed>)              = 9706
9706  <... execve resumed>)             = 0
9705  wait4(9706,  <unfinished ...>
9706  clone3({flags=CLONE_VM|CLONE_FS|CLONE_FILES|CLONE_SIGHAND|CLONE_THREAD|CLONE_SYSVSEM|CLONE_SETTLS|CLONE_PARENT_SETTID|CLONE_CHILD_CLEARTID, child_tid=0xff301bdff050, parent_tid=0xff301bdff050, exit_signal=0, stack=0xff3017df0000, stack_size=0x400e840, tls=0xff301bdff6c0} => {parent_tid=[9707]}, 88) = 9707
9707  clone3({flags=CLONE_VM|CLONE_FS|CLONE_FILES|CLONE_SIGHAND|CLONE_THREAD|CLONE_SYSVSEM|CLONE_SETTLS|CLONE_PARENT_SETTID|CLONE_CHILD_CLEARTID, child_tid=0xff300ffff050, parent_tid=0xff300ffff050, exit_signal=0, stack=0xff300bff0000, stack_size=0x400e840, tls=0xff300ffff6c0} => {parent_tid=[9708]}, 88) = 9708
9707  clone3({flags=CLONE_VM|CLONE_FS|CLONE_FILES|CLONE_SIGHAND|CLONE_THREAD|CLONE_SYSVSEM|CLONE_SETTLS|CLONE_PARENT_SETTID|CLONE_CHILD_CLEARTID, child_tid=0xff300bfef050, parent_tid=0xff300bfef050, exit_signal=0, stack=0xff3007fe0000, stack_size=0x400e840, tls=0xff300bfef6c0} => {parent_tid=[9709]}, 88) = 9709
9707  clone3({flags=CLONE_VM|CLONE_FS|CLONE_FILES|CLONE_SIGHAND|CLONE_THREAD|CLONE_SYSVSEM|CLONE_SETTLS|CLONE_PARENT_SETTID|CLONE_CHILD_CLEARTID, child_tid=0xff2ffffff050, parent_tid=0xff2ffffff050, exit_signal=0, stack=0xff2ffbff0000, stack_size=0x400e840, tls=0xff2ffffff6c0} => {parent_tid=[9710]}, 88) = 9710
9709  exit(0)                           = ?
9710  exit(0 <unfinished ...>
9706  exit_group(0 <unfinished ...>
9710  <... exit resumed>)               = ?
9709  +++ exited with 0 +++
9706  <... exit_group resumed>)         = ?
9710  +++ exited with 0 +++
9708  +++ exited with 0 +++
9707  +++ exited with 0 +++
9706  +++ exited with 0 +++
9705  <... wait4 resumed>[{WIFEXITED(s) && WEXITSTATUS(s) == 0}], 0, NULL) = 9706
9705  --- SIGCHLD {si_signo=SIGCHLD, si_code=CLD_EXITED, si_pid=9706, si_uid=1001, si_status=0, si_utime=0, si_stime=1 /* 0.01 s */} ---
9705  exit_group(0)                     = ?
9705  +++ exited with 0 +++
9703  <... wait4 resumed>[{WIFEXITED(s) && WEXITSTATUS(s) == 0}], 0, NULL) = 9705
9703  --- SIGCHLD {si_signo=SIGCHLD, si_code=CLD_EXITED, si_pid=9705, si_uid=1001, si_status=0, si_utime=0, si_stime=0} ---
9703  exit_group(0)                     = ?
9703  +++ exited with 0 +++
9701  <... wait4 resumed>[{WIFEXITED(s) && WEXITSTATUS(s) == 0}], 0, NULL) = 9703
9701  --- SIGCHLD {si_signo=SIGCHLD, si_code=CLD_EXITED, si_pid=9703, si_uid=1001, si_status=0, si_utime=0, si_stime=0} ---
9701  exit_group(0)                     = ?
9701  +++ exited with 0 +++
