6275  execve("/home/runner/work/_temp/release/type-rb-native-bootstrap-linux-arm64", ["/home/runner/work/_temp/release/"..., "build", "compiler/gate4/src/compiler.trb", "--output", "/home/runner/work/_temp/transiti"..., "--qbe", "/home/runner/work/_temp/qbe-1.3/"..., "--cc", "/usr/bin/cc", "--target", "linux-arm64-v0"], 0xffffd82243f8 /* 111 vars */) = 0
6275  clone(child_stack=NULL, flags=CLONE_CHILD_CLEARTID|CLONE_CHILD_SETTID|SIGCHLD, child_tidptr=0xff945c5d6f90) = 6277
6275  wait4(6277,  <unfinished ...>
6277  execve("/home/runner/work/_temp/qbe-1.3/qbe", ["/home/runner/work/_temp/qbe-1.3/"..., "-t", "arm64", "-o", "/home/runner/work/_temp/transiti"..., "/home/runner/work/_temp/transiti"...], 0xfffff89f8a58 /* 111 vars */) = 0
6277  exit_group(0)                     = ?
6277  +++ exited with 0 +++
6275  <... wait4 resumed>[{WIFEXITED(s) && WEXITSTATUS(s) == 0}], 0, NULL) = 6277
6275  --- SIGCHLD {si_signo=SIGCHLD, si_code=CLD_EXITED, si_pid=6277, si_uid=1001, si_status=0, si_utime=19 /* 0.19 s */, si_stime=0} ---
6275  clone(child_stack=NULL, flags=CLONE_CHILD_CLEARTID|CLONE_CHILD_SETTID|SIGCHLD, child_tidptr=0xff945c5d6f90) = 6278
6275  wait4(6278,  <unfinished ...>
6278  execve("/usr/bin/cc", ["/usr/bin/cc", "-xassembler", "/home/runner/work/_temp/transiti"..., "-Wl,--gc-sections,--strip-all", "-o", "/home/runner/work/_temp/transiti"...], 0xfffff89f8a58 /* 111 vars */) = 0
6278  clone(child_stack=0xffffd9986600, flags=CLONE_VM|CLONE_VFORK|SIGCHLD <unfinished ...>
6279  execve("/home/runner/go/bin/as", ["as", "-EL", "-mabi=lp64", "-o", "/tmp/ccz8QZ8P.o", "/home/runner/work/_temp/transiti"...], 0x12d7c10 /* 116 vars */) = -1 ENOENT (No such file or directory)
6279  execve("/opt/hostedtoolcache/go/1.27.0/arm64/bin/as", ["as", "-EL", "-mabi=lp64", "-o", "/tmp/ccz8QZ8P.o", "/home/runner/work/_temp/transiti"...], 0x12d7c10 /* 116 vars */) = -1 ENOENT (No such file or directory)
6279  execve("/snap/bin/as", ["as", "-EL", "-mabi=lp64", "-o", "/tmp/ccz8QZ8P.o", "/home/runner/work/_temp/transiti"...], 0x12d7c10 /* 116 vars */) = -1 ENOENT (No such file or directory)
6279  execve("/home/runner/.local/bin/as", ["as", "-EL", "-mabi=lp64", "-o", "/tmp/ccz8QZ8P.o", "/home/runner/work/_temp/transiti"...], 0x12d7c10 /* 116 vars */) = -1 ENOENT (No such file or directory)
6279  execve("/opt/pipx_bin/as", ["as", "-EL", "-mabi=lp64", "-o", "/tmp/ccz8QZ8P.o", "/home/runner/work/_temp/transiti"...], 0x12d7c10 /* 116 vars */) = -1 ENOENT (No such file or directory)
6279  execve("/home/runner/.cargo/bin/as", ["as", "-EL", "-mabi=lp64", "-o", "/tmp/ccz8QZ8P.o", "/home/runner/work/_temp/transiti"...], 0x12d7c10 /* 116 vars */) = -1 ENOENT (No such file or directory)
6279  execve("/home/runner/.config/composer/vendor/bin/as", ["as", "-EL", "-mabi=lp64", "-o", "/tmp/ccz8QZ8P.o", "/home/runner/work/_temp/transiti"...], 0x12d7c10 /* 116 vars */) = -1 ENOENT (No such file or directory)
6279  execve("/home/runner/.dotnet/tools/as", ["as", "-EL", "-mabi=lp64", "-o", "/tmp/ccz8QZ8P.o", "/home/runner/work/_temp/transiti"...], 0x12d7c10 /* 116 vars */) = -1 ENOENT (No such file or directory)
6279  execve("/usr/local/sbin/as", ["as", "-EL", "-mabi=lp64", "-o", "/tmp/ccz8QZ8P.o", "/home/runner/work/_temp/transiti"...], 0x12d7c10 /* 116 vars */) = -1 ENOENT (No such file or directory)
6279  execve("/usr/local/bin/as", ["as", "-EL", "-mabi=lp64", "-o", "/tmp/ccz8QZ8P.o", "/home/runner/work/_temp/transiti"...], 0x12d7c10 /* 116 vars */) = -1 ENOENT (No such file or directory)
6279  execve("/usr/sbin/as", ["as", "-EL", "-mabi=lp64", "-o", "/tmp/ccz8QZ8P.o", "/home/runner/work/_temp/transiti"...], 0x12d7c10 /* 116 vars */) = -1 ENOENT (No such file or directory)
6279  execve("/usr/bin/as", ["as", "-EL", "-mabi=lp64", "-o", "/tmp/ccz8QZ8P.o", "/home/runner/work/_temp/transiti"...], 0x12d7c10 /* 116 vars */ <unfinished ...>
6278  <... clone resumed>)              = 6279
6279  <... execve resumed>)             = 0
6278  wait4(6279,  <unfinished ...>
6279  exit_group(0)                     = ?
6279  +++ exited with 0 +++
6278  <... wait4 resumed>[{WIFEXITED(s) && WEXITSTATUS(s) == 0}], 0, NULL) = 6279
6278  --- SIGCHLD {si_signo=SIGCHLD, si_code=CLD_EXITED, si_pid=6279, si_uid=1001, si_status=0, si_utime=8 /* 0.08 s */, si_stime=0} ---
6278  clone(child_stack=0xffffd9985740, flags=CLONE_VM|CLONE_VFORK|SIGCHLD <unfinished ...>
6280  execve("/usr/libexec/gcc/aarch64-linux-gnu/13/collect2", ["/usr/libexec/gcc/aarch64-linux-g"..., "-plugin", "/usr/libexec/gcc/aarch64-linux-g"..., "-plugin-opt=/usr/libexec/gcc/aar"..., "-plugin-opt=-fresolution=/tmp/cc"..., "-plugin-opt=-pass-through=-lgcc", "-plugin-opt=-pass-through=-lgcc_"..., "-plugin-opt=-pass-through=-lc", "-plugin-opt=-pass-through=-lgcc", "-plugin-opt=-pass-through=-lgcc_"..., "--build-id", "--eh-frame-hdr", "--hash-style=gnu", "--as-needed", "-dynamic-linker", "/lib/ld-linux-aarch64.so.1", "-X", "-EL", "-maarch64linux", "--fix-cortex-a53-843419", "-pie", "-z", "now", "-z", "relro", "-o", "/home/runner/work/_temp/transiti"..., "/usr/lib/gcc/aarch64-linux-gnu/1"..., "/usr/lib/gcc/aarch64-linux-gnu/1"..., "/usr/lib/gcc/aarch64-linux-gnu/1"..., "-L/usr/lib/gcc/aarch64-linux-gnu"..., "-L/usr/lib/gcc/aarch64-linux-gnu"..., ...], 0x12d83b0 /* 118 vars */ <unfinished ...>
6278  <... clone resumed>)              = 6280
6280  <... execve resumed>)             = 0
6278  wait4(6280,  <unfinished ...>
6280  clone(child_stack=0xffffc4445620, flags=CLONE_VM|CLONE_VFORK|SIGCHLD <unfinished ...>
6281  execve("/usr/bin/ld", ["/usr/bin/ld", "-plugin", "/usr/libexec/gcc/aarch64-linux-g"..., "-plugin-opt=/usr/libexec/gcc/aar"..., "-plugin-opt=-fresolution=/tmp/cc"..., "-plugin-opt=-pass-through=-lgcc", "-plugin-opt=-pass-through=-lgcc_"..., "-plugin-opt=-pass-through=-lc", "-plugin-opt=-pass-through=-lgcc", "-plugin-opt=-pass-through=-lgcc_"..., "--build-id", "--eh-frame-hdr", "--hash-style=gnu", "--as-needed", "-dynamic-linker", "/lib/ld-linux-aarch64.so.1", "-X", "-EL", "-maarch64linux", "--fix-cortex-a53-843419", "-pie", "-z", "now", "-z", "relro", "-o", "/home/runner/work/_temp/transiti"..., "/usr/lib/gcc/aarch64-linux-gnu/1"..., "/usr/lib/gcc/aarch64-linux-gnu/1"..., "/usr/lib/gcc/aarch64-linux-gnu/1"..., "-L/usr/lib/gcc/aarch64-linux-gnu"..., "-L/usr/lib/gcc/aarch64-linux-gnu"..., ...], 0xffffc4445cd0 /* 118 vars */ <unfinished ...>
6280  <... clone resumed>)              = 6281
6281  <... execve resumed>)             = 0
6280  wait4(6281,  <unfinished ...>
6281  exit_group(0)                     = ?
6281  +++ exited with 0 +++
6280  <... wait4 resumed>[{WIFEXITED(s) && WEXITSTATUS(s) == 0}], 0, NULL) = 6281
6280  --- SIGCHLD {si_signo=SIGCHLD, si_code=CLD_EXITED, si_pid=6281, si_uid=1001, si_status=0, si_utime=1 /* 0.01 s */, si_stime=1 /* 0.01 s */} ---
6280  exit_group(0)                     = ?
6280  +++ exited with 0 +++
6278  <... wait4 resumed>[{WIFEXITED(s) && WEXITSTATUS(s) == 0}], 0, NULL) = 6280
6278  --- SIGCHLD {si_signo=SIGCHLD, si_code=CLD_EXITED, si_pid=6280, si_uid=1001, si_status=0, si_utime=0, si_stime=0} ---
6278  exit_group(0)                     = ?
6278  +++ exited with 0 +++
6275  <... wait4 resumed>[{WIFEXITED(s) && WEXITSTATUS(s) == 0}], 0, NULL) = 6278
6275  --- SIGCHLD {si_signo=SIGCHLD, si_code=CLD_EXITED, si_pid=6278, si_uid=1001, si_status=0, si_utime=0, si_stime=0} ---
6275  exit_group(0)                     = ?
6275  +++ exited with 0 +++
