8903  execve("/home/runner/work/_temp/bootstrap-workspace/b4/compiler", ["/home/runner/work/_temp/bootstra"..., "build", "/home/runner/work/type-rb-native"..., "--output", "/home/runner/work/_temp/bootstra"..., "--qbe", "/home/runner/work/_temp/qbe-1.3/"..., "--cc", "/usr/bin/cc", "--target", "linux-arm64-v0"], 0xffffdc56f1e8 /* 111 vars */) = 0
8903  clone(child_stack=NULL, flags=CLONE_CHILD_CLEARTID|CLONE_CHILD_SETTID|SIGCHLD, child_tidptr=0xfff5c8d3ff90) = 8904
8903  wait4(8904,  <unfinished ...>
8904  execve("/home/runner/work/_temp/qbe-1.3/qbe", ["/home/runner/work/_temp/qbe-1.3/"..., "-t", "arm64", "-o", "/home/runner/work/_temp/bootstra"..., "/home/runner/work/_temp/bootstra"...], 0xffffe9ec9f18 /* 111 vars */) = 0
8904  exit_group(0)                     = ?
8904  +++ exited with 0 +++
8903  <... wait4 resumed>[{WIFEXITED(s) && WEXITSTATUS(s) == 0}], 0, NULL) = 8904
8903  --- SIGCHLD {si_signo=SIGCHLD, si_code=CLD_EXITED, si_pid=8904, si_uid=1001, si_status=0, si_utime=0, si_stime=0} ---
8903  clone(child_stack=NULL, flags=CLONE_CHILD_CLEARTID|CLONE_CHILD_SETTID|SIGCHLD, child_tidptr=0xfff5c8d3ff90) = 8905
8903  wait4(8905,  <unfinished ...>
8905  execve("/usr/bin/cc", ["/usr/bin/cc", "-xassembler", "/home/runner/work/_temp/bootstra"..., "-fuse-ld=lld", "-Wl,--gc-sections,--strip-all", "-lm", "-o", "/home/runner/work/_temp/bootstra"...], 0xffffe9ec9f18 /* 111 vars */) = 0
8905  clone(child_stack=0xffffef262cd0, flags=CLONE_VM|CLONE_VFORK|SIGCHLD <unfinished ...>
8906  execve("/home/runner/go/bin/as", ["as", "-EL", "-mabi=lp64", "-o", "/tmp/ccuGARu5.o", "/home/runner/work/_temp/bootstra"...], 0x1ed5cd50 /* 116 vars */) = -1 ENOENT (No such file or directory)
8906  execve("/opt/hostedtoolcache/go/1.27.0/arm64/bin/as", ["as", "-EL", "-mabi=lp64", "-o", "/tmp/ccuGARu5.o", "/home/runner/work/_temp/bootstra"...], 0x1ed5cd50 /* 116 vars */) = -1 ENOENT (No such file or directory)
8906  execve("/snap/bin/as", ["as", "-EL", "-mabi=lp64", "-o", "/tmp/ccuGARu5.o", "/home/runner/work/_temp/bootstra"...], 0x1ed5cd50 /* 116 vars */) = -1 ENOENT (No such file or directory)
8906  execve("/home/runner/.local/bin/as", ["as", "-EL", "-mabi=lp64", "-o", "/tmp/ccuGARu5.o", "/home/runner/work/_temp/bootstra"...], 0x1ed5cd50 /* 116 vars */) = -1 ENOENT (No such file or directory)
8906  execve("/opt/pipx_bin/as", ["as", "-EL", "-mabi=lp64", "-o", "/tmp/ccuGARu5.o", "/home/runner/work/_temp/bootstra"...], 0x1ed5cd50 /* 116 vars */) = -1 ENOENT (No such file or directory)
8906  execve("/home/runner/.cargo/bin/as", ["as", "-EL", "-mabi=lp64", "-o", "/tmp/ccuGARu5.o", "/home/runner/work/_temp/bootstra"...], 0x1ed5cd50 /* 116 vars */) = -1 ENOENT (No such file or directory)
8906  execve("/home/runner/.config/composer/vendor/bin/as", ["as", "-EL", "-mabi=lp64", "-o", "/tmp/ccuGARu5.o", "/home/runner/work/_temp/bootstra"...], 0x1ed5cd50 /* 116 vars */) = -1 ENOENT (No such file or directory)
8906  execve("/home/runner/.dotnet/tools/as", ["as", "-EL", "-mabi=lp64", "-o", "/tmp/ccuGARu5.o", "/home/runner/work/_temp/bootstra"...], 0x1ed5cd50 /* 116 vars */) = -1 ENOENT (No such file or directory)
8906  execve("/usr/local/sbin/as", ["as", "-EL", "-mabi=lp64", "-o", "/tmp/ccuGARu5.o", "/home/runner/work/_temp/bootstra"...], 0x1ed5cd50 /* 116 vars */) = -1 ENOENT (No such file or directory)
8906  execve("/usr/local/bin/as", ["as", "-EL", "-mabi=lp64", "-o", "/tmp/ccuGARu5.o", "/home/runner/work/_temp/bootstra"...], 0x1ed5cd50 /* 116 vars */) = -1 ENOENT (No such file or directory)
8906  execve("/usr/sbin/as", ["as", "-EL", "-mabi=lp64", "-o", "/tmp/ccuGARu5.o", "/home/runner/work/_temp/bootstra"...], 0x1ed5cd50 /* 116 vars */) = -1 ENOENT (No such file or directory)
8906  execve("/usr/bin/as", ["as", "-EL", "-mabi=lp64", "-o", "/tmp/ccuGARu5.o", "/home/runner/work/_temp/bootstra"...], 0x1ed5cd50 /* 116 vars */ <unfinished ...>
8905  <... clone resumed>)              = 8906
8906  <... execve resumed>)             = 0
8905  wait4(8906,  <unfinished ...>
8906  exit_group(0)                     = ?
8906  +++ exited with 0 +++
8905  <... wait4 resumed>[{WIFEXITED(s) && WEXITSTATUS(s) == 0}], 0, NULL) = 8906
8905  --- SIGCHLD {si_signo=SIGCHLD, si_code=CLD_EXITED, si_pid=8906, si_uid=1001, si_status=0, si_utime=0, si_stime=0} ---
8905  clone(child_stack=0xffffef261e10, flags=CLONE_VM|CLONE_VFORK|SIGCHLD <unfinished ...>
8907  execve("/usr/libexec/gcc/aarch64-linux-gnu/13/collect2", ["/usr/libexec/gcc/aarch64-linux-g"..., "-plugin", "/usr/libexec/gcc/aarch64-linux-g"..., "-plugin-opt=/usr/libexec/gcc/aar"..., "-plugin-opt=-fresolution=/tmp/cc"..., "-plugin-opt=-pass-through=-lgcc", "-plugin-opt=-pass-through=-lgcc_"..., "-plugin-opt=-pass-through=-lc", "-plugin-opt=-pass-through=-lgcc", "-plugin-opt=-pass-through=-lgcc_"..., "--build-id", "--eh-frame-hdr", "--hash-style=gnu", "--as-needed", "-dynamic-linker", "/lib/ld-linux-aarch64.so.1", "-X", "-EL", "-maarch64linux", "--fix-cortex-a53-843419", "-pie", "-z", "now", "-fuse-ld=lld", "-z", "relro", "-o", "/home/runner/work/_temp/bootstra"..., "/usr/lib/gcc/aarch64-linux-gnu/1"..., "/usr/lib/gcc/aarch64-linux-gnu/1"..., "/usr/lib/gcc/aarch64-linux-gnu/1"..., "-L/usr/lib/gcc/aarch64-linux-gnu"..., ...], 0x1ed5d580 /* 118 vars */ <unfinished ...>
8905  <... clone resumed>)              = 8907
8907  <... execve resumed>)             = 0
8905  wait4(8907,  <unfinished ...>
8907  clone(child_stack=0xffffc8b9abc0, flags=CLONE_VM|CLONE_VFORK|SIGCHLD <unfinished ...>
8908  execve("/usr/bin/ld.lld", ["/usr/bin/ld.lld", "-plugin", "/usr/libexec/gcc/aarch64-linux-g"..., "-plugin-opt=/usr/libexec/gcc/aar"..., "-plugin-opt=-fresolution=/tmp/cc"..., "-plugin-opt=-pass-through=-lgcc", "-plugin-opt=-pass-through=-lgcc_"..., "-plugin-opt=-pass-through=-lc", "-plugin-opt=-pass-through=-lgcc", "-plugin-opt=-pass-through=-lgcc_"..., "--build-id", "--eh-frame-hdr", "--hash-style=gnu", "--as-needed", "-dynamic-linker", "/lib/ld-linux-aarch64.so.1", "-X", "-EL", "-maarch64linux", "--fix-cortex-a53-843419", "-pie", "-z", "now", "-z", "relro", "-o", "/home/runner/work/_temp/bootstra"..., "/usr/lib/gcc/aarch64-linux-gnu/1"..., "/usr/lib/gcc/aarch64-linux-gnu/1"..., "/usr/lib/gcc/aarch64-linux-gnu/1"..., "-L/usr/lib/gcc/aarch64-linux-gnu"..., "-L/usr/lib/gcc/aarch64-linux-gnu"..., ...], 0xffffc8b9b280 /* 118 vars */ <unfinished ...>
8907  <... clone resumed>)              = 8908
8908  <... execve resumed>)             = 0
8907  wait4(8908,  <unfinished ...>
8908  clone3({flags=CLONE_VM|CLONE_FS|CLONE_FILES|CLONE_SIGHAND|CLONE_THREAD|CLONE_SYSVSEM|CLONE_SETTLS|CLONE_PARENT_SETTID|CLONE_CHILD_CLEARTID, child_tid=0xff002e1ff050, parent_tid=0xff002e1ff050, exit_signal=0, stack=0xff002a1f0000, stack_size=0x400e840, tls=0xff002e1ff6c0} => {parent_tid=[8909]}, 88) = 8909
8909  clone3({flags=CLONE_VM|CLONE_FS|CLONE_FILES|CLONE_SIGHAND|CLONE_THREAD|CLONE_SYSVSEM|CLONE_SETTLS|CLONE_PARENT_SETTID|CLONE_CHILD_CLEARTID, child_tid=0xff0023fff050, parent_tid=0xff0023fff050, exit_signal=0, stack=0xff001fff0000, stack_size=0x400e840, tls=0xff0023fff6c0} => {parent_tid=[8910]}, 88) = 8910
8909  clone3({flags=CLONE_VM|CLONE_FS|CLONE_FILES|CLONE_SIGHAND|CLONE_THREAD|CLONE_SYSVSEM|CLONE_SETTLS|CLONE_PARENT_SETTID|CLONE_CHILD_CLEARTID, child_tid=0xff001ffef050, parent_tid=0xff001ffef050, exit_signal=0, stack=0xff001bfe0000, stack_size=0x400e840, tls=0xff001ffef6c0} => {parent_tid=[8911]}, 88) = 8911
8909  clone3({flags=CLONE_VM|CLONE_FS|CLONE_FILES|CLONE_SIGHAND|CLONE_THREAD|CLONE_SYSVSEM|CLONE_SETTLS|CLONE_PARENT_SETTID|CLONE_CHILD_CLEARTID, child_tid=0xff0013fff050, parent_tid=0xff0013fff050, exit_signal=0, stack=0xff000fff0000, stack_size=0x400e840, tls=0xff0013fff6c0} => {parent_tid=[8912]}, 88) = 8912
8910  exit(0 <unfinished ...>
8912  exit(0 <unfinished ...>
8910  <... exit resumed>)               = ?
8912  <... exit resumed>)               = ?
8908  exit_group(0 <unfinished ...>
8912  +++ exited with 0 +++
8910  +++ exited with 0 +++
8908  <... exit_group resumed>)         = ?
8911  +++ exited with 0 +++
8909  +++ exited with 0 +++
8908  +++ exited with 0 +++
8907  <... wait4 resumed>[{WIFEXITED(s) && WEXITSTATUS(s) == 0}], 0, NULL) = 8908
8907  --- SIGCHLD {si_signo=SIGCHLD, si_code=CLD_EXITED, si_pid=8908, si_uid=1001, si_status=0, si_utime=1 /* 0.01 s */, si_stime=1 /* 0.01 s */} ---
8907  exit_group(0)                     = ?
8907  +++ exited with 0 +++
8905  <... wait4 resumed>[{WIFEXITED(s) && WEXITSTATUS(s) == 0}], 0, NULL) = 8907
8905  --- SIGCHLD {si_signo=SIGCHLD, si_code=CLD_EXITED, si_pid=8907, si_uid=1001, si_status=0, si_utime=0, si_stime=0} ---
8905  exit_group(0)                     = ?
8905  +++ exited with 0 +++
8903  <... wait4 resumed>[{WIFEXITED(s) && WEXITSTATUS(s) == 0}], 0, NULL) = 8905
8903  --- SIGCHLD {si_signo=SIGCHLD, si_code=CLD_EXITED, si_pid=8905, si_uid=1001, si_status=0, si_utime=0, si_stime=0} ---
8903  exit_group(0)                     = ?
8903  +++ exited with 0 +++
