9740  execve("/home/runner/work/_temp/bootstrap-workspace/b4/compiler", ["/home/runner/work/_temp/bootstra"..., "build", "/home/runner/work/type-rb-native"..., "--output", "/home/runner/work/_temp/bootstra"..., "--qbe", "/home/runner/work/_temp/qbe-1.3/"..., "--cc", "/usr/bin/cc", "--target", "linux-arm64-v0"], 0xffffe637ef08 /* 111 vars */) = 0
9740  clone(child_stack=NULL, flags=CLONE_CHILD_CLEARTID|CLONE_CHILD_SETTID|SIGCHLD, child_tidptr=0xffc54857bf90) = 9741
9740  wait4(9741,  <unfinished ...>
9741  execve("/home/runner/work/_temp/qbe-1.3/qbe", ["/home/runner/work/_temp/qbe-1.3/"..., "-t", "arm64", "-o", "/home/runner/work/_temp/bootstra"..., "/home/runner/work/_temp/bootstra"...], 0xffffd7445aa8 /* 111 vars */) = 0
9741  exit_group(0)                     = ?
9741  +++ exited with 0 +++
9740  <... wait4 resumed>[{WIFEXITED(s) && WEXITSTATUS(s) == 0}], 0, NULL) = 9741
9740  --- SIGCHLD {si_signo=SIGCHLD, si_code=CLD_EXITED, si_pid=9741, si_uid=1001, si_status=0, si_utime=0, si_stime=0} ---
9740  clone(child_stack=NULL, flags=CLONE_CHILD_CLEARTID|CLONE_CHILD_SETTID|SIGCHLD, child_tidptr=0xffc54857bf90) = 9742
9740  wait4(9742,  <unfinished ...>
9742  execve("/usr/bin/cc", ["/usr/bin/cc", "-xassembler", "/home/runner/work/_temp/bootstra"..., "-fuse-ld=lld", "-Wl,--gc-sections,--strip-all", "-lm", "-o", "/home/runner/work/_temp/bootstra"...], 0xffffd7445aa8 /* 111 vars */) = 0
9742  clone(child_stack=0xffffde1c7ba0, flags=CLONE_VM|CLONE_VFORK|SIGCHLD <unfinished ...>
9743  execve("/home/runner/go/bin/as", ["as", "-EL", "-mabi=lp64", "-o", "/tmp/ccCA2bcU.o", "/home/runner/work/_temp/bootstra"...], 0x12f82d50 /* 116 vars */) = -1 ENOENT (No such file or directory)
9743  execve("/opt/hostedtoolcache/go/1.27.1/arm64/bin/as", ["as", "-EL", "-mabi=lp64", "-o", "/tmp/ccCA2bcU.o", "/home/runner/work/_temp/bootstra"...], 0x12f82d50 /* 116 vars */) = -1 ENOENT (No such file or directory)
9743  execve("/snap/bin/as", ["as", "-EL", "-mabi=lp64", "-o", "/tmp/ccCA2bcU.o", "/home/runner/work/_temp/bootstra"...], 0x12f82d50 /* 116 vars */) = -1 ENOENT (No such file or directory)
9743  execve("/home/runner/.local/bin/as", ["as", "-EL", "-mabi=lp64", "-o", "/tmp/ccCA2bcU.o", "/home/runner/work/_temp/bootstra"...], 0x12f82d50 /* 116 vars */) = -1 ENOENT (No such file or directory)
9743  execve("/opt/pipx_bin/as", ["as", "-EL", "-mabi=lp64", "-o", "/tmp/ccCA2bcU.o", "/home/runner/work/_temp/bootstra"...], 0x12f82d50 /* 116 vars */) = -1 ENOENT (No such file or directory)
9743  execve("/home/runner/.cargo/bin/as", ["as", "-EL", "-mabi=lp64", "-o", "/tmp/ccCA2bcU.o", "/home/runner/work/_temp/bootstra"...], 0x12f82d50 /* 116 vars */) = -1 ENOENT (No such file or directory)
9743  execve("/home/runner/.config/composer/vendor/bin/as", ["as", "-EL", "-mabi=lp64", "-o", "/tmp/ccCA2bcU.o", "/home/runner/work/_temp/bootstra"...], 0x12f82d50 /* 116 vars */) = -1 ENOENT (No such file or directory)
9743  execve("/home/runner/.dotnet/tools/as", ["as", "-EL", "-mabi=lp64", "-o", "/tmp/ccCA2bcU.o", "/home/runner/work/_temp/bootstra"...], 0x12f82d50 /* 116 vars */) = -1 ENOENT (No such file or directory)
9743  execve("/usr/local/sbin/as", ["as", "-EL", "-mabi=lp64", "-o", "/tmp/ccCA2bcU.o", "/home/runner/work/_temp/bootstra"...], 0x12f82d50 /* 116 vars */) = -1 ENOENT (No such file or directory)
9743  execve("/usr/local/bin/as", ["as", "-EL", "-mabi=lp64", "-o", "/tmp/ccCA2bcU.o", "/home/runner/work/_temp/bootstra"...], 0x12f82d50 /* 116 vars */) = -1 ENOENT (No such file or directory)
9743  execve("/usr/sbin/as", ["as", "-EL", "-mabi=lp64", "-o", "/tmp/ccCA2bcU.o", "/home/runner/work/_temp/bootstra"...], 0x12f82d50 /* 116 vars */) = -1 ENOENT (No such file or directory)
9743  execve("/usr/bin/as", ["as", "-EL", "-mabi=lp64", "-o", "/tmp/ccCA2bcU.o", "/home/runner/work/_temp/bootstra"...], 0x12f82d50 /* 116 vars */ <unfinished ...>
9742  <... clone resumed>)              = 9743
9743  <... execve resumed>)             = 0
9742  wait4(9743,  <unfinished ...>
9743  exit_group(0)                     = ?
9743  +++ exited with 0 +++
9742  <... wait4 resumed>[{WIFEXITED(s) && WEXITSTATUS(s) == 0}], 0, NULL) = 9743
9742  --- SIGCHLD {si_signo=SIGCHLD, si_code=CLD_EXITED, si_pid=9743, si_uid=1001, si_status=0, si_utime=0, si_stime=0} ---
9742  clone(child_stack=0xffffde1c6ce0, flags=CLONE_VM|CLONE_VFORK|SIGCHLD <unfinished ...>
9744  execve("/usr/libexec/gcc/aarch64-linux-gnu/13/collect2", ["/usr/libexec/gcc/aarch64-linux-g"..., "-plugin", "/usr/libexec/gcc/aarch64-linux-g"..., "-plugin-opt=/usr/libexec/gcc/aar"..., "-plugin-opt=-fresolution=/tmp/cc"..., "-plugin-opt=-pass-through=-lgcc", "-plugin-opt=-pass-through=-lgcc_"..., "-plugin-opt=-pass-through=-lc", "-plugin-opt=-pass-through=-lgcc", "-plugin-opt=-pass-through=-lgcc_"..., "--build-id", "--eh-frame-hdr", "--hash-style=gnu", "--as-needed", "-dynamic-linker", "/lib/ld-linux-aarch64.so.1", "-X", "-EL", "-maarch64linux", "--fix-cortex-a53-843419", "-pie", "-z", "now", "-fuse-ld=lld", "-z", "relro", "-o", "/home/runner/work/_temp/bootstra"..., "/usr/lib/gcc/aarch64-linux-gnu/1"..., "/usr/lib/gcc/aarch64-linux-gnu/1"..., "/usr/lib/gcc/aarch64-linux-gnu/1"..., "-L/usr/lib/gcc/aarch64-linux-gnu"..., ...], 0x12f83580 /* 118 vars */ <unfinished ...>
9742  <... clone resumed>)              = 9744
9744  <... execve resumed>)             = 0
9742  wait4(9744,  <unfinished ...>
9744  clone(child_stack=0xffffd4b15890, flags=CLONE_VM|CLONE_VFORK|SIGCHLD <unfinished ...>
9745  execve("/usr/bin/ld.lld", ["/usr/bin/ld.lld", "-plugin", "/usr/libexec/gcc/aarch64-linux-g"..., "-plugin-opt=/usr/libexec/gcc/aar"..., "-plugin-opt=-fresolution=/tmp/cc"..., "-plugin-opt=-pass-through=-lgcc", "-plugin-opt=-pass-through=-lgcc_"..., "-plugin-opt=-pass-through=-lc", "-plugin-opt=-pass-through=-lgcc", "-plugin-opt=-pass-through=-lgcc_"..., "--build-id", "--eh-frame-hdr", "--hash-style=gnu", "--as-needed", "-dynamic-linker", "/lib/ld-linux-aarch64.so.1", "-X", "-EL", "-maarch64linux", "--fix-cortex-a53-843419", "-pie", "-z", "now", "-z", "relro", "-o", "/home/runner/work/_temp/bootstra"..., "/usr/lib/gcc/aarch64-linux-gnu/1"..., "/usr/lib/gcc/aarch64-linux-gnu/1"..., "/usr/lib/gcc/aarch64-linux-gnu/1"..., "-L/usr/lib/gcc/aarch64-linux-gnu"..., "-L/usr/lib/gcc/aarch64-linux-gnu"..., ...], 0xffffd4b15f50 /* 118 vars */ <unfinished ...>
9744  <... clone resumed>)              = 9745
9745  <... execve resumed>)             = 0
9744  wait4(9745,  <unfinished ...>
9745  clone3({flags=CLONE_VM|CLONE_FS|CLONE_FILES|CLONE_SIGHAND|CLONE_THREAD|CLONE_SYSVSEM|CLONE_SETTLS|CLONE_PARENT_SETTID|CLONE_CHILD_CLEARTID, child_tid=0xff8e9c7ff050, parent_tid=0xff8e9c7ff050, exit_signal=0, stack=0xff8e987f0000, stack_size=0x400e840, tls=0xff8e9c7ff6c0} => {parent_tid=[9746]}, 88) = 9746
9746  clone3({flags=CLONE_VM|CLONE_FS|CLONE_FILES|CLONE_SIGHAND|CLONE_THREAD|CLONE_SYSVSEM|CLONE_SETTLS|CLONE_PARENT_SETTID|CLONE_CHILD_CLEARTID, child_tid=0xff8e93fff050, parent_tid=0xff8e93fff050, exit_signal=0, stack=0xff8e8fff0000, stack_size=0x400e840, tls=0xff8e93fff6c0} => {parent_tid=[9747]}, 88) = 9747
9746  clone3({flags=CLONE_VM|CLONE_FS|CLONE_FILES|CLONE_SIGHAND|CLONE_THREAD|CLONE_SYSVSEM|CLONE_SETTLS|CLONE_PARENT_SETTID|CLONE_CHILD_CLEARTID, child_tid=0xff8e8ffef050, parent_tid=0xff8e8ffef050, exit_signal=0, stack=0xff8e8bfe0000, stack_size=0x400e840, tls=0xff8e8ffef6c0} => {parent_tid=[9748]}, 88) = 9748
9746  clone3({flags=CLONE_VM|CLONE_FS|CLONE_FILES|CLONE_SIGHAND|CLONE_THREAD|CLONE_SYSVSEM|CLONE_SETTLS|CLONE_PARENT_SETTID|CLONE_CHILD_CLEARTID, child_tid=0xff8e83fff050, parent_tid=0xff8e83fff050, exit_signal=0, stack=0xff8e7fff0000, stack_size=0x400e840, tls=0xff8e83fff6c0} => {parent_tid=[9749]}, 88) = 9749
9747  exit(0 <unfinished ...>
9749  exit(0)                           = ?
9747  <... exit resumed>)               = ?
9746  exit(0 <unfinished ...>
9745  exit_group(0 <unfinished ...>
9749  +++ exited with 0 +++
9747  +++ exited with 0 +++
9746  <... exit resumed>)               = ?
9745  <... exit_group resumed>)         = ?
9748  +++ exited with 0 +++
9746  +++ exited with 0 +++
9745  +++ exited with 0 +++
9744  <... wait4 resumed>[{WIFEXITED(s) && WEXITSTATUS(s) == 0}], 0, NULL) = 9745
9744  --- SIGCHLD {si_signo=SIGCHLD, si_code=CLD_EXITED, si_pid=9745, si_uid=1001, si_status=0, si_utime=0, si_stime=1 /* 0.01 s */} ---
9744  exit_group(0)                     = ?
9744  +++ exited with 0 +++
9742  <... wait4 resumed>[{WIFEXITED(s) && WEXITSTATUS(s) == 0}], 0, NULL) = 9744
9742  --- SIGCHLD {si_signo=SIGCHLD, si_code=CLD_EXITED, si_pid=9744, si_uid=1001, si_status=0, si_utime=0, si_stime=0} ---
9742  exit_group(0)                     = ?
9742  +++ exited with 0 +++
9740  <... wait4 resumed>[{WIFEXITED(s) && WEXITSTATUS(s) == 0}], 0, NULL) = 9742
9740  --- SIGCHLD {si_signo=SIGCHLD, si_code=CLD_EXITED, si_pid=9742, si_uid=1001, si_status=0, si_utime=0, si_stime=0} ---
9740  exit_group(0)                     = ?
9740  +++ exited with 0 +++
