6069  execve("/home/runner/work/_temp/transition/first/compiler", ["/home/runner/work/_temp/transiti"..., "build", "compiler/gate4/src/compiler.trb", "--output", "/home/runner/work/_temp/transiti"..., "--qbe", "/home/runner/work/_temp/qbe-1.3/"..., "--cc", "/usr/bin/cc", "--target", "linux-arm64-v0"], 0xffffd68a80b8 /* 111 vars */) = 0
6069  clone(child_stack=NULL, flags=CLONE_CHILD_CLEARTID|CLONE_CHILD_SETTID|SIGCHLD, child_tidptr=0xff5835a49f90) = 6070
6069  wait4(6070,  <unfinished ...>
6070  execve("/home/runner/work/_temp/qbe-1.3/qbe", ["/home/runner/work/_temp/qbe-1.3/"..., "-t", "arm64", "-o", "/home/runner/work/_temp/transiti"..., "/home/runner/work/_temp/transiti"...], 0xfffff2ea4dc8 /* 111 vars */) = 0
6070  exit_group(0)                     = ?
6070  +++ exited with 0 +++
6069  <... wait4 resumed>[{WIFEXITED(s) && WEXITSTATUS(s) == 0}], 0, NULL) = 6070
6069  --- SIGCHLD {si_signo=SIGCHLD, si_code=CLD_EXITED, si_pid=6070, si_uid=1001, si_status=0, si_utime=20 /* 0.20 s */, si_stime=0} ---
6069  clone(child_stack=NULL, flags=CLONE_CHILD_CLEARTID|CLONE_CHILD_SETTID|SIGCHLD, child_tidptr=0xff5835a49f90) = 6071
6069  wait4(6071,  <unfinished ...>
6071  execve("/usr/bin/cc", ["/usr/bin/cc", "-xassembler", "/home/runner/work/_temp/transiti"..., "-Wl,--gc-sections,--strip-all", "-o", "/home/runner/work/_temp/transiti"...], 0xfffff2ea4dc8 /* 111 vars */) = 0
6071  clone(child_stack=0xffffc4f35960, flags=CLONE_VM|CLONE_VFORK|SIGCHLD <unfinished ...>
6072  execve("/home/runner/go/bin/as", ["as", "-EL", "-mabi=lp64", "-o", "/tmp/ccq0e6vl.o", "/home/runner/work/_temp/transiti"...], 0x3ed3dc20 /* 116 vars */) = -1 ENOENT (No such file or directory)
6072  execve("/opt/hostedtoolcache/go/1.27.0/arm64/bin/as", ["as", "-EL", "-mabi=lp64", "-o", "/tmp/ccq0e6vl.o", "/home/runner/work/_temp/transiti"...], 0x3ed3dc20 /* 116 vars */) = -1 ENOENT (No such file or directory)
6072  execve("/snap/bin/as", ["as", "-EL", "-mabi=lp64", "-o", "/tmp/ccq0e6vl.o", "/home/runner/work/_temp/transiti"...], 0x3ed3dc20 /* 116 vars */) = -1 ENOENT (No such file or directory)
6072  execve("/home/runner/.local/bin/as", ["as", "-EL", "-mabi=lp64", "-o", "/tmp/ccq0e6vl.o", "/home/runner/work/_temp/transiti"...], 0x3ed3dc20 /* 116 vars */) = -1 ENOENT (No such file or directory)
6072  execve("/opt/pipx_bin/as", ["as", "-EL", "-mabi=lp64", "-o", "/tmp/ccq0e6vl.o", "/home/runner/work/_temp/transiti"...], 0x3ed3dc20 /* 116 vars */) = -1 ENOENT (No such file or directory)
6072  execve("/home/runner/.cargo/bin/as", ["as", "-EL", "-mabi=lp64", "-o", "/tmp/ccq0e6vl.o", "/home/runner/work/_temp/transiti"...], 0x3ed3dc20 /* 116 vars */) = -1 ENOENT (No such file or directory)
6072  execve("/home/runner/.config/composer/vendor/bin/as", ["as", "-EL", "-mabi=lp64", "-o", "/tmp/ccq0e6vl.o", "/home/runner/work/_temp/transiti"...], 0x3ed3dc20 /* 116 vars */) = -1 ENOENT (No such file or directory)
6072  execve("/home/runner/.dotnet/tools/as", ["as", "-EL", "-mabi=lp64", "-o", "/tmp/ccq0e6vl.o", "/home/runner/work/_temp/transiti"...], 0x3ed3dc20 /* 116 vars */) = -1 ENOENT (No such file or directory)
6072  execve("/usr/local/sbin/as", ["as", "-EL", "-mabi=lp64", "-o", "/tmp/ccq0e6vl.o", "/home/runner/work/_temp/transiti"...], 0x3ed3dc20 /* 116 vars */) = -1 ENOENT (No such file or directory)
6072  execve("/usr/local/bin/as", ["as", "-EL", "-mabi=lp64", "-o", "/tmp/ccq0e6vl.o", "/home/runner/work/_temp/transiti"...], 0x3ed3dc20 /* 116 vars */) = -1 ENOENT (No such file or directory)
6072  execve("/usr/sbin/as", ["as", "-EL", "-mabi=lp64", "-o", "/tmp/ccq0e6vl.o", "/home/runner/work/_temp/transiti"...], 0x3ed3dc20 /* 116 vars */) = -1 ENOENT (No such file or directory)
6072  execve("/usr/bin/as", ["as", "-EL", "-mabi=lp64", "-o", "/tmp/ccq0e6vl.o", "/home/runner/work/_temp/transiti"...], 0x3ed3dc20 /* 116 vars */ <unfinished ...>
6071  <... clone resumed>)              = 6072
6072  <... execve resumed>)             = 0
6071  wait4(6072,  <unfinished ...>
6072  exit_group(0)                     = ?
6072  +++ exited with 0 +++
6071  <... wait4 resumed>[{WIFEXITED(s) && WEXITSTATUS(s) == 0}], 0, NULL) = 6072
6071  --- SIGCHLD {si_signo=SIGCHLD, si_code=CLD_EXITED, si_pid=6072, si_uid=1001, si_status=0, si_utime=8 /* 0.08 s */, si_stime=0} ---
6071  clone(child_stack=0xffffc4f34aa0, flags=CLONE_VM|CLONE_VFORK|SIGCHLD <unfinished ...>
6073  execve("/usr/libexec/gcc/aarch64-linux-gnu/13/collect2", ["/usr/libexec/gcc/aarch64-linux-g"..., "-plugin", "/usr/libexec/gcc/aarch64-linux-g"..., "-plugin-opt=/usr/libexec/gcc/aar"..., "-plugin-opt=-fresolution=/tmp/cc"..., "-plugin-opt=-pass-through=-lgcc", "-plugin-opt=-pass-through=-lgcc_"..., "-plugin-opt=-pass-through=-lc", "-plugin-opt=-pass-through=-lgcc", "-plugin-opt=-pass-through=-lgcc_"..., "--build-id", "--eh-frame-hdr", "--hash-style=gnu", "--as-needed", "-dynamic-linker", "/lib/ld-linux-aarch64.so.1", "-X", "-EL", "-maarch64linux", "--fix-cortex-a53-843419", "-pie", "-z", "now", "-z", "relro", "-o", "/home/runner/work/_temp/transiti"..., "/usr/lib/gcc/aarch64-linux-gnu/1"..., "/usr/lib/gcc/aarch64-linux-gnu/1"..., "/usr/lib/gcc/aarch64-linux-gnu/1"..., "-L/usr/lib/gcc/aarch64-linux-gnu"..., "-L/usr/lib/gcc/aarch64-linux-gnu"..., ...], 0x3ed3e3c0 /* 118 vars */ <unfinished ...>
6071  <... clone resumed>)              = 6073
6073  <... execve resumed>)             = 0
6071  wait4(6073,  <unfinished ...>
6073  clone(child_stack=0xffffe973ac00, flags=CLONE_VM|CLONE_VFORK|SIGCHLD <unfinished ...>
6074  execve("/usr/bin/ld", ["/usr/bin/ld", "-plugin", "/usr/libexec/gcc/aarch64-linux-g"..., "-plugin-opt=/usr/libexec/gcc/aar"..., "-plugin-opt=-fresolution=/tmp/cc"..., "-plugin-opt=-pass-through=-lgcc", "-plugin-opt=-pass-through=-lgcc_"..., "-plugin-opt=-pass-through=-lc", "-plugin-opt=-pass-through=-lgcc", "-plugin-opt=-pass-through=-lgcc_"..., "--build-id", "--eh-frame-hdr", "--hash-style=gnu", "--as-needed", "-dynamic-linker", "/lib/ld-linux-aarch64.so.1", "-X", "-EL", "-maarch64linux", "--fix-cortex-a53-843419", "-pie", "-z", "now", "-z", "relro", "-o", "/home/runner/work/_temp/transiti"..., "/usr/lib/gcc/aarch64-linux-gnu/1"..., "/usr/lib/gcc/aarch64-linux-gnu/1"..., "/usr/lib/gcc/aarch64-linux-gnu/1"..., "-L/usr/lib/gcc/aarch64-linux-gnu"..., "-L/usr/lib/gcc/aarch64-linux-gnu"..., ...], 0xffffe973b2b0 /* 118 vars */ <unfinished ...>
6073  <... clone resumed>)              = 6074
6074  <... execve resumed>)             = 0
6073  wait4(6074,  <unfinished ...>
6074  exit_group(0)                     = ?
6074  +++ exited with 0 +++
6073  <... wait4 resumed>[{WIFEXITED(s) && WEXITSTATUS(s) == 0}], 0, NULL) = 6074
6073  --- SIGCHLD {si_signo=SIGCHLD, si_code=CLD_EXITED, si_pid=6074, si_uid=1001, si_status=0, si_utime=1 /* 0.01 s */, si_stime=1 /* 0.01 s */} ---
6073  exit_group(0)                     = ?
6073  +++ exited with 0 +++
6071  <... wait4 resumed>[{WIFEXITED(s) && WEXITSTATUS(s) == 0}], 0, NULL) = 6073
6071  --- SIGCHLD {si_signo=SIGCHLD, si_code=CLD_EXITED, si_pid=6073, si_uid=1001, si_status=0, si_utime=0, si_stime=0} ---
6071  exit_group(0)                     = ?
6071  +++ exited with 0 +++
6069  <... wait4 resumed>[{WIFEXITED(s) && WEXITSTATUS(s) == 0}], 0, NULL) = 6071
6069  --- SIGCHLD {si_signo=SIGCHLD, si_code=CLD_EXITED, si_pid=6071, si_uid=1001, si_status=0, si_utime=0, si_stime=0} ---
6069  exit_group(0)                     = ?
6069  +++ exited with 0 +++
