6059  execve("/home/runner/work/_temp/release/type-rb-native-bootstrap-linux-arm64", ["/home/runner/work/_temp/release/"..., "build", "compiler/gate4/src/compiler.trb", "--output", "/home/runner/work/_temp/transiti"..., "--qbe", "/home/runner/work/_temp/qbe-1.3/"..., "--cc", "/usr/bin/cc", "--target", "linux-arm64-v0"], 0xffffef3a3178 /* 111 vars */) = 0
6059  clone(child_stack=NULL, flags=CLONE_CHILD_CLEARTID|CLONE_CHILD_SETTID|SIGCHLD, child_tidptr=0xff24d8da2f90) = 6061
6059  wait4(6061,  <unfinished ...>
6061  execve("/home/runner/work/_temp/qbe-1.3/qbe", ["/home/runner/work/_temp/qbe-1.3/"..., "-t", "arm64", "-o", "/home/runner/work/_temp/transiti"..., "/home/runner/work/_temp/transiti"...], 0xffffea2fb818 /* 111 vars */) = 0
6061  exit_group(0)                     = ?
6061  +++ exited with 0 +++
6059  <... wait4 resumed>[{WIFEXITED(s) && WEXITSTATUS(s) == 0}], 0, NULL) = 6061
6059  --- SIGCHLD {si_signo=SIGCHLD, si_code=CLD_EXITED, si_pid=6061, si_uid=1001, si_status=0, si_utime=18 /* 0.18 s */, si_stime=1 /* 0.01 s */} ---
6059  clone(child_stack=NULL, flags=CLONE_CHILD_CLEARTID|CLONE_CHILD_SETTID|SIGCHLD, child_tidptr=0xff24d8da2f90) = 6062
6059  wait4(6062,  <unfinished ...>
6062  execve("/usr/bin/cc", ["/usr/bin/cc", "-xassembler", "/home/runner/work/_temp/transiti"..., "-Wl,--gc-sections,--strip-all", "-o", "/home/runner/work/_temp/transiti"...], 0xffffea2fb818 /* 111 vars */) = 0
6062  clone(child_stack=0xfffffab986f0, flags=CLONE_VM|CLONE_VFORK|SIGCHLD <unfinished ...>
6063  execve("/home/runner/go/bin/as", ["as", "-EL", "-mabi=lp64", "-o", "/tmp/ccfB8h16.o", "/home/runner/work/_temp/transiti"...], 0x23c3cc10 /* 116 vars */) = -1 ENOENT (No such file or directory)
6063  execve("/opt/hostedtoolcache/go/1.27.0/arm64/bin/as", ["as", "-EL", "-mabi=lp64", "-o", "/tmp/ccfB8h16.o", "/home/runner/work/_temp/transiti"...], 0x23c3cc10 /* 116 vars */) = -1 ENOENT (No such file or directory)
6063  execve("/snap/bin/as", ["as", "-EL", "-mabi=lp64", "-o", "/tmp/ccfB8h16.o", "/home/runner/work/_temp/transiti"...], 0x23c3cc10 /* 116 vars */) = -1 ENOENT (No such file or directory)
6063  execve("/home/runner/.local/bin/as", ["as", "-EL", "-mabi=lp64", "-o", "/tmp/ccfB8h16.o", "/home/runner/work/_temp/transiti"...], 0x23c3cc10 /* 116 vars */) = -1 ENOENT (No such file or directory)
6063  execve("/opt/pipx_bin/as", ["as", "-EL", "-mabi=lp64", "-o", "/tmp/ccfB8h16.o", "/home/runner/work/_temp/transiti"...], 0x23c3cc10 /* 116 vars */) = -1 ENOENT (No such file or directory)
6063  execve("/home/runner/.cargo/bin/as", ["as", "-EL", "-mabi=lp64", "-o", "/tmp/ccfB8h16.o", "/home/runner/work/_temp/transiti"...], 0x23c3cc10 /* 116 vars */) = -1 ENOENT (No such file or directory)
6063  execve("/home/runner/.config/composer/vendor/bin/as", ["as", "-EL", "-mabi=lp64", "-o", "/tmp/ccfB8h16.o", "/home/runner/work/_temp/transiti"...], 0x23c3cc10 /* 116 vars */) = -1 ENOENT (No such file or directory)
6063  execve("/home/runner/.dotnet/tools/as", ["as", "-EL", "-mabi=lp64", "-o", "/tmp/ccfB8h16.o", "/home/runner/work/_temp/transiti"...], 0x23c3cc10 /* 116 vars */) = -1 ENOENT (No such file or directory)
6063  execve("/usr/local/sbin/as", ["as", "-EL", "-mabi=lp64", "-o", "/tmp/ccfB8h16.o", "/home/runner/work/_temp/transiti"...], 0x23c3cc10 /* 116 vars */) = -1 ENOENT (No such file or directory)
6063  execve("/usr/local/bin/as", ["as", "-EL", "-mabi=lp64", "-o", "/tmp/ccfB8h16.o", "/home/runner/work/_temp/transiti"...], 0x23c3cc10 /* 116 vars */) = -1 ENOENT (No such file or directory)
6063  execve("/usr/sbin/as", ["as", "-EL", "-mabi=lp64", "-o", "/tmp/ccfB8h16.o", "/home/runner/work/_temp/transiti"...], 0x23c3cc10 /* 116 vars */) = -1 ENOENT (No such file or directory)
6063  execve("/usr/bin/as", ["as", "-EL", "-mabi=lp64", "-o", "/tmp/ccfB8h16.o", "/home/runner/work/_temp/transiti"...], 0x23c3cc10 /* 116 vars */ <unfinished ...>
6062  <... clone resumed>)              = 6063
6063  <... execve resumed>)             = 0
6062  wait4(6063,  <unfinished ...>
6063  exit_group(0)                     = ?
6063  +++ exited with 0 +++
6062  <... wait4 resumed>[{WIFEXITED(s) && WEXITSTATUS(s) == 0}], 0, NULL) = 6063
6062  --- SIGCHLD {si_signo=SIGCHLD, si_code=CLD_EXITED, si_pid=6063, si_uid=1001, si_status=0, si_utime=8 /* 0.08 s */, si_stime=1 /* 0.01 s */} ---
6062  clone(child_stack=0xfffffab97830, flags=CLONE_VM|CLONE_VFORK|SIGCHLD <unfinished ...>
6064  execve("/usr/libexec/gcc/aarch64-linux-gnu/13/collect2", ["/usr/libexec/gcc/aarch64-linux-g"..., "-plugin", "/usr/libexec/gcc/aarch64-linux-g"..., "-plugin-opt=/usr/libexec/gcc/aar"..., "-plugin-opt=-fresolution=/tmp/cc"..., "-plugin-opt=-pass-through=-lgcc", "-plugin-opt=-pass-through=-lgcc_"..., "-plugin-opt=-pass-through=-lc", "-plugin-opt=-pass-through=-lgcc", "-plugin-opt=-pass-through=-lgcc_"..., "--build-id", "--eh-frame-hdr", "--hash-style=gnu", "--as-needed", "-dynamic-linker", "/lib/ld-linux-aarch64.so.1", "-X", "-EL", "-maarch64linux", "--fix-cortex-a53-843419", "-pie", "-z", "now", "-z", "relro", "-o", "/home/runner/work/_temp/transiti"..., "/usr/lib/gcc/aarch64-linux-gnu/1"..., "/usr/lib/gcc/aarch64-linux-gnu/1"..., "/usr/lib/gcc/aarch64-linux-gnu/1"..., "-L/usr/lib/gcc/aarch64-linux-gnu"..., "-L/usr/lib/gcc/aarch64-linux-gnu"..., ...], 0x23c3d3b0 /* 118 vars */ <unfinished ...>
6062  <... clone resumed>)              = 6064
6064  <... execve resumed>)             = 0
6062  wait4(6064,  <unfinished ...>
6064  clone(child_stack=0xffffd9ec9260, flags=CLONE_VM|CLONE_VFORK|SIGCHLD <unfinished ...>
6065  execve("/usr/bin/ld", ["/usr/bin/ld", "-plugin", "/usr/libexec/gcc/aarch64-linux-g"..., "-plugin-opt=/usr/libexec/gcc/aar"..., "-plugin-opt=-fresolution=/tmp/cc"..., "-plugin-opt=-pass-through=-lgcc", "-plugin-opt=-pass-through=-lgcc_"..., "-plugin-opt=-pass-through=-lc", "-plugin-opt=-pass-through=-lgcc", "-plugin-opt=-pass-through=-lgcc_"..., "--build-id", "--eh-frame-hdr", "--hash-style=gnu", "--as-needed", "-dynamic-linker", "/lib/ld-linux-aarch64.so.1", "-X", "-EL", "-maarch64linux", "--fix-cortex-a53-843419", "-pie", "-z", "now", "-z", "relro", "-o", "/home/runner/work/_temp/transiti"..., "/usr/lib/gcc/aarch64-linux-gnu/1"..., "/usr/lib/gcc/aarch64-linux-gnu/1"..., "/usr/lib/gcc/aarch64-linux-gnu/1"..., "-L/usr/lib/gcc/aarch64-linux-gnu"..., "-L/usr/lib/gcc/aarch64-linux-gnu"..., ...], 0xffffd9ec9910 /* 118 vars */ <unfinished ...>
6064  <... clone resumed>)              = 6065
6065  <... execve resumed>)             = 0
6064  wait4(6065,  <unfinished ...>
6065  exit_group(0)                     = ?
6065  +++ exited with 0 +++
6064  <... wait4 resumed>[{WIFEXITED(s) && WEXITSTATUS(s) == 0}], 0, NULL) = 6065
6064  --- SIGCHLD {si_signo=SIGCHLD, si_code=CLD_EXITED, si_pid=6065, si_uid=1001, si_status=0, si_utime=0, si_stime=1 /* 0.01 s */} ---
6064  exit_group(0)                     = ?
6064  +++ exited with 0 +++
6062  <... wait4 resumed>[{WIFEXITED(s) && WEXITSTATUS(s) == 0}], 0, NULL) = 6064
6062  --- SIGCHLD {si_signo=SIGCHLD, si_code=CLD_EXITED, si_pid=6064, si_uid=1001, si_status=0, si_utime=0, si_stime=0} ---
6062  exit_group(0)                     = ?
6062  +++ exited with 0 +++
6059  <... wait4 resumed>[{WIFEXITED(s) && WEXITSTATUS(s) == 0}], 0, NULL) = 6062
6059  --- SIGCHLD {si_signo=SIGCHLD, si_code=CLD_EXITED, si_pid=6062, si_uid=1001, si_status=0, si_utime=0, si_stime=0} ---
6059  exit_group(0)                     = ?
6059  +++ exited with 0 +++
