6636  execve("/home/runner/work/_temp/baseline-bootstrap-workspace/b4/compiler", ["/home/runner/work/_temp/baseline"..., "build", "/home/runner/work/_temp/baseline"..., "--output", "/home/runner/work/_temp/baseline"..., "--qbe", "/home/runner/work/_temp/qbe-1.3/"..., "--cc", "/usr/bin/cc", "--target", "linux-arm64-v0"], 0xffffe06bf2d8 /* 112 vars */) = 0
6636  clone(child_stack=NULL, flags=CLONE_CHILD_CLEARTID|CLONE_CHILD_SETTID|SIGCHLD, child_tidptr=0xff23f0fc2f90) = 6637
6636  wait4(6637,  <unfinished ...>
6637  execve("/home/runner/work/_temp/qbe-1.3/qbe", ["/home/runner/work/_temp/qbe-1.3/"..., "-t", "arm64", "-o", "/home/runner/work/_temp/baseline"..., "/home/runner/work/_temp/baseline"...], 0xfffffbb1d408 /* 112 vars */) = 0
6637  exit_group(0)                     = ?
6637  +++ exited with 0 +++
6636  <... wait4 resumed>[{WIFEXITED(s) && WEXITSTATUS(s) == 0}], 0, NULL) = 6637
6636  --- SIGCHLD {si_signo=SIGCHLD, si_code=CLD_EXITED, si_pid=6637, si_uid=1001, si_status=0, si_utime=0, si_stime=0} ---
6636  clone(child_stack=NULL, flags=CLONE_CHILD_CLEARTID|CLONE_CHILD_SETTID|SIGCHLD, child_tidptr=0xff23f0fc2f90) = 6638
6636  wait4(6638,  <unfinished ...>
6638  execve("/usr/bin/cc", ["/usr/bin/cc", "-xassembler", "/home/runner/work/_temp/baseline"..., "-fuse-ld=lld", "-Wl,--gc-sections,--strip-all", "-lm", "-o", "/home/runner/work/_temp/baseline"...], 0xfffffbb1d408 /* 112 vars */) = 0
6638  clone(child_stack=0xffffe3d6e920, flags=CLONE_VM|CLONE_VFORK|SIGCHLD <unfinished ...>
6639  execve("/snap/bin/as", ["as", "-EL", "-mabi=lp64", "-o", "/tmp/ccKtownI.o", "/home/runner/work/_temp/baseline"...], 0xc1e42e0 /* 117 vars */) = -1 ENOENT (No such file or directory)
6639  execve("/home/runner/.local/bin/as", ["as", "-EL", "-mabi=lp64", "-o", "/tmp/ccKtownI.o", "/home/runner/work/_temp/baseline"...], 0xc1e42e0 /* 117 vars */) = -1 ENOENT (No such file or directory)
6639  execve("/opt/pipx_bin/as", ["as", "-EL", "-mabi=lp64", "-o", "/tmp/ccKtownI.o", "/home/runner/work/_temp/baseline"...], 0xc1e42e0 /* 117 vars */) = -1 ENOENT (No such file or directory)
6639  execve("/home/runner/.cargo/bin/as", ["as", "-EL", "-mabi=lp64", "-o", "/tmp/ccKtownI.o", "/home/runner/work/_temp/baseline"...], 0xc1e42e0 /* 117 vars */) = -1 ENOENT (No such file or directory)
6639  execve("/home/runner/.config/composer/vendor/bin/as", ["as", "-EL", "-mabi=lp64", "-o", "/tmp/ccKtownI.o", "/home/runner/work/_temp/baseline"...], 0xc1e42e0 /* 117 vars */) = -1 ENOENT (No such file or directory)
6639  execve("/home/runner/.dotnet/tools/as", ["as", "-EL", "-mabi=lp64", "-o", "/tmp/ccKtownI.o", "/home/runner/work/_temp/baseline"...], 0xc1e42e0 /* 117 vars */) = -1 ENOENT (No such file or directory)
6639  execve("/usr/local/sbin/as", ["as", "-EL", "-mabi=lp64", "-o", "/tmp/ccKtownI.o", "/home/runner/work/_temp/baseline"...], 0xc1e42e0 /* 117 vars */) = -1 ENOENT (No such file or directory)
6639  execve("/usr/local/bin/as", ["as", "-EL", "-mabi=lp64", "-o", "/tmp/ccKtownI.o", "/home/runner/work/_temp/baseline"...], 0xc1e42e0 /* 117 vars */) = -1 ENOENT (No such file or directory)
6639  execve("/usr/sbin/as", ["as", "-EL", "-mabi=lp64", "-o", "/tmp/ccKtownI.o", "/home/runner/work/_temp/baseline"...], 0xc1e42e0 /* 117 vars */) = -1 ENOENT (No such file or directory)
6639  execve("/usr/bin/as", ["as", "-EL", "-mabi=lp64", "-o", "/tmp/ccKtownI.o", "/home/runner/work/_temp/baseline"...], 0xc1e42e0 /* 117 vars */ <unfinished ...>
6638  <... clone resumed>)              = 6639
6639  <... execve resumed>)             = 0
6638  wait4(6639,  <unfinished ...>
6639  exit_group(0)                     = ?
6639  +++ exited with 0 +++
6638  <... wait4 resumed>[{WIFEXITED(s) && WEXITSTATUS(s) == 0}], 0, NULL) = 6639
6638  --- SIGCHLD {si_signo=SIGCHLD, si_code=CLD_EXITED, si_pid=6639, si_uid=1001, si_status=0, si_utime=0, si_stime=0} ---
6638  clone(child_stack=0xffffe3d6da60, flags=CLONE_VM|CLONE_VFORK|SIGCHLD <unfinished ...>
6640  execve("/usr/libexec/gcc/aarch64-linux-gnu/13/collect2", ["/usr/libexec/gcc/aarch64-linux-g"..., "-plugin", "/usr/libexec/gcc/aarch64-linux-g"..., "-plugin-opt=/usr/libexec/gcc/aar"..., "-plugin-opt=-fresolution=/tmp/cc"..., "-plugin-opt=-pass-through=-lgcc", "-plugin-opt=-pass-through=-lgcc_"..., "-plugin-opt=-pass-through=-lc", "-plugin-opt=-pass-through=-lgcc", "-plugin-opt=-pass-through=-lgcc_"..., "--build-id", "--eh-frame-hdr", "--hash-style=gnu", "--as-needed", "-dynamic-linker", "/lib/ld-linux-aarch64.so.1", "-X", "-EL", "-maarch64linux", "--fix-cortex-a53-843419", "-pie", "-z", "now", "-fuse-ld=lld", "-z", "relro", "-o", "/home/runner/work/_temp/baseline"..., "/usr/lib/gcc/aarch64-linux-gnu/1"..., "/usr/lib/gcc/aarch64-linux-gnu/1"..., "/usr/lib/gcc/aarch64-linux-gnu/1"..., "-L/usr/lib/gcc/aarch64-linux-gnu"..., ...], 0xc1e4990 /* 119 vars */ <unfinished ...>
6638  <... clone resumed>)              = 6640
6640  <... execve resumed>)             = 0
6638  wait4(6640,  <unfinished ...>
6640  clone(child_stack=0xfffffa0af980, flags=CLONE_VM|CLONE_VFORK|SIGCHLD <unfinished ...>
6641  execve("/usr/bin/ld.lld", ["/usr/bin/ld.lld", "-plugin", "/usr/libexec/gcc/aarch64-linux-g"..., "-plugin-opt=/usr/libexec/gcc/aar"..., "-plugin-opt=-fresolution=/tmp/cc"..., "-plugin-opt=-pass-through=-lgcc", "-plugin-opt=-pass-through=-lgcc_"..., "-plugin-opt=-pass-through=-lc", "-plugin-opt=-pass-through=-lgcc", "-plugin-opt=-pass-through=-lgcc_"..., "--build-id", "--eh-frame-hdr", "--hash-style=gnu", "--as-needed", "-dynamic-linker", "/lib/ld-linux-aarch64.so.1", "-X", "-EL", "-maarch64linux", "--fix-cortex-a53-843419", "-pie", "-z", "now", "-z", "relro", "-o", "/home/runner/work/_temp/baseline"..., "/usr/lib/gcc/aarch64-linux-gnu/1"..., "/usr/lib/gcc/aarch64-linux-gnu/1"..., "/usr/lib/gcc/aarch64-linux-gnu/1"..., "-L/usr/lib/gcc/aarch64-linux-gnu"..., "-L/usr/lib/gcc/aarch64-linux-gnu"..., ...], 0xfffffa0b0040 /* 119 vars */ <unfinished ...>
6640  <... clone resumed>)              = 6641
6641  <... execve resumed>)             = 0
6640  wait4(6641,  <unfinished ...>
6641  clone3({flags=CLONE_VM|CLONE_FS|CLONE_FILES|CLONE_SIGHAND|CLONE_THREAD|CLONE_SYSVSEM|CLONE_SETTLS|CLONE_PARENT_SETTID|CLONE_CHILD_CLEARTID, child_tid=0xfffb79fff050, parent_tid=0xfffb79fff050, exit_signal=0, stack=0xfffb75ff0000, stack_size=0x400e840, tls=0xfffb79fff6c0} => {parent_tid=[6642]}, 88) = 6642
6642  clone3({flags=CLONE_VM|CLONE_FS|CLONE_FILES|CLONE_SIGHAND|CLONE_THREAD|CLONE_SYSVSEM|CLONE_SETTLS|CLONE_PARENT_SETTID|CLONE_CHILD_CLEARTID, child_tid=0xfffb6ffff050, parent_tid=0xfffb6ffff050, exit_signal=0, stack=0xfffb6bff0000, stack_size=0x400e840, tls=0xfffb6ffff6c0} => {parent_tid=[6643]}, 88) = 6643
6642  clone3({flags=CLONE_VM|CLONE_FS|CLONE_FILES|CLONE_SIGHAND|CLONE_THREAD|CLONE_SYSVSEM|CLONE_SETTLS|CLONE_PARENT_SETTID|CLONE_CHILD_CLEARTID, child_tid=0xfffb6bfef050, parent_tid=0xfffb6bfef050, exit_signal=0, stack=0xfffb67fe0000, stack_size=0x400e840, tls=0xfffb6bfef6c0} => {parent_tid=[6644]}, 88) = 6644
6642  clone3({flags=CLONE_VM|CLONE_FS|CLONE_FILES|CLONE_SIGHAND|CLONE_THREAD|CLONE_SYSVSEM|CLONE_SETTLS|CLONE_PARENT_SETTID|CLONE_CHILD_CLEARTID, child_tid=0xfffb5ffff050, parent_tid=0xfffb5ffff050, exit_signal=0, stack=0xfffb5bff0000, stack_size=0x400e840, tls=0xfffb5ffff6c0} => {parent_tid=[6645]}, 88) = 6645
6645  exit(0 <unfinished ...>
6644  exit(0 <unfinished ...>
6645  <... exit resumed>)               = ?
6644  <... exit resumed>)               = ?
6642  exit(0 <unfinished ...>
6641  exit_group(0 <unfinished ...>
6645  +++ exited with 0 +++
6644  +++ exited with 0 +++
6641  <... exit_group resumed>)         = ?
6642  +++ exited with 0 +++
6643  +++ exited with 0 +++
6641  +++ exited with 0 +++
6640  <... wait4 resumed>[{WIFEXITED(s) && WEXITSTATUS(s) == 0}], 0, NULL) = 6641
6640  --- SIGCHLD {si_signo=SIGCHLD, si_code=CLD_EXITED, si_pid=6641, si_uid=1001, si_status=0, si_utime=0, si_stime=1 /* 0.01 s */} ---
6640  exit_group(0)                     = ?
6640  +++ exited with 0 +++
6638  <... wait4 resumed>[{WIFEXITED(s) && WEXITSTATUS(s) == 0}], 0, NULL) = 6640
6638  --- SIGCHLD {si_signo=SIGCHLD, si_code=CLD_EXITED, si_pid=6640, si_uid=1001, si_status=0, si_utime=0, si_stime=0} ---
6638  exit_group(0)                     = ?
6638  +++ exited with 0 +++
6636  <... wait4 resumed>[{WIFEXITED(s) && WEXITSTATUS(s) == 0}], 0, NULL) = 6638
6636  --- SIGCHLD {si_signo=SIGCHLD, si_code=CLD_EXITED, si_pid=6638, si_uid=1001, si_status=0, si_utime=0, si_stime=0} ---
6636  exit_group(0)                     = ?
6636  +++ exited with 0 +++
