9181  execve("/home/runner/work/_temp/bootstrap-workspace/b4/compiler", ["/home/runner/work/_temp/bootstra"..., "build", "/home/runner/work/type-rb-native"..., "--output", "/home/runner/work/_temp/bootstra"..., "--qbe", "/home/runner/work/_temp/qbe-1.3/"..., "--cc", "/usr/bin/cc", "--target", "linux-arm64-v0"], 0xffffea781a08 /* 111 vars */) = 0
9181  clone(child_stack=NULL, flags=CLONE_CHILD_CLEARTID|CLONE_CHILD_SETTID|SIGCHLD, child_tidptr=0xff2502006f90) = 9182
9181  wait4(9182,  <unfinished ...>
9182  execve("/home/runner/work/_temp/qbe-1.3/qbe", ["/home/runner/work/_temp/qbe-1.3/"..., "-t", "arm64", "-o", "/home/runner/work/_temp/bootstra"..., "/home/runner/work/_temp/bootstra"...], 0xffffe138d338 /* 111 vars */) = 0
9182  exit_group(0)                     = ?
9182  +++ exited with 0 +++
9181  <... wait4 resumed>[{WIFEXITED(s) && WEXITSTATUS(s) == 0}], 0, NULL) = 9182
9181  --- SIGCHLD {si_signo=SIGCHLD, si_code=CLD_EXITED, si_pid=9182, si_uid=1001, si_status=0, si_utime=0, si_stime=0} ---
9181  clone(child_stack=NULL, flags=CLONE_CHILD_CLEARTID|CLONE_CHILD_SETTID|SIGCHLD, child_tidptr=0xff2502006f90) = 9183
9181  wait4(9183,  <unfinished ...>
9183  execve("/usr/bin/cc", ["/usr/bin/cc", "-xassembler", "/home/runner/work/_temp/bootstra"..., "-fuse-ld=lld", "-Wl,--gc-sections,--strip-all", "-lm", "-o", "/home/runner/work/_temp/bootstra"...], 0xffffe138d338 /* 111 vars */) = 0
9183  clone(child_stack=0xffffea036e10, flags=CLONE_VM|CLONE_VFORK|SIGCHLD <unfinished ...>
9184  execve("/home/runner/go/bin/as", ["as", "-EL", "-mabi=lp64", "-o", "/tmp/cc6yQhbv.o", "/home/runner/work/_temp/bootstra"...], 0x35297d50 /* 116 vars */) = -1 ENOENT (No such file or directory)
9184  execve("/opt/hostedtoolcache/go/1.27.0/arm64/bin/as", ["as", "-EL", "-mabi=lp64", "-o", "/tmp/cc6yQhbv.o", "/home/runner/work/_temp/bootstra"...], 0x35297d50 /* 116 vars */) = -1 ENOENT (No such file or directory)
9184  execve("/snap/bin/as", ["as", "-EL", "-mabi=lp64", "-o", "/tmp/cc6yQhbv.o", "/home/runner/work/_temp/bootstra"...], 0x35297d50 /* 116 vars */) = -1 ENOENT (No such file or directory)
9184  execve("/home/runner/.local/bin/as", ["as", "-EL", "-mabi=lp64", "-o", "/tmp/cc6yQhbv.o", "/home/runner/work/_temp/bootstra"...], 0x35297d50 /* 116 vars */) = -1 ENOENT (No such file or directory)
9184  execve("/opt/pipx_bin/as", ["as", "-EL", "-mabi=lp64", "-o", "/tmp/cc6yQhbv.o", "/home/runner/work/_temp/bootstra"...], 0x35297d50 /* 116 vars */) = -1 ENOENT (No such file or directory)
9184  execve("/home/runner/.cargo/bin/as", ["as", "-EL", "-mabi=lp64", "-o", "/tmp/cc6yQhbv.o", "/home/runner/work/_temp/bootstra"...], 0x35297d50 /* 116 vars */) = -1 ENOENT (No such file or directory)
9184  execve("/home/runner/.config/composer/vendor/bin/as", ["as", "-EL", "-mabi=lp64", "-o", "/tmp/cc6yQhbv.o", "/home/runner/work/_temp/bootstra"...], 0x35297d50 /* 116 vars */) = -1 ENOENT (No such file or directory)
9184  execve("/home/runner/.dotnet/tools/as", ["as", "-EL", "-mabi=lp64", "-o", "/tmp/cc6yQhbv.o", "/home/runner/work/_temp/bootstra"...], 0x35297d50 /* 116 vars */) = -1 ENOENT (No such file or directory)
9184  execve("/usr/local/sbin/as", ["as", "-EL", "-mabi=lp64", "-o", "/tmp/cc6yQhbv.o", "/home/runner/work/_temp/bootstra"...], 0x35297d50 /* 116 vars */) = -1 ENOENT (No such file or directory)
9184  execve("/usr/local/bin/as", ["as", "-EL", "-mabi=lp64", "-o", "/tmp/cc6yQhbv.o", "/home/runner/work/_temp/bootstra"...], 0x35297d50 /* 116 vars */) = -1 ENOENT (No such file or directory)
9184  execve("/usr/sbin/as", ["as", "-EL", "-mabi=lp64", "-o", "/tmp/cc6yQhbv.o", "/home/runner/work/_temp/bootstra"...], 0x35297d50 /* 116 vars */) = -1 ENOENT (No such file or directory)
9184  execve("/usr/bin/as", ["as", "-EL", "-mabi=lp64", "-o", "/tmp/cc6yQhbv.o", "/home/runner/work/_temp/bootstra"...], 0x35297d50 /* 116 vars */ <unfinished ...>
9183  <... clone resumed>)              = 9184
9184  <... execve resumed>)             = 0
9183  wait4(9184,  <unfinished ...>
9184  exit_group(0)                     = ?
9184  +++ exited with 0 +++
9183  <... wait4 resumed>[{WIFEXITED(s) && WEXITSTATUS(s) == 0}], 0, NULL) = 9184
9183  --- SIGCHLD {si_signo=SIGCHLD, si_code=CLD_EXITED, si_pid=9184, si_uid=1001, si_status=0, si_utime=0, si_stime=0} ---
9183  clone(child_stack=0xffffea035f50, flags=CLONE_VM|CLONE_VFORK|SIGCHLD <unfinished ...>
9185  execve("/usr/libexec/gcc/aarch64-linux-gnu/13/collect2", ["/usr/libexec/gcc/aarch64-linux-g"..., "-plugin", "/usr/libexec/gcc/aarch64-linux-g"..., "-plugin-opt=/usr/libexec/gcc/aar"..., "-plugin-opt=-fresolution=/tmp/cc"..., "-plugin-opt=-pass-through=-lgcc", "-plugin-opt=-pass-through=-lgcc_"..., "-plugin-opt=-pass-through=-lc", "-plugin-opt=-pass-through=-lgcc", "-plugin-opt=-pass-through=-lgcc_"..., "--build-id", "--eh-frame-hdr", "--hash-style=gnu", "--as-needed", "-dynamic-linker", "/lib/ld-linux-aarch64.so.1", "-X", "-EL", "-maarch64linux", "--fix-cortex-a53-843419", "-pie", "-z", "now", "-fuse-ld=lld", "-z", "relro", "-o", "/home/runner/work/_temp/bootstra"..., "/usr/lib/gcc/aarch64-linux-gnu/1"..., "/usr/lib/gcc/aarch64-linux-gnu/1"..., "/usr/lib/gcc/aarch64-linux-gnu/1"..., "-L/usr/lib/gcc/aarch64-linux-gnu"..., ...], 0x35298580 /* 118 vars */ <unfinished ...>
9183  <... clone resumed>)              = 9185
9185  <... execve resumed>)             = 0
9183  wait4(9185,  <unfinished ...>
9185  clone(child_stack=0xffffea2d8240, flags=CLONE_VM|CLONE_VFORK|SIGCHLD <unfinished ...>
9186  execve("/usr/bin/ld.lld", ["/usr/bin/ld.lld", "-plugin", "/usr/libexec/gcc/aarch64-linux-g"..., "-plugin-opt=/usr/libexec/gcc/aar"..., "-plugin-opt=-fresolution=/tmp/cc"..., "-plugin-opt=-pass-through=-lgcc", "-plugin-opt=-pass-through=-lgcc_"..., "-plugin-opt=-pass-through=-lc", "-plugin-opt=-pass-through=-lgcc", "-plugin-opt=-pass-through=-lgcc_"..., "--build-id", "--eh-frame-hdr", "--hash-style=gnu", "--as-needed", "-dynamic-linker", "/lib/ld-linux-aarch64.so.1", "-X", "-EL", "-maarch64linux", "--fix-cortex-a53-843419", "-pie", "-z", "now", "-z", "relro", "-o", "/home/runner/work/_temp/bootstra"..., "/usr/lib/gcc/aarch64-linux-gnu/1"..., "/usr/lib/gcc/aarch64-linux-gnu/1"..., "/usr/lib/gcc/aarch64-linux-gnu/1"..., "-L/usr/lib/gcc/aarch64-linux-gnu"..., "-L/usr/lib/gcc/aarch64-linux-gnu"..., ...], 0xffffea2d8900 /* 118 vars */ <unfinished ...>
9185  <... clone resumed>)              = 9186
9186  <... execve resumed>)             = 0
9185  wait4(9186,  <unfinished ...>
9186  clone3({flags=CLONE_VM|CLONE_FS|CLONE_FILES|CLONE_SIGHAND|CLONE_THREAD|CLONE_SYSVSEM|CLONE_SETTLS|CLONE_PARENT_SETTID|CLONE_CHILD_CLEARTID, child_tid=0xff93115ff050, parent_tid=0xff93115ff050, exit_signal=0, stack=0xff930d5f0000, stack_size=0x400e840, tls=0xff93115ff6c0} => {parent_tid=[9187]}, 88) = 9187
9187  clone3({flags=CLONE_VM|CLONE_FS|CLONE_FILES|CLONE_SIGHAND|CLONE_THREAD|CLONE_SYSVSEM|CLONE_SETTLS|CLONE_PARENT_SETTID|CLONE_CHILD_CLEARTID, child_tid=0xff9307fff050, parent_tid=0xff9307fff050, exit_signal=0, stack=0xff9303ff0000, stack_size=0x400e840, tls=0xff9307fff6c0} => {parent_tid=[9188]}, 88) = 9188
9187  clone3({flags=CLONE_VM|CLONE_FS|CLONE_FILES|CLONE_SIGHAND|CLONE_THREAD|CLONE_SYSVSEM|CLONE_SETTLS|CLONE_PARENT_SETTID|CLONE_CHILD_CLEARTID, child_tid=0xff9303fef050, parent_tid=0xff9303fef050, exit_signal=0, stack=0xff92fffe0000, stack_size=0x400e840, tls=0xff9303fef6c0} => {parent_tid=[9189]}, 88) = 9189
9187  clone3({flags=CLONE_VM|CLONE_FS|CLONE_FILES|CLONE_SIGHAND|CLONE_THREAD|CLONE_SYSVSEM|CLONE_SETTLS|CLONE_PARENT_SETTID|CLONE_CHILD_CLEARTID, child_tid=0xff92f7fff050, parent_tid=0xff92f7fff050, exit_signal=0, stack=0xff92f3ff0000, stack_size=0x400e840, tls=0xff92f7fff6c0} => {parent_tid=[9190]}, 88) = 9190
9189  exit(0 <unfinished ...>
9188  exit(0 <unfinished ...>
9190  exit(0 <unfinished ...>
9189  <... exit resumed>)               = ?
9186  exit_group(0 <unfinished ...>
9190  <... exit resumed>)               = ?
9188  <... exit resumed>)               = ?
9187  ???( <unfinished ...>
9186  <... exit_group resumed>)         = ?
9189  +++ exited with 0 +++
9190  +++ exited with 0 +++
9188  +++ exited with 0 +++
9187  +++ exited with 0 +++
9186  +++ exited with 0 +++
9185  <... wait4 resumed>[{WIFEXITED(s) && WEXITSTATUS(s) == 0}], 0, NULL) = 9186
9185  --- SIGCHLD {si_signo=SIGCHLD, si_code=CLD_EXITED, si_pid=9186, si_uid=1001, si_status=0, si_utime=1 /* 0.01 s */, si_stime=1 /* 0.01 s */} ---
9185  exit_group(0)                     = ?
9185  +++ exited with 0 +++
9183  <... wait4 resumed>[{WIFEXITED(s) && WEXITSTATUS(s) == 0}], 0, NULL) = 9185
9183  --- SIGCHLD {si_signo=SIGCHLD, si_code=CLD_EXITED, si_pid=9185, si_uid=1001, si_status=0, si_utime=0, si_stime=0} ---
9183  exit_group(0)                     = ?
9183  +++ exited with 0 +++
9181  <... wait4 resumed>[{WIFEXITED(s) && WEXITSTATUS(s) == 0}], 0, NULL) = 9183
9181  --- SIGCHLD {si_signo=SIGCHLD, si_code=CLD_EXITED, si_pid=9183, si_uid=1001, si_status=0, si_utime=0, si_stime=0} ---
9181  exit_group(0)                     = ?
9181  +++ exited with 0 +++
