9020  execve("/home/runner/work/_temp/candidate-bootstrap-workspace/b4/compiler", ["/home/runner/work/_temp/candidat"..., "build", "/home/runner/work/type-rb-native"..., "--output", "/home/runner/work/_temp/candidat"..., "--qbe", "/home/runner/work/_temp/qbe-1.3/"..., "--cc", "/usr/bin/cc", "--target", "linux-arm64-v0"], 0xffffdf4e2798 /* 111 vars */) = 0
9020  clone(child_stack=NULL, flags=CLONE_CHILD_CLEARTID|CLONE_CHILD_SETTID|SIGCHLD, child_tidptr=0xffed764a1f90) = 9021
9020  wait4(9021,  <unfinished ...>
9021  execve("/home/runner/work/_temp/qbe-1.3/qbe", ["/home/runner/work/_temp/qbe-1.3/"..., "-t", "arm64", "-o", "/home/runner/work/_temp/candidat"..., "/home/runner/work/_temp/candidat"...], 0xffffcfe47dd8 /* 111 vars */) = 0
9021  exit_group(0)                     = ?
9021  +++ exited with 0 +++
9020  <... wait4 resumed>[{WIFEXITED(s) && WEXITSTATUS(s) == 0}], 0, NULL) = 9021
9020  --- SIGCHLD {si_signo=SIGCHLD, si_code=CLD_EXITED, si_pid=9021, si_uid=1001, si_status=0, si_utime=0, si_stime=0} ---
9020  clone(child_stack=NULL, flags=CLONE_CHILD_CLEARTID|CLONE_CHILD_SETTID|SIGCHLD, child_tidptr=0xffed764a1f90) = 9022
9020  wait4(9022,  <unfinished ...>
9022  execve("/usr/bin/cc", ["/usr/bin/cc", "-xassembler", "/home/runner/work/_temp/candidat"..., "-fuse-ld=lld", "-Wl,--gc-sections,--strip-all", "-lm", "-o", "/home/runner/work/_temp/candidat"...], 0xffffcfe47dd8 /* 111 vars */) = 0
9022  clone(child_stack=0xffffd5b8b6f0, flags=CLONE_VM|CLONE_VFORK|SIGCHLD <unfinished ...>
9023  execve("/snap/bin/as", ["as", "-EL", "-mabi=lp64", "-o", "/tmp/ccLXGY4X.o", "/home/runner/work/_temp/candidat"...], 0x31e40d60 /* 116 vars */) = -1 ENOENT (No such file or directory)
9023  execve("/home/runner/.local/bin/as", ["as", "-EL", "-mabi=lp64", "-o", "/tmp/ccLXGY4X.o", "/home/runner/work/_temp/candidat"...], 0x31e40d60 /* 116 vars */) = -1 ENOENT (No such file or directory)
9023  execve("/opt/pipx_bin/as", ["as", "-EL", "-mabi=lp64", "-o", "/tmp/ccLXGY4X.o", "/home/runner/work/_temp/candidat"...], 0x31e40d60 /* 116 vars */) = -1 ENOENT (No such file or directory)
9023  execve("/home/runner/.cargo/bin/as", ["as", "-EL", "-mabi=lp64", "-o", "/tmp/ccLXGY4X.o", "/home/runner/work/_temp/candidat"...], 0x31e40d60 /* 116 vars */) = -1 ENOENT (No such file or directory)
9023  execve("/home/runner/.config/composer/vendor/bin/as", ["as", "-EL", "-mabi=lp64", "-o", "/tmp/ccLXGY4X.o", "/home/runner/work/_temp/candidat"...], 0x31e40d60 /* 116 vars */) = -1 ENOENT (No such file or directory)
9023  execve("/home/runner/.dotnet/tools/as", ["as", "-EL", "-mabi=lp64", "-o", "/tmp/ccLXGY4X.o", "/home/runner/work/_temp/candidat"...], 0x31e40d60 /* 116 vars */) = -1 ENOENT (No such file or directory)
9023  execve("/usr/local/sbin/as", ["as", "-EL", "-mabi=lp64", "-o", "/tmp/ccLXGY4X.o", "/home/runner/work/_temp/candidat"...], 0x31e40d60 /* 116 vars */) = -1 ENOENT (No such file or directory)
9023  execve("/usr/local/bin/as", ["as", "-EL", "-mabi=lp64", "-o", "/tmp/ccLXGY4X.o", "/home/runner/work/_temp/candidat"...], 0x31e40d60 /* 116 vars */) = -1 ENOENT (No such file or directory)
9023  execve("/usr/sbin/as", ["as", "-EL", "-mabi=lp64", "-o", "/tmp/ccLXGY4X.o", "/home/runner/work/_temp/candidat"...], 0x31e40d60 /* 116 vars */) = -1 ENOENT (No such file or directory)
9023  execve("/usr/bin/as", ["as", "-EL", "-mabi=lp64", "-o", "/tmp/ccLXGY4X.o", "/home/runner/work/_temp/candidat"...], 0x31e40d60 /* 116 vars */ <unfinished ...>
9022  <... clone resumed>)              = 9023
9023  <... execve resumed>)             = 0
9022  wait4(9023,  <unfinished ...>
9023  exit_group(0)                     = ?
9023  +++ exited with 0 +++
9022  <... wait4 resumed>[{WIFEXITED(s) && WEXITSTATUS(s) == 0}], 0, NULL) = 9023
9022  --- SIGCHLD {si_signo=SIGCHLD, si_code=CLD_EXITED, si_pid=9023, si_uid=1001, si_status=0, si_utime=0, si_stime=0} ---
9022  clone(child_stack=0xffffd5b8a830, flags=CLONE_VM|CLONE_VFORK|SIGCHLD <unfinished ...>
9024  execve("/usr/libexec/gcc/aarch64-linux-gnu/13/collect2", ["/usr/libexec/gcc/aarch64-linux-g"..., "-plugin", "/usr/libexec/gcc/aarch64-linux-g"..., "-plugin-opt=/usr/libexec/gcc/aar"..., "-plugin-opt=-fresolution=/tmp/cc"..., "-plugin-opt=-pass-through=-lgcc", "-plugin-opt=-pass-through=-lgcc_"..., "-plugin-opt=-pass-through=-lc", "-plugin-opt=-pass-through=-lgcc", "-plugin-opt=-pass-through=-lgcc_"..., "--build-id", "--eh-frame-hdr", "--hash-style=gnu", "--as-needed", "-dynamic-linker", "/lib/ld-linux-aarch64.so.1", "-X", "-EL", "-maarch64linux", "--fix-cortex-a53-843419", "-pie", "-z", "now", "-fuse-ld=lld", "-z", "relro", "-o", "/home/runner/work/_temp/candidat"..., "/usr/lib/gcc/aarch64-linux-gnu/1"..., "/usr/lib/gcc/aarch64-linux-gnu/1"..., "/usr/lib/gcc/aarch64-linux-gnu/1"..., "-L/usr/lib/gcc/aarch64-linux-gnu"..., ...], 0x31e41590 /* 118 vars */ <unfinished ...>
9022  <... clone resumed>)              = 9024
9024  <... execve resumed>)             = 0
9022  wait4(9024,  <unfinished ...>
9024  clone(child_stack=0xffffceb2b840, flags=CLONE_VM|CLONE_VFORK|SIGCHLD <unfinished ...>
9025  execve("/usr/bin/ld.lld", ["/usr/bin/ld.lld", "-plugin", "/usr/libexec/gcc/aarch64-linux-g"..., "-plugin-opt=/usr/libexec/gcc/aar"..., "-plugin-opt=-fresolution=/tmp/cc"..., "-plugin-opt=-pass-through=-lgcc", "-plugin-opt=-pass-through=-lgcc_"..., "-plugin-opt=-pass-through=-lc", "-plugin-opt=-pass-through=-lgcc", "-plugin-opt=-pass-through=-lgcc_"..., "--build-id", "--eh-frame-hdr", "--hash-style=gnu", "--as-needed", "-dynamic-linker", "/lib/ld-linux-aarch64.so.1", "-X", "-EL", "-maarch64linux", "--fix-cortex-a53-843419", "-pie", "-z", "now", "-z", "relro", "-o", "/home/runner/work/_temp/candidat"..., "/usr/lib/gcc/aarch64-linux-gnu/1"..., "/usr/lib/gcc/aarch64-linux-gnu/1"..., "/usr/lib/gcc/aarch64-linux-gnu/1"..., "-L/usr/lib/gcc/aarch64-linux-gnu"..., "-L/usr/lib/gcc/aarch64-linux-gnu"..., ...], 0xffffceb2bf00 /* 118 vars */ <unfinished ...>
9024  <... clone resumed>)              = 9025
9025  <... execve resumed>)             = 0
9024  wait4(9025,  <unfinished ...>
9025  clone3({flags=CLONE_VM|CLONE_FS|CLONE_FILES|CLONE_SIGHAND|CLONE_THREAD|CLONE_SYSVSEM|CLONE_SETTLS|CLONE_PARENT_SETTID|CLONE_CHILD_CLEARTID, child_tid=0xffade0dff050, parent_tid=0xffade0dff050, exit_signal=0, stack=0xffaddcdf0000, stack_size=0x400e840, tls=0xffade0dff6c0} => {parent_tid=[9026]}, 88) = 9026
9026  clone3({flags=CLONE_VM|CLONE_FS|CLONE_FILES|CLONE_SIGHAND|CLONE_THREAD|CLONE_SYSVSEM|CLONE_SETTLS|CLONE_PARENT_SETTID|CLONE_CHILD_CLEARTID, child_tid=0xffadd7fff050, parent_tid=0xffadd7fff050, exit_signal=0, stack=0xffadd3ff0000, stack_size=0x400e840, tls=0xffadd7fff6c0} => {parent_tid=[9027]}, 88) = 9027
9026  clone3({flags=CLONE_VM|CLONE_FS|CLONE_FILES|CLONE_SIGHAND|CLONE_THREAD|CLONE_SYSVSEM|CLONE_SETTLS|CLONE_PARENT_SETTID|CLONE_CHILD_CLEARTID, child_tid=0xffadd3fef050, parent_tid=0xffadd3fef050, exit_signal=0, stack=0xffadcffe0000, stack_size=0x400e840, tls=0xffadd3fef6c0} => {parent_tid=[9028]}, 88) = 9028
9026  clone3({flags=CLONE_VM|CLONE_FS|CLONE_FILES|CLONE_SIGHAND|CLONE_THREAD|CLONE_SYSVSEM|CLONE_SETTLS|CLONE_PARENT_SETTID|CLONE_CHILD_CLEARTID, child_tid=0xffadc7fff050, parent_tid=0xffadc7fff050, exit_signal=0, stack=0xffadc3ff0000, stack_size=0x400e840, tls=0xffadc7fff6c0} => {parent_tid=[9029]}, 88) = 9029
9029  exit(0)                           = ?
9028  exit(0)                           = ?
9029  +++ exited with 0 +++
9028  +++ exited with 0 +++
9027  exit(0 <unfinished ...>
9025  exit_group(0 <unfinished ...>
9027  <... exit resumed>)               = ?
9027  +++ exited with 0 +++
9025  <... exit_group resumed>)         = ?
9026  +++ exited with 0 +++
9025  +++ exited with 0 +++
9024  <... wait4 resumed>[{WIFEXITED(s) && WEXITSTATUS(s) == 0}], 0, NULL) = 9025
9024  --- SIGCHLD {si_signo=SIGCHLD, si_code=CLD_EXITED, si_pid=9025, si_uid=1001, si_status=0, si_utime=1 /* 0.01 s */, si_stime=0} ---
9024  exit_group(0)                     = ?
9024  +++ exited with 0 +++
9022  <... wait4 resumed>[{WIFEXITED(s) && WEXITSTATUS(s) == 0}], 0, NULL) = 9024
9022  --- SIGCHLD {si_signo=SIGCHLD, si_code=CLD_EXITED, si_pid=9024, si_uid=1001, si_status=0, si_utime=0, si_stime=0} ---
9022  exit_group(0)                     = ?
9022  +++ exited with 0 +++
9020  <... wait4 resumed>[{WIFEXITED(s) && WEXITSTATUS(s) == 0}], 0, NULL) = 9022
9020  --- SIGCHLD {si_signo=SIGCHLD, si_code=CLD_EXITED, si_pid=9022, si_uid=1001, si_status=0, si_utime=0, si_stime=0} ---
9020  exit_group(0)                     = ?
9020  +++ exited with 0 +++
