8472  execve("/home/runner/work/_temp/bootstrap-workspace/b4/compiler", ["/home/runner/work/_temp/bootstra"..., "build", "/home/runner/work/type-rb-native"..., "--output", "/home/runner/work/_temp/bootstra"..., "--qbe", "/home/runner/work/_temp/qbe-1.3/"..., "--cc", "/usr/bin/cc", "--target", "linux-arm64-v0"], 0xffffd5545228 /* 111 vars */) = 0
8472  clone(child_stack=NULL, flags=CLONE_CHILD_CLEARTID|CLONE_CHILD_SETTID|SIGCHLD, child_tidptr=0xff34af62af90) = 8473
8472  wait4(8473,  <unfinished ...>
8473  execve("/home/runner/work/_temp/qbe-1.3/qbe", ["/home/runner/work/_temp/qbe-1.3/"..., "-t", "arm64", "-o", "/home/runner/work/_temp/bootstra"..., "/home/runner/work/_temp/bootstra"...], 0xffffe9e6c428 /* 111 vars */) = 0
8473  exit_group(0)                     = ?
8473  +++ exited with 0 +++
8472  <... wait4 resumed>[{WIFEXITED(s) && WEXITSTATUS(s) == 0}], 0, NULL) = 8473
8472  --- SIGCHLD {si_signo=SIGCHLD, si_code=CLD_EXITED, si_pid=8473, si_uid=1001, si_status=0, si_utime=0, si_stime=0} ---
8472  clone(child_stack=NULL, flags=CLONE_CHILD_CLEARTID|CLONE_CHILD_SETTID|SIGCHLD, child_tidptr=0xff34af62af90) = 8474
8472  wait4(8474,  <unfinished ...>
8474  execve("/usr/bin/cc", ["/usr/bin/cc", "-xassembler", "/home/runner/work/_temp/bootstra"..., "-fuse-ld=lld", "-Wl,--gc-sections,--strip-all", "-lm", "-o", "/home/runner/work/_temp/bootstra"...], 0xffffe9e6c428 /* 111 vars */) = 0
8474  clone(child_stack=0xfffff56c9190, flags=CLONE_VM|CLONE_VFORK|SIGCHLD <unfinished ...>
8475  execve("/home/runner/go/bin/as", ["as", "-EL", "-mabi=lp64", "-o", "/tmp/ccTiq335.o", "/home/runner/work/_temp/bootstra"...], 0x17b4ed50 /* 116 vars */) = -1 ENOENT (No such file or directory)
8475  execve("/opt/hostedtoolcache/go/1.27.0/arm64/bin/as", ["as", "-EL", "-mabi=lp64", "-o", "/tmp/ccTiq335.o", "/home/runner/work/_temp/bootstra"...], 0x17b4ed50 /* 116 vars */) = -1 ENOENT (No such file or directory)
8475  execve("/snap/bin/as", ["as", "-EL", "-mabi=lp64", "-o", "/tmp/ccTiq335.o", "/home/runner/work/_temp/bootstra"...], 0x17b4ed50 /* 116 vars */) = -1 ENOENT (No such file or directory)
8475  execve("/home/runner/.local/bin/as", ["as", "-EL", "-mabi=lp64", "-o", "/tmp/ccTiq335.o", "/home/runner/work/_temp/bootstra"...], 0x17b4ed50 /* 116 vars */) = -1 ENOENT (No such file or directory)
8475  execve("/opt/pipx_bin/as", ["as", "-EL", "-mabi=lp64", "-o", "/tmp/ccTiq335.o", "/home/runner/work/_temp/bootstra"...], 0x17b4ed50 /* 116 vars */) = -1 ENOENT (No such file or directory)
8475  execve("/home/runner/.cargo/bin/as", ["as", "-EL", "-mabi=lp64", "-o", "/tmp/ccTiq335.o", "/home/runner/work/_temp/bootstra"...], 0x17b4ed50 /* 116 vars */) = -1 ENOENT (No such file or directory)
8475  execve("/home/runner/.config/composer/vendor/bin/as", ["as", "-EL", "-mabi=lp64", "-o", "/tmp/ccTiq335.o", "/home/runner/work/_temp/bootstra"...], 0x17b4ed50 /* 116 vars */) = -1 ENOENT (No such file or directory)
8475  execve("/home/runner/.dotnet/tools/as", ["as", "-EL", "-mabi=lp64", "-o", "/tmp/ccTiq335.o", "/home/runner/work/_temp/bootstra"...], 0x17b4ed50 /* 116 vars */) = -1 ENOENT (No such file or directory)
8475  execve("/usr/local/sbin/as", ["as", "-EL", "-mabi=lp64", "-o", "/tmp/ccTiq335.o", "/home/runner/work/_temp/bootstra"...], 0x17b4ed50 /* 116 vars */) = -1 ENOENT (No such file or directory)
8475  execve("/usr/local/bin/as", ["as", "-EL", "-mabi=lp64", "-o", "/tmp/ccTiq335.o", "/home/runner/work/_temp/bootstra"...], 0x17b4ed50 /* 116 vars */) = -1 ENOENT (No such file or directory)
8475  execve("/usr/sbin/as", ["as", "-EL", "-mabi=lp64", "-o", "/tmp/ccTiq335.o", "/home/runner/work/_temp/bootstra"...], 0x17b4ed50 /* 116 vars */) = -1 ENOENT (No such file or directory)
8475  execve("/usr/bin/as", ["as", "-EL", "-mabi=lp64", "-o", "/tmp/ccTiq335.o", "/home/runner/work/_temp/bootstra"...], 0x17b4ed50 /* 116 vars */ <unfinished ...>
8474  <... clone resumed>)              = 8475
8475  <... execve resumed>)             = 0
8474  wait4(8475,  <unfinished ...>
8475  exit_group(0)                     = ?
8475  +++ exited with 0 +++
8474  <... wait4 resumed>[{WIFEXITED(s) && WEXITSTATUS(s) == 0}], 0, NULL) = 8475
8474  --- SIGCHLD {si_signo=SIGCHLD, si_code=CLD_EXITED, si_pid=8475, si_uid=1001, si_status=0, si_utime=0, si_stime=0} ---
8474  clone(child_stack=0xfffff56c82d0, flags=CLONE_VM|CLONE_VFORK|SIGCHLD <unfinished ...>
8476  execve("/usr/libexec/gcc/aarch64-linux-gnu/13/collect2", ["/usr/libexec/gcc/aarch64-linux-g"..., "-plugin", "/usr/libexec/gcc/aarch64-linux-g"..., "-plugin-opt=/usr/libexec/gcc/aar"..., "-plugin-opt=-fresolution=/tmp/cc"..., "-plugin-opt=-pass-through=-lgcc", "-plugin-opt=-pass-through=-lgcc_"..., "-plugin-opt=-pass-through=-lc", "-plugin-opt=-pass-through=-lgcc", "-plugin-opt=-pass-through=-lgcc_"..., "--build-id", "--eh-frame-hdr", "--hash-style=gnu", "--as-needed", "-dynamic-linker", "/lib/ld-linux-aarch64.so.1", "-X", "-EL", "-maarch64linux", "--fix-cortex-a53-843419", "-pie", "-z", "now", "-fuse-ld=lld", "-z", "relro", "-o", "/home/runner/work/_temp/bootstra"..., "/usr/lib/gcc/aarch64-linux-gnu/1"..., "/usr/lib/gcc/aarch64-linux-gnu/1"..., "/usr/lib/gcc/aarch64-linux-gnu/1"..., "-L/usr/lib/gcc/aarch64-linux-gnu"..., ...], 0x17b4f580 /* 118 vars */ <unfinished ...>
8474  <... clone resumed>)              = 8476
8476  <... execve resumed>)             = 0
8474  wait4(8476,  <unfinished ...>
8476  clone(child_stack=0xfffff10c3e10, flags=CLONE_VM|CLONE_VFORK|SIGCHLD <unfinished ...>
8477  execve("/usr/bin/ld.lld", ["/usr/bin/ld.lld", "-plugin", "/usr/libexec/gcc/aarch64-linux-g"..., "-plugin-opt=/usr/libexec/gcc/aar"..., "-plugin-opt=-fresolution=/tmp/cc"..., "-plugin-opt=-pass-through=-lgcc", "-plugin-opt=-pass-through=-lgcc_"..., "-plugin-opt=-pass-through=-lc", "-plugin-opt=-pass-through=-lgcc", "-plugin-opt=-pass-through=-lgcc_"..., "--build-id", "--eh-frame-hdr", "--hash-style=gnu", "--as-needed", "-dynamic-linker", "/lib/ld-linux-aarch64.so.1", "-X", "-EL", "-maarch64linux", "--fix-cortex-a53-843419", "-pie", "-z", "now", "-z", "relro", "-o", "/home/runner/work/_temp/bootstra"..., "/usr/lib/gcc/aarch64-linux-gnu/1"..., "/usr/lib/gcc/aarch64-linux-gnu/1"..., "/usr/lib/gcc/aarch64-linux-gnu/1"..., "-L/usr/lib/gcc/aarch64-linux-gnu"..., "-L/usr/lib/gcc/aarch64-linux-gnu"..., ...], 0xfffff10c44d0 /* 118 vars */ <unfinished ...>
8476  <... clone resumed>)              = 8477
8477  <... execve resumed>)             = 0
8476  wait4(8477,  <unfinished ...>
8477  clone3({flags=CLONE_VM|CLONE_FS|CLONE_FILES|CLONE_SIGHAND|CLONE_THREAD|CLONE_SYSVSEM|CLONE_SETTLS|CLONE_PARENT_SETTID|CLONE_CHILD_CLEARTID, child_tid=0xff9dcebff050, parent_tid=0xff9dcebff050, exit_signal=0, stack=0xff9dcabf0000, stack_size=0x400e840, tls=0xff9dcebff6c0} => {parent_tid=[8478]}, 88) = 8478
8478  clone3({flags=CLONE_VM|CLONE_FS|CLONE_FILES|CLONE_SIGHAND|CLONE_THREAD|CLONE_SYSVSEM|CLONE_SETTLS|CLONE_PARENT_SETTID|CLONE_CHILD_CLEARTID, child_tid=0xff9dc3fff050, parent_tid=0xff9dc3fff050, exit_signal=0, stack=0xff9dbfff0000, stack_size=0x400e840, tls=0xff9dc3fff6c0} => {parent_tid=[8479]}, 88) = 8479
8478  clone3({flags=CLONE_VM|CLONE_FS|CLONE_FILES|CLONE_SIGHAND|CLONE_THREAD|CLONE_SYSVSEM|CLONE_SETTLS|CLONE_PARENT_SETTID|CLONE_CHILD_CLEARTID, child_tid=0xff9dbffef050, parent_tid=0xff9dbffef050, exit_signal=0, stack=0xff9dbbfe0000, stack_size=0x400e840, tls=0xff9dbffef6c0} => {parent_tid=[8480]}, 88) = 8480
8478  clone3({flags=CLONE_VM|CLONE_FS|CLONE_FILES|CLONE_SIGHAND|CLONE_THREAD|CLONE_SYSVSEM|CLONE_SETTLS|CLONE_PARENT_SETTID|CLONE_CHILD_CLEARTID, child_tid=0xff9db3fff050, parent_tid=0xff9db3fff050, exit_signal=0, stack=0xff9dafff0000, stack_size=0x400e840, tls=0xff9db3fff6c0} => {parent_tid=[8481]}, 88) = 8481
8481  exit(0 <unfinished ...>
8479  exit(0 <unfinished ...>
8481  <... exit resumed>)               = ?
8479  <... exit resumed>)               = ?
8481  +++ exited with 0 +++
8480  exit(0 <unfinished ...>
8479  +++ exited with 0 +++
8478  exit(0 <unfinished ...>
8480  <... exit resumed>)               = ?
8477  exit_group(0 <unfinished ...>
8478  <... exit resumed>)               = ?
8480  +++ exited with 0 +++
8477  <... exit_group resumed>)         = ?
8478  +++ exited with 0 +++
8477  +++ exited with 0 +++
8476  <... wait4 resumed>[{WIFEXITED(s) && WEXITSTATUS(s) == 0}], 0, NULL) = 8477
8476  --- SIGCHLD {si_signo=SIGCHLD, si_code=CLD_EXITED, si_pid=8477, si_uid=1001, si_status=0, si_utime=0, si_stime=2 /* 0.02 s */} ---
8476  exit_group(0)                     = ?
8476  +++ exited with 0 +++
8474  <... wait4 resumed>[{WIFEXITED(s) && WEXITSTATUS(s) == 0}], 0, NULL) = 8476
8474  --- SIGCHLD {si_signo=SIGCHLD, si_code=CLD_EXITED, si_pid=8476, si_uid=1001, si_status=0, si_utime=0, si_stime=0} ---
8474  exit_group(0)                     = ?
8474  +++ exited with 0 +++
8472  <... wait4 resumed>[{WIFEXITED(s) && WEXITSTATUS(s) == 0}], 0, NULL) = 8474
8472  --- SIGCHLD {si_signo=SIGCHLD, si_code=CLD_EXITED, si_pid=8474, si_uid=1001, si_status=0, si_utime=0, si_stime=0} ---
8472  exit_group(0)                     = ?
8472  +++ exited with 0 +++
