8309  execve("/home/runner/work/_temp/baseline-bootstrap-workspace/b4/compiler", ["/home/runner/work/_temp/baseline"..., "build", "/home/runner/work/_temp/baseline"..., "--output", "/home/runner/work/_temp/baseline"..., "--qbe", "/home/runner/work/_temp/qbe-1.3/"..., "--cc", "/usr/bin/cc", "--target", "linux-arm64-v0"], 0xffffeb95e708 /* 112 vars */) = 0
8309  clone(child_stack=NULL, flags=CLONE_CHILD_CLEARTID|CLONE_CHILD_SETTID|SIGCHLD, child_tidptr=0xffc15b37ef90) = 8310
8309  wait4(8310,  <unfinished ...>
8310  execve("/home/runner/work/_temp/qbe-1.3/qbe", ["/home/runner/work/_temp/qbe-1.3/"..., "-t", "arm64", "-o", "/home/runner/work/_temp/baseline"..., "/home/runner/work/_temp/baseline"...], 0xffffe54f2368 /* 112 vars */) = 0
8310  exit_group(0)                     = ?
8310  +++ exited with 0 +++
8309  <... wait4 resumed>[{WIFEXITED(s) && WEXITSTATUS(s) == 0}], 0, NULL) = 8310
8309  --- SIGCHLD {si_signo=SIGCHLD, si_code=CLD_EXITED, si_pid=8310, si_uid=1001, si_status=0, si_utime=0, si_stime=0} ---
8309  clone(child_stack=NULL, flags=CLONE_CHILD_CLEARTID|CLONE_CHILD_SETTID|SIGCHLD, child_tidptr=0xffc15b37ef90) = 8311
8309  wait4(8311,  <unfinished ...>
8311  execve("/usr/bin/cc", ["/usr/bin/cc", "-xassembler", "/home/runner/work/_temp/baseline"..., "-fuse-ld=lld", "-Wl,--gc-sections,--strip-all,--"..., "-lm", "-o", "/home/runner/work/_temp/baseline"...], 0xffffe54f2368 /* 112 vars */) = 0
8311  clone(child_stack=0xffffcaeff920, flags=CLONE_VM|CLONE_VFORK|SIGCHLD <unfinished ...>
8312  execve("/snap/bin/as", ["as", "-EL", "-mabi=lp64", "-o", "/tmp/cczNdsUc.o", "/home/runner/work/_temp/baseline"...], 0x17444300 /* 117 vars */) = -1 ENOENT (No such file or directory)
8312  execve("/home/runner/.local/bin/as", ["as", "-EL", "-mabi=lp64", "-o", "/tmp/cczNdsUc.o", "/home/runner/work/_temp/baseline"...], 0x17444300 /* 117 vars */) = -1 ENOENT (No such file or directory)
8312  execve("/opt/pipx_bin/as", ["as", "-EL", "-mabi=lp64", "-o", "/tmp/cczNdsUc.o", "/home/runner/work/_temp/baseline"...], 0x17444300 /* 117 vars */) = -1 ENOENT (No such file or directory)
8312  execve("/home/runner/.cargo/bin/as", ["as", "-EL", "-mabi=lp64", "-o", "/tmp/cczNdsUc.o", "/home/runner/work/_temp/baseline"...], 0x17444300 /* 117 vars */) = -1 ENOENT (No such file or directory)
8312  execve("/home/runner/.config/composer/vendor/bin/as", ["as", "-EL", "-mabi=lp64", "-o", "/tmp/cczNdsUc.o", "/home/runner/work/_temp/baseline"...], 0x17444300 /* 117 vars */) = -1 ENOENT (No such file or directory)
8312  execve("/home/runner/.dotnet/tools/as", ["as", "-EL", "-mabi=lp64", "-o", "/tmp/cczNdsUc.o", "/home/runner/work/_temp/baseline"...], 0x17444300 /* 117 vars */) = -1 ENOENT (No such file or directory)
8312  execve("/usr/local/sbin/as", ["as", "-EL", "-mabi=lp64", "-o", "/tmp/cczNdsUc.o", "/home/runner/work/_temp/baseline"...], 0x17444300 /* 117 vars */) = -1 ENOENT (No such file or directory)
8312  execve("/usr/local/bin/as", ["as", "-EL", "-mabi=lp64", "-o", "/tmp/cczNdsUc.o", "/home/runner/work/_temp/baseline"...], 0x17444300 /* 117 vars */) = -1 ENOENT (No such file or directory)
8312  execve("/usr/sbin/as", ["as", "-EL", "-mabi=lp64", "-o", "/tmp/cczNdsUc.o", "/home/runner/work/_temp/baseline"...], 0x17444300 /* 117 vars */) = -1 ENOENT (No such file or directory)
8312  execve("/usr/bin/as", ["as", "-EL", "-mabi=lp64", "-o", "/tmp/cczNdsUc.o", "/home/runner/work/_temp/baseline"...], 0x17444300 /* 117 vars */ <unfinished ...>
8311  <... clone resumed>)              = 8312
8312  <... execve resumed>)             = 0
8311  wait4(8312,  <unfinished ...>
8312  exit_group(0)                     = ?
8312  +++ exited with 0 +++
8311  <... wait4 resumed>[{WIFEXITED(s) && WEXITSTATUS(s) == 0}], 0, NULL) = 8312
8311  --- SIGCHLD {si_signo=SIGCHLD, si_code=CLD_EXITED, si_pid=8312, si_uid=1001, si_status=0, si_utime=0, si_stime=0} ---
8311  clone(child_stack=0xffffcaefea60, flags=CLONE_VM|CLONE_VFORK|SIGCHLD <unfinished ...>
8313  execve("/usr/libexec/gcc/aarch64-linux-gnu/13/collect2", ["/usr/libexec/gcc/aarch64-linux-g"..., "-plugin", "/usr/libexec/gcc/aarch64-linux-g"..., "-plugin-opt=/usr/libexec/gcc/aar"..., "-plugin-opt=-fresolution=/tmp/cc"..., "-plugin-opt=-pass-through=-lgcc", "-plugin-opt=-pass-through=-lgcc_"..., "-plugin-opt=-pass-through=-lc", "-plugin-opt=-pass-through=-lgcc", "-plugin-opt=-pass-through=-lgcc_"..., "--build-id", "--eh-frame-hdr", "--hash-style=gnu", "--as-needed", "-dynamic-linker", "/lib/ld-linux-aarch64.so.1", "-X", "-EL", "-maarch64linux", "--fix-cortex-a53-843419", "-pie", "-z", "now", "-fuse-ld=lld", "-z", "relro", "-o", "/home/runner/work/_temp/baseline"..., "/usr/lib/gcc/aarch64-linux-gnu/1"..., "/usr/lib/gcc/aarch64-linux-gnu/1"..., "/usr/lib/gcc/aarch64-linux-gnu/1"..., "-L/usr/lib/gcc/aarch64-linux-gnu"..., ...], 0x174449b0 /* 119 vars */ <unfinished ...>
8311  <... clone resumed>)              = 8313
8313  <... execve resumed>)             = 0
8311  wait4(8313,  <unfinished ...>
8313  clone(child_stack=0xffffe24ad120, flags=CLONE_VM|CLONE_VFORK|SIGCHLD <unfinished ...>
8314  execve("/usr/bin/ld.lld", ["/usr/bin/ld.lld", "-plugin", "/usr/libexec/gcc/aarch64-linux-g"..., "-plugin-opt=/usr/libexec/gcc/aar"..., "-plugin-opt=-fresolution=/tmp/cc"..., "-plugin-opt=-pass-through=-lgcc", "-plugin-opt=-pass-through=-lgcc_"..., "-plugin-opt=-pass-through=-lc", "-plugin-opt=-pass-through=-lgcc", "-plugin-opt=-pass-through=-lgcc_"..., "--build-id", "--eh-frame-hdr", "--hash-style=gnu", "--as-needed", "-dynamic-linker", "/lib/ld-linux-aarch64.so.1", "-X", "-EL", "-maarch64linux", "--fix-cortex-a53-843419", "-pie", "-z", "now", "-z", "relro", "-o", "/home/runner/work/_temp/baseline"..., "/usr/lib/gcc/aarch64-linux-gnu/1"..., "/usr/lib/gcc/aarch64-linux-gnu/1"..., "/usr/lib/gcc/aarch64-linux-gnu/1"..., "-L/usr/lib/gcc/aarch64-linux-gnu"..., "-L/usr/lib/gcc/aarch64-linux-gnu"..., ...], 0xffffe24ad7e8 /* 119 vars */ <unfinished ...>
8313  <... clone resumed>)              = 8314
8314  <... execve resumed>)             = 0
8313  wait4(8314,  <unfinished ...>
8314  clone3({flags=CLONE_VM|CLONE_FS|CLONE_FILES|CLONE_SIGHAND|CLONE_THREAD|CLONE_SYSVSEM|CLONE_SETTLS|CLONE_PARENT_SETTID|CLONE_CHILD_CLEARTID, child_tid=0xfff86adff050, parent_tid=0xfff86adff050, exit_signal=0, stack=0xfff866df0000, stack_size=0x400e840, tls=0xfff86adff6c0} => {parent_tid=[8315]}, 88) = 8315
8315  clone3({flags=CLONE_VM|CLONE_FS|CLONE_FILES|CLONE_SIGHAND|CLONE_THREAD|CLONE_SYSVSEM|CLONE_SETTLS|CLONE_PARENT_SETTID|CLONE_CHILD_CLEARTID, child_tid=0xfff85ffff050, parent_tid=0xfff85ffff050, exit_signal=0, stack=0xfff85bff0000, stack_size=0x400e840, tls=0xfff85ffff6c0} => {parent_tid=[8316]}, 88) = 8316
8315  clone3({flags=CLONE_VM|CLONE_FS|CLONE_FILES|CLONE_SIGHAND|CLONE_THREAD|CLONE_SYSVSEM|CLONE_SETTLS|CLONE_PARENT_SETTID|CLONE_CHILD_CLEARTID, child_tid=0xfff85bfef050, parent_tid=0xfff85bfef050, exit_signal=0, stack=0xfff857fe0000, stack_size=0x400e840, tls=0xfff85bfef6c0} => {parent_tid=[8317]}, 88) = 8317
8315  clone3({flags=CLONE_VM|CLONE_FS|CLONE_FILES|CLONE_SIGHAND|CLONE_THREAD|CLONE_SYSVSEM|CLONE_SETTLS|CLONE_PARENT_SETTID|CLONE_CHILD_CLEARTID, child_tid=0xfff84ffff050, parent_tid=0xfff84ffff050, exit_signal=0, stack=0xfff84bff0000, stack_size=0x400e840, tls=0xfff84ffff6c0} => {parent_tid=[8318]}, 88) = 8318
8318  exit(0 <unfinished ...>
8317  exit(0 <unfinished ...>
8314  exit_group(0 <unfinished ...>
8318  <... exit resumed>)               = ?
8317  <... exit resumed>)               = ?
8315  exit_group(0 <unfinished ...>
8314  <... exit_group resumed>)         = ?
8318  +++ exited with 0 +++
8317  +++ exited with 0 +++
8315  +++ exited with 0 +++
8316  +++ exited with 0 +++
8314  +++ exited with 0 +++
8313  <... wait4 resumed>[{WIFEXITED(s) && WEXITSTATUS(s) == 0}], 0, NULL) = 8314
8313  --- SIGCHLD {si_signo=SIGCHLD, si_code=CLD_EXITED, si_pid=8314, si_uid=1001, si_status=0, si_utime=0, si_stime=1 /* 0.01 s */} ---
8313  exit_group(0)                     = ?
8313  +++ exited with 0 +++
8311  <... wait4 resumed>[{WIFEXITED(s) && WEXITSTATUS(s) == 0}], 0, NULL) = 8313
8311  --- SIGCHLD {si_signo=SIGCHLD, si_code=CLD_EXITED, si_pid=8313, si_uid=1001, si_status=0, si_utime=0, si_stime=0} ---
8311  exit_group(0)                     = ?
8311  +++ exited with 0 +++
8309  <... wait4 resumed>[{WIFEXITED(s) && WEXITSTATUS(s) == 0}], 0, NULL) = 8311
8309  --- SIGCHLD {si_signo=SIGCHLD, si_code=CLD_EXITED, si_pid=8311, si_uid=1001, si_status=0, si_utime=0, si_stime=0} ---
8309  exit_group(0)                     = ?
8309  +++ exited with 0 +++
