5987  execve("/home/runner/work/_temp/transition/first/compiler", ["/home/runner/work/_temp/transiti"..., "build", "compiler/gate4/src/compiler.trb", "--output", "/home/runner/work/_temp/transiti"..., "--qbe", "/home/runner/work/_temp/qbe-1.3/"..., "--cc", "/usr/bin/cc", "--target", "linux-arm64-v0"], 0xffffce9367f8 /* 111 vars */) = 0
5987  clone(child_stack=NULL, flags=CLONE_CHILD_CLEARTID|CLONE_CHILD_SETTID|SIGCHLD, child_tidptr=0xff2c0c231f90) = 5988
5987  wait4(5988,  <unfinished ...>
5988  execve("/home/runner/work/_temp/qbe-1.3/qbe", ["/home/runner/work/_temp/qbe-1.3/"..., "-t", "arm64", "-o", "/home/runner/work/_temp/transiti"..., "/home/runner/work/_temp/transiti"...], 0xfffff0e9eec8 /* 111 vars */) = 0
5988  exit_group(0)                     = ?
5988  +++ exited with 0 +++
5987  <... wait4 resumed>[{WIFEXITED(s) && WEXITSTATUS(s) == 0}], 0, NULL) = 5988
5987  --- SIGCHLD {si_signo=SIGCHLD, si_code=CLD_EXITED, si_pid=5988, si_uid=1001, si_status=0, si_utime=26 /* 0.26 s */, si_stime=1 /* 0.01 s */} ---
5987  clone(child_stack=NULL, flags=CLONE_CHILD_CLEARTID|CLONE_CHILD_SETTID|SIGCHLD, child_tidptr=0xff2c0c231f90) = 5989
5987  wait4(5989,  <unfinished ...>
5989  execve("/usr/bin/cc", ["/usr/bin/cc", "-xassembler", "/home/runner/work/_temp/transiti"..., "-Wl,--gc-sections,--strip-all", "-o", "/home/runner/work/_temp/transiti"...], 0xfffff0e9eec8 /* 111 vars */) = 0
5989  clone(child_stack=0xffffe36fe3b0, flags=CLONE_VM|CLONE_VFORK|SIGCHLD <unfinished ...>
5990  execve("/home/runner/go/bin/as", ["as", "-EL", "-mabi=lp64", "-o", "/tmp/ccQRyMaK.o", "/home/runner/work/_temp/transiti"...], 0x2d92fc20 /* 116 vars */) = -1 ENOENT (No such file or directory)
5990  execve("/opt/hostedtoolcache/go/1.27.1/arm64/bin/as", ["as", "-EL", "-mabi=lp64", "-o", "/tmp/ccQRyMaK.o", "/home/runner/work/_temp/transiti"...], 0x2d92fc20 /* 116 vars */) = -1 ENOENT (No such file or directory)
5990  execve("/snap/bin/as", ["as", "-EL", "-mabi=lp64", "-o", "/tmp/ccQRyMaK.o", "/home/runner/work/_temp/transiti"...], 0x2d92fc20 /* 116 vars */) = -1 ENOENT (No such file or directory)
5990  execve("/home/runner/.local/bin/as", ["as", "-EL", "-mabi=lp64", "-o", "/tmp/ccQRyMaK.o", "/home/runner/work/_temp/transiti"...], 0x2d92fc20 /* 116 vars */) = -1 ENOENT (No such file or directory)
5990  execve("/opt/pipx_bin/as", ["as", "-EL", "-mabi=lp64", "-o", "/tmp/ccQRyMaK.o", "/home/runner/work/_temp/transiti"...], 0x2d92fc20 /* 116 vars */) = -1 ENOENT (No such file or directory)
5990  execve("/home/runner/.cargo/bin/as", ["as", "-EL", "-mabi=lp64", "-o", "/tmp/ccQRyMaK.o", "/home/runner/work/_temp/transiti"...], 0x2d92fc20 /* 116 vars */) = -1 ENOENT (No such file or directory)
5990  execve("/home/runner/.config/composer/vendor/bin/as", ["as", "-EL", "-mabi=lp64", "-o", "/tmp/ccQRyMaK.o", "/home/runner/work/_temp/transiti"...], 0x2d92fc20 /* 116 vars */) = -1 ENOENT (No such file or directory)
5990  execve("/home/runner/.dotnet/tools/as", ["as", "-EL", "-mabi=lp64", "-o", "/tmp/ccQRyMaK.o", "/home/runner/work/_temp/transiti"...], 0x2d92fc20 /* 116 vars */) = -1 ENOENT (No such file or directory)
5990  execve("/usr/local/sbin/as", ["as", "-EL", "-mabi=lp64", "-o", "/tmp/ccQRyMaK.o", "/home/runner/work/_temp/transiti"...], 0x2d92fc20 /* 116 vars */) = -1 ENOENT (No such file or directory)
5990  execve("/usr/local/bin/as", ["as", "-EL", "-mabi=lp64", "-o", "/tmp/ccQRyMaK.o", "/home/runner/work/_temp/transiti"...], 0x2d92fc20 /* 116 vars */) = -1 ENOENT (No such file or directory)
5990  execve("/usr/sbin/as", ["as", "-EL", "-mabi=lp64", "-o", "/tmp/ccQRyMaK.o", "/home/runner/work/_temp/transiti"...], 0x2d92fc20 /* 116 vars */) = -1 ENOENT (No such file or directory)
5990  execve("/usr/bin/as", ["as", "-EL", "-mabi=lp64", "-o", "/tmp/ccQRyMaK.o", "/home/runner/work/_temp/transiti"...], 0x2d92fc20 /* 116 vars */ <unfinished ...>
5989  <... clone resumed>)              = 5990
5990  <... execve resumed>)             = 0
5989  wait4(5990,  <unfinished ...>
5990  exit_group(0)                     = ?
5990  +++ exited with 0 +++
5989  <... wait4 resumed>[{WIFEXITED(s) && WEXITSTATUS(s) == 0}], 0, NULL) = 5990
5989  --- SIGCHLD {si_signo=SIGCHLD, si_code=CLD_EXITED, si_pid=5990, si_uid=1001, si_status=0, si_utime=11 /* 0.11 s */, si_stime=1 /* 0.01 s */} ---
5989  clone(child_stack=0xffffe36fd4f0, flags=CLONE_VM|CLONE_VFORK|SIGCHLD <unfinished ...>
5991  execve("/usr/libexec/gcc/aarch64-linux-gnu/13/collect2", ["/usr/libexec/gcc/aarch64-linux-g"..., "-plugin", "/usr/libexec/gcc/aarch64-linux-g"..., "-plugin-opt=/usr/libexec/gcc/aar"..., "-plugin-opt=-fresolution=/tmp/cc"..., "-plugin-opt=-pass-through=-lgcc", "-plugin-opt=-pass-through=-lgcc_"..., "-plugin-opt=-pass-through=-lc", "-plugin-opt=-pass-through=-lgcc", "-plugin-opt=-pass-through=-lgcc_"..., "--build-id", "--eh-frame-hdr", "--hash-style=gnu", "--as-needed", "-dynamic-linker", "/lib/ld-linux-aarch64.so.1", "-X", "-EL", "-maarch64linux", "--fix-cortex-a53-843419", "-pie", "-z", "now", "-z", "relro", "-o", "/home/runner/work/_temp/transiti"..., "/usr/lib/gcc/aarch64-linux-gnu/1"..., "/usr/lib/gcc/aarch64-linux-gnu/1"..., "/usr/lib/gcc/aarch64-linux-gnu/1"..., "-L/usr/lib/gcc/aarch64-linux-gnu"..., "-L/usr/lib/gcc/aarch64-linux-gnu"..., ...], 0x2d9303c0 /* 118 vars */ <unfinished ...>
5989  <... clone resumed>)              = 5991
5991  <... execve resumed>)             = 0
5989  wait4(5991,  <unfinished ...>
5991  clone(child_stack=0xffffc6855700, flags=CLONE_VM|CLONE_VFORK|SIGCHLD <unfinished ...>
5992  execve("/usr/bin/ld", ["/usr/bin/ld", "-plugin", "/usr/libexec/gcc/aarch64-linux-g"..., "-plugin-opt=/usr/libexec/gcc/aar"..., "-plugin-opt=-fresolution=/tmp/cc"..., "-plugin-opt=-pass-through=-lgcc", "-plugin-opt=-pass-through=-lgcc_"..., "-plugin-opt=-pass-through=-lc", "-plugin-opt=-pass-through=-lgcc", "-plugin-opt=-pass-through=-lgcc_"..., "--build-id", "--eh-frame-hdr", "--hash-style=gnu", "--as-needed", "-dynamic-linker", "/lib/ld-linux-aarch64.so.1", "-X", "-EL", "-maarch64linux", "--fix-cortex-a53-843419", "-pie", "-z", "now", "-z", "relro", "-o", "/home/runner/work/_temp/transiti"..., "/usr/lib/gcc/aarch64-linux-gnu/1"..., "/usr/lib/gcc/aarch64-linux-gnu/1"..., "/usr/lib/gcc/aarch64-linux-gnu/1"..., "-L/usr/lib/gcc/aarch64-linux-gnu"..., "-L/usr/lib/gcc/aarch64-linux-gnu"..., ...], 0xffffc6855db0 /* 118 vars */ <unfinished ...>
5991  <... clone resumed>)              = 5992
5992  <... execve resumed>)             = 0
5991  wait4(5992,  <unfinished ...>
5992  exit_group(0)                     = ?
5992  +++ exited with 0 +++
5991  <... wait4 resumed>[{WIFEXITED(s) && WEXITSTATUS(s) == 0}], 0, NULL) = 5992
5991  --- SIGCHLD {si_signo=SIGCHLD, si_code=CLD_EXITED, si_pid=5992, si_uid=1001, si_status=0, si_utime=0, si_stime=2 /* 0.02 s */} ---
5991  exit_group(0)                     = ?
5991  +++ exited with 0 +++
5989  <... wait4 resumed>[{WIFEXITED(s) && WEXITSTATUS(s) == 0}], 0, NULL) = 5991
5989  --- SIGCHLD {si_signo=SIGCHLD, si_code=CLD_EXITED, si_pid=5991, si_uid=1001, si_status=0, si_utime=0, si_stime=0} ---
5989  exit_group(0)                     = ?
5989  +++ exited with 0 +++
5987  <... wait4 resumed>[{WIFEXITED(s) && WEXITSTATUS(s) == 0}], 0, NULL) = 5989
5987  --- SIGCHLD {si_signo=SIGCHLD, si_code=CLD_EXITED, si_pid=5989, si_uid=1001, si_status=0, si_utime=0, si_stime=0} ---
5987  exit_group(0)                     = ?
5987  +++ exited with 0 +++
