5977  execve("/home/runner/work/_temp/release/type-rb-native-bootstrap-linux-arm64", ["/home/runner/work/_temp/release/"..., "build", "compiler/gate4/src/compiler.trb", "--output", "/home/runner/work/_temp/transiti"..., "--qbe", "/home/runner/work/_temp/qbe-1.3/"..., "--cc", "/usr/bin/cc", "--target", "linux-arm64-v0"], 0xffffda1e24d8 /* 111 vars */) = 0
5977  clone(child_stack=NULL, flags=CLONE_CHILD_CLEARTID|CLONE_CHILD_SETTID|SIGCHLD, child_tidptr=0xff52ce67df90) = 5979
5977  wait4(5979,  <unfinished ...>
5979  execve("/home/runner/work/_temp/qbe-1.3/qbe", ["/home/runner/work/_temp/qbe-1.3/"..., "-t", "arm64", "-o", "/home/runner/work/_temp/transiti"..., "/home/runner/work/_temp/transiti"...], 0xffffd0b70058 /* 111 vars */) = 0
5979  exit_group(0)                     = ?
5979  +++ exited with 0 +++
5977  <... wait4 resumed>[{WIFEXITED(s) && WEXITSTATUS(s) == 0}], 0, NULL) = 5979
5977  --- SIGCHLD {si_signo=SIGCHLD, si_code=CLD_EXITED, si_pid=5979, si_uid=1001, si_status=0, si_utime=25 /* 0.25 s */, si_stime=1 /* 0.01 s */} ---
5977  clone(child_stack=NULL, flags=CLONE_CHILD_CLEARTID|CLONE_CHILD_SETTID|SIGCHLD, child_tidptr=0xff52ce67df90) = 5980
5977  wait4(5980,  <unfinished ...>
5980  execve("/usr/bin/cc", ["/usr/bin/cc", "-xassembler", "/home/runner/work/_temp/transiti"..., "-Wl,--gc-sections,--strip-all", "-o", "/home/runner/work/_temp/transiti"...], 0xffffd0b70058 /* 111 vars */) = 0
5980  clone(child_stack=0xffffe6799b40, flags=CLONE_VM|CLONE_VFORK|SIGCHLD <unfinished ...>
5981  execve("/home/runner/go/bin/as", ["as", "-EL", "-mabi=lp64", "-o", "/tmp/ccgMiQfJ.o", "/home/runner/work/_temp/transiti"...], 0x1a414c10 /* 116 vars */) = -1 ENOENT (No such file or directory)
5981  execve("/opt/hostedtoolcache/go/1.27.1/arm64/bin/as", ["as", "-EL", "-mabi=lp64", "-o", "/tmp/ccgMiQfJ.o", "/home/runner/work/_temp/transiti"...], 0x1a414c10 /* 116 vars */) = -1 ENOENT (No such file or directory)
5981  execve("/snap/bin/as", ["as", "-EL", "-mabi=lp64", "-o", "/tmp/ccgMiQfJ.o", "/home/runner/work/_temp/transiti"...], 0x1a414c10 /* 116 vars */) = -1 ENOENT (No such file or directory)
5981  execve("/home/runner/.local/bin/as", ["as", "-EL", "-mabi=lp64", "-o", "/tmp/ccgMiQfJ.o", "/home/runner/work/_temp/transiti"...], 0x1a414c10 /* 116 vars */) = -1 ENOENT (No such file or directory)
5981  execve("/opt/pipx_bin/as", ["as", "-EL", "-mabi=lp64", "-o", "/tmp/ccgMiQfJ.o", "/home/runner/work/_temp/transiti"...], 0x1a414c10 /* 116 vars */) = -1 ENOENT (No such file or directory)
5981  execve("/home/runner/.cargo/bin/as", ["as", "-EL", "-mabi=lp64", "-o", "/tmp/ccgMiQfJ.o", "/home/runner/work/_temp/transiti"...], 0x1a414c10 /* 116 vars */) = -1 ENOENT (No such file or directory)
5981  execve("/home/runner/.config/composer/vendor/bin/as", ["as", "-EL", "-mabi=lp64", "-o", "/tmp/ccgMiQfJ.o", "/home/runner/work/_temp/transiti"...], 0x1a414c10 /* 116 vars */) = -1 ENOENT (No such file or directory)
5981  execve("/home/runner/.dotnet/tools/as", ["as", "-EL", "-mabi=lp64", "-o", "/tmp/ccgMiQfJ.o", "/home/runner/work/_temp/transiti"...], 0x1a414c10 /* 116 vars */) = -1 ENOENT (No such file or directory)
5981  execve("/usr/local/sbin/as", ["as", "-EL", "-mabi=lp64", "-o", "/tmp/ccgMiQfJ.o", "/home/runner/work/_temp/transiti"...], 0x1a414c10 /* 116 vars */) = -1 ENOENT (No such file or directory)
5981  execve("/usr/local/bin/as", ["as", "-EL", "-mabi=lp64", "-o", "/tmp/ccgMiQfJ.o", "/home/runner/work/_temp/transiti"...], 0x1a414c10 /* 116 vars */) = -1 ENOENT (No such file or directory)
5981  execve("/usr/sbin/as", ["as", "-EL", "-mabi=lp64", "-o", "/tmp/ccgMiQfJ.o", "/home/runner/work/_temp/transiti"...], 0x1a414c10 /* 116 vars */) = -1 ENOENT (No such file or directory)
5981  execve("/usr/bin/as", ["as", "-EL", "-mabi=lp64", "-o", "/tmp/ccgMiQfJ.o", "/home/runner/work/_temp/transiti"...], 0x1a414c10 /* 116 vars */ <unfinished ...>
5980  <... clone resumed>)              = 5981
5981  <... execve resumed>)             = 0
5980  wait4(5981,  <unfinished ...>
5981  exit_group(0)                     = ?
5981  +++ exited with 0 +++
5980  <... wait4 resumed>[{WIFEXITED(s) && WEXITSTATUS(s) == 0}], 0, NULL) = 5981
5980  --- SIGCHLD {si_signo=SIGCHLD, si_code=CLD_EXITED, si_pid=5981, si_uid=1001, si_status=0, si_utime=10 /* 0.10 s */, si_stime=1 /* 0.01 s */} ---
5980  clone(child_stack=0xffffe6798c80, flags=CLONE_VM|CLONE_VFORK|SIGCHLD <unfinished ...>
5982  execve("/usr/libexec/gcc/aarch64-linux-gnu/13/collect2", ["/usr/libexec/gcc/aarch64-linux-g"..., "-plugin", "/usr/libexec/gcc/aarch64-linux-g"..., "-plugin-opt=/usr/libexec/gcc/aar"..., "-plugin-opt=-fresolution=/tmp/cc"..., "-plugin-opt=-pass-through=-lgcc", "-plugin-opt=-pass-through=-lgcc_"..., "-plugin-opt=-pass-through=-lc", "-plugin-opt=-pass-through=-lgcc", "-plugin-opt=-pass-through=-lgcc_"..., "--build-id", "--eh-frame-hdr", "--hash-style=gnu", "--as-needed", "-dynamic-linker", "/lib/ld-linux-aarch64.so.1", "-X", "-EL", "-maarch64linux", "--fix-cortex-a53-843419", "-pie", "-z", "now", "-z", "relro", "-o", "/home/runner/work/_temp/transiti"..., "/usr/lib/gcc/aarch64-linux-gnu/1"..., "/usr/lib/gcc/aarch64-linux-gnu/1"..., "/usr/lib/gcc/aarch64-linux-gnu/1"..., "-L/usr/lib/gcc/aarch64-linux-gnu"..., "-L/usr/lib/gcc/aarch64-linux-gnu"..., ...], 0x1a4153b0 /* 118 vars */ <unfinished ...>
5980  <... clone resumed>)              = 5982
5980  wait4(5982,  <unfinished ...>
5982  <... execve resumed>)             = 0
5982  clone(child_stack=0xfffff78fe190, flags=CLONE_VM|CLONE_VFORK|SIGCHLD <unfinished ...>
5983  execve("/usr/bin/ld", ["/usr/bin/ld", "-plugin", "/usr/libexec/gcc/aarch64-linux-g"..., "-plugin-opt=/usr/libexec/gcc/aar"..., "-plugin-opt=-fresolution=/tmp/cc"..., "-plugin-opt=-pass-through=-lgcc", "-plugin-opt=-pass-through=-lgcc_"..., "-plugin-opt=-pass-through=-lc", "-plugin-opt=-pass-through=-lgcc", "-plugin-opt=-pass-through=-lgcc_"..., "--build-id", "--eh-frame-hdr", "--hash-style=gnu", "--as-needed", "-dynamic-linker", "/lib/ld-linux-aarch64.so.1", "-X", "-EL", "-maarch64linux", "--fix-cortex-a53-843419", "-pie", "-z", "now", "-z", "relro", "-o", "/home/runner/work/_temp/transiti"..., "/usr/lib/gcc/aarch64-linux-gnu/1"..., "/usr/lib/gcc/aarch64-linux-gnu/1"..., "/usr/lib/gcc/aarch64-linux-gnu/1"..., "-L/usr/lib/gcc/aarch64-linux-gnu"..., "-L/usr/lib/gcc/aarch64-linux-gnu"..., ...], 0xfffff78fe840 /* 118 vars */ <unfinished ...>
5982  <... clone resumed>)              = 5983
5983  <... execve resumed>)             = 0
5982  wait4(5983,  <unfinished ...>
5983  exit_group(0)                     = ?
5983  +++ exited with 0 +++
5982  <... wait4 resumed>[{WIFEXITED(s) && WEXITSTATUS(s) == 0}], 0, NULL) = 5983
5982  --- SIGCHLD {si_signo=SIGCHLD, si_code=CLD_EXITED, si_pid=5983, si_uid=1001, si_status=0, si_utime=1 /* 0.01 s */, si_stime=1 /* 0.01 s */} ---
5982  exit_group(0)                     = ?
5982  +++ exited with 0 +++
5980  <... wait4 resumed>[{WIFEXITED(s) && WEXITSTATUS(s) == 0}], 0, NULL) = 5982
5980  --- SIGCHLD {si_signo=SIGCHLD, si_code=CLD_EXITED, si_pid=5982, si_uid=1001, si_status=0, si_utime=0, si_stime=0} ---
5980  exit_group(0)                     = ?
5980  +++ exited with 0 +++
5977  <... wait4 resumed>[{WIFEXITED(s) && WEXITSTATUS(s) == 0}], 0, NULL) = 5980
5977  --- SIGCHLD {si_signo=SIGCHLD, si_code=CLD_EXITED, si_pid=5980, si_uid=1001, si_status=0, si_utime=0, si_stime=0} ---
5977  exit_group(0)                     = ?
5977  +++ exited with 0 +++
