9450  execve("/home/runner/work/_temp/candidate-bootstrap-workspace/b4/compiler", ["/home/runner/work/_temp/candidat"..., "build", "/home/runner/work/type-rb-native"..., "--output", "/home/runner/work/_temp/candidat"..., "--qbe", "/home/runner/work/_temp/qbe-1.3/"..., "--cc", "/usr/bin/cc", "--target", "linux-arm64-v0"], 0xfffffdee2a78 /* 109 vars */) = 0
9450  clone(child_stack=NULL, flags=CLONE_CHILD_CLEARTID|CLONE_CHILD_SETTID|SIGCHLD, child_tidptr=0xff3a5146af90) = 9451
9450  wait4(9451,  <unfinished ...>
9451  execve("/home/runner/work/_temp/qbe-1.3/qbe", ["/home/runner/work/_temp/qbe-1.3/"..., "-t", "arm64", "-o", "/home/runner/work/_temp/candidat"..., "/home/runner/work/_temp/candidat"...], 0xffffebefd518 /* 109 vars */) = 0
9451  exit_group(0)                     = ?
9451  +++ exited with 0 +++
9450  <... wait4 resumed>[{WIFEXITED(s) && WEXITSTATUS(s) == 0}], 0, NULL) = 9451
9450  --- SIGCHLD {si_signo=SIGCHLD, si_code=CLD_EXITED, si_pid=9451, si_uid=1001, si_status=0, si_utime=0, si_stime=0} ---
9450  clone(child_stack=NULL, flags=CLONE_CHILD_CLEARTID|CLONE_CHILD_SETTID|SIGCHLD, child_tidptr=0xff3a5146af90) = 9452
9450  wait4(9452,  <unfinished ...>
9452  execve("/usr/bin/cc", ["/usr/bin/cc", "-xassembler", "/home/runner/work/_temp/candidat"..., "-fuse-ld=lld", "-Wl,--gc-sections,--strip-all", "-lm", "-o", "/home/runner/work/_temp/candidat"...], 0xffffebefd518 /* 109 vars */) = 0
9452  clone(child_stack=0xfffff03a21e0, flags=CLONE_VM|CLONE_VFORK|SIGCHLD <unfinished ...>
9453  execve("/snap/bin/as", ["as", "-EL", "-mabi=lp64", "-o", "/tmp/cciLK8GH.o", "/home/runner/work/_temp/candidat"...], 0x1756cd50 /* 114 vars */) = -1 ENOENT (No such file or directory)
9453  execve("/home/runner/.local/bin/as", ["as", "-EL", "-mabi=lp64", "-o", "/tmp/cciLK8GH.o", "/home/runner/work/_temp/candidat"...], 0x1756cd50 /* 114 vars */) = -1 ENOENT (No such file or directory)
9453  execve("/opt/pipx_bin/as", ["as", "-EL", "-mabi=lp64", "-o", "/tmp/cciLK8GH.o", "/home/runner/work/_temp/candidat"...], 0x1756cd50 /* 114 vars */) = -1 ENOENT (No such file or directory)
9453  execve("/home/runner/.cargo/bin/as", ["as", "-EL", "-mabi=lp64", "-o", "/tmp/cciLK8GH.o", "/home/runner/work/_temp/candidat"...], 0x1756cd50 /* 114 vars */) = -1 ENOENT (No such file or directory)
9453  execve("/home/runner/.config/composer/vendor/bin/as", ["as", "-EL", "-mabi=lp64", "-o", "/tmp/cciLK8GH.o", "/home/runner/work/_temp/candidat"...], 0x1756cd50 /* 114 vars */) = -1 ENOENT (No such file or directory)
9453  execve("/home/runner/.dotnet/tools/as", ["as", "-EL", "-mabi=lp64", "-o", "/tmp/cciLK8GH.o", "/home/runner/work/_temp/candidat"...], 0x1756cd50 /* 114 vars */) = -1 ENOENT (No such file or directory)
9453  execve("/usr/local/sbin/as", ["as", "-EL", "-mabi=lp64", "-o", "/tmp/cciLK8GH.o", "/home/runner/work/_temp/candidat"...], 0x1756cd50 /* 114 vars */) = -1 ENOENT (No such file or directory)
9453  execve("/usr/local/bin/as", ["as", "-EL", "-mabi=lp64", "-o", "/tmp/cciLK8GH.o", "/home/runner/work/_temp/candidat"...], 0x1756cd50 /* 114 vars */) = -1 ENOENT (No such file or directory)
9453  execve("/usr/sbin/as", ["as", "-EL", "-mabi=lp64", "-o", "/tmp/cciLK8GH.o", "/home/runner/work/_temp/candidat"...], 0x1756cd50 /* 114 vars */) = -1 ENOENT (No such file or directory)
9453  execve("/usr/bin/as", ["as", "-EL", "-mabi=lp64", "-o", "/tmp/cciLK8GH.o", "/home/runner/work/_temp/candidat"...], 0x1756cd50 /* 114 vars */ <unfinished ...>
9452  <... clone resumed>)              = 9453
9453  <... execve resumed>)             = 0
9452  wait4(9453,  <unfinished ...>
9453  exit_group(0)                     = ?
9453  +++ exited with 0 +++
9452  <... wait4 resumed>[{WIFEXITED(s) && WEXITSTATUS(s) == 0}], 0, NULL) = 9453
9452  --- SIGCHLD {si_signo=SIGCHLD, si_code=CLD_EXITED, si_pid=9453, si_uid=1001, si_status=0, si_utime=0, si_stime=0} ---
9452  clone(child_stack=0xfffff03a1320, flags=CLONE_VM|CLONE_VFORK|SIGCHLD <unfinished ...>
9454  execve("/usr/libexec/gcc/aarch64-linux-gnu/13/collect2", ["/usr/libexec/gcc/aarch64-linux-g"..., "-plugin", "/usr/libexec/gcc/aarch64-linux-g"..., "-plugin-opt=/usr/libexec/gcc/aar"..., "-plugin-opt=-fresolution=/tmp/cc"..., "-plugin-opt=-pass-through=-lgcc", "-plugin-opt=-pass-through=-lgcc_"..., "-plugin-opt=-pass-through=-lc", "-plugin-opt=-pass-through=-lgcc", "-plugin-opt=-pass-through=-lgcc_"..., "--build-id", "--eh-frame-hdr", "--hash-style=gnu", "--as-needed", "-dynamic-linker", "/lib/ld-linux-aarch64.so.1", "-X", "-EL", "-maarch64linux", "--fix-cortex-a53-843419", "-pie", "-z", "now", "-fuse-ld=lld", "-z", "relro", "-o", "/home/runner/work/_temp/candidat"..., "/usr/lib/gcc/aarch64-linux-gnu/1"..., "/usr/lib/gcc/aarch64-linux-gnu/1"..., "/usr/lib/gcc/aarch64-linux-gnu/1"..., "-L/usr/lib/gcc/aarch64-linux-gnu"..., ...], 0x1756d570 /* 116 vars */ <unfinished ...>
9452  <... clone resumed>)              = 9454
9454  <... execve resumed>)             = 0
9452  wait4(9454,  <unfinished ...>
9454  clone(child_stack=0xffffe93056d0, flags=CLONE_VM|CLONE_VFORK|SIGCHLD <unfinished ...>
9455  execve("/usr/bin/ld.lld", ["/usr/bin/ld.lld", "-plugin", "/usr/libexec/gcc/aarch64-linux-g"..., "-plugin-opt=/usr/libexec/gcc/aar"..., "-plugin-opt=-fresolution=/tmp/cc"..., "-plugin-opt=-pass-through=-lgcc", "-plugin-opt=-pass-through=-lgcc_"..., "-plugin-opt=-pass-through=-lc", "-plugin-opt=-pass-through=-lgcc", "-plugin-opt=-pass-through=-lgcc_"..., "--build-id", "--eh-frame-hdr", "--hash-style=gnu", "--as-needed", "-dynamic-linker", "/lib/ld-linux-aarch64.so.1", "-X", "-EL", "-maarch64linux", "--fix-cortex-a53-843419", "-pie", "-z", "now", "-z", "relro", "-o", "/home/runner/work/_temp/candidat"..., "/usr/lib/gcc/aarch64-linux-gnu/1"..., "/usr/lib/gcc/aarch64-linux-gnu/1"..., "/usr/lib/gcc/aarch64-linux-gnu/1"..., "-L/usr/lib/gcc/aarch64-linux-gnu"..., "-L/usr/lib/gcc/aarch64-linux-gnu"..., ...], 0xffffe9305d90 /* 116 vars */ <unfinished ...>
9454  <... clone resumed>)              = 9455
9455  <... execve resumed>)             = 0
9454  wait4(9455,  <unfinished ...>
9455  clone3({flags=CLONE_VM|CLONE_FS|CLONE_FILES|CLONE_SIGHAND|CLONE_THREAD|CLONE_SYSVSEM|CLONE_SETTLS|CLONE_PARENT_SETTID|CLONE_CHILD_CLEARTID, child_tid=0xff90dd3ff050, parent_tid=0xff90dd3ff050, exit_signal=0, stack=0xff90d93f0000, stack_size=0x400e840, tls=0xff90dd3ff6c0} => {parent_tid=[9456]}, 88) = 9456
9456  clone3({flags=CLONE_VM|CLONE_FS|CLONE_FILES|CLONE_SIGHAND|CLONE_THREAD|CLONE_SYSVSEM|CLONE_SETTLS|CLONE_PARENT_SETTID|CLONE_CHILD_CLEARTID, child_tid=0xff90d3fff050, parent_tid=0xff90d3fff050, exit_signal=0, stack=0xff90cfff0000, stack_size=0x400e840, tls=0xff90d3fff6c0} => {parent_tid=[9457]}, 88) = 9457
9456  clone3({flags=CLONE_VM|CLONE_FS|CLONE_FILES|CLONE_SIGHAND|CLONE_THREAD|CLONE_SYSVSEM|CLONE_SETTLS|CLONE_PARENT_SETTID|CLONE_CHILD_CLEARTID, child_tid=0xff90cffef050, parent_tid=0xff90cffef050, exit_signal=0, stack=0xff90cbfe0000, stack_size=0x400e840, tls=0xff90cffef6c0} => {parent_tid=[9458]}, 88) = 9458
9456  clone3({flags=CLONE_VM|CLONE_FS|CLONE_FILES|CLONE_SIGHAND|CLONE_THREAD|CLONE_SYSVSEM|CLONE_SETTLS|CLONE_PARENT_SETTID|CLONE_CHILD_CLEARTID, child_tid=0xff90c3fff050, parent_tid=0xff90c3fff050, exit_signal=0, stack=0xff90bfff0000, stack_size=0x400e840, tls=0xff90c3fff6c0} => {parent_tid=[9459]}, 88) = 9459
9459  exit(0)                           = ?
9458  exit(0 <unfinished ...>
9459  +++ exited with 0 +++
9458  <... exit resumed>)               = ?
9458  +++ exited with 0 +++
9457  exit(0)                           = ?
9455  exit_group(0 <unfinished ...>
9457  +++ exited with 0 +++
9455  <... exit_group resumed>)         = ?
9456  +++ exited with 0 +++
9455  +++ exited with 0 +++
9454  <... wait4 resumed>[{WIFEXITED(s) && WEXITSTATUS(s) == 0}], 0, NULL) = 9455
9454  --- SIGCHLD {si_signo=SIGCHLD, si_code=CLD_EXITED, si_pid=9455, si_uid=1001, si_status=0, si_utime=0, si_stime=2 /* 0.02 s */} ---
9454  exit_group(0)                     = ?
9454  +++ exited with 0 +++
9452  <... wait4 resumed>[{WIFEXITED(s) && WEXITSTATUS(s) == 0}], 0, NULL) = 9454
9452  --- SIGCHLD {si_signo=SIGCHLD, si_code=CLD_EXITED, si_pid=9454, si_uid=1001, si_status=0, si_utime=0, si_stime=0} ---
9452  exit_group(0)                     = ?
9452  +++ exited with 0 +++
9450  <... wait4 resumed>[{WIFEXITED(s) && WEXITSTATUS(s) == 0}], 0, NULL) = 9452
9450  --- SIGCHLD {si_signo=SIGCHLD, si_code=CLD_EXITED, si_pid=9452, si_uid=1001, si_status=0, si_utime=0, si_stime=0} ---
9450  exit_group(0)                     = ?
9450  +++ exited with 0 +++
