6339  execve("/home/runner/work/_temp/transition/first/compiler", ["/home/runner/work/_temp/transiti"..., "build", "compiler/gate4/src/compiler.trb", "--output", "/home/runner/work/_temp/transiti"..., "--qbe", "/home/runner/work/_temp/qbe-1.3/"..., "--cc", "/usr/bin/cc", "--target", "linux-arm64-v0"], 0xffffecb13328 /* 111 vars */) = 0
6339  clone(child_stack=NULL, flags=CLONE_CHILD_CLEARTID|CLONE_CHILD_SETTID|SIGCHLD, child_tidptr=0xffb67522bf90) = 6340
6339  wait4(6340,  <unfinished ...>
6340  execve("/home/runner/work/_temp/qbe-1.3/qbe", ["/home/runner/work/_temp/qbe-1.3/"..., "-t", "arm64", "-o", "/home/runner/work/_temp/transiti"..., "/home/runner/work/_temp/transiti"...], 0xffffe06c9958 /* 111 vars */) = 0
6340  exit_group(0)                     = ?
6340  +++ exited with 0 +++
6339  <... wait4 resumed>[{WIFEXITED(s) && WEXITSTATUS(s) == 0}], 0, NULL) = 6340
6339  --- SIGCHLD {si_signo=SIGCHLD, si_code=CLD_EXITED, si_pid=6340, si_uid=1001, si_status=0, si_utime=20 /* 0.20 s */, si_stime=0} ---
6339  clone(child_stack=NULL, flags=CLONE_CHILD_CLEARTID|CLONE_CHILD_SETTID|SIGCHLD, child_tidptr=0xffb67522bf90) = 6341
6339  wait4(6341,  <unfinished ...>
6341  execve("/usr/bin/cc", ["/usr/bin/cc", "-xassembler", "/home/runner/work/_temp/transiti"..., "-Wl,--gc-sections,--strip-all", "-o", "/home/runner/work/_temp/transiti"...], 0xffffe06c9958 /* 111 vars */) = 0
6341  clone(child_stack=0xffffc19d0c20, flags=CLONE_VM|CLONE_VFORK|SIGCHLD <unfinished ...>
6342  execve("/home/runner/go/bin/as", ["as", "-EL", "-mabi=lp64", "-o", "/tmp/ccJJghPQ.o", "/home/runner/work/_temp/transiti"...], 0x10534c20 /* 116 vars */) = -1 ENOENT (No such file or directory)
6342  execve("/opt/hostedtoolcache/go/1.27.0/arm64/bin/as", ["as", "-EL", "-mabi=lp64", "-o", "/tmp/ccJJghPQ.o", "/home/runner/work/_temp/transiti"...], 0x10534c20 /* 116 vars */) = -1 ENOENT (No such file or directory)
6342  execve("/snap/bin/as", ["as", "-EL", "-mabi=lp64", "-o", "/tmp/ccJJghPQ.o", "/home/runner/work/_temp/transiti"...], 0x10534c20 /* 116 vars */) = -1 ENOENT (No such file or directory)
6342  execve("/home/runner/.local/bin/as", ["as", "-EL", "-mabi=lp64", "-o", "/tmp/ccJJghPQ.o", "/home/runner/work/_temp/transiti"...], 0x10534c20 /* 116 vars */) = -1 ENOENT (No such file or directory)
6342  execve("/opt/pipx_bin/as", ["as", "-EL", "-mabi=lp64", "-o", "/tmp/ccJJghPQ.o", "/home/runner/work/_temp/transiti"...], 0x10534c20 /* 116 vars */) = -1 ENOENT (No such file or directory)
6342  execve("/home/runner/.cargo/bin/as", ["as", "-EL", "-mabi=lp64", "-o", "/tmp/ccJJghPQ.o", "/home/runner/work/_temp/transiti"...], 0x10534c20 /* 116 vars */) = -1 ENOENT (No such file or directory)
6342  execve("/home/runner/.config/composer/vendor/bin/as", ["as", "-EL", "-mabi=lp64", "-o", "/tmp/ccJJghPQ.o", "/home/runner/work/_temp/transiti"...], 0x10534c20 /* 116 vars */) = -1 ENOENT (No such file or directory)
6342  execve("/home/runner/.dotnet/tools/as", ["as", "-EL", "-mabi=lp64", "-o", "/tmp/ccJJghPQ.o", "/home/runner/work/_temp/transiti"...], 0x10534c20 /* 116 vars */) = -1 ENOENT (No such file or directory)
6342  execve("/usr/local/sbin/as", ["as", "-EL", "-mabi=lp64", "-o", "/tmp/ccJJghPQ.o", "/home/runner/work/_temp/transiti"...], 0x10534c20 /* 116 vars */) = -1 ENOENT (No such file or directory)
6342  execve("/usr/local/bin/as", ["as", "-EL", "-mabi=lp64", "-o", "/tmp/ccJJghPQ.o", "/home/runner/work/_temp/transiti"...], 0x10534c20 /* 116 vars */) = -1 ENOENT (No such file or directory)
6342  execve("/usr/sbin/as", ["as", "-EL", "-mabi=lp64", "-o", "/tmp/ccJJghPQ.o", "/home/runner/work/_temp/transiti"...], 0x10534c20 /* 116 vars */) = -1 ENOENT (No such file or directory)
6342  execve("/usr/bin/as", ["as", "-EL", "-mabi=lp64", "-o", "/tmp/ccJJghPQ.o", "/home/runner/work/_temp/transiti"...], 0x10534c20 /* 116 vars */ <unfinished ...>
6341  <... clone resumed>)              = 6342
6342  <... execve resumed>)             = 0
6341  wait4(6342,  <unfinished ...>
6342  exit_group(0)                     = ?
6342  +++ exited with 0 +++
6341  <... wait4 resumed>[{WIFEXITED(s) && WEXITSTATUS(s) == 0}], 0, NULL) = 6342
6341  --- SIGCHLD {si_signo=SIGCHLD, si_code=CLD_EXITED, si_pid=6342, si_uid=1001, si_status=0, si_utime=8 /* 0.08 s */, si_stime=1 /* 0.01 s */} ---
6341  clone(child_stack=0xffffc19cfd60, flags=CLONE_VM|CLONE_VFORK|SIGCHLD <unfinished ...>
6343  execve("/usr/libexec/gcc/aarch64-linux-gnu/13/collect2", ["/usr/libexec/gcc/aarch64-linux-g"..., "-plugin", "/usr/libexec/gcc/aarch64-linux-g"..., "-plugin-opt=/usr/libexec/gcc/aar"..., "-plugin-opt=-fresolution=/tmp/cc"..., "-plugin-opt=-pass-through=-lgcc", "-plugin-opt=-pass-through=-lgcc_"..., "-plugin-opt=-pass-through=-lc", "-plugin-opt=-pass-through=-lgcc", "-plugin-opt=-pass-through=-lgcc_"..., "--build-id", "--eh-frame-hdr", "--hash-style=gnu", "--as-needed", "-dynamic-linker", "/lib/ld-linux-aarch64.so.1", "-X", "-EL", "-maarch64linux", "--fix-cortex-a53-843419", "-pie", "-z", "now", "-z", "relro", "-o", "/home/runner/work/_temp/transiti"..., "/usr/lib/gcc/aarch64-linux-gnu/1"..., "/usr/lib/gcc/aarch64-linux-gnu/1"..., "/usr/lib/gcc/aarch64-linux-gnu/1"..., "-L/usr/lib/gcc/aarch64-linux-gnu"..., "-L/usr/lib/gcc/aarch64-linux-gnu"..., ...], 0x105353c0 /* 118 vars */ <unfinished ...>
6341  <... clone resumed>)              = 6343
6343  <... execve resumed>)             = 0
6341  wait4(6343,  <unfinished ...>
6343  clone(child_stack=0xffffff3d2440, flags=CLONE_VM|CLONE_VFORK|SIGCHLD <unfinished ...>
6344  execve("/usr/bin/ld", ["/usr/bin/ld", "-plugin", "/usr/libexec/gcc/aarch64-linux-g"..., "-plugin-opt=/usr/libexec/gcc/aar"..., "-plugin-opt=-fresolution=/tmp/cc"..., "-plugin-opt=-pass-through=-lgcc", "-plugin-opt=-pass-through=-lgcc_"..., "-plugin-opt=-pass-through=-lc", "-plugin-opt=-pass-through=-lgcc", "-plugin-opt=-pass-through=-lgcc_"..., "--build-id", "--eh-frame-hdr", "--hash-style=gnu", "--as-needed", "-dynamic-linker", "/lib/ld-linux-aarch64.so.1", "-X", "-EL", "-maarch64linux", "--fix-cortex-a53-843419", "-pie", "-z", "now", "-z", "relro", "-o", "/home/runner/work/_temp/transiti"..., "/usr/lib/gcc/aarch64-linux-gnu/1"..., "/usr/lib/gcc/aarch64-linux-gnu/1"..., "/usr/lib/gcc/aarch64-linux-gnu/1"..., "-L/usr/lib/gcc/aarch64-linux-gnu"..., "-L/usr/lib/gcc/aarch64-linux-gnu"..., ...], 0xffffff3d2af0 /* 118 vars */ <unfinished ...>
6343  <... clone resumed>)              = 6344
6344  <... execve resumed>)             = 0
6343  wait4(6344,  <unfinished ...>
6344  exit_group(0)                     = ?
6344  +++ exited with 0 +++
6343  <... wait4 resumed>[{WIFEXITED(s) && WEXITSTATUS(s) == 0}], 0, NULL) = 6344
6343  --- SIGCHLD {si_signo=SIGCHLD, si_code=CLD_EXITED, si_pid=6344, si_uid=1001, si_status=0, si_utime=1 /* 0.01 s */, si_stime=2 /* 0.02 s */} ---
6343  exit_group(0)                     = ?
6343  +++ exited with 0 +++
6341  <... wait4 resumed>[{WIFEXITED(s) && WEXITSTATUS(s) == 0}], 0, NULL) = 6343
6341  --- SIGCHLD {si_signo=SIGCHLD, si_code=CLD_EXITED, si_pid=6343, si_uid=1001, si_status=0, si_utime=0, si_stime=0} ---
6341  exit_group(0)                     = ?
6341  +++ exited with 0 +++
6339  <... wait4 resumed>[{WIFEXITED(s) && WEXITSTATUS(s) == 0}], 0, NULL) = 6341
6339  --- SIGCHLD {si_signo=SIGCHLD, si_code=CLD_EXITED, si_pid=6341, si_uid=1001, si_status=0, si_utime=0, si_stime=0} ---
6339  exit_group(0)                     = ?
6339  +++ exited with 0 +++
