10485 execve("/home/runner/work/_temp/bootstrap-workspace/b4/compiler", ["/home/runner/work/_temp/bootstra"..., "build", "/home/runner/work/type-rb-native"..., "--output", "/home/runner/work/_temp/bootstra"..., "--qbe", "/home/runner/work/_temp/qbe-1.3/"..., "--cc", "/usr/bin/cc", "--target", "linux-arm64-v0"], 0xffffeb76f938 /* 111 vars */) = 0
10485 clone(child_stack=NULL, flags=CLONE_CHILD_CLEARTID|CLONE_CHILD_SETTID|SIGCHLD, child_tidptr=0xff1881918f90) = 10486
10485 wait4(10486,  <unfinished ...>
10486 execve("/home/runner/work/_temp/qbe-1.3/qbe", ["/home/runner/work/_temp/qbe-1.3/"..., "-t", "arm64", "-o", "/home/runner/work/_temp/bootstra"..., "/home/runner/work/_temp/bootstra"...], 0xffffec232ac8 /* 111 vars */) = 0
10486 exit_group(0)                     = ?
10486 +++ exited with 0 +++
10485 <... wait4 resumed>[{WIFEXITED(s) && WEXITSTATUS(s) == 0}], 0, NULL) = 10486
10485 --- SIGCHLD {si_signo=SIGCHLD, si_code=CLD_EXITED, si_pid=10486, si_uid=1001, si_status=0, si_utime=0, si_stime=0} ---
10485 clone(child_stack=NULL, flags=CLONE_CHILD_CLEARTID|CLONE_CHILD_SETTID|SIGCHLD, child_tidptr=0xff1881918f90) = 10487
10485 wait4(10487,  <unfinished ...>
10487 execve("/usr/bin/cc", ["/usr/bin/cc", "-xassembler", "/home/runner/work/_temp/bootstra"..., "-fuse-ld=lld", "-Wl,--gc-sections,--strip-all,--"..., "-lm", "-o", "/home/runner/work/_temp/bootstra"...], 0xffffec232ac8 /* 111 vars */) = 0
10487 clone(child_stack=0xffffc99b83e0, flags=CLONE_VM|CLONE_VFORK|SIGCHLD <unfinished ...>
10488 execve("/home/runner/go/bin/as", ["as", "-EL", "-mabi=lp64", "-o", "/tmp/cc8EFAvC.o", "/home/runner/work/_temp/bootstra"...], 0x3dbd6d70 /* 116 vars */) = -1 ENOENT (No such file or directory)
10488 execve("/opt/hostedtoolcache/go/1.27.1/arm64/bin/as", ["as", "-EL", "-mabi=lp64", "-o", "/tmp/cc8EFAvC.o", "/home/runner/work/_temp/bootstra"...], 0x3dbd6d70 /* 116 vars */) = -1 ENOENT (No such file or directory)
10488 execve("/snap/bin/as", ["as", "-EL", "-mabi=lp64", "-o", "/tmp/cc8EFAvC.o", "/home/runner/work/_temp/bootstra"...], 0x3dbd6d70 /* 116 vars */) = -1 ENOENT (No such file or directory)
10488 execve("/home/runner/.local/bin/as", ["as", "-EL", "-mabi=lp64", "-o", "/tmp/cc8EFAvC.o", "/home/runner/work/_temp/bootstra"...], 0x3dbd6d70 /* 116 vars */) = -1 ENOENT (No such file or directory)
10488 execve("/opt/pipx_bin/as", ["as", "-EL", "-mabi=lp64", "-o", "/tmp/cc8EFAvC.o", "/home/runner/work/_temp/bootstra"...], 0x3dbd6d70 /* 116 vars */) = -1 ENOENT (No such file or directory)
10488 execve("/home/runner/.cargo/bin/as", ["as", "-EL", "-mabi=lp64", "-o", "/tmp/cc8EFAvC.o", "/home/runner/work/_temp/bootstra"...], 0x3dbd6d70 /* 116 vars */) = -1 ENOENT (No such file or directory)
10488 execve("/home/runner/.config/composer/vendor/bin/as", ["as", "-EL", "-mabi=lp64", "-o", "/tmp/cc8EFAvC.o", "/home/runner/work/_temp/bootstra"...], 0x3dbd6d70 /* 116 vars */) = -1 ENOENT (No such file or directory)
10488 execve("/home/runner/.dotnet/tools/as", ["as", "-EL", "-mabi=lp64", "-o", "/tmp/cc8EFAvC.o", "/home/runner/work/_temp/bootstra"...], 0x3dbd6d70 /* 116 vars */) = -1 ENOENT (No such file or directory)
10488 execve("/usr/local/sbin/as", ["as", "-EL", "-mabi=lp64", "-o", "/tmp/cc8EFAvC.o", "/home/runner/work/_temp/bootstra"...], 0x3dbd6d70 /* 116 vars */) = -1 ENOENT (No such file or directory)
10488 execve("/usr/local/bin/as", ["as", "-EL", "-mabi=lp64", "-o", "/tmp/cc8EFAvC.o", "/home/runner/work/_temp/bootstra"...], 0x3dbd6d70 /* 116 vars */) = -1 ENOENT (No such file or directory)
10488 execve("/usr/sbin/as", ["as", "-EL", "-mabi=lp64", "-o", "/tmp/cc8EFAvC.o", "/home/runner/work/_temp/bootstra"...], 0x3dbd6d70 /* 116 vars */) = -1 ENOENT (No such file or directory)
10488 execve("/usr/bin/as", ["as", "-EL", "-mabi=lp64", "-o", "/tmp/cc8EFAvC.o", "/home/runner/work/_temp/bootstra"...], 0x3dbd6d70 /* 116 vars */ <unfinished ...>
10487 <... clone resumed>)              = 10488
10488 <... execve resumed>)             = 0
10487 wait4(10488,  <unfinished ...>
10488 exit_group(0)                     = ?
10488 +++ exited with 0 +++
10487 <... wait4 resumed>[{WIFEXITED(s) && WEXITSTATUS(s) == 0}], 0, NULL) = 10488
10487 --- SIGCHLD {si_signo=SIGCHLD, si_code=CLD_EXITED, si_pid=10488, si_uid=1001, si_status=0, si_utime=0, si_stime=0} ---
10487 clone(child_stack=0xffffc99b7520, flags=CLONE_VM|CLONE_VFORK|SIGCHLD <unfinished ...>
10489 execve("/usr/libexec/gcc/aarch64-linux-gnu/13/collect2", ["/usr/libexec/gcc/aarch64-linux-g"..., "-plugin", "/usr/libexec/gcc/aarch64-linux-g"..., "-plugin-opt=/usr/libexec/gcc/aar"..., "-plugin-opt=-fresolution=/tmp/cc"..., "-plugin-opt=-pass-through=-lgcc", "-plugin-opt=-pass-through=-lgcc_"..., "-plugin-opt=-pass-through=-lc", "-plugin-opt=-pass-through=-lgcc", "-plugin-opt=-pass-through=-lgcc_"..., "--build-id", "--eh-frame-hdr", "--hash-style=gnu", "--as-needed", "-dynamic-linker", "/lib/ld-linux-aarch64.so.1", "-X", "-EL", "-maarch64linux", "--fix-cortex-a53-843419", "-pie", "-z", "now", "-fuse-ld=lld", "-z", "relro", "-o", "/home/runner/work/_temp/bootstra"..., "/usr/lib/gcc/aarch64-linux-gnu/1"..., "/usr/lib/gcc/aarch64-linux-gnu/1"..., "/usr/lib/gcc/aarch64-linux-gnu/1"..., "-L/usr/lib/gcc/aarch64-linux-gnu"..., ...], 0x3dbd75a0 /* 118 vars */ <unfinished ...>
10487 <... clone resumed>)              = 10489
10489 <... execve resumed>)             = 0
10487 wait4(10489,  <unfinished ...>
10489 clone(child_stack=0xffffe5b045d0, flags=CLONE_VM|CLONE_VFORK|SIGCHLD <unfinished ...>
10490 execve("/usr/bin/ld.lld", ["/usr/bin/ld.lld", "-plugin", "/usr/libexec/gcc/aarch64-linux-g"..., "-plugin-opt=/usr/libexec/gcc/aar"..., "-plugin-opt=-fresolution=/tmp/cc"..., "-plugin-opt=-pass-through=-lgcc", "-plugin-opt=-pass-through=-lgcc_"..., "-plugin-opt=-pass-through=-lc", "-plugin-opt=-pass-through=-lgcc", "-plugin-opt=-pass-through=-lgcc_"..., "--build-id", "--eh-frame-hdr", "--hash-style=gnu", "--as-needed", "-dynamic-linker", "/lib/ld-linux-aarch64.so.1", "-X", "-EL", "-maarch64linux", "--fix-cortex-a53-843419", "-pie", "-z", "now", "-z", "relro", "-o", "/home/runner/work/_temp/bootstra"..., "/usr/lib/gcc/aarch64-linux-gnu/1"..., "/usr/lib/gcc/aarch64-linux-gnu/1"..., "/usr/lib/gcc/aarch64-linux-gnu/1"..., "-L/usr/lib/gcc/aarch64-linux-gnu"..., "-L/usr/lib/gcc/aarch64-linux-gnu"..., ...], 0xffffe5b04c98 /* 118 vars */ <unfinished ...>
10489 <... clone resumed>)              = 10490
10490 <... execve resumed>)             = 0
10489 wait4(10490,  <unfinished ...>
10490 clone3({flags=CLONE_VM|CLONE_FS|CLONE_FILES|CLONE_SIGHAND|CLONE_THREAD|CLONE_SYSVSEM|CLONE_SETTLS|CLONE_PARENT_SETTID|CLONE_CHILD_CLEARTID, child_tid=0xff6ebe9ff050, parent_tid=0xff6ebe9ff050, exit_signal=0, stack=0xff6eba9f0000, stack_size=0x400e840, tls=0xff6ebe9ff6c0} => {parent_tid=[10491]}, 88) = 10491
10491 clone3({flags=CLONE_VM|CLONE_FS|CLONE_FILES|CLONE_SIGHAND|CLONE_THREAD|CLONE_SYSVSEM|CLONE_SETTLS|CLONE_PARENT_SETTID|CLONE_CHILD_CLEARTID, child_tid=0xff6eb3fff050, parent_tid=0xff6eb3fff050, exit_signal=0, stack=0xff6eafff0000, stack_size=0x400e840, tls=0xff6eb3fff6c0} => {parent_tid=[10492]}, 88) = 10492
10491 clone3({flags=CLONE_VM|CLONE_FS|CLONE_FILES|CLONE_SIGHAND|CLONE_THREAD|CLONE_SYSVSEM|CLONE_SETTLS|CLONE_PARENT_SETTID|CLONE_CHILD_CLEARTID, child_tid=0xff6eaffef050, parent_tid=0xff6eaffef050, exit_signal=0, stack=0xff6eabfe0000, stack_size=0x400e840, tls=0xff6eaffef6c0} => {parent_tid=[10493]}, 88) = 10493
10491 clone3({flags=CLONE_VM|CLONE_FS|CLONE_FILES|CLONE_SIGHAND|CLONE_THREAD|CLONE_SYSVSEM|CLONE_SETTLS|CLONE_PARENT_SETTID|CLONE_CHILD_CLEARTID, child_tid=0xff6ea3fff050, parent_tid=0xff6ea3fff050, exit_signal=0, stack=0xff6e9fff0000, stack_size=0x400e840, tls=0xff6ea3fff6c0} => {parent_tid=[10494]}, 88) = 10494
10494 exit(0 <unfinished ...>
10492 exit(0 <unfinished ...>
10494 <... exit resumed>)               = ?
10492 <... exit resumed>)               = ?
10494 +++ exited with 0 +++
10492 +++ exited with 0 +++
10490 exit_group(0 <unfinished ...>
10493 exit(0 <unfinished ...>
10490 <... exit_group resumed>)         = ?
10493 +++ exited with 0 +++
10491 +++ exited with 0 +++
10490 +++ exited with 0 +++
10489 <... wait4 resumed>[{WIFEXITED(s) && WEXITSTATUS(s) == 0}], 0, NULL) = 10490
10489 --- SIGCHLD {si_signo=SIGCHLD, si_code=CLD_EXITED, si_pid=10490, si_uid=1001, si_status=0, si_utime=1 /* 0.01 s */, si_stime=1 /* 0.01 s */} ---
10489 exit_group(0)                     = ?
10489 +++ exited with 0 +++
10487 <... wait4 resumed>[{WIFEXITED(s) && WEXITSTATUS(s) == 0}], 0, NULL) = 10489
10487 --- SIGCHLD {si_signo=SIGCHLD, si_code=CLD_EXITED, si_pid=10489, si_uid=1001, si_status=0, si_utime=0, si_stime=0} ---
10487 exit_group(0)                     = ?
10487 +++ exited with 0 +++
10485 <... wait4 resumed>[{WIFEXITED(s) && WEXITSTATUS(s) == 0}], 0, NULL) = 10487
10485 --- SIGCHLD {si_signo=SIGCHLD, si_code=CLD_EXITED, si_pid=10487, si_uid=1001, si_status=0, si_utime=0, si_stime=0} ---
10485 exit_group(0)                     = ?
10485 +++ exited with 0 +++
