6106  execve("/home/runner/work/_temp/transition/first/compiler", ["/home/runner/work/_temp/transiti"..., "build", "compiler/gate4/src/compiler.trb", "--output", "/home/runner/work/_temp/transiti"..., "--qbe", "/home/runner/work/_temp/qbe-1.3/"..., "--cc", "/usr/bin/cc", "--target", "linux-arm64-v0"], 0xffffe6c255c8 /* 111 vars */) = 0
6106  clone(child_stack=NULL, flags=CLONE_CHILD_CLEARTID|CLONE_CHILD_SETTID|SIGCHLD, child_tidptr=0xffb43a67af90) = 6108
6106  wait4(6108,  <unfinished ...>
6108  execve("/home/runner/work/_temp/qbe-1.3/qbe", ["/home/runner/work/_temp/qbe-1.3/"..., "-t", "arm64", "-o", "/home/runner/work/_temp/transiti"..., "/home/runner/work/_temp/transiti"...], 0xfffff2e86d98 /* 111 vars */) = 0
6108  exit_group(0)                     = ?
6108  +++ exited with 0 +++
6106  <... wait4 resumed>[{WIFEXITED(s) && WEXITSTATUS(s) == 0}], 0, NULL) = 6108
6106  --- SIGCHLD {si_signo=SIGCHLD, si_code=CLD_EXITED, si_pid=6108, si_uid=1001, si_status=0, si_utime=25 /* 0.25 s */, si_stime=1 /* 0.01 s */} ---
6106  clone(child_stack=NULL, flags=CLONE_CHILD_CLEARTID|CLONE_CHILD_SETTID|SIGCHLD, child_tidptr=0xffb43a67af90) = 6109
6106  wait4(6109,  <unfinished ...>
6109  execve("/usr/bin/cc", ["/usr/bin/cc", "-xassembler", "/home/runner/work/_temp/transiti"..., "-Wl,--gc-sections,--strip-all", "-o", "/home/runner/work/_temp/transiti"...], 0xfffff2e86d98 /* 111 vars */) = 0
6109  clone(child_stack=0xfffffca01920, flags=CLONE_VM|CLONE_VFORK|SIGCHLD <unfinished ...>
6110  execve("/home/runner/go/bin/as", ["as", "-EL", "-mabi=lp64", "-o", "/tmp/ccHV6ogq.o", "/home/runner/work/_temp/transiti"...], 0x1a2c2c20 /* 116 vars */) = -1 ENOENT (No such file or directory)
6110  execve("/opt/hostedtoolcache/go/1.27.1/arm64/bin/as", ["as", "-EL", "-mabi=lp64", "-o", "/tmp/ccHV6ogq.o", "/home/runner/work/_temp/transiti"...], 0x1a2c2c20 /* 116 vars */) = -1 ENOENT (No such file or directory)
6110  execve("/snap/bin/as", ["as", "-EL", "-mabi=lp64", "-o", "/tmp/ccHV6ogq.o", "/home/runner/work/_temp/transiti"...], 0x1a2c2c20 /* 116 vars */) = -1 ENOENT (No such file or directory)
6110  execve("/home/runner/.local/bin/as", ["as", "-EL", "-mabi=lp64", "-o", "/tmp/ccHV6ogq.o", "/home/runner/work/_temp/transiti"...], 0x1a2c2c20 /* 116 vars */) = -1 ENOENT (No such file or directory)
6110  execve("/opt/pipx_bin/as", ["as", "-EL", "-mabi=lp64", "-o", "/tmp/ccHV6ogq.o", "/home/runner/work/_temp/transiti"...], 0x1a2c2c20 /* 116 vars */) = -1 ENOENT (No such file or directory)
6110  execve("/home/runner/.cargo/bin/as", ["as", "-EL", "-mabi=lp64", "-o", "/tmp/ccHV6ogq.o", "/home/runner/work/_temp/transiti"...], 0x1a2c2c20 /* 116 vars */) = -1 ENOENT (No such file or directory)
6110  execve("/home/runner/.config/composer/vendor/bin/as", ["as", "-EL", "-mabi=lp64", "-o", "/tmp/ccHV6ogq.o", "/home/runner/work/_temp/transiti"...], 0x1a2c2c20 /* 116 vars */) = -1 ENOENT (No such file or directory)
6110  execve("/home/runner/.dotnet/tools/as", ["as", "-EL", "-mabi=lp64", "-o", "/tmp/ccHV6ogq.o", "/home/runner/work/_temp/transiti"...], 0x1a2c2c20 /* 116 vars */) = -1 ENOENT (No such file or directory)
6110  execve("/usr/local/sbin/as", ["as", "-EL", "-mabi=lp64", "-o", "/tmp/ccHV6ogq.o", "/home/runner/work/_temp/transiti"...], 0x1a2c2c20 /* 116 vars */) = -1 ENOENT (No such file or directory)
6110  execve("/usr/local/bin/as", ["as", "-EL", "-mabi=lp64", "-o", "/tmp/ccHV6ogq.o", "/home/runner/work/_temp/transiti"...], 0x1a2c2c20 /* 116 vars */) = -1 ENOENT (No such file or directory)
6110  execve("/usr/sbin/as", ["as", "-EL", "-mabi=lp64", "-o", "/tmp/ccHV6ogq.o", "/home/runner/work/_temp/transiti"...], 0x1a2c2c20 /* 116 vars */) = -1 ENOENT (No such file or directory)
6110  execve("/usr/bin/as", ["as", "-EL", "-mabi=lp64", "-o", "/tmp/ccHV6ogq.o", "/home/runner/work/_temp/transiti"...], 0x1a2c2c20 /* 116 vars */ <unfinished ...>
6109  <... clone resumed>)              = 6110
6110  <... execve resumed>)             = 0
6109  wait4(6110,  <unfinished ...>
6110  exit_group(0)                     = ?
6110  +++ exited with 0 +++
6109  <... wait4 resumed>[{WIFEXITED(s) && WEXITSTATUS(s) == 0}], 0, NULL) = 6110
6109  --- SIGCHLD {si_signo=SIGCHLD, si_code=CLD_EXITED, si_pid=6110, si_uid=1001, si_status=0, si_utime=10 /* 0.10 s */, si_stime=0} ---
6109  clone(child_stack=0xfffffca00a60, flags=CLONE_VM|CLONE_VFORK|SIGCHLD <unfinished ...>
6111  execve("/usr/libexec/gcc/aarch64-linux-gnu/13/collect2", ["/usr/libexec/gcc/aarch64-linux-g"..., "-plugin", "/usr/libexec/gcc/aarch64-linux-g"..., "-plugin-opt=/usr/libexec/gcc/aar"..., "-plugin-opt=-fresolution=/tmp/cc"..., "-plugin-opt=-pass-through=-lgcc", "-plugin-opt=-pass-through=-lgcc_"..., "-plugin-opt=-pass-through=-lc", "-plugin-opt=-pass-through=-lgcc", "-plugin-opt=-pass-through=-lgcc_"..., "--build-id", "--eh-frame-hdr", "--hash-style=gnu", "--as-needed", "-dynamic-linker", "/lib/ld-linux-aarch64.so.1", "-X", "-EL", "-maarch64linux", "--fix-cortex-a53-843419", "-pie", "-z", "now", "-z", "relro", "-o", "/home/runner/work/_temp/transiti"..., "/usr/lib/gcc/aarch64-linux-gnu/1"..., "/usr/lib/gcc/aarch64-linux-gnu/1"..., "/usr/lib/gcc/aarch64-linux-gnu/1"..., "-L/usr/lib/gcc/aarch64-linux-gnu"..., "-L/usr/lib/gcc/aarch64-linux-gnu"..., ...], 0x1a2c33c0 /* 118 vars */ <unfinished ...>
6109  <... clone resumed>)              = 6111
6111  <... execve resumed>)             = 0
6109  wait4(6111,  <unfinished ...>
6111  clone(child_stack=0xffffffc472d0, flags=CLONE_VM|CLONE_VFORK|SIGCHLD <unfinished ...>
6112  execve("/usr/bin/ld", ["/usr/bin/ld", "-plugin", "/usr/libexec/gcc/aarch64-linux-g"..., "-plugin-opt=/usr/libexec/gcc/aar"..., "-plugin-opt=-fresolution=/tmp/cc"..., "-plugin-opt=-pass-through=-lgcc", "-plugin-opt=-pass-through=-lgcc_"..., "-plugin-opt=-pass-through=-lc", "-plugin-opt=-pass-through=-lgcc", "-plugin-opt=-pass-through=-lgcc_"..., "--build-id", "--eh-frame-hdr", "--hash-style=gnu", "--as-needed", "-dynamic-linker", "/lib/ld-linux-aarch64.so.1", "-X", "-EL", "-maarch64linux", "--fix-cortex-a53-843419", "-pie", "-z", "now", "-z", "relro", "-o", "/home/runner/work/_temp/transiti"..., "/usr/lib/gcc/aarch64-linux-gnu/1"..., "/usr/lib/gcc/aarch64-linux-gnu/1"..., "/usr/lib/gcc/aarch64-linux-gnu/1"..., "-L/usr/lib/gcc/aarch64-linux-gnu"..., "-L/usr/lib/gcc/aarch64-linux-gnu"..., ...], 0xffffffc47980 /* 118 vars */ <unfinished ...>
6111  <... clone resumed>)              = 6112
6112  <... execve resumed>)             = 0
6111  wait4(6112,  <unfinished ...>
6112  exit_group(0)                     = ?
6112  +++ exited with 0 +++
6111  <... wait4 resumed>[{WIFEXITED(s) && WEXITSTATUS(s) == 0}], 0, NULL) = 6112
6111  --- SIGCHLD {si_signo=SIGCHLD, si_code=CLD_EXITED, si_pid=6112, si_uid=1001, si_status=0, si_utime=0, si_stime=1 /* 0.01 s */} ---
6111  exit_group(0)                     = ?
6111  +++ exited with 0 +++
6109  <... wait4 resumed>[{WIFEXITED(s) && WEXITSTATUS(s) == 0}], 0, NULL) = 6111
6109  --- SIGCHLD {si_signo=SIGCHLD, si_code=CLD_EXITED, si_pid=6111, si_uid=1001, si_status=0, si_utime=0, si_stime=0} ---
6109  exit_group(0)                     = ?
6109  +++ exited with 0 +++
6106  <... wait4 resumed>[{WIFEXITED(s) && WEXITSTATUS(s) == 0}], 0, NULL) = 6109
6106  --- SIGCHLD {si_signo=SIGCHLD, si_code=CLD_EXITED, si_pid=6109, si_uid=1001, si_status=0, si_utime=0, si_stime=0} ---
6106  exit_group(0)                     = ?
6106  +++ exited with 0 +++
