6041  execve("/home/runner/work/_temp/transition/first/compiler", ["/home/runner/work/_temp/transiti"..., "build", "compiler/gate4/src/compiler.trb", "--output", "/home/runner/work/_temp/transiti"..., "--qbe", "/home/runner/work/_temp/qbe-1.3/"..., "--cc", "/usr/bin/cc", "--target", "linux-arm64-v0"], 0xfffff58df738 /* 111 vars */) = 0
6041  clone(child_stack=NULL, flags=CLONE_CHILD_CLEARTID|CLONE_CHILD_SETTID|SIGCHLD, child_tidptr=0xff36738c9f90) = 6044
6041  wait4(6044,  <unfinished ...>
6044  execve("/home/runner/work/_temp/qbe-1.3/qbe", ["/home/runner/work/_temp/qbe-1.3/"..., "-t", "arm64", "-o", "/home/runner/work/_temp/transiti"..., "/home/runner/work/_temp/transiti"...], 0xffffd1675798 /* 111 vars */) = 0
6044  exit_group(0)                     = ?
6044  +++ exited with 0 +++
6041  <... wait4 resumed>[{WIFEXITED(s) && WEXITSTATUS(s) == 0}], 0, NULL) = 6044
6041  --- SIGCHLD {si_signo=SIGCHLD, si_code=CLD_EXITED, si_pid=6044, si_uid=1001, si_status=0, si_utime=25 /* 0.25 s */, si_stime=1 /* 0.01 s */} ---
6041  clone(child_stack=NULL, flags=CLONE_CHILD_CLEARTID|CLONE_CHILD_SETTID|SIGCHLD, child_tidptr=0xff36738c9f90) = 6045
6041  wait4(6045,  <unfinished ...>
6045  execve("/usr/bin/cc", ["/usr/bin/cc", "-xassembler", "/home/runner/work/_temp/transiti"..., "-Wl,--gc-sections,--strip-all", "-o", "/home/runner/work/_temp/transiti"...], 0xffffd1675798 /* 111 vars */) = 0
6045  clone(child_stack=0xffffcaa96e50, flags=CLONE_VM|CLONE_VFORK|SIGCHLD <unfinished ...>
6046  execve("/home/runner/go/bin/as", ["as", "-EL", "-mabi=lp64", "-o", "/tmp/ccAoEYUJ.o", "/home/runner/work/_temp/transiti"...], 0x9298c20 /* 116 vars */) = -1 ENOENT (No such file or directory)
6046  execve("/opt/hostedtoolcache/go/1.27.1/arm64/bin/as", ["as", "-EL", "-mabi=lp64", "-o", "/tmp/ccAoEYUJ.o", "/home/runner/work/_temp/transiti"...], 0x9298c20 /* 116 vars */) = -1 ENOENT (No such file or directory)
6046  execve("/snap/bin/as", ["as", "-EL", "-mabi=lp64", "-o", "/tmp/ccAoEYUJ.o", "/home/runner/work/_temp/transiti"...], 0x9298c20 /* 116 vars */) = -1 ENOENT (No such file or directory)
6046  execve("/home/runner/.local/bin/as", ["as", "-EL", "-mabi=lp64", "-o", "/tmp/ccAoEYUJ.o", "/home/runner/work/_temp/transiti"...], 0x9298c20 /* 116 vars */) = -1 ENOENT (No such file or directory)
6046  execve("/opt/pipx_bin/as", ["as", "-EL", "-mabi=lp64", "-o", "/tmp/ccAoEYUJ.o", "/home/runner/work/_temp/transiti"...], 0x9298c20 /* 116 vars */) = -1 ENOENT (No such file or directory)
6046  execve("/home/runner/.cargo/bin/as", ["as", "-EL", "-mabi=lp64", "-o", "/tmp/ccAoEYUJ.o", "/home/runner/work/_temp/transiti"...], 0x9298c20 /* 116 vars */) = -1 ENOENT (No such file or directory)
6046  execve("/home/runner/.config/composer/vendor/bin/as", ["as", "-EL", "-mabi=lp64", "-o", "/tmp/ccAoEYUJ.o", "/home/runner/work/_temp/transiti"...], 0x9298c20 /* 116 vars */) = -1 ENOENT (No such file or directory)
6046  execve("/home/runner/.dotnet/tools/as", ["as", "-EL", "-mabi=lp64", "-o", "/tmp/ccAoEYUJ.o", "/home/runner/work/_temp/transiti"...], 0x9298c20 /* 116 vars */) = -1 ENOENT (No such file or directory)
6046  execve("/usr/local/sbin/as", ["as", "-EL", "-mabi=lp64", "-o", "/tmp/ccAoEYUJ.o", "/home/runner/work/_temp/transiti"...], 0x9298c20 /* 116 vars */) = -1 ENOENT (No such file or directory)
6046  execve("/usr/local/bin/as", ["as", "-EL", "-mabi=lp64", "-o", "/tmp/ccAoEYUJ.o", "/home/runner/work/_temp/transiti"...], 0x9298c20 /* 116 vars */) = -1 ENOENT (No such file or directory)
6046  execve("/usr/sbin/as", ["as", "-EL", "-mabi=lp64", "-o", "/tmp/ccAoEYUJ.o", "/home/runner/work/_temp/transiti"...], 0x9298c20 /* 116 vars */) = -1 ENOENT (No such file or directory)
6046  execve("/usr/bin/as", ["as", "-EL", "-mabi=lp64", "-o", "/tmp/ccAoEYUJ.o", "/home/runner/work/_temp/transiti"...], 0x9298c20 /* 116 vars */ <unfinished ...>
6045  <... clone resumed>)              = 6046
6046  <... execve resumed>)             = 0
6045  wait4(6046,  <unfinished ...>
6046  exit_group(0)                     = ?
6046  +++ exited with 0 +++
6045  <... wait4 resumed>[{WIFEXITED(s) && WEXITSTATUS(s) == 0}], 0, NULL) = 6046
6045  --- SIGCHLD {si_signo=SIGCHLD, si_code=CLD_EXITED, si_pid=6046, si_uid=1001, si_status=0, si_utime=11 /* 0.11 s */, si_stime=0} ---
6045  clone(child_stack=0xffffcaa95f90, flags=CLONE_VM|CLONE_VFORK|SIGCHLD <unfinished ...>
6047  execve("/usr/libexec/gcc/aarch64-linux-gnu/13/collect2", ["/usr/libexec/gcc/aarch64-linux-g"..., "-plugin", "/usr/libexec/gcc/aarch64-linux-g"..., "-plugin-opt=/usr/libexec/gcc/aar"..., "-plugin-opt=-fresolution=/tmp/cc"..., "-plugin-opt=-pass-through=-lgcc", "-plugin-opt=-pass-through=-lgcc_"..., "-plugin-opt=-pass-through=-lc", "-plugin-opt=-pass-through=-lgcc", "-plugin-opt=-pass-through=-lgcc_"..., "--build-id", "--eh-frame-hdr", "--hash-style=gnu", "--as-needed", "-dynamic-linker", "/lib/ld-linux-aarch64.so.1", "-X", "-EL", "-maarch64linux", "--fix-cortex-a53-843419", "-pie", "-z", "now", "-z", "relro", "-o", "/home/runner/work/_temp/transiti"..., "/usr/lib/gcc/aarch64-linux-gnu/1"..., "/usr/lib/gcc/aarch64-linux-gnu/1"..., "/usr/lib/gcc/aarch64-linux-gnu/1"..., "-L/usr/lib/gcc/aarch64-linux-gnu"..., "-L/usr/lib/gcc/aarch64-linux-gnu"..., ...], 0x92993c0 /* 118 vars */ <unfinished ...>
6045  <... clone resumed>)              = 6047
6047  <... execve resumed>)             = 0
6045  wait4(6047,  <unfinished ...>
6047  clone(child_stack=0xffffe67144f0, flags=CLONE_VM|CLONE_VFORK|SIGCHLD <unfinished ...>
6048  execve("/usr/bin/ld", ["/usr/bin/ld", "-plugin", "/usr/libexec/gcc/aarch64-linux-g"..., "-plugin-opt=/usr/libexec/gcc/aar"..., "-plugin-opt=-fresolution=/tmp/cc"..., "-plugin-opt=-pass-through=-lgcc", "-plugin-opt=-pass-through=-lgcc_"..., "-plugin-opt=-pass-through=-lc", "-plugin-opt=-pass-through=-lgcc", "-plugin-opt=-pass-through=-lgcc_"..., "--build-id", "--eh-frame-hdr", "--hash-style=gnu", "--as-needed", "-dynamic-linker", "/lib/ld-linux-aarch64.so.1", "-X", "-EL", "-maarch64linux", "--fix-cortex-a53-843419", "-pie", "-z", "now", "-z", "relro", "-o", "/home/runner/work/_temp/transiti"..., "/usr/lib/gcc/aarch64-linux-gnu/1"..., "/usr/lib/gcc/aarch64-linux-gnu/1"..., "/usr/lib/gcc/aarch64-linux-gnu/1"..., "-L/usr/lib/gcc/aarch64-linux-gnu"..., "-L/usr/lib/gcc/aarch64-linux-gnu"..., ...], 0xffffe6714ba0 /* 118 vars */ <unfinished ...>
6047  <... clone resumed>)              = 6048
6048  <... execve resumed>)             = 0
6047  wait4(6048,  <unfinished ...>
6048  exit_group(0)                     = ?
6048  +++ exited with 0 +++
6047  <... wait4 resumed>[{WIFEXITED(s) && WEXITSTATUS(s) == 0}], 0, NULL) = 6048
6047  --- SIGCHLD {si_signo=SIGCHLD, si_code=CLD_EXITED, si_pid=6048, si_uid=1001, si_status=0, si_utime=0, si_stime=1 /* 0.01 s */} ---
6047  exit_group(0)                     = ?
6047  +++ exited with 0 +++
6045  <... wait4 resumed>[{WIFEXITED(s) && WEXITSTATUS(s) == 0}], 0, NULL) = 6047
6045  --- SIGCHLD {si_signo=SIGCHLD, si_code=CLD_EXITED, si_pid=6047, si_uid=1001, si_status=0, si_utime=0, si_stime=0} ---
6045  exit_group(0)                     = ?
6045  +++ exited with 0 +++
6041  <... wait4 resumed>[{WIFEXITED(s) && WEXITSTATUS(s) == 0}], 0, NULL) = 6045
6041  --- SIGCHLD {si_signo=SIGCHLD, si_code=CLD_EXITED, si_pid=6045, si_uid=1001, si_status=0, si_utime=0, si_stime=0} ---
6041  exit_group(0)                     = ?
6041  +++ exited with 0 +++
