6032  execve("/home/runner/work/_temp/release/type-rb-native-bootstrap-linux-arm64", ["/home/runner/work/_temp/release/"..., "build", "compiler/gate4/src/compiler.trb", "--output", "/home/runner/work/_temp/transiti"..., "--qbe", "/home/runner/work/_temp/qbe-1.3/"..., "--cc", "/usr/bin/cc", "--target", "linux-arm64-v0"], 0xffffdd442e48 /* 111 vars */) = 0
6032  clone(child_stack=NULL, flags=CLONE_CHILD_CLEARTID|CLONE_CHILD_SETTID|SIGCHLD, child_tidptr=0xff8cf6f01f90) = 6033
6032  wait4(6033,  <unfinished ...>
6033  execve("/home/runner/work/_temp/qbe-1.3/qbe", ["/home/runner/work/_temp/qbe-1.3/"..., "-t", "arm64", "-o", "/home/runner/work/_temp/transiti"..., "/home/runner/work/_temp/transiti"...], 0xffffe2471408 /* 111 vars */) = 0
6033  exit_group(0)                     = ?
6033  +++ exited with 0 +++
6032  <... wait4 resumed>[{WIFEXITED(s) && WEXITSTATUS(s) == 0}], 0, NULL) = 6033
6032  --- SIGCHLD {si_signo=SIGCHLD, si_code=CLD_EXITED, si_pid=6033, si_uid=1001, si_status=0, si_utime=25 /* 0.25 s */, si_stime=0} ---
6032  clone(child_stack=NULL, flags=CLONE_CHILD_CLEARTID|CLONE_CHILD_SETTID|SIGCHLD, child_tidptr=0xff8cf6f01f90) = 6034
6032  wait4(6034,  <unfinished ...>
6034  execve("/usr/bin/cc", ["/usr/bin/cc", "-xassembler", "/home/runner/work/_temp/transiti"..., "-Wl,--gc-sections,--strip-all", "-o", "/home/runner/work/_temp/transiti"...], 0xffffe2471408 /* 111 vars */) = 0
6034  clone(child_stack=0xfffffe763470, flags=CLONE_VM|CLONE_VFORK|SIGCHLD <unfinished ...>
6035  execve("/home/runner/go/bin/as", ["as", "-EL", "-mabi=lp64", "-o", "/tmp/ccAX4R33.o", "/home/runner/work/_temp/transiti"...], 0x71f1c10 /* 116 vars */) = -1 ENOENT (No such file or directory)
6035  execve("/opt/hostedtoolcache/go/1.27.1/arm64/bin/as", ["as", "-EL", "-mabi=lp64", "-o", "/tmp/ccAX4R33.o", "/home/runner/work/_temp/transiti"...], 0x71f1c10 /* 116 vars */) = -1 ENOENT (No such file or directory)
6035  execve("/snap/bin/as", ["as", "-EL", "-mabi=lp64", "-o", "/tmp/ccAX4R33.o", "/home/runner/work/_temp/transiti"...], 0x71f1c10 /* 116 vars */) = -1 ENOENT (No such file or directory)
6035  execve("/home/runner/.local/bin/as", ["as", "-EL", "-mabi=lp64", "-o", "/tmp/ccAX4R33.o", "/home/runner/work/_temp/transiti"...], 0x71f1c10 /* 116 vars */) = -1 ENOENT (No such file or directory)
6035  execve("/opt/pipx_bin/as", ["as", "-EL", "-mabi=lp64", "-o", "/tmp/ccAX4R33.o", "/home/runner/work/_temp/transiti"...], 0x71f1c10 /* 116 vars */) = -1 ENOENT (No such file or directory)
6035  execve("/home/runner/.cargo/bin/as", ["as", "-EL", "-mabi=lp64", "-o", "/tmp/ccAX4R33.o", "/home/runner/work/_temp/transiti"...], 0x71f1c10 /* 116 vars */) = -1 ENOENT (No such file or directory)
6035  execve("/home/runner/.config/composer/vendor/bin/as", ["as", "-EL", "-mabi=lp64", "-o", "/tmp/ccAX4R33.o", "/home/runner/work/_temp/transiti"...], 0x71f1c10 /* 116 vars */) = -1 ENOENT (No such file or directory)
6035  execve("/home/runner/.dotnet/tools/as", ["as", "-EL", "-mabi=lp64", "-o", "/tmp/ccAX4R33.o", "/home/runner/work/_temp/transiti"...], 0x71f1c10 /* 116 vars */) = -1 ENOENT (No such file or directory)
6035  execve("/usr/local/sbin/as", ["as", "-EL", "-mabi=lp64", "-o", "/tmp/ccAX4R33.o", "/home/runner/work/_temp/transiti"...], 0x71f1c10 /* 116 vars */) = -1 ENOENT (No such file or directory)
6035  execve("/usr/local/bin/as", ["as", "-EL", "-mabi=lp64", "-o", "/tmp/ccAX4R33.o", "/home/runner/work/_temp/transiti"...], 0x71f1c10 /* 116 vars */) = -1 ENOENT (No such file or directory)
6035  execve("/usr/sbin/as", ["as", "-EL", "-mabi=lp64", "-o", "/tmp/ccAX4R33.o", "/home/runner/work/_temp/transiti"...], 0x71f1c10 /* 116 vars */) = -1 ENOENT (No such file or directory)
6035  execve("/usr/bin/as", ["as", "-EL", "-mabi=lp64", "-o", "/tmp/ccAX4R33.o", "/home/runner/work/_temp/transiti"...], 0x71f1c10 /* 116 vars */ <unfinished ...>
6034  <... clone resumed>)              = 6035
6035  <... execve resumed>)             = 0
6034  wait4(6035,  <unfinished ...>
6035  exit_group(0)                     = ?
6035  +++ exited with 0 +++
6034  <... wait4 resumed>[{WIFEXITED(s) && WEXITSTATUS(s) == 0}], 0, NULL) = 6035
6034  --- SIGCHLD {si_signo=SIGCHLD, si_code=CLD_EXITED, si_pid=6035, si_uid=1001, si_status=0, si_utime=10 /* 0.10 s */, si_stime=0} ---
6034  clone(child_stack=0xfffffe7625b0, flags=CLONE_VM|CLONE_VFORK|SIGCHLD <unfinished ...>
6036  execve("/usr/libexec/gcc/aarch64-linux-gnu/13/collect2", ["/usr/libexec/gcc/aarch64-linux-g"..., "-plugin", "/usr/libexec/gcc/aarch64-linux-g"..., "-plugin-opt=/usr/libexec/gcc/aar"..., "-plugin-opt=-fresolution=/tmp/cc"..., "-plugin-opt=-pass-through=-lgcc", "-plugin-opt=-pass-through=-lgcc_"..., "-plugin-opt=-pass-through=-lc", "-plugin-opt=-pass-through=-lgcc", "-plugin-opt=-pass-through=-lgcc_"..., "--build-id", "--eh-frame-hdr", "--hash-style=gnu", "--as-needed", "-dynamic-linker", "/lib/ld-linux-aarch64.so.1", "-X", "-EL", "-maarch64linux", "--fix-cortex-a53-843419", "-pie", "-z", "now", "-z", "relro", "-o", "/home/runner/work/_temp/transiti"..., "/usr/lib/gcc/aarch64-linux-gnu/1"..., "/usr/lib/gcc/aarch64-linux-gnu/1"..., "/usr/lib/gcc/aarch64-linux-gnu/1"..., "-L/usr/lib/gcc/aarch64-linux-gnu"..., "-L/usr/lib/gcc/aarch64-linux-gnu"..., ...], 0x71f23b0 /* 118 vars */ <unfinished ...>
6034  <... clone resumed>)              = 6036
6036  <... execve resumed>)             = 0
6034  wait4(6036,  <unfinished ...>
6036  clone(child_stack=0xffffe45a6ff0, flags=CLONE_VM|CLONE_VFORK|SIGCHLD <unfinished ...>
6037  execve("/usr/bin/ld", ["/usr/bin/ld", "-plugin", "/usr/libexec/gcc/aarch64-linux-g"..., "-plugin-opt=/usr/libexec/gcc/aar"..., "-plugin-opt=-fresolution=/tmp/cc"..., "-plugin-opt=-pass-through=-lgcc", "-plugin-opt=-pass-through=-lgcc_"..., "-plugin-opt=-pass-through=-lc", "-plugin-opt=-pass-through=-lgcc", "-plugin-opt=-pass-through=-lgcc_"..., "--build-id", "--eh-frame-hdr", "--hash-style=gnu", "--as-needed", "-dynamic-linker", "/lib/ld-linux-aarch64.so.1", "-X", "-EL", "-maarch64linux", "--fix-cortex-a53-843419", "-pie", "-z", "now", "-z", "relro", "-o", "/home/runner/work/_temp/transiti"..., "/usr/lib/gcc/aarch64-linux-gnu/1"..., "/usr/lib/gcc/aarch64-linux-gnu/1"..., "/usr/lib/gcc/aarch64-linux-gnu/1"..., "-L/usr/lib/gcc/aarch64-linux-gnu"..., "-L/usr/lib/gcc/aarch64-linux-gnu"..., ...], 0xffffe45a76a0 /* 118 vars */ <unfinished ...>
6036  <... clone resumed>)              = 6037
6037  <... execve resumed>)             = 0
6036  wait4(6037,  <unfinished ...>
6037  exit_group(0)                     = ?
6037  +++ exited with 0 +++
6036  <... wait4 resumed>[{WIFEXITED(s) && WEXITSTATUS(s) == 0}], 0, NULL) = 6037
6036  --- SIGCHLD {si_signo=SIGCHLD, si_code=CLD_EXITED, si_pid=6037, si_uid=1001, si_status=0, si_utime=1 /* 0.01 s */, si_stime=1 /* 0.01 s */} ---
6036  exit_group(0)                     = ?
6036  +++ exited with 0 +++
6034  <... wait4 resumed>[{WIFEXITED(s) && WEXITSTATUS(s) == 0}], 0, NULL) = 6036
6034  --- SIGCHLD {si_signo=SIGCHLD, si_code=CLD_EXITED, si_pid=6036, si_uid=1001, si_status=0, si_utime=0, si_stime=0} ---
6034  exit_group(0)                     = ?
6034  +++ exited with 0 +++
6032  <... wait4 resumed>[{WIFEXITED(s) && WEXITSTATUS(s) == 0}], 0, NULL) = 6034
6032  --- SIGCHLD {si_signo=SIGCHLD, si_code=CLD_EXITED, si_pid=6034, si_uid=1001, si_status=0, si_utime=0, si_stime=0} ---
6032  exit_group(0)                     = ?
6032  +++ exited with 0 +++
