6210  execve("/home/runner/work/_temp/transition/first/compiler", ["/home/runner/work/_temp/transiti"..., "build", "compiler/gate4/src/compiler.trb", "--output", "/home/runner/work/_temp/transiti"..., "--qbe", "/home/runner/work/_temp/qbe-1.3/"..., "--cc", "/usr/bin/cc", "--target", "linux-arm64-v0"], 0xffffc3151738 /* 111 vars */) = 0
6210  clone(child_stack=NULL, flags=CLONE_CHILD_CLEARTID|CLONE_CHILD_SETTID|SIGCHLD, child_tidptr=0xff47409dcf90) = 6211
6210  wait4(6211,  <unfinished ...>
6211  execve("/home/runner/work/_temp/qbe-1.3/qbe", ["/home/runner/work/_temp/qbe-1.3/"..., "-t", "arm64", "-o", "/home/runner/work/_temp/transiti"..., "/home/runner/work/_temp/transiti"...], 0xffffc0437568 /* 111 vars */) = 0
6211  exit_group(0)                     = ?
6211  +++ exited with 0 +++
6210  <... wait4 resumed>[{WIFEXITED(s) && WEXITSTATUS(s) == 0}], 0, NULL) = 6211
6210  --- SIGCHLD {si_signo=SIGCHLD, si_code=CLD_EXITED, si_pid=6211, si_uid=1001, si_status=0, si_utime=26 /* 0.26 s */, si_stime=1 /* 0.01 s */} ---
6210  clone(child_stack=NULL, flags=CLONE_CHILD_CLEARTID|CLONE_CHILD_SETTID|SIGCHLD, child_tidptr=0xff47409dcf90) = 6213
6210  wait4(6213,  <unfinished ...>
6213  execve("/usr/bin/cc", ["/usr/bin/cc", "-xassembler", "/home/runner/work/_temp/transiti"..., "-Wl,--gc-sections,--strip-all", "-o", "/home/runner/work/_temp/transiti"...], 0xffffc0437568 /* 111 vars */) = 0
6213  clone(child_stack=0xffffcea5be10, flags=CLONE_VM|CLONE_VFORK|SIGCHLD <unfinished ...>
6214  execve("/home/runner/go/bin/as", ["as", "-EL", "-mabi=lp64", "-o", "/tmp/ccJMxDG9.o", "/home/runner/work/_temp/transiti"...], 0x25fb9c20 /* 116 vars */) = -1 ENOENT (No such file or directory)
6214  execve("/opt/hostedtoolcache/go/1.27.1/arm64/bin/as", ["as", "-EL", "-mabi=lp64", "-o", "/tmp/ccJMxDG9.o", "/home/runner/work/_temp/transiti"...], 0x25fb9c20 /* 116 vars */) = -1 ENOENT (No such file or directory)
6214  execve("/snap/bin/as", ["as", "-EL", "-mabi=lp64", "-o", "/tmp/ccJMxDG9.o", "/home/runner/work/_temp/transiti"...], 0x25fb9c20 /* 116 vars */) = -1 ENOENT (No such file or directory)
6214  execve("/home/runner/.local/bin/as", ["as", "-EL", "-mabi=lp64", "-o", "/tmp/ccJMxDG9.o", "/home/runner/work/_temp/transiti"...], 0x25fb9c20 /* 116 vars */) = -1 ENOENT (No such file or directory)
6214  execve("/opt/pipx_bin/as", ["as", "-EL", "-mabi=lp64", "-o", "/tmp/ccJMxDG9.o", "/home/runner/work/_temp/transiti"...], 0x25fb9c20 /* 116 vars */) = -1 ENOENT (No such file or directory)
6214  execve("/home/runner/.cargo/bin/as", ["as", "-EL", "-mabi=lp64", "-o", "/tmp/ccJMxDG9.o", "/home/runner/work/_temp/transiti"...], 0x25fb9c20 /* 116 vars */) = -1 ENOENT (No such file or directory)
6214  execve("/home/runner/.config/composer/vendor/bin/as", ["as", "-EL", "-mabi=lp64", "-o", "/tmp/ccJMxDG9.o", "/home/runner/work/_temp/transiti"...], 0x25fb9c20 /* 116 vars */) = -1 ENOENT (No such file or directory)
6214  execve("/home/runner/.dotnet/tools/as", ["as", "-EL", "-mabi=lp64", "-o", "/tmp/ccJMxDG9.o", "/home/runner/work/_temp/transiti"...], 0x25fb9c20 /* 116 vars */) = -1 ENOENT (No such file or directory)
6214  execve("/usr/local/sbin/as", ["as", "-EL", "-mabi=lp64", "-o", "/tmp/ccJMxDG9.o", "/home/runner/work/_temp/transiti"...], 0x25fb9c20 /* 116 vars */) = -1 ENOENT (No such file or directory)
6214  execve("/usr/local/bin/as", ["as", "-EL", "-mabi=lp64", "-o", "/tmp/ccJMxDG9.o", "/home/runner/work/_temp/transiti"...], 0x25fb9c20 /* 116 vars */) = -1 ENOENT (No such file or directory)
6214  execve("/usr/sbin/as", ["as", "-EL", "-mabi=lp64", "-o", "/tmp/ccJMxDG9.o", "/home/runner/work/_temp/transiti"...], 0x25fb9c20 /* 116 vars */) = -1 ENOENT (No such file or directory)
6214  execve("/usr/bin/as", ["as", "-EL", "-mabi=lp64", "-o", "/tmp/ccJMxDG9.o", "/home/runner/work/_temp/transiti"...], 0x25fb9c20 /* 116 vars */ <unfinished ...>
6213  <... clone resumed>)              = 6214
6214  <... execve resumed>)             = 0
6213  wait4(6214,  <unfinished ...>
6214  exit_group(0)                     = ?
6214  +++ exited with 0 +++
6213  <... wait4 resumed>[{WIFEXITED(s) && WEXITSTATUS(s) == 0}], 0, NULL) = 6214
6213  --- SIGCHLD {si_signo=SIGCHLD, si_code=CLD_EXITED, si_pid=6214, si_uid=1001, si_status=0, si_utime=11 /* 0.11 s */, si_stime=0} ---
6213  clone(child_stack=0xffffcea5af50, flags=CLONE_VM|CLONE_VFORK|SIGCHLD <unfinished ...>
6215  execve("/usr/libexec/gcc/aarch64-linux-gnu/13/collect2", ["/usr/libexec/gcc/aarch64-linux-g"..., "-plugin", "/usr/libexec/gcc/aarch64-linux-g"..., "-plugin-opt=/usr/libexec/gcc/aar"..., "-plugin-opt=-fresolution=/tmp/cc"..., "-plugin-opt=-pass-through=-lgcc", "-plugin-opt=-pass-through=-lgcc_"..., "-plugin-opt=-pass-through=-lc", "-plugin-opt=-pass-through=-lgcc", "-plugin-opt=-pass-through=-lgcc_"..., "--build-id", "--eh-frame-hdr", "--hash-style=gnu", "--as-needed", "-dynamic-linker", "/lib/ld-linux-aarch64.so.1", "-X", "-EL", "-maarch64linux", "--fix-cortex-a53-843419", "-pie", "-z", "now", "-z", "relro", "-o", "/home/runner/work/_temp/transiti"..., "/usr/lib/gcc/aarch64-linux-gnu/1"..., "/usr/lib/gcc/aarch64-linux-gnu/1"..., "/usr/lib/gcc/aarch64-linux-gnu/1"..., "-L/usr/lib/gcc/aarch64-linux-gnu"..., "-L/usr/lib/gcc/aarch64-linux-gnu"..., ...], 0x25fba3c0 /* 118 vars */ <unfinished ...>
6213  <... clone resumed>)              = 6215
6215  <... execve resumed>)             = 0
6213  wait4(6215,  <unfinished ...>
6215  clone(child_stack=0xffffe43be720, flags=CLONE_VM|CLONE_VFORK|SIGCHLD <unfinished ...>
6216  execve("/usr/bin/ld", ["/usr/bin/ld", "-plugin", "/usr/libexec/gcc/aarch64-linux-g"..., "-plugin-opt=/usr/libexec/gcc/aar"..., "-plugin-opt=-fresolution=/tmp/cc"..., "-plugin-opt=-pass-through=-lgcc", "-plugin-opt=-pass-through=-lgcc_"..., "-plugin-opt=-pass-through=-lc", "-plugin-opt=-pass-through=-lgcc", "-plugin-opt=-pass-through=-lgcc_"..., "--build-id", "--eh-frame-hdr", "--hash-style=gnu", "--as-needed", "-dynamic-linker", "/lib/ld-linux-aarch64.so.1", "-X", "-EL", "-maarch64linux", "--fix-cortex-a53-843419", "-pie", "-z", "now", "-z", "relro", "-o", "/home/runner/work/_temp/transiti"..., "/usr/lib/gcc/aarch64-linux-gnu/1"..., "/usr/lib/gcc/aarch64-linux-gnu/1"..., "/usr/lib/gcc/aarch64-linux-gnu/1"..., "-L/usr/lib/gcc/aarch64-linux-gnu"..., "-L/usr/lib/gcc/aarch64-linux-gnu"..., ...], 0xffffe43bedd0 /* 118 vars */ <unfinished ...>
6215  <... clone resumed>)              = 6216
6216  <... execve resumed>)             = 0
6215  wait4(6216,  <unfinished ...>
6216  exit_group(0)                     = ?
6216  +++ exited with 0 +++
6215  <... wait4 resumed>[{WIFEXITED(s) && WEXITSTATUS(s) == 0}], 0, NULL) = 6216
6215  --- SIGCHLD {si_signo=SIGCHLD, si_code=CLD_EXITED, si_pid=6216, si_uid=1001, si_status=0, si_utime=1 /* 0.01 s */, si_stime=1 /* 0.01 s */} ---
6215  exit_group(0)                     = ?
6215  +++ exited with 0 +++
6213  <... wait4 resumed>[{WIFEXITED(s) && WEXITSTATUS(s) == 0}], 0, NULL) = 6215
6213  --- SIGCHLD {si_signo=SIGCHLD, si_code=CLD_EXITED, si_pid=6215, si_uid=1001, si_status=0, si_utime=0, si_stime=0} ---
6213  exit_group(0)                     = ?
6213  +++ exited with 0 +++
6210  <... wait4 resumed>[{WIFEXITED(s) && WEXITSTATUS(s) == 0}], 0, NULL) = 6213
6210  --- SIGCHLD {si_signo=SIGCHLD, si_code=CLD_EXITED, si_pid=6213, si_uid=1001, si_status=0, si_utime=0, si_stime=0} ---
6210  exit_group(0)                     = ?
6210  +++ exited with 0 +++
