6201  execve("/home/runner/work/_temp/release/type-rb-native-bootstrap-linux-arm64", ["/home/runner/work/_temp/release/"..., "build", "compiler/gate4/src/compiler.trb", "--output", "/home/runner/work/_temp/transiti"..., "--qbe", "/home/runner/work/_temp/qbe-1.3/"..., "--cc", "/usr/bin/cc", "--target", "linux-arm64-v0"], 0xfffff6c50998 /* 111 vars */) = 0
6201  clone(child_stack=NULL, flags=CLONE_CHILD_CLEARTID|CLONE_CHILD_SETTID|SIGCHLD, child_tidptr=0xff9251765f90) = 6202
6201  wait4(6202,  <unfinished ...>
6202  execve("/home/runner/work/_temp/qbe-1.3/qbe", ["/home/runner/work/_temp/qbe-1.3/"..., "-t", "arm64", "-o", "/home/runner/work/_temp/transiti"..., "/home/runner/work/_temp/transiti"...], 0xffffdf6d7968 /* 111 vars */) = 0
6202  exit_group(0)                     = ?
6202  +++ exited with 0 +++
6201  <... wait4 resumed>[{WIFEXITED(s) && WEXITSTATUS(s) == 0}], 0, NULL) = 6202
6201  --- SIGCHLD {si_signo=SIGCHLD, si_code=CLD_EXITED, si_pid=6202, si_uid=1001, si_status=0, si_utime=25 /* 0.25 s */, si_stime=1 /* 0.01 s */} ---
6201  clone(child_stack=NULL, flags=CLONE_CHILD_CLEARTID|CLONE_CHILD_SETTID|SIGCHLD, child_tidptr=0xff9251765f90) = 6203
6201  wait4(6203,  <unfinished ...>
6203  execve("/usr/bin/cc", ["/usr/bin/cc", "-xassembler", "/home/runner/work/_temp/transiti"..., "-Wl,--gc-sections,--strip-all", "-o", "/home/runner/work/_temp/transiti"...], 0xffffdf6d7968 /* 111 vars */) = 0
6203  clone(child_stack=0xffffc9a38e70, flags=CLONE_VM|CLONE_VFORK|SIGCHLD <unfinished ...>
6204  execve("/home/runner/go/bin/as", ["as", "-EL", "-mabi=lp64", "-o", "/tmp/ccZiGydG.o", "/home/runner/work/_temp/transiti"...], 0x124f8c10 /* 116 vars */) = -1 ENOENT (No such file or directory)
6204  execve("/opt/hostedtoolcache/go/1.27.1/arm64/bin/as", ["as", "-EL", "-mabi=lp64", "-o", "/tmp/ccZiGydG.o", "/home/runner/work/_temp/transiti"...], 0x124f8c10 /* 116 vars */) = -1 ENOENT (No such file or directory)
6204  execve("/snap/bin/as", ["as", "-EL", "-mabi=lp64", "-o", "/tmp/ccZiGydG.o", "/home/runner/work/_temp/transiti"...], 0x124f8c10 /* 116 vars */) = -1 ENOENT (No such file or directory)
6204  execve("/home/runner/.local/bin/as", ["as", "-EL", "-mabi=lp64", "-o", "/tmp/ccZiGydG.o", "/home/runner/work/_temp/transiti"...], 0x124f8c10 /* 116 vars */) = -1 ENOENT (No such file or directory)
6204  execve("/opt/pipx_bin/as", ["as", "-EL", "-mabi=lp64", "-o", "/tmp/ccZiGydG.o", "/home/runner/work/_temp/transiti"...], 0x124f8c10 /* 116 vars */) = -1 ENOENT (No such file or directory)
6204  execve("/home/runner/.cargo/bin/as", ["as", "-EL", "-mabi=lp64", "-o", "/tmp/ccZiGydG.o", "/home/runner/work/_temp/transiti"...], 0x124f8c10 /* 116 vars */) = -1 ENOENT (No such file or directory)
6204  execve("/home/runner/.config/composer/vendor/bin/as", ["as", "-EL", "-mabi=lp64", "-o", "/tmp/ccZiGydG.o", "/home/runner/work/_temp/transiti"...], 0x124f8c10 /* 116 vars */) = -1 ENOENT (No such file or directory)
6204  execve("/home/runner/.dotnet/tools/as", ["as", "-EL", "-mabi=lp64", "-o", "/tmp/ccZiGydG.o", "/home/runner/work/_temp/transiti"...], 0x124f8c10 /* 116 vars */) = -1 ENOENT (No such file or directory)
6204  execve("/usr/local/sbin/as", ["as", "-EL", "-mabi=lp64", "-o", "/tmp/ccZiGydG.o", "/home/runner/work/_temp/transiti"...], 0x124f8c10 /* 116 vars */) = -1 ENOENT (No such file or directory)
6204  execve("/usr/local/bin/as", ["as", "-EL", "-mabi=lp64", "-o", "/tmp/ccZiGydG.o", "/home/runner/work/_temp/transiti"...], 0x124f8c10 /* 116 vars */) = -1 ENOENT (No such file or directory)
6204  execve("/usr/sbin/as", ["as", "-EL", "-mabi=lp64", "-o", "/tmp/ccZiGydG.o", "/home/runner/work/_temp/transiti"...], 0x124f8c10 /* 116 vars */) = -1 ENOENT (No such file or directory)
6204  execve("/usr/bin/as", ["as", "-EL", "-mabi=lp64", "-o", "/tmp/ccZiGydG.o", "/home/runner/work/_temp/transiti"...], 0x124f8c10 /* 116 vars */ <unfinished ...>
6203  <... clone resumed>)              = 6204
6204  <... execve resumed>)             = 0
6203  wait4(6204,  <unfinished ...>
6204  exit_group(0)                     = ?
6204  +++ exited with 0 +++
6203  <... wait4 resumed>[{WIFEXITED(s) && WEXITSTATUS(s) == 0}], 0, NULL) = 6204
6203  --- SIGCHLD {si_signo=SIGCHLD, si_code=CLD_EXITED, si_pid=6204, si_uid=1001, si_status=0, si_utime=10 /* 0.10 s */, si_stime=1 /* 0.01 s */} ---
6203  clone(child_stack=0xffffc9a37fb0, flags=CLONE_VM|CLONE_VFORK|SIGCHLD <unfinished ...>
6205  execve("/usr/libexec/gcc/aarch64-linux-gnu/13/collect2", ["/usr/libexec/gcc/aarch64-linux-g"..., "-plugin", "/usr/libexec/gcc/aarch64-linux-g"..., "-plugin-opt=/usr/libexec/gcc/aar"..., "-plugin-opt=-fresolution=/tmp/cc"..., "-plugin-opt=-pass-through=-lgcc", "-plugin-opt=-pass-through=-lgcc_"..., "-plugin-opt=-pass-through=-lc", "-plugin-opt=-pass-through=-lgcc", "-plugin-opt=-pass-through=-lgcc_"..., "--build-id", "--eh-frame-hdr", "--hash-style=gnu", "--as-needed", "-dynamic-linker", "/lib/ld-linux-aarch64.so.1", "-X", "-EL", "-maarch64linux", "--fix-cortex-a53-843419", "-pie", "-z", "now", "-z", "relro", "-o", "/home/runner/work/_temp/transiti"..., "/usr/lib/gcc/aarch64-linux-gnu/1"..., "/usr/lib/gcc/aarch64-linux-gnu/1"..., "/usr/lib/gcc/aarch64-linux-gnu/1"..., "-L/usr/lib/gcc/aarch64-linux-gnu"..., "-L/usr/lib/gcc/aarch64-linux-gnu"..., ...], 0x124f93b0 /* 118 vars */ <unfinished ...>
6203  <... clone resumed>)              = 6205
6205  <... execve resumed>)             = 0
6203  wait4(6205,  <unfinished ...>
6205  clone(child_stack=0xfffffc574410, flags=CLONE_VM|CLONE_VFORK|SIGCHLD <unfinished ...>
6206  execve("/usr/bin/ld", ["/usr/bin/ld", "-plugin", "/usr/libexec/gcc/aarch64-linux-g"..., "-plugin-opt=/usr/libexec/gcc/aar"..., "-plugin-opt=-fresolution=/tmp/cc"..., "-plugin-opt=-pass-through=-lgcc", "-plugin-opt=-pass-through=-lgcc_"..., "-plugin-opt=-pass-through=-lc", "-plugin-opt=-pass-through=-lgcc", "-plugin-opt=-pass-through=-lgcc_"..., "--build-id", "--eh-frame-hdr", "--hash-style=gnu", "--as-needed", "-dynamic-linker", "/lib/ld-linux-aarch64.so.1", "-X", "-EL", "-maarch64linux", "--fix-cortex-a53-843419", "-pie", "-z", "now", "-z", "relro", "-o", "/home/runner/work/_temp/transiti"..., "/usr/lib/gcc/aarch64-linux-gnu/1"..., "/usr/lib/gcc/aarch64-linux-gnu/1"..., "/usr/lib/gcc/aarch64-linux-gnu/1"..., "-L/usr/lib/gcc/aarch64-linux-gnu"..., "-L/usr/lib/gcc/aarch64-linux-gnu"..., ...], 0xfffffc574ac0 /* 118 vars */ <unfinished ...>
6205  <... clone resumed>)              = 6206
6206  <... execve resumed>)             = 0
6205  wait4(6206,  <unfinished ...>
6206  exit_group(0)                     = ?
6206  +++ exited with 0 +++
6205  <... wait4 resumed>[{WIFEXITED(s) && WEXITSTATUS(s) == 0}], 0, NULL) = 6206
6205  --- SIGCHLD {si_signo=SIGCHLD, si_code=CLD_EXITED, si_pid=6206, si_uid=1001, si_status=0, si_utime=1 /* 0.01 s */, si_stime=1 /* 0.01 s */} ---
6205  exit_group(0)                     = ?
6205  +++ exited with 0 +++
6203  <... wait4 resumed>[{WIFEXITED(s) && WEXITSTATUS(s) == 0}], 0, NULL) = 6205
6203  --- SIGCHLD {si_signo=SIGCHLD, si_code=CLD_EXITED, si_pid=6205, si_uid=1001, si_status=0, si_utime=0, si_stime=0} ---
6203  exit_group(0)                     = ?
6203  +++ exited with 0 +++
6201  <... wait4 resumed>[{WIFEXITED(s) && WEXITSTATUS(s) == 0}], 0, NULL) = 6203
6201  --- SIGCHLD {si_signo=SIGCHLD, si_code=CLD_EXITED, si_pid=6203, si_uid=1001, si_status=0, si_utime=0, si_stime=0} ---
6201  exit_group(0)                     = ?
6201  +++ exited with 0 +++
