8538  execve("/home/runner/work/_temp/bootstrap-workspace/b4/compiler", ["/home/runner/work/_temp/bootstra"..., "build", "/home/runner/work/type-rb-native"..., "--output", "/home/runner/work/_temp/bootstra"..., "--qbe", "/home/runner/work/_temp/qbe-1.3/"..., "--cc", "/usr/bin/cc", "--target", "linux-arm64-v0"], 0xffffeccf5e38 /* 111 vars */) = 0
8538  clone(child_stack=NULL, flags=CLONE_CHILD_CLEARTID|CLONE_CHILD_SETTID|SIGCHLD, child_tidptr=0xff8c76ffdf90) = 8539
8538  wait4(8539,  <unfinished ...>
8539  execve("/home/runner/work/_temp/qbe-1.3/qbe", ["/home/runner/work/_temp/qbe-1.3/"..., "-t", "arm64", "-o", "/home/runner/work/_temp/bootstra"..., "/home/runner/work/_temp/bootstra"...], 0xffffd8ad0f68 /* 111 vars */) = 0
8539  exit_group(0)                     = ?
8539  +++ exited with 0 +++
8538  <... wait4 resumed>[{WIFEXITED(s) && WEXITSTATUS(s) == 0}], 0, NULL) = 8539
8538  --- SIGCHLD {si_signo=SIGCHLD, si_code=CLD_EXITED, si_pid=8539, si_uid=1001, si_status=0, si_utime=0, si_stime=0} ---
8538  clone(child_stack=NULL, flags=CLONE_CHILD_CLEARTID|CLONE_CHILD_SETTID|SIGCHLD, child_tidptr=0xff8c76ffdf90) = 8540
8538  wait4(8540,  <unfinished ...>
8540  execve("/usr/bin/cc", ["/usr/bin/cc", "-xassembler", "/home/runner/work/_temp/bootstra"..., "-fuse-ld=lld", "-Wl,--gc-sections,--strip-all", "-lm", "-o", "/home/runner/work/_temp/bootstra"...], 0xffffd8ad0f68 /* 111 vars */) = 0
8540  clone(child_stack=0xffffc8476aa0, flags=CLONE_VM|CLONE_VFORK|SIGCHLD <unfinished ...>
8541  execve("/home/runner/go/bin/as", ["as", "-EL", "-mabi=lp64", "-o", "/tmp/ccUXUtMH.o", "/home/runner/work/_temp/bootstra"...], 0xe4fad50 /* 116 vars */) = -1 ENOENT (No such file or directory)
8541  execve("/opt/hostedtoolcache/go/1.27.0/arm64/bin/as", ["as", "-EL", "-mabi=lp64", "-o", "/tmp/ccUXUtMH.o", "/home/runner/work/_temp/bootstra"...], 0xe4fad50 /* 116 vars */) = -1 ENOENT (No such file or directory)
8541  execve("/snap/bin/as", ["as", "-EL", "-mabi=lp64", "-o", "/tmp/ccUXUtMH.o", "/home/runner/work/_temp/bootstra"...], 0xe4fad50 /* 116 vars */) = -1 ENOENT (No such file or directory)
8541  execve("/home/runner/.local/bin/as", ["as", "-EL", "-mabi=lp64", "-o", "/tmp/ccUXUtMH.o", "/home/runner/work/_temp/bootstra"...], 0xe4fad50 /* 116 vars */) = -1 ENOENT (No such file or directory)
8541  execve("/opt/pipx_bin/as", ["as", "-EL", "-mabi=lp64", "-o", "/tmp/ccUXUtMH.o", "/home/runner/work/_temp/bootstra"...], 0xe4fad50 /* 116 vars */) = -1 ENOENT (No such file or directory)
8541  execve("/home/runner/.cargo/bin/as", ["as", "-EL", "-mabi=lp64", "-o", "/tmp/ccUXUtMH.o", "/home/runner/work/_temp/bootstra"...], 0xe4fad50 /* 116 vars */) = -1 ENOENT (No such file or directory)
8541  execve("/home/runner/.config/composer/vendor/bin/as", ["as", "-EL", "-mabi=lp64", "-o", "/tmp/ccUXUtMH.o", "/home/runner/work/_temp/bootstra"...], 0xe4fad50 /* 116 vars */) = -1 ENOENT (No such file or directory)
8541  execve("/home/runner/.dotnet/tools/as", ["as", "-EL", "-mabi=lp64", "-o", "/tmp/ccUXUtMH.o", "/home/runner/work/_temp/bootstra"...], 0xe4fad50 /* 116 vars */) = -1 ENOENT (No such file or directory)
8541  execve("/usr/local/sbin/as", ["as", "-EL", "-mabi=lp64", "-o", "/tmp/ccUXUtMH.o", "/home/runner/work/_temp/bootstra"...], 0xe4fad50 /* 116 vars */) = -1 ENOENT (No such file or directory)
8541  execve("/usr/local/bin/as", ["as", "-EL", "-mabi=lp64", "-o", "/tmp/ccUXUtMH.o", "/home/runner/work/_temp/bootstra"...], 0xe4fad50 /* 116 vars */) = -1 ENOENT (No such file or directory)
8541  execve("/usr/sbin/as", ["as", "-EL", "-mabi=lp64", "-o", "/tmp/ccUXUtMH.o", "/home/runner/work/_temp/bootstra"...], 0xe4fad50 /* 116 vars */) = -1 ENOENT (No such file or directory)
8541  execve("/usr/bin/as", ["as", "-EL", "-mabi=lp64", "-o", "/tmp/ccUXUtMH.o", "/home/runner/work/_temp/bootstra"...], 0xe4fad50 /* 116 vars */ <unfinished ...>
8540  <... clone resumed>)              = 8541
8541  <... execve resumed>)             = 0
8540  wait4(8541,  <unfinished ...>
8541  exit_group(0)                     = ?
8541  +++ exited with 0 +++
8540  <... wait4 resumed>[{WIFEXITED(s) && WEXITSTATUS(s) == 0}], 0, NULL) = 8541
8540  --- SIGCHLD {si_signo=SIGCHLD, si_code=CLD_EXITED, si_pid=8541, si_uid=1001, si_status=0, si_utime=0, si_stime=0} ---
8540  clone(child_stack=0xffffc8475be0, flags=CLONE_VM|CLONE_VFORK|SIGCHLD <unfinished ...>
8542  execve("/usr/libexec/gcc/aarch64-linux-gnu/13/collect2", ["/usr/libexec/gcc/aarch64-linux-g"..., "-plugin", "/usr/libexec/gcc/aarch64-linux-g"..., "-plugin-opt=/usr/libexec/gcc/aar"..., "-plugin-opt=-fresolution=/tmp/cc"..., "-plugin-opt=-pass-through=-lgcc", "-plugin-opt=-pass-through=-lgcc_"..., "-plugin-opt=-pass-through=-lc", "-plugin-opt=-pass-through=-lgcc", "-plugin-opt=-pass-through=-lgcc_"..., "--build-id", "--eh-frame-hdr", "--hash-style=gnu", "--as-needed", "-dynamic-linker", "/lib/ld-linux-aarch64.so.1", "-X", "-EL", "-maarch64linux", "--fix-cortex-a53-843419", "-pie", "-z", "now", "-fuse-ld=lld", "-z", "relro", "-o", "/home/runner/work/_temp/bootstra"..., "/usr/lib/gcc/aarch64-linux-gnu/1"..., "/usr/lib/gcc/aarch64-linux-gnu/1"..., "/usr/lib/gcc/aarch64-linux-gnu/1"..., "-L/usr/lib/gcc/aarch64-linux-gnu"..., ...], 0xe4fb580 /* 118 vars */ <unfinished ...>
8540  <... clone resumed>)              = 8542
8542  <... execve resumed>)             = 0
8540  wait4(8542,  <unfinished ...>
8542  clone(child_stack=0xffffce0bf060, flags=CLONE_VM|CLONE_VFORK|SIGCHLD <unfinished ...>
8543  execve("/usr/bin/ld.lld", ["/usr/bin/ld.lld", "-plugin", "/usr/libexec/gcc/aarch64-linux-g"..., "-plugin-opt=/usr/libexec/gcc/aar"..., "-plugin-opt=-fresolution=/tmp/cc"..., "-plugin-opt=-pass-through=-lgcc", "-plugin-opt=-pass-through=-lgcc_"..., "-plugin-opt=-pass-through=-lc", "-plugin-opt=-pass-through=-lgcc", "-plugin-opt=-pass-through=-lgcc_"..., "--build-id", "--eh-frame-hdr", "--hash-style=gnu", "--as-needed", "-dynamic-linker", "/lib/ld-linux-aarch64.so.1", "-X", "-EL", "-maarch64linux", "--fix-cortex-a53-843419", "-pie", "-z", "now", "-z", "relro", "-o", "/home/runner/work/_temp/bootstra"..., "/usr/lib/gcc/aarch64-linux-gnu/1"..., "/usr/lib/gcc/aarch64-linux-gnu/1"..., "/usr/lib/gcc/aarch64-linux-gnu/1"..., "-L/usr/lib/gcc/aarch64-linux-gnu"..., "-L/usr/lib/gcc/aarch64-linux-gnu"..., ...], 0xffffce0bf720 /* 118 vars */ <unfinished ...>
8542  <... clone resumed>)              = 8543
8543  <... execve resumed>)             = 0
8542  wait4(8543,  <unfinished ...>
8543  clone3({flags=CLONE_VM|CLONE_FS|CLONE_FILES|CLONE_SIGHAND|CLONE_THREAD|CLONE_SYSVSEM|CLONE_SETTLS|CLONE_PARENT_SETTID|CLONE_CHILD_CLEARTID, child_tid=0xff2fe0dff050, parent_tid=0xff2fe0dff050, exit_signal=0, stack=0xff2fdcdf0000, stack_size=0x400e840, tls=0xff2fe0dff6c0} => {parent_tid=[8544]}, 88) = 8544
8544  clone3({flags=CLONE_VM|CLONE_FS|CLONE_FILES|CLONE_SIGHAND|CLONE_THREAD|CLONE_SYSVSEM|CLONE_SETTLS|CLONE_PARENT_SETTID|CLONE_CHILD_CLEARTID, child_tid=0xff2fd7fff050, parent_tid=0xff2fd7fff050, exit_signal=0, stack=0xff2fd3ff0000, stack_size=0x400e840, tls=0xff2fd7fff6c0} => {parent_tid=[8545]}, 88) = 8545
8544  clone3({flags=CLONE_VM|CLONE_FS|CLONE_FILES|CLONE_SIGHAND|CLONE_THREAD|CLONE_SYSVSEM|CLONE_SETTLS|CLONE_PARENT_SETTID|CLONE_CHILD_CLEARTID, child_tid=0xff2fd3fef050, parent_tid=0xff2fd3fef050, exit_signal=0, stack=0xff2fcffe0000, stack_size=0x400e840, tls=0xff2fd3fef6c0} => {parent_tid=[8546]}, 88) = 8546
8544  clone3({flags=CLONE_VM|CLONE_FS|CLONE_FILES|CLONE_SIGHAND|CLONE_THREAD|CLONE_SYSVSEM|CLONE_SETTLS|CLONE_PARENT_SETTID|CLONE_CHILD_CLEARTID, child_tid=0xff2fc7fff050, parent_tid=0xff2fc7fff050, exit_signal=0, stack=0xff2fc3ff0000, stack_size=0x400e840, tls=0xff2fc7fff6c0} => {parent_tid=[8547]}, 88) = 8547
8547  exit(0 <unfinished ...>
8546  exit(0 <unfinished ...>
8547  <... exit resumed>)               = ?
8545  exit(0 <unfinished ...>
8544  exit(0 <unfinished ...>
8546  <... exit resumed>)               = ?
8545  <... exit resumed>)               = ?
8544  <... exit resumed>)               = ?
8547  +++ exited with 0 +++
8546  +++ exited with 0 +++
8543  exit_group(0 <unfinished ...>
8545  +++ exited with 0 +++
8544  +++ exited with 0 +++
8543  <... exit_group resumed>)         = ?
8543  +++ exited with 0 +++
8542  <... wait4 resumed>[{WIFEXITED(s) && WEXITSTATUS(s) == 0}], 0, NULL) = 8543
8542  --- SIGCHLD {si_signo=SIGCHLD, si_code=CLD_EXITED, si_pid=8543, si_uid=1001, si_status=0, si_utime=0, si_stime=1 /* 0.01 s */} ---
8542  exit_group(0)                     = ?
8542  +++ exited with 0 +++
8540  <... wait4 resumed>[{WIFEXITED(s) && WEXITSTATUS(s) == 0}], 0, NULL) = 8542
8540  --- SIGCHLD {si_signo=SIGCHLD, si_code=CLD_EXITED, si_pid=8542, si_uid=1001, si_status=0, si_utime=0, si_stime=0} ---
8540  exit_group(0)                     = ?
8540  +++ exited with 0 +++
8538  <... wait4 resumed>[{WIFEXITED(s) && WEXITSTATUS(s) == 0}], 0, NULL) = 8540
8538  --- SIGCHLD {si_signo=SIGCHLD, si_code=CLD_EXITED, si_pid=8540, si_uid=1001, si_status=0, si_utime=0, si_stime=0} ---
8538  exit_group(0)                     = ?
8538  +++ exited with 0 +++
