8865  execve("/home/runner/work/_temp/bootstrap-workspace/b4/compiler", ["/home/runner/work/_temp/bootstra"..., "build", "/home/runner/work/type-rb-native"..., "--output", "/home/runner/work/_temp/bootstra"..., "--qbe", "/home/runner/work/_temp/qbe-1.3/"..., "--cc", "/usr/bin/cc", "--target", "linux-arm64-v0"], 0xffffc4b53478 /* 111 vars */) = 0
8865  clone(child_stack=NULL, flags=CLONE_CHILD_CLEARTID|CLONE_CHILD_SETTID|SIGCHLD, child_tidptr=0xff18a7266f90) = 8866
8865  wait4(8866,  <unfinished ...>
8866  execve("/home/runner/work/_temp/qbe-1.3/qbe", ["/home/runner/work/_temp/qbe-1.3/"..., "-t", "arm64", "-o", "/home/runner/work/_temp/bootstra"..., "/home/runner/work/_temp/bootstra"...], 0xffffdc3bf6b8 /* 111 vars */) = 0
8866  exit_group(0)                     = ?
8866  +++ exited with 0 +++
8865  <... wait4 resumed>[{WIFEXITED(s) && WEXITSTATUS(s) == 0}], 0, NULL) = 8866
8865  --- SIGCHLD {si_signo=SIGCHLD, si_code=CLD_EXITED, si_pid=8866, si_uid=1001, si_status=0, si_utime=0, si_stime=0} ---
8865  clone(child_stack=NULL, flags=CLONE_CHILD_CLEARTID|CLONE_CHILD_SETTID|SIGCHLD, child_tidptr=0xff18a7266f90) = 8867
8865  wait4(8867,  <unfinished ...>
8867  execve("/usr/bin/cc", ["/usr/bin/cc", "-xassembler", "/home/runner/work/_temp/bootstra"..., "-fuse-ld=lld", "-Wl,--gc-sections,--strip-all", "-lm", "-o", "/home/runner/work/_temp/bootstra"...], 0xffffdc3bf6b8 /* 111 vars */) = 0
8867  clone(child_stack=0xffffefab0240, flags=CLONE_VM|CLONE_VFORK|SIGCHLD <unfinished ...>
8868  execve("/home/runner/go/bin/as", ["as", "-EL", "-mabi=lp64", "-o", "/tmp/cc1JdjKu.o", "/home/runner/work/_temp/bootstra"...], 0x319c0d50 /* 116 vars */) = -1 ENOENT (No such file or directory)
8868  execve("/opt/hostedtoolcache/go/1.27.0/arm64/bin/as", ["as", "-EL", "-mabi=lp64", "-o", "/tmp/cc1JdjKu.o", "/home/runner/work/_temp/bootstra"...], 0x319c0d50 /* 116 vars */) = -1 ENOENT (No such file or directory)
8868  execve("/snap/bin/as", ["as", "-EL", "-mabi=lp64", "-o", "/tmp/cc1JdjKu.o", "/home/runner/work/_temp/bootstra"...], 0x319c0d50 /* 116 vars */) = -1 ENOENT (No such file or directory)
8868  execve("/home/runner/.local/bin/as", ["as", "-EL", "-mabi=lp64", "-o", "/tmp/cc1JdjKu.o", "/home/runner/work/_temp/bootstra"...], 0x319c0d50 /* 116 vars */) = -1 ENOENT (No such file or directory)
8868  execve("/opt/pipx_bin/as", ["as", "-EL", "-mabi=lp64", "-o", "/tmp/cc1JdjKu.o", "/home/runner/work/_temp/bootstra"...], 0x319c0d50 /* 116 vars */) = -1 ENOENT (No such file or directory)
8868  execve("/home/runner/.cargo/bin/as", ["as", "-EL", "-mabi=lp64", "-o", "/tmp/cc1JdjKu.o", "/home/runner/work/_temp/bootstra"...], 0x319c0d50 /* 116 vars */) = -1 ENOENT (No such file or directory)
8868  execve("/home/runner/.config/composer/vendor/bin/as", ["as", "-EL", "-mabi=lp64", "-o", "/tmp/cc1JdjKu.o", "/home/runner/work/_temp/bootstra"...], 0x319c0d50 /* 116 vars */) = -1 ENOENT (No such file or directory)
8868  execve("/home/runner/.dotnet/tools/as", ["as", "-EL", "-mabi=lp64", "-o", "/tmp/cc1JdjKu.o", "/home/runner/work/_temp/bootstra"...], 0x319c0d50 /* 116 vars */) = -1 ENOENT (No such file or directory)
8868  execve("/usr/local/sbin/as", ["as", "-EL", "-mabi=lp64", "-o", "/tmp/cc1JdjKu.o", "/home/runner/work/_temp/bootstra"...], 0x319c0d50 /* 116 vars */) = -1 ENOENT (No such file or directory)
8868  execve("/usr/local/bin/as", ["as", "-EL", "-mabi=lp64", "-o", "/tmp/cc1JdjKu.o", "/home/runner/work/_temp/bootstra"...], 0x319c0d50 /* 116 vars */) = -1 ENOENT (No such file or directory)
8868  execve("/usr/sbin/as", ["as", "-EL", "-mabi=lp64", "-o", "/tmp/cc1JdjKu.o", "/home/runner/work/_temp/bootstra"...], 0x319c0d50 /* 116 vars */) = -1 ENOENT (No such file or directory)
8868  execve("/usr/bin/as", ["as", "-EL", "-mabi=lp64", "-o", "/tmp/cc1JdjKu.o", "/home/runner/work/_temp/bootstra"...], 0x319c0d50 /* 116 vars */ <unfinished ...>
8867  <... clone resumed>)              = 8868
8868  <... execve resumed>)             = 0
8867  wait4(8868,  <unfinished ...>
8868  exit_group(0)                     = ?
8868  +++ exited with 0 +++
8867  <... wait4 resumed>[{WIFEXITED(s) && WEXITSTATUS(s) == 0}], 0, NULL) = 8868
8867  --- SIGCHLD {si_signo=SIGCHLD, si_code=CLD_EXITED, si_pid=8868, si_uid=1001, si_status=0, si_utime=0, si_stime=0} ---
8867  clone(child_stack=0xffffefaaf380, flags=CLONE_VM|CLONE_VFORK|SIGCHLD <unfinished ...>
8869  execve("/usr/libexec/gcc/aarch64-linux-gnu/13/collect2", ["/usr/libexec/gcc/aarch64-linux-g"..., "-plugin", "/usr/libexec/gcc/aarch64-linux-g"..., "-plugin-opt=/usr/libexec/gcc/aar"..., "-plugin-opt=-fresolution=/tmp/cc"..., "-plugin-opt=-pass-through=-lgcc", "-plugin-opt=-pass-through=-lgcc_"..., "-plugin-opt=-pass-through=-lc", "-plugin-opt=-pass-through=-lgcc", "-plugin-opt=-pass-through=-lgcc_"..., "--build-id", "--eh-frame-hdr", "--hash-style=gnu", "--as-needed", "-dynamic-linker", "/lib/ld-linux-aarch64.so.1", "-X", "-EL", "-maarch64linux", "--fix-cortex-a53-843419", "-pie", "-z", "now", "-fuse-ld=lld", "-z", "relro", "-o", "/home/runner/work/_temp/bootstra"..., "/usr/lib/gcc/aarch64-linux-gnu/1"..., "/usr/lib/gcc/aarch64-linux-gnu/1"..., "/usr/lib/gcc/aarch64-linux-gnu/1"..., "-L/usr/lib/gcc/aarch64-linux-gnu"..., ...], 0x319c1580 /* 118 vars */ <unfinished ...>
8867  <... clone resumed>)              = 8869
8869  <... execve resumed>)             = 0
8867  wait4(8869,  <unfinished ...>
8869  clone(child_stack=0xffffc45a0c80, flags=CLONE_VM|CLONE_VFORK|SIGCHLD <unfinished ...>
8870  execve("/usr/bin/ld.lld", ["/usr/bin/ld.lld", "-plugin", "/usr/libexec/gcc/aarch64-linux-g"..., "-plugin-opt=/usr/libexec/gcc/aar"..., "-plugin-opt=-fresolution=/tmp/cc"..., "-plugin-opt=-pass-through=-lgcc", "-plugin-opt=-pass-through=-lgcc_"..., "-plugin-opt=-pass-through=-lc", "-plugin-opt=-pass-through=-lgcc", "-plugin-opt=-pass-through=-lgcc_"..., "--build-id", "--eh-frame-hdr", "--hash-style=gnu", "--as-needed", "-dynamic-linker", "/lib/ld-linux-aarch64.so.1", "-X", "-EL", "-maarch64linux", "--fix-cortex-a53-843419", "-pie", "-z", "now", "-z", "relro", "-o", "/home/runner/work/_temp/bootstra"..., "/usr/lib/gcc/aarch64-linux-gnu/1"..., "/usr/lib/gcc/aarch64-linux-gnu/1"..., "/usr/lib/gcc/aarch64-linux-gnu/1"..., "-L/usr/lib/gcc/aarch64-linux-gnu"..., "-L/usr/lib/gcc/aarch64-linux-gnu"..., ...], 0xffffc45a1340 /* 118 vars */ <unfinished ...>
8869  <... clone resumed>)              = 8870
8870  <... execve resumed>)             = 0
8869  wait4(8870,  <unfinished ...>
8870  clone3({flags=CLONE_VM|CLONE_FS|CLONE_FILES|CLONE_SIGHAND|CLONE_THREAD|CLONE_SYSVSEM|CLONE_SETTLS|CLONE_PARENT_SETTID|CLONE_CHILD_CLEARTID, child_tid=0xff01adfff050, parent_tid=0xff01adfff050, exit_signal=0, stack=0xff01a9ff0000, stack_size=0x400e840, tls=0xff01adfff6c0} => {parent_tid=[8871]}, 88) = 8871
8871  clone3({flags=CLONE_VM|CLONE_FS|CLONE_FILES|CLONE_SIGHAND|CLONE_THREAD|CLONE_SYSVSEM|CLONE_SETTLS|CLONE_PARENT_SETTID|CLONE_CHILD_CLEARTID, child_tid=0xff01a3fff050, parent_tid=0xff01a3fff050, exit_signal=0, stack=0xff019fff0000, stack_size=0x400e840, tls=0xff01a3fff6c0} => {parent_tid=[8872]}, 88) = 8872
8871  clone3({flags=CLONE_VM|CLONE_FS|CLONE_FILES|CLONE_SIGHAND|CLONE_THREAD|CLONE_SYSVSEM|CLONE_SETTLS|CLONE_PARENT_SETTID|CLONE_CHILD_CLEARTID, child_tid=0xff019ffef050, parent_tid=0xff019ffef050, exit_signal=0, stack=0xff019bfe0000, stack_size=0x400e840, tls=0xff019ffef6c0} => {parent_tid=[8873]}, 88) = 8873
8871  clone3({flags=CLONE_VM|CLONE_FS|CLONE_FILES|CLONE_SIGHAND|CLONE_THREAD|CLONE_SYSVSEM|CLONE_SETTLS|CLONE_PARENT_SETTID|CLONE_CHILD_CLEARTID, child_tid=0xff0193fff050, parent_tid=0xff0193fff050, exit_signal=0, stack=0xff018fff0000, stack_size=0x400e840, tls=0xff0193fff6c0} => {parent_tid=[8874]}, 88) = 8874
8874  exit(0)                           = ?
8873  exit(0)                           = ?
8872  exit(0 <unfinished ...>
8870  exit_group(0 <unfinished ...>
8874  +++ exited with 0 +++
8871  exit_group(0 <unfinished ...>
8873  +++ exited with 0 +++
8870  <... exit_group resumed>)         = ?
8872  <... exit resumed>)               = ?
8872  +++ exited with 0 +++
8871  +++ exited with 0 +++
8870  +++ exited with 0 +++
8869  <... wait4 resumed>[{WIFEXITED(s) && WEXITSTATUS(s) == 0}], 0, NULL) = 8870
8869  --- SIGCHLD {si_signo=SIGCHLD, si_code=CLD_EXITED, si_pid=8870, si_uid=1001, si_status=0, si_utime=0, si_stime=1 /* 0.01 s */} ---
8869  exit_group(0)                     = ?
8869  +++ exited with 0 +++
8867  <... wait4 resumed>[{WIFEXITED(s) && WEXITSTATUS(s) == 0}], 0, NULL) = 8869
8867  --- SIGCHLD {si_signo=SIGCHLD, si_code=CLD_EXITED, si_pid=8869, si_uid=1001, si_status=0, si_utime=0, si_stime=0} ---
8867  exit_group(0)                     = ?
8867  +++ exited with 0 +++
8865  <... wait4 resumed>[{WIFEXITED(s) && WEXITSTATUS(s) == 0}], 0, NULL) = 8867
8865  --- SIGCHLD {si_signo=SIGCHLD, si_code=CLD_EXITED, si_pid=8867, si_uid=1001, si_status=0, si_utime=0, si_stime=0} ---
8865  exit_group(0)                     = ?
8865  +++ exited with 0 +++
