4503  execve("/home/runner/work/_temp/bootstrap-workspace/b4/compiler", ["/home/runner/work/_temp/bootstra"..., "build", "/home/runner/work/type-rb-native"..., "--output", "/home/runner/work/_temp/bootstra"..., "--qbe", "/home/runner/work/_temp/qbe-1.3/"..., "--cc", "/usr/bin/cc", "--target", "linux-arm64-v0"], 0xffffd5b2c478 /* 103 vars */) = 0
4503  clone(child_stack=NULL, flags=CLONE_CHILD_CLEARTID|CLONE_CHILD_SETTID|SIGCHLD, child_tidptr=0xffd89d7d0f90) = 4504
4503  wait4(4504,  <unfinished ...>
4504  execve("/home/runner/work/_temp/qbe-1.3/qbe", ["/home/runner/work/_temp/qbe-1.3/"..., "-t", "arm64", "-o", "/home/runner/work/_temp/bootstra"..., "/home/runner/work/_temp/bootstra"...], 0xffffed912298 /* 103 vars */) = 0
4504  exit_group(0)                     = ?
4504  +++ exited with 0 +++
4503  <... wait4 resumed>[{WIFEXITED(s) && WEXITSTATUS(s) == 0}], 0, NULL) = 4504
4503  --- SIGCHLD {si_signo=SIGCHLD, si_code=CLD_EXITED, si_pid=4504, si_uid=1001, si_status=0, si_utime=0, si_stime=0} ---
4503  clone(child_stack=NULL, flags=CLONE_CHILD_CLEARTID|CLONE_CHILD_SETTID|SIGCHLD, child_tidptr=0xffd89d7d0f90) = 4505
4503  wait4(4505,  <unfinished ...>
4505  execve("/usr/bin/cc", ["/usr/bin/cc", "-xassembler", "/home/runner/work/_temp/bootstra"..., "-Wl,--gc-sections,--strip-all", "-o", "/home/runner/work/_temp/bootstra"...], 0xffffed912298 /* 103 vars */) = 0
4505  clone(child_stack=0xffffe167db80, flags=CLONE_VM|CLONE_VFORK|SIGCHLD <unfinished ...>
4506  execve("/snap/bin/as", ["as", "-EL", "-mabi=lp64", "-o", "/tmp/ccH1kmdG.o", "/home/runner/work/_temp/bootstra"...], 0x34ce0be0 /* 108 vars */) = -1 ENOENT (No such file or directory)
4506  execve("/home/runner/.local/bin/as", ["as", "-EL", "-mabi=lp64", "-o", "/tmp/ccH1kmdG.o", "/home/runner/work/_temp/bootstra"...], 0x34ce0be0 /* 108 vars */) = -1 ENOENT (No such file or directory)
4506  execve("/opt/pipx_bin/as", ["as", "-EL", "-mabi=lp64", "-o", "/tmp/ccH1kmdG.o", "/home/runner/work/_temp/bootstra"...], 0x34ce0be0 /* 108 vars */) = -1 ENOENT (No such file or directory)
4506  execve("/home/runner/.cargo/bin/as", ["as", "-EL", "-mabi=lp64", "-o", "/tmp/ccH1kmdG.o", "/home/runner/work/_temp/bootstra"...], 0x34ce0be0 /* 108 vars */) = -1 ENOENT (No such file or directory)
4506  execve("/home/runner/.config/composer/vendor/bin/as", ["as", "-EL", "-mabi=lp64", "-o", "/tmp/ccH1kmdG.o", "/home/runner/work/_temp/bootstra"...], 0x34ce0be0 /* 108 vars */) = -1 ENOENT (No such file or directory)
4506  execve("/home/runner/.dotnet/tools/as", ["as", "-EL", "-mabi=lp64", "-o", "/tmp/ccH1kmdG.o", "/home/runner/work/_temp/bootstra"...], 0x34ce0be0 /* 108 vars */) = -1 ENOENT (No such file or directory)
4506  execve("/usr/local/sbin/as", ["as", "-EL", "-mabi=lp64", "-o", "/tmp/ccH1kmdG.o", "/home/runner/work/_temp/bootstra"...], 0x34ce0be0 /* 108 vars */) = -1 ENOENT (No such file or directory)
4506  execve("/usr/local/bin/as", ["as", "-EL", "-mabi=lp64", "-o", "/tmp/ccH1kmdG.o", "/home/runner/work/_temp/bootstra"...], 0x34ce0be0 /* 108 vars */) = -1 ENOENT (No such file or directory)
4506  execve("/usr/sbin/as", ["as", "-EL", "-mabi=lp64", "-o", "/tmp/ccH1kmdG.o", "/home/runner/work/_temp/bootstra"...], 0x34ce0be0 /* 108 vars */) = -1 ENOENT (No such file or directory)
4506  execve("/usr/bin/as", ["as", "-EL", "-mabi=lp64", "-o", "/tmp/ccH1kmdG.o", "/home/runner/work/_temp/bootstra"...], 0x34ce0be0 /* 108 vars */ <unfinished ...>
4505  <... clone resumed>)              = 4506
4506  <... execve resumed>)             = 0
4505  wait4(4506,  <unfinished ...>
4506  exit_group(0)                     = ?
4506  +++ exited with 0 +++
4505  <... wait4 resumed>[{WIFEXITED(s) && WEXITSTATUS(s) == 0}], 0, NULL) = 4506
4505  --- SIGCHLD {si_signo=SIGCHLD, si_code=CLD_EXITED, si_pid=4506, si_uid=1001, si_status=0, si_utime=0, si_stime=0} ---
4505  clone(child_stack=0xffffe167ccc0, flags=CLONE_VM|CLONE_VFORK|SIGCHLD <unfinished ...>
4507  execve("/usr/libexec/gcc/aarch64-linux-gnu/13/collect2", ["/usr/libexec/gcc/aarch64-linux-g"..., "-plugin", "/usr/libexec/gcc/aarch64-linux-g"..., "-plugin-opt=/usr/libexec/gcc/aar"..., "-plugin-opt=-fresolution=/tmp/cc"..., "-plugin-opt=-pass-through=-lgcc", "-plugin-opt=-pass-through=-lgcc_"..., "-plugin-opt=-pass-through=-lc", "-plugin-opt=-pass-through=-lgcc", "-plugin-opt=-pass-through=-lgcc_"..., "--build-id", "--eh-frame-hdr", "--hash-style=gnu", "--as-needed", "-dynamic-linker", "/lib/ld-linux-aarch64.so.1", "-X", "-EL", "-maarch64linux", "--fix-cortex-a53-843419", "-pie", "-z", "now", "-z", "relro", "-o", "/home/runner/work/_temp/bootstra"..., "/usr/lib/gcc/aarch64-linux-gnu/1"..., "/usr/lib/gcc/aarch64-linux-gnu/1"..., "/usr/lib/gcc/aarch64-linux-gnu/1"..., "-L/usr/lib/gcc/aarch64-linux-gnu"..., "-L/usr/lib/gcc/aarch64-linux-gnu"..., ...], 0x34ce1340 /* 110 vars */ <unfinished ...>
4505  <... clone resumed>)              = 4507
4507  <... execve resumed>)             = 0
4505  wait4(4507,  <unfinished ...>
4507  clone(child_stack=0xfffffc226e60, flags=CLONE_VM|CLONE_VFORK|SIGCHLD <unfinished ...>
4508  execve("/usr/bin/ld", ["/usr/bin/ld", "-plugin", "/usr/libexec/gcc/aarch64-linux-g"..., "-plugin-opt=/usr/libexec/gcc/aar"..., "-plugin-opt=-fresolution=/tmp/cc"..., "-plugin-opt=-pass-through=-lgcc", "-plugin-opt=-pass-through=-lgcc_"..., "-plugin-opt=-pass-through=-lc", "-plugin-opt=-pass-through=-lgcc", "-plugin-opt=-pass-through=-lgcc_"..., "--build-id", "--eh-frame-hdr", "--hash-style=gnu", "--as-needed", "-dynamic-linker", "/lib/ld-linux-aarch64.so.1", "-X", "-EL", "-maarch64linux", "--fix-cortex-a53-843419", "-pie", "-z", "now", "-z", "relro", "-o", "/home/runner/work/_temp/bootstra"..., "/usr/lib/gcc/aarch64-linux-gnu/1"..., "/usr/lib/gcc/aarch64-linux-gnu/1"..., "/usr/lib/gcc/aarch64-linux-gnu/1"..., "-L/usr/lib/gcc/aarch64-linux-gnu"..., "-L/usr/lib/gcc/aarch64-linux-gnu"..., ...], 0xfffffc227510 /* 110 vars */ <unfinished ...>
4507  <... clone resumed>)              = 4508
4508  <... execve resumed>)             = 0
4507  wait4(4508,  <unfinished ...>
4508  exit_group(0)                     = ?
4508  +++ exited with 0 +++
4507  <... wait4 resumed>[{WIFEXITED(s) && WEXITSTATUS(s) == 0}], 0, NULL) = 4508
4507  --- SIGCHLD {si_signo=SIGCHLD, si_code=CLD_EXITED, si_pid=4508, si_uid=1001, si_status=0, si_utime=0, si_stime=1 /* 0.01 s */} ---
4507  exit_group(0)                     = ?
4507  +++ exited with 0 +++
4505  <... wait4 resumed>[{WIFEXITED(s) && WEXITSTATUS(s) == 0}], 0, NULL) = 4507
4505  --- SIGCHLD {si_signo=SIGCHLD, si_code=CLD_EXITED, si_pid=4507, si_uid=1001, si_status=0, si_utime=0, si_stime=0} ---
4505  exit_group(0)                     = ?
4505  +++ exited with 0 +++
4503  <... wait4 resumed>[{WIFEXITED(s) && WEXITSTATUS(s) == 0}], 0, NULL) = 4505
4503  --- SIGCHLD {si_signo=SIGCHLD, si_code=CLD_EXITED, si_pid=4505, si_uid=1001, si_status=0, si_utime=0, si_stime=0} ---
4503  exit_group(0)                     = ?
4503  +++ exited with 0 +++
