7123  execve("/home/runner/work/_temp/transition/first/compiler", ["/home/runner/work/_temp/transiti"..., "build", "compiler/gate4/src/compiler.trb", "--output", "/home/runner/work/_temp/transiti"..., "--qbe", "/home/runner/work/_temp/qbe-1.3/"..., "--cc", "/usr/bin/cc", "--target", "linux-arm64-v0"], 0xfffff15edb58 /* 111 vars */) = 0
7123  clone(child_stack=NULL, flags=CLONE_CHILD_CLEARTID|CLONE_CHILD_SETTID|SIGCHLD, child_tidptr=0xffaf8bcb1f90) = 7124
7123  wait4(7124,  <unfinished ...>
7124  execve("/home/runner/work/_temp/qbe-1.3/qbe", ["/home/runner/work/_temp/qbe-1.3/"..., "-t", "arm64", "-o", "/home/runner/work/_temp/transiti"..., "/home/runner/work/_temp/transiti"...], 0xffffd646eed8 /* 111 vars */) = 0
7124  exit_group(0)                     = ?
7124  +++ exited with 0 +++
7123  <... wait4 resumed>[{WIFEXITED(s) && WEXITSTATUS(s) == 0}], 0, NULL) = 7124
7123  --- SIGCHLD {si_signo=SIGCHLD, si_code=CLD_EXITED, si_pid=7124, si_uid=1001, si_status=0, si_utime=19 /* 0.19 s */, si_stime=0} ---
7123  clone(child_stack=NULL, flags=CLONE_CHILD_CLEARTID|CLONE_CHILD_SETTID|SIGCHLD, child_tidptr=0xffaf8bcb1f90) = 7125
7123  wait4(7125,  <unfinished ...>
7125  execve("/usr/bin/cc", ["/usr/bin/cc", "-xassembler", "/home/runner/work/_temp/transiti"..., "-Wl,--gc-sections,--strip-all", "-o", "/home/runner/work/_temp/transiti"...], 0xffffd646eed8 /* 111 vars */) = 0
7125  clone(child_stack=0xffffea2ff0f0, flags=CLONE_VM|CLONE_VFORK|SIGCHLD <unfinished ...>
7126  execve("/home/runner/go/bin/as", ["as", "-EL", "-mabi=lp64", "-o", "/tmp/cc07QjTb.o", "/home/runner/work/_temp/transiti"...], 0x3fbfbc20 /* 116 vars */) = -1 ENOENT (No such file or directory)
7126  execve("/opt/hostedtoolcache/go/1.27.0/arm64/bin/as", ["as", "-EL", "-mabi=lp64", "-o", "/tmp/cc07QjTb.o", "/home/runner/work/_temp/transiti"...], 0x3fbfbc20 /* 116 vars */) = -1 ENOENT (No such file or directory)
7126  execve("/snap/bin/as", ["as", "-EL", "-mabi=lp64", "-o", "/tmp/cc07QjTb.o", "/home/runner/work/_temp/transiti"...], 0x3fbfbc20 /* 116 vars */) = -1 ENOENT (No such file or directory)
7126  execve("/home/runner/.local/bin/as", ["as", "-EL", "-mabi=lp64", "-o", "/tmp/cc07QjTb.o", "/home/runner/work/_temp/transiti"...], 0x3fbfbc20 /* 116 vars */) = -1 ENOENT (No such file or directory)
7126  execve("/opt/pipx_bin/as", ["as", "-EL", "-mabi=lp64", "-o", "/tmp/cc07QjTb.o", "/home/runner/work/_temp/transiti"...], 0x3fbfbc20 /* 116 vars */) = -1 ENOENT (No such file or directory)
7126  execve("/home/runner/.cargo/bin/as", ["as", "-EL", "-mabi=lp64", "-o", "/tmp/cc07QjTb.o", "/home/runner/work/_temp/transiti"...], 0x3fbfbc20 /* 116 vars */) = -1 ENOENT (No such file or directory)
7126  execve("/home/runner/.config/composer/vendor/bin/as", ["as", "-EL", "-mabi=lp64", "-o", "/tmp/cc07QjTb.o", "/home/runner/work/_temp/transiti"...], 0x3fbfbc20 /* 116 vars */) = -1 ENOENT (No such file or directory)
7126  execve("/home/runner/.dotnet/tools/as", ["as", "-EL", "-mabi=lp64", "-o", "/tmp/cc07QjTb.o", "/home/runner/work/_temp/transiti"...], 0x3fbfbc20 /* 116 vars */) = -1 ENOENT (No such file or directory)
7126  execve("/usr/local/sbin/as", ["as", "-EL", "-mabi=lp64", "-o", "/tmp/cc07QjTb.o", "/home/runner/work/_temp/transiti"...], 0x3fbfbc20 /* 116 vars */) = -1 ENOENT (No such file or directory)
7126  execve("/usr/local/bin/as", ["as", "-EL", "-mabi=lp64", "-o", "/tmp/cc07QjTb.o", "/home/runner/work/_temp/transiti"...], 0x3fbfbc20 /* 116 vars */) = -1 ENOENT (No such file or directory)
7126  execve("/usr/sbin/as", ["as", "-EL", "-mabi=lp64", "-o", "/tmp/cc07QjTb.o", "/home/runner/work/_temp/transiti"...], 0x3fbfbc20 /* 116 vars */) = -1 ENOENT (No such file or directory)
7126  execve("/usr/bin/as", ["as", "-EL", "-mabi=lp64", "-o", "/tmp/cc07QjTb.o", "/home/runner/work/_temp/transiti"...], 0x3fbfbc20 /* 116 vars */ <unfinished ...>
7125  <... clone resumed>)              = 7126
7126  <... execve resumed>)             = 0
7125  wait4(7126,  <unfinished ...>
7126  exit_group(0)                     = ?
7126  +++ exited with 0 +++
7125  <... wait4 resumed>[{WIFEXITED(s) && WEXITSTATUS(s) == 0}], 0, NULL) = 7126
7125  --- SIGCHLD {si_signo=SIGCHLD, si_code=CLD_EXITED, si_pid=7126, si_uid=1001, si_status=0, si_utime=8 /* 0.08 s */, si_stime=1 /* 0.01 s */} ---
7125  clone(child_stack=0xffffea2fe230, flags=CLONE_VM|CLONE_VFORK|SIGCHLD <unfinished ...>
7127  execve("/usr/libexec/gcc/aarch64-linux-gnu/13/collect2", ["/usr/libexec/gcc/aarch64-linux-g"..., "-plugin", "/usr/libexec/gcc/aarch64-linux-g"..., "-plugin-opt=/usr/libexec/gcc/aar"..., "-plugin-opt=-fresolution=/tmp/cc"..., "-plugin-opt=-pass-through=-lgcc", "-plugin-opt=-pass-through=-lgcc_"..., "-plugin-opt=-pass-through=-lc", "-plugin-opt=-pass-through=-lgcc", "-plugin-opt=-pass-through=-lgcc_"..., "--build-id", "--eh-frame-hdr", "--hash-style=gnu", "--as-needed", "-dynamic-linker", "/lib/ld-linux-aarch64.so.1", "-X", "-EL", "-maarch64linux", "--fix-cortex-a53-843419", "-pie", "-z", "now", "-z", "relro", "-o", "/home/runner/work/_temp/transiti"..., "/usr/lib/gcc/aarch64-linux-gnu/1"..., "/usr/lib/gcc/aarch64-linux-gnu/1"..., "/usr/lib/gcc/aarch64-linux-gnu/1"..., "-L/usr/lib/gcc/aarch64-linux-gnu"..., "-L/usr/lib/gcc/aarch64-linux-gnu"..., ...], 0x3fbfc3c0 /* 118 vars */ <unfinished ...>
7125  <... clone resumed>)              = 7127
7127  <... execve resumed>)             = 0
7125  wait4(7127,  <unfinished ...>
7127  clone(child_stack=0xffffdb284fc0, flags=CLONE_VM|CLONE_VFORK|SIGCHLD <unfinished ...>
7128  execve("/usr/bin/ld", ["/usr/bin/ld", "-plugin", "/usr/libexec/gcc/aarch64-linux-g"..., "-plugin-opt=/usr/libexec/gcc/aar"..., "-plugin-opt=-fresolution=/tmp/cc"..., "-plugin-opt=-pass-through=-lgcc", "-plugin-opt=-pass-through=-lgcc_"..., "-plugin-opt=-pass-through=-lc", "-plugin-opt=-pass-through=-lgcc", "-plugin-opt=-pass-through=-lgcc_"..., "--build-id", "--eh-frame-hdr", "--hash-style=gnu", "--as-needed", "-dynamic-linker", "/lib/ld-linux-aarch64.so.1", "-X", "-EL", "-maarch64linux", "--fix-cortex-a53-843419", "-pie", "-z", "now", "-z", "relro", "-o", "/home/runner/work/_temp/transiti"..., "/usr/lib/gcc/aarch64-linux-gnu/1"..., "/usr/lib/gcc/aarch64-linux-gnu/1"..., "/usr/lib/gcc/aarch64-linux-gnu/1"..., "-L/usr/lib/gcc/aarch64-linux-gnu"..., "-L/usr/lib/gcc/aarch64-linux-gnu"..., ...], 0xffffdb285670 /* 118 vars */ <unfinished ...>
7127  <... clone resumed>)              = 7128
7128  <... execve resumed>)             = 0
7127  wait4(7128,  <unfinished ...>
7128  exit_group(0)                     = ?
7128  +++ exited with 0 +++
7127  <... wait4 resumed>[{WIFEXITED(s) && WEXITSTATUS(s) == 0}], 0, NULL) = 7128
7127  --- SIGCHLD {si_signo=SIGCHLD, si_code=CLD_EXITED, si_pid=7128, si_uid=1001, si_status=0, si_utime=0, si_stime=2 /* 0.02 s */} ---
7127  exit_group(0)                     = ?
7127  +++ exited with 0 +++
7125  <... wait4 resumed>[{WIFEXITED(s) && WEXITSTATUS(s) == 0}], 0, NULL) = 7127
7125  --- SIGCHLD {si_signo=SIGCHLD, si_code=CLD_EXITED, si_pid=7127, si_uid=1001, si_status=0, si_utime=0, si_stime=0} ---
7125  exit_group(0)                     = ?
7125  +++ exited with 0 +++
7123  <... wait4 resumed>[{WIFEXITED(s) && WEXITSTATUS(s) == 0}], 0, NULL) = 7125
7123  --- SIGCHLD {si_signo=SIGCHLD, si_code=CLD_EXITED, si_pid=7125, si_uid=1001, si_status=0, si_utime=0, si_stime=0} ---
7123  exit_group(0)                     = ?
7123  +++ exited with 0 +++
