7113  execve("/home/runner/work/_temp/release/type-rb-native-bootstrap-linux-arm64", ["/home/runner/work/_temp/release/"..., "build", "compiler/gate4/src/compiler.trb", "--output", "/home/runner/work/_temp/transiti"..., "--qbe", "/home/runner/work/_temp/qbe-1.3/"..., "--cc", "/usr/bin/cc", "--target", "linux-arm64-v0"], 0xffffef85dc58 /* 111 vars */) = 0
7113  clone(child_stack=NULL, flags=CLONE_CHILD_CLEARTID|CLONE_CHILD_SETTID|SIGCHLD, child_tidptr=0xffb4c7903f90) = 7115
7113  wait4(7115,  <unfinished ...>
7115  execve("/home/runner/work/_temp/qbe-1.3/qbe", ["/home/runner/work/_temp/qbe-1.3/"..., "-t", "arm64", "-o", "/home/runner/work/_temp/transiti"..., "/home/runner/work/_temp/transiti"...], 0xfffff5f75998 /* 111 vars */) = 0
7115  exit_group(0)                     = ?
7115  +++ exited with 0 +++
7113  <... wait4 resumed>[{WIFEXITED(s) && WEXITSTATUS(s) == 0}], 0, NULL) = 7115
7113  --- SIGCHLD {si_signo=SIGCHLD, si_code=CLD_EXITED, si_pid=7115, si_uid=1001, si_status=0, si_utime=17 /* 0.17 s */, si_stime=0} ---
7113  clone(child_stack=NULL, flags=CLONE_CHILD_CLEARTID|CLONE_CHILD_SETTID|SIGCHLD, child_tidptr=0xffb4c7903f90) = 7116
7113  wait4(7116,  <unfinished ...>
7116  execve("/usr/bin/cc", ["/usr/bin/cc", "-xassembler", "/home/runner/work/_temp/transiti"..., "-Wl,--gc-sections,--strip-all", "-o", "/home/runner/work/_temp/transiti"...], 0xfffff5f75998 /* 111 vars */) = 0
7116  clone(child_stack=0xfffff3d5b110, flags=CLONE_VM|CLONE_VFORK|SIGCHLD <unfinished ...>
7117  execve("/home/runner/go/bin/as", ["as", "-EL", "-mabi=lp64", "-o", "/tmp/ccRGqbEq.o", "/home/runner/work/_temp/transiti"...], 0x3f961c10 /* 116 vars */) = -1 ENOENT (No such file or directory)
7117  execve("/opt/hostedtoolcache/go/1.27.0/arm64/bin/as", ["as", "-EL", "-mabi=lp64", "-o", "/tmp/ccRGqbEq.o", "/home/runner/work/_temp/transiti"...], 0x3f961c10 /* 116 vars */) = -1 ENOENT (No such file or directory)
7117  execve("/snap/bin/as", ["as", "-EL", "-mabi=lp64", "-o", "/tmp/ccRGqbEq.o", "/home/runner/work/_temp/transiti"...], 0x3f961c10 /* 116 vars */) = -1 ENOENT (No such file or directory)
7117  execve("/home/runner/.local/bin/as", ["as", "-EL", "-mabi=lp64", "-o", "/tmp/ccRGqbEq.o", "/home/runner/work/_temp/transiti"...], 0x3f961c10 /* 116 vars */) = -1 ENOENT (No such file or directory)
7117  execve("/opt/pipx_bin/as", ["as", "-EL", "-mabi=lp64", "-o", "/tmp/ccRGqbEq.o", "/home/runner/work/_temp/transiti"...], 0x3f961c10 /* 116 vars */) = -1 ENOENT (No such file or directory)
7117  execve("/home/runner/.cargo/bin/as", ["as", "-EL", "-mabi=lp64", "-o", "/tmp/ccRGqbEq.o", "/home/runner/work/_temp/transiti"...], 0x3f961c10 /* 116 vars */) = -1 ENOENT (No such file or directory)
7117  execve("/home/runner/.config/composer/vendor/bin/as", ["as", "-EL", "-mabi=lp64", "-o", "/tmp/ccRGqbEq.o", "/home/runner/work/_temp/transiti"...], 0x3f961c10 /* 116 vars */) = -1 ENOENT (No such file or directory)
7117  execve("/home/runner/.dotnet/tools/as", ["as", "-EL", "-mabi=lp64", "-o", "/tmp/ccRGqbEq.o", "/home/runner/work/_temp/transiti"...], 0x3f961c10 /* 116 vars */) = -1 ENOENT (No such file or directory)
7117  execve("/usr/local/sbin/as", ["as", "-EL", "-mabi=lp64", "-o", "/tmp/ccRGqbEq.o", "/home/runner/work/_temp/transiti"...], 0x3f961c10 /* 116 vars */) = -1 ENOENT (No such file or directory)
7117  execve("/usr/local/bin/as", ["as", "-EL", "-mabi=lp64", "-o", "/tmp/ccRGqbEq.o", "/home/runner/work/_temp/transiti"...], 0x3f961c10 /* 116 vars */) = -1 ENOENT (No such file or directory)
7117  execve("/usr/sbin/as", ["as", "-EL", "-mabi=lp64", "-o", "/tmp/ccRGqbEq.o", "/home/runner/work/_temp/transiti"...], 0x3f961c10 /* 116 vars */) = -1 ENOENT (No such file or directory)
7117  execve("/usr/bin/as", ["as", "-EL", "-mabi=lp64", "-o", "/tmp/ccRGqbEq.o", "/home/runner/work/_temp/transiti"...], 0x3f961c10 /* 116 vars */ <unfinished ...>
7116  <... clone resumed>)              = 7117
7117  <... execve resumed>)             = 0
7116  wait4(7117,  <unfinished ...>
7117  exit_group(0)                     = ?
7117  +++ exited with 0 +++
7116  <... wait4 resumed>[{WIFEXITED(s) && WEXITSTATUS(s) == 0}], 0, NULL) = 7117
7116  --- SIGCHLD {si_signo=SIGCHLD, si_code=CLD_EXITED, si_pid=7117, si_uid=1001, si_status=0, si_utime=6 /* 0.06 s */, si_stime=0} ---
7116  clone(child_stack=0xfffff3d5a250, flags=CLONE_VM|CLONE_VFORK|SIGCHLD <unfinished ...>
7118  execve("/usr/libexec/gcc/aarch64-linux-gnu/13/collect2", ["/usr/libexec/gcc/aarch64-linux-g"..., "-plugin", "/usr/libexec/gcc/aarch64-linux-g"..., "-plugin-opt=/usr/libexec/gcc/aar"..., "-plugin-opt=-fresolution=/tmp/cc"..., "-plugin-opt=-pass-through=-lgcc", "-plugin-opt=-pass-through=-lgcc_"..., "-plugin-opt=-pass-through=-lc", "-plugin-opt=-pass-through=-lgcc", "-plugin-opt=-pass-through=-lgcc_"..., "--build-id", "--eh-frame-hdr", "--hash-style=gnu", "--as-needed", "-dynamic-linker", "/lib/ld-linux-aarch64.so.1", "-X", "-EL", "-maarch64linux", "--fix-cortex-a53-843419", "-pie", "-z", "now", "-z", "relro", "-o", "/home/runner/work/_temp/transiti"..., "/usr/lib/gcc/aarch64-linux-gnu/1"..., "/usr/lib/gcc/aarch64-linux-gnu/1"..., "/usr/lib/gcc/aarch64-linux-gnu/1"..., "-L/usr/lib/gcc/aarch64-linux-gnu"..., "-L/usr/lib/gcc/aarch64-linux-gnu"..., ...], 0x3f9623b0 /* 118 vars */ <unfinished ...>
7116  <... clone resumed>)              = 7118
7118  <... execve resumed>)             = 0
7116  wait4(7118,  <unfinished ...>
7118  clone(child_stack=0xffffc56a9430, flags=CLONE_VM|CLONE_VFORK|SIGCHLD <unfinished ...>
7119  execve("/usr/bin/ld", ["/usr/bin/ld", "-plugin", "/usr/libexec/gcc/aarch64-linux-g"..., "-plugin-opt=/usr/libexec/gcc/aar"..., "-plugin-opt=-fresolution=/tmp/cc"..., "-plugin-opt=-pass-through=-lgcc", "-plugin-opt=-pass-through=-lgcc_"..., "-plugin-opt=-pass-through=-lc", "-plugin-opt=-pass-through=-lgcc", "-plugin-opt=-pass-through=-lgcc_"..., "--build-id", "--eh-frame-hdr", "--hash-style=gnu", "--as-needed", "-dynamic-linker", "/lib/ld-linux-aarch64.so.1", "-X", "-EL", "-maarch64linux", "--fix-cortex-a53-843419", "-pie", "-z", "now", "-z", "relro", "-o", "/home/runner/work/_temp/transiti"..., "/usr/lib/gcc/aarch64-linux-gnu/1"..., "/usr/lib/gcc/aarch64-linux-gnu/1"..., "/usr/lib/gcc/aarch64-linux-gnu/1"..., "-L/usr/lib/gcc/aarch64-linux-gnu"..., "-L/usr/lib/gcc/aarch64-linux-gnu"..., ...], 0xffffc56a9ae0 /* 118 vars */ <unfinished ...>
7118  <... clone resumed>)              = 7119
7119  <... execve resumed>)             = 0
7118  wait4(7119,  <unfinished ...>
7119  exit_group(0)                     = ?
7119  +++ exited with 0 +++
7118  <... wait4 resumed>[{WIFEXITED(s) && WEXITSTATUS(s) == 0}], 0, NULL) = 7119
7118  --- SIGCHLD {si_signo=SIGCHLD, si_code=CLD_EXITED, si_pid=7119, si_uid=1001, si_status=0, si_utime=1 /* 0.01 s */, si_stime=1 /* 0.01 s */} ---
7118  exit_group(0)                     = ?
7118  +++ exited with 0 +++
7116  <... wait4 resumed>[{WIFEXITED(s) && WEXITSTATUS(s) == 0}], 0, NULL) = 7118
7116  --- SIGCHLD {si_signo=SIGCHLD, si_code=CLD_EXITED, si_pid=7118, si_uid=1001, si_status=0, si_utime=0, si_stime=0} ---
7116  exit_group(0)                     = ?
7116  +++ exited with 0 +++
7113  <... wait4 resumed>[{WIFEXITED(s) && WEXITSTATUS(s) == 0}], 0, NULL) = 7116
7113  --- SIGCHLD {si_signo=SIGCHLD, si_code=CLD_EXITED, si_pid=7116, si_uid=1001, si_status=0, si_utime=0, si_stime=0} ---
7113  exit_group(0)                     = ?
7113  +++ exited with 0 +++
