10279 execve("/home/runner/work/_temp/bootstrap-workspace/b4/compiler", ["/home/runner/work/_temp/bootstra"..., "build", "/home/runner/work/type-rb-native"..., "--output", "/home/runner/work/_temp/bootstra"..., "--qbe", "/home/runner/work/_temp/qbe-1.3/"..., "--cc", "/usr/bin/cc", "--target", "linux-arm64-v0"], 0xfffff79a1198 /* 111 vars */) = 0
10279 clone(child_stack=NULL, flags=CLONE_CHILD_CLEARTID|CLONE_CHILD_SETTID|SIGCHLD, child_tidptr=0xffab7dc36f90) = 10280
10279 wait4(10280,  <unfinished ...>
10280 execve("/home/runner/work/_temp/qbe-1.3/qbe", ["/home/runner/work/_temp/qbe-1.3/"..., "-t", "arm64", "-o", "/home/runner/work/_temp/bootstra"..., "/home/runner/work/_temp/bootstra"...], 0xffffeb2e11f8 /* 111 vars */) = 0
10280 exit_group(0)                     = ?
10280 +++ exited with 0 +++
10279 <... wait4 resumed>[{WIFEXITED(s) && WEXITSTATUS(s) == 0}], 0, NULL) = 10280
10279 --- SIGCHLD {si_signo=SIGCHLD, si_code=CLD_EXITED, si_pid=10280, si_uid=1001, si_status=0, si_utime=0, si_stime=0} ---
10279 clone(child_stack=NULL, flags=CLONE_CHILD_CLEARTID|CLONE_CHILD_SETTID|SIGCHLD, child_tidptr=0xffab7dc36f90) = 10281
10279 wait4(10281,  <unfinished ...>
10281 execve("/usr/bin/cc", ["/usr/bin/cc", "-xassembler", "/home/runner/work/_temp/bootstra"..., "-fuse-ld=lld", "-Wl,--gc-sections,--strip-all,--"..., "-lm", "-o", "/home/runner/work/_temp/bootstra"...], 0xffffeb2e11f8 /* 111 vars */) = 0
10281 clone(child_stack=0xffffd968db90, flags=CLONE_VM|CLONE_VFORK|SIGCHLD <unfinished ...>
10282 execve("/home/runner/go/bin/as", ["as", "-EL", "-mabi=lp64", "-o", "/tmp/ccMzOgwn.o", "/home/runner/work/_temp/bootstra"...], 0x1f6d9d70 /* 116 vars */) = -1 ENOENT (No such file or directory)
10282 execve("/opt/hostedtoolcache/go/1.27.1/arm64/bin/as", ["as", "-EL", "-mabi=lp64", "-o", "/tmp/ccMzOgwn.o", "/home/runner/work/_temp/bootstra"...], 0x1f6d9d70 /* 116 vars */) = -1 ENOENT (No such file or directory)
10282 execve("/snap/bin/as", ["as", "-EL", "-mabi=lp64", "-o", "/tmp/ccMzOgwn.o", "/home/runner/work/_temp/bootstra"...], 0x1f6d9d70 /* 116 vars */) = -1 ENOENT (No such file or directory)
10282 execve("/home/runner/.local/bin/as", ["as", "-EL", "-mabi=lp64", "-o", "/tmp/ccMzOgwn.o", "/home/runner/work/_temp/bootstra"...], 0x1f6d9d70 /* 116 vars */) = -1 ENOENT (No such file or directory)
10282 execve("/opt/pipx_bin/as", ["as", "-EL", "-mabi=lp64", "-o", "/tmp/ccMzOgwn.o", "/home/runner/work/_temp/bootstra"...], 0x1f6d9d70 /* 116 vars */) = -1 ENOENT (No such file or directory)
10282 execve("/home/runner/.cargo/bin/as", ["as", "-EL", "-mabi=lp64", "-o", "/tmp/ccMzOgwn.o", "/home/runner/work/_temp/bootstra"...], 0x1f6d9d70 /* 116 vars */) = -1 ENOENT (No such file or directory)
10282 execve("/home/runner/.config/composer/vendor/bin/as", ["as", "-EL", "-mabi=lp64", "-o", "/tmp/ccMzOgwn.o", "/home/runner/work/_temp/bootstra"...], 0x1f6d9d70 /* 116 vars */) = -1 ENOENT (No such file or directory)
10282 execve("/home/runner/.dotnet/tools/as", ["as", "-EL", "-mabi=lp64", "-o", "/tmp/ccMzOgwn.o", "/home/runner/work/_temp/bootstra"...], 0x1f6d9d70 /* 116 vars */) = -1 ENOENT (No such file or directory)
10282 execve("/usr/local/sbin/as", ["as", "-EL", "-mabi=lp64", "-o", "/tmp/ccMzOgwn.o", "/home/runner/work/_temp/bootstra"...], 0x1f6d9d70 /* 116 vars */) = -1 ENOENT (No such file or directory)
10282 execve("/usr/local/bin/as", ["as", "-EL", "-mabi=lp64", "-o", "/tmp/ccMzOgwn.o", "/home/runner/work/_temp/bootstra"...], 0x1f6d9d70 /* 116 vars */) = -1 ENOENT (No such file or directory)
10282 execve("/usr/sbin/as", ["as", "-EL", "-mabi=lp64", "-o", "/tmp/ccMzOgwn.o", "/home/runner/work/_temp/bootstra"...], 0x1f6d9d70 /* 116 vars */) = -1 ENOENT (No such file or directory)
10282 execve("/usr/bin/as", ["as", "-EL", "-mabi=lp64", "-o", "/tmp/ccMzOgwn.o", "/home/runner/work/_temp/bootstra"...], 0x1f6d9d70 /* 116 vars */ <unfinished ...>
10281 <... clone resumed>)              = 10282
10282 <... execve resumed>)             = 0
10281 wait4(10282,  <unfinished ...>
10282 exit_group(0)                     = ?
10282 +++ exited with 0 +++
10281 <... wait4 resumed>[{WIFEXITED(s) && WEXITSTATUS(s) == 0}], 0, NULL) = 10282
10281 --- SIGCHLD {si_signo=SIGCHLD, si_code=CLD_EXITED, si_pid=10282, si_uid=1001, si_status=0, si_utime=0, si_stime=0} ---
10281 clone(child_stack=0xffffd968ccd0, flags=CLONE_VM|CLONE_VFORK|SIGCHLD <unfinished ...>
10283 execve("/usr/libexec/gcc/aarch64-linux-gnu/13/collect2", ["/usr/libexec/gcc/aarch64-linux-g"..., "-plugin", "/usr/libexec/gcc/aarch64-linux-g"..., "-plugin-opt=/usr/libexec/gcc/aar"..., "-plugin-opt=-fresolution=/tmp/cc"..., "-plugin-opt=-pass-through=-lgcc", "-plugin-opt=-pass-through=-lgcc_"..., "-plugin-opt=-pass-through=-lc", "-plugin-opt=-pass-through=-lgcc", "-plugin-opt=-pass-through=-lgcc_"..., "--build-id", "--eh-frame-hdr", "--hash-style=gnu", "--as-needed", "-dynamic-linker", "/lib/ld-linux-aarch64.so.1", "-X", "-EL", "-maarch64linux", "--fix-cortex-a53-843419", "-pie", "-z", "now", "-fuse-ld=lld", "-z", "relro", "-o", "/home/runner/work/_temp/bootstra"..., "/usr/lib/gcc/aarch64-linux-gnu/1"..., "/usr/lib/gcc/aarch64-linux-gnu/1"..., "/usr/lib/gcc/aarch64-linux-gnu/1"..., "-L/usr/lib/gcc/aarch64-linux-gnu"..., ...], 0x1f6da5a0 /* 118 vars */ <unfinished ...>
10281 <... clone resumed>)              = 10283
10283 <... execve resumed>)             = 0
10281 wait4(10283,  <unfinished ...>
10283 clone(child_stack=0xffffe0435250, flags=CLONE_VM|CLONE_VFORK|SIGCHLD <unfinished ...>
10284 execve("/usr/bin/ld.lld", ["/usr/bin/ld.lld", "-plugin", "/usr/libexec/gcc/aarch64-linux-g"..., "-plugin-opt=/usr/libexec/gcc/aar"..., "-plugin-opt=-fresolution=/tmp/cc"..., "-plugin-opt=-pass-through=-lgcc", "-plugin-opt=-pass-through=-lgcc_"..., "-plugin-opt=-pass-through=-lc", "-plugin-opt=-pass-through=-lgcc", "-plugin-opt=-pass-through=-lgcc_"..., "--build-id", "--eh-frame-hdr", "--hash-style=gnu", "--as-needed", "-dynamic-linker", "/lib/ld-linux-aarch64.so.1", "-X", "-EL", "-maarch64linux", "--fix-cortex-a53-843419", "-pie", "-z", "now", "-z", "relro", "-o", "/home/runner/work/_temp/bootstra"..., "/usr/lib/gcc/aarch64-linux-gnu/1"..., "/usr/lib/gcc/aarch64-linux-gnu/1"..., "/usr/lib/gcc/aarch64-linux-gnu/1"..., "-L/usr/lib/gcc/aarch64-linux-gnu"..., "-L/usr/lib/gcc/aarch64-linux-gnu"..., ...], 0xffffe0435918 /* 118 vars */ <unfinished ...>
10283 <... clone resumed>)              = 10284
10284 <... execve resumed>)             = 0
10283 wait4(10284,  <unfinished ...>
10284 clone3({flags=CLONE_VM|CLONE_FS|CLONE_FILES|CLONE_SIGHAND|CLONE_THREAD|CLONE_SYSVSEM|CLONE_SETTLS|CLONE_PARENT_SETTID|CLONE_CHILD_CLEARTID, child_tid=0xff53b87ff050, parent_tid=0xff53b87ff050, exit_signal=0, stack=0xff53b47f0000, stack_size=0x400e840, tls=0xff53b87ff6c0} => {parent_tid=[10285]}, 88) = 10285
10285 clone3({flags=CLONE_VM|CLONE_FS|CLONE_FILES|CLONE_SIGHAND|CLONE_THREAD|CLONE_SYSVSEM|CLONE_SETTLS|CLONE_PARENT_SETTID|CLONE_CHILD_CLEARTID, child_tid=0xff53affff050, parent_tid=0xff53affff050, exit_signal=0, stack=0xff53abff0000, stack_size=0x400e840, tls=0xff53affff6c0} => {parent_tid=[10286]}, 88) = 10286
10285 clone3({flags=CLONE_VM|CLONE_FS|CLONE_FILES|CLONE_SIGHAND|CLONE_THREAD|CLONE_SYSVSEM|CLONE_SETTLS|CLONE_PARENT_SETTID|CLONE_CHILD_CLEARTID, child_tid=0xff53abfef050, parent_tid=0xff53abfef050, exit_signal=0, stack=0xff53a7fe0000, stack_size=0x400e840, tls=0xff53abfef6c0} => {parent_tid=[10287]}, 88) = 10287
10285 clone3({flags=CLONE_VM|CLONE_FS|CLONE_FILES|CLONE_SIGHAND|CLONE_THREAD|CLONE_SYSVSEM|CLONE_SETTLS|CLONE_PARENT_SETTID|CLONE_CHILD_CLEARTID, child_tid=0xff539ffff050, parent_tid=0xff539ffff050, exit_signal=0, stack=0xff539bff0000, stack_size=0x400e840, tls=0xff539ffff6c0} => {parent_tid=[10288]}, 88) = 10288
10288 exit(0)                           = ?
10286 exit(0 <unfinished ...>
10288 +++ exited with 0 +++
10286 <... exit resumed>)               = ?
10287 exit(0 <unfinished ...>
10286 +++ exited with 0 +++
10284 exit_group(0 <unfinished ...>
10287 <... exit resumed>)               = ?
10284 <... exit_group resumed>)         = ?
10287 +++ exited with 0 +++
10285 +++ exited with 0 +++
10284 +++ exited with 0 +++
10283 <... wait4 resumed>[{WIFEXITED(s) && WEXITSTATUS(s) == 0}], 0, NULL) = 10284
10283 --- SIGCHLD {si_signo=SIGCHLD, si_code=CLD_EXITED, si_pid=10284, si_uid=1001, si_status=0, si_utime=0, si_stime=1 /* 0.01 s */} ---
10283 exit_group(0)                     = ?
10283 +++ exited with 0 +++
10281 <... wait4 resumed>[{WIFEXITED(s) && WEXITSTATUS(s) == 0}], 0, NULL) = 10283
10281 --- SIGCHLD {si_signo=SIGCHLD, si_code=CLD_EXITED, si_pid=10283, si_uid=1001, si_status=0, si_utime=0, si_stime=0} ---
10281 exit_group(0)                     = ?
10281 +++ exited with 0 +++
10279 <... wait4 resumed>[{WIFEXITED(s) && WEXITSTATUS(s) == 0}], 0, NULL) = 10281
10279 --- SIGCHLD {si_signo=SIGCHLD, si_code=CLD_EXITED, si_pid=10281, si_uid=1001, si_status=0, si_utime=0, si_stime=0} ---
10279 exit_group(0)                     = ?
10279 +++ exited with 0 +++
