10410 execve("/home/runner/work/_temp/bootstrap-workspace/b4/compiler", ["/home/runner/work/_temp/bootstra"..., "build", "/home/runner/work/type-rb-native"..., "--output", "/home/runner/work/_temp/bootstra"..., "--qbe", "/home/runner/work/_temp/qbe-1.3/"..., "--cc", "/usr/bin/cc", "--target", "linux-arm64-v0"], 0xffffce62e5b8 /* 111 vars */) = 0
10410 clone(child_stack=NULL, flags=CLONE_CHILD_CLEARTID|CLONE_CHILD_SETTID|SIGCHLD, child_tidptr=0xff3f6f07bf90) = 10411
10410 wait4(10411,  <unfinished ...>
10411 execve("/home/runner/work/_temp/qbe-1.3/qbe", ["/home/runner/work/_temp/qbe-1.3/"..., "-t", "arm64", "-o", "/home/runner/work/_temp/bootstra"..., "/home/runner/work/_temp/bootstra"...], 0xffffeaad7d28 /* 111 vars */) = 0
10411 exit_group(0)                     = ?
10411 +++ exited with 0 +++
10410 <... wait4 resumed>[{WIFEXITED(s) && WEXITSTATUS(s) == 0}], 0, NULL) = 10411
10410 --- SIGCHLD {si_signo=SIGCHLD, si_code=CLD_EXITED, si_pid=10411, si_uid=1001, si_status=0, si_utime=0, si_stime=0} ---
10410 clone(child_stack=NULL, flags=CLONE_CHILD_CLEARTID|CLONE_CHILD_SETTID|SIGCHLD, child_tidptr=0xff3f6f07bf90) = 10412
10410 wait4(10412,  <unfinished ...>
10412 execve("/usr/bin/cc", ["/usr/bin/cc", "-xassembler", "/home/runner/work/_temp/bootstra"..., "-fuse-ld=lld", "-Wl,--gc-sections,--strip-all,--"..., "-lm", "-o", "/home/runner/work/_temp/bootstra"...], 0xffffeaad7d28 /* 111 vars */) = 0
10412 clone(child_stack=0xffffe6d951a0, flags=CLONE_VM|CLONE_VFORK|SIGCHLD <unfinished ...>
10413 execve("/home/runner/go/bin/as", ["as", "-EL", "-mabi=lp64", "-o", "/tmp/ccpx02PD.o", "/home/runner/work/_temp/bootstra"...], 0x2cfa4d70 /* 116 vars */) = -1 ENOENT (No such file or directory)
10413 execve("/opt/hostedtoolcache/go/1.27.1/arm64/bin/as", ["as", "-EL", "-mabi=lp64", "-o", "/tmp/ccpx02PD.o", "/home/runner/work/_temp/bootstra"...], 0x2cfa4d70 /* 116 vars */) = -1 ENOENT (No such file or directory)
10413 execve("/snap/bin/as", ["as", "-EL", "-mabi=lp64", "-o", "/tmp/ccpx02PD.o", "/home/runner/work/_temp/bootstra"...], 0x2cfa4d70 /* 116 vars */) = -1 ENOENT (No such file or directory)
10413 execve("/home/runner/.local/bin/as", ["as", "-EL", "-mabi=lp64", "-o", "/tmp/ccpx02PD.o", "/home/runner/work/_temp/bootstra"...], 0x2cfa4d70 /* 116 vars */) = -1 ENOENT (No such file or directory)
10413 execve("/opt/pipx_bin/as", ["as", "-EL", "-mabi=lp64", "-o", "/tmp/ccpx02PD.o", "/home/runner/work/_temp/bootstra"...], 0x2cfa4d70 /* 116 vars */) = -1 ENOENT (No such file or directory)
10413 execve("/home/runner/.cargo/bin/as", ["as", "-EL", "-mabi=lp64", "-o", "/tmp/ccpx02PD.o", "/home/runner/work/_temp/bootstra"...], 0x2cfa4d70 /* 116 vars */) = -1 ENOENT (No such file or directory)
10413 execve("/home/runner/.config/composer/vendor/bin/as", ["as", "-EL", "-mabi=lp64", "-o", "/tmp/ccpx02PD.o", "/home/runner/work/_temp/bootstra"...], 0x2cfa4d70 /* 116 vars */) = -1 ENOENT (No such file or directory)
10413 execve("/home/runner/.dotnet/tools/as", ["as", "-EL", "-mabi=lp64", "-o", "/tmp/ccpx02PD.o", "/home/runner/work/_temp/bootstra"...], 0x2cfa4d70 /* 116 vars */) = -1 ENOENT (No such file or directory)
10413 execve("/usr/local/sbin/as", ["as", "-EL", "-mabi=lp64", "-o", "/tmp/ccpx02PD.o", "/home/runner/work/_temp/bootstra"...], 0x2cfa4d70 /* 116 vars */) = -1 ENOENT (No such file or directory)
10413 execve("/usr/local/bin/as", ["as", "-EL", "-mabi=lp64", "-o", "/tmp/ccpx02PD.o", "/home/runner/work/_temp/bootstra"...], 0x2cfa4d70 /* 116 vars */) = -1 ENOENT (No such file or directory)
10413 execve("/usr/sbin/as", ["as", "-EL", "-mabi=lp64", "-o", "/tmp/ccpx02PD.o", "/home/runner/work/_temp/bootstra"...], 0x2cfa4d70 /* 116 vars */) = -1 ENOENT (No such file or directory)
10413 execve("/usr/bin/as", ["as", "-EL", "-mabi=lp64", "-o", "/tmp/ccpx02PD.o", "/home/runner/work/_temp/bootstra"...], 0x2cfa4d70 /* 116 vars */ <unfinished ...>
10412 <... clone resumed>)              = 10413
10413 <... execve resumed>)             = 0
10412 wait4(10413,  <unfinished ...>
10413 exit_group(0)                     = ?
10413 +++ exited with 0 +++
10412 <... wait4 resumed>[{WIFEXITED(s) && WEXITSTATUS(s) == 0}], 0, NULL) = 10413
10412 --- SIGCHLD {si_signo=SIGCHLD, si_code=CLD_EXITED, si_pid=10413, si_uid=1001, si_status=0, si_utime=0, si_stime=0} ---
10412 clone(child_stack=0xffffe6d942e0, flags=CLONE_VM|CLONE_VFORK|SIGCHLD <unfinished ...>
10414 execve("/usr/libexec/gcc/aarch64-linux-gnu/13/collect2", ["/usr/libexec/gcc/aarch64-linux-g"..., "-plugin", "/usr/libexec/gcc/aarch64-linux-g"..., "-plugin-opt=/usr/libexec/gcc/aar"..., "-plugin-opt=-fresolution=/tmp/cc"..., "-plugin-opt=-pass-through=-lgcc", "-plugin-opt=-pass-through=-lgcc_"..., "-plugin-opt=-pass-through=-lc", "-plugin-opt=-pass-through=-lgcc", "-plugin-opt=-pass-through=-lgcc_"..., "--build-id", "--eh-frame-hdr", "--hash-style=gnu", "--as-needed", "-dynamic-linker", "/lib/ld-linux-aarch64.so.1", "-X", "-EL", "-maarch64linux", "--fix-cortex-a53-843419", "-pie", "-z", "now", "-fuse-ld=lld", "-z", "relro", "-o", "/home/runner/work/_temp/bootstra"..., "/usr/lib/gcc/aarch64-linux-gnu/1"..., "/usr/lib/gcc/aarch64-linux-gnu/1"..., "/usr/lib/gcc/aarch64-linux-gnu/1"..., "-L/usr/lib/gcc/aarch64-linux-gnu"..., ...], 0x2cfa55a0 /* 118 vars */ <unfinished ...>
10412 <... clone resumed>)              = 10414
10414 <... execve resumed>)             = 0
10412 wait4(10414,  <unfinished ...>
10414 clone(child_stack=0xfffff5387a10, flags=CLONE_VM|CLONE_VFORK|SIGCHLD <unfinished ...>
10415 execve("/usr/bin/ld.lld", ["/usr/bin/ld.lld", "-plugin", "/usr/libexec/gcc/aarch64-linux-g"..., "-plugin-opt=/usr/libexec/gcc/aar"..., "-plugin-opt=-fresolution=/tmp/cc"..., "-plugin-opt=-pass-through=-lgcc", "-plugin-opt=-pass-through=-lgcc_"..., "-plugin-opt=-pass-through=-lc", "-plugin-opt=-pass-through=-lgcc", "-plugin-opt=-pass-through=-lgcc_"..., "--build-id", "--eh-frame-hdr", "--hash-style=gnu", "--as-needed", "-dynamic-linker", "/lib/ld-linux-aarch64.so.1", "-X", "-EL", "-maarch64linux", "--fix-cortex-a53-843419", "-pie", "-z", "now", "-z", "relro", "-o", "/home/runner/work/_temp/bootstra"..., "/usr/lib/gcc/aarch64-linux-gnu/1"..., "/usr/lib/gcc/aarch64-linux-gnu/1"..., "/usr/lib/gcc/aarch64-linux-gnu/1"..., "-L/usr/lib/gcc/aarch64-linux-gnu"..., "-L/usr/lib/gcc/aarch64-linux-gnu"..., ...], 0xfffff53880d8 /* 118 vars */ <unfinished ...>
10414 <... clone resumed>)              = 10415
10415 <... execve resumed>)             = 0
10414 wait4(10415,  <unfinished ...>
10415 clone3({flags=CLONE_VM|CLONE_FS|CLONE_FILES|CLONE_SIGHAND|CLONE_THREAD|CLONE_SYSVSEM|CLONE_SETTLS|CLONE_PARENT_SETTID|CLONE_CHILD_CLEARTID, child_tid=0xfff805dff050, parent_tid=0xfff805dff050, exit_signal=0, stack=0xfff801df0000, stack_size=0x400e840, tls=0xfff805dff6c0} => {parent_tid=[10416]}, 88) = 10416
10416 clone3({flags=CLONE_VM|CLONE_FS|CLONE_FILES|CLONE_SIGHAND|CLONE_THREAD|CLONE_SYSVSEM|CLONE_SETTLS|CLONE_PARENT_SETTID|CLONE_CHILD_CLEARTID, child_tid=0xfff7fbfff050, parent_tid=0xfff7fbfff050, exit_signal=0, stack=0xfff7f7ff0000, stack_size=0x400e840, tls=0xfff7fbfff6c0} => {parent_tid=[10417]}, 88) = 10417
10416 clone3({flags=CLONE_VM|CLONE_FS|CLONE_FILES|CLONE_SIGHAND|CLONE_THREAD|CLONE_SYSVSEM|CLONE_SETTLS|CLONE_PARENT_SETTID|CLONE_CHILD_CLEARTID, child_tid=0xfff7f7fef050, parent_tid=0xfff7f7fef050, exit_signal=0, stack=0xfff7f3fe0000, stack_size=0x400e840, tls=0xfff7f7fef6c0} => {parent_tid=[10418]}, 88) = 10418
10416 clone3({flags=CLONE_VM|CLONE_FS|CLONE_FILES|CLONE_SIGHAND|CLONE_THREAD|CLONE_SYSVSEM|CLONE_SETTLS|CLONE_PARENT_SETTID|CLONE_CHILD_CLEARTID, child_tid=0xfff7ebfff050, parent_tid=0xfff7ebfff050, exit_signal=0, stack=0xfff7e7ff0000, stack_size=0x400e840, tls=0xfff7ebfff6c0} => {parent_tid=[10419]}, 88) = 10419
10419 exit(0)                           = ?
10416 exit(0)                           = ?
10419 +++ exited with 0 +++
10418 exit(0 <unfinished ...>
10416 +++ exited with 0 +++
10418 <... exit resumed>)               = ?
10418 +++ exited with 0 +++
10415 exit_group(0)                     = ?
10417 +++ exited with 0 +++
10415 +++ exited with 0 +++
10414 <... wait4 resumed>[{WIFEXITED(s) && WEXITSTATUS(s) == 0}], 0, NULL) = 10415
10414 --- SIGCHLD {si_signo=SIGCHLD, si_code=CLD_EXITED, si_pid=10415, si_uid=1001, si_status=0, si_utime=0, si_stime=1 /* 0.01 s */} ---
10414 exit_group(0)                     = ?
10414 +++ exited with 0 +++
10412 <... wait4 resumed>[{WIFEXITED(s) && WEXITSTATUS(s) == 0}], 0, NULL) = 10414
10412 --- SIGCHLD {si_signo=SIGCHLD, si_code=CLD_EXITED, si_pid=10414, si_uid=1001, si_status=0, si_utime=0, si_stime=0} ---
10412 exit_group(0)                     = ?
10412 +++ exited with 0 +++
10410 <... wait4 resumed>[{WIFEXITED(s) && WEXITSTATUS(s) == 0}], 0, NULL) = 10412
10410 --- SIGCHLD {si_signo=SIGCHLD, si_code=CLD_EXITED, si_pid=10412, si_uid=1001, si_status=0, si_utime=0, si_stime=0} ---
10410 exit_group(0)                     = ?
10410 +++ exited with 0 +++
