8804  execve("/home/runner/work/_temp/bootstrap-workspace/b4/compiler", ["/home/runner/work/_temp/bootstra"..., "build", "/home/runner/work/type-rb-native"..., "--output", "/home/runner/work/_temp/bootstra"..., "--qbe", "/home/runner/work/_temp/qbe-1.3/"..., "--cc", "/usr/bin/cc", "--target", "linux-arm64-v0"], 0xffffd6cf2958 /* 111 vars */) = 0
8804  clone(child_stack=NULL, flags=CLONE_CHILD_CLEARTID|CLONE_CHILD_SETTID|SIGCHLD, child_tidptr=0xffe67ab1cf90) = 8805
8804  wait4(8805,  <unfinished ...>
8805  execve("/home/runner/work/_temp/qbe-1.3/qbe", ["/home/runner/work/_temp/qbe-1.3/"..., "-t", "arm64", "-o", "/home/runner/work/_temp/bootstra"..., "/home/runner/work/_temp/bootstra"...], 0xfffff7a3c5e8 /* 111 vars */) = 0
8805  exit_group(0)                     = ?
8805  +++ exited with 0 +++
8804  <... wait4 resumed>[{WIFEXITED(s) && WEXITSTATUS(s) == 0}], 0, NULL) = 8805
8804  --- SIGCHLD {si_signo=SIGCHLD, si_code=CLD_EXITED, si_pid=8805, si_uid=1001, si_status=0, si_utime=0, si_stime=0} ---
8804  clone(child_stack=NULL, flags=CLONE_CHILD_CLEARTID|CLONE_CHILD_SETTID|SIGCHLD, child_tidptr=0xffe67ab1cf90) = 8806
8804  wait4(8806,  <unfinished ...>
8806  execve("/usr/bin/cc", ["/usr/bin/cc", "-xassembler", "/home/runner/work/_temp/bootstra"..., "-fuse-ld=lld", "-Wl,--gc-sections,--strip-all", "-lm", "-o", "/home/runner/work/_temp/bootstra"...], 0xfffff7a3c5e8 /* 111 vars */) = 0
8806  clone(child_stack=0xfffff0a01f30, flags=CLONE_VM|CLONE_VFORK|SIGCHLD <unfinished ...>
8807  execve("/home/runner/go/bin/as", ["as", "-EL", "-mabi=lp64", "-o", "/tmp/ccoy6Xc2.o", "/home/runner/work/_temp/bootstra"...], 0xedddd50 /* 116 vars */) = -1 ENOENT (No such file or directory)
8807  execve("/opt/hostedtoolcache/go/1.27.0/arm64/bin/as", ["as", "-EL", "-mabi=lp64", "-o", "/tmp/ccoy6Xc2.o", "/home/runner/work/_temp/bootstra"...], 0xedddd50 /* 116 vars */) = -1 ENOENT (No such file or directory)
8807  execve("/snap/bin/as", ["as", "-EL", "-mabi=lp64", "-o", "/tmp/ccoy6Xc2.o", "/home/runner/work/_temp/bootstra"...], 0xedddd50 /* 116 vars */) = -1 ENOENT (No such file or directory)
8807  execve("/home/runner/.local/bin/as", ["as", "-EL", "-mabi=lp64", "-o", "/tmp/ccoy6Xc2.o", "/home/runner/work/_temp/bootstra"...], 0xedddd50 /* 116 vars */) = -1 ENOENT (No such file or directory)
8807  execve("/opt/pipx_bin/as", ["as", "-EL", "-mabi=lp64", "-o", "/tmp/ccoy6Xc2.o", "/home/runner/work/_temp/bootstra"...], 0xedddd50 /* 116 vars */) = -1 ENOENT (No such file or directory)
8807  execve("/home/runner/.cargo/bin/as", ["as", "-EL", "-mabi=lp64", "-o", "/tmp/ccoy6Xc2.o", "/home/runner/work/_temp/bootstra"...], 0xedddd50 /* 116 vars */) = -1 ENOENT (No such file or directory)
8807  execve("/home/runner/.config/composer/vendor/bin/as", ["as", "-EL", "-mabi=lp64", "-o", "/tmp/ccoy6Xc2.o", "/home/runner/work/_temp/bootstra"...], 0xedddd50 /* 116 vars */) = -1 ENOENT (No such file or directory)
8807  execve("/home/runner/.dotnet/tools/as", ["as", "-EL", "-mabi=lp64", "-o", "/tmp/ccoy6Xc2.o", "/home/runner/work/_temp/bootstra"...], 0xedddd50 /* 116 vars */) = -1 ENOENT (No such file or directory)
8807  execve("/usr/local/sbin/as", ["as", "-EL", "-mabi=lp64", "-o", "/tmp/ccoy6Xc2.o", "/home/runner/work/_temp/bootstra"...], 0xedddd50 /* 116 vars */) = -1 ENOENT (No such file or directory)
8807  execve("/usr/local/bin/as", ["as", "-EL", "-mabi=lp64", "-o", "/tmp/ccoy6Xc2.o", "/home/runner/work/_temp/bootstra"...], 0xedddd50 /* 116 vars */) = -1 ENOENT (No such file or directory)
8807  execve("/usr/sbin/as", ["as", "-EL", "-mabi=lp64", "-o", "/tmp/ccoy6Xc2.o", "/home/runner/work/_temp/bootstra"...], 0xedddd50 /* 116 vars */) = -1 ENOENT (No such file or directory)
8807  execve("/usr/bin/as", ["as", "-EL", "-mabi=lp64", "-o", "/tmp/ccoy6Xc2.o", "/home/runner/work/_temp/bootstra"...], 0xedddd50 /* 116 vars */ <unfinished ...>
8806  <... clone resumed>)              = 8807
8807  <... execve resumed>)             = 0
8806  wait4(8807,  <unfinished ...>
8807  exit_group(0)                     = ?
8807  +++ exited with 0 +++
8806  <... wait4 resumed>[{WIFEXITED(s) && WEXITSTATUS(s) == 0}], 0, NULL) = 8807
8806  --- SIGCHLD {si_signo=SIGCHLD, si_code=CLD_EXITED, si_pid=8807, si_uid=1001, si_status=0, si_utime=0, si_stime=0} ---
8806  clone(child_stack=0xfffff0a01070, flags=CLONE_VM|CLONE_VFORK|SIGCHLD <unfinished ...>
8808  execve("/usr/libexec/gcc/aarch64-linux-gnu/13/collect2", ["/usr/libexec/gcc/aarch64-linux-g"..., "-plugin", "/usr/libexec/gcc/aarch64-linux-g"..., "-plugin-opt=/usr/libexec/gcc/aar"..., "-plugin-opt=-fresolution=/tmp/cc"..., "-plugin-opt=-pass-through=-lgcc", "-plugin-opt=-pass-through=-lgcc_"..., "-plugin-opt=-pass-through=-lc", "-plugin-opt=-pass-through=-lgcc", "-plugin-opt=-pass-through=-lgcc_"..., "--build-id", "--eh-frame-hdr", "--hash-style=gnu", "--as-needed", "-dynamic-linker", "/lib/ld-linux-aarch64.so.1", "-X", "-EL", "-maarch64linux", "--fix-cortex-a53-843419", "-pie", "-z", "now", "-fuse-ld=lld", "-z", "relro", "-o", "/home/runner/work/_temp/bootstra"..., "/usr/lib/gcc/aarch64-linux-gnu/1"..., "/usr/lib/gcc/aarch64-linux-gnu/1"..., "/usr/lib/gcc/aarch64-linux-gnu/1"..., "-L/usr/lib/gcc/aarch64-linux-gnu"..., ...], 0xedde580 /* 118 vars */ <unfinished ...>
8806  <... clone resumed>)              = 8808
8808  <... execve resumed>)             = 0
8806  wait4(8808,  <unfinished ...>
8808  clone(child_stack=0xffffeeb97270, flags=CLONE_VM|CLONE_VFORK|SIGCHLD <unfinished ...>
8809  execve("/usr/bin/ld.lld", ["/usr/bin/ld.lld", "-plugin", "/usr/libexec/gcc/aarch64-linux-g"..., "-plugin-opt=/usr/libexec/gcc/aar"..., "-plugin-opt=-fresolution=/tmp/cc"..., "-plugin-opt=-pass-through=-lgcc", "-plugin-opt=-pass-through=-lgcc_"..., "-plugin-opt=-pass-through=-lc", "-plugin-opt=-pass-through=-lgcc", "-plugin-opt=-pass-through=-lgcc_"..., "--build-id", "--eh-frame-hdr", "--hash-style=gnu", "--as-needed", "-dynamic-linker", "/lib/ld-linux-aarch64.so.1", "-X", "-EL", "-maarch64linux", "--fix-cortex-a53-843419", "-pie", "-z", "now", "-z", "relro", "-o", "/home/runner/work/_temp/bootstra"..., "/usr/lib/gcc/aarch64-linux-gnu/1"..., "/usr/lib/gcc/aarch64-linux-gnu/1"..., "/usr/lib/gcc/aarch64-linux-gnu/1"..., "-L/usr/lib/gcc/aarch64-linux-gnu"..., "-L/usr/lib/gcc/aarch64-linux-gnu"..., ...], 0xffffeeb97930 /* 118 vars */ <unfinished ...>
8808  <... clone resumed>)              = 8809
8809  <... execve resumed>)             = 0
8808  wait4(8809,  <unfinished ...>
8809  clone3({flags=CLONE_VM|CLONE_FS|CLONE_FILES|CLONE_SIGHAND|CLONE_THREAD|CLONE_SYSVSEM|CLONE_SETTLS|CLONE_PARENT_SETTID|CLONE_CHILD_CLEARTID, child_tid=0xff61997ff050, parent_tid=0xff61997ff050, exit_signal=0, stack=0xff61957f0000, stack_size=0x400e840, tls=0xff61997ff6c0} => {parent_tid=[8810]}, 88) = 8810
8810  clone3({flags=CLONE_VM|CLONE_FS|CLONE_FILES|CLONE_SIGHAND|CLONE_THREAD|CLONE_SYSVSEM|CLONE_SETTLS|CLONE_PARENT_SETTID|CLONE_CHILD_CLEARTID, child_tid=0xff618ffff050, parent_tid=0xff618ffff050, exit_signal=0, stack=0xff618bff0000, stack_size=0x400e840, tls=0xff618ffff6c0} => {parent_tid=[8811]}, 88) = 8811
8810  clone3({flags=CLONE_VM|CLONE_FS|CLONE_FILES|CLONE_SIGHAND|CLONE_THREAD|CLONE_SYSVSEM|CLONE_SETTLS|CLONE_PARENT_SETTID|CLONE_CHILD_CLEARTID, child_tid=0xff618bfef050, parent_tid=0xff618bfef050, exit_signal=0, stack=0xff6187fe0000, stack_size=0x400e840, tls=0xff618bfef6c0} => {parent_tid=[8812]}, 88) = 8812
8810  clone3({flags=CLONE_VM|CLONE_FS|CLONE_FILES|CLONE_SIGHAND|CLONE_THREAD|CLONE_SYSVSEM|CLONE_SETTLS|CLONE_PARENT_SETTID|CLONE_CHILD_CLEARTID, child_tid=0xff617ffff050, parent_tid=0xff617ffff050, exit_signal=0, stack=0xff617bff0000, stack_size=0x400e840, tls=0xff617ffff6c0} => {parent_tid=[8813]}, 88) = 8813
8811  exit(0)                           = ?
8811  +++ exited with 0 +++
8810  exit(0 <unfinished ...>
8813  exit(0 <unfinished ...>
8810  <... exit resumed>)               = ?
8813  <... exit resumed>)               = ?
8812  exit(0 <unfinished ...>
8809  exit_group(0 <unfinished ...>
8810  +++ exited with 0 +++
8813  +++ exited with 0 +++
8809  <... exit_group resumed>)         = ?
8812  +++ exited with 0 +++
8809  +++ exited with 0 +++
8808  <... wait4 resumed>[{WIFEXITED(s) && WEXITSTATUS(s) == 0}], 0, NULL) = 8809
8808  --- SIGCHLD {si_signo=SIGCHLD, si_code=CLD_EXITED, si_pid=8809, si_uid=1001, si_status=0, si_utime=1 /* 0.01 s */, si_stime=1 /* 0.01 s */} ---
8808  exit_group(0)                     = ?
8808  +++ exited with 0 +++
8806  <... wait4 resumed>[{WIFEXITED(s) && WEXITSTATUS(s) == 0}], 0, NULL) = 8808
8806  --- SIGCHLD {si_signo=SIGCHLD, si_code=CLD_EXITED, si_pid=8808, si_uid=1001, si_status=0, si_utime=0, si_stime=0} ---
8806  exit_group(0)                     = ?
8806  +++ exited with 0 +++
8804  <... wait4 resumed>[{WIFEXITED(s) && WEXITSTATUS(s) == 0}], 0, NULL) = 8806
8804  --- SIGCHLD {si_signo=SIGCHLD, si_code=CLD_EXITED, si_pid=8806, si_uid=1001, si_status=0, si_utime=0, si_stime=0} ---
8804  exit_group(0)                     = ?
8804  +++ exited with 0 +++
