7895  execve("/home/runner/work/_temp/candidate-bootstrap-workspace/b4/compiler", ["/home/runner/work/_temp/candidat"..., "build", "/home/runner/work/type-rb-native"..., "--output", "/home/runner/work/_temp/candidat"..., "--qbe", "/home/runner/work/_temp/qbe-1.3/"..., "--cc", "/usr/bin/cc", "--target", "linux-arm64-v0"], 0xffffc88ac6a8 /* 111 vars */) = 0
7895  clone(child_stack=NULL, flags=CLONE_CHILD_CLEARTID|CLONE_CHILD_SETTID|SIGCHLD, child_tidptr=0xffd65beeef90) = 7896
7895  wait4(7896,  <unfinished ...>
7896  execve("/home/runner/work/_temp/qbe-1.3/qbe", ["/home/runner/work/_temp/qbe-1.3/"..., "-t", "arm64", "-o", "/home/runner/work/_temp/candidat"..., "/home/runner/work/_temp/candidat"...], 0xffffe403b278 /* 111 vars */) = 0
7896  exit_group(0)                     = ?
7896  +++ exited with 0 +++
7895  <... wait4 resumed>[{WIFEXITED(s) && WEXITSTATUS(s) == 0}], 0, NULL) = 7896
7895  --- SIGCHLD {si_signo=SIGCHLD, si_code=CLD_EXITED, si_pid=7896, si_uid=1001, si_status=0, si_utime=0, si_stime=0} ---
7895  clone(child_stack=NULL, flags=CLONE_CHILD_CLEARTID|CLONE_CHILD_SETTID|SIGCHLD, child_tidptr=0xffd65beeef90) = 7897
7895  wait4(7897,  <unfinished ...>
7897  execve("/usr/bin/cc", ["/usr/bin/cc", "-xassembler", "/home/runner/work/_temp/candidat"..., "-fuse-ld=lld", "-Wl,--gc-sections,--strip-all", "-lm", "-o", "/home/runner/work/_temp/candidat"...], 0xffffe403b278 /* 111 vars */) = 0
7897  clone(child_stack=0xfffff7456870, flags=CLONE_VM|CLONE_VFORK|SIGCHLD <unfinished ...>
7898  execve("/snap/bin/as", ["as", "-EL", "-mabi=lp64", "-o", "/tmp/ccDY3Fjl.o", "/home/runner/work/_temp/candidat"...], 0x3ea91d60 /* 116 vars */) = -1 ENOENT (No such file or directory)
7898  execve("/home/runner/.local/bin/as", ["as", "-EL", "-mabi=lp64", "-o", "/tmp/ccDY3Fjl.o", "/home/runner/work/_temp/candidat"...], 0x3ea91d60 /* 116 vars */) = -1 ENOENT (No such file or directory)
7898  execve("/opt/pipx_bin/as", ["as", "-EL", "-mabi=lp64", "-o", "/tmp/ccDY3Fjl.o", "/home/runner/work/_temp/candidat"...], 0x3ea91d60 /* 116 vars */) = -1 ENOENT (No such file or directory)
7898  execve("/home/runner/.cargo/bin/as", ["as", "-EL", "-mabi=lp64", "-o", "/tmp/ccDY3Fjl.o", "/home/runner/work/_temp/candidat"...], 0x3ea91d60 /* 116 vars */) = -1 ENOENT (No such file or directory)
7898  execve("/home/runner/.config/composer/vendor/bin/as", ["as", "-EL", "-mabi=lp64", "-o", "/tmp/ccDY3Fjl.o", "/home/runner/work/_temp/candidat"...], 0x3ea91d60 /* 116 vars */) = -1 ENOENT (No such file or directory)
7898  execve("/home/runner/.dotnet/tools/as", ["as", "-EL", "-mabi=lp64", "-o", "/tmp/ccDY3Fjl.o", "/home/runner/work/_temp/candidat"...], 0x3ea91d60 /* 116 vars */) = -1 ENOENT (No such file or directory)
7898  execve("/usr/local/sbin/as", ["as", "-EL", "-mabi=lp64", "-o", "/tmp/ccDY3Fjl.o", "/home/runner/work/_temp/candidat"...], 0x3ea91d60 /* 116 vars */) = -1 ENOENT (No such file or directory)
7898  execve("/usr/local/bin/as", ["as", "-EL", "-mabi=lp64", "-o", "/tmp/ccDY3Fjl.o", "/home/runner/work/_temp/candidat"...], 0x3ea91d60 /* 116 vars */) = -1 ENOENT (No such file or directory)
7898  execve("/usr/sbin/as", ["as", "-EL", "-mabi=lp64", "-o", "/tmp/ccDY3Fjl.o", "/home/runner/work/_temp/candidat"...], 0x3ea91d60 /* 116 vars */) = -1 ENOENT (No such file or directory)
7898  execve("/usr/bin/as", ["as", "-EL", "-mabi=lp64", "-o", "/tmp/ccDY3Fjl.o", "/home/runner/work/_temp/candidat"...], 0x3ea91d60 /* 116 vars */ <unfinished ...>
7897  <... clone resumed>)              = 7898
7898  <... execve resumed>)             = 0
7897  wait4(7898,  <unfinished ...>
7898  exit_group(0)                     = ?
7898  +++ exited with 0 +++
7897  <... wait4 resumed>[{WIFEXITED(s) && WEXITSTATUS(s) == 0}], 0, NULL) = 7898
7897  --- SIGCHLD {si_signo=SIGCHLD, si_code=CLD_EXITED, si_pid=7898, si_uid=1001, si_status=0, si_utime=0, si_stime=0} ---
7897  clone(child_stack=0xfffff74559b0, flags=CLONE_VM|CLONE_VFORK|SIGCHLD <unfinished ...>
7899  execve("/usr/libexec/gcc/aarch64-linux-gnu/13/collect2", ["/usr/libexec/gcc/aarch64-linux-g"..., "-plugin", "/usr/libexec/gcc/aarch64-linux-g"..., "-plugin-opt=/usr/libexec/gcc/aar"..., "-plugin-opt=-fresolution=/tmp/cc"..., "-plugin-opt=-pass-through=-lgcc", "-plugin-opt=-pass-through=-lgcc_"..., "-plugin-opt=-pass-through=-lc", "-plugin-opt=-pass-through=-lgcc", "-plugin-opt=-pass-through=-lgcc_"..., "--build-id", "--eh-frame-hdr", "--hash-style=gnu", "--as-needed", "-dynamic-linker", "/lib/ld-linux-aarch64.so.1", "-X", "-EL", "-maarch64linux", "--fix-cortex-a53-843419", "-pie", "-z", "now", "-fuse-ld=lld", "-z", "relro", "-o", "/home/runner/work/_temp/candidat"..., "/usr/lib/gcc/aarch64-linux-gnu/1"..., "/usr/lib/gcc/aarch64-linux-gnu/1"..., "/usr/lib/gcc/aarch64-linux-gnu/1"..., "-L/usr/lib/gcc/aarch64-linux-gnu"..., ...], 0x3ea92590 /* 118 vars */ <unfinished ...>
7897  <... clone resumed>)              = 7899
7899  <... execve resumed>)             = 0
7897  wait4(7899,  <unfinished ...>
7899  clone(child_stack=0xffffefbfc5d0, flags=CLONE_VM|CLONE_VFORK|SIGCHLD <unfinished ...>
7900  execve("/usr/bin/ld.lld", ["/usr/bin/ld.lld", "-plugin", "/usr/libexec/gcc/aarch64-linux-g"..., "-plugin-opt=/usr/libexec/gcc/aar"..., "-plugin-opt=-fresolution=/tmp/cc"..., "-plugin-opt=-pass-through=-lgcc", "-plugin-opt=-pass-through=-lgcc_"..., "-plugin-opt=-pass-through=-lc", "-plugin-opt=-pass-through=-lgcc", "-plugin-opt=-pass-through=-lgcc_"..., "--build-id", "--eh-frame-hdr", "--hash-style=gnu", "--as-needed", "-dynamic-linker", "/lib/ld-linux-aarch64.so.1", "-X", "-EL", "-maarch64linux", "--fix-cortex-a53-843419", "-pie", "-z", "now", "-z", "relro", "-o", "/home/runner/work/_temp/candidat"..., "/usr/lib/gcc/aarch64-linux-gnu/1"..., "/usr/lib/gcc/aarch64-linux-gnu/1"..., "/usr/lib/gcc/aarch64-linux-gnu/1"..., "-L/usr/lib/gcc/aarch64-linux-gnu"..., "-L/usr/lib/gcc/aarch64-linux-gnu"..., ...], 0xffffefbfcc90 /* 118 vars */ <unfinished ...>
7899  <... clone resumed>)              = 7900
7900  <... execve resumed>)             = 0
7899  wait4(7900,  <unfinished ...>
7900  clone3({flags=CLONE_VM|CLONE_FS|CLONE_FILES|CLONE_SIGHAND|CLONE_THREAD|CLONE_SYSVSEM|CLONE_SETTLS|CLONE_PARENT_SETTID|CLONE_CHILD_CLEARTID, child_tid=0xffe3eadff050, parent_tid=0xffe3eadff050, exit_signal=0, stack=0xffe3e6df0000, stack_size=0x400e840, tls=0xffe3eadff6c0} => {parent_tid=[7901]}, 88) = 7901
7901  clone3({flags=CLONE_VM|CLONE_FS|CLONE_FILES|CLONE_SIGHAND|CLONE_THREAD|CLONE_SYSVSEM|CLONE_SETTLS|CLONE_PARENT_SETTID|CLONE_CHILD_CLEARTID, child_tid=0xffe3dffff050, parent_tid=0xffe3dffff050, exit_signal=0, stack=0xffe3dbff0000, stack_size=0x400e840, tls=0xffe3dffff6c0} => {parent_tid=[7902]}, 88) = 7902
7901  clone3({flags=CLONE_VM|CLONE_FS|CLONE_FILES|CLONE_SIGHAND|CLONE_THREAD|CLONE_SYSVSEM|CLONE_SETTLS|CLONE_PARENT_SETTID|CLONE_CHILD_CLEARTID, child_tid=0xffe3dbfef050, parent_tid=0xffe3dbfef050, exit_signal=0, stack=0xffe3d7fe0000, stack_size=0x400e840, tls=0xffe3dbfef6c0} => {parent_tid=[7903]}, 88) = 7903
7901  clone3({flags=CLONE_VM|CLONE_FS|CLONE_FILES|CLONE_SIGHAND|CLONE_THREAD|CLONE_SYSVSEM|CLONE_SETTLS|CLONE_PARENT_SETTID|CLONE_CHILD_CLEARTID, child_tid=0xffe3cffff050, parent_tid=0xffe3cffff050, exit_signal=0, stack=0xffe3cbff0000, stack_size=0x400e840, tls=0xffe3cffff6c0} => {parent_tid=[7904]}, 88) = 7904
7903  exit(0)                           = ?
7902  exit(0)                           = ?
7903  +++ exited with 0 +++
7902  +++ exited with 0 +++
7900  exit_group(0 <unfinished ...>
7901  ???( <unfinished ...>
7900  <... exit_group resumed>)         = ?
7904  +++ exited with 0 +++
7901  +++ exited with 0 +++
7900  +++ exited with 0 +++
7899  <... wait4 resumed>[{WIFEXITED(s) && WEXITSTATUS(s) == 0}], 0, NULL) = 7900
7899  --- SIGCHLD {si_signo=SIGCHLD, si_code=CLD_EXITED, si_pid=7900, si_uid=1001, si_status=0, si_utime=1 /* 0.01 s */, si_stime=1 /* 0.01 s */} ---
7899  exit_group(0)                     = ?
7899  +++ exited with 0 +++
7897  <... wait4 resumed>[{WIFEXITED(s) && WEXITSTATUS(s) == 0}], 0, NULL) = 7899
7897  --- SIGCHLD {si_signo=SIGCHLD, si_code=CLD_EXITED, si_pid=7899, si_uid=1001, si_status=0, si_utime=0, si_stime=0} ---
7897  exit_group(0)                     = ?
7897  +++ exited with 0 +++
7895  <... wait4 resumed>[{WIFEXITED(s) && WEXITSTATUS(s) == 0}], 0, NULL) = 7897
7895  --- SIGCHLD {si_signo=SIGCHLD, si_code=CLD_EXITED, si_pid=7897, si_uid=1001, si_status=0, si_utime=0, si_stime=0} ---
7895  exit_group(0)                     = ?
7895  +++ exited with 0 +++
