9312  execve("/home/runner/work/_temp/bootstrap-workspace/b4/compiler", ["/home/runner/work/_temp/bootstra"..., "build", "/home/runner/work/type-rb-native"..., "--output", "/home/runner/work/_temp/bootstra"..., "--qbe", "/home/runner/work/_temp/qbe-1.3/"..., "--cc", "/usr/bin/cc", "--target", "linux-arm64-v0"], 0xfffff8e0b5c8 /* 111 vars */) = 0
9312  clone(child_stack=NULL, flags=CLONE_CHILD_CLEARTID|CLONE_CHILD_SETTID|SIGCHLD, child_tidptr=0xff677dfc5f90) = 9313
9312  wait4(9313,  <unfinished ...>
9313  execve("/home/runner/work/_temp/qbe-1.3/qbe", ["/home/runner/work/_temp/qbe-1.3/"..., "-t", "arm64", "-o", "/home/runner/work/_temp/bootstra"..., "/home/runner/work/_temp/bootstra"...], 0xffffe28b1bc8 /* 111 vars */) = 0
9313  exit_group(0)                     = ?
9313  +++ exited with 0 +++
9312  <... wait4 resumed>[{WIFEXITED(s) && WEXITSTATUS(s) == 0}], 0, NULL) = 9313
9312  --- SIGCHLD {si_signo=SIGCHLD, si_code=CLD_EXITED, si_pid=9313, si_uid=1001, si_status=0, si_utime=0, si_stime=0} ---
9312  clone(child_stack=NULL, flags=CLONE_CHILD_CLEARTID|CLONE_CHILD_SETTID|SIGCHLD, child_tidptr=0xff677dfc5f90) = 9314
9312  wait4(9314,  <unfinished ...>
9314  execve("/usr/bin/cc", ["/usr/bin/cc", "-xassembler", "/home/runner/work/_temp/bootstra"..., "-fuse-ld=lld", "-Wl,--gc-sections,--strip-all", "-lm", "-o", "/home/runner/work/_temp/bootstra"...], 0xffffe28b1bc8 /* 111 vars */) = 0
9314  clone(child_stack=0xffffdde11020, flags=CLONE_VM|CLONE_VFORK|SIGCHLD <unfinished ...>
9315  execve("/home/runner/go/bin/as", ["as", "-EL", "-mabi=lp64", "-o", "/tmp/ccjzT3Np.o", "/home/runner/work/_temp/bootstra"...], 0x3b255d50 /* 116 vars */) = -1 ENOENT (No such file or directory)
9315  execve("/opt/hostedtoolcache/go/1.27.0/arm64/bin/as", ["as", "-EL", "-mabi=lp64", "-o", "/tmp/ccjzT3Np.o", "/home/runner/work/_temp/bootstra"...], 0x3b255d50 /* 116 vars */) = -1 ENOENT (No such file or directory)
9315  execve("/snap/bin/as", ["as", "-EL", "-mabi=lp64", "-o", "/tmp/ccjzT3Np.o", "/home/runner/work/_temp/bootstra"...], 0x3b255d50 /* 116 vars */) = -1 ENOENT (No such file or directory)
9315  execve("/home/runner/.local/bin/as", ["as", "-EL", "-mabi=lp64", "-o", "/tmp/ccjzT3Np.o", "/home/runner/work/_temp/bootstra"...], 0x3b255d50 /* 116 vars */) = -1 ENOENT (No such file or directory)
9315  execve("/opt/pipx_bin/as", ["as", "-EL", "-mabi=lp64", "-o", "/tmp/ccjzT3Np.o", "/home/runner/work/_temp/bootstra"...], 0x3b255d50 /* 116 vars */) = -1 ENOENT (No such file or directory)
9315  execve("/home/runner/.cargo/bin/as", ["as", "-EL", "-mabi=lp64", "-o", "/tmp/ccjzT3Np.o", "/home/runner/work/_temp/bootstra"...], 0x3b255d50 /* 116 vars */) = -1 ENOENT (No such file or directory)
9315  execve("/home/runner/.config/composer/vendor/bin/as", ["as", "-EL", "-mabi=lp64", "-o", "/tmp/ccjzT3Np.o", "/home/runner/work/_temp/bootstra"...], 0x3b255d50 /* 116 vars */) = -1 ENOENT (No such file or directory)
9315  execve("/home/runner/.dotnet/tools/as", ["as", "-EL", "-mabi=lp64", "-o", "/tmp/ccjzT3Np.o", "/home/runner/work/_temp/bootstra"...], 0x3b255d50 /* 116 vars */) = -1 ENOENT (No such file or directory)
9315  execve("/usr/local/sbin/as", ["as", "-EL", "-mabi=lp64", "-o", "/tmp/ccjzT3Np.o", "/home/runner/work/_temp/bootstra"...], 0x3b255d50 /* 116 vars */) = -1 ENOENT (No such file or directory)
9315  execve("/usr/local/bin/as", ["as", "-EL", "-mabi=lp64", "-o", "/tmp/ccjzT3Np.o", "/home/runner/work/_temp/bootstra"...], 0x3b255d50 /* 116 vars */) = -1 ENOENT (No such file or directory)
9315  execve("/usr/sbin/as", ["as", "-EL", "-mabi=lp64", "-o", "/tmp/ccjzT3Np.o", "/home/runner/work/_temp/bootstra"...], 0x3b255d50 /* 116 vars */) = -1 ENOENT (No such file or directory)
9315  execve("/usr/bin/as", ["as", "-EL", "-mabi=lp64", "-o", "/tmp/ccjzT3Np.o", "/home/runner/work/_temp/bootstra"...], 0x3b255d50 /* 116 vars */ <unfinished ...>
9314  <... clone resumed>)              = 9315
9315  <... execve resumed>)             = 0
9314  wait4(9315,  <unfinished ...>
9315  exit_group(0)                     = ?
9315  +++ exited with 0 +++
9314  <... wait4 resumed>[{WIFEXITED(s) && WEXITSTATUS(s) == 0}], 0, NULL) = 9315
9314  --- SIGCHLD {si_signo=SIGCHLD, si_code=CLD_EXITED, si_pid=9315, si_uid=1001, si_status=0, si_utime=0, si_stime=0} ---
9314  clone(child_stack=0xffffdde10160, flags=CLONE_VM|CLONE_VFORK|SIGCHLD <unfinished ...>
9316  execve("/usr/libexec/gcc/aarch64-linux-gnu/13/collect2", ["/usr/libexec/gcc/aarch64-linux-g"..., "-plugin", "/usr/libexec/gcc/aarch64-linux-g"..., "-plugin-opt=/usr/libexec/gcc/aar"..., "-plugin-opt=-fresolution=/tmp/cc"..., "-plugin-opt=-pass-through=-lgcc", "-plugin-opt=-pass-through=-lgcc_"..., "-plugin-opt=-pass-through=-lc", "-plugin-opt=-pass-through=-lgcc", "-plugin-opt=-pass-through=-lgcc_"..., "--build-id", "--eh-frame-hdr", "--hash-style=gnu", "--as-needed", "-dynamic-linker", "/lib/ld-linux-aarch64.so.1", "-X", "-EL", "-maarch64linux", "--fix-cortex-a53-843419", "-pie", "-z", "now", "-fuse-ld=lld", "-z", "relro", "-o", "/home/runner/work/_temp/bootstra"..., "/usr/lib/gcc/aarch64-linux-gnu/1"..., "/usr/lib/gcc/aarch64-linux-gnu/1"..., "/usr/lib/gcc/aarch64-linux-gnu/1"..., "-L/usr/lib/gcc/aarch64-linux-gnu"..., ...], 0x3b256580 /* 118 vars */ <unfinished ...>
9314  <... clone resumed>)              = 9316
9316  <... execve resumed>)             = 0
9314  wait4(9316,  <unfinished ...>
9316  clone(child_stack=0xffffd5ff3860, flags=CLONE_VM|CLONE_VFORK|SIGCHLD <unfinished ...>
9317  execve("/usr/bin/ld.lld", ["/usr/bin/ld.lld", "-plugin", "/usr/libexec/gcc/aarch64-linux-g"..., "-plugin-opt=/usr/libexec/gcc/aar"..., "-plugin-opt=-fresolution=/tmp/cc"..., "-plugin-opt=-pass-through=-lgcc", "-plugin-opt=-pass-through=-lgcc_"..., "-plugin-opt=-pass-through=-lc", "-plugin-opt=-pass-through=-lgcc", "-plugin-opt=-pass-through=-lgcc_"..., "--build-id", "--eh-frame-hdr", "--hash-style=gnu", "--as-needed", "-dynamic-linker", "/lib/ld-linux-aarch64.so.1", "-X", "-EL", "-maarch64linux", "--fix-cortex-a53-843419", "-pie", "-z", "now", "-z", "relro", "-o", "/home/runner/work/_temp/bootstra"..., "/usr/lib/gcc/aarch64-linux-gnu/1"..., "/usr/lib/gcc/aarch64-linux-gnu/1"..., "/usr/lib/gcc/aarch64-linux-gnu/1"..., "-L/usr/lib/gcc/aarch64-linux-gnu"..., "-L/usr/lib/gcc/aarch64-linux-gnu"..., ...], 0xffffd5ff3f20 /* 118 vars */ <unfinished ...>
9316  <... clone resumed>)              = 9317
9317  <... execve resumed>)             = 0
9316  wait4(9317,  <unfinished ...>
9317  clone3({flags=CLONE_VM|CLONE_FS|CLONE_FILES|CLONE_SIGHAND|CLONE_THREAD|CLONE_SYSVSEM|CLONE_SETTLS|CLONE_PARENT_SETTID|CLONE_CHILD_CLEARTID, child_tid=0xff6b527ff050, parent_tid=0xff6b527ff050, exit_signal=0, stack=0xff6b4e7f0000, stack_size=0x400e840, tls=0xff6b527ff6c0} => {parent_tid=[9318]}, 88) = 9318
9318  clone3({flags=CLONE_VM|CLONE_FS|CLONE_FILES|CLONE_SIGHAND|CLONE_THREAD|CLONE_SYSVSEM|CLONE_SETTLS|CLONE_PARENT_SETTID|CLONE_CHILD_CLEARTID, child_tid=0xff6b47fff050, parent_tid=0xff6b47fff050, exit_signal=0, stack=0xff6b43ff0000, stack_size=0x400e840, tls=0xff6b47fff6c0} => {parent_tid=[9319]}, 88) = 9319
9318  clone3({flags=CLONE_VM|CLONE_FS|CLONE_FILES|CLONE_SIGHAND|CLONE_THREAD|CLONE_SYSVSEM|CLONE_SETTLS|CLONE_PARENT_SETTID|CLONE_CHILD_CLEARTID, child_tid=0xff6b43fef050, parent_tid=0xff6b43fef050, exit_signal=0, stack=0xff6b3ffe0000, stack_size=0x400e840, tls=0xff6b43fef6c0} => {parent_tid=[9320]}, 88) = 9320
9318  clone3({flags=CLONE_VM|CLONE_FS|CLONE_FILES|CLONE_SIGHAND|CLONE_THREAD|CLONE_SYSVSEM|CLONE_SETTLS|CLONE_PARENT_SETTID|CLONE_CHILD_CLEARTID, child_tid=0xff6b37fff050, parent_tid=0xff6b37fff050, exit_signal=0, stack=0xff6b33ff0000, stack_size=0x400e840, tls=0xff6b37fff6c0} => {parent_tid=[9321]}, 88) = 9321
9321  exit(0 <unfinished ...>
9320  exit(0 <unfinished ...>
9321  <... exit resumed>)               = ?
9317  exit_group(0 <unfinished ...>
9320  <... exit resumed>)               = ?
9318  ???( <unfinished ...>
9321  +++ exited with 0 +++
9320  +++ exited with 0 +++
9317  <... exit_group resumed>)         = ?
9319  +++ exited with 0 +++
9318  +++ exited with 0 +++
9317  +++ exited with 0 +++
9316  <... wait4 resumed>[{WIFEXITED(s) && WEXITSTATUS(s) == 0}], 0, NULL) = 9317
9316  --- SIGCHLD {si_signo=SIGCHLD, si_code=CLD_EXITED, si_pid=9317, si_uid=1001, si_status=0, si_utime=0, si_stime=1 /* 0.01 s */} ---
9316  exit_group(0)                     = ?
9316  +++ exited with 0 +++
9314  <... wait4 resumed>[{WIFEXITED(s) && WEXITSTATUS(s) == 0}], 0, NULL) = 9316
9314  --- SIGCHLD {si_signo=SIGCHLD, si_code=CLD_EXITED, si_pid=9316, si_uid=1001, si_status=0, si_utime=0, si_stime=0} ---
9314  exit_group(0)                     = ?
9314  +++ exited with 0 +++
9312  <... wait4 resumed>[{WIFEXITED(s) && WEXITSTATUS(s) == 0}], 0, NULL) = 9314
9312  --- SIGCHLD {si_signo=SIGCHLD, si_code=CLD_EXITED, si_pid=9314, si_uid=1001, si_status=0, si_utime=0, si_stime=0} ---
9312  exit_group(0)                     = ?
9312  +++ exited with 0 +++
