7051  execve("/home/runner/work/_temp/gate6n-linux-amd64-workspace/bootstrap/b1/compiler", ["/home/runner/work/_temp/gate6n-l"..., "build", "/home/runner/work/type-rb-native"..., "--output", "/home/runner/work/_temp/gate6n-l"..., "--qbe", "/home/runner/work/_temp/qbe-1.3/"..., "--cc", "/usr/bin/cc", "--target", "linux-amd64-v0"], 0x7fff7a237d38 /* 133 vars */) = 0
7051  clone(child_stack=NULL, flags=CLONE_CHILD_CLEARTID|CLONE_CHILD_SETTID|SIGCHLD, child_tidptr=0x7f7a427fda10) = 7052
7051  wait4(7052,  <unfinished ...>
7052  execve("/home/runner/work/_temp/qbe-1.3/qbe", ["/home/runner/work/_temp/qbe-1.3/"..., "-t", "amd64_sysv", "-o", "/home/runner/work/_temp/gate6n-l"..., "/home/runner/work/_temp/gate6n-l"...], 0x7fff19ffbb88 /* 133 vars */) = 0
7052  exit_group(0)                     = ?
7052  +++ exited with 0 +++
7051  <... wait4 resumed>[{WIFEXITED(s) && WEXITSTATUS(s) == 0}], 0, NULL) = 7052
7051  --- SIGCHLD {si_signo=SIGCHLD, si_code=CLD_EXITED, si_pid=7052, si_uid=1001, si_status=0, si_utime=16 /* 0.16 s */, si_stime=1 /* 0.01 s */} ---
7051  clone(child_stack=NULL, flags=CLONE_CHILD_CLEARTID|CLONE_CHILD_SETTID|SIGCHLD, child_tidptr=0x7f7a427fda10) = 7053
7051  wait4(7053,  <unfinished ...>
7053  execve("/usr/bin/cc", ["/usr/bin/cc", "-xassembler", "/home/runner/work/_temp/gate6n-l"..., "-fuse-ld=lld", "-Wl,--gc-sections,--strip-all", "-lm", "-o", "/home/runner/work/_temp/gate6n-l"...], 0x7fff19ffbb88 /* 133 vars */) = 0
7053  vfork( <unfinished ...>
7054  execve("/home/runner/go/bin/as", ["as", "--64", "-o", "/tmp/cc6iP536.o", "/home/runner/work/_temp/gate6n-l"...], 0x8f8ce20 /* 138 vars */) = -1 ENOENT (No such file or directory)
7054  execve("/opt/hostedtoolcache/go/1.27.0/x64/bin/as", ["as", "--64", "-o", "/tmp/cc6iP536.o", "/home/runner/work/_temp/gate6n-l"...], 0x8f8ce20 /* 138 vars */) = -1 ENOENT (No such file or directory)
7054  execve("/snap/bin/as", ["as", "--64", "-o", "/tmp/cc6iP536.o", "/home/runner/work/_temp/gate6n-l"...], 0x8f8ce20 /* 138 vars */) = -1 ENOENT (No such file or directory)
7054  execve("/home/runner/.local/bin/as", ["as", "--64", "-o", "/tmp/cc6iP536.o", "/home/runner/work/_temp/gate6n-l"...], 0x8f8ce20 /* 138 vars */) = -1 ENOENT (No such file or directory)
7054  execve("/opt/pipx_bin/as", ["as", "--64", "-o", "/tmp/cc6iP536.o", "/home/runner/work/_temp/gate6n-l"...], 0x8f8ce20 /* 138 vars */) = -1 ENOENT (No such file or directory)
7054  execve("/home/runner/.cargo/bin/as", ["as", "--64", "-o", "/tmp/cc6iP536.o", "/home/runner/work/_temp/gate6n-l"...], 0x8f8ce20 /* 138 vars */) = -1 ENOENT (No such file or directory)
7054  execve("/home/runner/.config/composer/vendor/bin/as", ["as", "--64", "-o", "/tmp/cc6iP536.o", "/home/runner/work/_temp/gate6n-l"...], 0x8f8ce20 /* 138 vars */) = -1 ENOENT (No such file or directory)
7054  execve("/usr/local/.ghcup/bin/as", ["as", "--64", "-o", "/tmp/cc6iP536.o", "/home/runner/work/_temp/gate6n-l"...], 0x8f8ce20 /* 138 vars */) = -1 ENOENT (No such file or directory)
7054  execve("/home/runner/.dotnet/tools/as", ["as", "--64", "-o", "/tmp/cc6iP536.o", "/home/runner/work/_temp/gate6n-l"...], 0x8f8ce20 /* 138 vars */) = -1 ENOENT (No such file or directory)
7054  execve("/usr/local/sbin/as", ["as", "--64", "-o", "/tmp/cc6iP536.o", "/home/runner/work/_temp/gate6n-l"...], 0x8f8ce20 /* 138 vars */) = -1 ENOENT (No such file or directory)
7054  execve("/usr/local/bin/as", ["as", "--64", "-o", "/tmp/cc6iP536.o", "/home/runner/work/_temp/gate6n-l"...], 0x8f8ce20 /* 138 vars */) = -1 ENOENT (No such file or directory)
7054  execve("/usr/sbin/as", ["as", "--64", "-o", "/tmp/cc6iP536.o", "/home/runner/work/_temp/gate6n-l"...], 0x8f8ce20 /* 138 vars */) = -1 ENOENT (No such file or directory)
7054  execve("/usr/bin/as", ["as", "--64", "-o", "/tmp/cc6iP536.o", "/home/runner/work/_temp/gate6n-l"...], 0x8f8ce20 /* 138 vars */ <unfinished ...>
7053  <... vfork resumed>)              = 7054
7054  <... execve resumed>)             = 0
7053  wait4(7054,  <unfinished ...>
7054  exit_group(0)                     = ?
7054  +++ exited with 0 +++
7053  <... wait4 resumed>[{WIFEXITED(s) && WEXITSTATUS(s) == 0}], 0, NULL) = 7054
7053  --- SIGCHLD {si_signo=SIGCHLD, si_code=CLD_EXITED, si_pid=7054, si_uid=1001, si_status=0, si_utime=4 /* 0.04 s */, si_stime=1 /* 0.01 s */} ---
7053  vfork( <unfinished ...>
7055  execve("/usr/libexec/gcc/x86_64-linux-gnu/13/collect2", ["/usr/libexec/gcc/x86_64-linux-gn"..., "-plugin", "/usr/libexec/gcc/x86_64-linux-gn"..., "-plugin-opt=/usr/libexec/gcc/x86"..., "-plugin-opt=-fresolution=/tmp/cc"..., "-plugin-opt=-pass-through=-lgcc", "-plugin-opt=-pass-through=-lgcc_"..., "-plugin-opt=-pass-through=-lc", "-plugin-opt=-pass-through=-lgcc", "-plugin-opt=-pass-through=-lgcc_"..., "--build-id", "--eh-frame-hdr", "-m", "elf_x86_64", "--hash-style=gnu", "--as-needed", "-dynamic-linker", "/lib64/ld-linux-x86-64.so.2", "-pie", "-z", "now", "-fuse-ld=lld", "-z", "relro", "-o", "/home/runner/work/_temp/gate6n-l"..., "/usr/lib/gcc/x86_64-linux-gnu/13"..., "/usr/lib/gcc/x86_64-linux-gnu/13"..., "/usr/lib/gcc/x86_64-linux-gnu/13"..., "-L/usr/lib/gcc/x86_64-linux-gnu/"..., "-L/usr/lib/gcc/x86_64-linux-gnu/"..., "-L/usr/lib/gcc/x86_64-linux-gnu/"..., ...], 0x8f8d300 /* 140 vars */ <unfinished ...>
7053  <... vfork resumed>)              = 7055
7055  <... execve resumed>)             = 0
7053  wait4(7055,  <unfinished ...>
7055  vfork( <unfinished ...>
7056  execve("/usr/bin/ld.lld", ["/usr/bin/ld.lld", "-plugin", "/usr/libexec/gcc/x86_64-linux-gn"..., "-plugin-opt=/usr/libexec/gcc/x86"..., "-plugin-opt=-fresolution=/tmp/cc"..., "-plugin-opt=-pass-through=-lgcc", "-plugin-opt=-pass-through=-lgcc_"..., "-plugin-opt=-pass-through=-lc", "-plugin-opt=-pass-through=-lgcc", "-plugin-opt=-pass-through=-lgcc_"..., "--build-id", "--eh-frame-hdr", "-m", "elf_x86_64", "--hash-style=gnu", "--as-needed", "-dynamic-linker", "/lib64/ld-linux-x86-64.so.2", "-pie", "-z", "now", "-z", "relro", "-o", "/home/runner/work/_temp/gate6n-l"..., "/usr/lib/gcc/x86_64-linux-gnu/13"..., "/usr/lib/gcc/x86_64-linux-gnu/13"..., "/usr/lib/gcc/x86_64-linux-gnu/13"..., "-L/usr/lib/gcc/x86_64-linux-gnu/"..., "-L/usr/lib/gcc/x86_64-linux-gnu/"..., "-L/usr/lib/gcc/x86_64-linux-gnu/"..., "-L/lib/x86_64-linux-gnu", ...], 0x7ffe3f2af710 /* 140 vars */ <unfinished ...>
7055  <... vfork resumed>)              = 7056
7056  <... execve resumed>)             = 0
7055  wait4(7056,  <unfinished ...>
7056  clone3({flags=CLONE_VM|CLONE_FS|CLONE_FILES|CLONE_SIGHAND|CLONE_THREAD|CLONE_SYSVSEM|CLONE_SETTLS|CLONE_PARENT_SETTID|CLONE_CHILD_CLEARTID, child_tid=0x7f840f9ff990, parent_tid=0x7f840f9ff990, exit_signal=0, stack=0x7f840b9ff000, stack_size=0x3fffd80, tls=0x7f840f9ff6c0} => {parent_tid=[7057]}, 88) = 7057
7057  clone3({flags=CLONE_VM|CLONE_FS|CLONE_FILES|CLONE_SIGHAND|CLONE_THREAD|CLONE_SYSVSEM|CLONE_SETTLS|CLONE_PARENT_SETTID|CLONE_CHILD_CLEARTID, child_tid=0x7f8403fff990, parent_tid=0x7f8403fff990, exit_signal=0, stack=0x7f83fffff000, stack_size=0x3fffd80, tls=0x7f8403fff6c0} => {parent_tid=[7058]}, 88) = 7058
7057  clone3({flags=CLONE_VM|CLONE_FS|CLONE_FILES|CLONE_SIGHAND|CLONE_THREAD|CLONE_SYSVSEM|CLONE_SETTLS|CLONE_PARENT_SETTID|CLONE_CHILD_CLEARTID, child_tid=0x7f83ffffe990, parent_tid=0x7f83ffffe990, exit_signal=0, stack=0x7f83fbffe000, stack_size=0x3fffd80, tls=0x7f83ffffe6c0} => {parent_tid=[7059]}, 88) = 7059
7057  clone3({flags=CLONE_VM|CLONE_FS|CLONE_FILES|CLONE_SIGHAND|CLONE_THREAD|CLONE_SYSVSEM|CLONE_SETTLS|CLONE_PARENT_SETTID|CLONE_CHILD_CLEARTID, child_tid=0x7f83f3fff990, parent_tid=0x7f83f3fff990, exit_signal=0, stack=0x7f83effff000, stack_size=0x3fffd80, tls=0x7f83f3fff6c0} => {parent_tid=[7060]}, 88) = 7060
7058  exit(0)                           = ?
7057  exit(0 <unfinished ...>
7058  +++ exited with 0 +++
7060  exit(0 <unfinished ...>
7059  exit(0 <unfinished ...>
7057  <... exit resumed>)               = ?
7056  exit_group(0 <unfinished ...>
7060  <... exit resumed>)               = ?
7059  <... exit resumed>)               = ?
7057  +++ exited with 0 +++
7056  <... exit_group resumed>)         = ?
7060  +++ exited with 0 +++
7059  +++ exited with 0 +++
7056  +++ exited with 0 +++
7055  <... wait4 resumed>[{WIFEXITED(s) && WEXITSTATUS(s) == 0}], 0, NULL) = 7056
7055  --- SIGCHLD {si_signo=SIGCHLD, si_code=CLD_EXITED, si_pid=7056, si_uid=1001, si_status=0, si_utime=1 /* 0.01 s */, si_stime=2 /* 0.02 s */} ---
7055  exit_group(0)                     = ?
7055  +++ exited with 0 +++
7053  <... wait4 resumed>[{WIFEXITED(s) && WEXITSTATUS(s) == 0}], 0, NULL) = 7055
7053  --- SIGCHLD {si_signo=SIGCHLD, si_code=CLD_EXITED, si_pid=7055, si_uid=1001, si_status=0, si_utime=0, si_stime=0} ---
7053  exit_group(0)                     = ?
7053  +++ exited with 0 +++
7051  <... wait4 resumed>[{WIFEXITED(s) && WEXITSTATUS(s) == 0}], 0, NULL) = 7053
7051  --- SIGCHLD {si_signo=SIGCHLD, si_code=CLD_EXITED, si_pid=7053, si_uid=1001, si_status=0, si_utime=0, si_stime=0} ---
7051  exit_group(0)                     = ?
7051  +++ exited with 0 +++
