7075  execve("/home/runner/work/_temp/gate6n-linux-amd64-workspace/bootstrap/b2/compiler", ["/home/runner/work/_temp/gate6n-l"..., "build", "/home/runner/work/type-rb-native"..., "--output", "/home/runner/work/_temp/gate6n-l"..., "--qbe", "/home/runner/work/_temp/qbe-1.3/"..., "--cc", "/usr/bin/cc", "--target", "linux-amd64-v0"], 0x7ffd0e4fd4d8 /* 133 vars */) = 0
7075  clone(child_stack=NULL, flags=CLONE_CHILD_CLEARTID|CLONE_CHILD_SETTID|SIGCHLD, child_tidptr=0x7eff3d409a10) = 7076
7075  wait4(7076,  <unfinished ...>
7076  execve("/home/runner/work/_temp/qbe-1.3/qbe", ["/home/runner/work/_temp/qbe-1.3/"..., "-t", "amd64_sysv", "-o", "/home/runner/work/_temp/gate6n-l"..., "/home/runner/work/_temp/gate6n-l"...], 0x7ffdde4bbd48 /* 133 vars */) = 0
7076  exit_group(0)                     = ?
7076  +++ exited with 0 +++
7075  <... wait4 resumed>[{WIFEXITED(s) && WEXITSTATUS(s) == 0}], 0, NULL) = 7076
7075  --- SIGCHLD {si_signo=SIGCHLD, si_code=CLD_EXITED, si_pid=7076, si_uid=1001, si_status=0, si_utime=15 /* 0.15 s */, si_stime=1 /* 0.01 s */} ---
7075  clone(child_stack=NULL, flags=CLONE_CHILD_CLEARTID|CLONE_CHILD_SETTID|SIGCHLD, child_tidptr=0x7eff3d409a10) = 7077
7075  wait4(7077,  <unfinished ...>
7077  execve("/usr/bin/cc", ["/usr/bin/cc", "-xassembler", "/home/runner/work/_temp/gate6n-l"..., "-fuse-ld=lld", "-Wl,--gc-sections,--strip-all", "-lm", "-o", "/home/runner/work/_temp/gate6n-l"...], 0x7ffdde4bbd48 /* 133 vars */) = 0
7077  vfork( <unfinished ...>
7078  execve("/home/runner/go/bin/as", ["as", "--64", "-o", "/tmp/cc8QCyA5.o", "/home/runner/work/_temp/gate6n-l"...], 0x1a720e20 /* 138 vars */) = -1 ENOENT (No such file or directory)
7078  execve("/opt/hostedtoolcache/go/1.27.0/x64/bin/as", ["as", "--64", "-o", "/tmp/cc8QCyA5.o", "/home/runner/work/_temp/gate6n-l"...], 0x1a720e20 /* 138 vars */) = -1 ENOENT (No such file or directory)
7078  execve("/snap/bin/as", ["as", "--64", "-o", "/tmp/cc8QCyA5.o", "/home/runner/work/_temp/gate6n-l"...], 0x1a720e20 /* 138 vars */) = -1 ENOENT (No such file or directory)
7078  execve("/home/runner/.local/bin/as", ["as", "--64", "-o", "/tmp/cc8QCyA5.o", "/home/runner/work/_temp/gate6n-l"...], 0x1a720e20 /* 138 vars */) = -1 ENOENT (No such file or directory)
7078  execve("/opt/pipx_bin/as", ["as", "--64", "-o", "/tmp/cc8QCyA5.o", "/home/runner/work/_temp/gate6n-l"...], 0x1a720e20 /* 138 vars */) = -1 ENOENT (No such file or directory)
7078  execve("/home/runner/.cargo/bin/as", ["as", "--64", "-o", "/tmp/cc8QCyA5.o", "/home/runner/work/_temp/gate6n-l"...], 0x1a720e20 /* 138 vars */) = -1 ENOENT (No such file or directory)
7078  execve("/home/runner/.config/composer/vendor/bin/as", ["as", "--64", "-o", "/tmp/cc8QCyA5.o", "/home/runner/work/_temp/gate6n-l"...], 0x1a720e20 /* 138 vars */) = -1 ENOENT (No such file or directory)
7078  execve("/usr/local/.ghcup/bin/as", ["as", "--64", "-o", "/tmp/cc8QCyA5.o", "/home/runner/work/_temp/gate6n-l"...], 0x1a720e20 /* 138 vars */) = -1 ENOENT (No such file or directory)
7078  execve("/home/runner/.dotnet/tools/as", ["as", "--64", "-o", "/tmp/cc8QCyA5.o", "/home/runner/work/_temp/gate6n-l"...], 0x1a720e20 /* 138 vars */) = -1 ENOENT (No such file or directory)
7078  execve("/usr/local/sbin/as", ["as", "--64", "-o", "/tmp/cc8QCyA5.o", "/home/runner/work/_temp/gate6n-l"...], 0x1a720e20 /* 138 vars */) = -1 ENOENT (No such file or directory)
7078  execve("/usr/local/bin/as", ["as", "--64", "-o", "/tmp/cc8QCyA5.o", "/home/runner/work/_temp/gate6n-l"...], 0x1a720e20 /* 138 vars */) = -1 ENOENT (No such file or directory)
7078  execve("/usr/sbin/as", ["as", "--64", "-o", "/tmp/cc8QCyA5.o", "/home/runner/work/_temp/gate6n-l"...], 0x1a720e20 /* 138 vars */) = -1 ENOENT (No such file or directory)
7078  execve("/usr/bin/as", ["as", "--64", "-o", "/tmp/cc8QCyA5.o", "/home/runner/work/_temp/gate6n-l"...], 0x1a720e20 /* 138 vars */ <unfinished ...>
7077  <... vfork resumed>)              = 7078
7078  <... execve resumed>)             = 0
7077  wait4(7078,  <unfinished ...>
7078  exit_group(0)                     = ?
7078  +++ exited with 0 +++
7077  <... wait4 resumed>[{WIFEXITED(s) && WEXITSTATUS(s) == 0}], 0, NULL) = 7078
7077  --- SIGCHLD {si_signo=SIGCHLD, si_code=CLD_EXITED, si_pid=7078, si_uid=1001, si_status=0, si_utime=4 /* 0.04 s */, si_stime=1 /* 0.01 s */} ---
7077  vfork( <unfinished ...>
7079  execve("/usr/libexec/gcc/x86_64-linux-gnu/13/collect2", ["/usr/libexec/gcc/x86_64-linux-gn"..., "-plugin", "/usr/libexec/gcc/x86_64-linux-gn"..., "-plugin-opt=/usr/libexec/gcc/x86"..., "-plugin-opt=-fresolution=/tmp/cc"..., "-plugin-opt=-pass-through=-lgcc", "-plugin-opt=-pass-through=-lgcc_"..., "-plugin-opt=-pass-through=-lc", "-plugin-opt=-pass-through=-lgcc", "-plugin-opt=-pass-through=-lgcc_"..., "--build-id", "--eh-frame-hdr", "-m", "elf_x86_64", "--hash-style=gnu", "--as-needed", "-dynamic-linker", "/lib64/ld-linux-x86-64.so.2", "-pie", "-z", "now", "-fuse-ld=lld", "-z", "relro", "-o", "/home/runner/work/_temp/gate6n-l"..., "/usr/lib/gcc/x86_64-linux-gnu/13"..., "/usr/lib/gcc/x86_64-linux-gnu/13"..., "/usr/lib/gcc/x86_64-linux-gnu/13"..., "-L/usr/lib/gcc/x86_64-linux-gnu/"..., "-L/usr/lib/gcc/x86_64-linux-gnu/"..., "-L/usr/lib/gcc/x86_64-linux-gnu/"..., ...], 0x1a721300 /* 140 vars */ <unfinished ...>
7077  <... vfork resumed>)              = 7079
7079  <... execve resumed>)             = 0
7077  wait4(7079,  <unfinished ...>
7079  vfork( <unfinished ...>
7080  execve("/usr/bin/ld.lld", ["/usr/bin/ld.lld", "-plugin", "/usr/libexec/gcc/x86_64-linux-gn"..., "-plugin-opt=/usr/libexec/gcc/x86"..., "-plugin-opt=-fresolution=/tmp/cc"..., "-plugin-opt=-pass-through=-lgcc", "-plugin-opt=-pass-through=-lgcc_"..., "-plugin-opt=-pass-through=-lc", "-plugin-opt=-pass-through=-lgcc", "-plugin-opt=-pass-through=-lgcc_"..., "--build-id", "--eh-frame-hdr", "-m", "elf_x86_64", "--hash-style=gnu", "--as-needed", "-dynamic-linker", "/lib64/ld-linux-x86-64.so.2", "-pie", "-z", "now", "-z", "relro", "-o", "/home/runner/work/_temp/gate6n-l"..., "/usr/lib/gcc/x86_64-linux-gnu/13"..., "/usr/lib/gcc/x86_64-linux-gnu/13"..., "/usr/lib/gcc/x86_64-linux-gnu/13"..., "-L/usr/lib/gcc/x86_64-linux-gnu/"..., "-L/usr/lib/gcc/x86_64-linux-gnu/"..., "-L/usr/lib/gcc/x86_64-linux-gnu/"..., "-L/lib/x86_64-linux-gnu", ...], 0x7fff7262f790 /* 140 vars */ <unfinished ...>
7079  <... vfork resumed>)              = 7080
7080  <... execve resumed>)             = 0
7079  wait4(7080,  <unfinished ...>
7080  clone3({flags=CLONE_VM|CLONE_FS|CLONE_FILES|CLONE_SIGHAND|CLONE_THREAD|CLONE_SYSVSEM|CLONE_SETTLS|CLONE_PARENT_SETTID|CLONE_CHILD_CLEARTID, child_tid=0x7fe1e41ff990, parent_tid=0x7fe1e41ff990, exit_signal=0, stack=0x7fe1e01ff000, stack_size=0x3fffd80, tls=0x7fe1e41ff6c0} => {parent_tid=[7081]}, 88) = 7081
7081  clone3({flags=CLONE_VM|CLONE_FS|CLONE_FILES|CLONE_SIGHAND|CLONE_THREAD|CLONE_SYSVSEM|CLONE_SETTLS|CLONE_PARENT_SETTID|CLONE_CHILD_CLEARTID, child_tid=0x7fe1e01fe990, parent_tid=0x7fe1e01fe990, exit_signal=0, stack=0x7fe1dc1fe000, stack_size=0x3fffd80, tls=0x7fe1e01fe6c0} => {parent_tid=[7082]}, 88) = 7082
7081  clone3({flags=CLONE_VM|CLONE_FS|CLONE_FILES|CLONE_SIGHAND|CLONE_THREAD|CLONE_SYSVSEM|CLONE_SETTLS|CLONE_PARENT_SETTID|CLONE_CHILD_CLEARTID, child_tid=0x7fe1d7fff990, parent_tid=0x7fe1d7fff990, exit_signal=0, stack=0x7fe1d3fff000, stack_size=0x3fffd80, tls=0x7fe1d7fff6c0} => {parent_tid=[7083]}, 88) = 7083
7081  clone3({flags=CLONE_VM|CLONE_FS|CLONE_FILES|CLONE_SIGHAND|CLONE_THREAD|CLONE_SYSVSEM|CLONE_SETTLS|CLONE_PARENT_SETTID|CLONE_CHILD_CLEARTID, child_tid=0x7fe1cbfff990, parent_tid=0x7fe1cbfff990, exit_signal=0, stack=0x7fe1c7fff000, stack_size=0x3fffd80, tls=0x7fe1cbfff6c0} => {parent_tid=[7084]}, 88) = 7084
7084  exit(0 <unfinished ...>
7083  exit(0 <unfinished ...>
7082  exit(0 <unfinished ...>
7084  <... exit resumed>)               = ?
7083  <... exit resumed>)               = ?
7082  <... exit resumed>)               = ?
7080  exit_group(0 <unfinished ...>
7084  +++ exited with 0 +++
7083  +++ exited with 0 +++
7080  <... exit_group resumed>)         = ?
7082  +++ exited with 0 +++
7081  +++ exited with 0 +++
7080  +++ exited with 0 +++
7079  <... wait4 resumed>[{WIFEXITED(s) && WEXITSTATUS(s) == 0}], 0, NULL) = 7080
7079  --- SIGCHLD {si_signo=SIGCHLD, si_code=CLD_EXITED, si_pid=7080, si_uid=1001, si_status=0, si_utime=0, si_stime=2 /* 0.02 s */} ---
7079  exit_group(0)                     = ?
7079  +++ exited with 0 +++
7077  <... wait4 resumed>[{WIFEXITED(s) && WEXITSTATUS(s) == 0}], 0, NULL) = 7079
7077  --- SIGCHLD {si_signo=SIGCHLD, si_code=CLD_EXITED, si_pid=7079, si_uid=1001, si_status=0, si_utime=0, si_stime=0} ---
7077  exit_group(0)                     = ?
7077  +++ exited with 0 +++
7075  <... wait4 resumed>[{WIFEXITED(s) && WEXITSTATUS(s) == 0}], 0, NULL) = 7077
7075  --- SIGCHLD {si_signo=SIGCHLD, si_code=CLD_EXITED, si_pid=7077, si_uid=1001, si_status=0, si_utime=0, si_stime=0} ---
7075  exit_group(0)                     = ?
7075  +++ exited with 0 +++
