7099  execve("/home/runner/work/_temp/gate6n-linux-amd64-workspace/bootstrap/b3/compiler", ["/home/runner/work/_temp/gate6n-l"..., "build", "/home/runner/work/type-rb-native"..., "--output", "/home/runner/work/_temp/gate6n-l"..., "--qbe", "/home/runner/work/_temp/qbe-1.3/"..., "--cc", "/usr/bin/cc", "--target", "linux-amd64-v0"], 0x7fff276d22a8 /* 133 vars */) = 0
7099  clone(child_stack=NULL, flags=CLONE_CHILD_CLEARTID|CLONE_CHILD_SETTID|SIGCHLD, child_tidptr=0x7f57cc836a10) = 7102
7099  wait4(7102,  <unfinished ...>
7102  execve("/home/runner/work/_temp/qbe-1.3/qbe", ["/home/runner/work/_temp/qbe-1.3/"..., "-t", "amd64_sysv", "-o", "/home/runner/work/_temp/gate6n-l"..., "/home/runner/work/_temp/gate6n-l"...], 0x7ffda3db4518 /* 133 vars */) = 0
7102  exit_group(0)                     = ?
7102  +++ exited with 0 +++
7099  <... wait4 resumed>[{WIFEXITED(s) && WEXITSTATUS(s) == 0}], 0, NULL) = 7102
7099  --- SIGCHLD {si_signo=SIGCHLD, si_code=CLD_EXITED, si_pid=7102, si_uid=1001, si_status=0, si_utime=15 /* 0.15 s */, si_stime=1 /* 0.01 s */} ---
7099  clone(child_stack=NULL, flags=CLONE_CHILD_CLEARTID|CLONE_CHILD_SETTID|SIGCHLD, child_tidptr=0x7f57cc836a10) = 7103
7099  wait4(7103,  <unfinished ...>
7103  execve("/usr/bin/cc", ["/usr/bin/cc", "-xassembler", "/home/runner/work/_temp/gate6n-l"..., "-fuse-ld=lld", "-Wl,--gc-sections,--strip-all", "-lm", "-o", "/home/runner/work/_temp/gate6n-l"...], 0x7ffda3db4518 /* 133 vars */) = 0
7103  vfork( <unfinished ...>
7104  execve("/home/runner/go/bin/as", ["as", "--64", "-o", "/tmp/ccBwjhV5.o", "/home/runner/work/_temp/gate6n-l"...], 0x329d7e20 /* 138 vars */) = -1 ENOENT (No such file or directory)
7104  execve("/opt/hostedtoolcache/go/1.27.0/x64/bin/as", ["as", "--64", "-o", "/tmp/ccBwjhV5.o", "/home/runner/work/_temp/gate6n-l"...], 0x329d7e20 /* 138 vars */) = -1 ENOENT (No such file or directory)
7104  execve("/snap/bin/as", ["as", "--64", "-o", "/tmp/ccBwjhV5.o", "/home/runner/work/_temp/gate6n-l"...], 0x329d7e20 /* 138 vars */) = -1 ENOENT (No such file or directory)
7104  execve("/home/runner/.local/bin/as", ["as", "--64", "-o", "/tmp/ccBwjhV5.o", "/home/runner/work/_temp/gate6n-l"...], 0x329d7e20 /* 138 vars */) = -1 ENOENT (No such file or directory)
7104  execve("/opt/pipx_bin/as", ["as", "--64", "-o", "/tmp/ccBwjhV5.o", "/home/runner/work/_temp/gate6n-l"...], 0x329d7e20 /* 138 vars */) = -1 ENOENT (No such file or directory)
7104  execve("/home/runner/.cargo/bin/as", ["as", "--64", "-o", "/tmp/ccBwjhV5.o", "/home/runner/work/_temp/gate6n-l"...], 0x329d7e20 /* 138 vars */) = -1 ENOENT (No such file or directory)
7104  execve("/home/runner/.config/composer/vendor/bin/as", ["as", "--64", "-o", "/tmp/ccBwjhV5.o", "/home/runner/work/_temp/gate6n-l"...], 0x329d7e20 /* 138 vars */) = -1 ENOENT (No such file or directory)
7104  execve("/usr/local/.ghcup/bin/as", ["as", "--64", "-o", "/tmp/ccBwjhV5.o", "/home/runner/work/_temp/gate6n-l"...], 0x329d7e20 /* 138 vars */) = -1 ENOENT (No such file or directory)
7104  execve("/home/runner/.dotnet/tools/as", ["as", "--64", "-o", "/tmp/ccBwjhV5.o", "/home/runner/work/_temp/gate6n-l"...], 0x329d7e20 /* 138 vars */) = -1 ENOENT (No such file or directory)
7104  execve("/usr/local/sbin/as", ["as", "--64", "-o", "/tmp/ccBwjhV5.o", "/home/runner/work/_temp/gate6n-l"...], 0x329d7e20 /* 138 vars */) = -1 ENOENT (No such file or directory)
7104  execve("/usr/local/bin/as", ["as", "--64", "-o", "/tmp/ccBwjhV5.o", "/home/runner/work/_temp/gate6n-l"...], 0x329d7e20 /* 138 vars */) = -1 ENOENT (No such file or directory)
7104  execve("/usr/sbin/as", ["as", "--64", "-o", "/tmp/ccBwjhV5.o", "/home/runner/work/_temp/gate6n-l"...], 0x329d7e20 /* 138 vars */) = -1 ENOENT (No such file or directory)
7104  execve("/usr/bin/as", ["as", "--64", "-o", "/tmp/ccBwjhV5.o", "/home/runner/work/_temp/gate6n-l"...], 0x329d7e20 /* 138 vars */ <unfinished ...>
7103  <... vfork resumed>)              = 7104
7104  <... execve resumed>)             = 0
7103  wait4(7104,  <unfinished ...>
7104  exit_group(0)                     = ?
7104  +++ exited with 0 +++
7103  <... wait4 resumed>[{WIFEXITED(s) && WEXITSTATUS(s) == 0}], 0, NULL) = 7104
7103  --- SIGCHLD {si_signo=SIGCHLD, si_code=CLD_EXITED, si_pid=7104, si_uid=1001, si_status=0, si_utime=4 /* 0.04 s */, si_stime=0} ---
7103  vfork( <unfinished ...>
7105  execve("/usr/libexec/gcc/x86_64-linux-gnu/13/collect2", ["/usr/libexec/gcc/x86_64-linux-gn"..., "-plugin", "/usr/libexec/gcc/x86_64-linux-gn"..., "-plugin-opt=/usr/libexec/gcc/x86"..., "-plugin-opt=-fresolution=/tmp/cc"..., "-plugin-opt=-pass-through=-lgcc", "-plugin-opt=-pass-through=-lgcc_"..., "-plugin-opt=-pass-through=-lc", "-plugin-opt=-pass-through=-lgcc", "-plugin-opt=-pass-through=-lgcc_"..., "--build-id", "--eh-frame-hdr", "-m", "elf_x86_64", "--hash-style=gnu", "--as-needed", "-dynamic-linker", "/lib64/ld-linux-x86-64.so.2", "-pie", "-z", "now", "-fuse-ld=lld", "-z", "relro", "-o", "/home/runner/work/_temp/gate6n-l"..., "/usr/lib/gcc/x86_64-linux-gnu/13"..., "/usr/lib/gcc/x86_64-linux-gnu/13"..., "/usr/lib/gcc/x86_64-linux-gnu/13"..., "-L/usr/lib/gcc/x86_64-linux-gnu/"..., "-L/usr/lib/gcc/x86_64-linux-gnu/"..., "-L/usr/lib/gcc/x86_64-linux-gnu/"..., ...], 0x329d8300 /* 140 vars */ <unfinished ...>
7103  <... vfork resumed>)              = 7105
7105  <... execve resumed>)             = 0
7103  wait4(7105,  <unfinished ...>
7105  vfork( <unfinished ...>
7106  execve("/usr/bin/ld.lld", ["/usr/bin/ld.lld", "-plugin", "/usr/libexec/gcc/x86_64-linux-gn"..., "-plugin-opt=/usr/libexec/gcc/x86"..., "-plugin-opt=-fresolution=/tmp/cc"..., "-plugin-opt=-pass-through=-lgcc", "-plugin-opt=-pass-through=-lgcc_"..., "-plugin-opt=-pass-through=-lc", "-plugin-opt=-pass-through=-lgcc", "-plugin-opt=-pass-through=-lgcc_"..., "--build-id", "--eh-frame-hdr", "-m", "elf_x86_64", "--hash-style=gnu", "--as-needed", "-dynamic-linker", "/lib64/ld-linux-x86-64.so.2", "-pie", "-z", "now", "-z", "relro", "-o", "/home/runner/work/_temp/gate6n-l"..., "/usr/lib/gcc/x86_64-linux-gnu/13"..., "/usr/lib/gcc/x86_64-linux-gnu/13"..., "/usr/lib/gcc/x86_64-linux-gnu/13"..., "-L/usr/lib/gcc/x86_64-linux-gnu/"..., "-L/usr/lib/gcc/x86_64-linux-gnu/"..., "-L/usr/lib/gcc/x86_64-linux-gnu/"..., "-L/lib/x86_64-linux-gnu", ...], 0x7ffdd019baf0 /* 140 vars */ <unfinished ...>
7105  <... vfork resumed>)              = 7106
7106  <... execve resumed>)             = 0
7105  wait4(7106,  <unfinished ...>
7106  clone3({flags=CLONE_VM|CLONE_FS|CLONE_FILES|CLONE_SIGHAND|CLONE_THREAD|CLONE_SYSVSEM|CLONE_SETTLS|CLONE_PARENT_SETTID|CLONE_CHILD_CLEARTID, child_tid=0x7f1315fff990, parent_tid=0x7f1315fff990, exit_signal=0, stack=0x7f1311fff000, stack_size=0x3fffd80, tls=0x7f1315fff6c0} => {parent_tid=[7107]}, 88) = 7107
7107  clone3({flags=CLONE_VM|CLONE_FS|CLONE_FILES|CLONE_SIGHAND|CLONE_THREAD|CLONE_SYSVSEM|CLONE_SETTLS|CLONE_PARENT_SETTID|CLONE_CHILD_CLEARTID, child_tid=0x7f130bfff990, parent_tid=0x7f130bfff990, exit_signal=0, stack=0x7f1307fff000, stack_size=0x3fffd80, tls=0x7f130bfff6c0} => {parent_tid=[7108]}, 88) = 7108
7107  clone3({flags=CLONE_VM|CLONE_FS|CLONE_FILES|CLONE_SIGHAND|CLONE_THREAD|CLONE_SYSVSEM|CLONE_SETTLS|CLONE_PARENT_SETTID|CLONE_CHILD_CLEARTID, child_tid=0x7f1307ffe990, parent_tid=0x7f1307ffe990, exit_signal=0, stack=0x7f1303ffe000, stack_size=0x3fffd80, tls=0x7f1307ffe6c0} => {parent_tid=[7109]}, 88) = 7109
7107  clone3({flags=CLONE_VM|CLONE_FS|CLONE_FILES|CLONE_SIGHAND|CLONE_THREAD|CLONE_SYSVSEM|CLONE_SETTLS|CLONE_PARENT_SETTID|CLONE_CHILD_CLEARTID, child_tid=0x7f12fbfff990, parent_tid=0x7f12fbfff990, exit_signal=0, stack=0x7f12f7fff000, stack_size=0x3fffd80, tls=0x7f12fbfff6c0} => {parent_tid=[7110]}, 88) = 7110
7110  exit(0 <unfinished ...>
7109  exit(0 <unfinished ...>
7107  exit(0 <unfinished ...>
7110  <... exit resumed>)               = ?
7109  <... exit resumed>)               = ?
7107  <... exit resumed>)               = ?
7110  +++ exited with 0 +++
7109  +++ exited with 0 +++
7107  +++ exited with 0 +++
7108  exit(0 <unfinished ...>
7106  exit_group(0 <unfinished ...>
7108  <... exit resumed>)               = ?
7106  <... exit_group resumed>)         = ?
7108  +++ exited with 0 +++
7106  +++ exited with 0 +++
7105  <... wait4 resumed>[{WIFEXITED(s) && WEXITSTATUS(s) == 0}], 0, NULL) = 7106
7105  --- SIGCHLD {si_signo=SIGCHLD, si_code=CLD_EXITED, si_pid=7106, si_uid=1001, si_status=0, si_utime=1 /* 0.01 s */, si_stime=2 /* 0.02 s */} ---
7105  exit_group(0)                     = ?
7105  +++ exited with 0 +++
7103  <... wait4 resumed>[{WIFEXITED(s) && WEXITSTATUS(s) == 0}], 0, NULL) = 7105
7103  --- SIGCHLD {si_signo=SIGCHLD, si_code=CLD_EXITED, si_pid=7105, si_uid=1001, si_status=0, si_utime=0, si_stime=0} ---
7103  exit_group(0)                     = ?
7103  +++ exited with 0 +++
7099  <... wait4 resumed>[{WIFEXITED(s) && WEXITSTATUS(s) == 0}], 0, NULL) = 7103
7099  --- SIGCHLD {si_signo=SIGCHLD, si_code=CLD_EXITED, si_pid=7103, si_uid=1001, si_status=0, si_utime=0, si_stime=0} ---
7099  exit_group(0)                     = ?
7099  +++ exited with 0 +++
