10973 execve("/home/runner/work/_temp/bootstrap-workspace/b4/compiler", ["/home/runner/work/_temp/bootstra"..., "build", "/home/runner/work/type-rb-native"..., "--output", "/home/runner/work/_temp/bootstra"..., "--qbe", "/home/runner/work/_temp/qbe-1.3/"..., "--cc", "/usr/bin/cc", "--target", "linux-arm64-v0"], 0xfffff213e7d8 /* 111 vars */) = 0
10973 clone(child_stack=NULL, flags=CLONE_CHILD_CLEARTID|CLONE_CHILD_SETTID|SIGCHLD, child_tidptr=0xff6e37f90f90) = 10974
10973 wait4(10974,  <unfinished ...>
10974 execve("/home/runner/work/_temp/qbe-1.3/qbe", ["/home/runner/work/_temp/qbe-1.3/"..., "-t", "arm64", "-o", "/home/runner/work/_temp/bootstra"..., "/home/runner/work/_temp/bootstra"...], 0xfffff93871d8 /* 111 vars */) = 0
10974 exit_group(0)                     = ?
10974 +++ exited with 0 +++
10973 <... wait4 resumed>[{WIFEXITED(s) && WEXITSTATUS(s) == 0}], 0, NULL) = 10974
10973 --- SIGCHLD {si_signo=SIGCHLD, si_code=CLD_EXITED, si_pid=10974, si_uid=1001, si_status=0, si_utime=0, si_stime=0} ---
10973 clone(child_stack=NULL, flags=CLONE_CHILD_CLEARTID|CLONE_CHILD_SETTID|SIGCHLD, child_tidptr=0xff6e37f90f90) = 10975
10973 wait4(10975,  <unfinished ...>
10975 execve("/usr/bin/cc", ["/usr/bin/cc", "-xassembler", "/home/runner/work/_temp/bootstra"..., "-fuse-ld=lld", "-Wl,--gc-sections,--strip-all,--"..., "-lm", "-o", "/home/runner/work/_temp/bootstra"...], 0xfffff93871d8 /* 111 vars */) = 0
10975 clone(child_stack=0xffffe53246c0, flags=CLONE_VM|CLONE_VFORK|SIGCHLD <unfinished ...>
10976 execve("/home/runner/go/bin/as", ["as", "-EL", "-mabi=lp64", "-o", "/tmp/cceqGUZ3.o", "/home/runner/work/_temp/bootstra"...], 0x3dc9fd70 /* 116 vars */) = -1 ENOENT (No such file or directory)
10976 execve("/opt/hostedtoolcache/go/1.27.1/arm64/bin/as", ["as", "-EL", "-mabi=lp64", "-o", "/tmp/cceqGUZ3.o", "/home/runner/work/_temp/bootstra"...], 0x3dc9fd70 /* 116 vars */) = -1 ENOENT (No such file or directory)
10976 execve("/snap/bin/as", ["as", "-EL", "-mabi=lp64", "-o", "/tmp/cceqGUZ3.o", "/home/runner/work/_temp/bootstra"...], 0x3dc9fd70 /* 116 vars */) = -1 ENOENT (No such file or directory)
10976 execve("/home/runner/.local/bin/as", ["as", "-EL", "-mabi=lp64", "-o", "/tmp/cceqGUZ3.o", "/home/runner/work/_temp/bootstra"...], 0x3dc9fd70 /* 116 vars */) = -1 ENOENT (No such file or directory)
10976 execve("/opt/pipx_bin/as", ["as", "-EL", "-mabi=lp64", "-o", "/tmp/cceqGUZ3.o", "/home/runner/work/_temp/bootstra"...], 0x3dc9fd70 /* 116 vars */) = -1 ENOENT (No such file or directory)
10976 execve("/home/runner/.cargo/bin/as", ["as", "-EL", "-mabi=lp64", "-o", "/tmp/cceqGUZ3.o", "/home/runner/work/_temp/bootstra"...], 0x3dc9fd70 /* 116 vars */) = -1 ENOENT (No such file or directory)
10976 execve("/home/runner/.config/composer/vendor/bin/as", ["as", "-EL", "-mabi=lp64", "-o", "/tmp/cceqGUZ3.o", "/home/runner/work/_temp/bootstra"...], 0x3dc9fd70 /* 116 vars */) = -1 ENOENT (No such file or directory)
10976 execve("/home/runner/.dotnet/tools/as", ["as", "-EL", "-mabi=lp64", "-o", "/tmp/cceqGUZ3.o", "/home/runner/work/_temp/bootstra"...], 0x3dc9fd70 /* 116 vars */) = -1 ENOENT (No such file or directory)
10976 execve("/usr/local/sbin/as", ["as", "-EL", "-mabi=lp64", "-o", "/tmp/cceqGUZ3.o", "/home/runner/work/_temp/bootstra"...], 0x3dc9fd70 /* 116 vars */) = -1 ENOENT (No such file or directory)
10976 execve("/usr/local/bin/as", ["as", "-EL", "-mabi=lp64", "-o", "/tmp/cceqGUZ3.o", "/home/runner/work/_temp/bootstra"...], 0x3dc9fd70 /* 116 vars */) = -1 ENOENT (No such file or directory)
10976 execve("/usr/sbin/as", ["as", "-EL", "-mabi=lp64", "-o", "/tmp/cceqGUZ3.o", "/home/runner/work/_temp/bootstra"...], 0x3dc9fd70 /* 116 vars */) = -1 ENOENT (No such file or directory)
10976 execve("/usr/bin/as", ["as", "-EL", "-mabi=lp64", "-o", "/tmp/cceqGUZ3.o", "/home/runner/work/_temp/bootstra"...], 0x3dc9fd70 /* 116 vars */ <unfinished ...>
10975 <... clone resumed>)              = 10976
10976 <... execve resumed>)             = 0
10975 wait4(10976,  <unfinished ...>
10976 exit_group(0)                     = ?
10976 +++ exited with 0 +++
10975 <... wait4 resumed>[{WIFEXITED(s) && WEXITSTATUS(s) == 0}], 0, NULL) = 10976
10975 --- SIGCHLD {si_signo=SIGCHLD, si_code=CLD_EXITED, si_pid=10976, si_uid=1001, si_status=0, si_utime=0, si_stime=0} ---
10975 clone(child_stack=0xffffe5323800, flags=CLONE_VM|CLONE_VFORK|SIGCHLD <unfinished ...>
10977 execve("/usr/libexec/gcc/aarch64-linux-gnu/13/collect2", ["/usr/libexec/gcc/aarch64-linux-g"..., "-plugin", "/usr/libexec/gcc/aarch64-linux-g"..., "-plugin-opt=/usr/libexec/gcc/aar"..., "-plugin-opt=-fresolution=/tmp/cc"..., "-plugin-opt=-pass-through=-lgcc", "-plugin-opt=-pass-through=-lgcc_"..., "-plugin-opt=-pass-through=-lc", "-plugin-opt=-pass-through=-lgcc", "-plugin-opt=-pass-through=-lgcc_"..., "--build-id", "--eh-frame-hdr", "--hash-style=gnu", "--as-needed", "-dynamic-linker", "/lib/ld-linux-aarch64.so.1", "-X", "-EL", "-maarch64linux", "--fix-cortex-a53-843419", "-pie", "-z", "now", "-fuse-ld=lld", "-z", "relro", "-o", "/home/runner/work/_temp/bootstra"..., "/usr/lib/gcc/aarch64-linux-gnu/1"..., "/usr/lib/gcc/aarch64-linux-gnu/1"..., "/usr/lib/gcc/aarch64-linux-gnu/1"..., "-L/usr/lib/gcc/aarch64-linux-gnu"..., ...], 0x3dca05a0 /* 118 vars */ <unfinished ...>
10975 <... clone resumed>)              = 10977
10977 <... execve resumed>)             = 0
10975 wait4(10977,  <unfinished ...>
10977 clone(child_stack=0xffffc4d663f0, flags=CLONE_VM|CLONE_VFORK|SIGCHLD <unfinished ...>
10978 execve("/usr/bin/ld.lld", ["/usr/bin/ld.lld", "-plugin", "/usr/libexec/gcc/aarch64-linux-g"..., "-plugin-opt=/usr/libexec/gcc/aar"..., "-plugin-opt=-fresolution=/tmp/cc"..., "-plugin-opt=-pass-through=-lgcc", "-plugin-opt=-pass-through=-lgcc_"..., "-plugin-opt=-pass-through=-lc", "-plugin-opt=-pass-through=-lgcc", "-plugin-opt=-pass-through=-lgcc_"..., "--build-id", "--eh-frame-hdr", "--hash-style=gnu", "--as-needed", "-dynamic-linker", "/lib/ld-linux-aarch64.so.1", "-X", "-EL", "-maarch64linux", "--fix-cortex-a53-843419", "-pie", "-z", "now", "-z", "relro", "-o", "/home/runner/work/_temp/bootstra"..., "/usr/lib/gcc/aarch64-linux-gnu/1"..., "/usr/lib/gcc/aarch64-linux-gnu/1"..., "/usr/lib/gcc/aarch64-linux-gnu/1"..., "-L/usr/lib/gcc/aarch64-linux-gnu"..., "-L/usr/lib/gcc/aarch64-linux-gnu"..., ...], 0xffffc4d66ab8 /* 118 vars */ <unfinished ...>
10977 <... clone resumed>)              = 10978
10978 <... execve resumed>)             = 0
10977 wait4(10978,  <unfinished ...>
10978 clone3({flags=CLONE_VM|CLONE_FS|CLONE_FILES|CLONE_SIGHAND|CLONE_THREAD|CLONE_SYSVSEM|CLONE_SETTLS|CLONE_PARENT_SETTID|CLONE_CHILD_CLEARTID, child_tid=0xff40b69ff050, parent_tid=0xff40b69ff050, exit_signal=0, stack=0xff40b29f0000, stack_size=0x400e840, tls=0xff40b69ff6c0} => {parent_tid=[10979]}, 88) = 10979
10979 clone3({flags=CLONE_VM|CLONE_FS|CLONE_FILES|CLONE_SIGHAND|CLONE_THREAD|CLONE_SYSVSEM|CLONE_SETTLS|CLONE_PARENT_SETTID|CLONE_CHILD_CLEARTID, child_tid=0xff40abfff050, parent_tid=0xff40abfff050, exit_signal=0, stack=0xff40a7ff0000, stack_size=0x400e840, tls=0xff40abfff6c0} => {parent_tid=[10980]}, 88) = 10980
10979 clone3({flags=CLONE_VM|CLONE_FS|CLONE_FILES|CLONE_SIGHAND|CLONE_THREAD|CLONE_SYSVSEM|CLONE_SETTLS|CLONE_PARENT_SETTID|CLONE_CHILD_CLEARTID, child_tid=0xff40a7fef050, parent_tid=0xff40a7fef050, exit_signal=0, stack=0xff40a3fe0000, stack_size=0x400e840, tls=0xff40a7fef6c0} => {parent_tid=[10981]}, 88) = 10981
10979 clone3({flags=CLONE_VM|CLONE_FS|CLONE_FILES|CLONE_SIGHAND|CLONE_THREAD|CLONE_SYSVSEM|CLONE_SETTLS|CLONE_PARENT_SETTID|CLONE_CHILD_CLEARTID, child_tid=0xff409bfff050, parent_tid=0xff409bfff050, exit_signal=0, stack=0xff4097ff0000, stack_size=0x400e840, tls=0xff409bfff6c0} => {parent_tid=[10982]}, 88) = 10982
10981 exit(0 <unfinished ...>
10982 exit(0 <unfinished ...>
10981 <... exit resumed>)               = ?
10982 <... exit resumed>)               = ?
10978 exit_group(0 <unfinished ...>
10981 +++ exited with 0 +++
10982 +++ exited with 0 +++
10978 <... exit_group resumed>)         = ?
10980 +++ exited with 0 +++
10979 +++ exited with 0 +++
10978 +++ exited with 0 +++
10977 <... wait4 resumed>[{WIFEXITED(s) && WEXITSTATUS(s) == 0}], 0, NULL) = 10978
10977 --- SIGCHLD {si_signo=SIGCHLD, si_code=CLD_EXITED, si_pid=10978, si_uid=1001, si_status=0, si_utime=0, si_stime=1 /* 0.01 s */} ---
10977 exit_group(0)                     = ?
10977 +++ exited with 0 +++
10975 <... wait4 resumed>[{WIFEXITED(s) && WEXITSTATUS(s) == 0}], 0, NULL) = 10977
10975 --- SIGCHLD {si_signo=SIGCHLD, si_code=CLD_EXITED, si_pid=10977, si_uid=1001, si_status=0, si_utime=0, si_stime=0} ---
10975 exit_group(0)                     = ?
10975 +++ exited with 0 +++
10973 <... wait4 resumed>[{WIFEXITED(s) && WEXITSTATUS(s) == 0}], 0, NULL) = 10975
10973 --- SIGCHLD {si_signo=SIGCHLD, si_code=CLD_EXITED, si_pid=10975, si_uid=1001, si_status=0, si_utime=0, si_stime=0} ---
10973 exit_group(0)                     = ?
10973 +++ exited with 0 +++
