10446 execve("/home/runner/work/_temp/candidate-compiler", ["/home/runner/work/_temp/candidat"..., "build", "/home/runner/work/type-rb-native"..., "--output", "/home/runner/work/_temp/build-wo"..., "--qbe", "/home/runner/work/_temp/qbe-1.3/"..., "--cc", "/usr/bin/cc", "--target", "linux-arm64-v0"], 0xfffff02648b8 /* 115 vars */) = 0
10446 clone(child_stack=NULL, flags=CLONE_CHILD_CLEARTID|CLONE_CHILD_SETTID|SIGCHLD, child_tidptr=0xff46e3d30f90) = 10447
10446 wait4(10447,  <unfinished ...>
10447 execve("/home/runner/work/_temp/qbe-1.3/qbe", ["/home/runner/work/_temp/qbe-1.3/"..., "-t", "arm64", "-o", "/home/runner/work/_temp/build-wo"..., "/home/runner/work/_temp/build-wo"...], 0xffffd048d448 /* 115 vars */) = 0
10447 exit_group(0)                     = ?
10447 +++ exited with 0 +++
10446 <... wait4 resumed>[{WIFEXITED(s) && WEXITSTATUS(s) == 0}], 0, NULL) = 10447
10446 --- SIGCHLD {si_signo=SIGCHLD, si_code=CLD_EXITED, si_pid=10447, si_uid=1001, si_status=0, si_utime=1 /* 0.01 s */, si_stime=0} ---
10446 clone(child_stack=NULL, flags=CLONE_CHILD_CLEARTID|CLONE_CHILD_SETTID|SIGCHLD, child_tidptr=0xff46e3d30f90) = 10448
10446 wait4(10448,  <unfinished ...>
10448 execve("/usr/bin/cc", ["/usr/bin/cc", "-xassembler", "/home/runner/work/_temp/build-wo"..., "-fuse-ld=lld", "-Wl,--gc-sections,--strip-all,--"..., "-lm", "-o", "/home/runner/work/_temp/build-wo"...], 0xffffd048d448 /* 115 vars */) = 0
10448 clone(child_stack=0xffffe213e010, flags=CLONE_VM|CLONE_VFORK|SIGCHLD <unfinished ...>
10449 execve("/home/runner/go/bin/as", ["as", "-EL", "-mabi=lp64", "-o", "/tmp/cc8F0QCi.o", "/home/runner/work/_temp/build-wo"...], 0x1437bda0 /* 120 vars */) = -1 ENOENT (No such file or directory)
10449 execve("/opt/hostedtoolcache/go/1.27.1/arm64/bin/as", ["as", "-EL", "-mabi=lp64", "-o", "/tmp/cc8F0QCi.o", "/home/runner/work/_temp/build-wo"...], 0x1437bda0 /* 120 vars */) = -1 ENOENT (No such file or directory)
10449 execve("/snap/bin/as", ["as", "-EL", "-mabi=lp64", "-o", "/tmp/cc8F0QCi.o", "/home/runner/work/_temp/build-wo"...], 0x1437bda0 /* 120 vars */) = -1 ENOENT (No such file or directory)
10449 execve("/home/runner/.local/bin/as", ["as", "-EL", "-mabi=lp64", "-o", "/tmp/cc8F0QCi.o", "/home/runner/work/_temp/build-wo"...], 0x1437bda0 /* 120 vars */) = -1 ENOENT (No such file or directory)
10449 execve("/opt/pipx_bin/as", ["as", "-EL", "-mabi=lp64", "-o", "/tmp/cc8F0QCi.o", "/home/runner/work/_temp/build-wo"...], 0x1437bda0 /* 120 vars */) = -1 ENOENT (No such file or directory)
10449 execve("/home/runner/.cargo/bin/as", ["as", "-EL", "-mabi=lp64", "-o", "/tmp/cc8F0QCi.o", "/home/runner/work/_temp/build-wo"...], 0x1437bda0 /* 120 vars */) = -1 ENOENT (No such file or directory)
10449 execve("/home/runner/.config/composer/vendor/bin/as", ["as", "-EL", "-mabi=lp64", "-o", "/tmp/cc8F0QCi.o", "/home/runner/work/_temp/build-wo"...], 0x1437bda0 /* 120 vars */) = -1 ENOENT (No such file or directory)
10449 execve("/home/runner/.dotnet/tools/as", ["as", "-EL", "-mabi=lp64", "-o", "/tmp/cc8F0QCi.o", "/home/runner/work/_temp/build-wo"...], 0x1437bda0 /* 120 vars */) = -1 ENOENT (No such file or directory)
10449 execve("/usr/local/sbin/as", ["as", "-EL", "-mabi=lp64", "-o", "/tmp/cc8F0QCi.o", "/home/runner/work/_temp/build-wo"...], 0x1437bda0 /* 120 vars */) = -1 ENOENT (No such file or directory)
10449 execve("/usr/local/bin/as", ["as", "-EL", "-mabi=lp64", "-o", "/tmp/cc8F0QCi.o", "/home/runner/work/_temp/build-wo"...], 0x1437bda0 /* 120 vars */) = -1 ENOENT (No such file or directory)
10449 execve("/usr/sbin/as", ["as", "-EL", "-mabi=lp64", "-o", "/tmp/cc8F0QCi.o", "/home/runner/work/_temp/build-wo"...], 0x1437bda0 /* 120 vars */) = -1 ENOENT (No such file or directory)
10449 execve("/usr/bin/as", ["as", "-EL", "-mabi=lp64", "-o", "/tmp/cc8F0QCi.o", "/home/runner/work/_temp/build-wo"...], 0x1437bda0 /* 120 vars */ <unfinished ...>
10448 <... clone resumed>)              = 10449
10448 wait4(10449,  <unfinished ...>
10449 <... execve resumed>)             = 0
10449 exit_group(0)                     = ?
10449 +++ exited with 0 +++
10448 <... wait4 resumed>[{WIFEXITED(s) && WEXITSTATUS(s) == 0}], 0, NULL) = 10449
10448 --- SIGCHLD {si_signo=SIGCHLD, si_code=CLD_EXITED, si_pid=10449, si_uid=1001, si_status=0, si_utime=0, si_stime=0} ---
10448 clone(child_stack=0xffffe213d150, flags=CLONE_VM|CLONE_VFORK|SIGCHLD <unfinished ...>
10450 execve("/usr/libexec/gcc/aarch64-linux-gnu/13/collect2", ["/usr/libexec/gcc/aarch64-linux-g"..., "-plugin", "/usr/libexec/gcc/aarch64-linux-g"..., "-plugin-opt=/usr/libexec/gcc/aar"..., "-plugin-opt=-fresolution=/tmp/cc"..., "-plugin-opt=-pass-through=-lgcc", "-plugin-opt=-pass-through=-lgcc_"..., "-plugin-opt=-pass-through=-lc", "-plugin-opt=-pass-through=-lgcc", "-plugin-opt=-pass-through=-lgcc_"..., "--build-id", "--eh-frame-hdr", "--hash-style=gnu", "--as-needed", "-dynamic-linker", "/lib/ld-linux-aarch64.so.1", "-X", "-EL", "-maarch64linux", "--fix-cortex-a53-843419", "-pie", "-z", "now", "-fuse-ld=lld", "-z", "relro", "-o", "/home/runner/work/_temp/build-wo"..., "/usr/lib/gcc/aarch64-linux-gnu/1"..., "/usr/lib/gcc/aarch64-linux-gnu/1"..., "/usr/lib/gcc/aarch64-linux-gnu/1"..., "-L/usr/lib/gcc/aarch64-linux-gnu"..., ...], 0x1437c5f0 /* 122 vars */ <unfinished ...>
10448 <... clone resumed>)              = 10450
10448 wait4(10450,  <unfinished ...>
10450 <... execve resumed>)             = 0
10450 clone(child_stack=0xffffd031d520, flags=CLONE_VM|CLONE_VFORK|SIGCHLD <unfinished ...>
10451 execve("/usr/bin/ld.lld", ["/usr/bin/ld.lld", "-plugin", "/usr/libexec/gcc/aarch64-linux-g"..., "-plugin-opt=/usr/libexec/gcc/aar"..., "-plugin-opt=-fresolution=/tmp/cc"..., "-plugin-opt=-pass-through=-lgcc", "-plugin-opt=-pass-through=-lgcc_"..., "-plugin-opt=-pass-through=-lc", "-plugin-opt=-pass-through=-lgcc", "-plugin-opt=-pass-through=-lgcc_"..., "--build-id", "--eh-frame-hdr", "--hash-style=gnu", "--as-needed", "-dynamic-linker", "/lib/ld-linux-aarch64.so.1", "-X", "-EL", "-maarch64linux", "--fix-cortex-a53-843419", "-pie", "-z", "now", "-z", "relro", "-o", "/home/runner/work/_temp/build-wo"..., "/usr/lib/gcc/aarch64-linux-gnu/1"..., "/usr/lib/gcc/aarch64-linux-gnu/1"..., "/usr/lib/gcc/aarch64-linux-gnu/1"..., "-L/usr/lib/gcc/aarch64-linux-gnu"..., "-L/usr/lib/gcc/aarch64-linux-gnu"..., ...], 0xffffd031dbe8 /* 122 vars */ <unfinished ...>
10450 <... clone resumed>)              = 10451
10450 wait4(10451,  <unfinished ...>
10451 <... execve resumed>)             = 0
10451 clone3({flags=CLONE_VM|CLONE_FS|CLONE_FILES|CLONE_SIGHAND|CLONE_THREAD|CLONE_SYSVSEM|CLONE_SETTLS|CLONE_PARENT_SETTID|CLONE_CHILD_CLEARTID, child_tid=0xff19bafff050, parent_tid=0xff19bafff050, exit_signal=0, stack=0xff19b6ff0000, stack_size=0x400e840, tls=0xff19bafff6c0} => {parent_tid=[10452]}, 88) = 10452
10452 clone3({flags=CLONE_VM|CLONE_FS|CLONE_FILES|CLONE_SIGHAND|CLONE_THREAD|CLONE_SYSVSEM|CLONE_SETTLS|CLONE_PARENT_SETTID|CLONE_CHILD_CLEARTID, child_tid=0xff19affff050, parent_tid=0xff19affff050, exit_signal=0, stack=0xff19abff0000, stack_size=0x400e840, tls=0xff19affff6c0} => {parent_tid=[10453]}, 88) = 10453
10452 clone3({flags=CLONE_VM|CLONE_FS|CLONE_FILES|CLONE_SIGHAND|CLONE_THREAD|CLONE_SYSVSEM|CLONE_SETTLS|CLONE_PARENT_SETTID|CLONE_CHILD_CLEARTID, child_tid=0xff19abfef050, parent_tid=0xff19abfef050, exit_signal=0, stack=0xff19a7fe0000, stack_size=0x400e840, tls=0xff19abfef6c0} => {parent_tid=[10454]}, 88) = 10454
10452 clone3({flags=CLONE_VM|CLONE_FS|CLONE_FILES|CLONE_SIGHAND|CLONE_THREAD|CLONE_SYSVSEM|CLONE_SETTLS|CLONE_PARENT_SETTID|CLONE_CHILD_CLEARTID, child_tid=0xff199ffff050, parent_tid=0xff199ffff050, exit_signal=0, stack=0xff199bff0000, stack_size=0x400e840, tls=0xff199ffff6c0} => {parent_tid=[10455]}, 88) = 10455
10455 exit(0 <unfinished ...>
10454 exit(0 <unfinished ...>
10455 <... exit resumed>)               = ?
10451 exit_group(0 <unfinished ...>
10454 <... exit resumed>)               = ?
10452 ???( <unfinished ...>
10451 <... exit_group resumed>)         = ?
10455 +++ exited with 0 +++
10454 +++ exited with 0 +++
10452 +++ exited with 0 +++
10453 +++ exited with 0 +++
10451 +++ exited with 0 +++
10450 <... wait4 resumed>[{WIFEXITED(s) && WEXITSTATUS(s) == 0}], 0, NULL) = 10451
10450 --- SIGCHLD {si_signo=SIGCHLD, si_code=CLD_EXITED, si_pid=10451, si_uid=1001, si_status=0, si_utime=1 /* 0.01 s */, si_stime=3 /* 0.03 s */} ---
10450 exit_group(0)                     = ?
10450 +++ exited with 0 +++
10448 <... wait4 resumed>[{WIFEXITED(s) && WEXITSTATUS(s) == 0}], 0, NULL) = 10450
10448 --- SIGCHLD {si_signo=SIGCHLD, si_code=CLD_EXITED, si_pid=10450, si_uid=1001, si_status=0, si_utime=0, si_stime=0} ---
10448 exit_group(0)                     = ?
10448 +++ exited with 0 +++
10446 <... wait4 resumed>[{WIFEXITED(s) && WEXITSTATUS(s) == 0}], 0, NULL) = 10448
10446 --- SIGCHLD {si_signo=SIGCHLD, si_code=CLD_EXITED, si_pid=10448, si_uid=1001, si_status=0, si_utime=0, si_stime=0} ---
10446 exit_group(0)                     = ?
10446 +++ exited with 0 +++
