6165  execve("/home/runner/work/_temp/baseline-bootstrap-workspace/b4/compiler", ["/home/runner/work/_temp/baseline"..., "build", "/home/runner/work/_temp/baseline"..., "--output", "/home/runner/work/_temp/baseline"..., "--qbe", "/home/runner/work/_temp/qbe-1.3/"..., "--cc", "/usr/bin/cc", "--target", "linux-arm64-v0"], 0xffffdd35dd18 /* 111 vars */) = 0
6165  clone(child_stack=NULL, flags=CLONE_CHILD_CLEARTID|CLONE_CHILD_SETTID|SIGCHLD, child_tidptr=0xfff914008f90) = 6166
6165  wait4(6166,  <unfinished ...>
6166  execve("/home/runner/work/_temp/qbe-1.3/qbe", ["/home/runner/work/_temp/qbe-1.3/"..., "-t", "arm64", "-o", "/home/runner/work/_temp/baseline"..., "/home/runner/work/_temp/baseline"...], 0xfffff943e928 /* 111 vars */) = 0
6166  exit_group(0)                     = ?
6166  +++ exited with 0 +++
6165  <... wait4 resumed>[{WIFEXITED(s) && WEXITSTATUS(s) == 0}], 0, NULL) = 6166
6165  --- SIGCHLD {si_signo=SIGCHLD, si_code=CLD_EXITED, si_pid=6166, si_uid=1001, si_status=0, si_utime=0, si_stime=0} ---
6165  clone(child_stack=NULL, flags=CLONE_CHILD_CLEARTID|CLONE_CHILD_SETTID|SIGCHLD, child_tidptr=0xfff914008f90) = 6167
6165  wait4(6167,  <unfinished ...>
6167  execve("/usr/bin/cc", ["/usr/bin/cc", "-xassembler", "/home/runner/work/_temp/baseline"..., "-fuse-ld=lld", "-Wl,--gc-sections,--strip-all", "-lm", "-o", "/home/runner/work/_temp/baseline"...], 0xfffff943e928 /* 111 vars */) = 0
6167  clone(child_stack=0xfffffb241540, flags=CLONE_VM|CLONE_VFORK|SIGCHLD <unfinished ...>
6168  execve("/snap/bin/as", ["as", "-EL", "-mabi=lp64", "-o", "/tmp/ccZnGcz8.o", "/home/runner/work/_temp/baseline"...], 0x3a366d50 /* 116 vars */) = -1 ENOENT (No such file or directory)
6168  execve("/home/runner/.local/bin/as", ["as", "-EL", "-mabi=lp64", "-o", "/tmp/ccZnGcz8.o", "/home/runner/work/_temp/baseline"...], 0x3a366d50 /* 116 vars */) = -1 ENOENT (No such file or directory)
6168  execve("/opt/pipx_bin/as", ["as", "-EL", "-mabi=lp64", "-o", "/tmp/ccZnGcz8.o", "/home/runner/work/_temp/baseline"...], 0x3a366d50 /* 116 vars */) = -1 ENOENT (No such file or directory)
6168  execve("/home/runner/.cargo/bin/as", ["as", "-EL", "-mabi=lp64", "-o", "/tmp/ccZnGcz8.o", "/home/runner/work/_temp/baseline"...], 0x3a366d50 /* 116 vars */) = -1 ENOENT (No such file or directory)
6168  execve("/home/runner/.config/composer/vendor/bin/as", ["as", "-EL", "-mabi=lp64", "-o", "/tmp/ccZnGcz8.o", "/home/runner/work/_temp/baseline"...], 0x3a366d50 /* 116 vars */) = -1 ENOENT (No such file or directory)
6168  execve("/home/runner/.dotnet/tools/as", ["as", "-EL", "-mabi=lp64", "-o", "/tmp/ccZnGcz8.o", "/home/runner/work/_temp/baseline"...], 0x3a366d50 /* 116 vars */) = -1 ENOENT (No such file or directory)
6168  execve("/usr/local/sbin/as", ["as", "-EL", "-mabi=lp64", "-o", "/tmp/ccZnGcz8.o", "/home/runner/work/_temp/baseline"...], 0x3a366d50 /* 116 vars */) = -1 ENOENT (No such file or directory)
6168  execve("/usr/local/bin/as", ["as", "-EL", "-mabi=lp64", "-o", "/tmp/ccZnGcz8.o", "/home/runner/work/_temp/baseline"...], 0x3a366d50 /* 116 vars */) = -1 ENOENT (No such file or directory)
6168  execve("/usr/sbin/as", ["as", "-EL", "-mabi=lp64", "-o", "/tmp/ccZnGcz8.o", "/home/runner/work/_temp/baseline"...], 0x3a366d50 /* 116 vars */) = -1 ENOENT (No such file or directory)
6168  execve("/usr/bin/as", ["as", "-EL", "-mabi=lp64", "-o", "/tmp/ccZnGcz8.o", "/home/runner/work/_temp/baseline"...], 0x3a366d50 /* 116 vars */ <unfinished ...>
6167  <... clone resumed>)              = 6168
6168  <... execve resumed>)             = 0
6167  wait4(6168,  <unfinished ...>
6168  exit_group(0)                     = ?
6168  +++ exited with 0 +++
6167  <... wait4 resumed>[{WIFEXITED(s) && WEXITSTATUS(s) == 0}], 0, NULL) = 6168
6167  --- SIGCHLD {si_signo=SIGCHLD, si_code=CLD_EXITED, si_pid=6168, si_uid=1001, si_status=0, si_utime=0, si_stime=0} ---
6167  clone(child_stack=0xfffffb240680, flags=CLONE_VM|CLONE_VFORK|SIGCHLD <unfinished ...>
6169  execve("/usr/libexec/gcc/aarch64-linux-gnu/13/collect2", ["/usr/libexec/gcc/aarch64-linux-g"..., "-plugin", "/usr/libexec/gcc/aarch64-linux-g"..., "-plugin-opt=/usr/libexec/gcc/aar"..., "-plugin-opt=-fresolution=/tmp/cc"..., "-plugin-opt=-pass-through=-lgcc", "-plugin-opt=-pass-through=-lgcc_"..., "-plugin-opt=-pass-through=-lc", "-plugin-opt=-pass-through=-lgcc", "-plugin-opt=-pass-through=-lgcc_"..., "--build-id", "--eh-frame-hdr", "--hash-style=gnu", "--as-needed", "-dynamic-linker", "/lib/ld-linux-aarch64.so.1", "-X", "-EL", "-maarch64linux", "--fix-cortex-a53-843419", "-pie", "-z", "now", "-fuse-ld=lld", "-z", "relro", "-o", "/home/runner/work/_temp/baseline"..., "/usr/lib/gcc/aarch64-linux-gnu/1"..., "/usr/lib/gcc/aarch64-linux-gnu/1"..., "/usr/lib/gcc/aarch64-linux-gnu/1"..., "-L/usr/lib/gcc/aarch64-linux-gnu"..., ...], 0x3a367580 /* 118 vars */ <unfinished ...>
6167  <... clone resumed>)              = 6169
6169  <... execve resumed>)             = 0
6167  wait4(6169,  <unfinished ...>
6169  clone(child_stack=0xffffcd853ee0, flags=CLONE_VM|CLONE_VFORK|SIGCHLD <unfinished ...>
6170  execve("/usr/bin/ld.lld", ["/usr/bin/ld.lld", "-plugin", "/usr/libexec/gcc/aarch64-linux-g"..., "-plugin-opt=/usr/libexec/gcc/aar"..., "-plugin-opt=-fresolution=/tmp/cc"..., "-plugin-opt=-pass-through=-lgcc", "-plugin-opt=-pass-through=-lgcc_"..., "-plugin-opt=-pass-through=-lc", "-plugin-opt=-pass-through=-lgcc", "-plugin-opt=-pass-through=-lgcc_"..., "--build-id", "--eh-frame-hdr", "--hash-style=gnu", "--as-needed", "-dynamic-linker", "/lib/ld-linux-aarch64.so.1", "-X", "-EL", "-maarch64linux", "--fix-cortex-a53-843419", "-pie", "-z", "now", "-z", "relro", "-o", "/home/runner/work/_temp/baseline"..., "/usr/lib/gcc/aarch64-linux-gnu/1"..., "/usr/lib/gcc/aarch64-linux-gnu/1"..., "/usr/lib/gcc/aarch64-linux-gnu/1"..., "-L/usr/lib/gcc/aarch64-linux-gnu"..., "-L/usr/lib/gcc/aarch64-linux-gnu"..., ...], 0xffffcd8545a0 /* 118 vars */ <unfinished ...>
6169  <... clone resumed>)              = 6170
6170  <... execve resumed>)             = 0
6169  wait4(6170,  <unfinished ...>
6170  clone3({flags=CLONE_VM|CLONE_FS|CLONE_FILES|CLONE_SIGHAND|CLONE_THREAD|CLONE_SYSVSEM|CLONE_SETTLS|CLONE_PARENT_SETTID|CLONE_CHILD_CLEARTID, child_tid=0xff0c455ff050, parent_tid=0xff0c455ff050, exit_signal=0, stack=0xff0c415f0000, stack_size=0x400e840, tls=0xff0c455ff6c0} => {parent_tid=[6171]}, 88) = 6171
6171  clone3({flags=CLONE_VM|CLONE_FS|CLONE_FILES|CLONE_SIGHAND|CLONE_THREAD|CLONE_SYSVSEM|CLONE_SETTLS|CLONE_PARENT_SETTID|CLONE_CHILD_CLEARTID, child_tid=0xff0c3bfff050, parent_tid=0xff0c3bfff050, exit_signal=0, stack=0xff0c37ff0000, stack_size=0x400e840, tls=0xff0c3bfff6c0} => {parent_tid=[6172]}, 88) = 6172
6171  clone3({flags=CLONE_VM|CLONE_FS|CLONE_FILES|CLONE_SIGHAND|CLONE_THREAD|CLONE_SYSVSEM|CLONE_SETTLS|CLONE_PARENT_SETTID|CLONE_CHILD_CLEARTID, child_tid=0xff0c37fef050, parent_tid=0xff0c37fef050, exit_signal=0, stack=0xff0c33fe0000, stack_size=0x400e840, tls=0xff0c37fef6c0} => {parent_tid=[6173]}, 88) = 6173
6171  clone3({flags=CLONE_VM|CLONE_FS|CLONE_FILES|CLONE_SIGHAND|CLONE_THREAD|CLONE_SYSVSEM|CLONE_SETTLS|CLONE_PARENT_SETTID|CLONE_CHILD_CLEARTID, child_tid=0xff0c2bfff050, parent_tid=0xff0c2bfff050, exit_signal=0, stack=0xff0c27ff0000, stack_size=0x400e840, tls=0xff0c2bfff6c0} => {parent_tid=[6174]}, 88) = 6174
6174  exit(0 <unfinished ...>
6170  exit_group(0 <unfinished ...>
6174  <... exit resumed>)               = ?
6171  ???( <unfinished ...>
6170  <... exit_group resumed>)         = ?
6174  +++ exited with 0 +++
6172  +++ exited with 0 +++
6173  +++ exited with 0 +++
6171  +++ exited with 0 +++
6170  +++ exited with 0 +++
6169  <... wait4 resumed>[{WIFEXITED(s) && WEXITSTATUS(s) == 0}], 0, NULL) = 6170
6169  --- SIGCHLD {si_signo=SIGCHLD, si_code=CLD_EXITED, si_pid=6170, si_uid=1001, si_status=0, si_utime=0, si_stime=1 /* 0.01 s */} ---
6169  exit_group(0)                     = ?
6169  +++ exited with 0 +++
6167  <... wait4 resumed>[{WIFEXITED(s) && WEXITSTATUS(s) == 0}], 0, NULL) = 6169
6167  --- SIGCHLD {si_signo=SIGCHLD, si_code=CLD_EXITED, si_pid=6169, si_uid=1001, si_status=0, si_utime=0, si_stime=0} ---
6167  exit_group(0)                     = ?
6167  +++ exited with 0 +++
6165  <... wait4 resumed>[{WIFEXITED(s) && WEXITSTATUS(s) == 0}], 0, NULL) = 6167
6165  --- SIGCHLD {si_signo=SIGCHLD, si_code=CLD_EXITED, si_pid=6167, si_uid=1001, si_status=0, si_utime=0, si_stime=0} ---
6165  exit_group(0)                     = ?
6165  +++ exited with 0 +++
