9085  execve("/home/runner/work/_temp/candidate-compiler", ["/home/runner/work/_temp/candidat"..., "build", "/home/runner/work/type-rb-native"..., "--output", "/home/runner/work/_temp/build-wo"..., "--qbe", "/home/runner/work/_temp/qbe-1.3/"..., "--cc", "/usr/bin/cc", "--target", "linux-arm64-v0"], 0xffffe6f04448 /* 115 vars */) = 0
9085  clone(child_stack=NULL, flags=CLONE_CHILD_CLEARTID|CLONE_CHILD_SETTID|SIGCHLD, child_tidptr=0xff0a861cef90) = 9086
9085  wait4(9086,  <unfinished ...>
9086  execve("/home/runner/work/_temp/qbe-1.3/qbe", ["/home/runner/work/_temp/qbe-1.3/"..., "-t", "arm64", "-o", "/home/runner/work/_temp/build-wo"..., "/home/runner/work/_temp/build-wo"...], 0xfffff3034a48 /* 115 vars */) = 0
9086  exit_group(0)                     = ?
9086  +++ exited with 0 +++
9085  <... wait4 resumed>[{WIFEXITED(s) && WEXITSTATUS(s) == 0}], 0, NULL) = 9086
9085  --- SIGCHLD {si_signo=SIGCHLD, si_code=CLD_EXITED, si_pid=9086, si_uid=1001, si_status=0, si_utime=1 /* 0.01 s */, si_stime=0} ---
9085  clone(child_stack=NULL, flags=CLONE_CHILD_CLEARTID|CLONE_CHILD_SETTID|SIGCHLD, child_tidptr=0xff0a861cef90) = 9087
9085  wait4(9087,  <unfinished ...>
9087  execve("/usr/bin/cc", ["/usr/bin/cc", "-xassembler", "/home/runner/work/_temp/build-wo"..., "-fuse-ld=lld", "-Wl,--gc-sections,--strip-all", "-lm", "-o", "/home/runner/work/_temp/build-wo"...], 0xfffff3034a48 /* 115 vars */) = 0
9087  clone(child_stack=0xffffc52b53f0, flags=CLONE_VM|CLONE_VFORK|SIGCHLD <unfinished ...>
9088  execve("/home/runner/go/bin/as", ["as", "-EL", "-mabi=lp64", "-o", "/tmp/ccSRlcpC.o", "/home/runner/work/_temp/build-wo"...], 0x183f3d80 /* 120 vars */) = -1 ENOENT (No such file or directory)
9088  execve("/opt/hostedtoolcache/go/1.27.0/arm64/bin/as", ["as", "-EL", "-mabi=lp64", "-o", "/tmp/ccSRlcpC.o", "/home/runner/work/_temp/build-wo"...], 0x183f3d80 /* 120 vars */) = -1 ENOENT (No such file or directory)
9088  execve("/snap/bin/as", ["as", "-EL", "-mabi=lp64", "-o", "/tmp/ccSRlcpC.o", "/home/runner/work/_temp/build-wo"...], 0x183f3d80 /* 120 vars */) = -1 ENOENT (No such file or directory)
9088  execve("/home/runner/.local/bin/as", ["as", "-EL", "-mabi=lp64", "-o", "/tmp/ccSRlcpC.o", "/home/runner/work/_temp/build-wo"...], 0x183f3d80 /* 120 vars */) = -1 ENOENT (No such file or directory)
9088  execve("/opt/pipx_bin/as", ["as", "-EL", "-mabi=lp64", "-o", "/tmp/ccSRlcpC.o", "/home/runner/work/_temp/build-wo"...], 0x183f3d80 /* 120 vars */) = -1 ENOENT (No such file or directory)
9088  execve("/home/runner/.cargo/bin/as", ["as", "-EL", "-mabi=lp64", "-o", "/tmp/ccSRlcpC.o", "/home/runner/work/_temp/build-wo"...], 0x183f3d80 /* 120 vars */) = -1 ENOENT (No such file or directory)
9088  execve("/home/runner/.config/composer/vendor/bin/as", ["as", "-EL", "-mabi=lp64", "-o", "/tmp/ccSRlcpC.o", "/home/runner/work/_temp/build-wo"...], 0x183f3d80 /* 120 vars */) = -1 ENOENT (No such file or directory)
9088  execve("/home/runner/.dotnet/tools/as", ["as", "-EL", "-mabi=lp64", "-o", "/tmp/ccSRlcpC.o", "/home/runner/work/_temp/build-wo"...], 0x183f3d80 /* 120 vars */) = -1 ENOENT (No such file or directory)
9088  execve("/usr/local/sbin/as", ["as", "-EL", "-mabi=lp64", "-o", "/tmp/ccSRlcpC.o", "/home/runner/work/_temp/build-wo"...], 0x183f3d80 /* 120 vars */) = -1 ENOENT (No such file or directory)
9088  execve("/usr/local/bin/as", ["as", "-EL", "-mabi=lp64", "-o", "/tmp/ccSRlcpC.o", "/home/runner/work/_temp/build-wo"...], 0x183f3d80 /* 120 vars */) = -1 ENOENT (No such file or directory)
9088  execve("/usr/sbin/as", ["as", "-EL", "-mabi=lp64", "-o", "/tmp/ccSRlcpC.o", "/home/runner/work/_temp/build-wo"...], 0x183f3d80 /* 120 vars */) = -1 ENOENT (No such file or directory)
9088  execve("/usr/bin/as", ["as", "-EL", "-mabi=lp64", "-o", "/tmp/ccSRlcpC.o", "/home/runner/work/_temp/build-wo"...], 0x183f3d80 /* 120 vars */ <unfinished ...>
9087  <... clone resumed>)              = 9088
9087  wait4(9088,  <unfinished ...>
9088  <... execve resumed>)             = 0
9088  exit_group(0)                     = ?
9088  +++ exited with 0 +++
9087  <... wait4 resumed>[{WIFEXITED(s) && WEXITSTATUS(s) == 0}], 0, NULL) = 9088
9087  --- SIGCHLD {si_signo=SIGCHLD, si_code=CLD_EXITED, si_pid=9088, si_uid=1001, si_status=0, si_utime=0, si_stime=0} ---
9087  clone(child_stack=0xffffc52b4530, flags=CLONE_VM|CLONE_VFORK|SIGCHLD <unfinished ...>
9089  execve("/usr/libexec/gcc/aarch64-linux-gnu/13/collect2", ["/usr/libexec/gcc/aarch64-linux-g"..., "-plugin", "/usr/libexec/gcc/aarch64-linux-g"..., "-plugin-opt=/usr/libexec/gcc/aar"..., "-plugin-opt=-fresolution=/tmp/cc"..., "-plugin-opt=-pass-through=-lgcc", "-plugin-opt=-pass-through=-lgcc_"..., "-plugin-opt=-pass-through=-lc", "-plugin-opt=-pass-through=-lgcc", "-plugin-opt=-pass-through=-lgcc_"..., "--build-id", "--eh-frame-hdr", "--hash-style=gnu", "--as-needed", "-dynamic-linker", "/lib/ld-linux-aarch64.so.1", "-X", "-EL", "-maarch64linux", "--fix-cortex-a53-843419", "-pie", "-z", "now", "-fuse-ld=lld", "-z", "relro", "-o", "/home/runner/work/_temp/build-wo"..., "/usr/lib/gcc/aarch64-linux-gnu/1"..., "/usr/lib/gcc/aarch64-linux-gnu/1"..., "/usr/lib/gcc/aarch64-linux-gnu/1"..., "-L/usr/lib/gcc/aarch64-linux-gnu"..., ...], 0x183f45d0 /* 122 vars */ <unfinished ...>
9087  <... clone resumed>)              = 9089
9087  wait4(9089,  <unfinished ...>
9089  <... execve resumed>)             = 0
9089  clone(child_stack=0xfffffb5207c0, flags=CLONE_VM|CLONE_VFORK|SIGCHLD <unfinished ...>
9090  execve("/usr/bin/ld.lld", ["/usr/bin/ld.lld", "-plugin", "/usr/libexec/gcc/aarch64-linux-g"..., "-plugin-opt=/usr/libexec/gcc/aar"..., "-plugin-opt=-fresolution=/tmp/cc"..., "-plugin-opt=-pass-through=-lgcc", "-plugin-opt=-pass-through=-lgcc_"..., "-plugin-opt=-pass-through=-lc", "-plugin-opt=-pass-through=-lgcc", "-plugin-opt=-pass-through=-lgcc_"..., "--build-id", "--eh-frame-hdr", "--hash-style=gnu", "--as-needed", "-dynamic-linker", "/lib/ld-linux-aarch64.so.1", "-X", "-EL", "-maarch64linux", "--fix-cortex-a53-843419", "-pie", "-z", "now", "-z", "relro", "-o", "/home/runner/work/_temp/build-wo"..., "/usr/lib/gcc/aarch64-linux-gnu/1"..., "/usr/lib/gcc/aarch64-linux-gnu/1"..., "/usr/lib/gcc/aarch64-linux-gnu/1"..., "-L/usr/lib/gcc/aarch64-linux-gnu"..., "-L/usr/lib/gcc/aarch64-linux-gnu"..., ...], 0xfffffb520e80 /* 122 vars */ <unfinished ...>
9089  <... clone resumed>)              = 9090
9089  wait4(9090,  <unfinished ...>
9090  <... execve resumed>)             = 0
9090  clone3({flags=CLONE_VM|CLONE_FS|CLONE_FILES|CLONE_SIGHAND|CLONE_THREAD|CLONE_SYSVSEM|CLONE_SETTLS|CLONE_PARENT_SETTID|CLONE_CHILD_CLEARTID, child_tid=0xff59ca3ff050, parent_tid=0xff59ca3ff050, exit_signal=0, stack=0xff59c63f0000, stack_size=0x400e840, tls=0xff59ca3ff6c0} => {parent_tid=[9091]}, 88) = 9091
9091  clone3({flags=CLONE_VM|CLONE_FS|CLONE_FILES|CLONE_SIGHAND|CLONE_THREAD|CLONE_SYSVSEM|CLONE_SETTLS|CLONE_PARENT_SETTID|CLONE_CHILD_CLEARTID, child_tid=0xff59bffff050, parent_tid=0xff59bffff050, exit_signal=0, stack=0xff59bbff0000, stack_size=0x400e840, tls=0xff59bffff6c0} => {parent_tid=[9092]}, 88) = 9092
9091  clone3({flags=CLONE_VM|CLONE_FS|CLONE_FILES|CLONE_SIGHAND|CLONE_THREAD|CLONE_SYSVSEM|CLONE_SETTLS|CLONE_PARENT_SETTID|CLONE_CHILD_CLEARTID, child_tid=0xff59bbfef050, parent_tid=0xff59bbfef050, exit_signal=0, stack=0xff59b7fe0000, stack_size=0x400e840, tls=0xff59bbfef6c0} => {parent_tid=[9093]}, 88) = 9093
9091  clone3({flags=CLONE_VM|CLONE_FS|CLONE_FILES|CLONE_SIGHAND|CLONE_THREAD|CLONE_SYSVSEM|CLONE_SETTLS|CLONE_PARENT_SETTID|CLONE_CHILD_CLEARTID, child_tid=0xff59affff050, parent_tid=0xff59affff050, exit_signal=0, stack=0xff59abff0000, stack_size=0x400e840, tls=0xff59affff6c0} => {parent_tid=[9094]}, 88) = 9094
9093  exit(0)                           = ?
9091  exit(0)                           = ?
9093  +++ exited with 0 +++
9090  exit_group(0 <unfinished ...>
9091  +++ exited with 0 +++
9090  <... exit_group resumed>)         = ?
9094  +++ exited with 0 +++
9092  +++ exited with 0 +++
9090  +++ exited with 0 +++
9089  <... wait4 resumed>[{WIFEXITED(s) && WEXITSTATUS(s) == 0}], 0, NULL) = 9090
9089  --- SIGCHLD {si_signo=SIGCHLD, si_code=CLD_EXITED, si_pid=9090, si_uid=1001, si_status=0, si_utime=0, si_stime=2 /* 0.02 s */} ---
9089  exit_group(0)                     = ?
9089  +++ exited with 0 +++
9087  <... wait4 resumed>[{WIFEXITED(s) && WEXITSTATUS(s) == 0}], 0, NULL) = 9089
9087  --- SIGCHLD {si_signo=SIGCHLD, si_code=CLD_EXITED, si_pid=9089, si_uid=1001, si_status=0, si_utime=0, si_stime=0} ---
9087  exit_group(0)                     = ?
9087  +++ exited with 0 +++
9085  <... wait4 resumed>[{WIFEXITED(s) && WEXITSTATUS(s) == 0}], 0, NULL) = 9087
9085  --- SIGCHLD {si_signo=SIGCHLD, si_code=CLD_EXITED, si_pid=9087, si_uid=1001, si_status=0, si_utime=0, si_stime=0} ---
9085  exit_group(0)                     = ?
9085  +++ exited with 0 +++
