8095  execve("/home/runner/work/_temp/bootstrap-workspace/b4/compiler", ["/home/runner/work/_temp/bootstra"..., "build", "/home/runner/work/type-rb-native"..., "--output", "/home/runner/work/_temp/bootstra"..., "--qbe", "/home/runner/work/_temp/qbe-1.3/"..., "--cc", "/usr/bin/cc", "--target", "linux-arm64-v0"], 0xfffff937d238 /* 111 vars */) = 0
8095  clone(child_stack=NULL, flags=CLONE_CHILD_CLEARTID|CLONE_CHILD_SETTID|SIGCHLD, child_tidptr=0xff0d2ceadf90) = 8096
8095  wait4(8096,  <unfinished ...>
8096  execve("/home/runner/work/_temp/qbe-1.3/qbe", ["/home/runner/work/_temp/qbe-1.3/"..., "-t", "arm64", "-o", "/home/runner/work/_temp/bootstra"..., "/home/runner/work/_temp/bootstra"...], 0xffffd1e259c8 /* 111 vars */) = 0
8096  exit_group(0)                     = ?
8096  +++ exited with 0 +++
8095  <... wait4 resumed>[{WIFEXITED(s) && WEXITSTATUS(s) == 0}], 0, NULL) = 8096
8095  --- SIGCHLD {si_signo=SIGCHLD, si_code=CLD_EXITED, si_pid=8096, si_uid=1001, si_status=0, si_utime=0, si_stime=0} ---
8095  clone(child_stack=NULL, flags=CLONE_CHILD_CLEARTID|CLONE_CHILD_SETTID|SIGCHLD, child_tidptr=0xff0d2ceadf90) = 8097
8095  wait4(8097,  <unfinished ...>
8097  execve("/usr/bin/cc", ["/usr/bin/cc", "-xassembler", "/home/runner/work/_temp/bootstra"..., "-fuse-ld=lld", "-Wl,--gc-sections,--strip-all", "-lm", "-o", "/home/runner/work/_temp/bootstra"...], 0xffffd1e259c8 /* 111 vars */) = 0
8097  clone(child_stack=0xffffca2bcd40, flags=CLONE_VM|CLONE_VFORK|SIGCHLD <unfinished ...>
8098  execve("/home/runner/go/bin/as", ["as", "-EL", "-mabi=lp64", "-o", "/tmp/ccm7hkxD.o", "/home/runner/work/_temp/bootstra"...], 0x393a2d50 /* 116 vars */) = -1 ENOENT (No such file or directory)
8098  execve("/opt/hostedtoolcache/go/1.27.0/arm64/bin/as", ["as", "-EL", "-mabi=lp64", "-o", "/tmp/ccm7hkxD.o", "/home/runner/work/_temp/bootstra"...], 0x393a2d50 /* 116 vars */) = -1 ENOENT (No such file or directory)
8098  execve("/snap/bin/as", ["as", "-EL", "-mabi=lp64", "-o", "/tmp/ccm7hkxD.o", "/home/runner/work/_temp/bootstra"...], 0x393a2d50 /* 116 vars */) = -1 ENOENT (No such file or directory)
8098  execve("/home/runner/.local/bin/as", ["as", "-EL", "-mabi=lp64", "-o", "/tmp/ccm7hkxD.o", "/home/runner/work/_temp/bootstra"...], 0x393a2d50 /* 116 vars */) = -1 ENOENT (No such file or directory)
8098  execve("/opt/pipx_bin/as", ["as", "-EL", "-mabi=lp64", "-o", "/tmp/ccm7hkxD.o", "/home/runner/work/_temp/bootstra"...], 0x393a2d50 /* 116 vars */) = -1 ENOENT (No such file or directory)
8098  execve("/home/runner/.cargo/bin/as", ["as", "-EL", "-mabi=lp64", "-o", "/tmp/ccm7hkxD.o", "/home/runner/work/_temp/bootstra"...], 0x393a2d50 /* 116 vars */) = -1 ENOENT (No such file or directory)
8098  execve("/home/runner/.config/composer/vendor/bin/as", ["as", "-EL", "-mabi=lp64", "-o", "/tmp/ccm7hkxD.o", "/home/runner/work/_temp/bootstra"...], 0x393a2d50 /* 116 vars */) = -1 ENOENT (No such file or directory)
8098  execve("/home/runner/.dotnet/tools/as", ["as", "-EL", "-mabi=lp64", "-o", "/tmp/ccm7hkxD.o", "/home/runner/work/_temp/bootstra"...], 0x393a2d50 /* 116 vars */) = -1 ENOENT (No such file or directory)
8098  execve("/usr/local/sbin/as", ["as", "-EL", "-mabi=lp64", "-o", "/tmp/ccm7hkxD.o", "/home/runner/work/_temp/bootstra"...], 0x393a2d50 /* 116 vars */) = -1 ENOENT (No such file or directory)
8098  execve("/usr/local/bin/as", ["as", "-EL", "-mabi=lp64", "-o", "/tmp/ccm7hkxD.o", "/home/runner/work/_temp/bootstra"...], 0x393a2d50 /* 116 vars */) = -1 ENOENT (No such file or directory)
8098  execve("/usr/sbin/as", ["as", "-EL", "-mabi=lp64", "-o", "/tmp/ccm7hkxD.o", "/home/runner/work/_temp/bootstra"...], 0x393a2d50 /* 116 vars */) = -1 ENOENT (No such file or directory)
8098  execve("/usr/bin/as", ["as", "-EL", "-mabi=lp64", "-o", "/tmp/ccm7hkxD.o", "/home/runner/work/_temp/bootstra"...], 0x393a2d50 /* 116 vars */ <unfinished ...>
8097  <... clone resumed>)              = 8098
8098  <... execve resumed>)             = 0
8097  wait4(8098,  <unfinished ...>
8098  exit_group(0)                     = ?
8098  +++ exited with 0 +++
8097  <... wait4 resumed>[{WIFEXITED(s) && WEXITSTATUS(s) == 0}], 0, NULL) = 8098
8097  --- SIGCHLD {si_signo=SIGCHLD, si_code=CLD_EXITED, si_pid=8098, si_uid=1001, si_status=0, si_utime=0, si_stime=0} ---
8097  clone(child_stack=0xffffca2bbe80, flags=CLONE_VM|CLONE_VFORK|SIGCHLD <unfinished ...>
8099  execve("/usr/libexec/gcc/aarch64-linux-gnu/13/collect2", ["/usr/libexec/gcc/aarch64-linux-g"..., "-plugin", "/usr/libexec/gcc/aarch64-linux-g"..., "-plugin-opt=/usr/libexec/gcc/aar"..., "-plugin-opt=-fresolution=/tmp/cc"..., "-plugin-opt=-pass-through=-lgcc", "-plugin-opt=-pass-through=-lgcc_"..., "-plugin-opt=-pass-through=-lc", "-plugin-opt=-pass-through=-lgcc", "-plugin-opt=-pass-through=-lgcc_"..., "--build-id", "--eh-frame-hdr", "--hash-style=gnu", "--as-needed", "-dynamic-linker", "/lib/ld-linux-aarch64.so.1", "-X", "-EL", "-maarch64linux", "--fix-cortex-a53-843419", "-pie", "-z", "now", "-fuse-ld=lld", "-z", "relro", "-o", "/home/runner/work/_temp/bootstra"..., "/usr/lib/gcc/aarch64-linux-gnu/1"..., "/usr/lib/gcc/aarch64-linux-gnu/1"..., "/usr/lib/gcc/aarch64-linux-gnu/1"..., "-L/usr/lib/gcc/aarch64-linux-gnu"..., ...], 0x393a3580 /* 118 vars */ <unfinished ...>
8097  <... clone resumed>)              = 8099
8099  <... execve resumed>)             = 0
8097  wait4(8099,  <unfinished ...>
8099  clone(child_stack=0xffffff831e10, flags=CLONE_VM|CLONE_VFORK|SIGCHLD <unfinished ...>
8100  execve("/usr/bin/ld.lld", ["/usr/bin/ld.lld", "-plugin", "/usr/libexec/gcc/aarch64-linux-g"..., "-plugin-opt=/usr/libexec/gcc/aar"..., "-plugin-opt=-fresolution=/tmp/cc"..., "-plugin-opt=-pass-through=-lgcc", "-plugin-opt=-pass-through=-lgcc_"..., "-plugin-opt=-pass-through=-lc", "-plugin-opt=-pass-through=-lgcc", "-plugin-opt=-pass-through=-lgcc_"..., "--build-id", "--eh-frame-hdr", "--hash-style=gnu", "--as-needed", "-dynamic-linker", "/lib/ld-linux-aarch64.so.1", "-X", "-EL", "-maarch64linux", "--fix-cortex-a53-843419", "-pie", "-z", "now", "-z", "relro", "-o", "/home/runner/work/_temp/bootstra"..., "/usr/lib/gcc/aarch64-linux-gnu/1"..., "/usr/lib/gcc/aarch64-linux-gnu/1"..., "/usr/lib/gcc/aarch64-linux-gnu/1"..., "-L/usr/lib/gcc/aarch64-linux-gnu"..., "-L/usr/lib/gcc/aarch64-linux-gnu"..., ...], 0xffffff8324d0 /* 118 vars */ <unfinished ...>
8099  <... clone resumed>)              = 8100
8100  <... execve resumed>)             = 0
8099  wait4(8100,  <unfinished ...>
8100  clone3({flags=CLONE_VM|CLONE_FS|CLONE_FILES|CLONE_SIGHAND|CLONE_THREAD|CLONE_SYSVSEM|CLONE_SETTLS|CLONE_PARENT_SETTID|CLONE_CHILD_CLEARTID, child_tid=0xfff980fff050, parent_tid=0xfff980fff050, exit_signal=0, stack=0xfff97cff0000, stack_size=0x400e840, tls=0xfff980fff6c0} => {parent_tid=[8101]}, 88) = 8101
8101  clone3({flags=CLONE_VM|CLONE_FS|CLONE_FILES|CLONE_SIGHAND|CLONE_THREAD|CLONE_SYSVSEM|CLONE_SETTLS|CLONE_PARENT_SETTID|CLONE_CHILD_CLEARTID, child_tid=0xfff977fff050, parent_tid=0xfff977fff050, exit_signal=0, stack=0xfff973ff0000, stack_size=0x400e840, tls=0xfff977fff6c0} => {parent_tid=[8102]}, 88) = 8102
8101  clone3({flags=CLONE_VM|CLONE_FS|CLONE_FILES|CLONE_SIGHAND|CLONE_THREAD|CLONE_SYSVSEM|CLONE_SETTLS|CLONE_PARENT_SETTID|CLONE_CHILD_CLEARTID, child_tid=0xfff973fef050, parent_tid=0xfff973fef050, exit_signal=0, stack=0xfff96ffe0000, stack_size=0x400e840, tls=0xfff973fef6c0} => {parent_tid=[8103]}, 88) = 8103
8101  clone3({flags=CLONE_VM|CLONE_FS|CLONE_FILES|CLONE_SIGHAND|CLONE_THREAD|CLONE_SYSVSEM|CLONE_SETTLS|CLONE_PARENT_SETTID|CLONE_CHILD_CLEARTID, child_tid=0xfff967fff050, parent_tid=0xfff967fff050, exit_signal=0, stack=0xfff963ff0000, stack_size=0x400e840, tls=0xfff967fff6c0} => {parent_tid=[8104]}, 88) = 8104
8103  exit(0 <unfinished ...>
8104  exit(0 <unfinished ...>
8103  <... exit resumed>)               = ?
8100  exit_group(0 <unfinished ...>
8101  exit(0 <unfinished ...>
8100  <... exit_group resumed>)         = ?
8101  <... exit resumed>)               = ?
8104  <... exit resumed>)               = ?
8102  +++ exited with 0 +++
8103  +++ exited with 0 +++
8101  +++ exited with 0 +++
8104  +++ exited with 0 +++
8100  +++ exited with 0 +++
8099  <... wait4 resumed>[{WIFEXITED(s) && WEXITSTATUS(s) == 0}], 0, NULL) = 8100
8099  --- SIGCHLD {si_signo=SIGCHLD, si_code=CLD_EXITED, si_pid=8100, si_uid=1001, si_status=0, si_utime=0, si_stime=1 /* 0.01 s */} ---
8099  exit_group(0)                     = ?
8099  +++ exited with 0 +++
8097  <... wait4 resumed>[{WIFEXITED(s) && WEXITSTATUS(s) == 0}], 0, NULL) = 8099
8097  --- SIGCHLD {si_signo=SIGCHLD, si_code=CLD_EXITED, si_pid=8099, si_uid=1001, si_status=0, si_utime=0, si_stime=0} ---
8097  exit_group(0)                     = ?
8097  +++ exited with 0 +++
8095  <... wait4 resumed>[{WIFEXITED(s) && WEXITSTATUS(s) == 0}], 0, NULL) = 8097
8095  --- SIGCHLD {si_signo=SIGCHLD, si_code=CLD_EXITED, si_pid=8097, si_uid=1001, si_status=0, si_utime=0, si_stime=0} ---
8095  exit_group(0)                     = ?
8095  +++ exited with 0 +++
