6334  execve("/home/runner/work/_temp/transition/first/compiler", ["/home/runner/work/_temp/transiti"..., "build", "compiler/gate4/src/compiler.trb", "--output", "/home/runner/work/_temp/transiti"..., "--qbe", "/home/runner/work/_temp/qbe-1.3/"..., "--cc", "/usr/bin/cc", "--target", "linux-arm64-v0"], 0xffffcfdc9558 /* 111 vars */) = 0
6334  clone(child_stack=NULL, flags=CLONE_CHILD_CLEARTID|CLONE_CHILD_SETTID|SIGCHLD, child_tidptr=0xff02946c4f90) = 6335
6334  wait4(6335,  <unfinished ...>
6335  execve("/home/runner/work/_temp/qbe-1.3/qbe", ["/home/runner/work/_temp/qbe-1.3/"..., "-t", "arm64", "-o", "/home/runner/work/_temp/transiti"..., "/home/runner/work/_temp/transiti"...], 0xffffe3d02238 /* 111 vars */) = 0
6335  exit_group(0)                     = ?
6335  +++ exited with 0 +++
6334  <... wait4 resumed>[{WIFEXITED(s) && WEXITSTATUS(s) == 0}], 0, NULL) = 6335
6334  --- SIGCHLD {si_signo=SIGCHLD, si_code=CLD_EXITED, si_pid=6335, si_uid=1001, si_status=0, si_utime=19 /* 0.19 s */, si_stime=0} ---
6334  clone(child_stack=NULL, flags=CLONE_CHILD_CLEARTID|CLONE_CHILD_SETTID|SIGCHLD, child_tidptr=0xff02946c4f90) = 6336
6334  wait4(6336,  <unfinished ...>
6336  execve("/usr/bin/cc", ["/usr/bin/cc", "-xassembler", "/home/runner/work/_temp/transiti"..., "-Wl,--gc-sections,--strip-all", "-o", "/home/runner/work/_temp/transiti"...], 0xffffe3d02238 /* 111 vars */) = 0
6336  clone(child_stack=0xffffea6e5b90, flags=CLONE_VM|CLONE_VFORK|SIGCHLD <unfinished ...>
6337  execve("/home/runner/go/bin/as", ["as", "-EL", "-mabi=lp64", "-o", "/tmp/cc3cvMAx.o", "/home/runner/work/_temp/transiti"...], 0x360ffc20 /* 116 vars */) = -1 ENOENT (No such file or directory)
6337  execve("/opt/hostedtoolcache/go/1.27.0/arm64/bin/as", ["as", "-EL", "-mabi=lp64", "-o", "/tmp/cc3cvMAx.o", "/home/runner/work/_temp/transiti"...], 0x360ffc20 /* 116 vars */) = -1 ENOENT (No such file or directory)
6337  execve("/snap/bin/as", ["as", "-EL", "-mabi=lp64", "-o", "/tmp/cc3cvMAx.o", "/home/runner/work/_temp/transiti"...], 0x360ffc20 /* 116 vars */) = -1 ENOENT (No such file or directory)
6337  execve("/home/runner/.local/bin/as", ["as", "-EL", "-mabi=lp64", "-o", "/tmp/cc3cvMAx.o", "/home/runner/work/_temp/transiti"...], 0x360ffc20 /* 116 vars */) = -1 ENOENT (No such file or directory)
6337  execve("/opt/pipx_bin/as", ["as", "-EL", "-mabi=lp64", "-o", "/tmp/cc3cvMAx.o", "/home/runner/work/_temp/transiti"...], 0x360ffc20 /* 116 vars */) = -1 ENOENT (No such file or directory)
6337  execve("/home/runner/.cargo/bin/as", ["as", "-EL", "-mabi=lp64", "-o", "/tmp/cc3cvMAx.o", "/home/runner/work/_temp/transiti"...], 0x360ffc20 /* 116 vars */) = -1 ENOENT (No such file or directory)
6337  execve("/home/runner/.config/composer/vendor/bin/as", ["as", "-EL", "-mabi=lp64", "-o", "/tmp/cc3cvMAx.o", "/home/runner/work/_temp/transiti"...], 0x360ffc20 /* 116 vars */) = -1 ENOENT (No such file or directory)
6337  execve("/home/runner/.dotnet/tools/as", ["as", "-EL", "-mabi=lp64", "-o", "/tmp/cc3cvMAx.o", "/home/runner/work/_temp/transiti"...], 0x360ffc20 /* 116 vars */) = -1 ENOENT (No such file or directory)
6337  execve("/usr/local/sbin/as", ["as", "-EL", "-mabi=lp64", "-o", "/tmp/cc3cvMAx.o", "/home/runner/work/_temp/transiti"...], 0x360ffc20 /* 116 vars */) = -1 ENOENT (No such file or directory)
6337  execve("/usr/local/bin/as", ["as", "-EL", "-mabi=lp64", "-o", "/tmp/cc3cvMAx.o", "/home/runner/work/_temp/transiti"...], 0x360ffc20 /* 116 vars */) = -1 ENOENT (No such file or directory)
6337  execve("/usr/sbin/as", ["as", "-EL", "-mabi=lp64", "-o", "/tmp/cc3cvMAx.o", "/home/runner/work/_temp/transiti"...], 0x360ffc20 /* 116 vars */) = -1 ENOENT (No such file or directory)
6337  execve("/usr/bin/as", ["as", "-EL", "-mabi=lp64", "-o", "/tmp/cc3cvMAx.o", "/home/runner/work/_temp/transiti"...], 0x360ffc20 /* 116 vars */ <unfinished ...>
6336  <... clone resumed>)              = 6337
6337  <... execve resumed>)             = 0
6336  wait4(6337,  <unfinished ...>
6337  exit_group(0)                     = ?
6337  +++ exited with 0 +++
6336  <... wait4 resumed>[{WIFEXITED(s) && WEXITSTATUS(s) == 0}], 0, NULL) = 6337
6336  --- SIGCHLD {si_signo=SIGCHLD, si_code=CLD_EXITED, si_pid=6337, si_uid=1001, si_status=0, si_utime=8 /* 0.08 s */, si_stime=0} ---
6336  clone(child_stack=0xffffea6e4cd0, flags=CLONE_VM|CLONE_VFORK|SIGCHLD <unfinished ...>
6338  execve("/usr/libexec/gcc/aarch64-linux-gnu/13/collect2", ["/usr/libexec/gcc/aarch64-linux-g"..., "-plugin", "/usr/libexec/gcc/aarch64-linux-g"..., "-plugin-opt=/usr/libexec/gcc/aar"..., "-plugin-opt=-fresolution=/tmp/cc"..., "-plugin-opt=-pass-through=-lgcc", "-plugin-opt=-pass-through=-lgcc_"..., "-plugin-opt=-pass-through=-lc", "-plugin-opt=-pass-through=-lgcc", "-plugin-opt=-pass-through=-lgcc_"..., "--build-id", "--eh-frame-hdr", "--hash-style=gnu", "--as-needed", "-dynamic-linker", "/lib/ld-linux-aarch64.so.1", "-X", "-EL", "-maarch64linux", "--fix-cortex-a53-843419", "-pie", "-z", "now", "-z", "relro", "-o", "/home/runner/work/_temp/transiti"..., "/usr/lib/gcc/aarch64-linux-gnu/1"..., "/usr/lib/gcc/aarch64-linux-gnu/1"..., "/usr/lib/gcc/aarch64-linux-gnu/1"..., "-L/usr/lib/gcc/aarch64-linux-gnu"..., "-L/usr/lib/gcc/aarch64-linux-gnu"..., ...], 0x361003c0 /* 118 vars */ <unfinished ...>
6336  <... clone resumed>)              = 6338
6338  <... execve resumed>)             = 0
6336  wait4(6338,  <unfinished ...>
6338  clone(child_stack=0xffffe6f92130, flags=CLONE_VM|CLONE_VFORK|SIGCHLD <unfinished ...>
6339  execve("/usr/bin/ld", ["/usr/bin/ld", "-plugin", "/usr/libexec/gcc/aarch64-linux-g"..., "-plugin-opt=/usr/libexec/gcc/aar"..., "-plugin-opt=-fresolution=/tmp/cc"..., "-plugin-opt=-pass-through=-lgcc", "-plugin-opt=-pass-through=-lgcc_"..., "-plugin-opt=-pass-through=-lc", "-plugin-opt=-pass-through=-lgcc", "-plugin-opt=-pass-through=-lgcc_"..., "--build-id", "--eh-frame-hdr", "--hash-style=gnu", "--as-needed", "-dynamic-linker", "/lib/ld-linux-aarch64.so.1", "-X", "-EL", "-maarch64linux", "--fix-cortex-a53-843419", "-pie", "-z", "now", "-z", "relro", "-o", "/home/runner/work/_temp/transiti"..., "/usr/lib/gcc/aarch64-linux-gnu/1"..., "/usr/lib/gcc/aarch64-linux-gnu/1"..., "/usr/lib/gcc/aarch64-linux-gnu/1"..., "-L/usr/lib/gcc/aarch64-linux-gnu"..., "-L/usr/lib/gcc/aarch64-linux-gnu"..., ...], 0xffffe6f927e0 /* 118 vars */ <unfinished ...>
6338  <... clone resumed>)              = 6339
6339  <... execve resumed>)             = 0
6338  wait4(6339,  <unfinished ...>
6339  exit_group(0)                     = ?
6339  +++ exited with 0 +++
6338  <... wait4 resumed>[{WIFEXITED(s) && WEXITSTATUS(s) == 0}], 0, NULL) = 6339
6338  --- SIGCHLD {si_signo=SIGCHLD, si_code=CLD_EXITED, si_pid=6339, si_uid=1001, si_status=0, si_utime=1 /* 0.01 s */, si_stime=0} ---
6338  exit_group(0)                     = ?
6338  +++ exited with 0 +++
6336  <... wait4 resumed>[{WIFEXITED(s) && WEXITSTATUS(s) == 0}], 0, NULL) = 6338
6336  --- SIGCHLD {si_signo=SIGCHLD, si_code=CLD_EXITED, si_pid=6338, si_uid=1001, si_status=0, si_utime=0, si_stime=0} ---
6336  exit_group(0)                     = ?
6336  +++ exited with 0 +++
6334  <... wait4 resumed>[{WIFEXITED(s) && WEXITSTATUS(s) == 0}], 0, NULL) = 6336
6334  --- SIGCHLD {si_signo=SIGCHLD, si_code=CLD_EXITED, si_pid=6336, si_uid=1001, si_status=0, si_utime=0, si_stime=0} ---
6334  exit_group(0)                     = ?
6334  +++ exited with 0 +++
