6324  execve("/home/runner/work/_temp/transition/first/compiler", ["/home/runner/work/_temp/transiti"..., "build", "compiler/gate4/src/compiler.trb", "--output", "/home/runner/work/_temp/transiti"..., "--qbe", "/home/runner/work/_temp/qbe-1.3/"..., "--cc", "/usr/bin/cc", "--target", "linux-arm64-v0"], 0xfffffbd08be8 /* 111 vars */) = 0
6324  clone(child_stack=NULL, flags=CLONE_CHILD_CLEARTID|CLONE_CHILD_SETTID|SIGCHLD, child_tidptr=0xff1575399f90) = 6325
6324  wait4(6325,  <unfinished ...>
6325  execve("/home/runner/work/_temp/qbe-1.3/qbe", ["/home/runner/work/_temp/qbe-1.3/"..., "-t", "arm64", "-o", "/home/runner/work/_temp/transiti"..., "/home/runner/work/_temp/transiti"...], 0xffffc91607a8 /* 111 vars */) = 0
6325  exit_group(0)                     = ?
6325  +++ exited with 0 +++
6324  <... wait4 resumed>[{WIFEXITED(s) && WEXITSTATUS(s) == 0}], 0, NULL) = 6325
6324  --- SIGCHLD {si_signo=SIGCHLD, si_code=CLD_EXITED, si_pid=6325, si_uid=1001, si_status=0, si_utime=25 /* 0.25 s */, si_stime=1 /* 0.01 s */} ---
6324  clone(child_stack=NULL, flags=CLONE_CHILD_CLEARTID|CLONE_CHILD_SETTID|SIGCHLD, child_tidptr=0xff1575399f90) = 6326
6324  wait4(6326,  <unfinished ...>
6326  execve("/usr/bin/cc", ["/usr/bin/cc", "-xassembler", "/home/runner/work/_temp/transiti"..., "-Wl,--gc-sections,--strip-all", "-o", "/home/runner/work/_temp/transiti"...], 0xffffc91607a8 /* 111 vars */) = 0
6326  clone(child_stack=0xffffe492a830, flags=CLONE_VM|CLONE_VFORK|SIGCHLD <unfinished ...>
6327  execve("/home/runner/go/bin/as", ["as", "-EL", "-mabi=lp64", "-o", "/tmp/ccMnWb9v.o", "/home/runner/work/_temp/transiti"...], 0x305a5c20 /* 116 vars */) = -1 ENOENT (No such file or directory)
6327  execve("/opt/hostedtoolcache/go/1.27.1/arm64/bin/as", ["as", "-EL", "-mabi=lp64", "-o", "/tmp/ccMnWb9v.o", "/home/runner/work/_temp/transiti"...], 0x305a5c20 /* 116 vars */) = -1 ENOENT (No such file or directory)
6327  execve("/snap/bin/as", ["as", "-EL", "-mabi=lp64", "-o", "/tmp/ccMnWb9v.o", "/home/runner/work/_temp/transiti"...], 0x305a5c20 /* 116 vars */) = -1 ENOENT (No such file or directory)
6327  execve("/home/runner/.local/bin/as", ["as", "-EL", "-mabi=lp64", "-o", "/tmp/ccMnWb9v.o", "/home/runner/work/_temp/transiti"...], 0x305a5c20 /* 116 vars */) = -1 ENOENT (No such file or directory)
6327  execve("/opt/pipx_bin/as", ["as", "-EL", "-mabi=lp64", "-o", "/tmp/ccMnWb9v.o", "/home/runner/work/_temp/transiti"...], 0x305a5c20 /* 116 vars */) = -1 ENOENT (No such file or directory)
6327  execve("/home/runner/.cargo/bin/as", ["as", "-EL", "-mabi=lp64", "-o", "/tmp/ccMnWb9v.o", "/home/runner/work/_temp/transiti"...], 0x305a5c20 /* 116 vars */) = -1 ENOENT (No such file or directory)
6327  execve("/home/runner/.config/composer/vendor/bin/as", ["as", "-EL", "-mabi=lp64", "-o", "/tmp/ccMnWb9v.o", "/home/runner/work/_temp/transiti"...], 0x305a5c20 /* 116 vars */) = -1 ENOENT (No such file or directory)
6327  execve("/home/runner/.dotnet/tools/as", ["as", "-EL", "-mabi=lp64", "-o", "/tmp/ccMnWb9v.o", "/home/runner/work/_temp/transiti"...], 0x305a5c20 /* 116 vars */) = -1 ENOENT (No such file or directory)
6327  execve("/usr/local/sbin/as", ["as", "-EL", "-mabi=lp64", "-o", "/tmp/ccMnWb9v.o", "/home/runner/work/_temp/transiti"...], 0x305a5c20 /* 116 vars */) = -1 ENOENT (No such file or directory)
6327  execve("/usr/local/bin/as", ["as", "-EL", "-mabi=lp64", "-o", "/tmp/ccMnWb9v.o", "/home/runner/work/_temp/transiti"...], 0x305a5c20 /* 116 vars */) = -1 ENOENT (No such file or directory)
6327  execve("/usr/sbin/as", ["as", "-EL", "-mabi=lp64", "-o", "/tmp/ccMnWb9v.o", "/home/runner/work/_temp/transiti"...], 0x305a5c20 /* 116 vars */) = -1 ENOENT (No such file or directory)
6327  execve("/usr/bin/as", ["as", "-EL", "-mabi=lp64", "-o", "/tmp/ccMnWb9v.o", "/home/runner/work/_temp/transiti"...], 0x305a5c20 /* 116 vars */ <unfinished ...>
6326  <... clone resumed>)              = 6327
6327  <... execve resumed>)             = 0
6326  wait4(6327,  <unfinished ...>
6327  exit_group(0)                     = ?
6327  +++ exited with 0 +++
6326  <... wait4 resumed>[{WIFEXITED(s) && WEXITSTATUS(s) == 0}], 0, NULL) = 6327
6326  --- SIGCHLD {si_signo=SIGCHLD, si_code=CLD_EXITED, si_pid=6327, si_uid=1001, si_status=0, si_utime=11 /* 0.11 s */, si_stime=1 /* 0.01 s */} ---
6326  clone(child_stack=0xffffe4929970, flags=CLONE_VM|CLONE_VFORK|SIGCHLD <unfinished ...>
6328  execve("/usr/libexec/gcc/aarch64-linux-gnu/13/collect2", ["/usr/libexec/gcc/aarch64-linux-g"..., "-plugin", "/usr/libexec/gcc/aarch64-linux-g"..., "-plugin-opt=/usr/libexec/gcc/aar"..., "-plugin-opt=-fresolution=/tmp/cc"..., "-plugin-opt=-pass-through=-lgcc", "-plugin-opt=-pass-through=-lgcc_"..., "-plugin-opt=-pass-through=-lc", "-plugin-opt=-pass-through=-lgcc", "-plugin-opt=-pass-through=-lgcc_"..., "--build-id", "--eh-frame-hdr", "--hash-style=gnu", "--as-needed", "-dynamic-linker", "/lib/ld-linux-aarch64.so.1", "-X", "-EL", "-maarch64linux", "--fix-cortex-a53-843419", "-pie", "-z", "now", "-z", "relro", "-o", "/home/runner/work/_temp/transiti"..., "/usr/lib/gcc/aarch64-linux-gnu/1"..., "/usr/lib/gcc/aarch64-linux-gnu/1"..., "/usr/lib/gcc/aarch64-linux-gnu/1"..., "-L/usr/lib/gcc/aarch64-linux-gnu"..., "-L/usr/lib/gcc/aarch64-linux-gnu"..., ...], 0x305a63c0 /* 118 vars */ <unfinished ...>
6326  <... clone resumed>)              = 6328
6328  <... execve resumed>)             = 0
6326  wait4(6328,  <unfinished ...>
6328  clone(child_stack=0xffffdd426aa0, flags=CLONE_VM|CLONE_VFORK|SIGCHLD <unfinished ...>
6329  execve("/usr/bin/ld", ["/usr/bin/ld", "-plugin", "/usr/libexec/gcc/aarch64-linux-g"..., "-plugin-opt=/usr/libexec/gcc/aar"..., "-plugin-opt=-fresolution=/tmp/cc"..., "-plugin-opt=-pass-through=-lgcc", "-plugin-opt=-pass-through=-lgcc_"..., "-plugin-opt=-pass-through=-lc", "-plugin-opt=-pass-through=-lgcc", "-plugin-opt=-pass-through=-lgcc_"..., "--build-id", "--eh-frame-hdr", "--hash-style=gnu", "--as-needed", "-dynamic-linker", "/lib/ld-linux-aarch64.so.1", "-X", "-EL", "-maarch64linux", "--fix-cortex-a53-843419", "-pie", "-z", "now", "-z", "relro", "-o", "/home/runner/work/_temp/transiti"..., "/usr/lib/gcc/aarch64-linux-gnu/1"..., "/usr/lib/gcc/aarch64-linux-gnu/1"..., "/usr/lib/gcc/aarch64-linux-gnu/1"..., "-L/usr/lib/gcc/aarch64-linux-gnu"..., "-L/usr/lib/gcc/aarch64-linux-gnu"..., ...], 0xffffdd427150 /* 118 vars */ <unfinished ...>
6328  <... clone resumed>)              = 6329
6329  <... execve resumed>)             = 0
6328  wait4(6329,  <unfinished ...>
6329  exit_group(0)                     = ?
6329  +++ exited with 0 +++
6328  <... wait4 resumed>[{WIFEXITED(s) && WEXITSTATUS(s) == 0}], 0, NULL) = 6329
6328  --- SIGCHLD {si_signo=SIGCHLD, si_code=CLD_EXITED, si_pid=6329, si_uid=1001, si_status=0, si_utime=1 /* 0.01 s */, si_stime=1 /* 0.01 s */} ---
6328  exit_group(0)                     = ?
6328  +++ exited with 0 +++
6326  <... wait4 resumed>[{WIFEXITED(s) && WEXITSTATUS(s) == 0}], 0, NULL) = 6328
6326  --- SIGCHLD {si_signo=SIGCHLD, si_code=CLD_EXITED, si_pid=6328, si_uid=1001, si_status=0, si_utime=0, si_stime=0} ---
6326  exit_group(0)                     = ?
6326  +++ exited with 0 +++
6324  <... wait4 resumed>[{WIFEXITED(s) && WEXITSTATUS(s) == 0}], 0, NULL) = 6326
6324  --- SIGCHLD {si_signo=SIGCHLD, si_code=CLD_EXITED, si_pid=6326, si_uid=1001, si_status=0, si_utime=0, si_stime=0} ---
6324  exit_group(0)                     = ?
6324  +++ exited with 0 +++
