6315  execve("/home/runner/work/_temp/release/type-rb-native-bootstrap-linux-arm64", ["/home/runner/work/_temp/release/"..., "build", "compiler/gate4/src/compiler.trb", "--output", "/home/runner/work/_temp/transiti"..., "--qbe", "/home/runner/work/_temp/qbe-1.3/"..., "--cc", "/usr/bin/cc", "--target", "linux-arm64-v0"], 0xffffc31cd478 /* 111 vars */) = 0
6315  clone(child_stack=NULL, flags=CLONE_CHILD_CLEARTID|CLONE_CHILD_SETTID|SIGCHLD, child_tidptr=0xffa6816a1f90) = 6316
6315  wait4(6316,  <unfinished ...>
6316  execve("/home/runner/work/_temp/qbe-1.3/qbe", ["/home/runner/work/_temp/qbe-1.3/"..., "-t", "arm64", "-o", "/home/runner/work/_temp/transiti"..., "/home/runner/work/_temp/transiti"...], 0xffffe873dd58 /* 111 vars */) = 0
6316  exit_group(0)                     = ?
6316  +++ exited with 0 +++
6315  <... wait4 resumed>[{WIFEXITED(s) && WEXITSTATUS(s) == 0}], 0, NULL) = 6316
6315  --- SIGCHLD {si_signo=SIGCHLD, si_code=CLD_EXITED, si_pid=6316, si_uid=1001, si_status=0, si_utime=24 /* 0.24 s */, si_stime=1 /* 0.01 s */} ---
6315  clone(child_stack=NULL, flags=CLONE_CHILD_CLEARTID|CLONE_CHILD_SETTID|SIGCHLD, child_tidptr=0xffa6816a1f90) = 6317
6315  wait4(6317,  <unfinished ...>
6317  execve("/usr/bin/cc", ["/usr/bin/cc", "-xassembler", "/home/runner/work/_temp/transiti"..., "-Wl,--gc-sections,--strip-all", "-o", "/home/runner/work/_temp/transiti"...], 0xffffe873dd58 /* 111 vars */) = 0
6317  clone(child_stack=0xffffed7249f0, flags=CLONE_VM|CLONE_VFORK|SIGCHLD <unfinished ...>
6318  execve("/home/runner/go/bin/as", ["as", "-EL", "-mabi=lp64", "-o", "/tmp/ccuemlES.o", "/home/runner/work/_temp/transiti"...], 0x6889c10 /* 116 vars */) = -1 ENOENT (No such file or directory)
6318  execve("/opt/hostedtoolcache/go/1.27.1/arm64/bin/as", ["as", "-EL", "-mabi=lp64", "-o", "/tmp/ccuemlES.o", "/home/runner/work/_temp/transiti"...], 0x6889c10 /* 116 vars */) = -1 ENOENT (No such file or directory)
6318  execve("/snap/bin/as", ["as", "-EL", "-mabi=lp64", "-o", "/tmp/ccuemlES.o", "/home/runner/work/_temp/transiti"...], 0x6889c10 /* 116 vars */) = -1 ENOENT (No such file or directory)
6318  execve("/home/runner/.local/bin/as", ["as", "-EL", "-mabi=lp64", "-o", "/tmp/ccuemlES.o", "/home/runner/work/_temp/transiti"...], 0x6889c10 /* 116 vars */) = -1 ENOENT (No such file or directory)
6318  execve("/opt/pipx_bin/as", ["as", "-EL", "-mabi=lp64", "-o", "/tmp/ccuemlES.o", "/home/runner/work/_temp/transiti"...], 0x6889c10 /* 116 vars */) = -1 ENOENT (No such file or directory)
6318  execve("/home/runner/.cargo/bin/as", ["as", "-EL", "-mabi=lp64", "-o", "/tmp/ccuemlES.o", "/home/runner/work/_temp/transiti"...], 0x6889c10 /* 116 vars */) = -1 ENOENT (No such file or directory)
6318  execve("/home/runner/.config/composer/vendor/bin/as", ["as", "-EL", "-mabi=lp64", "-o", "/tmp/ccuemlES.o", "/home/runner/work/_temp/transiti"...], 0x6889c10 /* 116 vars */) = -1 ENOENT (No such file or directory)
6318  execve("/home/runner/.dotnet/tools/as", ["as", "-EL", "-mabi=lp64", "-o", "/tmp/ccuemlES.o", "/home/runner/work/_temp/transiti"...], 0x6889c10 /* 116 vars */) = -1 ENOENT (No such file or directory)
6318  execve("/usr/local/sbin/as", ["as", "-EL", "-mabi=lp64", "-o", "/tmp/ccuemlES.o", "/home/runner/work/_temp/transiti"...], 0x6889c10 /* 116 vars */) = -1 ENOENT (No such file or directory)
6318  execve("/usr/local/bin/as", ["as", "-EL", "-mabi=lp64", "-o", "/tmp/ccuemlES.o", "/home/runner/work/_temp/transiti"...], 0x6889c10 /* 116 vars */) = -1 ENOENT (No such file or directory)
6318  execve("/usr/sbin/as", ["as", "-EL", "-mabi=lp64", "-o", "/tmp/ccuemlES.o", "/home/runner/work/_temp/transiti"...], 0x6889c10 /* 116 vars */) = -1 ENOENT (No such file or directory)
6318  execve("/usr/bin/as", ["as", "-EL", "-mabi=lp64", "-o", "/tmp/ccuemlES.o", "/home/runner/work/_temp/transiti"...], 0x6889c10 /* 116 vars */ <unfinished ...>
6317  <... clone resumed>)              = 6318
6318  <... execve resumed>)             = 0
6317  wait4(6318,  <unfinished ...>
6318  exit_group(0)                     = ?
6318  +++ exited with 0 +++
6317  <... wait4 resumed>[{WIFEXITED(s) && WEXITSTATUS(s) == 0}], 0, NULL) = 6318
6317  --- SIGCHLD {si_signo=SIGCHLD, si_code=CLD_EXITED, si_pid=6318, si_uid=1001, si_status=0, si_utime=10 /* 0.10 s */, si_stime=1 /* 0.01 s */} ---
6317  clone(child_stack=0xffffed723b30, flags=CLONE_VM|CLONE_VFORK|SIGCHLD <unfinished ...>
6319  execve("/usr/libexec/gcc/aarch64-linux-gnu/13/collect2", ["/usr/libexec/gcc/aarch64-linux-g"..., "-plugin", "/usr/libexec/gcc/aarch64-linux-g"..., "-plugin-opt=/usr/libexec/gcc/aar"..., "-plugin-opt=-fresolution=/tmp/cc"..., "-plugin-opt=-pass-through=-lgcc", "-plugin-opt=-pass-through=-lgcc_"..., "-plugin-opt=-pass-through=-lc", "-plugin-opt=-pass-through=-lgcc", "-plugin-opt=-pass-through=-lgcc_"..., "--build-id", "--eh-frame-hdr", "--hash-style=gnu", "--as-needed", "-dynamic-linker", "/lib/ld-linux-aarch64.so.1", "-X", "-EL", "-maarch64linux", "--fix-cortex-a53-843419", "-pie", "-z", "now", "-z", "relro", "-o", "/home/runner/work/_temp/transiti"..., "/usr/lib/gcc/aarch64-linux-gnu/1"..., "/usr/lib/gcc/aarch64-linux-gnu/1"..., "/usr/lib/gcc/aarch64-linux-gnu/1"..., "-L/usr/lib/gcc/aarch64-linux-gnu"..., "-L/usr/lib/gcc/aarch64-linux-gnu"..., ...], 0x688a3b0 /* 118 vars */ <unfinished ...>
6317  <... clone resumed>)              = 6319
6319  <... execve resumed>)             = 0
6317  wait4(6319,  <unfinished ...>
6319  clone(child_stack=0xfffff015a190, flags=CLONE_VM|CLONE_VFORK|SIGCHLD <unfinished ...>
6320  execve("/usr/bin/ld", ["/usr/bin/ld", "-plugin", "/usr/libexec/gcc/aarch64-linux-g"..., "-plugin-opt=/usr/libexec/gcc/aar"..., "-plugin-opt=-fresolution=/tmp/cc"..., "-plugin-opt=-pass-through=-lgcc", "-plugin-opt=-pass-through=-lgcc_"..., "-plugin-opt=-pass-through=-lc", "-plugin-opt=-pass-through=-lgcc", "-plugin-opt=-pass-through=-lgcc_"..., "--build-id", "--eh-frame-hdr", "--hash-style=gnu", "--as-needed", "-dynamic-linker", "/lib/ld-linux-aarch64.so.1", "-X", "-EL", "-maarch64linux", "--fix-cortex-a53-843419", "-pie", "-z", "now", "-z", "relro", "-o", "/home/runner/work/_temp/transiti"..., "/usr/lib/gcc/aarch64-linux-gnu/1"..., "/usr/lib/gcc/aarch64-linux-gnu/1"..., "/usr/lib/gcc/aarch64-linux-gnu/1"..., "-L/usr/lib/gcc/aarch64-linux-gnu"..., "-L/usr/lib/gcc/aarch64-linux-gnu"..., ...], 0xfffff015a840 /* 118 vars */ <unfinished ...>
6319  <... clone resumed>)              = 6320
6320  <... execve resumed>)             = 0
6319  wait4(6320,  <unfinished ...>
6320  exit_group(0)                     = ?
6320  +++ exited with 0 +++
6319  <... wait4 resumed>[{WIFEXITED(s) && WEXITSTATUS(s) == 0}], 0, NULL) = 6320
6319  --- SIGCHLD {si_signo=SIGCHLD, si_code=CLD_EXITED, si_pid=6320, si_uid=1001, si_status=0, si_utime=1 /* 0.01 s */, si_stime=1 /* 0.01 s */} ---
6319  exit_group(0)                     = ?
6319  +++ exited with 0 +++
6317  <... wait4 resumed>[{WIFEXITED(s) && WEXITSTATUS(s) == 0}], 0, NULL) = 6319
6317  --- SIGCHLD {si_signo=SIGCHLD, si_code=CLD_EXITED, si_pid=6319, si_uid=1001, si_status=0, si_utime=0, si_stime=0} ---
6317  exit_group(0)                     = ?
6317  +++ exited with 0 +++
6315  <... wait4 resumed>[{WIFEXITED(s) && WEXITSTATUS(s) == 0}], 0, NULL) = 6317
6315  --- SIGCHLD {si_signo=SIGCHLD, si_code=CLD_EXITED, si_pid=6317, si_uid=1001, si_status=0, si_utime=0, si_stime=0} ---
6315  exit_group(0)                     = ?
6315  +++ exited with 0 +++
