10718 execve("/home/runner/work/_temp/candidate-compiler", ["/home/runner/work/_temp/candidat"..., "build", "/home/runner/work/type-rb-native"..., "--output", "/home/runner/work/_temp/build-wo"..., "--qbe", "/home/runner/work/_temp/qbe-1.3/"..., "--cc", "/usr/bin/cc", "--target", "linux-arm64-v0"], 0xffffc251f9f8 /* 115 vars */) = 0
10718 clone(child_stack=NULL, flags=CLONE_CHILD_CLEARTID|CLONE_CHILD_SETTID|SIGCHLD, child_tidptr=0xff92a7cd1f90) = 10719
10718 wait4(10719,  <unfinished ...>
10719 execve("/home/runner/work/_temp/qbe-1.3/qbe", ["/home/runner/work/_temp/qbe-1.3/"..., "-t", "arm64", "-o", "/home/runner/work/_temp/build-wo"..., "/home/runner/work/_temp/build-wo"...], 0xffffeb43dcc8 /* 115 vars */) = 0
10719 exit_group(0)                     = ?
10719 +++ exited with 0 +++
10718 <... wait4 resumed>[{WIFEXITED(s) && WEXITSTATUS(s) == 0}], 0, NULL) = 10719
10718 --- SIGCHLD {si_signo=SIGCHLD, si_code=CLD_EXITED, si_pid=10719, si_uid=1001, si_status=0, si_utime=1 /* 0.01 s */, si_stime=0} ---
10718 clone(child_stack=NULL, flags=CLONE_CHILD_CLEARTID|CLONE_CHILD_SETTID|SIGCHLD, child_tidptr=0xff92a7cd1f90) = 10720
10718 wait4(10720,  <unfinished ...>
10720 execve("/usr/bin/cc", ["/usr/bin/cc", "-xassembler", "/home/runner/work/_temp/build-wo"..., "-fuse-ld=lld", "-Wl,--gc-sections,--strip-all,--"..., "-lm", "-o", "/home/runner/work/_temp/build-wo"...], 0xffffeb43dcc8 /* 115 vars */) = 0
10720 clone(child_stack=0xffffd13b5c00, flags=CLONE_VM|CLONE_VFORK|SIGCHLD <unfinished ...>
10721 execve("/home/runner/go/bin/as", ["as", "-EL", "-mabi=lp64", "-o", "/tmp/cc9YWpR8.o", "/home/runner/work/_temp/build-wo"...], 0x44feda0 /* 120 vars */) = -1 ENOENT (No such file or directory)
10721 execve("/opt/hostedtoolcache/go/1.27.1/arm64/bin/as", ["as", "-EL", "-mabi=lp64", "-o", "/tmp/cc9YWpR8.o", "/home/runner/work/_temp/build-wo"...], 0x44feda0 /* 120 vars */) = -1 ENOENT (No such file or directory)
10721 execve("/snap/bin/as", ["as", "-EL", "-mabi=lp64", "-o", "/tmp/cc9YWpR8.o", "/home/runner/work/_temp/build-wo"...], 0x44feda0 /* 120 vars */) = -1 ENOENT (No such file or directory)
10721 execve("/home/runner/.local/bin/as", ["as", "-EL", "-mabi=lp64", "-o", "/tmp/cc9YWpR8.o", "/home/runner/work/_temp/build-wo"...], 0x44feda0 /* 120 vars */) = -1 ENOENT (No such file or directory)
10721 execve("/opt/pipx_bin/as", ["as", "-EL", "-mabi=lp64", "-o", "/tmp/cc9YWpR8.o", "/home/runner/work/_temp/build-wo"...], 0x44feda0 /* 120 vars */) = -1 ENOENT (No such file or directory)
10721 execve("/home/runner/.cargo/bin/as", ["as", "-EL", "-mabi=lp64", "-o", "/tmp/cc9YWpR8.o", "/home/runner/work/_temp/build-wo"...], 0x44feda0 /* 120 vars */) = -1 ENOENT (No such file or directory)
10721 execve("/home/runner/.config/composer/vendor/bin/as", ["as", "-EL", "-mabi=lp64", "-o", "/tmp/cc9YWpR8.o", "/home/runner/work/_temp/build-wo"...], 0x44feda0 /* 120 vars */) = -1 ENOENT (No such file or directory)
10721 execve("/home/runner/.dotnet/tools/as", ["as", "-EL", "-mabi=lp64", "-o", "/tmp/cc9YWpR8.o", "/home/runner/work/_temp/build-wo"...], 0x44feda0 /* 120 vars */) = -1 ENOENT (No such file or directory)
10721 execve("/usr/local/sbin/as", ["as", "-EL", "-mabi=lp64", "-o", "/tmp/cc9YWpR8.o", "/home/runner/work/_temp/build-wo"...], 0x44feda0 /* 120 vars */) = -1 ENOENT (No such file or directory)
10721 execve("/usr/local/bin/as", ["as", "-EL", "-mabi=lp64", "-o", "/tmp/cc9YWpR8.o", "/home/runner/work/_temp/build-wo"...], 0x44feda0 /* 120 vars */) = -1 ENOENT (No such file or directory)
10721 execve("/usr/sbin/as", ["as", "-EL", "-mabi=lp64", "-o", "/tmp/cc9YWpR8.o", "/home/runner/work/_temp/build-wo"...], 0x44feda0 /* 120 vars */) = -1 ENOENT (No such file or directory)
10721 execve("/usr/bin/as", ["as", "-EL", "-mabi=lp64", "-o", "/tmp/cc9YWpR8.o", "/home/runner/work/_temp/build-wo"...], 0x44feda0 /* 120 vars */ <unfinished ...>
10720 <... clone resumed>)              = 10721
10720 wait4(10721,  <unfinished ...>
10721 <... execve resumed>)             = 0
10721 exit_group(0)                     = ?
10721 +++ exited with 0 +++
10720 <... wait4 resumed>[{WIFEXITED(s) && WEXITSTATUS(s) == 0}], 0, NULL) = 10721
10720 --- SIGCHLD {si_signo=SIGCHLD, si_code=CLD_EXITED, si_pid=10721, si_uid=1001, si_status=0, si_utime=0, si_stime=0} ---
10720 clone(child_stack=0xffffd13b4d40, flags=CLONE_VM|CLONE_VFORK|SIGCHLD <unfinished ...>
10723 execve("/usr/libexec/gcc/aarch64-linux-gnu/13/collect2", ["/usr/libexec/gcc/aarch64-linux-g"..., "-plugin", "/usr/libexec/gcc/aarch64-linux-g"..., "-plugin-opt=/usr/libexec/gcc/aar"..., "-plugin-opt=-fresolution=/tmp/cc"..., "-plugin-opt=-pass-through=-lgcc", "-plugin-opt=-pass-through=-lgcc_"..., "-plugin-opt=-pass-through=-lc", "-plugin-opt=-pass-through=-lgcc", "-plugin-opt=-pass-through=-lgcc_"..., "--build-id", "--eh-frame-hdr", "--hash-style=gnu", "--as-needed", "-dynamic-linker", "/lib/ld-linux-aarch64.so.1", "-X", "-EL", "-maarch64linux", "--fix-cortex-a53-843419", "-pie", "-z", "now", "-fuse-ld=lld", "-z", "relro", "-o", "/home/runner/work/_temp/build-wo"..., "/usr/lib/gcc/aarch64-linux-gnu/1"..., "/usr/lib/gcc/aarch64-linux-gnu/1"..., "/usr/lib/gcc/aarch64-linux-gnu/1"..., "-L/usr/lib/gcc/aarch64-linux-gnu"..., ...], 0x44ff5f0 /* 122 vars */ <unfinished ...>
10720 <... clone resumed>)              = 10723
10720 wait4(10723,  <unfinished ...>
10723 <... execve resumed>)             = 0
10723 clone(child_stack=0xfffffb066d40, flags=CLONE_VM|CLONE_VFORK|SIGCHLD <unfinished ...>
10724 execve("/usr/bin/ld.lld", ["/usr/bin/ld.lld", "-plugin", "/usr/libexec/gcc/aarch64-linux-g"..., "-plugin-opt=/usr/libexec/gcc/aar"..., "-plugin-opt=-fresolution=/tmp/cc"..., "-plugin-opt=-pass-through=-lgcc", "-plugin-opt=-pass-through=-lgcc_"..., "-plugin-opt=-pass-through=-lc", "-plugin-opt=-pass-through=-lgcc", "-plugin-opt=-pass-through=-lgcc_"..., "--build-id", "--eh-frame-hdr", "--hash-style=gnu", "--as-needed", "-dynamic-linker", "/lib/ld-linux-aarch64.so.1", "-X", "-EL", "-maarch64linux", "--fix-cortex-a53-843419", "-pie", "-z", "now", "-z", "relro", "-o", "/home/runner/work/_temp/build-wo"..., "/usr/lib/gcc/aarch64-linux-gnu/1"..., "/usr/lib/gcc/aarch64-linux-gnu/1"..., "/usr/lib/gcc/aarch64-linux-gnu/1"..., "-L/usr/lib/gcc/aarch64-linux-gnu"..., "-L/usr/lib/gcc/aarch64-linux-gnu"..., ...], 0xfffffb067408 /* 122 vars */ <unfinished ...>
10723 <... clone resumed>)              = 10724
10723 wait4(10724,  <unfinished ...>
10724 <... execve resumed>)             = 0
10724 clone3({flags=CLONE_VM|CLONE_FS|CLONE_FILES|CLONE_SIGHAND|CLONE_THREAD|CLONE_SYSVSEM|CLONE_SETTLS|CLONE_PARENT_SETTID|CLONE_CHILD_CLEARTID, child_tid=0xfff5a89ff050, parent_tid=0xfff5a89ff050, exit_signal=0, stack=0xfff5a49f0000, stack_size=0x400e840, tls=0xfff5a89ff6c0} => {parent_tid=[10725]}, 88) = 10725
10725 clone3({flags=CLONE_VM|CLONE_FS|CLONE_FILES|CLONE_SIGHAND|CLONE_THREAD|CLONE_SYSVSEM|CLONE_SETTLS|CLONE_PARENT_SETTID|CLONE_CHILD_CLEARTID, child_tid=0xfff59ffff050, parent_tid=0xfff59ffff050, exit_signal=0, stack=0xfff59bff0000, stack_size=0x400e840, tls=0xfff59ffff6c0} => {parent_tid=[10726]}, 88) = 10726
10725 clone3({flags=CLONE_VM|CLONE_FS|CLONE_FILES|CLONE_SIGHAND|CLONE_THREAD|CLONE_SYSVSEM|CLONE_SETTLS|CLONE_PARENT_SETTID|CLONE_CHILD_CLEARTID, child_tid=0xfff59bfef050, parent_tid=0xfff59bfef050, exit_signal=0, stack=0xfff597fe0000, stack_size=0x400e840, tls=0xfff59bfef6c0} => {parent_tid=[10727]}, 88) = 10727
10725 clone3({flags=CLONE_VM|CLONE_FS|CLONE_FILES|CLONE_SIGHAND|CLONE_THREAD|CLONE_SYSVSEM|CLONE_SETTLS|CLONE_PARENT_SETTID|CLONE_CHILD_CLEARTID, child_tid=0xfff58ffff050, parent_tid=0xfff58ffff050, exit_signal=0, stack=0xfff58bff0000, stack_size=0x400e840, tls=0xfff58ffff6c0} => {parent_tid=[10728]}, 88) = 10728
10726 exit(0 <unfinished ...>
10728 exit(0 <unfinished ...>
10726 <... exit resumed>)               = ?
10728 <... exit resumed>)               = ?
10727 exit(0 <unfinished ...>
10724 exit_group(0 <unfinished ...>
10727 <... exit resumed>)               = ?
10726 +++ exited with 0 +++
10728 +++ exited with 0 +++
10724 <... exit_group resumed>)         = ?
10727 +++ exited with 0 +++
10725 +++ exited with 0 +++
10724 +++ exited with 0 +++
10723 <... wait4 resumed>[{WIFEXITED(s) && WEXITSTATUS(s) == 0}], 0, NULL) = 10724
10723 --- SIGCHLD {si_signo=SIGCHLD, si_code=CLD_EXITED, si_pid=10724, si_uid=1001, si_status=0, si_utime=0, si_stime=2 /* 0.02 s */} ---
10723 exit_group(0)                     = ?
10723 +++ exited with 0 +++
10720 <... wait4 resumed>[{WIFEXITED(s) && WEXITSTATUS(s) == 0}], 0, NULL) = 10723
10720 --- SIGCHLD {si_signo=SIGCHLD, si_code=CLD_EXITED, si_pid=10723, si_uid=1001, si_status=0, si_utime=0, si_stime=0} ---
10720 exit_group(0)                     = ?
10720 +++ exited with 0 +++
10718 <... wait4 resumed>[{WIFEXITED(s) && WEXITSTATUS(s) == 0}], 0, NULL) = 10720
10718 --- SIGCHLD {si_signo=SIGCHLD, si_code=CLD_EXITED, si_pid=10720, si_uid=1001, si_status=0, si_utime=0, si_stime=0} ---
10718 exit_group(0)                     = ?
10718 +++ exited with 0 +++
