9139  execve("/home/runner/work/_temp/bootstrap-workspace/b4/compiler", ["/home/runner/work/_temp/bootstra"..., "build", "/home/runner/work/type-rb-native"..., "--output", "/home/runner/work/_temp/bootstra"..., "--qbe", "/home/runner/work/_temp/qbe-1.3/"..., "--cc", "/usr/bin/cc", "--target", "linux-arm64-v0"], 0xffffcfbfe7a8 /* 111 vars */) = 0
9139  clone(child_stack=NULL, flags=CLONE_CHILD_CLEARTID|CLONE_CHILD_SETTID|SIGCHLD, child_tidptr=0xffa96f8f7f90) = 9140
9139  wait4(9140,  <unfinished ...>
9140  execve("/home/runner/work/_temp/qbe-1.3/qbe", ["/home/runner/work/_temp/qbe-1.3/"..., "-t", "arm64", "-o", "/home/runner/work/_temp/bootstra"..., "/home/runner/work/_temp/bootstra"...], 0xffffed0cda28 /* 111 vars */) = 0
9140  exit_group(0)                     = ?
9140  +++ exited with 0 +++
9139  <... wait4 resumed>[{WIFEXITED(s) && WEXITSTATUS(s) == 0}], 0, NULL) = 9140
9139  --- SIGCHLD {si_signo=SIGCHLD, si_code=CLD_EXITED, si_pid=9140, si_uid=1001, si_status=0, si_utime=0, si_stime=0} ---
9139  clone(child_stack=NULL, flags=CLONE_CHILD_CLEARTID|CLONE_CHILD_SETTID|SIGCHLD, child_tidptr=0xffa96f8f7f90) = 9141
9139  wait4(9141,  <unfinished ...>
9141  execve("/usr/bin/cc", ["/usr/bin/cc", "-xassembler", "/home/runner/work/_temp/bootstra"..., "-fuse-ld=lld", "-Wl,--gc-sections,--strip-all", "-lm", "-o", "/home/runner/work/_temp/bootstra"...], 0xffffed0cda28 /* 111 vars */) = 0
9141  clone(child_stack=0xffffc818e630, flags=CLONE_VM|CLONE_VFORK|SIGCHLD <unfinished ...>
9142  execve("/home/runner/go/bin/as", ["as", "-EL", "-mabi=lp64", "-o", "/tmp/ccqMcnFz.o", "/home/runner/work/_temp/bootstra"...], 0xda02d50 /* 116 vars */) = -1 ENOENT (No such file or directory)
9142  execve("/opt/hostedtoolcache/go/1.27.0/arm64/bin/as", ["as", "-EL", "-mabi=lp64", "-o", "/tmp/ccqMcnFz.o", "/home/runner/work/_temp/bootstra"...], 0xda02d50 /* 116 vars */) = -1 ENOENT (No such file or directory)
9142  execve("/snap/bin/as", ["as", "-EL", "-mabi=lp64", "-o", "/tmp/ccqMcnFz.o", "/home/runner/work/_temp/bootstra"...], 0xda02d50 /* 116 vars */) = -1 ENOENT (No such file or directory)
9142  execve("/home/runner/.local/bin/as", ["as", "-EL", "-mabi=lp64", "-o", "/tmp/ccqMcnFz.o", "/home/runner/work/_temp/bootstra"...], 0xda02d50 /* 116 vars */) = -1 ENOENT (No such file or directory)
9142  execve("/opt/pipx_bin/as", ["as", "-EL", "-mabi=lp64", "-o", "/tmp/ccqMcnFz.o", "/home/runner/work/_temp/bootstra"...], 0xda02d50 /* 116 vars */) = -1 ENOENT (No such file or directory)
9142  execve("/home/runner/.cargo/bin/as", ["as", "-EL", "-mabi=lp64", "-o", "/tmp/ccqMcnFz.o", "/home/runner/work/_temp/bootstra"...], 0xda02d50 /* 116 vars */) = -1 ENOENT (No such file or directory)
9142  execve("/home/runner/.config/composer/vendor/bin/as", ["as", "-EL", "-mabi=lp64", "-o", "/tmp/ccqMcnFz.o", "/home/runner/work/_temp/bootstra"...], 0xda02d50 /* 116 vars */) = -1 ENOENT (No such file or directory)
9142  execve("/home/runner/.dotnet/tools/as", ["as", "-EL", "-mabi=lp64", "-o", "/tmp/ccqMcnFz.o", "/home/runner/work/_temp/bootstra"...], 0xda02d50 /* 116 vars */) = -1 ENOENT (No such file or directory)
9142  execve("/usr/local/sbin/as", ["as", "-EL", "-mabi=lp64", "-o", "/tmp/ccqMcnFz.o", "/home/runner/work/_temp/bootstra"...], 0xda02d50 /* 116 vars */) = -1 ENOENT (No such file or directory)
9142  execve("/usr/local/bin/as", ["as", "-EL", "-mabi=lp64", "-o", "/tmp/ccqMcnFz.o", "/home/runner/work/_temp/bootstra"...], 0xda02d50 /* 116 vars */) = -1 ENOENT (No such file or directory)
9142  execve("/usr/sbin/as", ["as", "-EL", "-mabi=lp64", "-o", "/tmp/ccqMcnFz.o", "/home/runner/work/_temp/bootstra"...], 0xda02d50 /* 116 vars */) = -1 ENOENT (No such file or directory)
9142  execve("/usr/bin/as", ["as", "-EL", "-mabi=lp64", "-o", "/tmp/ccqMcnFz.o", "/home/runner/work/_temp/bootstra"...], 0xda02d50 /* 116 vars */ <unfinished ...>
9141  <... clone resumed>)              = 9142
9142  <... execve resumed>)             = 0
9141  wait4(9142,  <unfinished ...>
9142  exit_group(0)                     = ?
9142  +++ exited with 0 +++
9141  <... wait4 resumed>[{WIFEXITED(s) && WEXITSTATUS(s) == 0}], 0, NULL) = 9142
9141  --- SIGCHLD {si_signo=SIGCHLD, si_code=CLD_EXITED, si_pid=9142, si_uid=1001, si_status=0, si_utime=0, si_stime=0} ---
9141  clone(child_stack=0xffffc818d770, flags=CLONE_VM|CLONE_VFORK|SIGCHLD <unfinished ...>
9143  execve("/usr/libexec/gcc/aarch64-linux-gnu/13/collect2", ["/usr/libexec/gcc/aarch64-linux-g"..., "-plugin", "/usr/libexec/gcc/aarch64-linux-g"..., "-plugin-opt=/usr/libexec/gcc/aar"..., "-plugin-opt=-fresolution=/tmp/cc"..., "-plugin-opt=-pass-through=-lgcc", "-plugin-opt=-pass-through=-lgcc_"..., "-plugin-opt=-pass-through=-lc", "-plugin-opt=-pass-through=-lgcc", "-plugin-opt=-pass-through=-lgcc_"..., "--build-id", "--eh-frame-hdr", "--hash-style=gnu", "--as-needed", "-dynamic-linker", "/lib/ld-linux-aarch64.so.1", "-X", "-EL", "-maarch64linux", "--fix-cortex-a53-843419", "-pie", "-z", "now", "-fuse-ld=lld", "-z", "relro", "-o", "/home/runner/work/_temp/bootstra"..., "/usr/lib/gcc/aarch64-linux-gnu/1"..., "/usr/lib/gcc/aarch64-linux-gnu/1"..., "/usr/lib/gcc/aarch64-linux-gnu/1"..., "-L/usr/lib/gcc/aarch64-linux-gnu"..., ...], 0xda03580 /* 118 vars */ <unfinished ...>
9141  <... clone resumed>)              = 9143
9143  <... execve resumed>)             = 0
9141  wait4(9143,  <unfinished ...>
9143  clone(child_stack=0xfffffb1d0910, flags=CLONE_VM|CLONE_VFORK|SIGCHLD <unfinished ...>
9144  execve("/usr/bin/ld.lld", ["/usr/bin/ld.lld", "-plugin", "/usr/libexec/gcc/aarch64-linux-g"..., "-plugin-opt=/usr/libexec/gcc/aar"..., "-plugin-opt=-fresolution=/tmp/cc"..., "-plugin-opt=-pass-through=-lgcc", "-plugin-opt=-pass-through=-lgcc_"..., "-plugin-opt=-pass-through=-lc", "-plugin-opt=-pass-through=-lgcc", "-plugin-opt=-pass-through=-lgcc_"..., "--build-id", "--eh-frame-hdr", "--hash-style=gnu", "--as-needed", "-dynamic-linker", "/lib/ld-linux-aarch64.so.1", "-X", "-EL", "-maarch64linux", "--fix-cortex-a53-843419", "-pie", "-z", "now", "-z", "relro", "-o", "/home/runner/work/_temp/bootstra"..., "/usr/lib/gcc/aarch64-linux-gnu/1"..., "/usr/lib/gcc/aarch64-linux-gnu/1"..., "/usr/lib/gcc/aarch64-linux-gnu/1"..., "-L/usr/lib/gcc/aarch64-linux-gnu"..., "-L/usr/lib/gcc/aarch64-linux-gnu"..., ...], 0xfffffb1d0fd0 /* 118 vars */ <unfinished ...>
9143  <... clone resumed>)              = 9144
9144  <... execve resumed>)             = 0
9143  wait4(9144,  <unfinished ...>
9144  clone3({flags=CLONE_VM|CLONE_FS|CLONE_FILES|CLONE_SIGHAND|CLONE_THREAD|CLONE_SYSVSEM|CLONE_SETTLS|CLONE_PARENT_SETTID|CLONE_CHILD_CLEARTID, child_tid=0xff37031ff050, parent_tid=0xff37031ff050, exit_signal=0, stack=0xff36ff1f0000, stack_size=0x400e840, tls=0xff37031ff6c0} => {parent_tid=[9145]}, 88) = 9145
9145  clone3({flags=CLONE_VM|CLONE_FS|CLONE_FILES|CLONE_SIGHAND|CLONE_THREAD|CLONE_SYSVSEM|CLONE_SETTLS|CLONE_PARENT_SETTID|CLONE_CHILD_CLEARTID, child_tid=0xff36f7fff050, parent_tid=0xff36f7fff050, exit_signal=0, stack=0xff36f3ff0000, stack_size=0x400e840, tls=0xff36f7fff6c0} => {parent_tid=[9146]}, 88) = 9146
9145  clone3({flags=CLONE_VM|CLONE_FS|CLONE_FILES|CLONE_SIGHAND|CLONE_THREAD|CLONE_SYSVSEM|CLONE_SETTLS|CLONE_PARENT_SETTID|CLONE_CHILD_CLEARTID, child_tid=0xff36f3fef050, parent_tid=0xff36f3fef050, exit_signal=0, stack=0xff36effe0000, stack_size=0x400e840, tls=0xff36f3fef6c0} => {parent_tid=[9147]}, 88) = 9147
9145  clone3({flags=CLONE_VM|CLONE_FS|CLONE_FILES|CLONE_SIGHAND|CLONE_THREAD|CLONE_SYSVSEM|CLONE_SETTLS|CLONE_PARENT_SETTID|CLONE_CHILD_CLEARTID, child_tid=0xff36e7fff050, parent_tid=0xff36e7fff050, exit_signal=0, stack=0xff36e3ff0000, stack_size=0x400e840, tls=0xff36e7fff6c0} => {parent_tid=[9148]}, 88) = 9148
9148  exit(0 <unfinished ...>
9145  exit(0 <unfinished ...>
9148  <... exit resumed>)               = ?
9145  <... exit resumed>)               = ?
9148  +++ exited with 0 +++
9145  +++ exited with 0 +++
9144  exit_group(0)                     = ?
9147  +++ exited with 0 +++
9146  +++ exited with 0 +++
9144  +++ exited with 0 +++
9143  <... wait4 resumed>[{WIFEXITED(s) && WEXITSTATUS(s) == 0}], 0, NULL) = 9144
9143  --- SIGCHLD {si_signo=SIGCHLD, si_code=CLD_EXITED, si_pid=9144, si_uid=1001, si_status=0, si_utime=0, si_stime=1 /* 0.01 s */} ---
9143  exit_group(0)                     = ?
9143  +++ exited with 0 +++
9141  <... wait4 resumed>[{WIFEXITED(s) && WEXITSTATUS(s) == 0}], 0, NULL) = 9143
9141  --- SIGCHLD {si_signo=SIGCHLD, si_code=CLD_EXITED, si_pid=9143, si_uid=1001, si_status=0, si_utime=0, si_stime=0} ---
9141  exit_group(0)                     = ?
9141  +++ exited with 0 +++
9139  <... wait4 resumed>[{WIFEXITED(s) && WEXITSTATUS(s) == 0}], 0, NULL) = 9141
9139  --- SIGCHLD {si_signo=SIGCHLD, si_code=CLD_EXITED, si_pid=9141, si_uid=1001, si_status=0, si_utime=0, si_stime=0} ---
9139  exit_group(0)                     = ?
9139  +++ exited with 0 +++
