9172  execve("/home/runner/work/_temp/bootstrap-workspace/b4/compiler", ["/home/runner/work/_temp/bootstra"..., "build", "/home/runner/work/type-rb-native"..., "--output", "/home/runner/work/_temp/bootstra"..., "--qbe", "/home/runner/work/_temp/qbe-1.3/"..., "--cc", "/usr/bin/cc", "--target", "linux-arm64-v0"], 0xffffdf278758 /* 111 vars */) = 0
9172  clone(child_stack=NULL, flags=CLONE_CHILD_CLEARTID|CLONE_CHILD_SETTID|SIGCHLD, child_tidptr=0xff79c31e4f90) = 9173
9172  wait4(9173,  <unfinished ...>
9173  execve("/home/runner/work/_temp/qbe-1.3/qbe", ["/home/runner/work/_temp/qbe-1.3/"..., "-t", "arm64", "-o", "/home/runner/work/_temp/bootstra"..., "/home/runner/work/_temp/bootstra"...], 0xffffe3cc1408 /* 111 vars */) = 0
9173  exit_group(0)                     = ?
9173  +++ exited with 0 +++
9172  <... wait4 resumed>[{WIFEXITED(s) && WEXITSTATUS(s) == 0}], 0, NULL) = 9173
9172  --- SIGCHLD {si_signo=SIGCHLD, si_code=CLD_EXITED, si_pid=9173, si_uid=1001, si_status=0, si_utime=0, si_stime=0} ---
9172  clone(child_stack=NULL, flags=CLONE_CHILD_CLEARTID|CLONE_CHILD_SETTID|SIGCHLD, child_tidptr=0xff79c31e4f90) = 9174
9172  wait4(9174,  <unfinished ...>
9174  execve("/usr/bin/cc", ["/usr/bin/cc", "-xassembler", "/home/runner/work/_temp/bootstra"..., "-fuse-ld=lld", "-Wl,--gc-sections,--strip-all", "-lm", "-o", "/home/runner/work/_temp/bootstra"...], 0xffffe3cc1408 /* 111 vars */) = 0
9174  clone(child_stack=0xffffeef9f9d0, flags=CLONE_VM|CLONE_VFORK|SIGCHLD <unfinished ...>
9175  execve("/home/runner/go/bin/as", ["as", "-EL", "-mabi=lp64", "-o", "/tmp/cc6ix0MN.o", "/home/runner/work/_temp/bootstra"...], 0x318e2d50 /* 116 vars */) = -1 ENOENT (No such file or directory)
9175  execve("/opt/hostedtoolcache/go/1.27.0/arm64/bin/as", ["as", "-EL", "-mabi=lp64", "-o", "/tmp/cc6ix0MN.o", "/home/runner/work/_temp/bootstra"...], 0x318e2d50 /* 116 vars */) = -1 ENOENT (No such file or directory)
9175  execve("/snap/bin/as", ["as", "-EL", "-mabi=lp64", "-o", "/tmp/cc6ix0MN.o", "/home/runner/work/_temp/bootstra"...], 0x318e2d50 /* 116 vars */) = -1 ENOENT (No such file or directory)
9175  execve("/home/runner/.local/bin/as", ["as", "-EL", "-mabi=lp64", "-o", "/tmp/cc6ix0MN.o", "/home/runner/work/_temp/bootstra"...], 0x318e2d50 /* 116 vars */) = -1 ENOENT (No such file or directory)
9175  execve("/opt/pipx_bin/as", ["as", "-EL", "-mabi=lp64", "-o", "/tmp/cc6ix0MN.o", "/home/runner/work/_temp/bootstra"...], 0x318e2d50 /* 116 vars */) = -1 ENOENT (No such file or directory)
9175  execve("/home/runner/.cargo/bin/as", ["as", "-EL", "-mabi=lp64", "-o", "/tmp/cc6ix0MN.o", "/home/runner/work/_temp/bootstra"...], 0x318e2d50 /* 116 vars */) = -1 ENOENT (No such file or directory)
9175  execve("/home/runner/.config/composer/vendor/bin/as", ["as", "-EL", "-mabi=lp64", "-o", "/tmp/cc6ix0MN.o", "/home/runner/work/_temp/bootstra"...], 0x318e2d50 /* 116 vars */) = -1 ENOENT (No such file or directory)
9175  execve("/home/runner/.dotnet/tools/as", ["as", "-EL", "-mabi=lp64", "-o", "/tmp/cc6ix0MN.o", "/home/runner/work/_temp/bootstra"...], 0x318e2d50 /* 116 vars */) = -1 ENOENT (No such file or directory)
9175  execve("/usr/local/sbin/as", ["as", "-EL", "-mabi=lp64", "-o", "/tmp/cc6ix0MN.o", "/home/runner/work/_temp/bootstra"...], 0x318e2d50 /* 116 vars */) = -1 ENOENT (No such file or directory)
9175  execve("/usr/local/bin/as", ["as", "-EL", "-mabi=lp64", "-o", "/tmp/cc6ix0MN.o", "/home/runner/work/_temp/bootstra"...], 0x318e2d50 /* 116 vars */) = -1 ENOENT (No such file or directory)
9175  execve("/usr/sbin/as", ["as", "-EL", "-mabi=lp64", "-o", "/tmp/cc6ix0MN.o", "/home/runner/work/_temp/bootstra"...], 0x318e2d50 /* 116 vars */) = -1 ENOENT (No such file or directory)
9175  execve("/usr/bin/as", ["as", "-EL", "-mabi=lp64", "-o", "/tmp/cc6ix0MN.o", "/home/runner/work/_temp/bootstra"...], 0x318e2d50 /* 116 vars */ <unfinished ...>
9174  <... clone resumed>)              = 9175
9175  <... execve resumed>)             = 0
9174  wait4(9175,  <unfinished ...>
9175  exit_group(0)                     = ?
9175  +++ exited with 0 +++
9174  <... wait4 resumed>[{WIFEXITED(s) && WEXITSTATUS(s) == 0}], 0, NULL) = 9175
9174  --- SIGCHLD {si_signo=SIGCHLD, si_code=CLD_EXITED, si_pid=9175, si_uid=1001, si_status=0, si_utime=0, si_stime=0} ---
9174  clone(child_stack=0xffffeef9eb10, flags=CLONE_VM|CLONE_VFORK|SIGCHLD <unfinished ...>
9176  execve("/usr/libexec/gcc/aarch64-linux-gnu/13/collect2", ["/usr/libexec/gcc/aarch64-linux-g"..., "-plugin", "/usr/libexec/gcc/aarch64-linux-g"..., "-plugin-opt=/usr/libexec/gcc/aar"..., "-plugin-opt=-fresolution=/tmp/cc"..., "-plugin-opt=-pass-through=-lgcc", "-plugin-opt=-pass-through=-lgcc_"..., "-plugin-opt=-pass-through=-lc", "-plugin-opt=-pass-through=-lgcc", "-plugin-opt=-pass-through=-lgcc_"..., "--build-id", "--eh-frame-hdr", "--hash-style=gnu", "--as-needed", "-dynamic-linker", "/lib/ld-linux-aarch64.so.1", "-X", "-EL", "-maarch64linux", "--fix-cortex-a53-843419", "-pie", "-z", "now", "-fuse-ld=lld", "-z", "relro", "-o", "/home/runner/work/_temp/bootstra"..., "/usr/lib/gcc/aarch64-linux-gnu/1"..., "/usr/lib/gcc/aarch64-linux-gnu/1"..., "/usr/lib/gcc/aarch64-linux-gnu/1"..., "-L/usr/lib/gcc/aarch64-linux-gnu"..., ...], 0x318e3580 /* 118 vars */ <unfinished ...>
9174  <... clone resumed>)              = 9176
9176  <... execve resumed>)             = 0
9174  wait4(9176,  <unfinished ...>
9176  clone(child_stack=0xffffec5924f0, flags=CLONE_VM|CLONE_VFORK|SIGCHLD <unfinished ...>
9177  execve("/usr/bin/ld.lld", ["/usr/bin/ld.lld", "-plugin", "/usr/libexec/gcc/aarch64-linux-g"..., "-plugin-opt=/usr/libexec/gcc/aar"..., "-plugin-opt=-fresolution=/tmp/cc"..., "-plugin-opt=-pass-through=-lgcc", "-plugin-opt=-pass-through=-lgcc_"..., "-plugin-opt=-pass-through=-lc", "-plugin-opt=-pass-through=-lgcc", "-plugin-opt=-pass-through=-lgcc_"..., "--build-id", "--eh-frame-hdr", "--hash-style=gnu", "--as-needed", "-dynamic-linker", "/lib/ld-linux-aarch64.so.1", "-X", "-EL", "-maarch64linux", "--fix-cortex-a53-843419", "-pie", "-z", "now", "-z", "relro", "-o", "/home/runner/work/_temp/bootstra"..., "/usr/lib/gcc/aarch64-linux-gnu/1"..., "/usr/lib/gcc/aarch64-linux-gnu/1"..., "/usr/lib/gcc/aarch64-linux-gnu/1"..., "-L/usr/lib/gcc/aarch64-linux-gnu"..., "-L/usr/lib/gcc/aarch64-linux-gnu"..., ...], 0xffffec592bb0 /* 118 vars */ <unfinished ...>
9176  <... clone resumed>)              = 9177
9177  <... execve resumed>)             = 0
9176  wait4(9177,  <unfinished ...>
9177  clone3({flags=CLONE_VM|CLONE_FS|CLONE_FILES|CLONE_SIGHAND|CLONE_THREAD|CLONE_SYSVSEM|CLONE_SETTLS|CLONE_PARENT_SETTID|CLONE_CHILD_CLEARTID, child_tid=0xff4d5a9ff050, parent_tid=0xff4d5a9ff050, exit_signal=0, stack=0xff4d569f0000, stack_size=0x400e840, tls=0xff4d5a9ff6c0} => {parent_tid=[9178]}, 88) = 9178
9178  clone3({flags=CLONE_VM|CLONE_FS|CLONE_FILES|CLONE_SIGHAND|CLONE_THREAD|CLONE_SYSVSEM|CLONE_SETTLS|CLONE_PARENT_SETTID|CLONE_CHILD_CLEARTID, child_tid=0xff4d4ffff050, parent_tid=0xff4d4ffff050, exit_signal=0, stack=0xff4d4bff0000, stack_size=0x400e840, tls=0xff4d4ffff6c0} => {parent_tid=[9179]}, 88) = 9179
9178  clone3({flags=CLONE_VM|CLONE_FS|CLONE_FILES|CLONE_SIGHAND|CLONE_THREAD|CLONE_SYSVSEM|CLONE_SETTLS|CLONE_PARENT_SETTID|CLONE_CHILD_CLEARTID, child_tid=0xff4d4bfef050, parent_tid=0xff4d4bfef050, exit_signal=0, stack=0xff4d47fe0000, stack_size=0x400e840, tls=0xff4d4bfef6c0} => {parent_tid=[9180]}, 88) = 9180
9178  clone3({flags=CLONE_VM|CLONE_FS|CLONE_FILES|CLONE_SIGHAND|CLONE_THREAD|CLONE_SYSVSEM|CLONE_SETTLS|CLONE_PARENT_SETTID|CLONE_CHILD_CLEARTID, child_tid=0xff4d3ffff050, parent_tid=0xff4d3ffff050, exit_signal=0, stack=0xff4d3bff0000, stack_size=0x400e840, tls=0xff4d3ffff6c0} => {parent_tid=[9181]}, 88) = 9181
9181  exit(0 <unfinished ...>
9178  exit(0 <unfinished ...>
9181  <... exit resumed>)               = ?
9178  <... exit resumed>)               = ?
9181  +++ exited with 0 +++
9178  +++ exited with 0 +++
9180  exit(0 <unfinished ...>
9179  exit(0 <unfinished ...>
9180  <... exit resumed>)               = ?
9179  <... exit resumed>)               = ?
9177  exit_group(0 <unfinished ...>
9180  +++ exited with 0 +++
9179  +++ exited with 0 +++
9177  <... exit_group resumed>)         = ?
9177  +++ exited with 0 +++
9176  <... wait4 resumed>[{WIFEXITED(s) && WEXITSTATUS(s) == 0}], 0, NULL) = 9177
9176  --- SIGCHLD {si_signo=SIGCHLD, si_code=CLD_EXITED, si_pid=9177, si_uid=1001, si_status=0, si_utime=0, si_stime=1 /* 0.01 s */} ---
9176  exit_group(0)                     = ?
9176  +++ exited with 0 +++
9174  <... wait4 resumed>[{WIFEXITED(s) && WEXITSTATUS(s) == 0}], 0, NULL) = 9176
9174  --- SIGCHLD {si_signo=SIGCHLD, si_code=CLD_EXITED, si_pid=9176, si_uid=1001, si_status=0, si_utime=0, si_stime=0} ---
9174  exit_group(0)                     = ?
9174  +++ exited with 0 +++
9172  <... wait4 resumed>[{WIFEXITED(s) && WEXITSTATUS(s) == 0}], 0, NULL) = 9174
9172  --- SIGCHLD {si_signo=SIGCHLD, si_code=CLD_EXITED, si_pid=9174, si_uid=1001, si_status=0, si_utime=0, si_stime=0} ---
9172  exit_group(0)                     = ?
9172  +++ exited with 0 +++
