5184  execve("/home/runner/work/_temp/bootstrap-workspace/b4/compiler", ["/home/runner/work/_temp/bootstra"..., "build", "/home/runner/work/type-rb-native"..., "--output", "/home/runner/work/_temp/bootstra"..., "--qbe", "/home/runner/work/_temp/qbe-1.3/"..., "--cc", "/usr/bin/cc", "--target", "linux-arm64-v0"], 0xffffd0d7bbc8 /* 103 vars */) = 0
5184  clone(child_stack=NULL, flags=CLONE_CHILD_CLEARTID|CLONE_CHILD_SETTID|SIGCHLD, child_tidptr=0xff365ebecf90) = 5185
5184  wait4(5185,  <unfinished ...>
5185  execve("/home/runner/work/_temp/qbe-1.3/qbe", ["/home/runner/work/_temp/qbe-1.3/"..., "-t", "arm64", "-o", "/home/runner/work/_temp/bootstra"..., "/home/runner/work/_temp/bootstra"...], 0xffffe350eb08 /* 103 vars */) = 0
5185  exit_group(0)                     = ?
5185  +++ exited with 0 +++
5184  <... wait4 resumed>[{WIFEXITED(s) && WEXITSTATUS(s) == 0}], 0, NULL) = 5185
5184  --- SIGCHLD {si_signo=SIGCHLD, si_code=CLD_EXITED, si_pid=5185, si_uid=1001, si_status=0, si_utime=0, si_stime=0} ---
5184  clone(child_stack=NULL, flags=CLONE_CHILD_CLEARTID|CLONE_CHILD_SETTID|SIGCHLD, child_tidptr=0xff365ebecf90) = 5186
5184  wait4(5186,  <unfinished ...>
5186  execve("/usr/bin/cc", ["/usr/bin/cc", "-xassembler", "/home/runner/work/_temp/bootstra"..., "-fuse-ld=lld", "-Wl,--gc-sections,--strip-all", "-lm", "-o", "/home/runner/work/_temp/bootstra"...], 0xffffe350eb08 /* 103 vars */) = 0
5186  clone(child_stack=0xffffe05f3d50, flags=CLONE_VM|CLONE_VFORK|SIGCHLD <unfinished ...>
5187  execve("/snap/bin/as", ["as", "-EL", "-mabi=lp64", "-o", "/tmp/cc73txJs.o", "/home/runner/work/_temp/bootstra"...], 0x9376d10 /* 108 vars */) = -1 ENOENT (No such file or directory)
5187  execve("/home/runner/.local/bin/as", ["as", "-EL", "-mabi=lp64", "-o", "/tmp/cc73txJs.o", "/home/runner/work/_temp/bootstra"...], 0x9376d10 /* 108 vars */) = -1 ENOENT (No such file or directory)
5187  execve("/opt/pipx_bin/as", ["as", "-EL", "-mabi=lp64", "-o", "/tmp/cc73txJs.o", "/home/runner/work/_temp/bootstra"...], 0x9376d10 /* 108 vars */) = -1 ENOENT (No such file or directory)
5187  execve("/home/runner/.cargo/bin/as", ["as", "-EL", "-mabi=lp64", "-o", "/tmp/cc73txJs.o", "/home/runner/work/_temp/bootstra"...], 0x9376d10 /* 108 vars */) = -1 ENOENT (No such file or directory)
5187  execve("/home/runner/.config/composer/vendor/bin/as", ["as", "-EL", "-mabi=lp64", "-o", "/tmp/cc73txJs.o", "/home/runner/work/_temp/bootstra"...], 0x9376d10 /* 108 vars */) = -1 ENOENT (No such file or directory)
5187  execve("/home/runner/.dotnet/tools/as", ["as", "-EL", "-mabi=lp64", "-o", "/tmp/cc73txJs.o", "/home/runner/work/_temp/bootstra"...], 0x9376d10 /* 108 vars */) = -1 ENOENT (No such file or directory)
5187  execve("/usr/local/sbin/as", ["as", "-EL", "-mabi=lp64", "-o", "/tmp/cc73txJs.o", "/home/runner/work/_temp/bootstra"...], 0x9376d10 /* 108 vars */) = -1 ENOENT (No such file or directory)
5187  execve("/usr/local/bin/as", ["as", "-EL", "-mabi=lp64", "-o", "/tmp/cc73txJs.o", "/home/runner/work/_temp/bootstra"...], 0x9376d10 /* 108 vars */) = -1 ENOENT (No such file or directory)
5187  execve("/usr/sbin/as", ["as", "-EL", "-mabi=lp64", "-o", "/tmp/cc73txJs.o", "/home/runner/work/_temp/bootstra"...], 0x9376d10 /* 108 vars */) = -1 ENOENT (No such file or directory)
5187  execve("/usr/bin/as", ["as", "-EL", "-mabi=lp64", "-o", "/tmp/cc73txJs.o", "/home/runner/work/_temp/bootstra"...], 0x9376d10 /* 108 vars */ <unfinished ...>
5186  <... clone resumed>)              = 5187
5187  <... execve resumed>)             = 0
5186  wait4(5187,  <unfinished ...>
5187  exit_group(0)                     = ?
5187  +++ exited with 0 +++
5186  <... wait4 resumed>[{WIFEXITED(s) && WEXITSTATUS(s) == 0}], 0, NULL) = 5187
5186  --- SIGCHLD {si_signo=SIGCHLD, si_code=CLD_EXITED, si_pid=5187, si_uid=1001, si_status=0, si_utime=0, si_stime=0} ---
5186  clone(child_stack=0xffffe05f2e90, flags=CLONE_VM|CLONE_VFORK|SIGCHLD <unfinished ...>
5188  execve("/usr/libexec/gcc/aarch64-linux-gnu/13/collect2", ["/usr/libexec/gcc/aarch64-linux-g"..., "-plugin", "/usr/libexec/gcc/aarch64-linux-g"..., "-plugin-opt=/usr/libexec/gcc/aar"..., "-plugin-opt=-fresolution=/tmp/cc"..., "-plugin-opt=-pass-through=-lgcc", "-plugin-opt=-pass-through=-lgcc_"..., "-plugin-opt=-pass-through=-lc", "-plugin-opt=-pass-through=-lgcc", "-plugin-opt=-pass-through=-lgcc_"..., "--build-id", "--eh-frame-hdr", "--hash-style=gnu", "--as-needed", "-dynamic-linker", "/lib/ld-linux-aarch64.so.1", "-X", "-EL", "-maarch64linux", "--fix-cortex-a53-843419", "-pie", "-z", "now", "-fuse-ld=lld", "-z", "relro", "-o", "/home/runner/work/_temp/bootstra"..., "/usr/lib/gcc/aarch64-linux-gnu/1"..., "/usr/lib/gcc/aarch64-linux-gnu/1"..., "/usr/lib/gcc/aarch64-linux-gnu/1"..., "-L/usr/lib/gcc/aarch64-linux-gnu"..., ...], 0x9377500 /* 110 vars */ <unfinished ...>
5186  <... clone resumed>)              = 5188
5188  <... execve resumed>)             = 0
5186  wait4(5188,  <unfinished ...>
5188  clone(child_stack=0xffffd564b740, flags=CLONE_VM|CLONE_VFORK|SIGCHLD <unfinished ...>
5189  execve("/usr/bin/ld.lld", ["/usr/bin/ld.lld", "-plugin", "/usr/libexec/gcc/aarch64-linux-g"..., "-plugin-opt=/usr/libexec/gcc/aar"..., "-plugin-opt=-fresolution=/tmp/cc"..., "-plugin-opt=-pass-through=-lgcc", "-plugin-opt=-pass-through=-lgcc_"..., "-plugin-opt=-pass-through=-lc", "-plugin-opt=-pass-through=-lgcc", "-plugin-opt=-pass-through=-lgcc_"..., "--build-id", "--eh-frame-hdr", "--hash-style=gnu", "--as-needed", "-dynamic-linker", "/lib/ld-linux-aarch64.so.1", "-X", "-EL", "-maarch64linux", "--fix-cortex-a53-843419", "-pie", "-z", "now", "-z", "relro", "-o", "/home/runner/work/_temp/bootstra"..., "/usr/lib/gcc/aarch64-linux-gnu/1"..., "/usr/lib/gcc/aarch64-linux-gnu/1"..., "/usr/lib/gcc/aarch64-linux-gnu/1"..., "-L/usr/lib/gcc/aarch64-linux-gnu"..., "-L/usr/lib/gcc/aarch64-linux-gnu"..., ...], 0xffffd564be00 /* 110 vars */ <unfinished ...>
5188  <... clone resumed>)              = 5189
5189  <... execve resumed>)             = 0
5188  wait4(5189,  <unfinished ...>
5189  clone3({flags=CLONE_VM|CLONE_FS|CLONE_FILES|CLONE_SIGHAND|CLONE_THREAD|CLONE_SYSVSEM|CLONE_SETTLS|CLONE_PARENT_SETTID|CLONE_CHILD_CLEARTID, child_tid=0xff84d9fff050, parent_tid=0xff84d9fff050, exit_signal=0, stack=0xff84d5ff0000, stack_size=0x400e840, tls=0xff84d9fff6c0} => {parent_tid=[5190]}, 88) = 5190
5190  clone3({flags=CLONE_VM|CLONE_FS|CLONE_FILES|CLONE_SIGHAND|CLONE_THREAD|CLONE_SYSVSEM|CLONE_SETTLS|CLONE_PARENT_SETTID|CLONE_CHILD_CLEARTID, child_tid=0xff84cffff050, parent_tid=0xff84cffff050, exit_signal=0, stack=0xff84cbff0000, stack_size=0x400e840, tls=0xff84cffff6c0} => {parent_tid=[5191]}, 88) = 5191
5190  clone3({flags=CLONE_VM|CLONE_FS|CLONE_FILES|CLONE_SIGHAND|CLONE_THREAD|CLONE_SYSVSEM|CLONE_SETTLS|CLONE_PARENT_SETTID|CLONE_CHILD_CLEARTID, child_tid=0xff84cbfef050, parent_tid=0xff84cbfef050, exit_signal=0, stack=0xff84c7fe0000, stack_size=0x400e840, tls=0xff84cbfef6c0} => {parent_tid=[5192]}, 88) = 5192
5190  clone3({flags=CLONE_VM|CLONE_FS|CLONE_FILES|CLONE_SIGHAND|CLONE_THREAD|CLONE_SYSVSEM|CLONE_SETTLS|CLONE_PARENT_SETTID|CLONE_CHILD_CLEARTID, child_tid=0xff84bffff050, parent_tid=0xff84bffff050, exit_signal=0, stack=0xff84bbff0000, stack_size=0x400e840, tls=0xff84bffff6c0} => {parent_tid=[5193]}, 88) = 5193
5193  exit(0 <unfinished ...>
5192  exit(0 <unfinished ...>
5193  <... exit resumed>)               = ?
5192  <... exit resumed>)               = ?
5189  exit_group(0 <unfinished ...>
5193  +++ exited with 0 +++
5192  +++ exited with 0 +++
5189  <... exit_group resumed>)         = ?
5191  +++ exited with 0 +++
5190  +++ exited with 0 +++
5189  +++ exited with 0 +++
5188  <... wait4 resumed>[{WIFEXITED(s) && WEXITSTATUS(s) == 0}], 0, NULL) = 5189
5188  --- SIGCHLD {si_signo=SIGCHLD, si_code=CLD_EXITED, si_pid=5189, si_uid=1001, si_status=0, si_utime=1 /* 0.01 s */, si_stime=1 /* 0.01 s */} ---
5188  exit_group(0)                     = ?
5188  +++ exited with 0 +++
5186  <... wait4 resumed>[{WIFEXITED(s) && WEXITSTATUS(s) == 0}], 0, NULL) = 5188
5186  --- SIGCHLD {si_signo=SIGCHLD, si_code=CLD_EXITED, si_pid=5188, si_uid=1001, si_status=0, si_utime=0, si_stime=0} ---
5186  exit_group(0)                     = ?
5186  +++ exited with 0 +++
5184  <... wait4 resumed>[{WIFEXITED(s) && WEXITSTATUS(s) == 0}], 0, NULL) = 5186
5184  --- SIGCHLD {si_signo=SIGCHLD, si_code=CLD_EXITED, si_pid=5186, si_uid=1001, si_status=0, si_utime=0, si_stime=0} ---
5184  exit_group(0)                     = ?
5184  +++ exited with 0 +++
