4709  execve("/home/runner/work/_temp/bootstrap-workspace/b4/compiler", ["/home/runner/work/_temp/bootstra"..., "build", "/home/runner/work/type-rb-native"..., "--output", "/home/runner/work/_temp/bootstra"..., "--qbe", "/home/runner/work/_temp/qbe-1.3/"..., "--cc", "/usr/bin/cc", "--target", "linux-arm64-v0"], 0xffffe2028c58 /* 103 vars */) = 0
4709  clone(child_stack=NULL, flags=CLONE_CHILD_CLEARTID|CLONE_CHILD_SETTID|SIGCHLD, child_tidptr=0xff51c68f4f90) = 4710
4709  wait4(4710,  <unfinished ...>
4710  execve("/home/runner/work/_temp/qbe-1.3/qbe", ["/home/runner/work/_temp/qbe-1.3/"..., "-t", "arm64", "-o", "/home/runner/work/_temp/bootstra"..., "/home/runner/work/_temp/bootstra"...], 0xfffff06d81d8 /* 103 vars */) = 0
4710  exit_group(0)                     = ?
4710  +++ exited with 0 +++
4709  <... wait4 resumed>[{WIFEXITED(s) && WEXITSTATUS(s) == 0}], 0, NULL) = 4710
4709  --- SIGCHLD {si_signo=SIGCHLD, si_code=CLD_EXITED, si_pid=4710, si_uid=1001, si_status=0, si_utime=0, si_stime=0} ---
4709  clone(child_stack=NULL, flags=CLONE_CHILD_CLEARTID|CLONE_CHILD_SETTID|SIGCHLD, child_tidptr=0xff51c68f4f90) = 4711
4709  wait4(4711,  <unfinished ...>
4711  execve("/usr/bin/cc", ["/usr/bin/cc", "-xassembler", "/home/runner/work/_temp/bootstra"..., "-Wl,--gc-sections,--strip-all", "-o", "/home/runner/work/_temp/bootstra"...], 0xfffff06d81d8 /* 103 vars */) = 0
4711  clone(child_stack=0xffffe8bf34e0, flags=CLONE_VM|CLONE_VFORK|SIGCHLD <unfinished ...>
4712  execve("/snap/bin/as", ["as", "-EL", "-mabi=lp64", "-o", "/tmp/cc0NDRZ8.o", "/home/runner/work/_temp/bootstra"...], 0x2e54ebe0 /* 108 vars */) = -1 ENOENT (No such file or directory)
4712  execve("/home/runner/.local/bin/as", ["as", "-EL", "-mabi=lp64", "-o", "/tmp/cc0NDRZ8.o", "/home/runner/work/_temp/bootstra"...], 0x2e54ebe0 /* 108 vars */) = -1 ENOENT (No such file or directory)
4712  execve("/opt/pipx_bin/as", ["as", "-EL", "-mabi=lp64", "-o", "/tmp/cc0NDRZ8.o", "/home/runner/work/_temp/bootstra"...], 0x2e54ebe0 /* 108 vars */) = -1 ENOENT (No such file or directory)
4712  execve("/home/runner/.cargo/bin/as", ["as", "-EL", "-mabi=lp64", "-o", "/tmp/cc0NDRZ8.o", "/home/runner/work/_temp/bootstra"...], 0x2e54ebe0 /* 108 vars */) = -1 ENOENT (No such file or directory)
4712  execve("/home/runner/.config/composer/vendor/bin/as", ["as", "-EL", "-mabi=lp64", "-o", "/tmp/cc0NDRZ8.o", "/home/runner/work/_temp/bootstra"...], 0x2e54ebe0 /* 108 vars */) = -1 ENOENT (No such file or directory)
4712  execve("/home/runner/.dotnet/tools/as", ["as", "-EL", "-mabi=lp64", "-o", "/tmp/cc0NDRZ8.o", "/home/runner/work/_temp/bootstra"...], 0x2e54ebe0 /* 108 vars */) = -1 ENOENT (No such file or directory)
4712  execve("/usr/local/sbin/as", ["as", "-EL", "-mabi=lp64", "-o", "/tmp/cc0NDRZ8.o", "/home/runner/work/_temp/bootstra"...], 0x2e54ebe0 /* 108 vars */) = -1 ENOENT (No such file or directory)
4712  execve("/usr/local/bin/as", ["as", "-EL", "-mabi=lp64", "-o", "/tmp/cc0NDRZ8.o", "/home/runner/work/_temp/bootstra"...], 0x2e54ebe0 /* 108 vars */) = -1 ENOENT (No such file or directory)
4712  execve("/usr/sbin/as", ["as", "-EL", "-mabi=lp64", "-o", "/tmp/cc0NDRZ8.o", "/home/runner/work/_temp/bootstra"...], 0x2e54ebe0 /* 108 vars */) = -1 ENOENT (No such file or directory)
4712  execve("/usr/bin/as", ["as", "-EL", "-mabi=lp64", "-o", "/tmp/cc0NDRZ8.o", "/home/runner/work/_temp/bootstra"...], 0x2e54ebe0 /* 108 vars */ <unfinished ...>
4711  <... clone resumed>)              = 4712
4712  <... execve resumed>)             = 0
4711  wait4(4712,  <unfinished ...>
4712  exit_group(0)                     = ?
4712  +++ exited with 0 +++
4711  <... wait4 resumed>[{WIFEXITED(s) && WEXITSTATUS(s) == 0}], 0, NULL) = 4712
4711  --- SIGCHLD {si_signo=SIGCHLD, si_code=CLD_EXITED, si_pid=4712, si_uid=1001, si_status=0, si_utime=0, si_stime=0} ---
4711  clone(child_stack=0xffffe8bf2620, flags=CLONE_VM|CLONE_VFORK|SIGCHLD <unfinished ...>
4713  execve("/usr/libexec/gcc/aarch64-linux-gnu/13/collect2", ["/usr/libexec/gcc/aarch64-linux-g"..., "-plugin", "/usr/libexec/gcc/aarch64-linux-g"..., "-plugin-opt=/usr/libexec/gcc/aar"..., "-plugin-opt=-fresolution=/tmp/cc"..., "-plugin-opt=-pass-through=-lgcc", "-plugin-opt=-pass-through=-lgcc_"..., "-plugin-opt=-pass-through=-lc", "-plugin-opt=-pass-through=-lgcc", "-plugin-opt=-pass-through=-lgcc_"..., "--build-id", "--eh-frame-hdr", "--hash-style=gnu", "--as-needed", "-dynamic-linker", "/lib/ld-linux-aarch64.so.1", "-X", "-EL", "-maarch64linux", "--fix-cortex-a53-843419", "-pie", "-z", "now", "-z", "relro", "-o", "/home/runner/work/_temp/bootstra"..., "/usr/lib/gcc/aarch64-linux-gnu/1"..., "/usr/lib/gcc/aarch64-linux-gnu/1"..., "/usr/lib/gcc/aarch64-linux-gnu/1"..., "-L/usr/lib/gcc/aarch64-linux-gnu"..., "-L/usr/lib/gcc/aarch64-linux-gnu"..., ...], 0x2e54f340 /* 110 vars */ <unfinished ...>
4711  <... clone resumed>)              = 4713
4713  <... execve resumed>)             = 0
4711  wait4(4713,  <unfinished ...>
4713  clone(child_stack=0xffffe2de7350, flags=CLONE_VM|CLONE_VFORK|SIGCHLD <unfinished ...>
4714  execve("/usr/bin/ld", ["/usr/bin/ld", "-plugin", "/usr/libexec/gcc/aarch64-linux-g"..., "-plugin-opt=/usr/libexec/gcc/aar"..., "-plugin-opt=-fresolution=/tmp/cc"..., "-plugin-opt=-pass-through=-lgcc", "-plugin-opt=-pass-through=-lgcc_"..., "-plugin-opt=-pass-through=-lc", "-plugin-opt=-pass-through=-lgcc", "-plugin-opt=-pass-through=-lgcc_"..., "--build-id", "--eh-frame-hdr", "--hash-style=gnu", "--as-needed", "-dynamic-linker", "/lib/ld-linux-aarch64.so.1", "-X", "-EL", "-maarch64linux", "--fix-cortex-a53-843419", "-pie", "-z", "now", "-z", "relro", "-o", "/home/runner/work/_temp/bootstra"..., "/usr/lib/gcc/aarch64-linux-gnu/1"..., "/usr/lib/gcc/aarch64-linux-gnu/1"..., "/usr/lib/gcc/aarch64-linux-gnu/1"..., "-L/usr/lib/gcc/aarch64-linux-gnu"..., "-L/usr/lib/gcc/aarch64-linux-gnu"..., ...], 0xffffe2de7a00 /* 110 vars */ <unfinished ...>
4713  <... clone resumed>)              = 4714
4714  <... execve resumed>)             = 0
4713  wait4(4714,  <unfinished ...>
4714  exit_group(0)                     = ?
4714  +++ exited with 0 +++
4713  <... wait4 resumed>[{WIFEXITED(s) && WEXITSTATUS(s) == 0}], 0, NULL) = 4714
4713  --- SIGCHLD {si_signo=SIGCHLD, si_code=CLD_EXITED, si_pid=4714, si_uid=1001, si_status=0, si_utime=0, si_stime=1 /* 0.01 s */} ---
4713  exit_group(0)                     = ?
4713  +++ exited with 0 +++
4711  <... wait4 resumed>[{WIFEXITED(s) && WEXITSTATUS(s) == 0}], 0, NULL) = 4713
4711  --- SIGCHLD {si_signo=SIGCHLD, si_code=CLD_EXITED, si_pid=4713, si_uid=1001, si_status=0, si_utime=0, si_stime=0} ---
4711  exit_group(0)                     = ?
4711  +++ exited with 0 +++
4709  <... wait4 resumed>[{WIFEXITED(s) && WEXITSTATUS(s) == 0}], 0, NULL) = 4711
4709  --- SIGCHLD {si_signo=SIGCHLD, si_code=CLD_EXITED, si_pid=4711, si_uid=1001, si_status=0, si_utime=0, si_stime=0} ---
4709  exit_group(0)                     = ?
4709  +++ exited with 0 +++
