9721  execve("/home/runner/work/_temp/bootstrap-workspace/b4/compiler", ["/home/runner/work/_temp/bootstra"..., "build", "/home/runner/work/type-rb-native"..., "--output", "/home/runner/work/_temp/bootstra"..., "--qbe", "/home/runner/work/_temp/qbe-1.3/"..., "--cc", "/usr/bin/cc", "--target", "linux-arm64-v0"], 0xffffeadbeb28 /* 111 vars */) = 0
9721  clone(child_stack=NULL, flags=CLONE_CHILD_CLEARTID|CLONE_CHILD_SETTID|SIGCHLD, child_tidptr=0xffdcbd1bef90) = 9722
9721  wait4(9722,  <unfinished ...>
9722  execve("/home/runner/work/_temp/qbe-1.3/qbe", ["/home/runner/work/_temp/qbe-1.3/"..., "-t", "arm64", "-o", "/home/runner/work/_temp/bootstra"..., "/home/runner/work/_temp/bootstra"...], 0xfffff2ba8d18 /* 111 vars */) = 0
9722  exit_group(0)                     = ?
9722  +++ exited with 0 +++
9721  <... wait4 resumed>[{WIFEXITED(s) && WEXITSTATUS(s) == 0}], 0, NULL) = 9722
9721  --- SIGCHLD {si_signo=SIGCHLD, si_code=CLD_EXITED, si_pid=9722, si_uid=1001, si_status=0, si_utime=0, si_stime=0} ---
9721  clone(child_stack=NULL, flags=CLONE_CHILD_CLEARTID|CLONE_CHILD_SETTID|SIGCHLD, child_tidptr=0xffdcbd1bef90) = 9723
9721  wait4(9723,  <unfinished ...>
9723  execve("/usr/bin/cc", ["/usr/bin/cc", "-xassembler", "/home/runner/work/_temp/bootstra"..., "-fuse-ld=lld", "-Wl,--gc-sections,--strip-all", "-lm", "-o", "/home/runner/work/_temp/bootstra"...], 0xfffff2ba8d18 /* 111 vars */) = 0
9723  clone(child_stack=0xffffef237d40, flags=CLONE_VM|CLONE_VFORK|SIGCHLD <unfinished ...>
9724  execve("/home/runner/go/bin/as", ["as", "-EL", "-mabi=lp64", "-o", "/tmp/ccXC0mDj.o", "/home/runner/work/_temp/bootstra"...], 0x1aee2d50 /* 116 vars */) = -1 ENOENT (No such file or directory)
9724  execve("/opt/hostedtoolcache/go/1.27.1/arm64/bin/as", ["as", "-EL", "-mabi=lp64", "-o", "/tmp/ccXC0mDj.o", "/home/runner/work/_temp/bootstra"...], 0x1aee2d50 /* 116 vars */) = -1 ENOENT (No such file or directory)
9724  execve("/snap/bin/as", ["as", "-EL", "-mabi=lp64", "-o", "/tmp/ccXC0mDj.o", "/home/runner/work/_temp/bootstra"...], 0x1aee2d50 /* 116 vars */) = -1 ENOENT (No such file or directory)
9724  execve("/home/runner/.local/bin/as", ["as", "-EL", "-mabi=lp64", "-o", "/tmp/ccXC0mDj.o", "/home/runner/work/_temp/bootstra"...], 0x1aee2d50 /* 116 vars */) = -1 ENOENT (No such file or directory)
9724  execve("/opt/pipx_bin/as", ["as", "-EL", "-mabi=lp64", "-o", "/tmp/ccXC0mDj.o", "/home/runner/work/_temp/bootstra"...], 0x1aee2d50 /* 116 vars */) = -1 ENOENT (No such file or directory)
9724  execve("/home/runner/.cargo/bin/as", ["as", "-EL", "-mabi=lp64", "-o", "/tmp/ccXC0mDj.o", "/home/runner/work/_temp/bootstra"...], 0x1aee2d50 /* 116 vars */) = -1 ENOENT (No such file or directory)
9724  execve("/home/runner/.config/composer/vendor/bin/as", ["as", "-EL", "-mabi=lp64", "-o", "/tmp/ccXC0mDj.o", "/home/runner/work/_temp/bootstra"...], 0x1aee2d50 /* 116 vars */) = -1 ENOENT (No such file or directory)
9724  execve("/home/runner/.dotnet/tools/as", ["as", "-EL", "-mabi=lp64", "-o", "/tmp/ccXC0mDj.o", "/home/runner/work/_temp/bootstra"...], 0x1aee2d50 /* 116 vars */) = -1 ENOENT (No such file or directory)
9724  execve("/usr/local/sbin/as", ["as", "-EL", "-mabi=lp64", "-o", "/tmp/ccXC0mDj.o", "/home/runner/work/_temp/bootstra"...], 0x1aee2d50 /* 116 vars */) = -1 ENOENT (No such file or directory)
9724  execve("/usr/local/bin/as", ["as", "-EL", "-mabi=lp64", "-o", "/tmp/ccXC0mDj.o", "/home/runner/work/_temp/bootstra"...], 0x1aee2d50 /* 116 vars */) = -1 ENOENT (No such file or directory)
9724  execve("/usr/sbin/as", ["as", "-EL", "-mabi=lp64", "-o", "/tmp/ccXC0mDj.o", "/home/runner/work/_temp/bootstra"...], 0x1aee2d50 /* 116 vars */) = -1 ENOENT (No such file or directory)
9724  execve("/usr/bin/as", ["as", "-EL", "-mabi=lp64", "-o", "/tmp/ccXC0mDj.o", "/home/runner/work/_temp/bootstra"...], 0x1aee2d50 /* 116 vars */ <unfinished ...>
9723  <... clone resumed>)              = 9724
9724  <... execve resumed>)             = 0
9723  wait4(9724,  <unfinished ...>
9724  exit_group(0)                     = ?
9724  +++ exited with 0 +++
9723  <... wait4 resumed>[{WIFEXITED(s) && WEXITSTATUS(s) == 0}], 0, NULL) = 9724
9723  --- SIGCHLD {si_signo=SIGCHLD, si_code=CLD_EXITED, si_pid=9724, si_uid=1001, si_status=0, si_utime=0, si_stime=0} ---
9723  clone(child_stack=0xffffef236e80, flags=CLONE_VM|CLONE_VFORK|SIGCHLD <unfinished ...>
9725  execve("/usr/libexec/gcc/aarch64-linux-gnu/13/collect2", ["/usr/libexec/gcc/aarch64-linux-g"..., "-plugin", "/usr/libexec/gcc/aarch64-linux-g"..., "-plugin-opt=/usr/libexec/gcc/aar"..., "-plugin-opt=-fresolution=/tmp/cc"..., "-plugin-opt=-pass-through=-lgcc", "-plugin-opt=-pass-through=-lgcc_"..., "-plugin-opt=-pass-through=-lc", "-plugin-opt=-pass-through=-lgcc", "-plugin-opt=-pass-through=-lgcc_"..., "--build-id", "--eh-frame-hdr", "--hash-style=gnu", "--as-needed", "-dynamic-linker", "/lib/ld-linux-aarch64.so.1", "-X", "-EL", "-maarch64linux", "--fix-cortex-a53-843419", "-pie", "-z", "now", "-fuse-ld=lld", "-z", "relro", "-o", "/home/runner/work/_temp/bootstra"..., "/usr/lib/gcc/aarch64-linux-gnu/1"..., "/usr/lib/gcc/aarch64-linux-gnu/1"..., "/usr/lib/gcc/aarch64-linux-gnu/1"..., "-L/usr/lib/gcc/aarch64-linux-gnu"..., ...], 0x1aee3580 /* 118 vars */ <unfinished ...>
9723  <... clone resumed>)              = 9725
9725  <... execve resumed>)             = 0
9723  wait4(9725,  <unfinished ...>
9725  clone(child_stack=0xfffffaaf2410, flags=CLONE_VM|CLONE_VFORK|SIGCHLD <unfinished ...>
9726  execve("/usr/bin/ld.lld", ["/usr/bin/ld.lld", "-plugin", "/usr/libexec/gcc/aarch64-linux-g"..., "-plugin-opt=/usr/libexec/gcc/aar"..., "-plugin-opt=-fresolution=/tmp/cc"..., "-plugin-opt=-pass-through=-lgcc", "-plugin-opt=-pass-through=-lgcc_"..., "-plugin-opt=-pass-through=-lc", "-plugin-opt=-pass-through=-lgcc", "-plugin-opt=-pass-through=-lgcc_"..., "--build-id", "--eh-frame-hdr", "--hash-style=gnu", "--as-needed", "-dynamic-linker", "/lib/ld-linux-aarch64.so.1", "-X", "-EL", "-maarch64linux", "--fix-cortex-a53-843419", "-pie", "-z", "now", "-z", "relro", "-o", "/home/runner/work/_temp/bootstra"..., "/usr/lib/gcc/aarch64-linux-gnu/1"..., "/usr/lib/gcc/aarch64-linux-gnu/1"..., "/usr/lib/gcc/aarch64-linux-gnu/1"..., "-L/usr/lib/gcc/aarch64-linux-gnu"..., "-L/usr/lib/gcc/aarch64-linux-gnu"..., ...], 0xfffffaaf2ad0 /* 118 vars */ <unfinished ...>
9725  <... clone resumed>)              = 9726
9726  <... execve resumed>)             = 0
9725  wait4(9726,  <unfinished ...>
9726  clone3({flags=CLONE_VM|CLONE_FS|CLONE_FILES|CLONE_SIGHAND|CLONE_THREAD|CLONE_SYSVSEM|CLONE_SETTLS|CLONE_PARENT_SETTID|CLONE_CHILD_CLEARTID, child_tid=0xffd17c3ff050, parent_tid=0xffd17c3ff050, exit_signal=0, stack=0xffd1783f0000, stack_size=0x400e840, tls=0xffd17c3ff6c0} => {parent_tid=[9727]}, 88) = 9727
9727  clone3({flags=CLONE_VM|CLONE_FS|CLONE_FILES|CLONE_SIGHAND|CLONE_THREAD|CLONE_SYSVSEM|CLONE_SETTLS|CLONE_PARENT_SETTID|CLONE_CHILD_CLEARTID, child_tid=0xffd173fff050, parent_tid=0xffd173fff050, exit_signal=0, stack=0xffd16fff0000, stack_size=0x400e840, tls=0xffd173fff6c0} => {parent_tid=[9728]}, 88) = 9728
9727  clone3({flags=CLONE_VM|CLONE_FS|CLONE_FILES|CLONE_SIGHAND|CLONE_THREAD|CLONE_SYSVSEM|CLONE_SETTLS|CLONE_PARENT_SETTID|CLONE_CHILD_CLEARTID, child_tid=0xffd16ffef050, parent_tid=0xffd16ffef050, exit_signal=0, stack=0xffd16bfe0000, stack_size=0x400e840, tls=0xffd16ffef6c0} => {parent_tid=[9729]}, 88) = 9729
9727  clone3({flags=CLONE_VM|CLONE_FS|CLONE_FILES|CLONE_SIGHAND|CLONE_THREAD|CLONE_SYSVSEM|CLONE_SETTLS|CLONE_PARENT_SETTID|CLONE_CHILD_CLEARTID, child_tid=0xffd163fff050, parent_tid=0xffd163fff050, exit_signal=0, stack=0xffd15fff0000, stack_size=0x400e840, tls=0xffd163fff6c0} => {parent_tid=[9730]}, 88) = 9730
9728  exit(0 <unfinished ...>
9730  exit(0 <unfinished ...>
9729  exit(0 <unfinished ...>
9726  exit_group(0 <unfinished ...>
9730  <... exit resumed>)               = ?
9729  <... exit resumed>)               = ?
9728  <... exit resumed>)               = ?
9727  exit_group(0 <unfinished ...>
9726  <... exit_group resumed>)         = ?
9730  +++ exited with 0 +++
9729  +++ exited with 0 +++
9728  +++ exited with 0 +++
9727  +++ exited with 0 +++
9726  +++ exited with 0 +++
9725  <... wait4 resumed>[{WIFEXITED(s) && WEXITSTATUS(s) == 0}], 0, NULL) = 9726
9725  --- SIGCHLD {si_signo=SIGCHLD, si_code=CLD_EXITED, si_pid=9726, si_uid=1001, si_status=0, si_utime=0, si_stime=1 /* 0.01 s */} ---
9725  exit_group(0)                     = ?
9725  +++ exited with 0 +++
9723  <... wait4 resumed>[{WIFEXITED(s) && WEXITSTATUS(s) == 0}], 0, NULL) = 9725
9723  --- SIGCHLD {si_signo=SIGCHLD, si_code=CLD_EXITED, si_pid=9725, si_uid=1001, si_status=0, si_utime=0, si_stime=0} ---
9723  exit_group(0)                     = ?
9723  +++ exited with 0 +++
9721  <... wait4 resumed>[{WIFEXITED(s) && WEXITSTATUS(s) == 0}], 0, NULL) = 9723
9721  --- SIGCHLD {si_signo=SIGCHLD, si_code=CLD_EXITED, si_pid=9723, si_uid=1001, si_status=0, si_utime=0, si_stime=0} ---
9721  exit_group(0)                     = ?
9721  +++ exited with 0 +++
