3430  execve("/home/runner/work/_temp/gate6n-linux-arm64-transition/first/compiler", ["/home/runner/work/_temp/gate6n-l"..., "build", "/home/runner/work/type-rb-native"..., "--output", "/home/runner/work/_temp/gate6n-l"..., "--qbe", "/home/runner/work/_temp/qbe-1.3/"..., "--cc", "/usr/bin/cc", "--target", "linux-arm64-v0"], 0xfffffead3b18 /* 121 vars */) = 0
3430  clone(child_stack=NULL, flags=CLONE_CHILD_CLEARTID|CLONE_CHILD_SETTID|SIGCHLD, child_tidptr=0xff7a097baf90) = 3431
3430  wait4(3431,  <unfinished ...>
3431  execve("/home/runner/work/_temp/qbe-1.3/qbe", ["/home/runner/work/_temp/qbe-1.3/"..., "-t", "arm64", "-o", "/home/runner/work/_temp/gate6n-l"..., "/home/runner/work/_temp/gate6n-l"...], 0xffffe57df788 /* 121 vars */) = 0
3431  exit_group(0)                     = ?
3431  +++ exited with 0 +++
3430  <... wait4 resumed>[{WIFEXITED(s) && WEXITSTATUS(s) == 0}], 0, NULL) = 3431
3430  --- SIGCHLD {si_signo=SIGCHLD, si_code=CLD_EXITED, si_pid=3431, si_uid=1001, si_status=0, si_utime=19 /* 0.19 s */, si_stime=1 /* 0.01 s */} ---
3430  clone(child_stack=NULL, flags=CLONE_CHILD_CLEARTID|CLONE_CHILD_SETTID|SIGCHLD, child_tidptr=0xff7a097baf90) = 3432
3430  wait4(3432,  <unfinished ...>
3432  execve("/usr/bin/cc", ["/usr/bin/cc", "-xassembler", "/home/runner/work/_temp/gate6n-l"..., "-Wl,--gc-sections,--strip-all", "-o", "/home/runner/work/_temp/gate6n-l"...], 0xffffe57df788 /* 121 vars */) = 0
3432  clone(child_stack=0xffffd64dd070, flags=CLONE_VM|CLONE_VFORK|SIGCHLD <unfinished ...>
3433  execve("/snap/bin/as", ["as", "-EL", "-mabi=lp64", "-o", "/tmp/cc2r5hnW.o", "/home/runner/work/_temp/gate6n-l"...], 0xa816c80 /* 126 vars */) = -1 ENOENT (No such file or directory)
3433  execve("/home/runner/.local/bin/as", ["as", "-EL", "-mabi=lp64", "-o", "/tmp/cc2r5hnW.o", "/home/runner/work/_temp/gate6n-l"...], 0xa816c80 /* 126 vars */) = -1 ENOENT (No such file or directory)
3433  execve("/opt/pipx_bin/as", ["as", "-EL", "-mabi=lp64", "-o", "/tmp/cc2r5hnW.o", "/home/runner/work/_temp/gate6n-l"...], 0xa816c80 /* 126 vars */) = -1 ENOENT (No such file or directory)
3433  execve("/home/runner/.cargo/bin/as", ["as", "-EL", "-mabi=lp64", "-o", "/tmp/cc2r5hnW.o", "/home/runner/work/_temp/gate6n-l"...], 0xa816c80 /* 126 vars */) = -1 ENOENT (No such file or directory)
3433  execve("/home/runner/.config/composer/vendor/bin/as", ["as", "-EL", "-mabi=lp64", "-o", "/tmp/cc2r5hnW.o", "/home/runner/work/_temp/gate6n-l"...], 0xa816c80 /* 126 vars */) = -1 ENOENT (No such file or directory)
3433  execve("/home/runner/.dotnet/tools/as", ["as", "-EL", "-mabi=lp64", "-o", "/tmp/cc2r5hnW.o", "/home/runner/work/_temp/gate6n-l"...], 0xa816c80 /* 126 vars */) = -1 ENOENT (No such file or directory)
3433  execve("/usr/local/sbin/as", ["as", "-EL", "-mabi=lp64", "-o", "/tmp/cc2r5hnW.o", "/home/runner/work/_temp/gate6n-l"...], 0xa816c80 /* 126 vars */) = -1 ENOENT (No such file or directory)
3433  execve("/usr/local/bin/as", ["as", "-EL", "-mabi=lp64", "-o", "/tmp/cc2r5hnW.o", "/home/runner/work/_temp/gate6n-l"...], 0xa816c80 /* 126 vars */) = -1 ENOENT (No such file or directory)
3433  execve("/usr/sbin/as", ["as", "-EL", "-mabi=lp64", "-o", "/tmp/cc2r5hnW.o", "/home/runner/work/_temp/gate6n-l"...], 0xa816c80 /* 126 vars */) = -1 ENOENT (No such file or directory)
3433  execve("/usr/bin/as", ["as", "-EL", "-mabi=lp64", "-o", "/tmp/cc2r5hnW.o", "/home/runner/work/_temp/gate6n-l"...], 0xa816c80 /* 126 vars */ <unfinished ...>
3432  <... clone resumed>)              = 3433
3433  <... execve resumed>)             = 0
3432  wait4(3433,  <unfinished ...>
3433  exit_group(0)                     = ?
3433  +++ exited with 0 +++
3432  <... wait4 resumed>[{WIFEXITED(s) && WEXITSTATUS(s) == 0}], 0, NULL) = 3433
3432  --- SIGCHLD {si_signo=SIGCHLD, si_code=CLD_EXITED, si_pid=3433, si_uid=1001, si_status=0, si_utime=8 /* 0.08 s */, si_stime=0} ---
3432  clone(child_stack=0xffffd64dc1b0, flags=CLONE_VM|CLONE_VFORK|SIGCHLD <unfinished ...>
3434  execve("/usr/libexec/gcc/aarch64-linux-gnu/13/collect2", ["/usr/libexec/gcc/aarch64-linux-g"..., "-plugin", "/usr/libexec/gcc/aarch64-linux-g"..., "-plugin-opt=/usr/libexec/gcc/aar"..., "-plugin-opt=-fresolution=/tmp/cc"..., "-plugin-opt=-pass-through=-lgcc", "-plugin-opt=-pass-through=-lgcc_"..., "-plugin-opt=-pass-through=-lc", "-plugin-opt=-pass-through=-lgcc", "-plugin-opt=-pass-through=-lgcc_"..., "--build-id", "--eh-frame-hdr", "--hash-style=gnu", "--as-needed", "-dynamic-linker", "/lib/ld-linux-aarch64.so.1", "-X", "-EL", "-maarch64linux", "--fix-cortex-a53-843419", "-pie", "-z", "now", "-z", "relro", "-o", "/home/runner/work/_temp/gate6n-l"..., "/usr/lib/gcc/aarch64-linux-gnu/1"..., "/usr/lib/gcc/aarch64-linux-gnu/1"..., "/usr/lib/gcc/aarch64-linux-gnu/1"..., "-L/usr/lib/gcc/aarch64-linux-gnu"..., "-L/usr/lib/gcc/aarch64-linux-gnu"..., ...], 0xa817470 /* 128 vars */ <unfinished ...>
3432  <... clone resumed>)              = 3434
3434  <... execve resumed>)             = 0
3432  wait4(3434,  <unfinished ...>
3434  clone(child_stack=0xfffff45681a0, flags=CLONE_VM|CLONE_VFORK|SIGCHLD <unfinished ...>
3435  execve("/usr/bin/ld", ["/usr/bin/ld", "-plugin", "/usr/libexec/gcc/aarch64-linux-g"..., "-plugin-opt=/usr/libexec/gcc/aar"..., "-plugin-opt=-fresolution=/tmp/cc"..., "-plugin-opt=-pass-through=-lgcc", "-plugin-opt=-pass-through=-lgcc_"..., "-plugin-opt=-pass-through=-lc", "-plugin-opt=-pass-through=-lgcc", "-plugin-opt=-pass-through=-lgcc_"..., "--build-id", "--eh-frame-hdr", "--hash-style=gnu", "--as-needed", "-dynamic-linker", "/lib/ld-linux-aarch64.so.1", "-X", "-EL", "-maarch64linux", "--fix-cortex-a53-843419", "-pie", "-z", "now", "-z", "relro", "-o", "/home/runner/work/_temp/gate6n-l"..., "/usr/lib/gcc/aarch64-linux-gnu/1"..., "/usr/lib/gcc/aarch64-linux-gnu/1"..., "/usr/lib/gcc/aarch64-linux-gnu/1"..., "-L/usr/lib/gcc/aarch64-linux-gnu"..., "-L/usr/lib/gcc/aarch64-linux-gnu"..., ...], 0xfffff4568850 /* 128 vars */ <unfinished ...>
3434  <... clone resumed>)              = 3435
3435  <... execve resumed>)             = 0
3434  wait4(3435,  <unfinished ...>
3435  exit_group(0)                     = ?
3435  +++ exited with 0 +++
3434  <... wait4 resumed>[{WIFEXITED(s) && WEXITSTATUS(s) == 0}], 0, NULL) = 3435
3434  --- SIGCHLD {si_signo=SIGCHLD, si_code=CLD_EXITED, si_pid=3435, si_uid=1001, si_status=0, si_utime=1 /* 0.01 s */, si_stime=1 /* 0.01 s */} ---
3434  exit_group(0)                     = ?
3434  +++ exited with 0 +++
3432  <... wait4 resumed>[{WIFEXITED(s) && WEXITSTATUS(s) == 0}], 0, NULL) = 3434
3432  --- SIGCHLD {si_signo=SIGCHLD, si_code=CLD_EXITED, si_pid=3434, si_uid=1001, si_status=0, si_utime=0, si_stime=0} ---
3432  exit_group(0)                     = ?
3432  +++ exited with 0 +++
3430  <... wait4 resumed>[{WIFEXITED(s) && WEXITSTATUS(s) == 0}], 0, NULL) = 3432
3430  --- SIGCHLD {si_signo=SIGCHLD, si_code=CLD_EXITED, si_pid=3432, si_uid=1001, si_status=0, si_utime=0, si_stime=0} ---
3430  exit_group(0)                     = ?
3430  +++ exited with 0 +++
