3420  execve("/home/runner/work/_temp/gate6n-linux-arm64-release/type-rb-native-bootstrap-linux-arm64", ["/home/runner/work/_temp/gate6n-l"..., "build", "/home/runner/work/type-rb-native"..., "--output", "/home/runner/work/_temp/gate6n-l"..., "--qbe", "/home/runner/work/_temp/qbe-1.3/"..., "--cc", "/usr/bin/cc", "--target", "linux-arm64-v0"], 0xffffc0d34718 /* 121 vars */) = 0
3420  clone(child_stack=NULL, flags=CLONE_CHILD_CLEARTID|CLONE_CHILD_SETTID|SIGCHLD, child_tidptr=0xff8105855f90) = 3421
3420  wait4(3421,  <unfinished ...>
3421  execve("/home/runner/work/_temp/qbe-1.3/qbe", ["/home/runner/work/_temp/qbe-1.3/"..., "-t", "arm64", "-o", "/home/runner/work/_temp/gate6n-l"..., "/home/runner/work/_temp/gate6n-l"...], 0xfffff0953238 /* 121 vars */) = 0
3421  exit_group(0)                     = ?
3421  +++ exited with 0 +++
3420  <... wait4 resumed>[{WIFEXITED(s) && WEXITSTATUS(s) == 0}], 0, NULL) = 3421
3420  --- SIGCHLD {si_signo=SIGCHLD, si_code=CLD_EXITED, si_pid=3421, si_uid=1001, si_status=0, si_utime=17 /* 0.17 s */, si_stime=1 /* 0.01 s */} ---
3420  clone(child_stack=NULL, flags=CLONE_CHILD_CLEARTID|CLONE_CHILD_SETTID|SIGCHLD, child_tidptr=0xff8105855f90) = 3423
3420  wait4(3423,  <unfinished ...>
3423  execve("/usr/bin/cc", ["/usr/bin/cc", "-xassembler", "/home/runner/work/_temp/gate6n-l"..., "-Wl,--gc-sections,--strip-all", "-o", "/home/runner/work/_temp/gate6n-l"...], 0xfffff0953238 /* 121 vars */) = 0
3423  clone(child_stack=0xffffcfae50a0, flags=CLONE_VM|CLONE_VFORK|SIGCHLD <unfinished ...>
3424  execve("/snap/bin/as", ["as", "-EL", "-mabi=lp64", "-o", "/tmp/ccItE5vm.o", "/home/runner/work/_temp/gate6n-l"...], 0x1dcd8c80 /* 126 vars */) = -1 ENOENT (No such file or directory)
3424  execve("/home/runner/.local/bin/as", ["as", "-EL", "-mabi=lp64", "-o", "/tmp/ccItE5vm.o", "/home/runner/work/_temp/gate6n-l"...], 0x1dcd8c80 /* 126 vars */) = -1 ENOENT (No such file or directory)
3424  execve("/opt/pipx_bin/as", ["as", "-EL", "-mabi=lp64", "-o", "/tmp/ccItE5vm.o", "/home/runner/work/_temp/gate6n-l"...], 0x1dcd8c80 /* 126 vars */) = -1 ENOENT (No such file or directory)
3424  execve("/home/runner/.cargo/bin/as", ["as", "-EL", "-mabi=lp64", "-o", "/tmp/ccItE5vm.o", "/home/runner/work/_temp/gate6n-l"...], 0x1dcd8c80 /* 126 vars */) = -1 ENOENT (No such file or directory)
3424  execve("/home/runner/.config/composer/vendor/bin/as", ["as", "-EL", "-mabi=lp64", "-o", "/tmp/ccItE5vm.o", "/home/runner/work/_temp/gate6n-l"...], 0x1dcd8c80 /* 126 vars */) = -1 ENOENT (No such file or directory)
3424  execve("/home/runner/.dotnet/tools/as", ["as", "-EL", "-mabi=lp64", "-o", "/tmp/ccItE5vm.o", "/home/runner/work/_temp/gate6n-l"...], 0x1dcd8c80 /* 126 vars */) = -1 ENOENT (No such file or directory)
3424  execve("/usr/local/sbin/as", ["as", "-EL", "-mabi=lp64", "-o", "/tmp/ccItE5vm.o", "/home/runner/work/_temp/gate6n-l"...], 0x1dcd8c80 /* 126 vars */) = -1 ENOENT (No such file or directory)
3424  execve("/usr/local/bin/as", ["as", "-EL", "-mabi=lp64", "-o", "/tmp/ccItE5vm.o", "/home/runner/work/_temp/gate6n-l"...], 0x1dcd8c80 /* 126 vars */) = -1 ENOENT (No such file or directory)
3424  execve("/usr/sbin/as", ["as", "-EL", "-mabi=lp64", "-o", "/tmp/ccItE5vm.o", "/home/runner/work/_temp/gate6n-l"...], 0x1dcd8c80 /* 126 vars */) = -1 ENOENT (No such file or directory)
3424  execve("/usr/bin/as", ["as", "-EL", "-mabi=lp64", "-o", "/tmp/ccItE5vm.o", "/home/runner/work/_temp/gate6n-l"...], 0x1dcd8c80 /* 126 vars */ <unfinished ...>
3423  <... clone resumed>)              = 3424
3424  <... execve resumed>)             = 0
3423  wait4(3424,  <unfinished ...>
3424  exit_group(0)                     = ?
3424  +++ exited with 0 +++
3423  <... wait4 resumed>[{WIFEXITED(s) && WEXITSTATUS(s) == 0}], 0, NULL) = 3424
3423  --- SIGCHLD {si_signo=SIGCHLD, si_code=CLD_EXITED, si_pid=3424, si_uid=1001, si_status=0, si_utime=7 /* 0.07 s */, si_stime=0} ---
3423  clone(child_stack=0xffffcfae41e0, flags=CLONE_VM|CLONE_VFORK|SIGCHLD <unfinished ...>
3425  execve("/usr/libexec/gcc/aarch64-linux-gnu/13/collect2", ["/usr/libexec/gcc/aarch64-linux-g"..., "-plugin", "/usr/libexec/gcc/aarch64-linux-g"..., "-plugin-opt=/usr/libexec/gcc/aar"..., "-plugin-opt=-fresolution=/tmp/cc"..., "-plugin-opt=-pass-through=-lgcc", "-plugin-opt=-pass-through=-lgcc_"..., "-plugin-opt=-pass-through=-lc", "-plugin-opt=-pass-through=-lgcc", "-plugin-opt=-pass-through=-lgcc_"..., "--build-id", "--eh-frame-hdr", "--hash-style=gnu", "--as-needed", "-dynamic-linker", "/lib/ld-linux-aarch64.so.1", "-X", "-EL", "-maarch64linux", "--fix-cortex-a53-843419", "-pie", "-z", "now", "-z", "relro", "-o", "/home/runner/work/_temp/gate6n-l"..., "/usr/lib/gcc/aarch64-linux-gnu/1"..., "/usr/lib/gcc/aarch64-linux-gnu/1"..., "/usr/lib/gcc/aarch64-linux-gnu/1"..., "-L/usr/lib/gcc/aarch64-linux-gnu"..., "-L/usr/lib/gcc/aarch64-linux-gnu"..., ...], 0x1dcd9470 /* 128 vars */ <unfinished ...>
3423  <... clone resumed>)              = 3425
3425  <... execve resumed>)             = 0
3423  wait4(3425,  <unfinished ...>
3425  clone(child_stack=0xfffffccd0bd0, flags=CLONE_VM|CLONE_VFORK|SIGCHLD <unfinished ...>
3426  execve("/usr/bin/ld", ["/usr/bin/ld", "-plugin", "/usr/libexec/gcc/aarch64-linux-g"..., "-plugin-opt=/usr/libexec/gcc/aar"..., "-plugin-opt=-fresolution=/tmp/cc"..., "-plugin-opt=-pass-through=-lgcc", "-plugin-opt=-pass-through=-lgcc_"..., "-plugin-opt=-pass-through=-lc", "-plugin-opt=-pass-through=-lgcc", "-plugin-opt=-pass-through=-lgcc_"..., "--build-id", "--eh-frame-hdr", "--hash-style=gnu", "--as-needed", "-dynamic-linker", "/lib/ld-linux-aarch64.so.1", "-X", "-EL", "-maarch64linux", "--fix-cortex-a53-843419", "-pie", "-z", "now", "-z", "relro", "-o", "/home/runner/work/_temp/gate6n-l"..., "/usr/lib/gcc/aarch64-linux-gnu/1"..., "/usr/lib/gcc/aarch64-linux-gnu/1"..., "/usr/lib/gcc/aarch64-linux-gnu/1"..., "-L/usr/lib/gcc/aarch64-linux-gnu"..., "-L/usr/lib/gcc/aarch64-linux-gnu"..., ...], 0xfffffccd1280 /* 128 vars */ <unfinished ...>
3425  <... clone resumed>)              = 3426
3426  <... execve resumed>)             = 0
3425  wait4(3426,  <unfinished ...>
3426  exit_group(0)                     = ?
3426  +++ exited with 0 +++
3425  <... wait4 resumed>[{WIFEXITED(s) && WEXITSTATUS(s) == 0}], 0, NULL) = 3426
3425  --- SIGCHLD {si_signo=SIGCHLD, si_code=CLD_EXITED, si_pid=3426, si_uid=1001, si_status=0, si_utime=0, si_stime=1 /* 0.01 s */} ---
3425  exit_group(0)                     = ?
3425  +++ exited with 0 +++
3423  <... wait4 resumed>[{WIFEXITED(s) && WEXITSTATUS(s) == 0}], 0, NULL) = 3425
3423  --- SIGCHLD {si_signo=SIGCHLD, si_code=CLD_EXITED, si_pid=3425, si_uid=1001, si_status=0, si_utime=0, si_stime=0} ---
3423  exit_group(0)                     = ?
3423  +++ exited with 0 +++
3420  <... wait4 resumed>[{WIFEXITED(s) && WEXITSTATUS(s) == 0}], 0, NULL) = 3423
3420  --- SIGCHLD {si_signo=SIGCHLD, si_code=CLD_EXITED, si_pid=3423, si_uid=1001, si_status=0, si_utime=0, si_stime=0} ---
3420  exit_group(0)                     = ?
3420  +++ exited with 0 +++
