11410 execve("/home/runner/work/_temp/bootstrap-workspace/b4/compiler", ["/home/runner/work/_temp/bootstra"..., "build", "/home/runner/work/type-rb-native"..., "--output", "/home/runner/work/_temp/bootstra"..., "--qbe", "/home/runner/work/_temp/qbe-1.3/"..., "--cc", "/usr/bin/cc", "--target", "linux-arm64-v0"], 0xffffc3213ac8 /* 111 vars */) = 0
11410 clone(child_stack=NULL, flags=CLONE_CHILD_CLEARTID|CLONE_CHILD_SETTID|SIGCHLD, child_tidptr=0xff936915bf90) = 11411
11410 wait4(11411,  <unfinished ...>
11411 execve("/home/runner/work/_temp/qbe-1.3/qbe", ["/home/runner/work/_temp/qbe-1.3/"..., "-t", "arm64", "-o", "/home/runner/work/_temp/bootstra"..., "/home/runner/work/_temp/bootstra"...], 0xffffd570a948 /* 111 vars */) = 0
11411 exit_group(0)                     = ?
11411 +++ exited with 0 +++
11410 <... wait4 resumed>[{WIFEXITED(s) && WEXITSTATUS(s) == 0}], 0, NULL) = 11411
11410 --- SIGCHLD {si_signo=SIGCHLD, si_code=CLD_EXITED, si_pid=11411, si_uid=1001, si_status=0, si_utime=0, si_stime=0} ---
11410 clone(child_stack=NULL, flags=CLONE_CHILD_CLEARTID|CLONE_CHILD_SETTID|SIGCHLD, child_tidptr=0xff936915bf90) = 11412
11410 wait4(11412,  <unfinished ...>
11412 execve("/usr/bin/cc", ["/usr/bin/cc", "-xassembler", "/home/runner/work/_temp/bootstra"..., "-fuse-ld=lld", "-Wl,--gc-sections,--strip-all,--"..., "-lm", "-o", "/home/runner/work/_temp/bootstra"...], 0xffffd570a948 /* 111 vars */) = 0
11412 clone(child_stack=0xffffc5cc48f0, flags=CLONE_VM|CLONE_VFORK|SIGCHLD <unfinished ...>
11413 execve("/home/runner/go/bin/as", ["as", "-EL", "-mabi=lp64", "-o", "/tmp/cc4wQ9e1.o", "/home/runner/work/_temp/bootstra"...], 0x3d7fcd70 /* 116 vars */) = -1 ENOENT (No such file or directory)
11413 execve("/opt/hostedtoolcache/go/1.27.1/arm64/bin/as", ["as", "-EL", "-mabi=lp64", "-o", "/tmp/cc4wQ9e1.o", "/home/runner/work/_temp/bootstra"...], 0x3d7fcd70 /* 116 vars */) = -1 ENOENT (No such file or directory)
11413 execve("/snap/bin/as", ["as", "-EL", "-mabi=lp64", "-o", "/tmp/cc4wQ9e1.o", "/home/runner/work/_temp/bootstra"...], 0x3d7fcd70 /* 116 vars */) = -1 ENOENT (No such file or directory)
11413 execve("/home/runner/.local/bin/as", ["as", "-EL", "-mabi=lp64", "-o", "/tmp/cc4wQ9e1.o", "/home/runner/work/_temp/bootstra"...], 0x3d7fcd70 /* 116 vars */) = -1 ENOENT (No such file or directory)
11413 execve("/opt/pipx_bin/as", ["as", "-EL", "-mabi=lp64", "-o", "/tmp/cc4wQ9e1.o", "/home/runner/work/_temp/bootstra"...], 0x3d7fcd70 /* 116 vars */) = -1 ENOENT (No such file or directory)
11413 execve("/home/runner/.cargo/bin/as", ["as", "-EL", "-mabi=lp64", "-o", "/tmp/cc4wQ9e1.o", "/home/runner/work/_temp/bootstra"...], 0x3d7fcd70 /* 116 vars */) = -1 ENOENT (No such file or directory)
11413 execve("/home/runner/.config/composer/vendor/bin/as", ["as", "-EL", "-mabi=lp64", "-o", "/tmp/cc4wQ9e1.o", "/home/runner/work/_temp/bootstra"...], 0x3d7fcd70 /* 116 vars */) = -1 ENOENT (No such file or directory)
11413 execve("/home/runner/.dotnet/tools/as", ["as", "-EL", "-mabi=lp64", "-o", "/tmp/cc4wQ9e1.o", "/home/runner/work/_temp/bootstra"...], 0x3d7fcd70 /* 116 vars */) = -1 ENOENT (No such file or directory)
11413 execve("/usr/local/sbin/as", ["as", "-EL", "-mabi=lp64", "-o", "/tmp/cc4wQ9e1.o", "/home/runner/work/_temp/bootstra"...], 0x3d7fcd70 /* 116 vars */) = -1 ENOENT (No such file or directory)
11413 execve("/usr/local/bin/as", ["as", "-EL", "-mabi=lp64", "-o", "/tmp/cc4wQ9e1.o", "/home/runner/work/_temp/bootstra"...], 0x3d7fcd70 /* 116 vars */) = -1 ENOENT (No such file or directory)
11413 execve("/usr/sbin/as", ["as", "-EL", "-mabi=lp64", "-o", "/tmp/cc4wQ9e1.o", "/home/runner/work/_temp/bootstra"...], 0x3d7fcd70 /* 116 vars */) = -1 ENOENT (No such file or directory)
11413 execve("/usr/bin/as", ["as", "-EL", "-mabi=lp64", "-o", "/tmp/cc4wQ9e1.o", "/home/runner/work/_temp/bootstra"...], 0x3d7fcd70 /* 116 vars */ <unfinished ...>
11412 <... clone resumed>)              = 11413
11413 <... execve resumed>)             = 0
11412 wait4(11413,  <unfinished ...>
11413 exit_group(0)                     = ?
11413 +++ exited with 0 +++
11412 <... wait4 resumed>[{WIFEXITED(s) && WEXITSTATUS(s) == 0}], 0, NULL) = 11413
11412 --- SIGCHLD {si_signo=SIGCHLD, si_code=CLD_EXITED, si_pid=11413, si_uid=1001, si_status=0, si_utime=0, si_stime=0} ---
11412 clone(child_stack=0xffffc5cc3a30, flags=CLONE_VM|CLONE_VFORK|SIGCHLD <unfinished ...>
11414 execve("/usr/libexec/gcc/aarch64-linux-gnu/13/collect2", ["/usr/libexec/gcc/aarch64-linux-g"..., "-plugin", "/usr/libexec/gcc/aarch64-linux-g"..., "-plugin-opt=/usr/libexec/gcc/aar"..., "-plugin-opt=-fresolution=/tmp/cc"..., "-plugin-opt=-pass-through=-lgcc", "-plugin-opt=-pass-through=-lgcc_"..., "-plugin-opt=-pass-through=-lc", "-plugin-opt=-pass-through=-lgcc", "-plugin-opt=-pass-through=-lgcc_"..., "--build-id", "--eh-frame-hdr", "--hash-style=gnu", "--as-needed", "-dynamic-linker", "/lib/ld-linux-aarch64.so.1", "-X", "-EL", "-maarch64linux", "--fix-cortex-a53-843419", "-pie", "-z", "now", "-fuse-ld=lld", "-z", "relro", "-o", "/home/runner/work/_temp/bootstra"..., "/usr/lib/gcc/aarch64-linux-gnu/1"..., "/usr/lib/gcc/aarch64-linux-gnu/1"..., "/usr/lib/gcc/aarch64-linux-gnu/1"..., "-L/usr/lib/gcc/aarch64-linux-gnu"..., ...], 0x3d7fd5a0 /* 118 vars */ <unfinished ...>
11412 <... clone resumed>)              = 11414
11414 <... execve resumed>)             = 0
11412 wait4(11414,  <unfinished ...>
11414 clone(child_stack=0xffffde7dd920, flags=CLONE_VM|CLONE_VFORK|SIGCHLD <unfinished ...>
11415 execve("/usr/bin/ld.lld", ["/usr/bin/ld.lld", "-plugin", "/usr/libexec/gcc/aarch64-linux-g"..., "-plugin-opt=/usr/libexec/gcc/aar"..., "-plugin-opt=-fresolution=/tmp/cc"..., "-plugin-opt=-pass-through=-lgcc", "-plugin-opt=-pass-through=-lgcc_"..., "-plugin-opt=-pass-through=-lc", "-plugin-opt=-pass-through=-lgcc", "-plugin-opt=-pass-through=-lgcc_"..., "--build-id", "--eh-frame-hdr", "--hash-style=gnu", "--as-needed", "-dynamic-linker", "/lib/ld-linux-aarch64.so.1", "-X", "-EL", "-maarch64linux", "--fix-cortex-a53-843419", "-pie", "-z", "now", "-z", "relro", "-o", "/home/runner/work/_temp/bootstra"..., "/usr/lib/gcc/aarch64-linux-gnu/1"..., "/usr/lib/gcc/aarch64-linux-gnu/1"..., "/usr/lib/gcc/aarch64-linux-gnu/1"..., "-L/usr/lib/gcc/aarch64-linux-gnu"..., "-L/usr/lib/gcc/aarch64-linux-gnu"..., ...], 0xffffde7ddfe8 /* 118 vars */ <unfinished ...>
11414 <... clone resumed>)              = 11415
11415 <... execve resumed>)             = 0
11414 wait4(11415,  <unfinished ...>
11415 clone3({flags=CLONE_VM|CLONE_FS|CLONE_FILES|CLONE_SIGHAND|CLONE_THREAD|CLONE_SYSVSEM|CLONE_SETTLS|CLONE_PARENT_SETTID|CLONE_CHILD_CLEARTID, child_tid=0xff97ba7ff050, parent_tid=0xff97ba7ff050, exit_signal=0, stack=0xff97b67f0000, stack_size=0x400e840, tls=0xff97ba7ff6c0} => {parent_tid=[11416]}, 88) = 11416
11416 clone3({flags=CLONE_VM|CLONE_FS|CLONE_FILES|CLONE_SIGHAND|CLONE_THREAD|CLONE_SYSVSEM|CLONE_SETTLS|CLONE_PARENT_SETTID|CLONE_CHILD_CLEARTID, child_tid=0xff97affff050, parent_tid=0xff97affff050, exit_signal=0, stack=0xff97abff0000, stack_size=0x400e840, tls=0xff97affff6c0} => {parent_tid=[11417]}, 88) = 11417
11416 clone3({flags=CLONE_VM|CLONE_FS|CLONE_FILES|CLONE_SIGHAND|CLONE_THREAD|CLONE_SYSVSEM|CLONE_SETTLS|CLONE_PARENT_SETTID|CLONE_CHILD_CLEARTID, child_tid=0xff97abfef050, parent_tid=0xff97abfef050, exit_signal=0, stack=0xff97a7fe0000, stack_size=0x400e840, tls=0xff97abfef6c0} => {parent_tid=[11418]}, 88) = 11418
11416 clone3({flags=CLONE_VM|CLONE_FS|CLONE_FILES|CLONE_SIGHAND|CLONE_THREAD|CLONE_SYSVSEM|CLONE_SETTLS|CLONE_PARENT_SETTID|CLONE_CHILD_CLEARTID, child_tid=0xff979ffff050, parent_tid=0xff979ffff050, exit_signal=0, stack=0xff979bff0000, stack_size=0x400e840, tls=0xff979ffff6c0} => {parent_tid=[11419]}, 88) = 11419
11419 exit(0 <unfinished ...>
11418 exit(0 <unfinished ...>
11417 exit(0 <unfinished ...>
11415 exit_group(0 <unfinished ...>
11419 <... exit resumed>)               = ?
11417 <... exit resumed>)               = ?
11415 <... exit_group resumed>)         = ?
11419 +++ exited with 0 +++
11418 +++ exited with 0 +++
11417 +++ exited with 0 +++
11416 +++ exited with 0 +++
11415 +++ exited with 0 +++
11414 <... wait4 resumed>[{WIFEXITED(s) && WEXITSTATUS(s) == 0}], 0, NULL) = 11415
11414 --- SIGCHLD {si_signo=SIGCHLD, si_code=CLD_EXITED, si_pid=11415, si_uid=1001, si_status=0, si_utime=0, si_stime=1 /* 0.01 s */} ---
11414 exit_group(0)                     = ?
11414 +++ exited with 0 +++
11412 <... wait4 resumed>[{WIFEXITED(s) && WEXITSTATUS(s) == 0}], 0, NULL) = 11414
11412 --- SIGCHLD {si_signo=SIGCHLD, si_code=CLD_EXITED, si_pid=11414, si_uid=1001, si_status=0, si_utime=0, si_stime=0} ---
11412 exit_group(0)                     = ?
11412 +++ exited with 0 +++
11410 <... wait4 resumed>[{WIFEXITED(s) && WEXITSTATUS(s) == 0}], 0, NULL) = 11412
11410 --- SIGCHLD {si_signo=SIGCHLD, si_code=CLD_EXITED, si_pid=11412, si_uid=1001, si_status=0, si_utime=0, si_stime=0} ---
11410 exit_group(0)                     = ?
11410 +++ exited with 0 +++
