+ repo=/repo
+ run=/run
+ entry=/repo/compiler/gate4/src/compiler.trb
+ representative=/repo/compiler/gate4/conformance/file-root/main.trb
+ scalar_float=/repo/corpus/gate6i/float-kernel/src/main.trb
+ float_array_conformance=/repo/compiler/gate4/conformance/valid/float-arrays.trb
+ float_array=/repo/corpus/gate6j/float-array/src/main.trb
+ float_array_bounds=/repo/compiler/gate4/conformance/runtime-invalid/float-array-bounds.trb
+ qbe=/usr/local/bin/qbe
+ cc=/usr/bin/cc
+ uname -a
Linux dc1b9177376c 7.0.12-linuxkit #1 SMP PREEMPT Wed Aug 12 20:18:49 UTC 2026 aarch64 GNU/Linux
+ cat /etc/os-release
PRETTY_NAME="Debian GNU/Linux 12 (bookworm)"
NAME="Debian GNU/Linux"
VERSION_ID="12"
VERSION="12 (bookworm)"
VERSION_CODENAME=bookworm
ID=debian
HOME_URL="https://www.debian.org/"
SUPPORT_URL="https://www.debian.org/support"
BUG_REPORT_URL="https://bugs.debian.org/"
+ getconf _NPROCESSORS_ONLN
10
+ getconf _PHYS_PAGES
4088336
+ getconf PAGE_SIZE
4096
+ /usr/bin/cc --version
cc (Debian 12.2.0-14+deb12u1) 12.2.0
Copyright (C) 2022 Free Software Foundation, Inc.
This is free software; see the source for copying conditions.  There is NO
warranty; not even for MERCHANTABILITY or FITNESS FOR A PARTICULAR PURPOSE.

+ /usr/local/bin/qbe -h
/usr/local/bin/qbe [OPTIONS] {file.ssa, -}
	-h          prints this help
	-o file     output to file
	-t <target> generate for a target among:
	            amd64_sysv, amd64_apple, amd64_win, arm64 (default), arm64_apple, rv64
	-d <flags>  dump debug information
+ sha256sum /usr/local/bin/qbe
7da10dfca9072976f564806c45b44c8a653d83e7e27a646ce2d3114804d2195c  /usr/local/bin/qbe
+ cp /usr/local/share/gate6d-packages.txt /run/package-inventory.txt
+ wc -l /run/package-inventory.txt
166 /run/package-inventory.txt
+ sha256sum /run/package-inventory.txt
1bd5e28921141a78d3d103f6c3e9f7b82625967866de868685526d67199f16d1  /run/package-inventory.txt
+ sha256sum /run/b1.ssa
+ cut -d   -f 1
+ test 95aba97d9aa07b8eac651336648b7fe53d33e88fa4411edf3f4dad76f8aea4ee = 95aba97d9aa07b8eac651336648b7fe53d33e88fa4411edf3f4dad76f8aea4ee
+ cut -d   -f 1
+ sha256sum /run/float-scalar-darwin.ssa
+ test 828a9c092f157402aa48d42c81bb3774b19a9945e0bfe1b88cf35fc82873a3fb = 828a9c092f157402aa48d42c81bb3774b19a9945e0bfe1b88cf35fc82873a3fb
+ sha256sum /run/float-array-conformance-darwin.ssa
+ cut -d   -f 1
+ test b8c37290d477049248e861d590b4c1af281fdb75b6ba24b67aae41aa8f367266 = b8c37290d477049248e861d590b4c1af281fdb75b6ba24b67aae41aa8f367266
+ cut -d   -f 1
+ sha256sum /run/float-array-darwin.ssa
+ test a994fecd55f47b5249955a919ad435de0c250b0a642514a726b445cb9b0d93da = a994fecd55f47b5249955a919ad435de0c250b0a642514a726b445cb9b0d93da
+ /usr/local/bin/qbe -t arm64 -o /run/b1.s /run/b1.ssa
+ /usr/bin/cc /run/b1.s -Wl,--gc-sections,--strip-all -o /run/b1
+ mkdir -p /run/b2 /run/b3 /run/b4 /run/representative /run/representative-repeat /run/float-scalar /run/float-scalar-repeat /run/float-array-conformance /run/float-array-conformance-repeat /run/float-array /run/float-array-repeat /run/float-array-bounds /run/trace
+ /run/b1 check /repo/compiler/gate4/src/compiler.trb
ok
+ /run/b1 build /repo/compiler/gate4/src/compiler.trb --output /run/b2/compiler --qbe /usr/local/bin/qbe --cc /usr/bin/cc --target linux-arm64-v0
+ /run/b2/compiler check /repo/compiler/gate4/src/compiler.trb
ok
+ /run/b2/compiler build /repo/compiler/gate4/src/compiler.trb --output /run/b3/compiler --qbe /usr/local/bin/qbe --cc /usr/bin/cc --target linux-arm64-v0
+ /run/b3/compiler check /repo/compiler/gate4/src/compiler.trb
ok
+ /run/b3/compiler build /repo/compiler/gate4/src/compiler.trb --output /run/b4/compiler --qbe /usr/local/bin/qbe --cc /usr/bin/cc --target linux-arm64-v0
+ /run/b4/compiler check /repo/compiler/gate4/src/compiler.trb
ok
+ cmp /run/b1 /run/b2/compiler
+ cmp /run/b2/compiler /run/b3/compiler
+ cmp /run/b3/compiler /run/b4/compiler
+ /run/b4/compiler emit-qbe /repo/compiler/gate4/src/compiler.trb
+ cmp /run/b1.ssa /run/b4.ssa
+ /run/b4/compiler check /repo/compiler/gate4/conformance/file-root/main.trb
ok
+ /run/b4/compiler build /repo/compiler/gate4/conformance/file-root/main.trb --output /run/representative/program --qbe /usr/local/bin/qbe --cc /usr/bin/cc --target linux-arm64-v0
+ /run/b4/compiler build /repo/compiler/gate4/conformance/file-root/main.trb --output /run/representative-repeat/program --qbe /usr/local/bin/qbe --cc /usr/bin/cc --target linux-arm64-v0
+ cmp /run/representative/program /run/representative-repeat/program
+ /run/representative/program
+ cat /run/representative.stdout
+ test file-root-ok = file-root-ok
+ sha256sum /run/representative/program
+ cut -d   -f 1
+ test 6f27705eca2c8666951503b082dc1d05600808d81ecab66b2ac4419ac3ea7073 = 6f27705eca2c8666951503b082dc1d05600808d81ecab66b2ac4419ac3ea7073
+ /run/b4/compiler check /repo/corpus/gate6i/float-kernel/src/main.trb
ok
+ /run/b4/compiler emit-qbe /repo/corpus/gate6i/float-kernel/src/main.trb
+ cmp /run/float-scalar-darwin.ssa /run/float-scalar-linux.ssa
+ /run/b4/compiler build /repo/corpus/gate6i/float-kernel/src/main.trb --output /run/float-scalar/program --qbe /usr/local/bin/qbe --cc /usr/bin/cc --target linux-arm64-v0
+ /run/b4/compiler build /repo/corpus/gate6i/float-kernel/src/main.trb --output /run/float-scalar-repeat/program --qbe /usr/local/bin/qbe --cc /usr/bin/cc --target linux-arm64-v0
+ cmp /run/float-scalar/program /run/float-scalar-repeat/program
+ /run/float-scalar/program
+ cat /run/float-scalar.stdout
+ test float-kernel-ok = float-kernel-ok
+ sha256sum /run/float-scalar/program
+ cut -d   -f 1
+ test 14ce8bf6371687d3c433fccd61a4a3356d61bc91f13a8132ef0868572c4af7f6 = 14ce8bf6371687d3c433fccd61a4a3356d61bc91f13a8132ef0868572c4af7f6
+ /run/b4/compiler check /repo/compiler/gate4/conformance/valid/float-arrays.trb
ok
+ /run/b4/compiler emit-qbe /repo/compiler/gate4/conformance/valid/float-arrays.trb
+ cmp /run/float-array-conformance-darwin.ssa /run/float-array-conformance-linux.ssa
+ /run/b4/compiler build /repo/compiler/gate4/conformance/valid/float-arrays.trb --output /run/float-array-conformance/program --qbe /usr/local/bin/qbe --cc /usr/bin/cc --target linux-arm64-v0
+ /run/b4/compiler build /repo/compiler/gate4/conformance/valid/float-arrays.trb --output /run/float-array-conformance-repeat/program --qbe /usr/local/bin/qbe --cc /usr/bin/cc --target linux-arm64-v0
+ cmp /run/float-array-conformance/program /run/float-array-conformance-repeat/program
+ /run/float-array-conformance/program
+ cat /run/float-array-conformance.stdout
+ test float-arrays-ok = float-arrays-ok
+ /run/b4/compiler check /repo/corpus/gate6j/float-array/src/main.trb
ok
+ /run/b4/compiler emit-qbe /repo/corpus/gate6j/float-array/src/main.trb
+ cmp /run/float-array-darwin.ssa /run/float-array-linux.ssa
+ /run/b4/compiler build /repo/corpus/gate6j/float-array/src/main.trb --output /run/float-array/program --qbe /usr/local/bin/qbe --cc /usr/bin/cc --target linux-arm64-v0
+ /run/b4/compiler build /repo/corpus/gate6j/float-array/src/main.trb --output /run/float-array-repeat/program --qbe /usr/local/bin/qbe --cc /usr/bin/cc --target linux-arm64-v0
+ cmp /run/float-array/program /run/float-array-repeat/program
+ /run/float-array/program
+ cat /run/float-array.stdout
+ test float-array-ok = float-array-ok
+ /run/b4/compiler check /repo/compiler/gate4/conformance/runtime-invalid/float-array-bounds.trb
ok
+ /run/b4/compiler build /repo/compiler/gate4/conformance/runtime-invalid/float-array-bounds.trb --output /run/float-array-bounds/program --qbe /usr/local/bin/qbe --cc /usr/bin/cc --target linux-arm64-v0
+ set +e
+ /run/float-array-bounds/program
+ bounds_status=2
+ set -e
+ test 2 = 2
+ test ! -s /run/float-array-bounds.stdout
+ cat /run/float-array-bounds.stderr
+ test panic: index is out of bounds = panic: index is out of bounds
+ set +e
+ /run/b4/compiler check /repo/compiler/gate4/conformance/invalid/float-overflow.source
+ actual=TRBN4004:2:Float literal is outside the finite binary64 range
+ status=1
+ set -e
+ test 1 = 1
+ cat /repo/compiler/gate4/conformance/invalid/float-overflow.diag
+ test TRBN4004:2:Float literal is outside the finite binary64 range = TRBN4004:2:Float literal is outside the finite binary64 range
+ set +e
+ /run/b4/compiler check /repo/compiler/gate4/conformance/invalid/float-narrowing.source
+ actual=TRBN4004:2:expected Integer, found Float
+ status=1
+ set -e
+ test 1 = 1
+ cat /repo/compiler/gate4/conformance/invalid/float-narrowing.diag
+ test TRBN4004:2:expected Integer, found Float = TRBN4004:2:expected Integer, found Float
+ set +e
+ /run/b4/compiler check /repo/compiler/gate4/conformance/invalid/float-remainder.source
+ actual=TRBN4004:2:unsupported operator % for Float
+ status=1
+ set -e
+ test 1 = 1
+ cat /repo/compiler/gate4/conformance/invalid/float-remainder.diag
+ test TRBN4004:2:unsupported operator % for Float = TRBN4004:2:unsupported operator % for Float
+ set +e
+ /run/b4/compiler check /repo/compiler/gate4/conformance/invalid/float-method.source
+ actual=TRBN4004:2:unsupported method to_s
+ status=1
+ set -e
+ test 1 = 1
+ cat /repo/compiler/gate4/conformance/invalid/float-method.diag
+ test TRBN4004:2:unsupported method to_s = TRBN4004:2:unsupported method to_s
+ set +e
+ /run/b4/compiler check /repo/compiler/gate4/conformance/invalid/float-malformed.source
+ actual=TRBN4002:2:expected an identifier
+ status=1
+ set -e
+ test 1 = 1
+ cat /repo/compiler/gate4/conformance/invalid/float-malformed.diag
+ test TRBN4002:2:expected an identifier = TRBN4002:2:expected an identifier
+ set +e
+ /run/b4/compiler check /repo/compiler/gate4/conformance/invalid/float-array-element.source
+ actual=TRBN4004:2:expected Float, found String
+ status=1
+ set -e
+ test 1 = 1
+ cat /repo/compiler/gate4/conformance/invalid/float-array-element.diag
+ test TRBN4004:2:expected Float, found String = TRBN4004:2:expected Float, found String
+ set +e
+ /run/b4/compiler check /repo/compiler/gate4/conformance/invalid/float-array-immutable.source
+ actual=TRBN4004:3:push receiver is immutable
+ status=1
+ set -e
+ test 1 = 1
+ cat /repo/compiler/gate4/conformance/invalid/float-array-immutable.diag
+ test TRBN4004:3:push receiver is immutable = TRBN4004:3:push receiver is immutable
+ set +e
+ /run/b4/compiler check /repo/compiler/gate4/conformance/invalid/float-array-invariance.source
+ actual=TRBN4004:7:expected Array<Float>, found Array<Integer>
+ status=1
+ set -e
+ test 1 = 1
+ cat /repo/compiler/gate4/conformance/invalid/float-array-invariance.diag
+ test TRBN4004:7:expected Array<Float>, found Array<Integer> = TRBN4004:7:expected Array<Float>, found Array<Integer>
+ set +e
+ /run/b4/compiler check /repo/compiler/gate4/conformance/invalid/float-array-method.source
+ actual=TRBN4004:3:unsupported method reverse
+ status=1
+ set -e
+ test 1 = 1
+ cat /repo/compiler/gate4/conformance/invalid/float-array-method.diag
+ test TRBN4004:3:unsupported method reverse = TRBN4004:3:unsupported method reverse
+ /usr/bin/strace -f -e trace=process -o /run/process.trace /run/b1 build /repo/compiler/gate4/src/compiler.trb --output /run/trace/compiler --qbe /usr/local/bin/qbe --cc /usr/bin/cc --target linux-arm64-v0
+ cmp /run/b2/compiler /run/trace/compiler
+ grep -E execve|clone|vfork|wait /run/process.trace
+ find /run -name *.trbn.* -print
+ test ! -s /run/intermediates.txt
+ stat -c %s %n /run/b1.ssa /run/b1.s /run/b1 /run/b2/compiler /run/b3/compiler /run/b4/compiler /run/representative/program /run/float-scalar-darwin.ssa /run/float-scalar-linux.ssa /run/float-scalar/program /run/float-array-conformance-darwin.ssa /run/float-array-conformance-linux.ssa /run/float-array-conformance/program /run/float-array-darwin.ssa /run/float-array-linux.ssa /run/float-array/program /run/float-array-bounds/program
584353 /run/b1.ssa
917382 /run/b1.s
250152 /run/b1
250152 /run/b2/compiler
250152 /run/b3/compiler
250152 /run/b4/compiler
68568 /run/representative/program
17060 /run/float-scalar-darwin.ssa
17060 /run/float-scalar-linux.ssa
68632 /run/float-scalar/program
23459 /run/float-array-conformance-darwin.ssa
23459 /run/float-array-conformance-linux.ssa
68632 /run/float-array-conformance/program
20293 /run/float-array-darwin.ssa
20293 /run/float-array-linux.ssa
68632 /run/float-array/program
68576 /run/float-array-bounds/program
+ sha256sum /repo/compiler/gate4/src/compiler.trb /repo/compiler/gate4/src/storage.trb /repo/compiler/gate4/src/path.trb /repo/corpus/gate6i/float-kernel/src/main.trb /repo/compiler/gate4/conformance/valid/float-arrays.trb /repo/corpus/gate6j/float-array/src/main.trb /repo/compiler/gate4/conformance/runtime-invalid/float-array-bounds.trb
9a90b1ca0a3fd77e2215fb744f288c5d006e08a56be81b6be6124c795a013a81  /repo/compiler/gate4/src/compiler.trb
d4c77fec9e5c5e8580cb0b5ee71fbd2c9c714555cbd4fd1457fcd44cc6db1f9d  /repo/compiler/gate4/src/storage.trb
6347003851071b73cb8dbf38622fcc7cf3be6abf81ea253b9aad081fb057510a  /repo/compiler/gate4/src/path.trb
7d5125967da5a740faf62c0cc3a89d04bdaade54a475c2649d82892847e77dfe  /repo/corpus/gate6i/float-kernel/src/main.trb
8ffca0e572a577778145e414eb5f24b0b3838b0954a7c3833602e943e2997304  /repo/compiler/gate4/conformance/valid/float-arrays.trb
ed874d688f0faf8cdcc56e8a6992bd25be1826bc909093cdd485699dbd3b75cf  /repo/corpus/gate6j/float-array/src/main.trb
e59431eeafd79357804dbe8850ca92809914c91aae14bb3a625c344a741bdb55  /repo/compiler/gate4/conformance/runtime-invalid/float-array-bounds.trb
+ sha256sum /run/b1.ssa /run/b1.s /run/b1 /run/b2/compiler /run/b3/compiler /run/b4/compiler /run/representative/program /run/float-scalar-darwin.ssa /run/float-scalar-linux.ssa /run/float-scalar/program /run/float-array-conformance-darwin.ssa /run/float-array-conformance-linux.ssa /run/float-array-conformance/program /run/float-array-darwin.ssa /run/float-array-linux.ssa /run/float-array/program /run/float-array-bounds/program
95aba97d9aa07b8eac651336648b7fe53d33e88fa4411edf3f4dad76f8aea4ee  /run/b1.ssa
ac55266dde55fca660b461d5a7f3a22647c9d708a3bba8020942c642151e24ed  /run/b1.s
ae521ea4c1a2cc70585c141b69affe340bd07d5e6631f54f85b25dd7ab2de491  /run/b1
ae521ea4c1a2cc70585c141b69affe340bd07d5e6631f54f85b25dd7ab2de491  /run/b2/compiler
ae521ea4c1a2cc70585c141b69affe340bd07d5e6631f54f85b25dd7ab2de491  /run/b3/compiler
ae521ea4c1a2cc70585c141b69affe340bd07d5e6631f54f85b25dd7ab2de491  /run/b4/compiler
6f27705eca2c8666951503b082dc1d05600808d81ecab66b2ac4419ac3ea7073  /run/representative/program
828a9c092f157402aa48d42c81bb3774b19a9945e0bfe1b88cf35fc82873a3fb  /run/float-scalar-darwin.ssa
828a9c092f157402aa48d42c81bb3774b19a9945e0bfe1b88cf35fc82873a3fb  /run/float-scalar-linux.ssa
14ce8bf6371687d3c433fccd61a4a3356d61bc91f13a8132ef0868572c4af7f6  /run/float-scalar/program
b8c37290d477049248e861d590b4c1af281fdb75b6ba24b67aae41aa8f367266  /run/float-array-conformance-darwin.ssa
b8c37290d477049248e861d590b4c1af281fdb75b6ba24b67aae41aa8f367266  /run/float-array-conformance-linux.ssa
376d86918902477eb5e19fa493897e6963c1ceb2f8a86998322a392987b48690  /run/float-array-conformance/program
a994fecd55f47b5249955a919ad435de0c250b0a642514a726b445cb9b0d93da  /run/float-array-darwin.ssa
a994fecd55f47b5249955a919ad435de0c250b0a642514a726b445cb9b0d93da  /run/float-array-linux.ssa
4bf07c28d46410f2b3a1fc251d0670df88e2510f21c79bd65629ddb7c568f0ed  /run/float-array/program
7b4b1fd3faaff9d5078118acad366a99050d0d1583972607ddf4a9921f976e60  /run/float-array-bounds/program
+ file /run/b1 /run/b2/compiler /run/b3/compiler /run/b4/compiler /run/representative/program /run/float-scalar/program /run/float-array-conformance/program /run/float-array/program /run/float-array-bounds/program
/run/b1:                              ELF 64-bit LSB pie executable, ARM aarch64, version 1 (SYSV), dynamically linked, interpreter /lib/ld-linux-aarch64.so.1, BuildID[sha1]=256861b351fa5495e5aa64c213b160582eda627f, for GNU/Linux 3.7.0, stripped
/run/b2/compiler:                     ELF 64-bit LSB pie executable, ARM aarch64, version 1 (SYSV), dynamically linked, interpreter /lib/ld-linux-aarch64.so.1, BuildID[sha1]=256861b351fa5495e5aa64c213b160582eda627f, for GNU/Linux 3.7.0, stripped
/run/b3/compiler:                     ELF 64-bit LSB pie executable, ARM aarch64, version 1 (SYSV), dynamically linked, interpreter /lib/ld-linux-aarch64.so.1, BuildID[sha1]=256861b351fa5495e5aa64c213b160582eda627f, for GNU/Linux 3.7.0, stripped
/run/b4/compiler:                     ELF 64-bit LSB pie executable, ARM aarch64, version 1 (SYSV), dynamically linked, interpreter /lib/ld-linux-aarch64.so.1, BuildID[sha1]=256861b351fa5495e5aa64c213b160582eda627f, for GNU/Linux 3.7.0, stripped
/run/representative/program:          ELF 64-bit LSB pie executable, ARM aarch64, version 1 (SYSV), dynamically linked, interpreter /lib/ld-linux-aarch64.so.1, BuildID[sha1]=c3f011044b9116d34369da7847ebe579d940bc3b, for GNU/Linux 3.7.0, stripped
/run/float-scalar/program:            ELF 64-bit LSB pie executable, ARM aarch64, version 1 (SYSV), dynamically linked, interpreter /lib/ld-linux-aarch64.so.1, BuildID[sha1]=fea87a9100a10fae8e99ec438df60e2cbdbef40f, for GNU/Linux 3.7.0, stripped
/run/float-array-conformance/program: ELF 64-bit LSB pie executable, ARM aarch64, version 1 (SYSV), dynamically linked, interpreter /lib/ld-linux-aarch64.so.1, BuildID[sha1]=cd87b58eccbb6a60c124d67d04a0fab4c5d3d194, for GNU/Linux 3.7.0, stripped
/run/float-array/program:             ELF 64-bit LSB pie executable, ARM aarch64, version 1 (SYSV), dynamically linked, interpreter /lib/ld-linux-aarch64.so.1, BuildID[sha1]=c37cd32e16d6c08575d7304bb9ee036c5ac75390, for GNU/Linux 3.7.0, stripped
/run/float-array-bounds/program:      ELF 64-bit LSB pie executable, ARM aarch64, version 1 (SYSV), dynamically linked, interpreter /lib/ld-linux-aarch64.so.1, BuildID[sha1]=e637580259683ad1e22371e7b60d54da75e66d9c, for GNU/Linux 3.7.0, stripped
+ readelf -l /run/b4/compiler

Elf file type is DYN (Position-Independent Executable file)
Entry point 0xd80
There are 9 program headers, starting at offset 64

Program Headers:
  Type           Offset             VirtAddr           PhysAddr
                 FileSiz            MemSiz              Flags  Align
  PHDR           0x0000000000000040 0x0000000000000040 0x0000000000000040
                 0x00000000000001f8 0x00000000000001f8  R      0x8
  INTERP         0x0000000000000238 0x0000000000000238 0x0000000000000238
                 0x000000000000001b 0x000000000000001b  R      0x1
      [Requesting program interpreter: /lib/ld-linux-aarch64.so.1]
  LOAD           0x0000000000000000 0x0000000000000000 0x0000000000000000
                 0x0000000000020d74 0x0000000000020d74  R E    0x10000
  LOAD           0x000000000002fdc8 0x000000000003fdc8 0x000000000003fdc8
                 0x000000000000cbc8 0x000000000000d3d0  RW     0x10000
  DYNAMIC        0x000000000002fdd8 0x000000000003fdd8 0x000000000003fdd8
                 0x00000000000001e0 0x00000000000001e0  RW     0x8
  NOTE           0x0000000000000254 0x0000000000000254 0x0000000000000254
                 0x0000000000000044 0x0000000000000044  R      0x4
  GNU_EH_FRAME   0x0000000000020cb0 0x0000000000020cb0 0x0000000000020cb0
                 0x0000000000000034 0x0000000000000034  R      0x4
  GNU_STACK      0x0000000000000000 0x0000000000000000 0x0000000000000000
                 0x0000000000000000 0x0000000000000000  RW     0x10
  GNU_RELRO      0x000000000002fdc8 0x000000000003fdc8 0x000000000003fdc8
                 0x0000000000000238 0x0000000000000238  R      0x1

 Section to Segment mapping:
  Segment Sections...
   00
   01     .interp
   02     .interp .note.gnu.build-id .note.ABI-tag .gnu.hash .dynsym .dynstr .gnu.version .gnu.version_r .rela.dyn .rela.plt .init .plt .text .fini .eh_frame_hdr .eh_frame
   03     .init_array .fini_array .dynamic .got .got.plt .data .bss
   04     .dynamic
   05     .note.gnu.build-id .note.ABI-tag
   06     .eh_frame_hdr
   07
   08     .init_array .fini_array .dynamic .got
+ readelf -d /run/b4/compiler

Dynamic section at offset 0x2fdd8 contains 26 entries:
  Tag        Type                         Name/Value
 0x0000000000000001 (NEEDED)             Shared library: [libc.so.6]
 0x000000000000000c (INIT)               0xb68
 0x000000000000000d (FINI)               0x20c9c
 0x0000000000000019 (INIT_ARRAY)         0x3fdc8
 0x000000000000001b (INIT_ARRAYSZ)       8 (bytes)
 0x000000000000001a (FINI_ARRAY)         0x3fdd0
 0x000000000000001c (FINI_ARRAYSZ)       8 (bytes)
 0x000000006ffffef5 (GNU_HASH)           0x298
 0x0000000000000005 (STRTAB)             0x600
 0x0000000000000006 (SYMTAB)             0x2b8
 0x000000000000000a (STRSZ)              304 (bytes)
 0x000000000000000b (SYMENT)             24 (bytes)
 0x0000000000000015 (DEBUG)              0x0
 0x0000000000000003 (PLTGOT)             0x3ffe8
 0x0000000000000002 (PLTRELSZ)           720 (bytes)
 0x0000000000000014 (PLTREL)             RELA
 0x0000000000000017 (JMPREL)             0x898
 0x0000000000000007 (RELA)               0x7a8
 0x0000000000000008 (RELASZ)             240 (bytes)
 0x0000000000000009 (RELAENT)            24 (bytes)
 0x000000006ffffffb (FLAGS_1)            Flags: PIE
 0x000000006ffffffe (VERNEED)            0x778
 0x000000006fffffff (VERNEEDNUM)         1
 0x000000006ffffff0 (VERSYM)             0x730
 0x000000006ffffff9 (RELACOUNT)          6
 0x0000000000000000 (NULL)               0x0
+ readelf -l /run/representative/program

Elf file type is DYN (Position-Independent Executable file)
Entry point 0xbc0
There are 9 program headers, starting at offset 64

Program Headers:
  Type           Offset             VirtAddr           PhysAddr
                 FileSiz            MemSiz              Flags  Align
  PHDR           0x0000000000000040 0x0000000000000040 0x0000000000000040
                 0x00000000000001f8 0x00000000000001f8  R      0x8
  INTERP         0x0000000000000238 0x0000000000000238 0x0000000000000238
                 0x000000000000001b 0x000000000000001b  R      0x1
      [Requesting program interpreter: /lib/ld-linux-aarch64.so.1]
  LOAD           0x0000000000000000 0x0000000000000000 0x0000000000000000
                 0x0000000000001f24 0x0000000000001f24  R E    0x10000
  LOAD           0x000000000000fdc8 0x000000000001fdc8 0x000000000001fdc8
                 0x0000000000000678 0x0000000000000e80  RW     0x10000
  DYNAMIC        0x000000000000fdd8 0x000000000001fdd8 0x000000000001fdd8
                 0x00000000000001e0 0x00000000000001e0  RW     0x8
  NOTE           0x0000000000000254 0x0000000000000254 0x0000000000000254
                 0x0000000000000044 0x0000000000000044  R      0x4
  GNU_EH_FRAME   0x0000000000001e60 0x0000000000001e60 0x0000000000001e60
                 0x0000000000000034 0x0000000000000034  R      0x4
  GNU_STACK      0x0000000000000000 0x0000000000000000 0x0000000000000000
                 0x0000000000000000 0x0000000000000000  RW     0x10
  GNU_RELRO      0x000000000000fdc8 0x000000000001fdc8 0x000000000001fdc8
                 0x0000000000000238 0x0000000000000238  R      0x1

 Section to Segment mapping:
  Segment Sections...
   00
   01     .interp
   02     .interp .note.gnu.build-id .note.ABI-tag .gnu.hash .dynsym .dynstr .gnu.version .gnu.version_r .rela.dyn .rela.plt .init .plt .text .fini .eh_frame_hdr .eh_frame
   03     .init_array .fini_array .dynamic .got .got.plt .data .bss
   04     .dynamic
   05     .note.gnu.build-id .note.ABI-tag
   06     .eh_frame_hdr
   07
   08     .init_array .fini_array .dynamic .got
+ readelf -d /run/representative/program

Dynamic section at offset 0xfdd8 contains 26 entries:
  Tag        Type                         Name/Value
 0x0000000000000001 (NEEDED)             Shared library: [libc.so.6]
 0x000000000000000c (INIT)               0x9e8
 0x000000000000000d (FINI)               0x1e4c
 0x0000000000000019 (INIT_ARRAY)         0x1fdc8
 0x000000000000001b (INIT_ARRAYSZ)       8 (bytes)
 0x000000000000001a (FINI_ARRAY)         0x1fdd0
 0x000000000000001c (FINI_ARRAYSZ)       8 (bytes)
 0x000000006ffffef5 (GNU_HASH)           0x298
 0x0000000000000005 (STRTAB)             0x558
 0x0000000000000006 (SYMTAB)             0x2b8
 0x000000000000000a (STRSZ)              266 (bytes)
 0x000000000000000b (SYMENT)             24 (bytes)
 0x0000000000000015 (DEBUG)              0x0
 0x0000000000000003 (PLTGOT)             0x1ffe8
 0x0000000000000002 (PLTRELSZ)           552 (bytes)
 0x0000000000000014 (PLTREL)             RELA
 0x0000000000000017 (JMPREL)             0x7c0
 0x0000000000000007 (RELA)               0x6d0
 0x0000000000000008 (RELASZ)             240 (bytes)
 0x0000000000000009 (RELAENT)            24 (bytes)
 0x000000006ffffffb (FLAGS_1)            Flags: PIE
 0x000000006ffffffe (VERNEED)            0x6a0
 0x000000006fffffff (VERNEEDNUM)         1
 0x000000006ffffff0 (VERSYM)             0x662
 0x000000006ffffff9 (RELACOUNT)          6
 0x0000000000000000 (NULL)               0x0
+ readelf -l /run/float-scalar/program

Elf file type is DYN (Position-Independent Executable file)
Entry point 0xbc0
There are 9 program headers, starting at offset 64

Program Headers:
  Type           Offset             VirtAddr           PhysAddr
                 FileSiz            MemSiz              Flags  Align
  PHDR           0x0000000000000040 0x0000000000000040 0x0000000000000040
                 0x00000000000001f8 0x00000000000001f8  R      0x8
  INTERP         0x0000000000000238 0x0000000000000238 0x0000000000000238
                 0x000000000000001b 0x000000000000001b  R      0x1
      [Requesting program interpreter: /lib/ld-linux-aarch64.so.1]
  LOAD           0x0000000000000000 0x0000000000000000 0x0000000000000000
                 0x0000000000001d7c 0x0000000000001d7c  R E    0x10000
  LOAD           0x000000000000fdc8 0x000000000001fdc8 0x000000000001fdc8
                 0x0000000000000670 0x0000000000000e78  RW     0x10000
  DYNAMIC        0x000000000000fdd8 0x000000000001fdd8 0x000000000001fdd8
                 0x00000000000001e0 0x00000000000001e0  RW     0x8
  NOTE           0x0000000000000254 0x0000000000000254 0x0000000000000254
                 0x0000000000000044 0x0000000000000044  R      0x4
  GNU_EH_FRAME   0x0000000000001cb8 0x0000000000001cb8 0x0000000000001cb8
                 0x0000000000000034 0x0000000000000034  R      0x4
  GNU_STACK      0x0000000000000000 0x0000000000000000 0x0000000000000000
                 0x0000000000000000 0x0000000000000000  RW     0x10
  GNU_RELRO      0x000000000000fdc8 0x000000000001fdc8 0x000000000001fdc8
                 0x0000000000000238 0x0000000000000238  R      0x1

 Section to Segment mapping:
  Segment Sections...
   00
   01     .interp
   02     .interp .note.gnu.build-id .note.ABI-tag .gnu.hash .dynsym .dynstr .gnu.version .gnu.version_r .rela.dyn .rela.plt .init .plt .text .fini .rodata .eh_frame_hdr .eh_frame
   03     .init_array .fini_array .dynamic .got .got.plt .data .bss
   04     .dynamic
   05     .note.gnu.build-id .note.ABI-tag
   06     .eh_frame_hdr
   07
   08     .init_array .fini_array .dynamic .got
+ readelf -d /run/float-scalar/program

Dynamic section at offset 0xfdd8 contains 26 entries:
  Tag        Type                         Name/Value
 0x0000000000000001 (NEEDED)             Shared library: [libc.so.6]
 0x000000000000000c (INIT)               0x9e8
 0x000000000000000d (FINI)               0x1c4c
 0x0000000000000019 (INIT_ARRAY)         0x1fdc8
 0x000000000000001b (INIT_ARRAYSZ)       8 (bytes)
 0x000000000000001a (FINI_ARRAY)         0x1fdd0
 0x000000000000001c (FINI_ARRAYSZ)       8 (bytes)
 0x000000006ffffef5 (GNU_HASH)           0x298
 0x0000000000000005 (STRTAB)             0x558
 0x0000000000000006 (SYMTAB)             0x2b8
 0x000000000000000a (STRSZ)              266 (bytes)
 0x000000000000000b (SYMENT)             24 (bytes)
 0x0000000000000015 (DEBUG)              0x0
 0x0000000000000003 (PLTGOT)             0x1ffe8
 0x0000000000000002 (PLTRELSZ)           552 (bytes)
 0x0000000000000014 (PLTREL)             RELA
 0x0000000000000017 (JMPREL)             0x7c0
 0x0000000000000007 (RELA)               0x6d0
 0x0000000000000008 (RELASZ)             240 (bytes)
 0x0000000000000009 (RELAENT)            24 (bytes)
 0x000000006ffffffb (FLAGS_1)            Flags: PIE
 0x000000006ffffffe (VERNEED)            0x6a0
 0x000000006fffffff (VERNEEDNUM)         1
 0x000000006ffffff0 (VERSYM)             0x662
 0x000000006ffffff9 (RELACOUNT)          6
 0x0000000000000000 (NULL)               0x0
+ readelf -l /run/float-array-conformance/program

Elf file type is DYN (Position-Independent Executable file)
Entry point 0xbc0
There are 9 program headers, starting at offset 64

Program Headers:
  Type           Offset             VirtAddr           PhysAddr
                 FileSiz            MemSiz              Flags  Align
  PHDR           0x0000000000000040 0x0000000000000040 0x0000000000000040
                 0x00000000000001f8 0x00000000000001f8  R      0x8
  INTERP         0x0000000000000238 0x0000000000000238 0x0000000000000238
                 0x000000000000001b 0x000000000000001b  R      0x1
      [Requesting program interpreter: /lib/ld-linux-aarch64.so.1]
  LOAD           0x0000000000000000 0x0000000000000000 0x0000000000000000
                 0x00000000000025b4 0x00000000000025b4  R E    0x10000
  LOAD           0x000000000000fdc8 0x000000000001fdc8 0x000000000001fdc8
                 0x0000000000000670 0x0000000000000e78  RW     0x10000
  DYNAMIC        0x000000000000fdd8 0x000000000001fdd8 0x000000000001fdd8
                 0x00000000000001e0 0x00000000000001e0  RW     0x8
  NOTE           0x0000000000000254 0x0000000000000254 0x0000000000000254
                 0x0000000000000044 0x0000000000000044  R      0x4
  GNU_EH_FRAME   0x00000000000024f0 0x00000000000024f0 0x00000000000024f0
                 0x0000000000000034 0x0000000000000034  R      0x4
  GNU_STACK      0x0000000000000000 0x0000000000000000 0x0000000000000000
                 0x0000000000000000 0x0000000000000000  RW     0x10
  GNU_RELRO      0x000000000000fdc8 0x000000000001fdc8 0x000000000001fdc8
                 0x0000000000000238 0x0000000000000238  R      0x1

 Section to Segment mapping:
  Segment Sections...
   00
   01     .interp
   02     .interp .note.gnu.build-id .note.ABI-tag .gnu.hash .dynsym .dynstr .gnu.version .gnu.version_r .rela.dyn .rela.plt .init .plt .text .fini .rodata .eh_frame_hdr .eh_frame
   03     .init_array .fini_array .dynamic .got .got.plt .data .bss
   04     .dynamic
   05     .note.gnu.build-id .note.ABI-tag
   06     .eh_frame_hdr
   07
   08     .init_array .fini_array .dynamic .got
+ readelf -d /run/float-array-conformance/program

Dynamic section at offset 0xfdd8 contains 26 entries:
  Tag        Type                         Name/Value
 0x0000000000000001 (NEEDED)             Shared library: [libc.so.6]
 0x000000000000000c (INIT)               0x9e8
 0x000000000000000d (FINI)               0x2484
 0x0000000000000019 (INIT_ARRAY)         0x1fdc8
 0x000000000000001b (INIT_ARRAYSZ)       8 (bytes)
 0x000000000000001a (FINI_ARRAY)         0x1fdd0
 0x000000000000001c (FINI_ARRAYSZ)       8 (bytes)
 0x000000006ffffef5 (GNU_HASH)           0x298
 0x0000000000000005 (STRTAB)             0x558
 0x0000000000000006 (SYMTAB)             0x2b8
 0x000000000000000a (STRSZ)              266 (bytes)
 0x000000000000000b (SYMENT)             24 (bytes)
 0x0000000000000015 (DEBUG)              0x0
 0x0000000000000003 (PLTGOT)             0x1ffe8
 0x0000000000000002 (PLTRELSZ)           552 (bytes)
 0x0000000000000014 (PLTREL)             RELA
 0x0000000000000017 (JMPREL)             0x7c0
 0x0000000000000007 (RELA)               0x6d0
 0x0000000000000008 (RELASZ)             240 (bytes)
 0x0000000000000009 (RELAENT)            24 (bytes)
 0x000000006ffffffb (FLAGS_1)            Flags: PIE
 0x000000006ffffffe (VERNEED)            0x6a0
 0x000000006fffffff (VERNEEDNUM)         1
 0x000000006ffffff0 (VERSYM)             0x662
 0x000000006ffffff9 (RELACOUNT)          6
 0x0000000000000000 (NULL)               0x0
+ readelf -l /run/float-array/program

Elf file type is DYN (Position-Independent Executable file)
Entry point 0xbc0
There are 9 program headers, starting at offset 64

Program Headers:
  Type           Offset             VirtAddr           PhysAddr
                 FileSiz            MemSiz              Flags  Align
  PHDR           0x0000000000000040 0x0000000000000040 0x0000000000000040
                 0x00000000000001f8 0x00000000000001f8  R      0x8
  INTERP         0x0000000000000238 0x0000000000000238 0x0000000000000238
                 0x000000000000001b 0x000000000000001b  R      0x1
      [Requesting program interpreter: /lib/ld-linux-aarch64.so.1]
  LOAD           0x0000000000000000 0x0000000000000000 0x0000000000000000
                 0x00000000000020e4 0x00000000000020e4  R E    0x10000
  LOAD           0x000000000000fdc8 0x000000000001fdc8 0x000000000001fdc8
                 0x0000000000000670 0x0000000000000e78  RW     0x10000
  DYNAMIC        0x000000000000fdd8 0x000000000001fdd8 0x000000000001fdd8
                 0x00000000000001e0 0x00000000000001e0  RW     0x8
  NOTE           0x0000000000000254 0x0000000000000254 0x0000000000000254
                 0x0000000000000044 0x0000000000000044  R      0x4
  GNU_EH_FRAME   0x0000000000002020 0x0000000000002020 0x0000000000002020
                 0x0000000000000034 0x0000000000000034  R      0x4
  GNU_STACK      0x0000000000000000 0x0000000000000000 0x0000000000000000
                 0x0000000000000000 0x0000000000000000  RW     0x10
  GNU_RELRO      0x000000000000fdc8 0x000000000001fdc8 0x000000000001fdc8
                 0x0000000000000238 0x0000000000000238  R      0x1

 Section to Segment mapping:
  Segment Sections...
   00
   01     .interp
   02     .interp .note.gnu.build-id .note.ABI-tag .gnu.hash .dynsym .dynstr .gnu.version .gnu.version_r .rela.dyn .rela.plt .init .plt .text .fini .rodata .eh_frame_hdr .eh_frame
   03     .init_array .fini_array .dynamic .got .got.plt .data .bss
   04     .dynamic
   05     .note.gnu.build-id .note.ABI-tag
   06     .eh_frame_hdr
   07
   08     .init_array .fini_array .dynamic .got
+ readelf -d /run/float-array/program

Dynamic section at offset 0xfdd8 contains 26 entries:
  Tag        Type                         Name/Value
 0x0000000000000001 (NEEDED)             Shared library: [libc.so.6]
 0x000000000000000c (INIT)               0x9e8
 0x000000000000000d (FINI)               0x1fc4
 0x0000000000000019 (INIT_ARRAY)         0x1fdc8
 0x000000000000001b (INIT_ARRAYSZ)       8 (bytes)
 0x000000000000001a (FINI_ARRAY)         0x1fdd0
 0x000000000000001c (FINI_ARRAYSZ)       8 (bytes)
 0x000000006ffffef5 (GNU_HASH)           0x298
 0x0000000000000005 (STRTAB)             0x558
 0x0000000000000006 (SYMTAB)             0x2b8
 0x000000000000000a (STRSZ)              266 (bytes)
 0x000000000000000b (SYMENT)             24 (bytes)
 0x0000000000000015 (DEBUG)              0x0
 0x0000000000000003 (PLTGOT)             0x1ffe8
 0x0000000000000002 (PLTRELSZ)           552 (bytes)
 0x0000000000000014 (PLTREL)             RELA
 0x0000000000000017 (JMPREL)             0x7c0
 0x0000000000000007 (RELA)               0x6d0
 0x0000000000000008 (RELASZ)             240 (bytes)
 0x0000000000000009 (RELAENT)            24 (bytes)
 0x000000006ffffffb (FLAGS_1)            Flags: PIE
 0x000000006ffffffe (VERNEED)            0x6a0
 0x000000006fffffff (VERNEEDNUM)         1
 0x000000006ffffff0 (VERSYM)             0x662
 0x000000006ffffff9 (RELACOUNT)          6
 0x0000000000000000 (NULL)               0x0
+ readelf -l /run/float-array-bounds/program

Elf file type is DYN (Position-Independent Executable file)
Entry point 0xbc0
There are 9 program headers, starting at offset 64

Program Headers:
  Type           Offset             VirtAddr           PhysAddr
                 FileSiz            MemSiz              Flags  Align
  PHDR           0x0000000000000040 0x0000000000000040 0x0000000000000040
                 0x00000000000001f8 0x00000000000001f8  R      0x8
  INTERP         0x0000000000000238 0x0000000000000238 0x0000000000000238
                 0x000000000000001b 0x000000000000001b  R      0x1
      [Requesting program interpreter: /lib/ld-linux-aarch64.so.1]
  LOAD           0x0000000000000000 0x0000000000000000 0x0000000000000000
                 0x0000000000001ce4 0x0000000000001ce4  R E    0x10000
  LOAD           0x000000000000fdc8 0x000000000001fdc8 0x000000000001fdc8
                 0x0000000000000638 0x0000000000000e40  RW     0x10000
  DYNAMIC        0x000000000000fdd8 0x000000000001fdd8 0x000000000001fdd8
                 0x00000000000001e0 0x00000000000001e0  RW     0x8
  NOTE           0x0000000000000254 0x0000000000000254 0x0000000000000254
                 0x0000000000000044 0x0000000000000044  R      0x4
  GNU_EH_FRAME   0x0000000000001c20 0x0000000000001c20 0x0000000000001c20
                 0x0000000000000034 0x0000000000000034  R      0x4
  GNU_STACK      0x0000000000000000 0x0000000000000000 0x0000000000000000
                 0x0000000000000000 0x0000000000000000  RW     0x10
  GNU_RELRO      0x000000000000fdc8 0x000000000001fdc8 0x000000000001fdc8
                 0x0000000000000238 0x0000000000000238  R      0x1

 Section to Segment mapping:
  Segment Sections...
   00
   01     .interp
   02     .interp .note.gnu.build-id .note.ABI-tag .gnu.hash .dynsym .dynstr .gnu.version .gnu.version_r .rela.dyn .rela.plt .init .plt .text .fini .rodata .eh_frame_hdr .eh_frame
   03     .init_array .fini_array .dynamic .got .got.plt .data .bss
   04     .dynamic
   05     .note.gnu.build-id .note.ABI-tag
   06     .eh_frame_hdr
   07
   08     .init_array .fini_array .dynamic .got
+ readelf -d /run/float-array-bounds/program

Dynamic section at offset 0xfdd8 contains 26 entries:
  Tag        Type                         Name/Value
 0x0000000000000001 (NEEDED)             Shared library: [libc.so.6]
 0x000000000000000c (INIT)               0x9e8
 0x000000000000000d (FINI)               0x1c04
 0x0000000000000019 (INIT_ARRAY)         0x1fdc8
 0x000000000000001b (INIT_ARRAYSZ)       8 (bytes)
 0x000000000000001a (FINI_ARRAY)         0x1fdd0
 0x000000000000001c (FINI_ARRAYSZ)       8 (bytes)
 0x000000006ffffef5 (GNU_HASH)           0x298
 0x0000000000000005 (STRTAB)             0x558
 0x0000000000000006 (SYMTAB)             0x2b8
 0x000000000000000a (STRSZ)              266 (bytes)
 0x000000000000000b (SYMENT)             24 (bytes)
 0x0000000000000015 (DEBUG)              0x0
 0x0000000000000003 (PLTGOT)             0x1ffe8
 0x0000000000000002 (PLTRELSZ)           552 (bytes)
 0x0000000000000014 (PLTREL)             RELA
 0x0000000000000017 (JMPREL)             0x7c0
 0x0000000000000007 (RELA)               0x6d0
 0x0000000000000008 (RELASZ)             240 (bytes)
 0x0000000000000009 (RELAENT)            24 (bytes)
 0x000000006ffffffb (FLAGS_1)            Flags: PIE
 0x000000006ffffffe (VERNEED)            0x6a0
 0x000000006fffffff (VERNEEDNUM)         1
 0x000000006ffffff0 (VERSYM)             0x662
 0x000000006ffffff9 (RELACOUNT)          6
 0x0000000000000000 (NULL)               0x0
+ cat /run/representative.stdout
file-root-ok
+ cat /run/float-scalar.stdout
float-kernel-ok
+ cat /run/float-array-conformance.stdout
float-arrays-ok
+ cat /run/float-array.stdout
float-array-ok
+ cat /run/float-array-bounds.stderr
panic: index is out of bounds
+ cat /run/process-summary.txt
169   execve("/run/b1", ["/run/b1", "build", "/repo/compiler/gate4/src/compile"..., "--output", "/run/trace/compiler", "--qbe", "/usr/local/bin/qbe", "--cc", "/usr/bin/cc", "--target", "linux-arm64-v0"], 0xffffc6a4fa98 /* 6 vars */) = 0
169   clone(child_stack=NULL, flags=CLONE_CHILD_CLEARTID|CLONE_CHILD_SETTID|SIGCHLD, child_tidptr=0xffffb969d050) = 170
169   wait4(170,  <unfinished ...>
170   execve("/usr/local/bin/qbe", ["/usr/local/bin/qbe", "-t", "arm64", "-o", "/run/trace/compiler.trbn.s", "/run/trace/compiler.trbn.ssa"], 0xfffff6044758 /* 6 vars */) = 0
169   <... wait4 resumed>[{WIFEXITED(s) && WEXITSTATUS(s) == 0}], 0, NULL) = 170
169   clone(child_stack=NULL, flags=CLONE_CHILD_CLEARTID|CLONE_CHILD_SETTID|SIGCHLD, child_tidptr=0xffffb969d050) = 171
169   wait4(171,  <unfinished ...>
171   execve("/usr/bin/cc", ["/usr/bin/cc", "/run/trace/compiler.trbn.s", "-Wl,--gc-sections,--strip-all", "-o", "/run/trace/compiler.trbn.x7SS1u/"...], 0xfffff6044758 /* 6 vars */) = 0
171   clone(child_stack=0xffffd8016320, flags=CLONE_VM|CLONE_VFORK|SIGCHLD <unfinished ...>
172   execve("/usr/local/sbin/as", ["as", "-EL", "-mabi=lp64", "-o", "/tmp/cc92BmxB.o", "/run/trace/compiler.trbn.s"], 0x3208e9c0 /* 9 vars */) = -1 ENOENT (No such file or directory)
172   execve("/usr/local/bin/as", ["as", "-EL", "-mabi=lp64", "-o", "/tmp/cc92BmxB.o", "/run/trace/compiler.trbn.s"], 0x3208e9c0 /* 9 vars */) = -1 ENOENT (No such file or directory)
172   execve("/usr/sbin/as", ["as", "-EL", "-mabi=lp64", "-o", "/tmp/cc92BmxB.o", "/run/trace/compiler.trbn.s"], 0x3208e9c0 /* 9 vars */) = -1 ENOENT (No such file or directory)
172   execve("/usr/bin/as", ["as", "-EL", "-mabi=lp64", "-o", "/tmp/cc92BmxB.o", "/run/trace/compiler.trbn.s"], 0x3208e9c0 /* 9 vars */ <unfinished ...>
171   <... clone resumed>)              = 172
172   <... execve resumed>)             = 0
171   wait4(172,  <unfinished ...>
171   <... wait4 resumed>[{WIFEXITED(s) && WEXITSTATUS(s) == 0}], 0, NULL) = 172
171   clone(child_stack=0xffffd80155c0, flags=CLONE_VM|CLONE_VFORK|SIGCHLD <unfinished ...>
173   execve("/usr/lib/gcc/aarch64-linux-gnu/12/collect2", ["/usr/lib/gcc/aarch64-linux-gnu/1"..., "-plugin", "/usr/lib/gcc/aarch64-linux-gnu/1"..., "-plugin-opt=/usr/lib/gcc/aarch64"..., "-plugin-opt=-fresolution=/tmp/cc"..., "-plugin-opt=-pass-through=-lgcc", "-plugin-opt=-pass-through=-lgcc_"..., "-plugin-opt=-pass-through=-lc", "-plugin-opt=-pass-through=-lgcc", "-plugin-opt=-pass-through=-lgcc_"..., "--build-id", "--eh-frame-hdr", "--hash-style=gnu", "--as-needed", "-dynamic-linker", "/lib/ld-linux-aarch64.so.1", "-X", "-EL", "-maarch64linux", "--fix-cortex-a53-843419", "-pie", "-o", "/run/trace/compiler.trbn.x7SS1u/"..., "/usr/lib/gcc/aarch64-linux-gnu/1"..., "/usr/lib/gcc/aarch64-linux-gnu/1"..., "/usr/lib/gcc/aarch64-linux-gnu/1"..., "-L/usr/lib/gcc/aarch64-linux-gnu"..., "-L/usr/lib/gcc/aarch64-linux-gnu"..., "-L/usr/lib/gcc/aarch64-linux-gnu"..., "-L/lib/aarch64-linux-gnu", "-L/lib/../lib", "-L/usr/lib/aarch64-linux-gnu", ...], 0x3208ec90 /* 11 vars */ <unfinished ...>
171   <... clone resumed>)              = 173
173   <... execve resumed>)             = 0
171   wait4(173,  <unfinished ...>
173   clone(child_stack=0xffffce754aa0, flags=CLONE_VM|CLONE_VFORK|SIGCHLD <unfinished ...>
174   execve("/usr/bin/ld", ["/usr/bin/ld", "-plugin", "/usr/lib/gcc/aarch64-linux-gnu/1"..., "-plugin-opt=/usr/lib/gcc/aarch64"..., "-plugin-opt=-fresolution=/tmp/cc"..., "-plugin-opt=-pass-through=-lgcc", "-plugin-opt=-pass-through=-lgcc_"..., "-plugin-opt=-pass-through=-lc", "-plugin-opt=-pass-through=-lgcc", "-plugin-opt=-pass-through=-lgcc_"..., "--build-id", "--eh-frame-hdr", "--hash-style=gnu", "--as-needed", "-dynamic-linker", "/lib/ld-linux-aarch64.so.1", "-X", "-EL", "-maarch64linux", "--fix-cortex-a53-843419", "-pie", "-o", "/run/trace/compiler.trbn.x7SS1u/"..., "/usr/lib/gcc/aarch64-linux-gnu/1"..., "/usr/lib/gcc/aarch64-linux-gnu/1"..., "/usr/lib/gcc/aarch64-linux-gnu/1"..., "-L/usr/lib/gcc/aarch64-linux-gnu"..., "-L/usr/lib/gcc/aarch64-linux-gnu"..., "-L/usr/lib/gcc/aarch64-linux-gnu"..., "-L/lib/aarch64-linux-gnu", "-L/lib/../lib", "-L/usr/lib/aarch64-linux-gnu", ...], 0xffffce7550a0 /* 11 vars */ <unfinished ...>
173   <... clone resumed>)              = 174
174   <... execve resumed>)             = 0
173   wait4(174,  <unfinished ...>
173   <... wait4 resumed>[{WIFEXITED(s) && WEXITSTATUS(s) == 0}], 0, NULL) = 174
171   <... wait4 resumed>[{WIFEXITED(s) && WEXITSTATUS(s) == 0}], 0, NULL) = 173
169   <... wait4 resumed>[{WIFEXITED(s) && WEXITSTATUS(s) == 0}], 0, NULL) = 171
