9064  execve("/home/runner/work/_temp/bootstrap-workspace/b4/compiler", ["/home/runner/work/_temp/bootstra"..., "build", "/home/runner/work/type-rb-native"..., "--output", "/home/runner/work/_temp/bootstra"..., "--qbe", "/home/runner/work/_temp/qbe-1.3/"..., "--cc", "/usr/bin/cc", "--target", "linux-arm64-v0"], 0xfffffbd1e278 /* 111 vars */) = 0
9064  clone(child_stack=NULL, flags=CLONE_CHILD_CLEARTID|CLONE_CHILD_SETTID|SIGCHLD, child_tidptr=0xff67ff652f90) = 9065
9064  wait4(9065,  <unfinished ...>
9065  execve("/home/runner/work/_temp/qbe-1.3/qbe", ["/home/runner/work/_temp/qbe-1.3/"..., "-t", "arm64", "-o", "/home/runner/work/_temp/bootstra"..., "/home/runner/work/_temp/bootstra"...], 0xfffff177dc08 /* 111 vars */) = 0
9065  exit_group(0)                     = ?
9065  +++ exited with 0 +++
9064  <... wait4 resumed>[{WIFEXITED(s) && WEXITSTATUS(s) == 0}], 0, NULL) = 9065
9064  --- SIGCHLD {si_signo=SIGCHLD, si_code=CLD_EXITED, si_pid=9065, si_uid=1001, si_status=0, si_utime=0, si_stime=0} ---
9064  clone(child_stack=NULL, flags=CLONE_CHILD_CLEARTID|CLONE_CHILD_SETTID|SIGCHLD, child_tidptr=0xff67ff652f90) = 9066
9064  wait4(9066,  <unfinished ...>
9066  execve("/usr/bin/cc", ["/usr/bin/cc", "-xassembler", "/home/runner/work/_temp/bootstra"..., "-fuse-ld=lld", "-Wl,--gc-sections,--strip-all", "-lm", "-o", "/home/runner/work/_temp/bootstra"...], 0xfffff177dc08 /* 111 vars */) = 0
9066  clone(child_stack=0xffffc288ce90, flags=CLONE_VM|CLONE_VFORK|SIGCHLD <unfinished ...>
9067  execve("/home/runner/go/bin/as", ["as", "-EL", "-mabi=lp64", "-o", "/tmp/ccD2JtAx.o", "/home/runner/work/_temp/bootstra"...], 0x39a7dd50 /* 116 vars */) = -1 ENOENT (No such file or directory)
9067  execve("/opt/hostedtoolcache/go/1.27.0/arm64/bin/as", ["as", "-EL", "-mabi=lp64", "-o", "/tmp/ccD2JtAx.o", "/home/runner/work/_temp/bootstra"...], 0x39a7dd50 /* 116 vars */) = -1 ENOENT (No such file or directory)
9067  execve("/snap/bin/as", ["as", "-EL", "-mabi=lp64", "-o", "/tmp/ccD2JtAx.o", "/home/runner/work/_temp/bootstra"...], 0x39a7dd50 /* 116 vars */) = -1 ENOENT (No such file or directory)
9067  execve("/home/runner/.local/bin/as", ["as", "-EL", "-mabi=lp64", "-o", "/tmp/ccD2JtAx.o", "/home/runner/work/_temp/bootstra"...], 0x39a7dd50 /* 116 vars */) = -1 ENOENT (No such file or directory)
9067  execve("/opt/pipx_bin/as", ["as", "-EL", "-mabi=lp64", "-o", "/tmp/ccD2JtAx.o", "/home/runner/work/_temp/bootstra"...], 0x39a7dd50 /* 116 vars */) = -1 ENOENT (No such file or directory)
9067  execve("/home/runner/.cargo/bin/as", ["as", "-EL", "-mabi=lp64", "-o", "/tmp/ccD2JtAx.o", "/home/runner/work/_temp/bootstra"...], 0x39a7dd50 /* 116 vars */) = -1 ENOENT (No such file or directory)
9067  execve("/home/runner/.config/composer/vendor/bin/as", ["as", "-EL", "-mabi=lp64", "-o", "/tmp/ccD2JtAx.o", "/home/runner/work/_temp/bootstra"...], 0x39a7dd50 /* 116 vars */) = -1 ENOENT (No such file or directory)
9067  execve("/home/runner/.dotnet/tools/as", ["as", "-EL", "-mabi=lp64", "-o", "/tmp/ccD2JtAx.o", "/home/runner/work/_temp/bootstra"...], 0x39a7dd50 /* 116 vars */) = -1 ENOENT (No such file or directory)
9067  execve("/usr/local/sbin/as", ["as", "-EL", "-mabi=lp64", "-o", "/tmp/ccD2JtAx.o", "/home/runner/work/_temp/bootstra"...], 0x39a7dd50 /* 116 vars */) = -1 ENOENT (No such file or directory)
9067  execve("/usr/local/bin/as", ["as", "-EL", "-mabi=lp64", "-o", "/tmp/ccD2JtAx.o", "/home/runner/work/_temp/bootstra"...], 0x39a7dd50 /* 116 vars */) = -1 ENOENT (No such file or directory)
9067  execve("/usr/sbin/as", ["as", "-EL", "-mabi=lp64", "-o", "/tmp/ccD2JtAx.o", "/home/runner/work/_temp/bootstra"...], 0x39a7dd50 /* 116 vars */) = -1 ENOENT (No such file or directory)
9067  execve("/usr/bin/as", ["as", "-EL", "-mabi=lp64", "-o", "/tmp/ccD2JtAx.o", "/home/runner/work/_temp/bootstra"...], 0x39a7dd50 /* 116 vars */ <unfinished ...>
9066  <... clone resumed>)              = 9067
9067  <... execve resumed>)             = 0
9066  wait4(9067,  <unfinished ...>
9067  exit_group(0)                     = ?
9067  +++ exited with 0 +++
9066  <... wait4 resumed>[{WIFEXITED(s) && WEXITSTATUS(s) == 0}], 0, NULL) = 9067
9066  --- SIGCHLD {si_signo=SIGCHLD, si_code=CLD_EXITED, si_pid=9067, si_uid=1001, si_status=0, si_utime=0, si_stime=0} ---
9066  clone(child_stack=0xffffc288bfd0, flags=CLONE_VM|CLONE_VFORK|SIGCHLD <unfinished ...>
9068  execve("/usr/libexec/gcc/aarch64-linux-gnu/13/collect2", ["/usr/libexec/gcc/aarch64-linux-g"..., "-plugin", "/usr/libexec/gcc/aarch64-linux-g"..., "-plugin-opt=/usr/libexec/gcc/aar"..., "-plugin-opt=-fresolution=/tmp/cc"..., "-plugin-opt=-pass-through=-lgcc", "-plugin-opt=-pass-through=-lgcc_"..., "-plugin-opt=-pass-through=-lc", "-plugin-opt=-pass-through=-lgcc", "-plugin-opt=-pass-through=-lgcc_"..., "--build-id", "--eh-frame-hdr", "--hash-style=gnu", "--as-needed", "-dynamic-linker", "/lib/ld-linux-aarch64.so.1", "-X", "-EL", "-maarch64linux", "--fix-cortex-a53-843419", "-pie", "-z", "now", "-fuse-ld=lld", "-z", "relro", "-o", "/home/runner/work/_temp/bootstra"..., "/usr/lib/gcc/aarch64-linux-gnu/1"..., "/usr/lib/gcc/aarch64-linux-gnu/1"..., "/usr/lib/gcc/aarch64-linux-gnu/1"..., "-L/usr/lib/gcc/aarch64-linux-gnu"..., ...], 0x39a7e580 /* 118 vars */ <unfinished ...>
9066  <... clone resumed>)              = 9068
9068  <... execve resumed>)             = 0
9066  wait4(9068,  <unfinished ...>
9068  clone(child_stack=0xfffff3bf3940, flags=CLONE_VM|CLONE_VFORK|SIGCHLD <unfinished ...>
9069  execve("/usr/bin/ld.lld", ["/usr/bin/ld.lld", "-plugin", "/usr/libexec/gcc/aarch64-linux-g"..., "-plugin-opt=/usr/libexec/gcc/aar"..., "-plugin-opt=-fresolution=/tmp/cc"..., "-plugin-opt=-pass-through=-lgcc", "-plugin-opt=-pass-through=-lgcc_"..., "-plugin-opt=-pass-through=-lc", "-plugin-opt=-pass-through=-lgcc", "-plugin-opt=-pass-through=-lgcc_"..., "--build-id", "--eh-frame-hdr", "--hash-style=gnu", "--as-needed", "-dynamic-linker", "/lib/ld-linux-aarch64.so.1", "-X", "-EL", "-maarch64linux", "--fix-cortex-a53-843419", "-pie", "-z", "now", "-z", "relro", "-o", "/home/runner/work/_temp/bootstra"..., "/usr/lib/gcc/aarch64-linux-gnu/1"..., "/usr/lib/gcc/aarch64-linux-gnu/1"..., "/usr/lib/gcc/aarch64-linux-gnu/1"..., "-L/usr/lib/gcc/aarch64-linux-gnu"..., "-L/usr/lib/gcc/aarch64-linux-gnu"..., ...], 0xfffff3bf4000 /* 118 vars */ <unfinished ...>
9068  <... clone resumed>)              = 9069
9069  <... execve resumed>)             = 0
9068  wait4(9069,  <unfinished ...>
9069  clone3({flags=CLONE_VM|CLONE_FS|CLONE_FILES|CLONE_SIGHAND|CLONE_THREAD|CLONE_SYSVSEM|CLONE_SETTLS|CLONE_PARENT_SETTID|CLONE_CHILD_CLEARTID, child_tid=0xff8e59dff050, parent_tid=0xff8e59dff050, exit_signal=0, stack=0xff8e55df0000, stack_size=0x400e840, tls=0xff8e59dff6c0} => {parent_tid=[9070]}, 88) = 9070
9070  clone3({flags=CLONE_VM|CLONE_FS|CLONE_FILES|CLONE_SIGHAND|CLONE_THREAD|CLONE_SYSVSEM|CLONE_SETTLS|CLONE_PARENT_SETTID|CLONE_CHILD_CLEARTID, child_tid=0xff8e4ffff050, parent_tid=0xff8e4ffff050, exit_signal=0, stack=0xff8e4bff0000, stack_size=0x400e840, tls=0xff8e4ffff6c0} => {parent_tid=[9071]}, 88) = 9071
9070  clone3({flags=CLONE_VM|CLONE_FS|CLONE_FILES|CLONE_SIGHAND|CLONE_THREAD|CLONE_SYSVSEM|CLONE_SETTLS|CLONE_PARENT_SETTID|CLONE_CHILD_CLEARTID, child_tid=0xff8e4bfef050, parent_tid=0xff8e4bfef050, exit_signal=0, stack=0xff8e47fe0000, stack_size=0x400e840, tls=0xff8e4bfef6c0} => {parent_tid=[9072]}, 88) = 9072
9070  clone3({flags=CLONE_VM|CLONE_FS|CLONE_FILES|CLONE_SIGHAND|CLONE_THREAD|CLONE_SYSVSEM|CLONE_SETTLS|CLONE_PARENT_SETTID|CLONE_CHILD_CLEARTID, child_tid=0xff8e3ffff050, parent_tid=0xff8e3ffff050, exit_signal=0, stack=0xff8e3bff0000, stack_size=0x400e840, tls=0xff8e3ffff6c0} => {parent_tid=[9073]}, 88) = 9073
9072  exit(0)                           = ?
9071  exit(0)                           = ?
9072  +++ exited with 0 +++
9071  +++ exited with 0 +++
9070  exit(0 <unfinished ...>
9069  exit_group(0 <unfinished ...>
9070  <... exit resumed>)               = ?
9069  <... exit_group resumed>)         = ?
9070  +++ exited with 0 +++
9073  +++ exited with 0 +++
9069  +++ exited with 0 +++
9068  <... wait4 resumed>[{WIFEXITED(s) && WEXITSTATUS(s) == 0}], 0, NULL) = 9069
9068  --- SIGCHLD {si_signo=SIGCHLD, si_code=CLD_EXITED, si_pid=9069, si_uid=1001, si_status=0, si_utime=0, si_stime=1 /* 0.01 s */} ---
9068  exit_group(0)                     = ?
9068  +++ exited with 0 +++
9066  <... wait4 resumed>[{WIFEXITED(s) && WEXITSTATUS(s) == 0}], 0, NULL) = 9068
9066  --- SIGCHLD {si_signo=SIGCHLD, si_code=CLD_EXITED, si_pid=9068, si_uid=1001, si_status=0, si_utime=0, si_stime=0} ---
9066  exit_group(0)                     = ?
9066  +++ exited with 0 +++
9064  <... wait4 resumed>[{WIFEXITED(s) && WEXITSTATUS(s) == 0}], 0, NULL) = 9066
9064  --- SIGCHLD {si_signo=SIGCHLD, si_code=CLD_EXITED, si_pid=9066, si_uid=1001, si_status=0, si_utime=0, si_stime=0} ---
9064  exit_group(0)                     = ?
9064  +++ exited with 0 +++
