9504  execve("/home/runner/work/_temp/candidate-compiler", ["/home/runner/work/_temp/candidat"..., "build", "/home/runner/work/type-rb-native"..., "--output", "/home/runner/work/_temp/build-wo"..., "--qbe", "/home/runner/work/_temp/qbe-1.3/"..., "--cc", "/usr/bin/cc", "--target", "linux-arm64-v0"], 0xffffdbdbe598 /* 115 vars */) = 0
9504  clone(child_stack=NULL, flags=CLONE_CHILD_CLEARTID|CLONE_CHILD_SETTID|SIGCHLD, child_tidptr=0xffe3a2558f90) = 9505
9504  wait4(9505,  <unfinished ...>
9505  execve("/home/runner/work/_temp/qbe-1.3/qbe", ["/home/runner/work/_temp/qbe-1.3/"..., "-t", "arm64", "-o", "/home/runner/work/_temp/build-wo"..., "/home/runner/work/_temp/build-wo"...], 0xffffc0558bd8 /* 115 vars */) = 0
9505  exit_group(0)                     = ?
9505  +++ exited with 0 +++
9504  <... wait4 resumed>[{WIFEXITED(s) && WEXITSTATUS(s) == 0}], 0, NULL) = 9505
9504  --- SIGCHLD {si_signo=SIGCHLD, si_code=CLD_EXITED, si_pid=9505, si_uid=1001, si_status=0, si_utime=1 /* 0.01 s */, si_stime=0} ---
9504  clone(child_stack=NULL, flags=CLONE_CHILD_CLEARTID|CLONE_CHILD_SETTID|SIGCHLD, child_tidptr=0xffe3a2558f90) = 9506
9504  wait4(9506,  <unfinished ...>
9506  execve("/usr/bin/cc", ["/usr/bin/cc", "-xassembler", "/home/runner/work/_temp/build-wo"..., "-fuse-ld=lld", "-Wl,--gc-sections,--strip-all", "-lm", "-o", "/home/runner/work/_temp/build-wo"...], 0xffffc0558bd8 /* 115 vars */) = 0
9506  clone(child_stack=0xffffe17857c0, flags=CLONE_VM|CLONE_VFORK|SIGCHLD <unfinished ...>
9507  execve("/home/runner/go/bin/as", ["as", "-EL", "-mabi=lp64", "-o", "/tmp/ccWyfaPT.o", "/home/runner/work/_temp/build-wo"...], 0xc7e8d80 /* 120 vars */) = -1 ENOENT (No such file or directory)
9507  execve("/opt/hostedtoolcache/go/1.27.0/arm64/bin/as", ["as", "-EL", "-mabi=lp64", "-o", "/tmp/ccWyfaPT.o", "/home/runner/work/_temp/build-wo"...], 0xc7e8d80 /* 120 vars */) = -1 ENOENT (No such file or directory)
9507  execve("/snap/bin/as", ["as", "-EL", "-mabi=lp64", "-o", "/tmp/ccWyfaPT.o", "/home/runner/work/_temp/build-wo"...], 0xc7e8d80 /* 120 vars */) = -1 ENOENT (No such file or directory)
9507  execve("/home/runner/.local/bin/as", ["as", "-EL", "-mabi=lp64", "-o", "/tmp/ccWyfaPT.o", "/home/runner/work/_temp/build-wo"...], 0xc7e8d80 /* 120 vars */) = -1 ENOENT (No such file or directory)
9507  execve("/opt/pipx_bin/as", ["as", "-EL", "-mabi=lp64", "-o", "/tmp/ccWyfaPT.o", "/home/runner/work/_temp/build-wo"...], 0xc7e8d80 /* 120 vars */) = -1 ENOENT (No such file or directory)
9507  execve("/home/runner/.cargo/bin/as", ["as", "-EL", "-mabi=lp64", "-o", "/tmp/ccWyfaPT.o", "/home/runner/work/_temp/build-wo"...], 0xc7e8d80 /* 120 vars */) = -1 ENOENT (No such file or directory)
9507  execve("/home/runner/.config/composer/vendor/bin/as", ["as", "-EL", "-mabi=lp64", "-o", "/tmp/ccWyfaPT.o", "/home/runner/work/_temp/build-wo"...], 0xc7e8d80 /* 120 vars */) = -1 ENOENT (No such file or directory)
9507  execve("/home/runner/.dotnet/tools/as", ["as", "-EL", "-mabi=lp64", "-o", "/tmp/ccWyfaPT.o", "/home/runner/work/_temp/build-wo"...], 0xc7e8d80 /* 120 vars */) = -1 ENOENT (No such file or directory)
9507  execve("/usr/local/sbin/as", ["as", "-EL", "-mabi=lp64", "-o", "/tmp/ccWyfaPT.o", "/home/runner/work/_temp/build-wo"...], 0xc7e8d80 /* 120 vars */) = -1 ENOENT (No such file or directory)
9507  execve("/usr/local/bin/as", ["as", "-EL", "-mabi=lp64", "-o", "/tmp/ccWyfaPT.o", "/home/runner/work/_temp/build-wo"...], 0xc7e8d80 /* 120 vars */) = -1 ENOENT (No such file or directory)
9507  execve("/usr/sbin/as", ["as", "-EL", "-mabi=lp64", "-o", "/tmp/ccWyfaPT.o", "/home/runner/work/_temp/build-wo"...], 0xc7e8d80 /* 120 vars */) = -1 ENOENT (No such file or directory)
9507  execve("/usr/bin/as", ["as", "-EL", "-mabi=lp64", "-o", "/tmp/ccWyfaPT.o", "/home/runner/work/_temp/build-wo"...], 0xc7e8d80 /* 120 vars */ <unfinished ...>
9506  <... clone resumed>)              = 9507
9506  wait4(9507,  <unfinished ...>
9507  <... execve resumed>)             = 0
9507  exit_group(0)                     = ?
9507  +++ exited with 0 +++
9506  <... wait4 resumed>[{WIFEXITED(s) && WEXITSTATUS(s) == 0}], 0, NULL) = 9507
9506  --- SIGCHLD {si_signo=SIGCHLD, si_code=CLD_EXITED, si_pid=9507, si_uid=1001, si_status=0, si_utime=0, si_stime=0} ---
9506  clone(child_stack=0xffffe1784900, flags=CLONE_VM|CLONE_VFORK|SIGCHLD <unfinished ...>
9508  execve("/usr/libexec/gcc/aarch64-linux-gnu/13/collect2", ["/usr/libexec/gcc/aarch64-linux-g"..., "-plugin", "/usr/libexec/gcc/aarch64-linux-g"..., "-plugin-opt=/usr/libexec/gcc/aar"..., "-plugin-opt=-fresolution=/tmp/cc"..., "-plugin-opt=-pass-through=-lgcc", "-plugin-opt=-pass-through=-lgcc_"..., "-plugin-opt=-pass-through=-lc", "-plugin-opt=-pass-through=-lgcc", "-plugin-opt=-pass-through=-lgcc_"..., "--build-id", "--eh-frame-hdr", "--hash-style=gnu", "--as-needed", "-dynamic-linker", "/lib/ld-linux-aarch64.so.1", "-X", "-EL", "-maarch64linux", "--fix-cortex-a53-843419", "-pie", "-z", "now", "-fuse-ld=lld", "-z", "relro", "-o", "/home/runner/work/_temp/build-wo"..., "/usr/lib/gcc/aarch64-linux-gnu/1"..., "/usr/lib/gcc/aarch64-linux-gnu/1"..., "/usr/lib/gcc/aarch64-linux-gnu/1"..., "-L/usr/lib/gcc/aarch64-linux-gnu"..., ...], 0xc7e95d0 /* 122 vars */ <unfinished ...>
9506  <... clone resumed>)              = 9508
9506  wait4(9508,  <unfinished ...>
9508  <... execve resumed>)             = 0
9508  clone(child_stack=0xfffff4931420, flags=CLONE_VM|CLONE_VFORK|SIGCHLD <unfinished ...>
9509  execve("/usr/bin/ld.lld", ["/usr/bin/ld.lld", "-plugin", "/usr/libexec/gcc/aarch64-linux-g"..., "-plugin-opt=/usr/libexec/gcc/aar"..., "-plugin-opt=-fresolution=/tmp/cc"..., "-plugin-opt=-pass-through=-lgcc", "-plugin-opt=-pass-through=-lgcc_"..., "-plugin-opt=-pass-through=-lc", "-plugin-opt=-pass-through=-lgcc", "-plugin-opt=-pass-through=-lgcc_"..., "--build-id", "--eh-frame-hdr", "--hash-style=gnu", "--as-needed", "-dynamic-linker", "/lib/ld-linux-aarch64.so.1", "-X", "-EL", "-maarch64linux", "--fix-cortex-a53-843419", "-pie", "-z", "now", "-z", "relro", "-o", "/home/runner/work/_temp/build-wo"..., "/usr/lib/gcc/aarch64-linux-gnu/1"..., "/usr/lib/gcc/aarch64-linux-gnu/1"..., "/usr/lib/gcc/aarch64-linux-gnu/1"..., "-L/usr/lib/gcc/aarch64-linux-gnu"..., "-L/usr/lib/gcc/aarch64-linux-gnu"..., ...], 0xfffff4931ae0 /* 122 vars */ <unfinished ...>
9508  <... clone resumed>)              = 9509
9508  wait4(9509,  <unfinished ...>
9509  <... execve resumed>)             = 0
9509  clone3({flags=CLONE_VM|CLONE_FS|CLONE_FILES|CLONE_SIGHAND|CLONE_THREAD|CLONE_SYSVSEM|CLONE_SETTLS|CLONE_PARENT_SETTID|CLONE_CHILD_CLEARTID, child_tid=0xff15afbff050, parent_tid=0xff15afbff050, exit_signal=0, stack=0xff15abbf0000, stack_size=0x400e840, tls=0xff15afbff6c0} => {parent_tid=[9510]}, 88) = 9510
9510  clone3({flags=CLONE_VM|CLONE_FS|CLONE_FILES|CLONE_SIGHAND|CLONE_THREAD|CLONE_SYSVSEM|CLONE_SETTLS|CLONE_PARENT_SETTID|CLONE_CHILD_CLEARTID, child_tid=0xff15a3fff050, parent_tid=0xff15a3fff050, exit_signal=0, stack=0xff159fff0000, stack_size=0x400e840, tls=0xff15a3fff6c0} => {parent_tid=[9511]}, 88) = 9511
9510  clone3({flags=CLONE_VM|CLONE_FS|CLONE_FILES|CLONE_SIGHAND|CLONE_THREAD|CLONE_SYSVSEM|CLONE_SETTLS|CLONE_PARENT_SETTID|CLONE_CHILD_CLEARTID, child_tid=0xff159ffef050, parent_tid=0xff159ffef050, exit_signal=0, stack=0xff159bfe0000, stack_size=0x400e840, tls=0xff159ffef6c0} => {parent_tid=[9512]}, 88) = 9512
9510  clone3({flags=CLONE_VM|CLONE_FS|CLONE_FILES|CLONE_SIGHAND|CLONE_THREAD|CLONE_SYSVSEM|CLONE_SETTLS|CLONE_PARENT_SETTID|CLONE_CHILD_CLEARTID, child_tid=0xff1593fff050, parent_tid=0xff1593fff050, exit_signal=0, stack=0xff158fff0000, stack_size=0x400e840, tls=0xff1593fff6c0} => {parent_tid=[9513]}, 88) = 9513
9513  exit(0)                           = ?
9511  exit(0 <unfinished ...>
9510  exit(0 <unfinished ...>
9513  +++ exited with 0 +++
9511  <... exit resumed>)               = ?
9510  <... exit resumed>)               = ?
9509  exit_group(0 <unfinished ...>
9512  exit(0 <unfinished ...>
9511  +++ exited with 0 +++
9510  +++ exited with 0 +++
9509  <... exit_group resumed>)         = ?
9512  <... exit resumed>)               = ?
9512  +++ exited with 0 +++
9509  +++ exited with 0 +++
9508  <... wait4 resumed>[{WIFEXITED(s) && WEXITSTATUS(s) == 0}], 0, NULL) = 9509
9508  --- SIGCHLD {si_signo=SIGCHLD, si_code=CLD_EXITED, si_pid=9509, si_uid=1001, si_status=0, si_utime=1 /* 0.01 s */, si_stime=2 /* 0.02 s */} ---
9508  exit_group(0)                     = ?
9508  +++ exited with 0 +++
9506  <... wait4 resumed>[{WIFEXITED(s) && WEXITSTATUS(s) == 0}], 0, NULL) = 9508
9506  --- SIGCHLD {si_signo=SIGCHLD, si_code=CLD_EXITED, si_pid=9508, si_uid=1001, si_status=0, si_utime=0, si_stime=0} ---
9506  exit_group(0)                     = ?
9506  +++ exited with 0 +++
9504  <... wait4 resumed>[{WIFEXITED(s) && WEXITSTATUS(s) == 0}], 0, NULL) = 9506
9504  --- SIGCHLD {si_signo=SIGCHLD, si_code=CLD_EXITED, si_pid=9506, si_uid=1001, si_status=0, si_utime=0, si_stime=0} ---
9504  exit_group(0)                     = ?
9504  +++ exited with 0 +++
