3262  execve("/run/b4/compiler", ["/run/b4/compiler", "build", "/repo/corpus/gate6k/configured-p"..., "--output", "/run/trace/program", "--qbe", "/usr/local/bin/qbe", "--cc", "/usr/bin/cc", "--target", "linux-arm64-v0"], 0xffffe807d678 /* 6 vars */) = 0
3262  clone(child_stack=NULL, flags=CLONE_CHILD_CLEARTID|CLONE_CHILD_SETTID|SIGCHLD, child_tidptr=0xffffafe7b050) = 3263
3262  wait4(3263,  <unfinished ...>
3263  execve("/usr/local/bin/qbe", ["/usr/local/bin/qbe", "-t", "arm64", "-o", "/run/trace/program.trbn.s", "/run/trace/program.trbn.ssa"], 0xffffc5950208 /* 6 vars */) = 0
3263  exit_group(0)                     = ?
3263  +++ exited with 0 +++
3262  <... wait4 resumed>[{WIFEXITED(s) && WEXITSTATUS(s) == 0}], 0, NULL) = 3263
3262  --- SIGCHLD {si_signo=SIGCHLD, si_code=CLD_EXITED, si_pid=3263, si_uid=0, si_status=0, si_utime=0, si_stime=0} ---
3262  clone(child_stack=NULL, flags=CLONE_CHILD_CLEARTID|CLONE_CHILD_SETTID|SIGCHLD, child_tidptr=0xffffafe7b050) = 3264
3262  wait4(3264,  <unfinished ...>
3264  execve("/usr/bin/cc", ["/usr/bin/cc", "-xassembler", "/run/trace/program.trbn.s", "-Wl,--gc-sections,--strip-all", "-o", "/run/trace/program.trbn.lSAvqQ/p"...], 0xffffc5950208 /* 6 vars */) = 0
3264  clone(child_stack=0xffffd2cfcfa0, flags=CLONE_VM|CLONE_VFORK|SIGCHLD <unfinished ...>
3265  execve("/usr/local/sbin/as", ["as", "-EL", "-mabi=lp64", "-o", "/tmp/ccxTGeYj.o", "/run/trace/program.trbn.s"], 0x2cb17a70 /* 9 vars */) = -1 ENOENT (No such file or directory)
3265  execve("/usr/local/bin/as", ["as", "-EL", "-mabi=lp64", "-o", "/tmp/ccxTGeYj.o", "/run/trace/program.trbn.s"], 0x2cb17a70 /* 9 vars */) = -1 ENOENT (No such file or directory)
3265  execve("/usr/sbin/as", ["as", "-EL", "-mabi=lp64", "-o", "/tmp/ccxTGeYj.o", "/run/trace/program.trbn.s"], 0x2cb17a70 /* 9 vars */) = -1 ENOENT (No such file or directory)
3265  execve("/usr/bin/as", ["as", "-EL", "-mabi=lp64", "-o", "/tmp/ccxTGeYj.o", "/run/trace/program.trbn.s"], 0x2cb17a70 /* 9 vars */ <unfinished ...>
3264  <... clone resumed>)              = 3265
3265  <... execve resumed>)             = 0
3264  wait4(3265,  <unfinished ...>
3265  exit_group(0)                     = ?
3265  +++ exited with 0 +++
3264  <... wait4 resumed>[{WIFEXITED(s) && WEXITSTATUS(s) == 0}], 0, NULL) = 3265
3264  --- SIGCHLD {si_signo=SIGCHLD, si_code=CLD_EXITED, si_pid=3265, si_uid=0, si_status=0, si_utime=0, si_stime=0} ---
3264  clone(child_stack=0xffffd2cfc240, flags=CLONE_VM|CLONE_VFORK|SIGCHLD <unfinished ...>
3266  execve("/usr/lib/gcc/aarch64-linux-gnu/12/collect2", ["/usr/lib/gcc/aarch64-linux-gnu/1"..., "-plugin", "/usr/lib/gcc/aarch64-linux-gnu/1"..., "-plugin-opt=/usr/lib/gcc/aarch64"..., "-plugin-opt=-fresolution=/tmp/cc"..., "-plugin-opt=-pass-through=-lgcc", "-plugin-opt=-pass-through=-lgcc_"..., "-plugin-opt=-pass-through=-lc", "-plugin-opt=-pass-through=-lgcc", "-plugin-opt=-pass-through=-lgcc_"..., "--build-id", "--eh-frame-hdr", "--hash-style=gnu", "--as-needed", "-dynamic-linker", "/lib/ld-linux-aarch64.so.1", "-X", "-EL", "-maarch64linux", "--fix-cortex-a53-843419", "-pie", "-o", "/run/trace/program.trbn.lSAvqQ/p"..., "/usr/lib/gcc/aarch64-linux-gnu/1"..., "/usr/lib/gcc/aarch64-linux-gnu/1"..., "/usr/lib/gcc/aarch64-linux-gnu/1"..., "-L/usr/lib/gcc/aarch64-linux-gnu"..., "-L/usr/lib/gcc/aarch64-linux-gnu"..., "-L/usr/lib/gcc/aarch64-linux-gnu"..., "-L/lib/aarch64-linux-gnu", "-L/lib/../lib", "-L/usr/lib/aarch64-linux-gnu", ...], 0x2cb17d40 /* 11 vars */ <unfinished ...>
3264  <... clone resumed>)              = 3266
3266  <... execve resumed>)             = 0
3264  wait4(3266,  <unfinished ...>
3266  clone(child_stack=0xffffefc1e800, flags=CLONE_VM|CLONE_VFORK|SIGCHLD <unfinished ...>
3267  execve("/usr/bin/ld", ["/usr/bin/ld", "-plugin", "/usr/lib/gcc/aarch64-linux-gnu/1"..., "-plugin-opt=/usr/lib/gcc/aarch64"..., "-plugin-opt=-fresolution=/tmp/cc"..., "-plugin-opt=-pass-through=-lgcc", "-plugin-opt=-pass-through=-lgcc_"..., "-plugin-opt=-pass-through=-lc", "-plugin-opt=-pass-through=-lgcc", "-plugin-opt=-pass-through=-lgcc_"..., "--build-id", "--eh-frame-hdr", "--hash-style=gnu", "--as-needed", "-dynamic-linker", "/lib/ld-linux-aarch64.so.1", "-X", "-EL", "-maarch64linux", "--fix-cortex-a53-843419", "-pie", "-o", "/run/trace/program.trbn.lSAvqQ/p"..., "/usr/lib/gcc/aarch64-linux-gnu/1"..., "/usr/lib/gcc/aarch64-linux-gnu/1"..., "/usr/lib/gcc/aarch64-linux-gnu/1"..., "-L/usr/lib/gcc/aarch64-linux-gnu"..., "-L/usr/lib/gcc/aarch64-linux-gnu"..., "-L/usr/lib/gcc/aarch64-linux-gnu"..., "-L/lib/aarch64-linux-gnu", "-L/lib/../lib", "-L/usr/lib/aarch64-linux-gnu", ...], 0xffffefc1ee00 /* 11 vars */ <unfinished ...>
3266  <... clone resumed>)              = 3267
3267  <... execve resumed>)             = 0
3266  wait4(3267,  <unfinished ...>
3267  exit_group(0)                     = ?
3267  +++ exited with 0 +++
3266  <... wait4 resumed>[{WIFEXITED(s) && WEXITSTATUS(s) == 0}], 0, NULL) = 3267
3266  --- SIGCHLD {si_signo=SIGCHLD, si_code=CLD_EXITED, si_pid=3267, si_uid=0, si_status=0, si_utime=0, si_stime=1 /* 0.01 s */} ---
3266  exit_group(0)                     = ?
3266  +++ exited with 0 +++
3264  <... wait4 resumed>[{WIFEXITED(s) && WEXITSTATUS(s) == 0}], 0, NULL) = 3266
3264  --- SIGCHLD {si_signo=SIGCHLD, si_code=CLD_EXITED, si_pid=3266, si_uid=0, si_status=0, si_utime=0, si_stime=0} ---
3264  exit_group(0)                     = ?
3264  +++ exited with 0 +++
3262  <... wait4 resumed>[{WIFEXITED(s) && WEXITSTATUS(s) == 0}], 0, NULL) = 3264
3262  --- SIGCHLD {si_signo=SIGCHLD, si_code=CLD_EXITED, si_pid=3264, si_uid=0, si_status=0, si_utime=0, si_stime=0} ---
3262  exit_group(0)                     = ?
3262  +++ exited with 0 +++
