+ repo=/repo
+ run=/run
+ entry=/repo/compiler/gate4/src/compiler.trb
+ small_config=/repo/corpus/gate6k/configured-project/trbconfig.jsonc
+ scale_project=/run/scale-project
+ scale_config=/run/scale-project/trbconfig.jsonc
+ scale_entry=/run/scale-project/src/main.trb
+ qbe=/usr/local/bin/qbe
+ cc=/usr/bin/cc
+ uname -a
Linux 4de8cf128a71 7.0.12-linuxkit #1 SMP PREEMPT Wed Aug 12 20:18:49 UTC 2026 aarch64 GNU/Linux
+ cat /etc/os-release
PRETTY_NAME="Debian GNU/Linux 12 (bookworm)"
NAME="Debian GNU/Linux"
VERSION_ID="12"
VERSION="12 (bookworm)"
VERSION_CODENAME=bookworm
ID=debian
HOME_URL="https://www.debian.org/"
SUPPORT_URL="https://www.debian.org/support"
BUG_REPORT_URL="https://bugs.debian.org/"
+ getconf _NPROCESSORS_ONLN
10
+ getconf _PHYS_PAGES
4088336
+ getconf PAGE_SIZE
4096
+ /usr/bin/cc --version
cc (Debian 12.2.0-14+deb12u1) 12.2.0
Copyright (C) 2022 Free Software Foundation, Inc.
This is free software; see the source for copying conditions.  There is NO
warranty; not even for MERCHANTABILITY or FITNESS FOR A PARTICULAR PURPOSE.

+ /usr/local/bin/qbe -h
/usr/local/bin/qbe [OPTIONS] {file.ssa, -}
	-h          prints this help
	-o file     output to file
	-t <target> generate for a target among:
	            amd64_sysv, amd64_apple, amd64_win, arm64 (default), arm64_apple, rv64
	-d <flags>  dump debug information
+ sha256sum /usr/local/bin/qbe
7da10dfca9072976f564806c45b44c8a653d83e7e27a646ce2d3114804d2195c  /usr/local/bin/qbe
+ cp /usr/local/share/gate6d-packages.txt /run/package-inventory.txt
+ wc -l /run/package-inventory.txt
166 /run/package-inventory.txt
+ sha256sum /run/package-inventory.txt
1bd5e28921141a78d3d103f6c3e9f7b82625967866de868685526d67199f16d1  /run/package-inventory.txt
+ sha256sum /run/b1.ssa
+ cut -d   -f 1
+ test 62db3c31527a670c3050051a9fa27bf142b6c5deaab81ef8234104bd467aa95a = 62db3c31527a670c3050051a9fa27bf142b6c5deaab81ef8234104bd467aa95a
+ sha256sum /run/configured-small-darwin.ssa
+ cut -d   -f 1
+ test ccae60d4c24176880935c8f3d9afb96f7d4e4787aa0033c25a080c54ebf5f774 = ccae60d4c24176880935c8f3d9afb96f7d4e4787aa0033c25a080c54ebf5f774
+ sha256sum /run/scale-darwin.ssa
+ cut -d   -f 1
+ test 39f61f19bcd404732848604b568f4a5db3d70990ea233aaf8e337296d5d88874 = 39f61f19bcd404732848604b568f4a5db3d70990ea233aaf8e337296d5d88874
+ /usr/local/bin/qbe -t arm64 -o /run/b1.s /run/b1.ssa
+ /usr/bin/cc /run/b1.s -xassembler -Wl,--gc-sections,--strip-all -o /run/b1
+ mkdir -p /run/b2 /run/b3 /run/b4 /run/configured-small /run/configured-small-repeat /run/scale-file-root /run/scale-configured /run/scale-configured-repeat /run/probes /run/trace
+ /run/b1 check /repo/compiler/gate4/src/compiler.trb
ok
+ /run/b1 build /repo/compiler/gate4/src/compiler.trb --output /run/b2/compiler --qbe /usr/local/bin/qbe --cc /usr/bin/cc --target linux-arm64-v0
+ /run/b2/compiler check /repo/compiler/gate4/src/compiler.trb
ok
+ /run/b2/compiler build /repo/compiler/gate4/src/compiler.trb --output /run/b3/compiler --qbe /usr/local/bin/qbe --cc /usr/bin/cc --target linux-arm64-v0
+ /run/b3/compiler check /repo/compiler/gate4/src/compiler.trb
ok
+ /run/b3/compiler build /repo/compiler/gate4/src/compiler.trb --output /run/b4/compiler --qbe /usr/local/bin/qbe --cc /usr/bin/cc --target linux-arm64-v0
+ /run/b4/compiler check /repo/compiler/gate4/src/compiler.trb
ok
+ cmp /run/b1 /run/b2/compiler
+ cmp /run/b2/compiler /run/b3/compiler
+ cmp /run/b3/compiler /run/b4/compiler
+ sha256sum /run/b4/compiler
+ cut -d   -f 1
+ test 955b275e1906f498418b47eedbc8183c565283d9b58754008d8df425dc78399a = 955b275e1906f498418b47eedbc8183c565283d9b58754008d8df425dc78399a
+ /run/b4/compiler emit-qbe /repo/compiler/gate4/src/compiler.trb
+ cmp /run/b1.ssa /run/b4.ssa
+ /run/b4/compiler check /repo/corpus/gate6k/configured-project/trbconfig.jsonc
ok
+ /run/b4/compiler emit-qbe /repo/corpus/gate6k/configured-project/trbconfig.jsonc
+ cmp /run/configured-small-darwin.ssa /run/configured-small-linux.ssa
+ /run/b4/compiler build /repo/corpus/gate6k/configured-project/trbconfig.jsonc --output /run/configured-small/program --qbe /usr/local/bin/qbe --cc /usr/bin/cc --target linux-arm64-v0
+ /run/b4/compiler build /repo/corpus/gate6k/configured-project/trbconfig.jsonc --output /run/configured-small-repeat/program --qbe /usr/local/bin/qbe --cc /usr/bin/cc --target linux-arm64-v0
+ cmp /run/configured-small/program /run/configured-small-repeat/program
+ sha256sum /run/configured-small/program
+ cut -d   -f 1
+ test 24b5b7a2c532c6c17e3137dfbde232c1d5bdb0d1bb806baeeb0a819e0cae11d1 = 24b5b7a2c532c6c17e3137dfbde232c1d5bdb0d1bb806baeeb0a819e0cae11d1
+ /run/configured-small/program
+ cat /run/configured-small.stdout
+ test configured-project-ok = configured-project-ok
+ mkdir -p /run/scale-project/src
+ cp /repo/corpus/gate6k/configured-project/trbconfig.jsonc /run/scale-project/trbconfig.jsonc
+ cp /repo/corpus/gate6k/configured-project/go.mod /run/scale-project/go.mod
+ :
+ set +x
+ find /run/scale-project/src -type f -name *.trb
+ wc -l
+ tr -d  
+ test 1025 = 1025
+ sha256sum /run/scale-project.manifest
+ cut -d   -f 1
+ test db438159189ba944283d8a92a09a1176020522c67d2551065c4010c50858f16b = db438159189ba944283d8a92a09a1176020522c67d2551065c4010c50858f16b
+ /run/b4/compiler check /run/scale-project/src/main.trb
ok
+ /run/b4/compiler check /run/scale-project/trbconfig.jsonc
ok
+ /run/b4/compiler emit-qbe /run/scale-project/src/main.trb
+ /run/b4/compiler emit-qbe /run/scale-project/trbconfig.jsonc
+ cmp /run/scale-file-root-linux.ssa /run/scale-configured-linux.ssa
+ cmp /run/scale-darwin.ssa /run/scale-configured-linux.ssa
+ /run/b4/compiler build /run/scale-project/src/main.trb --output /run/scale-file-root/program --qbe /usr/local/bin/qbe --cc /usr/bin/cc --target linux-arm64-v0
+ /run/b4/compiler build /run/scale-project/trbconfig.jsonc --output /run/scale-configured/program --qbe /usr/local/bin/qbe --cc /usr/bin/cc --target linux-arm64-v0
+ /run/b4/compiler build /run/scale-project/trbconfig.jsonc --output /run/scale-configured-repeat/program --qbe /usr/local/bin/qbe --cc /usr/bin/cc --target linux-arm64-v0
+ cmp /run/scale-file-root/program /run/scale-configured/program
+ cmp /run/scale-configured/program /run/scale-configured-repeat/program
+ sha256sum /run/scale-configured/program
+ cut -d   -f 1
+ test 79c27953c1bce1c9523cf491003ca39536559c5ec81fca186943c10ccfd9e9ce = 79c27953c1bce1c9523cf491003ca39536559c5ec81fca186943c10ccfd9e9ce
+ /run/scale-configured/program
+ cat /run/scale-configured.stdout
+ test module-scale-ok = module-scale-ok
+ config_probe=/run/probes/configuration
+ write_valid_project /run/probes/configuration
+ project=/run/probes/configuration
+ mkdir -p /run/probes/configuration/src
+ cat
+ cat
+ cat
+ expect_failure configuration unsupported project configuration field packages /run/b4/compiler check /run/probes/configuration/trbconfig.jsonc
+ label=configuration
+ needle=unsupported project configuration field packages
+ shift 2
+ first_stdout=/run/probes/configuration.first.stdout
+ first_stderr=/run/probes/configuration.first.stderr
+ second_stdout=/run/probes/configuration.second.stdout
+ second_stderr=/run/probes/configuration.second.stderr
+ set +e
+ /run/b4/compiler check /run/probes/configuration/trbconfig.jsonc
+ first_status=1
+ /run/b4/compiler check /run/probes/configuration/trbconfig.jsonc
+ second_status=1
+ set -e
+ test 1 -ne 0
+ test 1 = 1
+ cmp /run/probes/configuration.first.stdout /run/probes/configuration.second.stdout
+ cmp /run/probes/configuration.first.stderr /run/probes/configuration.second.stderr
+ test -n unsupported project configuration field packages
+ grep -F unsupported project configuration field packages /run/probes/configuration.first.stdout /run/probes/configuration.first.stderr
+ printf %s status=%s\n configuration 1
+ collection_probe=/run/probes/collection
+ write_valid_project /run/probes/collection
+ project=/run/probes/collection
+ mkdir -p /run/probes/collection/src
+ cat
+ cat
+ ln -s /run/probes/collection/src/main.trb /run/probes/collection/src/linked.trb
+ expect_failure collection cannot collect project source /run/b4/compiler check /run/probes/collection/trbconfig.jsonc
+ label=collection
+ needle=cannot collect project source
+ shift 2
+ first_stdout=/run/probes/collection.first.stdout
+ first_stderr=/run/probes/collection.first.stderr
+ second_stdout=/run/probes/collection.second.stdout
+ second_stderr=/run/probes/collection.second.stderr
+ set +e
+ /run/b4/compiler check /run/probes/collection/trbconfig.jsonc
+ first_status=1
+ /run/b4/compiler check /run/probes/collection/trbconfig.jsonc
+ second_status=1
+ set -e
+ test 1 -ne 0
+ test 1 = 1
+ cmp /run/probes/collection.first.stdout /run/probes/collection.second.stdout
+ cmp /run/probes/collection.first.stderr /run/probes/collection.second.stderr
+ test -n cannot collect project source
+ grep -F cannot collect project source /run/probes/collection.first.stdout /run/probes/collection.first.stderr
+ printf %s status=%s\n collection 1
+ entrypoint_probe=/run/probes/entrypoint
+ write_valid_project /run/probes/entrypoint
+ project=/run/probes/entrypoint
+ mkdir -p /run/probes/entrypoint/src
+ cat
+ cat
+ cat
+ expect_failure entrypoint project must declare exactly one top-level main function /run/b4/compiler check /run/probes/entrypoint/trbconfig.jsonc
+ label=entrypoint
+ needle=project must declare exactly one top-level main function
+ shift 2
+ first_stdout=/run/probes/entrypoint.first.stdout
+ first_stderr=/run/probes/entrypoint.first.stderr
+ second_stdout=/run/probes/entrypoint.second.stdout
+ second_stderr=/run/probes/entrypoint.second.stderr
+ set +e
+ /run/b4/compiler check /run/probes/entrypoint/trbconfig.jsonc
+ first_status=1
+ /run/b4/compiler check /run/probes/entrypoint/trbconfig.jsonc
+ second_status=1
+ set -e
+ test 1 -ne 0
+ test 1 = 1
+ cmp /run/probes/entrypoint.first.stdout /run/probes/entrypoint.second.stdout
+ cmp /run/probes/entrypoint.first.stderr /run/probes/entrypoint.second.stderr
+ test -n project must declare exactly one top-level main function
+ grep -F project must declare exactly one top-level main function /run/probes/entrypoint.first.stdout /run/probes/entrypoint.first.stderr
+ printf %s status=%s\n entrypoint 1
+ cycle_probe=/run/probes/cycle
+ write_valid_project /run/probes/cycle
+ project=/run/probes/cycle
+ mkdir -p /run/probes/cycle/src
+ cat
+ cat
+ cat
+ cat
+ cat
+ expect_failure cycle import cycle through /run/b4/compiler check /run/probes/cycle/trbconfig.jsonc
+ label=cycle
+ needle=import cycle through
+ shift 2
+ first_stdout=/run/probes/cycle.first.stdout
+ first_stderr=/run/probes/cycle.first.stderr
+ second_stdout=/run/probes/cycle.second.stdout
+ second_stderr=/run/probes/cycle.second.stderr
+ set +e
+ /run/b4/compiler check /run/probes/cycle/trbconfig.jsonc
+ first_status=1
+ /run/b4/compiler check /run/probes/cycle/trbconfig.jsonc
+ second_status=1
+ set -e
+ test 1 -ne 0
+ test 1 = 1
+ cmp /run/probes/cycle.first.stdout /run/probes/cycle.second.stdout
+ cmp /run/probes/cycle.first.stderr /run/probes/cycle.second.stderr
+ test -n import cycle through
+ grep -F import cycle through /run/probes/cycle.first.stdout /run/probes/cycle.first.stderr
+ printf %s status=%s\n cycle 1
+ tool_marker=/run/probes/tool-launched
+ probe_tool=/run/probes/probe-tool
+ cat
+ chmod 755 /run/probes/probe-tool
+ printf preserve-compiler\n
+ expect_failure tool-suppression project must declare exactly one top-level main function /run/b4/compiler build /run/probes/entrypoint/trbconfig.jsonc --output /run/probes/compiler-output --qbe /run/probes/probe-tool --cc /run/probes/probe-tool --target linux-arm64-v0
+ label=tool-suppression
+ needle=project must declare exactly one top-level main function
+ shift 2
+ first_stdout=/run/probes/tool-suppression.first.stdout
+ first_stderr=/run/probes/tool-suppression.first.stderr
+ second_stdout=/run/probes/tool-suppression.second.stdout
+ second_stderr=/run/probes/tool-suppression.second.stderr
+ set +e
+ /run/b4/compiler build /run/probes/entrypoint/trbconfig.jsonc --output /run/probes/compiler-output --qbe /run/probes/probe-tool --cc /run/probes/probe-tool --target linux-arm64-v0
+ first_status=1
+ /run/b4/compiler build /run/probes/entrypoint/trbconfig.jsonc --output /run/probes/compiler-output --qbe /run/probes/probe-tool --cc /run/probes/probe-tool --target linux-arm64-v0
+ second_status=1
+ set -e
+ test 1 -ne 0
+ test 1 = 1
+ cmp /run/probes/tool-suppression.first.stdout /run/probes/tool-suppression.second.stdout
+ cmp /run/probes/tool-suppression.first.stderr /run/probes/tool-suppression.second.stderr
+ test -n project must declare exactly one top-level main function
+ grep -F project must declare exactly one top-level main function /run/probes/tool-suppression.first.stdout /run/probes/tool-suppression.first.stderr
+ printf %s status=%s\n tool-suppression 1
+ test ! -e /run/probes/tool-launched
+ cat /run/probes/compiler-output
+ test preserve-compiler = preserve-compiler
+ printf preserve-qbe\n
+ expect_failure qbe-cleanup  /run/b4/compiler build /repo/corpus/gate6k/configured-project/trbconfig.jsonc --output /run/probes/qbe-output --qbe /usr/bin/false --cc /usr/bin/cc --target linux-arm64-v0
+ label=qbe-cleanup
+ needle=
+ shift 2
+ first_stdout=/run/probes/qbe-cleanup.first.stdout
+ first_stderr=/run/probes/qbe-cleanup.first.stderr
+ second_stdout=/run/probes/qbe-cleanup.second.stdout
+ second_stderr=/run/probes/qbe-cleanup.second.stderr
+ set +e
+ /run/b4/compiler build /repo/corpus/gate6k/configured-project/trbconfig.jsonc --output /run/probes/qbe-output --qbe /usr/bin/false --cc /usr/bin/cc --target linux-arm64-v0
+ first_status=70
+ /run/b4/compiler build /repo/corpus/gate6k/configured-project/trbconfig.jsonc --output /run/probes/qbe-output --qbe /usr/bin/false --cc /usr/bin/cc --target linux-arm64-v0
+ second_status=70
+ set -e
+ test 70 -ne 0
+ test 70 = 70
+ cmp /run/probes/qbe-cleanup.first.stdout /run/probes/qbe-cleanup.second.stdout
+ cmp /run/probes/qbe-cleanup.first.stderr /run/probes/qbe-cleanup.second.stderr
+ test -n 
+ printf %s status=%s\n qbe-cleanup 70
+ cat /run/probes/qbe-output
+ test preserve-qbe = preserve-qbe
+ printf preserve-cc\n
+ expect_failure cc-cleanup  /run/b4/compiler build /repo/corpus/gate6k/configured-project/trbconfig.jsonc --output /run/probes/cc-output --qbe /usr/local/bin/qbe --cc /usr/bin/false --target linux-arm64-v0
+ label=cc-cleanup
+ needle=
+ shift 2
+ first_stdout=/run/probes/cc-cleanup.first.stdout
+ first_stderr=/run/probes/cc-cleanup.first.stderr
+ second_stdout=/run/probes/cc-cleanup.second.stdout
+ second_stderr=/run/probes/cc-cleanup.second.stderr
+ set +e
+ /run/b4/compiler build /repo/corpus/gate6k/configured-project/trbconfig.jsonc --output /run/probes/cc-output --qbe /usr/local/bin/qbe --cc /usr/bin/false --target linux-arm64-v0
+ first_status=70
+ /run/b4/compiler build /repo/corpus/gate6k/configured-project/trbconfig.jsonc --output /run/probes/cc-output --qbe /usr/local/bin/qbe --cc /usr/bin/false --target linux-arm64-v0
+ second_status=70
+ set -e
+ test 70 -ne 0
+ test 70 = 70
+ cmp /run/probes/cc-cleanup.first.stdout /run/probes/cc-cleanup.second.stdout
+ cmp /run/probes/cc-cleanup.first.stderr /run/probes/cc-cleanup.second.stderr
+ test -n 
+ printf %s status=%s\n cc-cleanup 70
+ cat /run/probes/cc-output
+ test preserve-cc = preserve-cc
+ /usr/bin/strace -f -e trace=process -o /run/process.trace /run/b4/compiler build /repo/corpus/gate6k/configured-project/trbconfig.jsonc --output /run/trace/program --qbe /usr/local/bin/qbe --cc /usr/bin/cc --target linux-arm64-v0
+ cmp /run/configured-small/program /run/trace/program
+ grep -E execve|clone|vfork|wait /run/process.trace
+ find /run -name *.trbn.* -print
+ test ! -s /run/intermediates.txt
+ stat -c %s %n /run/b1.ssa /run/b1.s /run/b1 /run/b2/compiler /run/b3/compiler /run/b4/compiler /run/configured-small-darwin.ssa /run/configured-small-linux.ssa /run/configured-small/program /run/scale-darwin.ssa /run/scale-file-root-linux.ssa /run/scale-configured-linux.ssa /run/scale-file-root/program /run/scale-configured/program
658639 /run/b1.ssa
1037282 /run/b1.s
241832 /run/b1
241832 /run/b2/compiler
241832 /run/b3/compiler
241832 /run/b4/compiler
15995 /run/configured-small-darwin.ssa
15995 /run/configured-small-linux.ssa
68568 /run/configured-small/program
124139 /run/scale-darwin.ssa
124139 /run/scale-file-root-linux.ssa
124139 /run/scale-configured-linux.ssa
68560 /run/scale-file-root/program
68560 /run/scale-configured/program
+ sha256sum /repo/compiler/gate4/src/compiler.trb /repo/compiler/gate4/src/storage.trb /repo/compiler/gate4/src/path.trb /repo/corpus/gate6k/configured-project/trbconfig.jsonc /run/scale-project.manifest
536dde374815c7c01796be00d445b97591afdadd8cda1a3ca1a6dd4e80a3cdb6  /repo/compiler/gate4/src/compiler.trb
d4c77fec9e5c5e8580cb0b5ee71fbd2c9c714555cbd4fd1457fcd44cc6db1f9d  /repo/compiler/gate4/src/storage.trb
6347003851071b73cb8dbf38622fcc7cf3be6abf81ea253b9aad081fb057510a  /repo/compiler/gate4/src/path.trb
4ac3c76411dc5ed9a8786b267d734d6744301d56dd4617ba1c4799f419444806  /repo/corpus/gate6k/configured-project/trbconfig.jsonc
db438159189ba944283d8a92a09a1176020522c67d2551065c4010c50858f16b  /run/scale-project.manifest
+ sha256sum /run/b1.ssa /run/b1.s /run/b1 /run/b2/compiler /run/b3/compiler /run/b4/compiler /run/configured-small-darwin.ssa /run/configured-small-linux.ssa /run/configured-small/program /run/scale-darwin.ssa /run/scale-file-root-linux.ssa /run/scale-configured-linux.ssa /run/scale-file-root/program /run/scale-configured/program
62db3c31527a670c3050051a9fa27bf142b6c5deaab81ef8234104bd467aa95a  /run/b1.ssa
78716a94c0c65e03ae03fb5a650290bc3238818c3a26d5b14456622d88f0feca  /run/b1.s
955b275e1906f498418b47eedbc8183c565283d9b58754008d8df425dc78399a  /run/b1
955b275e1906f498418b47eedbc8183c565283d9b58754008d8df425dc78399a  /run/b2/compiler
955b275e1906f498418b47eedbc8183c565283d9b58754008d8df425dc78399a  /run/b3/compiler
955b275e1906f498418b47eedbc8183c565283d9b58754008d8df425dc78399a  /run/b4/compiler
ccae60d4c24176880935c8f3d9afb96f7d4e4787aa0033c25a080c54ebf5f774  /run/configured-small-darwin.ssa
ccae60d4c24176880935c8f3d9afb96f7d4e4787aa0033c25a080c54ebf5f774  /run/configured-small-linux.ssa
24b5b7a2c532c6c17e3137dfbde232c1d5bdb0d1bb806baeeb0a819e0cae11d1  /run/configured-small/program
39f61f19bcd404732848604b568f4a5db3d70990ea233aaf8e337296d5d88874  /run/scale-darwin.ssa
39f61f19bcd404732848604b568f4a5db3d70990ea233aaf8e337296d5d88874  /run/scale-file-root-linux.ssa
39f61f19bcd404732848604b568f4a5db3d70990ea233aaf8e337296d5d88874  /run/scale-configured-linux.ssa
79c27953c1bce1c9523cf491003ca39536559c5ec81fca186943c10ccfd9e9ce  /run/scale-file-root/program
79c27953c1bce1c9523cf491003ca39536559c5ec81fca186943c10ccfd9e9ce  /run/scale-configured/program
+ file /run/b1 /run/b2/compiler /run/b3/compiler /run/b4/compiler /run/configured-small/program /run/scale-configured/program
/run/b1:                       ELF 64-bit LSB pie executable, ARM aarch64, version 1 (SYSV), dynamically linked, interpreter /lib/ld-linux-aarch64.so.1, BuildID[sha1]=3287f6eb3dcd5f0d80949699cee55257cbddf96f, for GNU/Linux 3.7.0, stripped
/run/b2/compiler:              ELF 64-bit LSB pie executable, ARM aarch64, version 1 (SYSV), dynamically linked, interpreter /lib/ld-linux-aarch64.so.1, BuildID[sha1]=3287f6eb3dcd5f0d80949699cee55257cbddf96f, for GNU/Linux 3.7.0, stripped
/run/b3/compiler:              ELF 64-bit LSB pie executable, ARM aarch64, version 1 (SYSV), dynamically linked, interpreter /lib/ld-linux-aarch64.so.1, BuildID[sha1]=3287f6eb3dcd5f0d80949699cee55257cbddf96f, for GNU/Linux 3.7.0, stripped
/run/b4/compiler:              ELF 64-bit LSB pie executable, ARM aarch64, version 1 (SYSV), dynamically linked, interpreter /lib/ld-linux-aarch64.so.1, BuildID[sha1]=3287f6eb3dcd5f0d80949699cee55257cbddf96f, for GNU/Linux 3.7.0, stripped
/run/configured-small/program: ELF 64-bit LSB pie executable, ARM aarch64, version 1 (SYSV), dynamically linked, interpreter /lib/ld-linux-aarch64.so.1, BuildID[sha1]=8cc10c0523722e31b3a43952e5fc7bb4df71cd7e, for GNU/Linux 3.7.0, stripped
/run/scale-configured/program: ELF 64-bit LSB pie executable, ARM aarch64, version 1 (SYSV), dynamically linked, interpreter /lib/ld-linux-aarch64.so.1, BuildID[sha1]=995e94da2047946bbf77b0fd6912dd7127dc8728, for GNU/Linux 3.7.0, stripped
+ readelf -l /run/b4/compiler

Elf file type is DYN (Position-Independent Executable file)
Entry point 0xec0
There are 9 program headers, starting at offset 64

Program Headers:
  Type           Offset             VirtAddr           PhysAddr
                 FileSiz            MemSiz              Flags  Align
  PHDR           0x0000000000000040 0x0000000000000040 0x0000000000000040
                 0x00000000000001f8 0x00000000000001f8  R      0x8
  INTERP         0x0000000000000238 0x0000000000000238 0x0000000000000238
                 0x000000000000001b 0x000000000000001b  R      0x1
      [Requesting program interpreter: /lib/ld-linux-aarch64.so.1]
  LOAD           0x0000000000000000 0x0000000000000000 0x0000000000000000
                 0x0000000000028ff4 0x0000000000028ff4  R E    0x10000
  LOAD           0x000000000002fdc8 0x000000000003fdc8 0x000000000003fdc8
                 0x000000000000ab48 0x000000000000b350  RW     0x10000
  DYNAMIC        0x000000000002fdd8 0x000000000003fdd8 0x000000000003fdd8
                 0x00000000000001e0 0x00000000000001e0  RW     0x8
  NOTE           0x0000000000000254 0x0000000000000254 0x0000000000000254
                 0x0000000000000044 0x0000000000000044  R      0x4
  GNU_EH_FRAME   0x0000000000028f30 0x0000000000028f30 0x0000000000028f30
                 0x0000000000000034 0x0000000000000034  R      0x4
  GNU_STACK      0x0000000000000000 0x0000000000000000 0x0000000000000000
                 0x0000000000000000 0x0000000000000000  RW     0x10
  GNU_RELRO      0x000000000002fdc8 0x000000000003fdc8 0x000000000003fdc8
                 0x0000000000000238 0x0000000000000238  R      0x1

 Section to Segment mapping:
  Segment Sections...
   00     
   01     .interp 
   02     .interp .note.gnu.build-id .note.ABI-tag .gnu.hash .dynsym .dynstr .gnu.version .gnu.version_r .rela.dyn .rela.plt .init .plt .text .fini .eh_frame_hdr .eh_frame 
   03     .init_array .fini_array .dynamic .got .got.plt .data .bss 
   04     .dynamic 
   05     .note.gnu.build-id .note.ABI-tag 
   06     .eh_frame_hdr 
   07     
   08     .init_array .fini_array .dynamic .got 
+ readelf -d /run/b4/compiler

Dynamic section at offset 0x2fdd8 contains 26 entries:
  Tag        Type                         Name/Value
 0x0000000000000001 (NEEDED)             Shared library: [libc.so.6]
 0x000000000000000c (INIT)               0xc50
 0x000000000000000d (FINI)               0x28f1c
 0x0000000000000019 (INIT_ARRAY)         0x3fdc8
 0x000000000000001b (INIT_ARRAYSZ)       8 (bytes)
 0x000000000000001a (FINI_ARRAY)         0x3fdd0
 0x000000000000001c (FINI_ARRAYSZ)       8 (bytes)
 0x000000006ffffef5 (GNU_HASH)           0x298
 0x0000000000000005 (STRTAB)             0x660
 0x0000000000000006 (SYMTAB)             0x2b8
 0x000000000000000a (STRSZ)              334 (bytes)
 0x000000000000000b (SYMENT)             24 (bytes)
 0x0000000000000015 (DEBUG)              0x0
 0x0000000000000003 (PLTGOT)             0x3ffe8
 0x0000000000000002 (PLTRELSZ)           816 (bytes)
 0x0000000000000014 (PLTREL)             RELA
 0x0000000000000017 (JMPREL)             0x920
 0x0000000000000007 (RELA)               0x830
 0x0000000000000008 (RELASZ)             240 (bytes)
 0x0000000000000009 (RELAENT)            24 (bytes)
 0x000000006ffffffb (FLAGS_1)            Flags: PIE
 0x000000006ffffffe (VERNEED)            0x800
 0x000000006fffffff (VERNEEDNUM)         1
 0x000000006ffffff0 (VERSYM)             0x7ae
 0x000000006ffffff9 (RELACOUNT)          6
 0x0000000000000000 (NULL)               0x0
+ readelf -l /run/configured-small/program

Elf file type is DYN (Position-Independent Executable file)
Entry point 0xbc0
There are 9 program headers, starting at offset 64

Program Headers:
  Type           Offset             VirtAddr           PhysAddr
                 FileSiz            MemSiz              Flags  Align
  PHDR           0x0000000000000040 0x0000000000000040 0x0000000000000040
                 0x00000000000001f8 0x00000000000001f8  R      0x8
  INTERP         0x0000000000000238 0x0000000000000238 0x0000000000000238
                 0x000000000000001b 0x000000000000001b  R      0x1
      [Requesting program interpreter: /lib/ld-linux-aarch64.so.1]
  LOAD           0x0000000000000000 0x0000000000000000 0x0000000000000000
                 0x0000000000001c64 0x0000000000001c64  R E    0x10000
  LOAD           0x000000000000fdc8 0x000000000001fdc8 0x000000000001fdc8
                 0x0000000000000678 0x0000000000000e80  RW     0x10000
  DYNAMIC        0x000000000000fdd8 0x000000000001fdd8 0x000000000001fdd8
                 0x00000000000001e0 0x00000000000001e0  RW     0x8
  NOTE           0x0000000000000254 0x0000000000000254 0x0000000000000254
                 0x0000000000000044 0x0000000000000044  R      0x4
  GNU_EH_FRAME   0x0000000000001ba0 0x0000000000001ba0 0x0000000000001ba0
                 0x0000000000000034 0x0000000000000034  R      0x4
  GNU_STACK      0x0000000000000000 0x0000000000000000 0x0000000000000000
                 0x0000000000000000 0x0000000000000000  RW     0x10
  GNU_RELRO      0x000000000000fdc8 0x000000000001fdc8 0x000000000001fdc8
                 0x0000000000000238 0x0000000000000238  R      0x1

 Section to Segment mapping:
  Segment Sections...
   00     
   01     .interp 
   02     .interp .note.gnu.build-id .note.ABI-tag .gnu.hash .dynsym .dynstr .gnu.version .gnu.version_r .rela.dyn .rela.plt .init .plt .text .fini .eh_frame_hdr .eh_frame 
   03     .init_array .fini_array .dynamic .got .got.plt .data .bss 
   04     .dynamic 
   05     .note.gnu.build-id .note.ABI-tag 
   06     .eh_frame_hdr 
   07     
   08     .init_array .fini_array .dynamic .got 
+ readelf -d /run/configured-small/program

Dynamic section at offset 0xfdd8 contains 26 entries:
  Tag        Type                         Name/Value
 0x0000000000000001 (NEEDED)             Shared library: [libc.so.6]
 0x000000000000000c (INIT)               0x9e8
 0x000000000000000d (FINI)               0x1b8c
 0x0000000000000019 (INIT_ARRAY)         0x1fdc8
 0x000000000000001b (INIT_ARRAYSZ)       8 (bytes)
 0x000000000000001a (FINI_ARRAY)         0x1fdd0
 0x000000000000001c (FINI_ARRAYSZ)       8 (bytes)
 0x000000006ffffef5 (GNU_HASH)           0x298
 0x0000000000000005 (STRTAB)             0x558
 0x0000000000000006 (SYMTAB)             0x2b8
 0x000000000000000a (STRSZ)              266 (bytes)
 0x000000000000000b (SYMENT)             24 (bytes)
 0x0000000000000015 (DEBUG)              0x0
 0x0000000000000003 (PLTGOT)             0x1ffe8
 0x0000000000000002 (PLTRELSZ)           552 (bytes)
 0x0000000000000014 (PLTREL)             RELA
 0x0000000000000017 (JMPREL)             0x7c0
 0x0000000000000007 (RELA)               0x6d0
 0x0000000000000008 (RELASZ)             240 (bytes)
 0x0000000000000009 (RELAENT)            24 (bytes)
 0x000000006ffffffb (FLAGS_1)            Flags: PIE
 0x000000006ffffffe (VERNEED)            0x6a0
 0x000000006fffffff (VERNEEDNUM)         1
 0x000000006ffffff0 (VERSYM)             0x662
 0x000000006ffffff9 (RELACOUNT)          6
 0x0000000000000000 (NULL)               0x0
+ readelf -l /run/scale-configured/program

Elf file type is DYN (Position-Independent Executable file)
Entry point 0xbc0
There are 9 program headers, starting at offset 64

Program Headers:
  Type           Offset             VirtAddr           PhysAddr
                 FileSiz            MemSiz              Flags  Align
  PHDR           0x0000000000000040 0x0000000000000040 0x0000000000000040
                 0x00000000000001f8 0x00000000000001f8  R      0x8
  INTERP         0x0000000000000238 0x0000000000000238 0x0000000000000238
                 0x000000000000001b 0x000000000000001b  R      0x1
      [Requesting program interpreter: /lib/ld-linux-aarch64.so.1]
  LOAD           0x0000000000000000 0x0000000000000000 0x0000000000000000
                 0x0000000000009c04 0x0000000000009c04  R E    0x10000
  LOAD           0x000000000000fdc8 0x000000000001fdc8 0x000000000001fdc8
                 0x0000000000000670 0x0000000000000e78  RW     0x10000
  DYNAMIC        0x000000000000fdd8 0x000000000001fdd8 0x000000000001fdd8
                 0x00000000000001e0 0x00000000000001e0  RW     0x8
  NOTE           0x0000000000000254 0x0000000000000254 0x0000000000000254
                 0x0000000000000044 0x0000000000000044  R      0x4
  GNU_EH_FRAME   0x0000000000009b40 0x0000000000009b40 0x0000000000009b40
                 0x0000000000000034 0x0000000000000034  R      0x4
  GNU_STACK      0x0000000000000000 0x0000000000000000 0x0000000000000000
                 0x0000000000000000 0x0000000000000000  RW     0x10
  GNU_RELRO      0x000000000000fdc8 0x000000000001fdc8 0x000000000001fdc8
                 0x0000000000000238 0x0000000000000238  R      0x1

 Section to Segment mapping:
  Segment Sections...
   00     
   01     .interp 
   02     .interp .note.gnu.build-id .note.ABI-tag .gnu.hash .dynsym .dynstr .gnu.version .gnu.version_r .rela.dyn .rela.plt .init .plt .text .fini .eh_frame_hdr .eh_frame 
   03     .init_array .fini_array .dynamic .got .got.plt .data .bss 
   04     .dynamic 
   05     .note.gnu.build-id .note.ABI-tag 
   06     .eh_frame_hdr 
   07     
   08     .init_array .fini_array .dynamic .got 
+ readelf -d /run/scale-configured/program

Dynamic section at offset 0xfdd8 contains 26 entries:
  Tag        Type                         Name/Value
 0x0000000000000001 (NEEDED)             Shared library: [libc.so.6]
 0x000000000000000c (INIT)               0x9e8
 0x000000000000000d (FINI)               0x9b2c
 0x0000000000000019 (INIT_ARRAY)         0x1fdc8
 0x000000000000001b (INIT_ARRAYSZ)       8 (bytes)
 0x000000000000001a (FINI_ARRAY)         0x1fdd0
 0x000000000000001c (FINI_ARRAYSZ)       8 (bytes)
 0x000000006ffffef5 (GNU_HASH)           0x298
 0x0000000000000005 (STRTAB)             0x558
 0x0000000000000006 (SYMTAB)             0x2b8
 0x000000000000000a (STRSZ)              266 (bytes)
 0x000000000000000b (SYMENT)             24 (bytes)
 0x0000000000000015 (DEBUG)              0x0
 0x0000000000000003 (PLTGOT)             0x1ffe8
 0x0000000000000002 (PLTRELSZ)           552 (bytes)
 0x0000000000000014 (PLTREL)             RELA
 0x0000000000000017 (JMPREL)             0x7c0
 0x0000000000000007 (RELA)               0x6d0
 0x0000000000000008 (RELASZ)             240 (bytes)
 0x0000000000000009 (RELAENT)            24 (bytes)
 0x000000006ffffffb (FLAGS_1)            Flags: PIE
 0x000000006ffffffe (VERNEED)            0x6a0
 0x000000006fffffff (VERNEEDNUM)         1
 0x000000006ffffff0 (VERSYM)             0x662
 0x000000006ffffff9 (RELACOUNT)          6
 0x0000000000000000 (NULL)               0x0
+ cat /run/configured-small.stdout
configured-project-ok
+ cat /run/scale-configured.stdout
module-scale-ok
+ cat /run/negative-statuses.txt
configuration status=1
collection status=1
entrypoint status=1
cycle status=1
tool-suppression status=1
qbe-cleanup status=70
cc-cleanup status=70
+ cat /run/process-summary.txt
3262  execve("/run/b4/compiler", ["/run/b4/compiler", "build", "/repo/corpus/gate6k/configured-p"..., "--output", "/run/trace/program", "--qbe", "/usr/local/bin/qbe", "--cc", "/usr/bin/cc", "--target", "linux-arm64-v0"], 0xffffe807d678 /* 6 vars */) = 0
3262  clone(child_stack=NULL, flags=CLONE_CHILD_CLEARTID|CLONE_CHILD_SETTID|SIGCHLD, child_tidptr=0xffffafe7b050) = 3263
3262  wait4(3263,  <unfinished ...>
3263  execve("/usr/local/bin/qbe", ["/usr/local/bin/qbe", "-t", "arm64", "-o", "/run/trace/program.trbn.s", "/run/trace/program.trbn.ssa"], 0xffffc5950208 /* 6 vars */) = 0
3262  <... wait4 resumed>[{WIFEXITED(s) && WEXITSTATUS(s) == 0}], 0, NULL) = 3263
3262  clone(child_stack=NULL, flags=CLONE_CHILD_CLEARTID|CLONE_CHILD_SETTID|SIGCHLD, child_tidptr=0xffffafe7b050) = 3264
3262  wait4(3264,  <unfinished ...>
3264  execve("/usr/bin/cc", ["/usr/bin/cc", "-xassembler", "/run/trace/program.trbn.s", "-Wl,--gc-sections,--strip-all", "-o", "/run/trace/program.trbn.lSAvqQ/p"...], 0xffffc5950208 /* 6 vars */) = 0
3264  clone(child_stack=0xffffd2cfcfa0, flags=CLONE_VM|CLONE_VFORK|SIGCHLD <unfinished ...>
3265  execve("/usr/local/sbin/as", ["as", "-EL", "-mabi=lp64", "-o", "/tmp/ccxTGeYj.o", "/run/trace/program.trbn.s"], 0x2cb17a70 /* 9 vars */) = -1 ENOENT (No such file or directory)
3265  execve("/usr/local/bin/as", ["as", "-EL", "-mabi=lp64", "-o", "/tmp/ccxTGeYj.o", "/run/trace/program.trbn.s"], 0x2cb17a70 /* 9 vars */) = -1 ENOENT (No such file or directory)
3265  execve("/usr/sbin/as", ["as", "-EL", "-mabi=lp64", "-o", "/tmp/ccxTGeYj.o", "/run/trace/program.trbn.s"], 0x2cb17a70 /* 9 vars */) = -1 ENOENT (No such file or directory)
3265  execve("/usr/bin/as", ["as", "-EL", "-mabi=lp64", "-o", "/tmp/ccxTGeYj.o", "/run/trace/program.trbn.s"], 0x2cb17a70 /* 9 vars */ <unfinished ...>
3264  <... clone resumed>)              = 3265
3265  <... execve resumed>)             = 0
3264  wait4(3265,  <unfinished ...>
3264  <... wait4 resumed>[{WIFEXITED(s) && WEXITSTATUS(s) == 0}], 0, NULL) = 3265
3264  clone(child_stack=0xffffd2cfc240, flags=CLONE_VM|CLONE_VFORK|SIGCHLD <unfinished ...>
3266  execve("/usr/lib/gcc/aarch64-linux-gnu/12/collect2", ["/usr/lib/gcc/aarch64-linux-gnu/1"..., "-plugin", "/usr/lib/gcc/aarch64-linux-gnu/1"..., "-plugin-opt=/usr/lib/gcc/aarch64"..., "-plugin-opt=-fresolution=/tmp/cc"..., "-plugin-opt=-pass-through=-lgcc", "-plugin-opt=-pass-through=-lgcc_"..., "-plugin-opt=-pass-through=-lc", "-plugin-opt=-pass-through=-lgcc", "-plugin-opt=-pass-through=-lgcc_"..., "--build-id", "--eh-frame-hdr", "--hash-style=gnu", "--as-needed", "-dynamic-linker", "/lib/ld-linux-aarch64.so.1", "-X", "-EL", "-maarch64linux", "--fix-cortex-a53-843419", "-pie", "-o", "/run/trace/program.trbn.lSAvqQ/p"..., "/usr/lib/gcc/aarch64-linux-gnu/1"..., "/usr/lib/gcc/aarch64-linux-gnu/1"..., "/usr/lib/gcc/aarch64-linux-gnu/1"..., "-L/usr/lib/gcc/aarch64-linux-gnu"..., "-L/usr/lib/gcc/aarch64-linux-gnu"..., "-L/usr/lib/gcc/aarch64-linux-gnu"..., "-L/lib/aarch64-linux-gnu", "-L/lib/../lib", "-L/usr/lib/aarch64-linux-gnu", ...], 0x2cb17d40 /* 11 vars */ <unfinished ...>
3264  <... clone resumed>)              = 3266
3266  <... execve resumed>)             = 0
3264  wait4(3266,  <unfinished ...>
3266  clone(child_stack=0xffffefc1e800, flags=CLONE_VM|CLONE_VFORK|SIGCHLD <unfinished ...>
3267  execve("/usr/bin/ld", ["/usr/bin/ld", "-plugin", "/usr/lib/gcc/aarch64-linux-gnu/1"..., "-plugin-opt=/usr/lib/gcc/aarch64"..., "-plugin-opt=-fresolution=/tmp/cc"..., "-plugin-opt=-pass-through=-lgcc", "-plugin-opt=-pass-through=-lgcc_"..., "-plugin-opt=-pass-through=-lc", "-plugin-opt=-pass-through=-lgcc", "-plugin-opt=-pass-through=-lgcc_"..., "--build-id", "--eh-frame-hdr", "--hash-style=gnu", "--as-needed", "-dynamic-linker", "/lib/ld-linux-aarch64.so.1", "-X", "-EL", "-maarch64linux", "--fix-cortex-a53-843419", "-pie", "-o", "/run/trace/program.trbn.lSAvqQ/p"..., "/usr/lib/gcc/aarch64-linux-gnu/1"..., "/usr/lib/gcc/aarch64-linux-gnu/1"..., "/usr/lib/gcc/aarch64-linux-gnu/1"..., "-L/usr/lib/gcc/aarch64-linux-gnu"..., "-L/usr/lib/gcc/aarch64-linux-gnu"..., "-L/usr/lib/gcc/aarch64-linux-gnu"..., "-L/lib/aarch64-linux-gnu", "-L/lib/../lib", "-L/usr/lib/aarch64-linux-gnu", ...], 0xffffefc1ee00 /* 11 vars */ <unfinished ...>
3266  <... clone resumed>)              = 3267
3267  <... execve resumed>)             = 0
3266  wait4(3267,  <unfinished ...>
3266  <... wait4 resumed>[{WIFEXITED(s) && WEXITSTATUS(s) == 0}], 0, NULL) = 3267
3264  <... wait4 resumed>[{WIFEXITED(s) && WEXITSTATUS(s) == 0}], 0, NULL) = 3266
3262  <... wait4 resumed>[{WIFEXITED(s) && WEXITSTATUS(s) == 0}], 0, NULL) = 3264
