5554  execve("/home/runner/work/_temp/baseline-bootstrap-workspace/b4/compiler", ["/home/runner/work/_temp/baseline"..., "build", "/home/runner/work/_temp/baseline"..., "--output", "/home/runner/work/_temp/baseline"..., "--qbe", "/home/runner/work/_temp/qbe-1.3/"..., "--cc", "/usr/bin/cc", "--target", "linux-arm64-v0"], 0xffffcb63fc28 /* 111 vars */) = 0
5554  clone(child_stack=NULL, flags=CLONE_CHILD_CLEARTID|CLONE_CHILD_SETTID|SIGCHLD, child_tidptr=0xfffe24856f90) = 5555
5554  wait4(5555,  <unfinished ...>
5555  execve("/home/runner/work/_temp/qbe-1.3/qbe", ["/home/runner/work/_temp/qbe-1.3/"..., "-t", "arm64", "-o", "/home/runner/work/_temp/baseline"..., "/home/runner/work/_temp/baseline"...], 0xfffff2458fa8 /* 111 vars */) = 0
5555  exit_group(0)                     = ?
5555  +++ exited with 0 +++
5554  <... wait4 resumed>[{WIFEXITED(s) && WEXITSTATUS(s) == 0}], 0, NULL) = 5555
5554  --- SIGCHLD {si_signo=SIGCHLD, si_code=CLD_EXITED, si_pid=5555, si_uid=1001, si_status=0, si_utime=0, si_stime=0} ---
5554  clone(child_stack=NULL, flags=CLONE_CHILD_CLEARTID|CLONE_CHILD_SETTID|SIGCHLD, child_tidptr=0xfffe24856f90) = 5557
5554  wait4(5557,  <unfinished ...>
5557  execve("/usr/bin/cc", ["/usr/bin/cc", "-xassembler", "/home/runner/work/_temp/baseline"..., "-fuse-ld=lld", "-Wl,--gc-sections,--strip-all", "-lm", "-o", "/home/runner/work/_temp/baseline"...], 0xfffff2458fa8 /* 111 vars */) = 0
5557  clone(child_stack=0xfffff9b91360, flags=CLONE_VM|CLONE_VFORK|SIGCHLD <unfinished ...>
5558  execve("/snap/bin/as", ["as", "-EL", "-mabi=lp64", "-o", "/tmp/ccFbKqCw.o", "/home/runner/work/_temp/baseline"...], 0x3b488d50 /* 116 vars */) = -1 ENOENT (No such file or directory)
5558  execve("/home/runner/.local/bin/as", ["as", "-EL", "-mabi=lp64", "-o", "/tmp/ccFbKqCw.o", "/home/runner/work/_temp/baseline"...], 0x3b488d50 /* 116 vars */) = -1 ENOENT (No such file or directory)
5558  execve("/opt/pipx_bin/as", ["as", "-EL", "-mabi=lp64", "-o", "/tmp/ccFbKqCw.o", "/home/runner/work/_temp/baseline"...], 0x3b488d50 /* 116 vars */) = -1 ENOENT (No such file or directory)
5558  execve("/home/runner/.cargo/bin/as", ["as", "-EL", "-mabi=lp64", "-o", "/tmp/ccFbKqCw.o", "/home/runner/work/_temp/baseline"...], 0x3b488d50 /* 116 vars */) = -1 ENOENT (No such file or directory)
5558  execve("/home/runner/.config/composer/vendor/bin/as", ["as", "-EL", "-mabi=lp64", "-o", "/tmp/ccFbKqCw.o", "/home/runner/work/_temp/baseline"...], 0x3b488d50 /* 116 vars */) = -1 ENOENT (No such file or directory)
5558  execve("/home/runner/.dotnet/tools/as", ["as", "-EL", "-mabi=lp64", "-o", "/tmp/ccFbKqCw.o", "/home/runner/work/_temp/baseline"...], 0x3b488d50 /* 116 vars */) = -1 ENOENT (No such file or directory)
5558  execve("/usr/local/sbin/as", ["as", "-EL", "-mabi=lp64", "-o", "/tmp/ccFbKqCw.o", "/home/runner/work/_temp/baseline"...], 0x3b488d50 /* 116 vars */) = -1 ENOENT (No such file or directory)
5558  execve("/usr/local/bin/as", ["as", "-EL", "-mabi=lp64", "-o", "/tmp/ccFbKqCw.o", "/home/runner/work/_temp/baseline"...], 0x3b488d50 /* 116 vars */) = -1 ENOENT (No such file or directory)
5558  execve("/usr/sbin/as", ["as", "-EL", "-mabi=lp64", "-o", "/tmp/ccFbKqCw.o", "/home/runner/work/_temp/baseline"...], 0x3b488d50 /* 116 vars */) = -1 ENOENT (No such file or directory)
5558  execve("/usr/bin/as", ["as", "-EL", "-mabi=lp64", "-o", "/tmp/ccFbKqCw.o", "/home/runner/work/_temp/baseline"...], 0x3b488d50 /* 116 vars */ <unfinished ...>
5557  <... clone resumed>)              = 5558
5558  <... execve resumed>)             = 0
5557  wait4(5558,  <unfinished ...>
5558  exit_group(0)                     = ?
5558  +++ exited with 0 +++
5557  <... wait4 resumed>[{WIFEXITED(s) && WEXITSTATUS(s) == 0}], 0, NULL) = 5558
5557  --- SIGCHLD {si_signo=SIGCHLD, si_code=CLD_EXITED, si_pid=5558, si_uid=1001, si_status=0, si_utime=0, si_stime=0} ---
5557  clone(child_stack=0xfffff9b904a0, flags=CLONE_VM|CLONE_VFORK|SIGCHLD <unfinished ...>
5559  execve("/usr/libexec/gcc/aarch64-linux-gnu/13/collect2", ["/usr/libexec/gcc/aarch64-linux-g"..., "-plugin", "/usr/libexec/gcc/aarch64-linux-g"..., "-plugin-opt=/usr/libexec/gcc/aar"..., "-plugin-opt=-fresolution=/tmp/cc"..., "-plugin-opt=-pass-through=-lgcc", "-plugin-opt=-pass-through=-lgcc_"..., "-plugin-opt=-pass-through=-lc", "-plugin-opt=-pass-through=-lgcc", "-plugin-opt=-pass-through=-lgcc_"..., "--build-id", "--eh-frame-hdr", "--hash-style=gnu", "--as-needed", "-dynamic-linker", "/lib/ld-linux-aarch64.so.1", "-X", "-EL", "-maarch64linux", "--fix-cortex-a53-843419", "-pie", "-z", "now", "-fuse-ld=lld", "-z", "relro", "-o", "/home/runner/work/_temp/baseline"..., "/usr/lib/gcc/aarch64-linux-gnu/1"..., "/usr/lib/gcc/aarch64-linux-gnu/1"..., "/usr/lib/gcc/aarch64-linux-gnu/1"..., "-L/usr/lib/gcc/aarch64-linux-gnu"..., ...], 0x3b489580 /* 118 vars */ <unfinished ...>
5557  <... clone resumed>)              = 5559
5559  <... execve resumed>)             = 0
5557  wait4(5559,  <unfinished ...>
5559  clone(child_stack=0xffffdbbb3a10, flags=CLONE_VM|CLONE_VFORK|SIGCHLD <unfinished ...>
5560  execve("/usr/bin/ld.lld", ["/usr/bin/ld.lld", "-plugin", "/usr/libexec/gcc/aarch64-linux-g"..., "-plugin-opt=/usr/libexec/gcc/aar"..., "-plugin-opt=-fresolution=/tmp/cc"..., "-plugin-opt=-pass-through=-lgcc", "-plugin-opt=-pass-through=-lgcc_"..., "-plugin-opt=-pass-through=-lc", "-plugin-opt=-pass-through=-lgcc", "-plugin-opt=-pass-through=-lgcc_"..., "--build-id", "--eh-frame-hdr", "--hash-style=gnu", "--as-needed", "-dynamic-linker", "/lib/ld-linux-aarch64.so.1", "-X", "-EL", "-maarch64linux", "--fix-cortex-a53-843419", "-pie", "-z", "now", "-z", "relro", "-o", "/home/runner/work/_temp/baseline"..., "/usr/lib/gcc/aarch64-linux-gnu/1"..., "/usr/lib/gcc/aarch64-linux-gnu/1"..., "/usr/lib/gcc/aarch64-linux-gnu/1"..., "-L/usr/lib/gcc/aarch64-linux-gnu"..., "-L/usr/lib/gcc/aarch64-linux-gnu"..., ...], 0xffffdbbb40d0 /* 118 vars */ <unfinished ...>
5559  <... clone resumed>)              = 5560
5560  <... execve resumed>)             = 0
5559  wait4(5560,  <unfinished ...>
5560  clone3({flags=CLONE_VM|CLONE_FS|CLONE_FILES|CLONE_SIGHAND|CLONE_THREAD|CLONE_SYSVSEM|CLONE_SETTLS|CLONE_PARENT_SETTID|CLONE_CHILD_CLEARTID, child_tid=0xff51303ff050, parent_tid=0xff51303ff050, exit_signal=0, stack=0xff512c3f0000, stack_size=0x400e840, tls=0xff51303ff6c0} => {parent_tid=[5561]}, 88) = 5561
5561  clone3({flags=CLONE_VM|CLONE_FS|CLONE_FILES|CLONE_SIGHAND|CLONE_THREAD|CLONE_SYSVSEM|CLONE_SETTLS|CLONE_PARENT_SETTID|CLONE_CHILD_CLEARTID, child_tid=0xff5127fff050, parent_tid=0xff5127fff050, exit_signal=0, stack=0xff5123ff0000, stack_size=0x400e840, tls=0xff5127fff6c0} => {parent_tid=[5562]}, 88) = 5562
5561  clone3({flags=CLONE_VM|CLONE_FS|CLONE_FILES|CLONE_SIGHAND|CLONE_THREAD|CLONE_SYSVSEM|CLONE_SETTLS|CLONE_PARENT_SETTID|CLONE_CHILD_CLEARTID, child_tid=0xff5123fef050, parent_tid=0xff5123fef050, exit_signal=0, stack=0xff511ffe0000, stack_size=0x400e840, tls=0xff5123fef6c0} => {parent_tid=[5563]}, 88) = 5563
5561  clone3({flags=CLONE_VM|CLONE_FS|CLONE_FILES|CLONE_SIGHAND|CLONE_THREAD|CLONE_SYSVSEM|CLONE_SETTLS|CLONE_PARENT_SETTID|CLONE_CHILD_CLEARTID, child_tid=0xff5117fff050, parent_tid=0xff5117fff050, exit_signal=0, stack=0xff5113ff0000, stack_size=0x400e840, tls=0xff5117fff6c0} => {parent_tid=[5564]}, 88) = 5564
5564  exit(0)                           = ?
5563  exit(0 <unfinished ...>
5561  exit(0 <unfinished ...>
5560  exit_group(0 <unfinished ...>
5563  <... exit resumed>)               = ?
5564  +++ exited with 0 +++
5560  <... exit_group resumed>)         = ?
5563  +++ exited with 0 +++
5562  +++ exited with 0 +++
5561  +++ exited with 0 +++
5560  +++ exited with 0 +++
5559  <... wait4 resumed>[{WIFEXITED(s) && WEXITSTATUS(s) == 0}], 0, NULL) = 5560
5559  --- SIGCHLD {si_signo=SIGCHLD, si_code=CLD_EXITED, si_pid=5560, si_uid=1001, si_status=0, si_utime=0, si_stime=1 /* 0.01 s */} ---
5559  exit_group(0)                     = ?
5559  +++ exited with 0 +++
5557  <... wait4 resumed>[{WIFEXITED(s) && WEXITSTATUS(s) == 0}], 0, NULL) = 5559
5557  --- SIGCHLD {si_signo=SIGCHLD, si_code=CLD_EXITED, si_pid=5559, si_uid=1001, si_status=0, si_utime=0, si_stime=0} ---
5557  exit_group(0)                     = ?
5557  +++ exited with 0 +++
5554  <... wait4 resumed>[{WIFEXITED(s) && WEXITSTATUS(s) == 0}], 0, NULL) = 5557
5554  --- SIGCHLD {si_signo=SIGCHLD, si_code=CLD_EXITED, si_pid=5557, si_uid=1001, si_status=0, si_utime=0, si_stime=0} ---
5554  exit_group(0)                     = ?
5554  +++ exited with 0 +++
