9027  execve("/home/runner/work/_temp/candidate-bootstrap-workspace/b4/compiler", ["/home/runner/work/_temp/candidat"..., "build", "/home/runner/work/type-rb-native"..., "--output", "/home/runner/work/_temp/candidat"..., "--qbe", "/home/runner/work/_temp/qbe-1.3/"..., "--cc", "/usr/bin/cc", "--target", "linux-arm64-v0"], 0xffffdf6a1b38 /* 111 vars */) = 0
9027  clone(child_stack=NULL, flags=CLONE_CHILD_CLEARTID|CLONE_CHILD_SETTID|SIGCHLD, child_tidptr=0xfff528721f90) = 9028
9027  wait4(9028,  <unfinished ...>
9028  execve("/home/runner/work/_temp/qbe-1.3/qbe", ["/home/runner/work/_temp/qbe-1.3/"..., "-t", "arm64", "-o", "/home/runner/work/_temp/candidat"..., "/home/runner/work/_temp/candidat"...], 0xfffffd6a6208 /* 111 vars */) = 0
9028  exit_group(0)                     = ?
9028  +++ exited with 0 +++
9027  <... wait4 resumed>[{WIFEXITED(s) && WEXITSTATUS(s) == 0}], 0, NULL) = 9028
9027  --- SIGCHLD {si_signo=SIGCHLD, si_code=CLD_EXITED, si_pid=9028, si_uid=1001, si_status=0, si_utime=0, si_stime=0} ---
9027  clone(child_stack=NULL, flags=CLONE_CHILD_CLEARTID|CLONE_CHILD_SETTID|SIGCHLD, child_tidptr=0xfff528721f90) = 9029
9027  wait4(9029,  <unfinished ...>
9029  execve("/usr/bin/cc", ["/usr/bin/cc", "-xassembler", "/home/runner/work/_temp/candidat"..., "-fuse-ld=lld", "-Wl,--gc-sections,--strip-all", "-lm", "-o", "/home/runner/work/_temp/candidat"...], 0xfffffd6a6208 /* 111 vars */) = 0
9029  clone(child_stack=0xffffd12b4640, flags=CLONE_VM|CLONE_VFORK|SIGCHLD <unfinished ...>
9030  execve("/snap/bin/as", ["as", "-EL", "-mabi=lp64", "-o", "/tmp/ccngbFgR.o", "/home/runner/work/_temp/candidat"...], 0x2435fd60 /* 116 vars */) = -1 ENOENT (No such file or directory)
9030  execve("/home/runner/.local/bin/as", ["as", "-EL", "-mabi=lp64", "-o", "/tmp/ccngbFgR.o", "/home/runner/work/_temp/candidat"...], 0x2435fd60 /* 116 vars */) = -1 ENOENT (No such file or directory)
9030  execve("/opt/pipx_bin/as", ["as", "-EL", "-mabi=lp64", "-o", "/tmp/ccngbFgR.o", "/home/runner/work/_temp/candidat"...], 0x2435fd60 /* 116 vars */) = -1 ENOENT (No such file or directory)
9030  execve("/home/runner/.cargo/bin/as", ["as", "-EL", "-mabi=lp64", "-o", "/tmp/ccngbFgR.o", "/home/runner/work/_temp/candidat"...], 0x2435fd60 /* 116 vars */) = -1 ENOENT (No such file or directory)
9030  execve("/home/runner/.config/composer/vendor/bin/as", ["as", "-EL", "-mabi=lp64", "-o", "/tmp/ccngbFgR.o", "/home/runner/work/_temp/candidat"...], 0x2435fd60 /* 116 vars */) = -1 ENOENT (No such file or directory)
9030  execve("/home/runner/.dotnet/tools/as", ["as", "-EL", "-mabi=lp64", "-o", "/tmp/ccngbFgR.o", "/home/runner/work/_temp/candidat"...], 0x2435fd60 /* 116 vars */) = -1 ENOENT (No such file or directory)
9030  execve("/usr/local/sbin/as", ["as", "-EL", "-mabi=lp64", "-o", "/tmp/ccngbFgR.o", "/home/runner/work/_temp/candidat"...], 0x2435fd60 /* 116 vars */) = -1 ENOENT (No such file or directory)
9030  execve("/usr/local/bin/as", ["as", "-EL", "-mabi=lp64", "-o", "/tmp/ccngbFgR.o", "/home/runner/work/_temp/candidat"...], 0x2435fd60 /* 116 vars */) = -1 ENOENT (No such file or directory)
9030  execve("/usr/sbin/as", ["as", "-EL", "-mabi=lp64", "-o", "/tmp/ccngbFgR.o", "/home/runner/work/_temp/candidat"...], 0x2435fd60 /* 116 vars */) = -1 ENOENT (No such file or directory)
9030  execve("/usr/bin/as", ["as", "-EL", "-mabi=lp64", "-o", "/tmp/ccngbFgR.o", "/home/runner/work/_temp/candidat"...], 0x2435fd60 /* 116 vars */ <unfinished ...>
9029  <... clone resumed>)              = 9030
9030  <... execve resumed>)             = 0
9029  wait4(9030,  <unfinished ...>
9030  exit_group(0)                     = ?
9030  +++ exited with 0 +++
9029  <... wait4 resumed>[{WIFEXITED(s) && WEXITSTATUS(s) == 0}], 0, NULL) = 9030
9029  --- SIGCHLD {si_signo=SIGCHLD, si_code=CLD_EXITED, si_pid=9030, si_uid=1001, si_status=0, si_utime=0, si_stime=0} ---
9029  clone(child_stack=0xffffd12b3780, flags=CLONE_VM|CLONE_VFORK|SIGCHLD <unfinished ...>
9031  execve("/usr/libexec/gcc/aarch64-linux-gnu/13/collect2", ["/usr/libexec/gcc/aarch64-linux-g"..., "-plugin", "/usr/libexec/gcc/aarch64-linux-g"..., "-plugin-opt=/usr/libexec/gcc/aar"..., "-plugin-opt=-fresolution=/tmp/cc"..., "-plugin-opt=-pass-through=-lgcc", "-plugin-opt=-pass-through=-lgcc_"..., "-plugin-opt=-pass-through=-lc", "-plugin-opt=-pass-through=-lgcc", "-plugin-opt=-pass-through=-lgcc_"..., "--build-id", "--eh-frame-hdr", "--hash-style=gnu", "--as-needed", "-dynamic-linker", "/lib/ld-linux-aarch64.so.1", "-X", "-EL", "-maarch64linux", "--fix-cortex-a53-843419", "-pie", "-z", "now", "-fuse-ld=lld", "-z", "relro", "-o", "/home/runner/work/_temp/candidat"..., "/usr/lib/gcc/aarch64-linux-gnu/1"..., "/usr/lib/gcc/aarch64-linux-gnu/1"..., "/usr/lib/gcc/aarch64-linux-gnu/1"..., "-L/usr/lib/gcc/aarch64-linux-gnu"..., ...], 0x24360590 /* 118 vars */ <unfinished ...>
9029  <... clone resumed>)              = 9031
9031  <... execve resumed>)             = 0
9029  wait4(9031,  <unfinished ...>
9031  clone(child_stack=0xffffe7139060, flags=CLONE_VM|CLONE_VFORK|SIGCHLD <unfinished ...>
9032  execve("/usr/bin/ld.lld", ["/usr/bin/ld.lld", "-plugin", "/usr/libexec/gcc/aarch64-linux-g"..., "-plugin-opt=/usr/libexec/gcc/aar"..., "-plugin-opt=-fresolution=/tmp/cc"..., "-plugin-opt=-pass-through=-lgcc", "-plugin-opt=-pass-through=-lgcc_"..., "-plugin-opt=-pass-through=-lc", "-plugin-opt=-pass-through=-lgcc", "-plugin-opt=-pass-through=-lgcc_"..., "--build-id", "--eh-frame-hdr", "--hash-style=gnu", "--as-needed", "-dynamic-linker", "/lib/ld-linux-aarch64.so.1", "-X", "-EL", "-maarch64linux", "--fix-cortex-a53-843419", "-pie", "-z", "now", "-z", "relro", "-o", "/home/runner/work/_temp/candidat"..., "/usr/lib/gcc/aarch64-linux-gnu/1"..., "/usr/lib/gcc/aarch64-linux-gnu/1"..., "/usr/lib/gcc/aarch64-linux-gnu/1"..., "-L/usr/lib/gcc/aarch64-linux-gnu"..., "-L/usr/lib/gcc/aarch64-linux-gnu"..., ...], 0xffffe7139720 /* 118 vars */ <unfinished ...>
9031  <... clone resumed>)              = 9032
9032  <... execve resumed>)             = 0
9031  wait4(9032,  <unfinished ...>
9032  clone3({flags=CLONE_VM|CLONE_FS|CLONE_FILES|CLONE_SIGHAND|CLONE_THREAD|CLONE_SYSVSEM|CLONE_SETTLS|CLONE_PARENT_SETTID|CLONE_CHILD_CLEARTID, child_tid=0xfffbdc7ff050, parent_tid=0xfffbdc7ff050, exit_signal=0, stack=0xfffbd87f0000, stack_size=0x400e840, tls=0xfffbdc7ff6c0} => {parent_tid=[9033]}, 88) = 9033
9033  clone3({flags=CLONE_VM|CLONE_FS|CLONE_FILES|CLONE_SIGHAND|CLONE_THREAD|CLONE_SYSVSEM|CLONE_SETTLS|CLONE_PARENT_SETTID|CLONE_CHILD_CLEARTID, child_tid=0xfffbd3fff050, parent_tid=0xfffbd3fff050, exit_signal=0, stack=0xfffbcfff0000, stack_size=0x400e840, tls=0xfffbd3fff6c0} => {parent_tid=[9034]}, 88) = 9034
9033  clone3({flags=CLONE_VM|CLONE_FS|CLONE_FILES|CLONE_SIGHAND|CLONE_THREAD|CLONE_SYSVSEM|CLONE_SETTLS|CLONE_PARENT_SETTID|CLONE_CHILD_CLEARTID, child_tid=0xfffbcffef050, parent_tid=0xfffbcffef050, exit_signal=0, stack=0xfffbcbfe0000, stack_size=0x400e840, tls=0xfffbcffef6c0} => {parent_tid=[9035]}, 88) = 9035
9033  clone3({flags=CLONE_VM|CLONE_FS|CLONE_FILES|CLONE_SIGHAND|CLONE_THREAD|CLONE_SYSVSEM|CLONE_SETTLS|CLONE_PARENT_SETTID|CLONE_CHILD_CLEARTID, child_tid=0xfffbc3fff050, parent_tid=0xfffbc3fff050, exit_signal=0, stack=0xfffbbfff0000, stack_size=0x400e840, tls=0xfffbc3fff6c0} => {parent_tid=[9036]}, 88) = 9036
9035  exit(0 <unfinished ...>
9033  exit(0 <unfinished ...>
9035  <... exit resumed>)               = ?
9033  <... exit resumed>)               = ?
9035  +++ exited with 0 +++
9036  exit(0 <unfinished ...>
9033  +++ exited with 0 +++
9032  exit_group(0 <unfinished ...>
9036  <... exit resumed>)               = ?
9036  +++ exited with 0 +++
9032  <... exit_group resumed>)         = ?
9034  +++ exited with 0 +++
9032  +++ exited with 0 +++
9031  <... wait4 resumed>[{WIFEXITED(s) && WEXITSTATUS(s) == 0}], 0, NULL) = 9032
9031  --- SIGCHLD {si_signo=SIGCHLD, si_code=CLD_EXITED, si_pid=9032, si_uid=1001, si_status=0, si_utime=1 /* 0.01 s */, si_stime=1 /* 0.01 s */} ---
9031  exit_group(0)                     = ?
9031  +++ exited with 0 +++
9029  <... wait4 resumed>[{WIFEXITED(s) && WEXITSTATUS(s) == 0}], 0, NULL) = 9031
9029  --- SIGCHLD {si_signo=SIGCHLD, si_code=CLD_EXITED, si_pid=9031, si_uid=1001, si_status=0, si_utime=0, si_stime=0} ---
9029  exit_group(0)                     = ?
9029  +++ exited with 0 +++
9027  <... wait4 resumed>[{WIFEXITED(s) && WEXITSTATUS(s) == 0}], 0, NULL) = 9029
9027  --- SIGCHLD {si_signo=SIGCHLD, si_code=CLD_EXITED, si_pid=9029, si_uid=1001, si_status=0, si_utime=0, si_stime=0} ---
9027  exit_group(0)                     = ?
9027  +++ exited with 0 +++
