9596  execve("/home/runner/work/_temp/candidate-compiler", ["/home/runner/work/_temp/candidat"..., "build", "/home/runner/work/type-rb-native"..., "--output", "/home/runner/work/_temp/build-wo"..., "--qbe", "/home/runner/work/_temp/qbe-1.3/"..., "--cc", "/usr/bin/cc", "--target", "linux-arm64-v0"], 0xffffc49f1928 /* 115 vars */) = 0
9596  clone(child_stack=NULL, flags=CLONE_CHILD_CLEARTID|CLONE_CHILD_SETTID|SIGCHLD, child_tidptr=0xff1e43d6df90) = 9597
9596  wait4(9597,  <unfinished ...>
9597  execve("/home/runner/work/_temp/qbe-1.3/qbe", ["/home/runner/work/_temp/qbe-1.3/"..., "-t", "arm64", "-o", "/home/runner/work/_temp/build-wo"..., "/home/runner/work/_temp/build-wo"...], 0xfffff91f85d8 /* 115 vars */) = 0
9597  exit_group(0)                     = ?
9597  +++ exited with 0 +++
9596  <... wait4 resumed>[{WIFEXITED(s) && WEXITSTATUS(s) == 0}], 0, NULL) = 9597
9596  --- SIGCHLD {si_signo=SIGCHLD, si_code=CLD_EXITED, si_pid=9597, si_uid=1001, si_status=0, si_utime=1 /* 0.01 s */, si_stime=0} ---
9596  clone(child_stack=NULL, flags=CLONE_CHILD_CLEARTID|CLONE_CHILD_SETTID|SIGCHLD, child_tidptr=0xff1e43d6df90) = 9598
9596  wait4(9598,  <unfinished ...>
9598  execve("/usr/bin/cc", ["/usr/bin/cc", "-xassembler", "/home/runner/work/_temp/build-wo"..., "-fuse-ld=lld", "-Wl,--gc-sections,--strip-all", "-lm", "-o", "/home/runner/work/_temp/build-wo"...], 0xfffff91f85d8 /* 115 vars */) = 0
9598  clone(child_stack=0xffffdff31540, flags=CLONE_VM|CLONE_VFORK|SIGCHLD <unfinished ...>
9599  execve("/home/runner/go/bin/as", ["as", "-EL", "-mabi=lp64", "-o", "/tmp/ccNPMO0M.o", "/home/runner/work/_temp/build-wo"...], 0x1c858d80 /* 120 vars */) = -1 ENOENT (No such file or directory)
9599  execve("/opt/hostedtoolcache/go/1.27.1/arm64/bin/as", ["as", "-EL", "-mabi=lp64", "-o", "/tmp/ccNPMO0M.o", "/home/runner/work/_temp/build-wo"...], 0x1c858d80 /* 120 vars */) = -1 ENOENT (No such file or directory)
9599  execve("/snap/bin/as", ["as", "-EL", "-mabi=lp64", "-o", "/tmp/ccNPMO0M.o", "/home/runner/work/_temp/build-wo"...], 0x1c858d80 /* 120 vars */) = -1 ENOENT (No such file or directory)
9599  execve("/home/runner/.local/bin/as", ["as", "-EL", "-mabi=lp64", "-o", "/tmp/ccNPMO0M.o", "/home/runner/work/_temp/build-wo"...], 0x1c858d80 /* 120 vars */) = -1 ENOENT (No such file or directory)
9599  execve("/opt/pipx_bin/as", ["as", "-EL", "-mabi=lp64", "-o", "/tmp/ccNPMO0M.o", "/home/runner/work/_temp/build-wo"...], 0x1c858d80 /* 120 vars */) = -1 ENOENT (No such file or directory)
9599  execve("/home/runner/.cargo/bin/as", ["as", "-EL", "-mabi=lp64", "-o", "/tmp/ccNPMO0M.o", "/home/runner/work/_temp/build-wo"...], 0x1c858d80 /* 120 vars */) = -1 ENOENT (No such file or directory)
9599  execve("/home/runner/.config/composer/vendor/bin/as", ["as", "-EL", "-mabi=lp64", "-o", "/tmp/ccNPMO0M.o", "/home/runner/work/_temp/build-wo"...], 0x1c858d80 /* 120 vars */) = -1 ENOENT (No such file or directory)
9599  execve("/home/runner/.dotnet/tools/as", ["as", "-EL", "-mabi=lp64", "-o", "/tmp/ccNPMO0M.o", "/home/runner/work/_temp/build-wo"...], 0x1c858d80 /* 120 vars */) = -1 ENOENT (No such file or directory)
9599  execve("/usr/local/sbin/as", ["as", "-EL", "-mabi=lp64", "-o", "/tmp/ccNPMO0M.o", "/home/runner/work/_temp/build-wo"...], 0x1c858d80 /* 120 vars */) = -1 ENOENT (No such file or directory)
9599  execve("/usr/local/bin/as", ["as", "-EL", "-mabi=lp64", "-o", "/tmp/ccNPMO0M.o", "/home/runner/work/_temp/build-wo"...], 0x1c858d80 /* 120 vars */) = -1 ENOENT (No such file or directory)
9599  execve("/usr/sbin/as", ["as", "-EL", "-mabi=lp64", "-o", "/tmp/ccNPMO0M.o", "/home/runner/work/_temp/build-wo"...], 0x1c858d80 /* 120 vars */) = -1 ENOENT (No such file or directory)
9599  execve("/usr/bin/as", ["as", "-EL", "-mabi=lp64", "-o", "/tmp/ccNPMO0M.o", "/home/runner/work/_temp/build-wo"...], 0x1c858d80 /* 120 vars */ <unfinished ...>
9598  <... clone resumed>)              = 9599
9598  wait4(9599,  <unfinished ...>
9599  <... execve resumed>)             = 0
9599  exit_group(0)                     = ?
9599  +++ exited with 0 +++
9598  <... wait4 resumed>[{WIFEXITED(s) && WEXITSTATUS(s) == 0}], 0, NULL) = 9599
9598  --- SIGCHLD {si_signo=SIGCHLD, si_code=CLD_EXITED, si_pid=9599, si_uid=1001, si_status=0, si_utime=0, si_stime=0} ---
9598  clone(child_stack=0xffffdff30680, flags=CLONE_VM|CLONE_VFORK|SIGCHLD <unfinished ...>
9600  execve("/usr/libexec/gcc/aarch64-linux-gnu/13/collect2", ["/usr/libexec/gcc/aarch64-linux-g"..., "-plugin", "/usr/libexec/gcc/aarch64-linux-g"..., "-plugin-opt=/usr/libexec/gcc/aar"..., "-plugin-opt=-fresolution=/tmp/cc"..., "-plugin-opt=-pass-through=-lgcc", "-plugin-opt=-pass-through=-lgcc_"..., "-plugin-opt=-pass-through=-lc", "-plugin-opt=-pass-through=-lgcc", "-plugin-opt=-pass-through=-lgcc_"..., "--build-id", "--eh-frame-hdr", "--hash-style=gnu", "--as-needed", "-dynamic-linker", "/lib/ld-linux-aarch64.so.1", "-X", "-EL", "-maarch64linux", "--fix-cortex-a53-843419", "-pie", "-z", "now", "-fuse-ld=lld", "-z", "relro", "-o", "/home/runner/work/_temp/build-wo"..., "/usr/lib/gcc/aarch64-linux-gnu/1"..., "/usr/lib/gcc/aarch64-linux-gnu/1"..., "/usr/lib/gcc/aarch64-linux-gnu/1"..., "-L/usr/lib/gcc/aarch64-linux-gnu"..., ...], 0x1c8595d0 /* 122 vars */ <unfinished ...>
9598  <... clone resumed>)              = 9600
9598  wait4(9600,  <unfinished ...>
9600  <... execve resumed>)             = 0
9600  clone(child_stack=0xffffd10c95b0, flags=CLONE_VM|CLONE_VFORK|SIGCHLD <unfinished ...>
9601  execve("/usr/bin/ld.lld", ["/usr/bin/ld.lld", "-plugin", "/usr/libexec/gcc/aarch64-linux-g"..., "-plugin-opt=/usr/libexec/gcc/aar"..., "-plugin-opt=-fresolution=/tmp/cc"..., "-plugin-opt=-pass-through=-lgcc", "-plugin-opt=-pass-through=-lgcc_"..., "-plugin-opt=-pass-through=-lc", "-plugin-opt=-pass-through=-lgcc", "-plugin-opt=-pass-through=-lgcc_"..., "--build-id", "--eh-frame-hdr", "--hash-style=gnu", "--as-needed", "-dynamic-linker", "/lib/ld-linux-aarch64.so.1", "-X", "-EL", "-maarch64linux", "--fix-cortex-a53-843419", "-pie", "-z", "now", "-z", "relro", "-o", "/home/runner/work/_temp/build-wo"..., "/usr/lib/gcc/aarch64-linux-gnu/1"..., "/usr/lib/gcc/aarch64-linux-gnu/1"..., "/usr/lib/gcc/aarch64-linux-gnu/1"..., "-L/usr/lib/gcc/aarch64-linux-gnu"..., "-L/usr/lib/gcc/aarch64-linux-gnu"..., ...], 0xffffd10c9c70 /* 122 vars */ <unfinished ...>
9600  <... clone resumed>)              = 9601
9600  wait4(9601,  <unfinished ...>
9601  <... execve resumed>)             = 0
9601  clone3({flags=CLONE_VM|CLONE_FS|CLONE_FILES|CLONE_SIGHAND|CLONE_THREAD|CLONE_SYSVSEM|CLONE_SETTLS|CLONE_PARENT_SETTID|CLONE_CHILD_CLEARTID, child_tid=0xfffbd15ff050, parent_tid=0xfffbd15ff050, exit_signal=0, stack=0xfffbcd5f0000, stack_size=0x400e840, tls=0xfffbd15ff6c0} => {parent_tid=[9602]}, 88) = 9602
9602  clone3({flags=CLONE_VM|CLONE_FS|CLONE_FILES|CLONE_SIGHAND|CLONE_THREAD|CLONE_SYSVSEM|CLONE_SETTLS|CLONE_PARENT_SETTID|CLONE_CHILD_CLEARTID, child_tid=0xfffbc7fff050, parent_tid=0xfffbc7fff050, exit_signal=0, stack=0xfffbc3ff0000, stack_size=0x400e840, tls=0xfffbc7fff6c0} => {parent_tid=[9603]}, 88) = 9603
9602  clone3({flags=CLONE_VM|CLONE_FS|CLONE_FILES|CLONE_SIGHAND|CLONE_THREAD|CLONE_SYSVSEM|CLONE_SETTLS|CLONE_PARENT_SETTID|CLONE_CHILD_CLEARTID, child_tid=0xfffbc3fef050, parent_tid=0xfffbc3fef050, exit_signal=0, stack=0xfffbbffe0000, stack_size=0x400e840, tls=0xfffbc3fef6c0} => {parent_tid=[9604]}, 88) = 9604
9602  clone3({flags=CLONE_VM|CLONE_FS|CLONE_FILES|CLONE_SIGHAND|CLONE_THREAD|CLONE_SYSVSEM|CLONE_SETTLS|CLONE_PARENT_SETTID|CLONE_CHILD_CLEARTID, child_tid=0xfffbb7fff050, parent_tid=0xfffbb7fff050, exit_signal=0, stack=0xfffbb3ff0000, stack_size=0x400e840, tls=0xfffbb7fff6c0} => {parent_tid=[9605]}, 88) = 9605
9604  exit(0)                           = ?
9603  exit(0)                           = ?
9604  +++ exited with 0 +++
9602  exit(0 <unfinished ...>
9603  +++ exited with 0 +++
9602  <... exit resumed>)               = ?
9605  exit(0)                           = ?
9602  +++ exited with 0 +++
9601  exit_group(0 <unfinished ...>
9605  +++ exited with 0 +++
9601  <... exit_group resumed>)         = ?
9601  +++ exited with 0 +++
9600  <... wait4 resumed>[{WIFEXITED(s) && WEXITSTATUS(s) == 0}], 0, NULL) = 9601
9600  --- SIGCHLD {si_signo=SIGCHLD, si_code=CLD_EXITED, si_pid=9601, si_uid=1001, si_status=0, si_utime=0, si_stime=1 /* 0.01 s */} ---
9600  exit_group(0)                     = ?
9600  +++ exited with 0 +++
9598  <... wait4 resumed>[{WIFEXITED(s) && WEXITSTATUS(s) == 0}], 0, NULL) = 9600
9598  --- SIGCHLD {si_signo=SIGCHLD, si_code=CLD_EXITED, si_pid=9600, si_uid=1001, si_status=0, si_utime=0, si_stime=0} ---
9598  exit_group(0)                     = ?
9598  +++ exited with 0 +++
9596  <... wait4 resumed>[{WIFEXITED(s) && WEXITSTATUS(s) == 0}], 0, NULL) = 9598
9596  --- SIGCHLD {si_signo=SIGCHLD, si_code=CLD_EXITED, si_pid=9598, si_uid=1001, si_status=0, si_utime=0, si_stime=0} ---
9596  exit_group(0)                     = ?
9596  +++ exited with 0 +++
