6092  execve("/home/runner/work/_temp/baseline-bootstrap-workspace/b4/compiler", ["/home/runner/work/_temp/baseline"..., "build", "/home/runner/work/_temp/baseline"..., "--output", "/home/runner/work/_temp/baseline"..., "--qbe", "/home/runner/work/_temp/qbe-1.3/"..., "--cc", "/usr/bin/cc", "--target", "linux-arm64-v0"], 0xfffffdf55c88 /* 111 vars */) = 0
6092  clone(child_stack=NULL, flags=CLONE_CHILD_CLEARTID|CLONE_CHILD_SETTID|SIGCHLD, child_tidptr=0xffa014971f90) = 6093
6092  wait4(6093,  <unfinished ...>
6093  execve("/home/runner/work/_temp/qbe-1.3/qbe", ["/home/runner/work/_temp/qbe-1.3/"..., "-t", "arm64", "-o", "/home/runner/work/_temp/baseline"..., "/home/runner/work/_temp/baseline"...], 0xfffff4cc5ee8 /* 111 vars */) = 0
6093  exit_group(0)                     = ?
6093  +++ exited with 0 +++
6092  <... wait4 resumed>[{WIFEXITED(s) && WEXITSTATUS(s) == 0}], 0, NULL) = 6093
6092  --- SIGCHLD {si_signo=SIGCHLD, si_code=CLD_EXITED, si_pid=6093, si_uid=1001, si_status=0, si_utime=0, si_stime=0} ---
6092  clone(child_stack=NULL, flags=CLONE_CHILD_CLEARTID|CLONE_CHILD_SETTID|SIGCHLD, child_tidptr=0xffa014971f90) = 6094
6092  wait4(6094,  <unfinished ...>
6094  execve("/usr/bin/cc", ["/usr/bin/cc", "-xassembler", "/home/runner/work/_temp/baseline"..., "-fuse-ld=lld", "-Wl,--gc-sections,--strip-all", "-lm", "-o", "/home/runner/work/_temp/baseline"...], 0xfffff4cc5ee8 /* 111 vars */) = 0
6094  clone(child_stack=0xffffd3333c10, flags=CLONE_VM|CLONE_VFORK|SIGCHLD <unfinished ...>
6095  execve("/snap/bin/as", ["as", "-EL", "-mabi=lp64", "-o", "/tmp/cc8oRWyI.o", "/home/runner/work/_temp/baseline"...], 0xe03fd50 /* 116 vars */) = -1 ENOENT (No such file or directory)
6095  execve("/home/runner/.local/bin/as", ["as", "-EL", "-mabi=lp64", "-o", "/tmp/cc8oRWyI.o", "/home/runner/work/_temp/baseline"...], 0xe03fd50 /* 116 vars */) = -1 ENOENT (No such file or directory)
6095  execve("/opt/pipx_bin/as", ["as", "-EL", "-mabi=lp64", "-o", "/tmp/cc8oRWyI.o", "/home/runner/work/_temp/baseline"...], 0xe03fd50 /* 116 vars */) = -1 ENOENT (No such file or directory)
6095  execve("/home/runner/.cargo/bin/as", ["as", "-EL", "-mabi=lp64", "-o", "/tmp/cc8oRWyI.o", "/home/runner/work/_temp/baseline"...], 0xe03fd50 /* 116 vars */) = -1 ENOENT (No such file or directory)
6095  execve("/home/runner/.config/composer/vendor/bin/as", ["as", "-EL", "-mabi=lp64", "-o", "/tmp/cc8oRWyI.o", "/home/runner/work/_temp/baseline"...], 0xe03fd50 /* 116 vars */) = -1 ENOENT (No such file or directory)
6095  execve("/home/runner/.dotnet/tools/as", ["as", "-EL", "-mabi=lp64", "-o", "/tmp/cc8oRWyI.o", "/home/runner/work/_temp/baseline"...], 0xe03fd50 /* 116 vars */) = -1 ENOENT (No such file or directory)
6095  execve("/usr/local/sbin/as", ["as", "-EL", "-mabi=lp64", "-o", "/tmp/cc8oRWyI.o", "/home/runner/work/_temp/baseline"...], 0xe03fd50 /* 116 vars */) = -1 ENOENT (No such file or directory)
6095  execve("/usr/local/bin/as", ["as", "-EL", "-mabi=lp64", "-o", "/tmp/cc8oRWyI.o", "/home/runner/work/_temp/baseline"...], 0xe03fd50 /* 116 vars */) = -1 ENOENT (No such file or directory)
6095  execve("/usr/sbin/as", ["as", "-EL", "-mabi=lp64", "-o", "/tmp/cc8oRWyI.o", "/home/runner/work/_temp/baseline"...], 0xe03fd50 /* 116 vars */) = -1 ENOENT (No such file or directory)
6095  execve("/usr/bin/as", ["as", "-EL", "-mabi=lp64", "-o", "/tmp/cc8oRWyI.o", "/home/runner/work/_temp/baseline"...], 0xe03fd50 /* 116 vars */ <unfinished ...>
6094  <... clone resumed>)              = 6095
6095  <... execve resumed>)             = 0
6094  wait4(6095,  <unfinished ...>
6095  exit_group(0)                     = ?
6095  +++ exited with 0 +++
6094  <... wait4 resumed>[{WIFEXITED(s) && WEXITSTATUS(s) == 0}], 0, NULL) = 6095
6094  --- SIGCHLD {si_signo=SIGCHLD, si_code=CLD_EXITED, si_pid=6095, si_uid=1001, si_status=0, si_utime=0, si_stime=0} ---
6094  clone(child_stack=0xffffd3332d50, flags=CLONE_VM|CLONE_VFORK|SIGCHLD <unfinished ...>
6096  execve("/usr/libexec/gcc/aarch64-linux-gnu/13/collect2", ["/usr/libexec/gcc/aarch64-linux-g"..., "-plugin", "/usr/libexec/gcc/aarch64-linux-g"..., "-plugin-opt=/usr/libexec/gcc/aar"..., "-plugin-opt=-fresolution=/tmp/cc"..., "-plugin-opt=-pass-through=-lgcc", "-plugin-opt=-pass-through=-lgcc_"..., "-plugin-opt=-pass-through=-lc", "-plugin-opt=-pass-through=-lgcc", "-plugin-opt=-pass-through=-lgcc_"..., "--build-id", "--eh-frame-hdr", "--hash-style=gnu", "--as-needed", "-dynamic-linker", "/lib/ld-linux-aarch64.so.1", "-X", "-EL", "-maarch64linux", "--fix-cortex-a53-843419", "-pie", "-z", "now", "-fuse-ld=lld", "-z", "relro", "-o", "/home/runner/work/_temp/baseline"..., "/usr/lib/gcc/aarch64-linux-gnu/1"..., "/usr/lib/gcc/aarch64-linux-gnu/1"..., "/usr/lib/gcc/aarch64-linux-gnu/1"..., "-L/usr/lib/gcc/aarch64-linux-gnu"..., ...], 0xe040580 /* 118 vars */ <unfinished ...>
6094  <... clone resumed>)              = 6096
6096  <... execve resumed>)             = 0
6094  wait4(6096,  <unfinished ...>
6096  clone(child_stack=0xffffd86275d0, flags=CLONE_VM|CLONE_VFORK|SIGCHLD <unfinished ...>
6097  execve("/usr/bin/ld.lld", ["/usr/bin/ld.lld", "-plugin", "/usr/libexec/gcc/aarch64-linux-g"..., "-plugin-opt=/usr/libexec/gcc/aar"..., "-plugin-opt=-fresolution=/tmp/cc"..., "-plugin-opt=-pass-through=-lgcc", "-plugin-opt=-pass-through=-lgcc_"..., "-plugin-opt=-pass-through=-lc", "-plugin-opt=-pass-through=-lgcc", "-plugin-opt=-pass-through=-lgcc_"..., "--build-id", "--eh-frame-hdr", "--hash-style=gnu", "--as-needed", "-dynamic-linker", "/lib/ld-linux-aarch64.so.1", "-X", "-EL", "-maarch64linux", "--fix-cortex-a53-843419", "-pie", "-z", "now", "-z", "relro", "-o", "/home/runner/work/_temp/baseline"..., "/usr/lib/gcc/aarch64-linux-gnu/1"..., "/usr/lib/gcc/aarch64-linux-gnu/1"..., "/usr/lib/gcc/aarch64-linux-gnu/1"..., "-L/usr/lib/gcc/aarch64-linux-gnu"..., "-L/usr/lib/gcc/aarch64-linux-gnu"..., ...], 0xffffd8627c90 /* 118 vars */ <unfinished ...>
6096  <... clone resumed>)              = 6097
6097  <... execve resumed>)             = 0
6096  wait4(6097,  <unfinished ...>
6097  clone3({flags=CLONE_VM|CLONE_FS|CLONE_FILES|CLONE_SIGHAND|CLONE_THREAD|CLONE_SYSVSEM|CLONE_SETTLS|CLONE_PARENT_SETTID|CLONE_CHILD_CLEARTID, child_tid=0xff39099ff050, parent_tid=0xff39099ff050, exit_signal=0, stack=0xff39059f0000, stack_size=0x400e840, tls=0xff39099ff6c0} => {parent_tid=[6098]}, 88) = 6098
6098  clone3({flags=CLONE_VM|CLONE_FS|CLONE_FILES|CLONE_SIGHAND|CLONE_THREAD|CLONE_SYSVSEM|CLONE_SETTLS|CLONE_PARENT_SETTID|CLONE_CHILD_CLEARTID, child_tid=0xff38fffff050, parent_tid=0xff38fffff050, exit_signal=0, stack=0xff38fbff0000, stack_size=0x400e840, tls=0xff38fffff6c0} => {parent_tid=[6099]}, 88) = 6099
6098  clone3({flags=CLONE_VM|CLONE_FS|CLONE_FILES|CLONE_SIGHAND|CLONE_THREAD|CLONE_SYSVSEM|CLONE_SETTLS|CLONE_PARENT_SETTID|CLONE_CHILD_CLEARTID, child_tid=0xff38fbfef050, parent_tid=0xff38fbfef050, exit_signal=0, stack=0xff38f7fe0000, stack_size=0x400e840, tls=0xff38fbfef6c0} => {parent_tid=[6100]}, 88) = 6100
6098  clone3({flags=CLONE_VM|CLONE_FS|CLONE_FILES|CLONE_SIGHAND|CLONE_THREAD|CLONE_SYSVSEM|CLONE_SETTLS|CLONE_PARENT_SETTID|CLONE_CHILD_CLEARTID, child_tid=0xff38effff050, parent_tid=0xff38effff050, exit_signal=0, stack=0xff38ebff0000, stack_size=0x400e840, tls=0xff38effff6c0} => {parent_tid=[6101]}, 88) = 6101
6101  exit(0)                           = ?
6100  exit(0 <unfinished ...>
6101  +++ exited with 0 +++
6100  <... exit resumed>)               = ?
6100  +++ exited with 0 +++
6099  exit(0 <unfinished ...>
6098  exit(0 <unfinished ...>
6097  exit_group(0 <unfinished ...>
6099  <... exit resumed>)               = ?
6098  <... exit resumed>)               = ?
6097  <... exit_group resumed>)         = ?
6099  +++ exited with 0 +++
6098  +++ exited with 0 +++
6097  +++ exited with 0 +++
6096  <... wait4 resumed>[{WIFEXITED(s) && WEXITSTATUS(s) == 0}], 0, NULL) = 6097
6096  --- SIGCHLD {si_signo=SIGCHLD, si_code=CLD_EXITED, si_pid=6097, si_uid=1001, si_status=0, si_utime=0, si_stime=1 /* 0.01 s */} ---
6096  exit_group(0)                     = ?
6096  +++ exited with 0 +++
6094  <... wait4 resumed>[{WIFEXITED(s) && WEXITSTATUS(s) == 0}], 0, NULL) = 6096
6094  --- SIGCHLD {si_signo=SIGCHLD, si_code=CLD_EXITED, si_pid=6096, si_uid=1001, si_status=0, si_utime=0, si_stime=0} ---
6094  exit_group(0)                     = ?
6094  +++ exited with 0 +++
6092  <... wait4 resumed>[{WIFEXITED(s) && WEXITSTATUS(s) == 0}], 0, NULL) = 6094
6092  --- SIGCHLD {si_signo=SIGCHLD, si_code=CLD_EXITED, si_pid=6094, si_uid=1001, si_status=0, si_utime=0, si_stime=0} ---
6092  exit_group(0)                     = ?
6092  +++ exited with 0 +++
