6596  execve("/home/runner/work/_temp/baseline-bootstrap-workspace/b4/compiler", ["/home/runner/work/_temp/baseline"..., "build", "/home/runner/work/_temp/baseline"..., "--output", "/home/runner/work/_temp/baseline"..., "--qbe", "/home/runner/work/_temp/qbe-1.3/"..., "--cc", "/usr/bin/cc", "--target", "linux-arm64-v0"], 0xffffebd39a08 /* 112 vars */) = 0
6596  clone(child_stack=NULL, flags=CLONE_CHILD_CLEARTID|CLONE_CHILD_SETTID|SIGCHLD, child_tidptr=0xff2c5542bf90) = 6597
6596  wait4(6597,  <unfinished ...>
6597  execve("/home/runner/work/_temp/qbe-1.3/qbe", ["/home/runner/work/_temp/qbe-1.3/"..., "-t", "arm64", "-o", "/home/runner/work/_temp/baseline"..., "/home/runner/work/_temp/baseline"...], 0xfffff13e1ef8 /* 112 vars */) = 0
6597  exit_group(0)                     = ?
6597  +++ exited with 0 +++
6596  <... wait4 resumed>[{WIFEXITED(s) && WEXITSTATUS(s) == 0}], 0, NULL) = 6597
6596  --- SIGCHLD {si_signo=SIGCHLD, si_code=CLD_EXITED, si_pid=6597, si_uid=1001, si_status=0, si_utime=0, si_stime=0} ---
6596  clone(child_stack=NULL, flags=CLONE_CHILD_CLEARTID|CLONE_CHILD_SETTID|SIGCHLD, child_tidptr=0xff2c5542bf90) = 6598
6596  wait4(6598,  <unfinished ...>
6598  execve("/usr/bin/cc", ["/usr/bin/cc", "-xassembler", "/home/runner/work/_temp/baseline"..., "-fuse-ld=lld", "-Wl,--gc-sections,--strip-all", "-lm", "-o", "/home/runner/work/_temp/baseline"...], 0xfffff13e1ef8 /* 112 vars */) = 0
6598  clone(child_stack=0xffffef34d630, flags=CLONE_VM|CLONE_VFORK|SIGCHLD <unfinished ...>
6599  execve("/snap/bin/as", ["as", "-EL", "-mabi=lp64", "-o", "/tmp/cc0GJ8VA.o", "/home/runner/work/_temp/baseline"...], 0x354502e0 /* 117 vars */) = -1 ENOENT (No such file or directory)
6599  execve("/home/runner/.local/bin/as", ["as", "-EL", "-mabi=lp64", "-o", "/tmp/cc0GJ8VA.o", "/home/runner/work/_temp/baseline"...], 0x354502e0 /* 117 vars */) = -1 ENOENT (No such file or directory)
6599  execve("/opt/pipx_bin/as", ["as", "-EL", "-mabi=lp64", "-o", "/tmp/cc0GJ8VA.o", "/home/runner/work/_temp/baseline"...], 0x354502e0 /* 117 vars */) = -1 ENOENT (No such file or directory)
6599  execve("/home/runner/.cargo/bin/as", ["as", "-EL", "-mabi=lp64", "-o", "/tmp/cc0GJ8VA.o", "/home/runner/work/_temp/baseline"...], 0x354502e0 /* 117 vars */) = -1 ENOENT (No such file or directory)
6599  execve("/home/runner/.config/composer/vendor/bin/as", ["as", "-EL", "-mabi=lp64", "-o", "/tmp/cc0GJ8VA.o", "/home/runner/work/_temp/baseline"...], 0x354502e0 /* 117 vars */) = -1 ENOENT (No such file or directory)
6599  execve("/home/runner/.dotnet/tools/as", ["as", "-EL", "-mabi=lp64", "-o", "/tmp/cc0GJ8VA.o", "/home/runner/work/_temp/baseline"...], 0x354502e0 /* 117 vars */) = -1 ENOENT (No such file or directory)
6599  execve("/usr/local/sbin/as", ["as", "-EL", "-mabi=lp64", "-o", "/tmp/cc0GJ8VA.o", "/home/runner/work/_temp/baseline"...], 0x354502e0 /* 117 vars */) = -1 ENOENT (No such file or directory)
6599  execve("/usr/local/bin/as", ["as", "-EL", "-mabi=lp64", "-o", "/tmp/cc0GJ8VA.o", "/home/runner/work/_temp/baseline"...], 0x354502e0 /* 117 vars */) = -1 ENOENT (No such file or directory)
6599  execve("/usr/sbin/as", ["as", "-EL", "-mabi=lp64", "-o", "/tmp/cc0GJ8VA.o", "/home/runner/work/_temp/baseline"...], 0x354502e0 /* 117 vars */) = -1 ENOENT (No such file or directory)
6599  execve("/usr/bin/as", ["as", "-EL", "-mabi=lp64", "-o", "/tmp/cc0GJ8VA.o", "/home/runner/work/_temp/baseline"...], 0x354502e0 /* 117 vars */ <unfinished ...>
6598  <... clone resumed>)              = 6599
6599  <... execve resumed>)             = 0
6598  wait4(6599,  <unfinished ...>
6599  exit_group(0)                     = ?
6599  +++ exited with 0 +++
6598  <... wait4 resumed>[{WIFEXITED(s) && WEXITSTATUS(s) == 0}], 0, NULL) = 6599
6598  --- SIGCHLD {si_signo=SIGCHLD, si_code=CLD_EXITED, si_pid=6599, si_uid=1001, si_status=0, si_utime=0, si_stime=0} ---
6598  clone(child_stack=0xffffef34c770, flags=CLONE_VM|CLONE_VFORK|SIGCHLD <unfinished ...>
6600  execve("/usr/libexec/gcc/aarch64-linux-gnu/13/collect2", ["/usr/libexec/gcc/aarch64-linux-g"..., "-plugin", "/usr/libexec/gcc/aarch64-linux-g"..., "-plugin-opt=/usr/libexec/gcc/aar"..., "-plugin-opt=-fresolution=/tmp/cc"..., "-plugin-opt=-pass-through=-lgcc", "-plugin-opt=-pass-through=-lgcc_"..., "-plugin-opt=-pass-through=-lc", "-plugin-opt=-pass-through=-lgcc", "-plugin-opt=-pass-through=-lgcc_"..., "--build-id", "--eh-frame-hdr", "--hash-style=gnu", "--as-needed", "-dynamic-linker", "/lib/ld-linux-aarch64.so.1", "-X", "-EL", "-maarch64linux", "--fix-cortex-a53-843419", "-pie", "-z", "now", "-fuse-ld=lld", "-z", "relro", "-o", "/home/runner/work/_temp/baseline"..., "/usr/lib/gcc/aarch64-linux-gnu/1"..., "/usr/lib/gcc/aarch64-linux-gnu/1"..., "/usr/lib/gcc/aarch64-linux-gnu/1"..., "-L/usr/lib/gcc/aarch64-linux-gnu"..., ...], 0x35450990 /* 119 vars */ <unfinished ...>
6598  <... clone resumed>)              = 6600
6600  <... execve resumed>)             = 0
6598  wait4(6600,  <unfinished ...>
6600  clone(child_stack=0xfffff3059ca0, flags=CLONE_VM|CLONE_VFORK|SIGCHLD <unfinished ...>
6601  execve("/usr/bin/ld.lld", ["/usr/bin/ld.lld", "-plugin", "/usr/libexec/gcc/aarch64-linux-g"..., "-plugin-opt=/usr/libexec/gcc/aar"..., "-plugin-opt=-fresolution=/tmp/cc"..., "-plugin-opt=-pass-through=-lgcc", "-plugin-opt=-pass-through=-lgcc_"..., "-plugin-opt=-pass-through=-lc", "-plugin-opt=-pass-through=-lgcc", "-plugin-opt=-pass-through=-lgcc_"..., "--build-id", "--eh-frame-hdr", "--hash-style=gnu", "--as-needed", "-dynamic-linker", "/lib/ld-linux-aarch64.so.1", "-X", "-EL", "-maarch64linux", "--fix-cortex-a53-843419", "-pie", "-z", "now", "-z", "relro", "-o", "/home/runner/work/_temp/baseline"..., "/usr/lib/gcc/aarch64-linux-gnu/1"..., "/usr/lib/gcc/aarch64-linux-gnu/1"..., "/usr/lib/gcc/aarch64-linux-gnu/1"..., "-L/usr/lib/gcc/aarch64-linux-gnu"..., "-L/usr/lib/gcc/aarch64-linux-gnu"..., ...], 0xfffff305a360 /* 119 vars */ <unfinished ...>
6600  <... clone resumed>)              = 6601
6601  <... execve resumed>)             = 0
6600  wait4(6601,  <unfinished ...>
6601  clone3({flags=CLONE_VM|CLONE_FS|CLONE_FILES|CLONE_SIGHAND|CLONE_THREAD|CLONE_SYSVSEM|CLONE_SETTLS|CLONE_PARENT_SETTID|CLONE_CHILD_CLEARTID, child_tid=0xffd0ce5ff050, parent_tid=0xffd0ce5ff050, exit_signal=0, stack=0xffd0ca5f0000, stack_size=0x400e840, tls=0xffd0ce5ff6c0} => {parent_tid=[6602]}, 88) = 6602
6602  clone3({flags=CLONE_VM|CLONE_FS|CLONE_FILES|CLONE_SIGHAND|CLONE_THREAD|CLONE_SYSVSEM|CLONE_SETTLS|CLONE_PARENT_SETTID|CLONE_CHILD_CLEARTID, child_tid=0xffd0c3fff050, parent_tid=0xffd0c3fff050, exit_signal=0, stack=0xffd0bfff0000, stack_size=0x400e840, tls=0xffd0c3fff6c0} => {parent_tid=[6603]}, 88) = 6603
6602  clone3({flags=CLONE_VM|CLONE_FS|CLONE_FILES|CLONE_SIGHAND|CLONE_THREAD|CLONE_SYSVSEM|CLONE_SETTLS|CLONE_PARENT_SETTID|CLONE_CHILD_CLEARTID, child_tid=0xffd0bffef050, parent_tid=0xffd0bffef050, exit_signal=0, stack=0xffd0bbfe0000, stack_size=0x400e840, tls=0xffd0bffef6c0} => {parent_tid=[6604]}, 88) = 6604
6602  clone3({flags=CLONE_VM|CLONE_FS|CLONE_FILES|CLONE_SIGHAND|CLONE_THREAD|CLONE_SYSVSEM|CLONE_SETTLS|CLONE_PARENT_SETTID|CLONE_CHILD_CLEARTID, child_tid=0xffd0b3fff050, parent_tid=0xffd0b3fff050, exit_signal=0, stack=0xffd0afff0000, stack_size=0x400e840, tls=0xffd0b3fff6c0} => {parent_tid=[6605]}, 88) = 6605
6603  exit(0 <unfinished ...>
6605  exit(0)                           = ?
6603  <... exit resumed>)               = ?
6605  +++ exited with 0 +++
6604  exit(0 <unfinished ...>
6603  +++ exited with 0 +++
6601  exit_group(0 <unfinished ...>
6604  <... exit resumed>)               = ?
6604  +++ exited with 0 +++
6601  <... exit_group resumed>)         = ?
6602  +++ exited with 0 +++
6601  +++ exited with 0 +++
6600  <... wait4 resumed>[{WIFEXITED(s) && WEXITSTATUS(s) == 0}], 0, NULL) = 6601
6600  --- SIGCHLD {si_signo=SIGCHLD, si_code=CLD_EXITED, si_pid=6601, si_uid=1001, si_status=0, si_utime=1 /* 0.01 s */, si_stime=1 /* 0.01 s */} ---
6600  exit_group(0)                     = ?
6600  +++ exited with 0 +++
6598  <... wait4 resumed>[{WIFEXITED(s) && WEXITSTATUS(s) == 0}], 0, NULL) = 6600
6598  --- SIGCHLD {si_signo=SIGCHLD, si_code=CLD_EXITED, si_pid=6600, si_uid=1001, si_status=0, si_utime=0, si_stime=0} ---
6598  exit_group(0)                     = ?
6598  +++ exited with 0 +++
6596  <... wait4 resumed>[{WIFEXITED(s) && WEXITSTATUS(s) == 0}], 0, NULL) = 6598
6596  --- SIGCHLD {si_signo=SIGCHLD, si_code=CLD_EXITED, si_pid=6598, si_uid=1001, si_status=0, si_utime=0, si_stime=0} ---
6596  exit_group(0)                     = ?
6596  +++ exited with 0 +++
