9986  execve("/home/runner/work/_temp/candidate-compiler", ["/home/runner/work/_temp/candidat"..., "build", "/home/runner/work/type-rb-native"..., "--output", "/home/runner/work/_temp/build-wo"..., "--qbe", "/home/runner/work/_temp/qbe-1.3/"..., "--cc", "/usr/bin/cc", "--target", "linux-arm64-v0"], 0xffffe50d8648 /* 115 vars */) = 0
9986  clone(child_stack=NULL, flags=CLONE_CHILD_CLEARTID|CLONE_CHILD_SETTID|SIGCHLD, child_tidptr=0xff61a4607f90) = 9987
9986  wait4(9987,  <unfinished ...>
9987  execve("/home/runner/work/_temp/qbe-1.3/qbe", ["/home/runner/work/_temp/qbe-1.3/"..., "-t", "arm64", "-o", "/home/runner/work/_temp/build-wo"..., "/home/runner/work/_temp/build-wo"...], 0xffffffeb7dd8 /* 115 vars */) = 0
9987  exit_group(0)                     = ?
9987  +++ exited with 0 +++
9986  <... wait4 resumed>[{WIFEXITED(s) && WEXITSTATUS(s) == 0}], 0, NULL) = 9987
9986  --- SIGCHLD {si_signo=SIGCHLD, si_code=CLD_EXITED, si_pid=9987, si_uid=1001, si_status=0, si_utime=1 /* 0.01 s */, si_stime=0} ---
9986  clone(child_stack=NULL, flags=CLONE_CHILD_CLEARTID|CLONE_CHILD_SETTID|SIGCHLD, child_tidptr=0xff61a4607f90) = 9988
9986  wait4(9988,  <unfinished ...>
9988  execve("/usr/bin/cc", ["/usr/bin/cc", "-xassembler", "/home/runner/work/_temp/build-wo"..., "-fuse-ld=lld", "-Wl,--gc-sections,--strip-all", "-lm", "-o", "/home/runner/work/_temp/build-wo"...], 0xffffffeb7dd8 /* 115 vars */) = 0
9988  clone(child_stack=0xffffe7195410, flags=CLONE_VM|CLONE_VFORK|SIGCHLD <unfinished ...>
9989  execve("/home/runner/go/bin/as", ["as", "-EL", "-mabi=lp64", "-o", "/tmp/cc1qfpZz.o", "/home/runner/work/_temp/build-wo"...], 0x1224ed80 /* 120 vars */) = -1 ENOENT (No such file or directory)
9989  execve("/opt/hostedtoolcache/go/1.27.1/arm64/bin/as", ["as", "-EL", "-mabi=lp64", "-o", "/tmp/cc1qfpZz.o", "/home/runner/work/_temp/build-wo"...], 0x1224ed80 /* 120 vars */) = -1 ENOENT (No such file or directory)
9989  execve("/snap/bin/as", ["as", "-EL", "-mabi=lp64", "-o", "/tmp/cc1qfpZz.o", "/home/runner/work/_temp/build-wo"...], 0x1224ed80 /* 120 vars */) = -1 ENOENT (No such file or directory)
9989  execve("/home/runner/.local/bin/as", ["as", "-EL", "-mabi=lp64", "-o", "/tmp/cc1qfpZz.o", "/home/runner/work/_temp/build-wo"...], 0x1224ed80 /* 120 vars */) = -1 ENOENT (No such file or directory)
9989  execve("/opt/pipx_bin/as", ["as", "-EL", "-mabi=lp64", "-o", "/tmp/cc1qfpZz.o", "/home/runner/work/_temp/build-wo"...], 0x1224ed80 /* 120 vars */) = -1 ENOENT (No such file or directory)
9989  execve("/home/runner/.cargo/bin/as", ["as", "-EL", "-mabi=lp64", "-o", "/tmp/cc1qfpZz.o", "/home/runner/work/_temp/build-wo"...], 0x1224ed80 /* 120 vars */) = -1 ENOENT (No such file or directory)
9989  execve("/home/runner/.config/composer/vendor/bin/as", ["as", "-EL", "-mabi=lp64", "-o", "/tmp/cc1qfpZz.o", "/home/runner/work/_temp/build-wo"...], 0x1224ed80 /* 120 vars */) = -1 ENOENT (No such file or directory)
9989  execve("/home/runner/.dotnet/tools/as", ["as", "-EL", "-mabi=lp64", "-o", "/tmp/cc1qfpZz.o", "/home/runner/work/_temp/build-wo"...], 0x1224ed80 /* 120 vars */) = -1 ENOENT (No such file or directory)
9989  execve("/usr/local/sbin/as", ["as", "-EL", "-mabi=lp64", "-o", "/tmp/cc1qfpZz.o", "/home/runner/work/_temp/build-wo"...], 0x1224ed80 /* 120 vars */) = -1 ENOENT (No such file or directory)
9989  execve("/usr/local/bin/as", ["as", "-EL", "-mabi=lp64", "-o", "/tmp/cc1qfpZz.o", "/home/runner/work/_temp/build-wo"...], 0x1224ed80 /* 120 vars */) = -1 ENOENT (No such file or directory)
9989  execve("/usr/sbin/as", ["as", "-EL", "-mabi=lp64", "-o", "/tmp/cc1qfpZz.o", "/home/runner/work/_temp/build-wo"...], 0x1224ed80 /* 120 vars */) = -1 ENOENT (No such file or directory)
9989  execve("/usr/bin/as", ["as", "-EL", "-mabi=lp64", "-o", "/tmp/cc1qfpZz.o", "/home/runner/work/_temp/build-wo"...], 0x1224ed80 /* 120 vars */ <unfinished ...>
9988  <... clone resumed>)              = 9989
9988  wait4(9989,  <unfinished ...>
9989  <... execve resumed>)             = 0
9989  exit_group(0)                     = ?
9989  +++ exited with 0 +++
9988  <... wait4 resumed>[{WIFEXITED(s) && WEXITSTATUS(s) == 0}], 0, NULL) = 9989
9988  --- SIGCHLD {si_signo=SIGCHLD, si_code=CLD_EXITED, si_pid=9989, si_uid=1001, si_status=0, si_utime=0, si_stime=0} ---
9988  clone(child_stack=0xffffe7194550, flags=CLONE_VM|CLONE_VFORK|SIGCHLD <unfinished ...>
9990  execve("/usr/libexec/gcc/aarch64-linux-gnu/13/collect2", ["/usr/libexec/gcc/aarch64-linux-g"..., "-plugin", "/usr/libexec/gcc/aarch64-linux-g"..., "-plugin-opt=/usr/libexec/gcc/aar"..., "-plugin-opt=-fresolution=/tmp/cc"..., "-plugin-opt=-pass-through=-lgcc", "-plugin-opt=-pass-through=-lgcc_"..., "-plugin-opt=-pass-through=-lc", "-plugin-opt=-pass-through=-lgcc", "-plugin-opt=-pass-through=-lgcc_"..., "--build-id", "--eh-frame-hdr", "--hash-style=gnu", "--as-needed", "-dynamic-linker", "/lib/ld-linux-aarch64.so.1", "-X", "-EL", "-maarch64linux", "--fix-cortex-a53-843419", "-pie", "-z", "now", "-fuse-ld=lld", "-z", "relro", "-o", "/home/runner/work/_temp/build-wo"..., "/usr/lib/gcc/aarch64-linux-gnu/1"..., "/usr/lib/gcc/aarch64-linux-gnu/1"..., "/usr/lib/gcc/aarch64-linux-gnu/1"..., "-L/usr/lib/gcc/aarch64-linux-gnu"..., ...], 0x1224f5d0 /* 122 vars */ <unfinished ...>
9988  <... clone resumed>)              = 9990
9988  wait4(9990,  <unfinished ...>
9990  <... execve resumed>)             = 0
9990  clone(child_stack=0xffffe133a260, flags=CLONE_VM|CLONE_VFORK|SIGCHLD <unfinished ...>
9991  execve("/usr/bin/ld.lld", ["/usr/bin/ld.lld", "-plugin", "/usr/libexec/gcc/aarch64-linux-g"..., "-plugin-opt=/usr/libexec/gcc/aar"..., "-plugin-opt=-fresolution=/tmp/cc"..., "-plugin-opt=-pass-through=-lgcc", "-plugin-opt=-pass-through=-lgcc_"..., "-plugin-opt=-pass-through=-lc", "-plugin-opt=-pass-through=-lgcc", "-plugin-opt=-pass-through=-lgcc_"..., "--build-id", "--eh-frame-hdr", "--hash-style=gnu", "--as-needed", "-dynamic-linker", "/lib/ld-linux-aarch64.so.1", "-X", "-EL", "-maarch64linux", "--fix-cortex-a53-843419", "-pie", "-z", "now", "-z", "relro", "-o", "/home/runner/work/_temp/build-wo"..., "/usr/lib/gcc/aarch64-linux-gnu/1"..., "/usr/lib/gcc/aarch64-linux-gnu/1"..., "/usr/lib/gcc/aarch64-linux-gnu/1"..., "-L/usr/lib/gcc/aarch64-linux-gnu"..., "-L/usr/lib/gcc/aarch64-linux-gnu"..., ...], 0xffffe133a920 /* 122 vars */ <unfinished ...>
9990  <... clone resumed>)              = 9991
9990  wait4(9991,  <unfinished ...>
9991  <... execve resumed>)             = 0
9991  clone3({flags=CLONE_VM|CLONE_FS|CLONE_FILES|CLONE_SIGHAND|CLONE_THREAD|CLONE_SYSVSEM|CLONE_SETTLS|CLONE_PARENT_SETTID|CLONE_CHILD_CLEARTID, child_tid=0xffac4f5ff050, parent_tid=0xffac4f5ff050, exit_signal=0, stack=0xffac4b5f0000, stack_size=0x400e840, tls=0xffac4f5ff6c0} => {parent_tid=[9992]}, 88) = 9992
9992  clone3({flags=CLONE_VM|CLONE_FS|CLONE_FILES|CLONE_SIGHAND|CLONE_THREAD|CLONE_SYSVSEM|CLONE_SETTLS|CLONE_PARENT_SETTID|CLONE_CHILD_CLEARTID, child_tid=0xffac43fff050, parent_tid=0xffac43fff050, exit_signal=0, stack=0xffac3fff0000, stack_size=0x400e840, tls=0xffac43fff6c0} => {parent_tid=[9993]}, 88) = 9993
9992  clone3({flags=CLONE_VM|CLONE_FS|CLONE_FILES|CLONE_SIGHAND|CLONE_THREAD|CLONE_SYSVSEM|CLONE_SETTLS|CLONE_PARENT_SETTID|CLONE_CHILD_CLEARTID, child_tid=0xffac3ffef050, parent_tid=0xffac3ffef050, exit_signal=0, stack=0xffac3bfe0000, stack_size=0x400e840, tls=0xffac3ffef6c0} => {parent_tid=[9994]}, 88) = 9994
9992  clone3({flags=CLONE_VM|CLONE_FS|CLONE_FILES|CLONE_SIGHAND|CLONE_THREAD|CLONE_SYSVSEM|CLONE_SETTLS|CLONE_PARENT_SETTID|CLONE_CHILD_CLEARTID, child_tid=0xffac33fff050, parent_tid=0xffac33fff050, exit_signal=0, stack=0xffac2fff0000, stack_size=0x400e840, tls=0xffac33fff6c0} => {parent_tid=[9995]}, 88) = 9995
9995  exit(0)                           = ?
9991  exit_group(0 <unfinished ...>
9992  exit(0 <unfinished ...>
9995  +++ exited with 0 +++
9992  <... exit resumed>)               = ?
9991  <... exit_group resumed>)         = ?
9994  +++ exited with 0 +++
9993  +++ exited with 0 +++
9992  +++ exited with 0 +++
9991  +++ exited with 0 +++
9990  <... wait4 resumed>[{WIFEXITED(s) && WEXITSTATUS(s) == 0}], 0, NULL) = 9991
9990  --- SIGCHLD {si_signo=SIGCHLD, si_code=CLD_EXITED, si_pid=9991, si_uid=1001, si_status=0, si_utime=0, si_stime=3 /* 0.03 s */} ---
9990  exit_group(0)                     = ?
9990  +++ exited with 0 +++
9988  <... wait4 resumed>[{WIFEXITED(s) && WEXITSTATUS(s) == 0}], 0, NULL) = 9990
9988  --- SIGCHLD {si_signo=SIGCHLD, si_code=CLD_EXITED, si_pid=9990, si_uid=1001, si_status=0, si_utime=0, si_stime=0} ---
9988  exit_group(0)                     = ?
9988  +++ exited with 0 +++
9986  <... wait4 resumed>[{WIFEXITED(s) && WEXITSTATUS(s) == 0}], 0, NULL) = 9988
9986  --- SIGCHLD {si_signo=SIGCHLD, si_code=CLD_EXITED, si_pid=9988, si_uid=1001, si_status=0, si_utime=0, si_stime=0} ---
9986  exit_group(0)                     = ?
9986  +++ exited with 0 +++
