10214 execve("/home/runner/work/_temp/candidate-compiler", ["/home/runner/work/_temp/candidat"..., "build", "/home/runner/work/type-rb-native"..., "--output", "/home/runner/work/_temp/build-wo"..., "--qbe", "/home/runner/work/_temp/qbe-1.3/"..., "--cc", "/usr/bin/cc", "--target", "linux-arm64-v0"], 0xffffc4ac8f98 /* 115 vars */) = 0
10214 clone(child_stack=NULL, flags=CLONE_CHILD_CLEARTID|CLONE_CHILD_SETTID|SIGCHLD, child_tidptr=0xff86c21b6f90) = 10215
10214 wait4(10215,  <unfinished ...>
10215 execve("/home/runner/work/_temp/qbe-1.3/qbe", ["/home/runner/work/_temp/qbe-1.3/"..., "-t", "arm64", "-o", "/home/runner/work/_temp/build-wo"..., "/home/runner/work/_temp/build-wo"...], 0xffffd3019518 /* 115 vars */) = 0
10215 exit_group(0)                     = ?
10215 +++ exited with 0 +++
10214 <... wait4 resumed>[{WIFEXITED(s) && WEXITSTATUS(s) == 0}], 0, NULL) = 10215
10214 --- SIGCHLD {si_signo=SIGCHLD, si_code=CLD_EXITED, si_pid=10215, si_uid=1001, si_status=0, si_utime=1 /* 0.01 s */, si_stime=0} ---
10214 clone(child_stack=NULL, flags=CLONE_CHILD_CLEARTID|CLONE_CHILD_SETTID|SIGCHLD, child_tidptr=0xff86c21b6f90) = 10216
10214 wait4(10216,  <unfinished ...>
10216 execve("/usr/bin/cc", ["/usr/bin/cc", "-xassembler", "/home/runner/work/_temp/build-wo"..., "-fuse-ld=lld", "-Wl,--gc-sections,--strip-all", "-lm", "-o", "/home/runner/work/_temp/build-wo"...], 0xffffd3019518 /* 115 vars */) = 0
10216 clone(child_stack=0xffffedcc4b90, flags=CLONE_VM|CLONE_VFORK|SIGCHLD <unfinished ...>
10217 execve("/home/runner/go/bin/as", ["as", "-EL", "-mabi=lp64", "-o", "/tmp/cc0rJV47.o", "/home/runner/work/_temp/build-wo"...], 0xc379d80 /* 120 vars */) = -1 ENOENT (No such file or directory)
10217 execve("/opt/hostedtoolcache/go/1.27.1/arm64/bin/as", ["as", "-EL", "-mabi=lp64", "-o", "/tmp/cc0rJV47.o", "/home/runner/work/_temp/build-wo"...], 0xc379d80 /* 120 vars */) = -1 ENOENT (No such file or directory)
10217 execve("/snap/bin/as", ["as", "-EL", "-mabi=lp64", "-o", "/tmp/cc0rJV47.o", "/home/runner/work/_temp/build-wo"...], 0xc379d80 /* 120 vars */) = -1 ENOENT (No such file or directory)
10217 execve("/home/runner/.local/bin/as", ["as", "-EL", "-mabi=lp64", "-o", "/tmp/cc0rJV47.o", "/home/runner/work/_temp/build-wo"...], 0xc379d80 /* 120 vars */) = -1 ENOENT (No such file or directory)
10217 execve("/opt/pipx_bin/as", ["as", "-EL", "-mabi=lp64", "-o", "/tmp/cc0rJV47.o", "/home/runner/work/_temp/build-wo"...], 0xc379d80 /* 120 vars */) = -1 ENOENT (No such file or directory)
10217 execve("/home/runner/.cargo/bin/as", ["as", "-EL", "-mabi=lp64", "-o", "/tmp/cc0rJV47.o", "/home/runner/work/_temp/build-wo"...], 0xc379d80 /* 120 vars */) = -1 ENOENT (No such file or directory)
10217 execve("/home/runner/.config/composer/vendor/bin/as", ["as", "-EL", "-mabi=lp64", "-o", "/tmp/cc0rJV47.o", "/home/runner/work/_temp/build-wo"...], 0xc379d80 /* 120 vars */) = -1 ENOENT (No such file or directory)
10217 execve("/home/runner/.dotnet/tools/as", ["as", "-EL", "-mabi=lp64", "-o", "/tmp/cc0rJV47.o", "/home/runner/work/_temp/build-wo"...], 0xc379d80 /* 120 vars */) = -1 ENOENT (No such file or directory)
10217 execve("/usr/local/sbin/as", ["as", "-EL", "-mabi=lp64", "-o", "/tmp/cc0rJV47.o", "/home/runner/work/_temp/build-wo"...], 0xc379d80 /* 120 vars */) = -1 ENOENT (No such file or directory)
10217 execve("/usr/local/bin/as", ["as", "-EL", "-mabi=lp64", "-o", "/tmp/cc0rJV47.o", "/home/runner/work/_temp/build-wo"...], 0xc379d80 /* 120 vars */) = -1 ENOENT (No such file or directory)
10217 execve("/usr/sbin/as", ["as", "-EL", "-mabi=lp64", "-o", "/tmp/cc0rJV47.o", "/home/runner/work/_temp/build-wo"...], 0xc379d80 /* 120 vars */) = -1 ENOENT (No such file or directory)
10217 execve("/usr/bin/as", ["as", "-EL", "-mabi=lp64", "-o", "/tmp/cc0rJV47.o", "/home/runner/work/_temp/build-wo"...], 0xc379d80 /* 120 vars */ <unfinished ...>
10216 <... clone resumed>)              = 10217
10216 wait4(10217,  <unfinished ...>
10217 <... execve resumed>)             = 0
10217 exit_group(0)                     = ?
10217 +++ exited with 0 +++
10216 <... wait4 resumed>[{WIFEXITED(s) && WEXITSTATUS(s) == 0}], 0, NULL) = 10217
10216 --- SIGCHLD {si_signo=SIGCHLD, si_code=CLD_EXITED, si_pid=10217, si_uid=1001, si_status=0, si_utime=0, si_stime=0} ---
10216 clone(child_stack=0xffffedcc3cd0, flags=CLONE_VM|CLONE_VFORK|SIGCHLD <unfinished ...>
10218 execve("/usr/libexec/gcc/aarch64-linux-gnu/13/collect2", ["/usr/libexec/gcc/aarch64-linux-g"..., "-plugin", "/usr/libexec/gcc/aarch64-linux-g"..., "-plugin-opt=/usr/libexec/gcc/aar"..., "-plugin-opt=-fresolution=/tmp/cc"..., "-plugin-opt=-pass-through=-lgcc", "-plugin-opt=-pass-through=-lgcc_"..., "-plugin-opt=-pass-through=-lc", "-plugin-opt=-pass-through=-lgcc", "-plugin-opt=-pass-through=-lgcc_"..., "--build-id", "--eh-frame-hdr", "--hash-style=gnu", "--as-needed", "-dynamic-linker", "/lib/ld-linux-aarch64.so.1", "-X", "-EL", "-maarch64linux", "--fix-cortex-a53-843419", "-pie", "-z", "now", "-fuse-ld=lld", "-z", "relro", "-o", "/home/runner/work/_temp/build-wo"..., "/usr/lib/gcc/aarch64-linux-gnu/1"..., "/usr/lib/gcc/aarch64-linux-gnu/1"..., "/usr/lib/gcc/aarch64-linux-gnu/1"..., "-L/usr/lib/gcc/aarch64-linux-gnu"..., ...], 0xc37a5d0 /* 122 vars */ <unfinished ...>
10216 <... clone resumed>)              = 10218
10216 wait4(10218,  <unfinished ...>
10218 <... execve resumed>)             = 0
10218 clone(child_stack=0xffffe6ceddc0, flags=CLONE_VM|CLONE_VFORK|SIGCHLD <unfinished ...>
10219 execve("/usr/bin/ld.lld", ["/usr/bin/ld.lld", "-plugin", "/usr/libexec/gcc/aarch64-linux-g"..., "-plugin-opt=/usr/libexec/gcc/aar"..., "-plugin-opt=-fresolution=/tmp/cc"..., "-plugin-opt=-pass-through=-lgcc", "-plugin-opt=-pass-through=-lgcc_"..., "-plugin-opt=-pass-through=-lc", "-plugin-opt=-pass-through=-lgcc", "-plugin-opt=-pass-through=-lgcc_"..., "--build-id", "--eh-frame-hdr", "--hash-style=gnu", "--as-needed", "-dynamic-linker", "/lib/ld-linux-aarch64.so.1", "-X", "-EL", "-maarch64linux", "--fix-cortex-a53-843419", "-pie", "-z", "now", "-z", "relro", "-o", "/home/runner/work/_temp/build-wo"..., "/usr/lib/gcc/aarch64-linux-gnu/1"..., "/usr/lib/gcc/aarch64-linux-gnu/1"..., "/usr/lib/gcc/aarch64-linux-gnu/1"..., "-L/usr/lib/gcc/aarch64-linux-gnu"..., "-L/usr/lib/gcc/aarch64-linux-gnu"..., ...], 0xffffe6cee480 /* 122 vars */ <unfinished ...>
10218 <... clone resumed>)              = 10219
10218 wait4(10219,  <unfinished ...>
10219 <... execve resumed>)             = 0
10219 clone3({flags=CLONE_VM|CLONE_FS|CLONE_FILES|CLONE_SIGHAND|CLONE_THREAD|CLONE_SYSVSEM|CLONE_SETTLS|CLONE_PARENT_SETTID|CLONE_CHILD_CLEARTID, child_tid=0xffacc83ff050, parent_tid=0xffacc83ff050, exit_signal=0, stack=0xffacc43f0000, stack_size=0x400e840, tls=0xffacc83ff6c0} => {parent_tid=[10220]}, 88) = 10220
10220 clone3({flags=CLONE_VM|CLONE_FS|CLONE_FILES|CLONE_SIGHAND|CLONE_THREAD|CLONE_SYSVSEM|CLONE_SETTLS|CLONE_PARENT_SETTID|CLONE_CHILD_CLEARTID, child_tid=0xffacbffff050, parent_tid=0xffacbffff050, exit_signal=0, stack=0xffacbbff0000, stack_size=0x400e840, tls=0xffacbffff6c0} => {parent_tid=[10221]}, 88) = 10221
10220 clone3({flags=CLONE_VM|CLONE_FS|CLONE_FILES|CLONE_SIGHAND|CLONE_THREAD|CLONE_SYSVSEM|CLONE_SETTLS|CLONE_PARENT_SETTID|CLONE_CHILD_CLEARTID, child_tid=0xffacbbfef050, parent_tid=0xffacbbfef050, exit_signal=0, stack=0xffacb7fe0000, stack_size=0x400e840, tls=0xffacbbfef6c0} => {parent_tid=[10222]}, 88) = 10222
10220 clone3({flags=CLONE_VM|CLONE_FS|CLONE_FILES|CLONE_SIGHAND|CLONE_THREAD|CLONE_SYSVSEM|CLONE_SETTLS|CLONE_PARENT_SETTID|CLONE_CHILD_CLEARTID, child_tid=0xffacaffff050, parent_tid=0xffacaffff050, exit_signal=0, stack=0xffacabff0000, stack_size=0x400e840, tls=0xffacaffff6c0} => {parent_tid=[10223]}, 88) = 10223
10223 exit(0 <unfinished ...>
10222 exit(0 <unfinished ...>
10221 exit(0 <unfinished ...>
10223 <... exit resumed>)               = ?
10219 exit_group(0 <unfinished ...>
10222 <... exit resumed>)               = ?
10221 <... exit resumed>)               = ?
10220 ???( <unfinished ...>
10219 <... exit_group resumed>)         = ?
10223 +++ exited with 0 +++
10222 +++ exited with 0 +++
10221 +++ exited with 0 +++
10220 +++ exited with 0 +++
10219 +++ exited with 0 +++
10218 <... wait4 resumed>[{WIFEXITED(s) && WEXITSTATUS(s) == 0}], 0, NULL) = 10219
10218 --- SIGCHLD {si_signo=SIGCHLD, si_code=CLD_EXITED, si_pid=10219, si_uid=1001, si_status=0, si_utime=1 /* 0.01 s */, si_stime=1 /* 0.01 s */} ---
10218 exit_group(0)                     = ?
10218 +++ exited with 0 +++
10216 <... wait4 resumed>[{WIFEXITED(s) && WEXITSTATUS(s) == 0}], 0, NULL) = 10218
10216 --- SIGCHLD {si_signo=SIGCHLD, si_code=CLD_EXITED, si_pid=10218, si_uid=1001, si_status=0, si_utime=0, si_stime=0} ---
10216 exit_group(0)                     = ?
10216 +++ exited with 0 +++
10214 <... wait4 resumed>[{WIFEXITED(s) && WEXITSTATUS(s) == 0}], 0, NULL) = 10216
10214 --- SIGCHLD {si_signo=SIGCHLD, si_code=CLD_EXITED, si_pid=10216, si_uid=1001, si_status=0, si_utime=0, si_stime=0} ---
10214 exit_group(0)                     = ?
10214 +++ exited with 0 +++
