6329  execve("/home/runner/work/_temp/transition/first/compiler", ["/home/runner/work/_temp/transiti"..., "build", "compiler/gate4/src/compiler.trb", "--output", "/home/runner/work/_temp/transiti"..., "--qbe", "/home/runner/work/_temp/qbe-1.3/"..., "--cc", "/usr/bin/cc", "--target", "linux-arm64-v0"], 0xffffec2de218 /* 111 vars */) = 0
6329  clone(child_stack=NULL, flags=CLONE_CHILD_CLEARTID|CLONE_CHILD_SETTID|SIGCHLD, child_tidptr=0xfff1e57c7f90) = 6330
6329  wait4(6330,  <unfinished ...>
6330  execve("/home/runner/work/_temp/qbe-1.3/qbe", ["/home/runner/work/_temp/qbe-1.3/"..., "-t", "arm64", "-o", "/home/runner/work/_temp/transiti"..., "/home/runner/work/_temp/transiti"...], 0xffffd573ac58 /* 111 vars */) = 0
6330  exit_group(0)                     = ?
6330  +++ exited with 0 +++
6329  <... wait4 resumed>[{WIFEXITED(s) && WEXITSTATUS(s) == 0}], 0, NULL) = 6330
6329  --- SIGCHLD {si_signo=SIGCHLD, si_code=CLD_EXITED, si_pid=6330, si_uid=1001, si_status=0, si_utime=19 /* 0.19 s */, si_stime=0} ---
6329  clone(child_stack=NULL, flags=CLONE_CHILD_CLEARTID|CLONE_CHILD_SETTID|SIGCHLD, child_tidptr=0xfff1e57c7f90) = 6331
6329  wait4(6331,  <unfinished ...>
6331  execve("/usr/bin/cc", ["/usr/bin/cc", "-xassembler", "/home/runner/work/_temp/transiti"..., "-Wl,--gc-sections,--strip-all", "-o", "/home/runner/work/_temp/transiti"...], 0xffffd573ac58 /* 111 vars */) = 0
6331  clone(child_stack=0xffffc433ace0, flags=CLONE_VM|CLONE_VFORK|SIGCHLD <unfinished ...>
6332  execve("/home/runner/go/bin/as", ["as", "-EL", "-mabi=lp64", "-o", "/tmp/ccuNfMK8.o", "/home/runner/work/_temp/transiti"...], 0xe886c20 /* 116 vars */) = -1 ENOENT (No such file or directory)
6332  execve("/opt/hostedtoolcache/go/1.27.0/arm64/bin/as", ["as", "-EL", "-mabi=lp64", "-o", "/tmp/ccuNfMK8.o", "/home/runner/work/_temp/transiti"...], 0xe886c20 /* 116 vars */) = -1 ENOENT (No such file or directory)
6332  execve("/snap/bin/as", ["as", "-EL", "-mabi=lp64", "-o", "/tmp/ccuNfMK8.o", "/home/runner/work/_temp/transiti"...], 0xe886c20 /* 116 vars */) = -1 ENOENT (No such file or directory)
6332  execve("/home/runner/.local/bin/as", ["as", "-EL", "-mabi=lp64", "-o", "/tmp/ccuNfMK8.o", "/home/runner/work/_temp/transiti"...], 0xe886c20 /* 116 vars */) = -1 ENOENT (No such file or directory)
6332  execve("/opt/pipx_bin/as", ["as", "-EL", "-mabi=lp64", "-o", "/tmp/ccuNfMK8.o", "/home/runner/work/_temp/transiti"...], 0xe886c20 /* 116 vars */) = -1 ENOENT (No such file or directory)
6332  execve("/home/runner/.cargo/bin/as", ["as", "-EL", "-mabi=lp64", "-o", "/tmp/ccuNfMK8.o", "/home/runner/work/_temp/transiti"...], 0xe886c20 /* 116 vars */) = -1 ENOENT (No such file or directory)
6332  execve("/home/runner/.config/composer/vendor/bin/as", ["as", "-EL", "-mabi=lp64", "-o", "/tmp/ccuNfMK8.o", "/home/runner/work/_temp/transiti"...], 0xe886c20 /* 116 vars */) = -1 ENOENT (No such file or directory)
6332  execve("/home/runner/.dotnet/tools/as", ["as", "-EL", "-mabi=lp64", "-o", "/tmp/ccuNfMK8.o", "/home/runner/work/_temp/transiti"...], 0xe886c20 /* 116 vars */) = -1 ENOENT (No such file or directory)
6332  execve("/usr/local/sbin/as", ["as", "-EL", "-mabi=lp64", "-o", "/tmp/ccuNfMK8.o", "/home/runner/work/_temp/transiti"...], 0xe886c20 /* 116 vars */) = -1 ENOENT (No such file or directory)
6332  execve("/usr/local/bin/as", ["as", "-EL", "-mabi=lp64", "-o", "/tmp/ccuNfMK8.o", "/home/runner/work/_temp/transiti"...], 0xe886c20 /* 116 vars */) = -1 ENOENT (No such file or directory)
6332  execve("/usr/sbin/as", ["as", "-EL", "-mabi=lp64", "-o", "/tmp/ccuNfMK8.o", "/home/runner/work/_temp/transiti"...], 0xe886c20 /* 116 vars */) = -1 ENOENT (No such file or directory)
6332  execve("/usr/bin/as", ["as", "-EL", "-mabi=lp64", "-o", "/tmp/ccuNfMK8.o", "/home/runner/work/_temp/transiti"...], 0xe886c20 /* 116 vars */ <unfinished ...>
6331  <... clone resumed>)              = 6332
6332  <... execve resumed>)             = 0
6331  wait4(6332,  <unfinished ...>
6332  exit_group(0)                     = ?
6332  +++ exited with 0 +++
6331  <... wait4 resumed>[{WIFEXITED(s) && WEXITSTATUS(s) == 0}], 0, NULL) = 6332
6331  --- SIGCHLD {si_signo=SIGCHLD, si_code=CLD_EXITED, si_pid=6332, si_uid=1001, si_status=0, si_utime=8 /* 0.08 s */, si_stime=0} ---
6331  clone(child_stack=0xffffc4339e20, flags=CLONE_VM|CLONE_VFORK|SIGCHLD <unfinished ...>
6333  execve("/usr/libexec/gcc/aarch64-linux-gnu/13/collect2", ["/usr/libexec/gcc/aarch64-linux-g"..., "-plugin", "/usr/libexec/gcc/aarch64-linux-g"..., "-plugin-opt=/usr/libexec/gcc/aar"..., "-plugin-opt=-fresolution=/tmp/cc"..., "-plugin-opt=-pass-through=-lgcc", "-plugin-opt=-pass-through=-lgcc_"..., "-plugin-opt=-pass-through=-lc", "-plugin-opt=-pass-through=-lgcc", "-plugin-opt=-pass-through=-lgcc_"..., "--build-id", "--eh-frame-hdr", "--hash-style=gnu", "--as-needed", "-dynamic-linker", "/lib/ld-linux-aarch64.so.1", "-X", "-EL", "-maarch64linux", "--fix-cortex-a53-843419", "-pie", "-z", "now", "-z", "relro", "-o", "/home/runner/work/_temp/transiti"..., "/usr/lib/gcc/aarch64-linux-gnu/1"..., "/usr/lib/gcc/aarch64-linux-gnu/1"..., "/usr/lib/gcc/aarch64-linux-gnu/1"..., "-L/usr/lib/gcc/aarch64-linux-gnu"..., "-L/usr/lib/gcc/aarch64-linux-gnu"..., ...], 0xe8873c0 /* 118 vars */ <unfinished ...>
6331  <... clone resumed>)              = 6333
6333  <... execve resumed>)             = 0
6331  wait4(6333,  <unfinished ...>
6333  clone(child_stack=0xffffdcec2fc0, flags=CLONE_VM|CLONE_VFORK|SIGCHLD <unfinished ...>
6334  execve("/usr/bin/ld", ["/usr/bin/ld", "-plugin", "/usr/libexec/gcc/aarch64-linux-g"..., "-plugin-opt=/usr/libexec/gcc/aar"..., "-plugin-opt=-fresolution=/tmp/cc"..., "-plugin-opt=-pass-through=-lgcc", "-plugin-opt=-pass-through=-lgcc_"..., "-plugin-opt=-pass-through=-lc", "-plugin-opt=-pass-through=-lgcc", "-plugin-opt=-pass-through=-lgcc_"..., "--build-id", "--eh-frame-hdr", "--hash-style=gnu", "--as-needed", "-dynamic-linker", "/lib/ld-linux-aarch64.so.1", "-X", "-EL", "-maarch64linux", "--fix-cortex-a53-843419", "-pie", "-z", "now", "-z", "relro", "-o", "/home/runner/work/_temp/transiti"..., "/usr/lib/gcc/aarch64-linux-gnu/1"..., "/usr/lib/gcc/aarch64-linux-gnu/1"..., "/usr/lib/gcc/aarch64-linux-gnu/1"..., "-L/usr/lib/gcc/aarch64-linux-gnu"..., "-L/usr/lib/gcc/aarch64-linux-gnu"..., ...], 0xffffdcec3670 /* 118 vars */ <unfinished ...>
6333  <... clone resumed>)              = 6334
6334  <... execve resumed>)             = 0
6333  wait4(6334,  <unfinished ...>
6334  exit_group(0)                     = ?
6334  +++ exited with 0 +++
6333  <... wait4 resumed>[{WIFEXITED(s) && WEXITSTATUS(s) == 0}], 0, NULL) = 6334
6333  --- SIGCHLD {si_signo=SIGCHLD, si_code=CLD_EXITED, si_pid=6334, si_uid=1001, si_status=0, si_utime=1 /* 0.01 s */, si_stime=1 /* 0.01 s */} ---
6333  exit_group(0)                     = ?
6333  +++ exited with 0 +++
6331  <... wait4 resumed>[{WIFEXITED(s) && WEXITSTATUS(s) == 0}], 0, NULL) = 6333
6331  --- SIGCHLD {si_signo=SIGCHLD, si_code=CLD_EXITED, si_pid=6333, si_uid=1001, si_status=0, si_utime=0, si_stime=0} ---
6331  exit_group(0)                     = ?
6331  +++ exited with 0 +++
6329  <... wait4 resumed>[{WIFEXITED(s) && WEXITSTATUS(s) == 0}], 0, NULL) = 6331
6329  --- SIGCHLD {si_signo=SIGCHLD, si_code=CLD_EXITED, si_pid=6331, si_uid=1001, si_status=0, si_utime=0, si_stime=0} ---
6329  exit_group(0)                     = ?
6329  +++ exited with 0 +++
