13435 execve("/home/runner/work/_temp/candidate-bootstrap-workspace/b4/compiler", ["/home/runner/work/_temp/candidat"..., "build", "/home/runner/work/type-rb-native"..., "--output", "/home/runner/work/_temp/candidat"..., "--qbe", "/home/runner/work/_temp/qbe-1.3/"..., "--cc", "/usr/bin/cc", "--target", "linux-arm64-v0"], 0xfffff9c77278 /* 112 vars */) = 0
13435 clone(child_stack=NULL, flags=CLONE_CHILD_CLEARTID|CLONE_CHILD_SETTID|SIGCHLD, child_tidptr=0xfff1da215f90) = 13436
13435 wait4(13436,  <unfinished ...>
13436 execve("/home/runner/work/_temp/qbe-1.3/qbe", ["/home/runner/work/_temp/qbe-1.3/"..., "-t", "arm64", "-o", "/home/runner/work/_temp/candidat"..., "/home/runner/work/_temp/candidat"...], 0xffffebb850d8 /* 112 vars */) = 0
13436 exit_group(0)                     = ?
13436 +++ exited with 0 +++
13435 <... wait4 resumed>[{WIFEXITED(s) && WEXITSTATUS(s) == 0}], 0, NULL) = 13436
13435 --- SIGCHLD {si_signo=SIGCHLD, si_code=CLD_EXITED, si_pid=13436, si_uid=1001, si_status=0, si_utime=0, si_stime=0} ---
13435 clone(child_stack=NULL, flags=CLONE_CHILD_CLEARTID|CLONE_CHILD_SETTID|SIGCHLD, child_tidptr=0xfff1da215f90) = 13437
13435 wait4(13437,  <unfinished ...>
13437 execve("/usr/bin/cc", ["/usr/bin/cc", "-xassembler", "/home/runner/work/_temp/candidat"..., "-fuse-ld=lld", "-Wl,--gc-sections,--strip-all,--"..., "-lm", "-o", "/home/runner/work/_temp/candidat"...], 0xffffebb850d8 /* 112 vars */) = 0
13437 clone(child_stack=0xfffff9809d30, flags=CLONE_VM|CLONE_VFORK|SIGCHLD <unfinished ...>
13438 execve("/snap/bin/as", ["as", "-EL", "-mabi=lp64", "-o", "/tmp/ccIU27pQ.o", "/home/runner/work/_temp/candidat"...], 0x12dc4310 /* 117 vars */) = -1 ENOENT (No such file or directory)
13438 execve("/home/runner/.local/bin/as", ["as", "-EL", "-mabi=lp64", "-o", "/tmp/ccIU27pQ.o", "/home/runner/work/_temp/candidat"...], 0x12dc4310 /* 117 vars */) = -1 ENOENT (No such file or directory)
13438 execve("/opt/pipx_bin/as", ["as", "-EL", "-mabi=lp64", "-o", "/tmp/ccIU27pQ.o", "/home/runner/work/_temp/candidat"...], 0x12dc4310 /* 117 vars */) = -1 ENOENT (No such file or directory)
13438 execve("/home/runner/.cargo/bin/as", ["as", "-EL", "-mabi=lp64", "-o", "/tmp/ccIU27pQ.o", "/home/runner/work/_temp/candidat"...], 0x12dc4310 /* 117 vars */) = -1 ENOENT (No such file or directory)
13438 execve("/home/runner/.config/composer/vendor/bin/as", ["as", "-EL", "-mabi=lp64", "-o", "/tmp/ccIU27pQ.o", "/home/runner/work/_temp/candidat"...], 0x12dc4310 /* 117 vars */) = -1 ENOENT (No such file or directory)
13438 execve("/home/runner/.dotnet/tools/as", ["as", "-EL", "-mabi=lp64", "-o", "/tmp/ccIU27pQ.o", "/home/runner/work/_temp/candidat"...], 0x12dc4310 /* 117 vars */) = -1 ENOENT (No such file or directory)
13438 execve("/usr/local/sbin/as", ["as", "-EL", "-mabi=lp64", "-o", "/tmp/ccIU27pQ.o", "/home/runner/work/_temp/candidat"...], 0x12dc4310 /* 117 vars */) = -1 ENOENT (No such file or directory)
13438 execve("/usr/local/bin/as", ["as", "-EL", "-mabi=lp64", "-o", "/tmp/ccIU27pQ.o", "/home/runner/work/_temp/candidat"...], 0x12dc4310 /* 117 vars */) = -1 ENOENT (No such file or directory)
13438 execve("/usr/sbin/as", ["as", "-EL", "-mabi=lp64", "-o", "/tmp/ccIU27pQ.o", "/home/runner/work/_temp/candidat"...], 0x12dc4310 /* 117 vars */) = -1 ENOENT (No such file or directory)
13438 execve("/usr/bin/as", ["as", "-EL", "-mabi=lp64", "-o", "/tmp/ccIU27pQ.o", "/home/runner/work/_temp/candidat"...], 0x12dc4310 /* 117 vars */ <unfinished ...>
13437 <... clone resumed>)              = 13438
13438 <... execve resumed>)             = 0
13437 wait4(13438,  <unfinished ...>
13438 exit_group(0)                     = ?
13438 +++ exited with 0 +++
13437 <... wait4 resumed>[{WIFEXITED(s) && WEXITSTATUS(s) == 0}], 0, NULL) = 13438
13437 --- SIGCHLD {si_signo=SIGCHLD, si_code=CLD_EXITED, si_pid=13438, si_uid=1001, si_status=0, si_utime=0, si_stime=0} ---
13437 clone(child_stack=0xfffff9808e70, flags=CLONE_VM|CLONE_VFORK|SIGCHLD <unfinished ...>
13439 execve("/usr/libexec/gcc/aarch64-linux-gnu/13/collect2", ["/usr/libexec/gcc/aarch64-linux-g"..., "-plugin", "/usr/libexec/gcc/aarch64-linux-g"..., "-plugin-opt=/usr/libexec/gcc/aar"..., "-plugin-opt=-fresolution=/tmp/cc"..., "-plugin-opt=-pass-through=-lgcc", "-plugin-opt=-pass-through=-lgcc_"..., "-plugin-opt=-pass-through=-lc", "-plugin-opt=-pass-through=-lgcc", "-plugin-opt=-pass-through=-lgcc_"..., "--build-id", "--eh-frame-hdr", "--hash-style=gnu", "--as-needed", "-dynamic-linker", "/lib/ld-linux-aarch64.so.1", "-X", "-EL", "-maarch64linux", "--fix-cortex-a53-843419", "-pie", "-z", "now", "-fuse-ld=lld", "-z", "relro", "-o", "/home/runner/work/_temp/candidat"..., "/usr/lib/gcc/aarch64-linux-gnu/1"..., "/usr/lib/gcc/aarch64-linux-gnu/1"..., "/usr/lib/gcc/aarch64-linux-gnu/1"..., "-L/usr/lib/gcc/aarch64-linux-gnu"..., ...], 0x12dc49c0 /* 119 vars */ <unfinished ...>
13437 <... clone resumed>)              = 13439
13439 <... execve resumed>)             = 0
13437 wait4(13439,  <unfinished ...>
13439 clone(child_stack=0xfffff4132380, flags=CLONE_VM|CLONE_VFORK|SIGCHLD <unfinished ...>
13440 execve("/usr/bin/ld.lld", ["/usr/bin/ld.lld", "-plugin", "/usr/libexec/gcc/aarch64-linux-g"..., "-plugin-opt=/usr/libexec/gcc/aar"..., "-plugin-opt=-fresolution=/tmp/cc"..., "-plugin-opt=-pass-through=-lgcc", "-plugin-opt=-pass-through=-lgcc_"..., "-plugin-opt=-pass-through=-lc", "-plugin-opt=-pass-through=-lgcc", "-plugin-opt=-pass-through=-lgcc_"..., "--build-id", "--eh-frame-hdr", "--hash-style=gnu", "--as-needed", "-dynamic-linker", "/lib/ld-linux-aarch64.so.1", "-X", "-EL", "-maarch64linux", "--fix-cortex-a53-843419", "-pie", "-z", "now", "-z", "relro", "-o", "/home/runner/work/_temp/candidat"..., "/usr/lib/gcc/aarch64-linux-gnu/1"..., "/usr/lib/gcc/aarch64-linux-gnu/1"..., "/usr/lib/gcc/aarch64-linux-gnu/1"..., "-L/usr/lib/gcc/aarch64-linux-gnu"..., "-L/usr/lib/gcc/aarch64-linux-gnu"..., ...], 0xfffff4132a48 /* 119 vars */ <unfinished ...>
13439 <... clone resumed>)              = 13440
13440 <... execve resumed>)             = 0
13439 wait4(13440,  <unfinished ...>
13440 clone3({flags=CLONE_VM|CLONE_FS|CLONE_FILES|CLONE_SIGHAND|CLONE_THREAD|CLONE_SYSVSEM|CLONE_SETTLS|CLONE_PARENT_SETTID|CLONE_CHILD_CLEARTID, child_tid=0xff1c413ff050, parent_tid=0xff1c413ff050, exit_signal=0, stack=0xff1c3d3f0000, stack_size=0x400e840, tls=0xff1c413ff6c0} => {parent_tid=[13441]}, 88) = 13441
13441 clone3({flags=CLONE_VM|CLONE_FS|CLONE_FILES|CLONE_SIGHAND|CLONE_THREAD|CLONE_SYSVSEM|CLONE_SETTLS|CLONE_PARENT_SETTID|CLONE_CHILD_CLEARTID, child_tid=0xff1c37fff050, parent_tid=0xff1c37fff050, exit_signal=0, stack=0xff1c33ff0000, stack_size=0x400e840, tls=0xff1c37fff6c0} => {parent_tid=[13442]}, 88) = 13442
13441 clone3({flags=CLONE_VM|CLONE_FS|CLONE_FILES|CLONE_SIGHAND|CLONE_THREAD|CLONE_SYSVSEM|CLONE_SETTLS|CLONE_PARENT_SETTID|CLONE_CHILD_CLEARTID, child_tid=0xff1c33fef050, parent_tid=0xff1c33fef050, exit_signal=0, stack=0xff1c2ffe0000, stack_size=0x400e840, tls=0xff1c33fef6c0} => {parent_tid=[13443]}, 88) = 13443
13441 clone3({flags=CLONE_VM|CLONE_FS|CLONE_FILES|CLONE_SIGHAND|CLONE_THREAD|CLONE_SYSVSEM|CLONE_SETTLS|CLONE_PARENT_SETTID|CLONE_CHILD_CLEARTID, child_tid=0xff1c27fff050, parent_tid=0xff1c27fff050, exit_signal=0, stack=0xff1c23ff0000, stack_size=0x400e840, tls=0xff1c27fff6c0} => {parent_tid=[13444]}, 88) = 13444
13444 exit(0 <unfinished ...>
13443 exit(0 <unfinished ...>
13442 exit(0 <unfinished ...>
13444 <... exit resumed>)               = ?
13441 exit(0 <unfinished ...>
13443 <... exit resumed>)               = ?
13440 exit_group(0 <unfinished ...>
13442 <... exit resumed>)               = ?
13441 <... exit resumed>)               = ?
13444 +++ exited with 0 +++
13440 <... exit_group resumed>)         = ?
13443 +++ exited with 0 +++
13442 +++ exited with 0 +++
13441 +++ exited with 0 +++
13440 +++ exited with 0 +++
13439 <... wait4 resumed>[{WIFEXITED(s) && WEXITSTATUS(s) == 0}], 0, NULL) = 13440
13439 --- SIGCHLD {si_signo=SIGCHLD, si_code=CLD_EXITED, si_pid=13440, si_uid=1001, si_status=0, si_utime=0, si_stime=1 /* 0.01 s */} ---
13439 exit_group(0)                     = ?
13439 +++ exited with 0 +++
13437 <... wait4 resumed>[{WIFEXITED(s) && WEXITSTATUS(s) == 0}], 0, NULL) = 13439
13437 --- SIGCHLD {si_signo=SIGCHLD, si_code=CLD_EXITED, si_pid=13439, si_uid=1001, si_status=0, si_utime=0, si_stime=0} ---
13437 exit_group(0)                     = ?
13437 +++ exited with 0 +++
13435 <... wait4 resumed>[{WIFEXITED(s) && WEXITSTATUS(s) == 0}], 0, NULL) = 13437
13435 --- SIGCHLD {si_signo=SIGCHLD, si_code=CLD_EXITED, si_pid=13437, si_uid=1001, si_status=0, si_utime=0, si_stime=0} ---
13435 exit_group(0)                     = ?
13435 +++ exited with 0 +++
