9134  execve("/home/runner/work/_temp/candidate-bootstrap-workspace/b4/compiler", ["/home/runner/work/_temp/candidat"..., "build", "/home/runner/work/type-rb-native"..., "--output", "/home/runner/work/_temp/candidat"..., "--qbe", "/home/runner/work/_temp/qbe-1.3/"..., "--cc", "/usr/bin/cc", "--target", "linux-arm64-v0"], 0xffffedc0cad8 /* 111 vars */) = 0
9134  clone(child_stack=NULL, flags=CLONE_CHILD_CLEARTID|CLONE_CHILD_SETTID|SIGCHLD, child_tidptr=0xff5feda3ff90) = 9135
9134  wait4(9135,  <unfinished ...>
9135  execve("/home/runner/work/_temp/qbe-1.3/qbe", ["/home/runner/work/_temp/qbe-1.3/"..., "-t", "arm64", "-o", "/home/runner/work/_temp/candidat"..., "/home/runner/work/_temp/candidat"...], 0xfffffaf075d8 /* 111 vars */) = 0
9135  exit_group(0)                     = ?
9135  +++ exited with 0 +++
9134  <... wait4 resumed>[{WIFEXITED(s) && WEXITSTATUS(s) == 0}], 0, NULL) = 9135
9134  --- SIGCHLD {si_signo=SIGCHLD, si_code=CLD_EXITED, si_pid=9135, si_uid=1001, si_status=0, si_utime=0, si_stime=0} ---
9134  clone(child_stack=NULL, flags=CLONE_CHILD_CLEARTID|CLONE_CHILD_SETTID|SIGCHLD, child_tidptr=0xff5feda3ff90) = 9136
9134  wait4(9136,  <unfinished ...>
9136  execve("/usr/bin/cc", ["/usr/bin/cc", "-xassembler", "/home/runner/work/_temp/candidat"..., "-fuse-ld=lld", "-Wl,--gc-sections,--strip-all", "-lm", "-o", "/home/runner/work/_temp/candidat"...], 0xfffffaf075d8 /* 111 vars */) = 0
9136  clone(child_stack=0xffffea540e90, flags=CLONE_VM|CLONE_VFORK|SIGCHLD <unfinished ...>
9137  execve("/snap/bin/as", ["as", "-EL", "-mabi=lp64", "-o", "/tmp/cc6WCsZx.o", "/home/runner/work/_temp/candidat"...], 0xe18bd60 /* 116 vars */) = -1 ENOENT (No such file or directory)
9137  execve("/home/runner/.local/bin/as", ["as", "-EL", "-mabi=lp64", "-o", "/tmp/cc6WCsZx.o", "/home/runner/work/_temp/candidat"...], 0xe18bd60 /* 116 vars */) = -1 ENOENT (No such file or directory)
9137  execve("/opt/pipx_bin/as", ["as", "-EL", "-mabi=lp64", "-o", "/tmp/cc6WCsZx.o", "/home/runner/work/_temp/candidat"...], 0xe18bd60 /* 116 vars */) = -1 ENOENT (No such file or directory)
9137  execve("/home/runner/.cargo/bin/as", ["as", "-EL", "-mabi=lp64", "-o", "/tmp/cc6WCsZx.o", "/home/runner/work/_temp/candidat"...], 0xe18bd60 /* 116 vars */) = -1 ENOENT (No such file or directory)
9137  execve("/home/runner/.config/composer/vendor/bin/as", ["as", "-EL", "-mabi=lp64", "-o", "/tmp/cc6WCsZx.o", "/home/runner/work/_temp/candidat"...], 0xe18bd60 /* 116 vars */) = -1 ENOENT (No such file or directory)
9137  execve("/home/runner/.dotnet/tools/as", ["as", "-EL", "-mabi=lp64", "-o", "/tmp/cc6WCsZx.o", "/home/runner/work/_temp/candidat"...], 0xe18bd60 /* 116 vars */) = -1 ENOENT (No such file or directory)
9137  execve("/usr/local/sbin/as", ["as", "-EL", "-mabi=lp64", "-o", "/tmp/cc6WCsZx.o", "/home/runner/work/_temp/candidat"...], 0xe18bd60 /* 116 vars */) = -1 ENOENT (No such file or directory)
9137  execve("/usr/local/bin/as", ["as", "-EL", "-mabi=lp64", "-o", "/tmp/cc6WCsZx.o", "/home/runner/work/_temp/candidat"...], 0xe18bd60 /* 116 vars */) = -1 ENOENT (No such file or directory)
9137  execve("/usr/sbin/as", ["as", "-EL", "-mabi=lp64", "-o", "/tmp/cc6WCsZx.o", "/home/runner/work/_temp/candidat"...], 0xe18bd60 /* 116 vars */) = -1 ENOENT (No such file or directory)
9137  execve("/usr/bin/as", ["as", "-EL", "-mabi=lp64", "-o", "/tmp/cc6WCsZx.o", "/home/runner/work/_temp/candidat"...], 0xe18bd60 /* 116 vars */ <unfinished ...>
9136  <... clone resumed>)              = 9137
9137  <... execve resumed>)             = 0
9136  wait4(9137,  <unfinished ...>
9137  exit_group(0)                     = ?
9137  +++ exited with 0 +++
9136  <... wait4 resumed>[{WIFEXITED(s) && WEXITSTATUS(s) == 0}], 0, NULL) = 9137
9136  --- SIGCHLD {si_signo=SIGCHLD, si_code=CLD_EXITED, si_pid=9137, si_uid=1001, si_status=0, si_utime=0, si_stime=0} ---
9136  clone(child_stack=0xffffea53ffd0, flags=CLONE_VM|CLONE_VFORK|SIGCHLD <unfinished ...>
9138  execve("/usr/libexec/gcc/aarch64-linux-gnu/13/collect2", ["/usr/libexec/gcc/aarch64-linux-g"..., "-plugin", "/usr/libexec/gcc/aarch64-linux-g"..., "-plugin-opt=/usr/libexec/gcc/aar"..., "-plugin-opt=-fresolution=/tmp/cc"..., "-plugin-opt=-pass-through=-lgcc", "-plugin-opt=-pass-through=-lgcc_"..., "-plugin-opt=-pass-through=-lc", "-plugin-opt=-pass-through=-lgcc", "-plugin-opt=-pass-through=-lgcc_"..., "--build-id", "--eh-frame-hdr", "--hash-style=gnu", "--as-needed", "-dynamic-linker", "/lib/ld-linux-aarch64.so.1", "-X", "-EL", "-maarch64linux", "--fix-cortex-a53-843419", "-pie", "-z", "now", "-fuse-ld=lld", "-z", "relro", "-o", "/home/runner/work/_temp/candidat"..., "/usr/lib/gcc/aarch64-linux-gnu/1"..., "/usr/lib/gcc/aarch64-linux-gnu/1"..., "/usr/lib/gcc/aarch64-linux-gnu/1"..., "-L/usr/lib/gcc/aarch64-linux-gnu"..., ...], 0xe18c590 /* 118 vars */ <unfinished ...>
9136  <... clone resumed>)              = 9138
9138  <... execve resumed>)             = 0
9136  wait4(9138,  <unfinished ...>
9138  clone(child_stack=0xfffffb3c3e10, flags=CLONE_VM|CLONE_VFORK|SIGCHLD <unfinished ...>
9139  execve("/usr/bin/ld.lld", ["/usr/bin/ld.lld", "-plugin", "/usr/libexec/gcc/aarch64-linux-g"..., "-plugin-opt=/usr/libexec/gcc/aar"..., "-plugin-opt=-fresolution=/tmp/cc"..., "-plugin-opt=-pass-through=-lgcc", "-plugin-opt=-pass-through=-lgcc_"..., "-plugin-opt=-pass-through=-lc", "-plugin-opt=-pass-through=-lgcc", "-plugin-opt=-pass-through=-lgcc_"..., "--build-id", "--eh-frame-hdr", "--hash-style=gnu", "--as-needed", "-dynamic-linker", "/lib/ld-linux-aarch64.so.1", "-X", "-EL", "-maarch64linux", "--fix-cortex-a53-843419", "-pie", "-z", "now", "-z", "relro", "-o", "/home/runner/work/_temp/candidat"..., "/usr/lib/gcc/aarch64-linux-gnu/1"..., "/usr/lib/gcc/aarch64-linux-gnu/1"..., "/usr/lib/gcc/aarch64-linux-gnu/1"..., "-L/usr/lib/gcc/aarch64-linux-gnu"..., "-L/usr/lib/gcc/aarch64-linux-gnu"..., ...], 0xfffffb3c44d0 /* 118 vars */ <unfinished ...>
9138  <... clone resumed>)              = 9139
9139  <... execve resumed>)             = 0
9138  wait4(9139,  <unfinished ...>
9139  clone3({flags=CLONE_VM|CLONE_FS|CLONE_FILES|CLONE_SIGHAND|CLONE_THREAD|CLONE_SYSVSEM|CLONE_SETTLS|CLONE_PARENT_SETTID|CLONE_CHILD_CLEARTID, child_tid=0xff99c49ff050, parent_tid=0xff99c49ff050, exit_signal=0, stack=0xff99c09f0000, stack_size=0x400e840, tls=0xff99c49ff6c0} => {parent_tid=[9140]}, 88) = 9140
9140  clone3({flags=CLONE_VM|CLONE_FS|CLONE_FILES|CLONE_SIGHAND|CLONE_THREAD|CLONE_SYSVSEM|CLONE_SETTLS|CLONE_PARENT_SETTID|CLONE_CHILD_CLEARTID, child_tid=0xff99bbfff050, parent_tid=0xff99bbfff050, exit_signal=0, stack=0xff99b7ff0000, stack_size=0x400e840, tls=0xff99bbfff6c0} => {parent_tid=[9141]}, 88) = 9141
9140  clone3({flags=CLONE_VM|CLONE_FS|CLONE_FILES|CLONE_SIGHAND|CLONE_THREAD|CLONE_SYSVSEM|CLONE_SETTLS|CLONE_PARENT_SETTID|CLONE_CHILD_CLEARTID, child_tid=0xff99b7fef050, parent_tid=0xff99b7fef050, exit_signal=0, stack=0xff99b3fe0000, stack_size=0x400e840, tls=0xff99b7fef6c0} => {parent_tid=[9142]}, 88) = 9142
9140  clone3({flags=CLONE_VM|CLONE_FS|CLONE_FILES|CLONE_SIGHAND|CLONE_THREAD|CLONE_SYSVSEM|CLONE_SETTLS|CLONE_PARENT_SETTID|CLONE_CHILD_CLEARTID, child_tid=0xff99abfff050, parent_tid=0xff99abfff050, exit_signal=0, stack=0xff99a7ff0000, stack_size=0x400e840, tls=0xff99abfff6c0} => {parent_tid=[9143]}, 88) = 9143
9143  exit(0 <unfinished ...>
9142  exit(0 <unfinished ...>
9140  exit(0 <unfinished ...>
9139  exit_group(0 <unfinished ...>
9143  <... exit resumed>)               = ?
9142  <... exit resumed>)               = ?
9140  <... exit resumed>)               = ?
9139  <... exit_group resumed>)         = ?
9143  +++ exited with 0 +++
9141  +++ exited with 0 +++
9140  +++ exited with 0 +++
9142  +++ exited with 0 +++
9139  +++ exited with 0 +++
9138  <... wait4 resumed>[{WIFEXITED(s) && WEXITSTATUS(s) == 0}], 0, NULL) = 9139
9138  --- SIGCHLD {si_signo=SIGCHLD, si_code=CLD_EXITED, si_pid=9139, si_uid=1001, si_status=0, si_utime=0, si_stime=1 /* 0.01 s */} ---
9138  exit_group(0)                     = ?
9138  +++ exited with 0 +++
9136  <... wait4 resumed>[{WIFEXITED(s) && WEXITSTATUS(s) == 0}], 0, NULL) = 9138
9136  --- SIGCHLD {si_signo=SIGCHLD, si_code=CLD_EXITED, si_pid=9138, si_uid=1001, si_status=0, si_utime=0, si_stime=0} ---
9136  exit_group(0)                     = ?
9136  +++ exited with 0 +++
9134  <... wait4 resumed>[{WIFEXITED(s) && WEXITSTATUS(s) == 0}], 0, NULL) = 9136
9134  --- SIGCHLD {si_signo=SIGCHLD, si_code=CLD_EXITED, si_pid=9136, si_uid=1001, si_status=0, si_utime=0, si_stime=0} ---
9134  exit_group(0)                     = ?
9134  +++ exited with 0 +++
