8819  execve("/home/runner/work/_temp/bootstrap-workspace/b4/compiler", ["/home/runner/work/_temp/bootstra"..., "build", "/home/runner/work/type-rb-native"..., "--output", "/home/runner/work/_temp/bootstra"..., "--qbe", "/home/runner/work/_temp/qbe-1.3/"..., "--cc", "/usr/bin/cc", "--target", "linux-arm64-v0"], 0xffffdc108b58 /* 111 vars */) = 0
8819  clone(child_stack=NULL, flags=CLONE_CHILD_CLEARTID|CLONE_CHILD_SETTID|SIGCHLD, child_tidptr=0xffa47fcabf90) = 8820
8819  wait4(8820,  <unfinished ...>
8820  execve("/home/runner/work/_temp/qbe-1.3/qbe", ["/home/runner/work/_temp/qbe-1.3/"..., "-t", "arm64", "-o", "/home/runner/work/_temp/bootstra"..., "/home/runner/work/_temp/bootstra"...], 0xffffde2fd098 /* 111 vars */) = 0
8820  exit_group(0)                     = ?
8820  +++ exited with 0 +++
8819  <... wait4 resumed>[{WIFEXITED(s) && WEXITSTATUS(s) == 0}], 0, NULL) = 8820
8819  --- SIGCHLD {si_signo=SIGCHLD, si_code=CLD_EXITED, si_pid=8820, si_uid=1001, si_status=0, si_utime=0, si_stime=0} ---
8819  clone(child_stack=NULL, flags=CLONE_CHILD_CLEARTID|CLONE_CHILD_SETTID|SIGCHLD, child_tidptr=0xffa47fcabf90) = 8821
8819  wait4(8821,  <unfinished ...>
8821  execve("/usr/bin/cc", ["/usr/bin/cc", "-xassembler", "/home/runner/work/_temp/bootstra"..., "-fuse-ld=lld", "-Wl,--gc-sections,--strip-all", "-lm", "-o", "/home/runner/work/_temp/bootstra"...], 0xffffde2fd098 /* 111 vars */) = 0
8821  clone(child_stack=0xfffff8bdbde0, flags=CLONE_VM|CLONE_VFORK|SIGCHLD <unfinished ...>
8822  execve("/home/runner/go/bin/as", ["as", "-EL", "-mabi=lp64", "-o", "/tmp/cc5PhCk4.o", "/home/runner/work/_temp/bootstra"...], 0x3927fd50 /* 116 vars */) = -1 ENOENT (No such file or directory)
8822  execve("/opt/hostedtoolcache/go/1.27.0/arm64/bin/as", ["as", "-EL", "-mabi=lp64", "-o", "/tmp/cc5PhCk4.o", "/home/runner/work/_temp/bootstra"...], 0x3927fd50 /* 116 vars */) = -1 ENOENT (No such file or directory)
8822  execve("/snap/bin/as", ["as", "-EL", "-mabi=lp64", "-o", "/tmp/cc5PhCk4.o", "/home/runner/work/_temp/bootstra"...], 0x3927fd50 /* 116 vars */) = -1 ENOENT (No such file or directory)
8822  execve("/home/runner/.local/bin/as", ["as", "-EL", "-mabi=lp64", "-o", "/tmp/cc5PhCk4.o", "/home/runner/work/_temp/bootstra"...], 0x3927fd50 /* 116 vars */) = -1 ENOENT (No such file or directory)
8822  execve("/opt/pipx_bin/as", ["as", "-EL", "-mabi=lp64", "-o", "/tmp/cc5PhCk4.o", "/home/runner/work/_temp/bootstra"...], 0x3927fd50 /* 116 vars */) = -1 ENOENT (No such file or directory)
8822  execve("/home/runner/.cargo/bin/as", ["as", "-EL", "-mabi=lp64", "-o", "/tmp/cc5PhCk4.o", "/home/runner/work/_temp/bootstra"...], 0x3927fd50 /* 116 vars */) = -1 ENOENT (No such file or directory)
8822  execve("/home/runner/.config/composer/vendor/bin/as", ["as", "-EL", "-mabi=lp64", "-o", "/tmp/cc5PhCk4.o", "/home/runner/work/_temp/bootstra"...], 0x3927fd50 /* 116 vars */) = -1 ENOENT (No such file or directory)
8822  execve("/home/runner/.dotnet/tools/as", ["as", "-EL", "-mabi=lp64", "-o", "/tmp/cc5PhCk4.o", "/home/runner/work/_temp/bootstra"...], 0x3927fd50 /* 116 vars */) = -1 ENOENT (No such file or directory)
8822  execve("/usr/local/sbin/as", ["as", "-EL", "-mabi=lp64", "-o", "/tmp/cc5PhCk4.o", "/home/runner/work/_temp/bootstra"...], 0x3927fd50 /* 116 vars */) = -1 ENOENT (No such file or directory)
8822  execve("/usr/local/bin/as", ["as", "-EL", "-mabi=lp64", "-o", "/tmp/cc5PhCk4.o", "/home/runner/work/_temp/bootstra"...], 0x3927fd50 /* 116 vars */) = -1 ENOENT (No such file or directory)
8822  execve("/usr/sbin/as", ["as", "-EL", "-mabi=lp64", "-o", "/tmp/cc5PhCk4.o", "/home/runner/work/_temp/bootstra"...], 0x3927fd50 /* 116 vars */) = -1 ENOENT (No such file or directory)
8822  execve("/usr/bin/as", ["as", "-EL", "-mabi=lp64", "-o", "/tmp/cc5PhCk4.o", "/home/runner/work/_temp/bootstra"...], 0x3927fd50 /* 116 vars */ <unfinished ...>
8821  <... clone resumed>)              = 8822
8822  <... execve resumed>)             = 0
8821  wait4(8822,  <unfinished ...>
8822  exit_group(0)                     = ?
8822  +++ exited with 0 +++
8821  <... wait4 resumed>[{WIFEXITED(s) && WEXITSTATUS(s) == 0}], 0, NULL) = 8822
8821  --- SIGCHLD {si_signo=SIGCHLD, si_code=CLD_EXITED, si_pid=8822, si_uid=1001, si_status=0, si_utime=0, si_stime=0} ---
8821  clone(child_stack=0xfffff8bdaf20, flags=CLONE_VM|CLONE_VFORK|SIGCHLD <unfinished ...>
8823  execve("/usr/libexec/gcc/aarch64-linux-gnu/13/collect2", ["/usr/libexec/gcc/aarch64-linux-g"..., "-plugin", "/usr/libexec/gcc/aarch64-linux-g"..., "-plugin-opt=/usr/libexec/gcc/aar"..., "-plugin-opt=-fresolution=/tmp/cc"..., "-plugin-opt=-pass-through=-lgcc", "-plugin-opt=-pass-through=-lgcc_"..., "-plugin-opt=-pass-through=-lc", "-plugin-opt=-pass-through=-lgcc", "-plugin-opt=-pass-through=-lgcc_"..., "--build-id", "--eh-frame-hdr", "--hash-style=gnu", "--as-needed", "-dynamic-linker", "/lib/ld-linux-aarch64.so.1", "-X", "-EL", "-maarch64linux", "--fix-cortex-a53-843419", "-pie", "-z", "now", "-fuse-ld=lld", "-z", "relro", "-o", "/home/runner/work/_temp/bootstra"..., "/usr/lib/gcc/aarch64-linux-gnu/1"..., "/usr/lib/gcc/aarch64-linux-gnu/1"..., "/usr/lib/gcc/aarch64-linux-gnu/1"..., "-L/usr/lib/gcc/aarch64-linux-gnu"..., ...], 0x39280580 /* 118 vars */ <unfinished ...>
8821  <... clone resumed>)              = 8823
8823  <... execve resumed>)             = 0
8821  wait4(8823,  <unfinished ...>
8823  clone(child_stack=0xffffe3b26a40, flags=CLONE_VM|CLONE_VFORK|SIGCHLD <unfinished ...>
8824  execve("/usr/bin/ld.lld", ["/usr/bin/ld.lld", "-plugin", "/usr/libexec/gcc/aarch64-linux-g"..., "-plugin-opt=/usr/libexec/gcc/aar"..., "-plugin-opt=-fresolution=/tmp/cc"..., "-plugin-opt=-pass-through=-lgcc", "-plugin-opt=-pass-through=-lgcc_"..., "-plugin-opt=-pass-through=-lc", "-plugin-opt=-pass-through=-lgcc", "-plugin-opt=-pass-through=-lgcc_"..., "--build-id", "--eh-frame-hdr", "--hash-style=gnu", "--as-needed", "-dynamic-linker", "/lib/ld-linux-aarch64.so.1", "-X", "-EL", "-maarch64linux", "--fix-cortex-a53-843419", "-pie", "-z", "now", "-z", "relro", "-o", "/home/runner/work/_temp/bootstra"..., "/usr/lib/gcc/aarch64-linux-gnu/1"..., "/usr/lib/gcc/aarch64-linux-gnu/1"..., "/usr/lib/gcc/aarch64-linux-gnu/1"..., "-L/usr/lib/gcc/aarch64-linux-gnu"..., "-L/usr/lib/gcc/aarch64-linux-gnu"..., ...], 0xffffe3b27100 /* 118 vars */ <unfinished ...>
8823  <... clone resumed>)              = 8824
8824  <... execve resumed>)             = 0
8823  wait4(8824,  <unfinished ...>
8824  clone3({flags=CLONE_VM|CLONE_FS|CLONE_FILES|CLONE_SIGHAND|CLONE_THREAD|CLONE_SYSVSEM|CLONE_SETTLS|CLONE_PARENT_SETTID|CLONE_CHILD_CLEARTID, child_tid=0xffd7f1fff050, parent_tid=0xffd7f1fff050, exit_signal=0, stack=0xffd7edff0000, stack_size=0x400e840, tls=0xffd7f1fff6c0} => {parent_tid=[8825]}, 88) = 8825
8825  clone3({flags=CLONE_VM|CLONE_FS|CLONE_FILES|CLONE_SIGHAND|CLONE_THREAD|CLONE_SYSVSEM|CLONE_SETTLS|CLONE_PARENT_SETTID|CLONE_CHILD_CLEARTID, child_tid=0xffd7e7fff050, parent_tid=0xffd7e7fff050, exit_signal=0, stack=0xffd7e3ff0000, stack_size=0x400e840, tls=0xffd7e7fff6c0} => {parent_tid=[8826]}, 88) = 8826
8825  clone3({flags=CLONE_VM|CLONE_FS|CLONE_FILES|CLONE_SIGHAND|CLONE_THREAD|CLONE_SYSVSEM|CLONE_SETTLS|CLONE_PARENT_SETTID|CLONE_CHILD_CLEARTID, child_tid=0xffd7e3fef050, parent_tid=0xffd7e3fef050, exit_signal=0, stack=0xffd7dffe0000, stack_size=0x400e840, tls=0xffd7e3fef6c0} => {parent_tid=[8827]}, 88) = 8827
8825  clone3({flags=CLONE_VM|CLONE_FS|CLONE_FILES|CLONE_SIGHAND|CLONE_THREAD|CLONE_SYSVSEM|CLONE_SETTLS|CLONE_PARENT_SETTID|CLONE_CHILD_CLEARTID, child_tid=0xffd7d7fff050, parent_tid=0xffd7d7fff050, exit_signal=0, stack=0xffd7d3ff0000, stack_size=0x400e840, tls=0xffd7d7fff6c0} => {parent_tid=[8828]}, 88) = 8828
8828  exit(0 <unfinished ...>
8827  exit(0 <unfinished ...>
8828  <... exit resumed>)               = ?
8827  <... exit resumed>)               = ?
8824  exit_group(0 <unfinished ...>
8828  +++ exited with 0 +++
8827  +++ exited with 0 +++
8824  <... exit_group resumed>)         = ?
8826  +++ exited with 0 +++
8825  +++ exited with 0 +++
8824  +++ exited with 0 +++
8823  <... wait4 resumed>[{WIFEXITED(s) && WEXITSTATUS(s) == 0}], 0, NULL) = 8824
8823  --- SIGCHLD {si_signo=SIGCHLD, si_code=CLD_EXITED, si_pid=8824, si_uid=1001, si_status=0, si_utime=1 /* 0.01 s */, si_stime=1 /* 0.01 s */} ---
8823  exit_group(0)                     = ?
8823  +++ exited with 0 +++
8821  <... wait4 resumed>[{WIFEXITED(s) && WEXITSTATUS(s) == 0}], 0, NULL) = 8823
8821  --- SIGCHLD {si_signo=SIGCHLD, si_code=CLD_EXITED, si_pid=8823, si_uid=1001, si_status=0, si_utime=0, si_stime=0} ---
8821  exit_group(0)                     = ?
8821  +++ exited with 0 +++
8819  <... wait4 resumed>[{WIFEXITED(s) && WEXITSTATUS(s) == 0}], 0, NULL) = 8821
8819  --- SIGCHLD {si_signo=SIGCHLD, si_code=CLD_EXITED, si_pid=8821, si_uid=1001, si_status=0, si_utime=0, si_stime=0} ---
8819  exit_group(0)                     = ?
8819  +++ exited with 0 +++
