5992  execve("/home/runner/work/_temp/transition/first/compiler", ["/home/runner/work/_temp/transiti"..., "build", "compiler/gate4/src/compiler.trb", "--output", "/home/runner/work/_temp/transiti"..., "--qbe", "/home/runner/work/_temp/qbe-1.3/"..., "--cc", "/usr/bin/cc", "--target", "linux-arm64-v0"], 0xfffff4d103f8 /* 111 vars */) = 0
5992  clone(child_stack=NULL, flags=CLONE_CHILD_CLEARTID|CLONE_CHILD_SETTID|SIGCHLD, child_tidptr=0xff8ceee7cf90) = 5993
5992  wait4(5993,  <unfinished ...>
5993  execve("/home/runner/work/_temp/qbe-1.3/qbe", ["/home/runner/work/_temp/qbe-1.3/"..., "-t", "arm64", "-o", "/home/runner/work/_temp/transiti"..., "/home/runner/work/_temp/transiti"...], 0xffffde01e568 /* 111 vars */) = 0
5993  exit_group(0)                     = ?
5993  +++ exited with 0 +++
5992  <... wait4 resumed>[{WIFEXITED(s) && WEXITSTATUS(s) == 0}], 0, NULL) = 5993
5992  --- SIGCHLD {si_signo=SIGCHLD, si_code=CLD_EXITED, si_pid=5993, si_uid=1001, si_status=0, si_utime=20 /* 0.20 s */, si_stime=0} ---
5992  clone(child_stack=NULL, flags=CLONE_CHILD_CLEARTID|CLONE_CHILD_SETTID|SIGCHLD, child_tidptr=0xff8ceee7cf90) = 5994
5992  wait4(5994,  <unfinished ...>
5994  execve("/usr/bin/cc", ["/usr/bin/cc", "-xassembler", "/home/runner/work/_temp/transiti"..., "-Wl,--gc-sections,--strip-all", "-o", "/home/runner/work/_temp/transiti"...], 0xffffde01e568 /* 111 vars */) = 0
5994  clone(child_stack=0xfffffcea3fd0, flags=CLONE_VM|CLONE_VFORK|SIGCHLD <unfinished ...>
5995  execve("/home/runner/go/bin/as", ["as", "-EL", "-mabi=lp64", "-o", "/tmp/ccIX0oUI.o", "/home/runner/work/_temp/transiti"...], 0x1fed2c20 /* 116 vars */) = -1 ENOENT (No such file or directory)
5995  execve("/opt/hostedtoolcache/go/1.27.0/arm64/bin/as", ["as", "-EL", "-mabi=lp64", "-o", "/tmp/ccIX0oUI.o", "/home/runner/work/_temp/transiti"...], 0x1fed2c20 /* 116 vars */) = -1 ENOENT (No such file or directory)
5995  execve("/snap/bin/as", ["as", "-EL", "-mabi=lp64", "-o", "/tmp/ccIX0oUI.o", "/home/runner/work/_temp/transiti"...], 0x1fed2c20 /* 116 vars */) = -1 ENOENT (No such file or directory)
5995  execve("/home/runner/.local/bin/as", ["as", "-EL", "-mabi=lp64", "-o", "/tmp/ccIX0oUI.o", "/home/runner/work/_temp/transiti"...], 0x1fed2c20 /* 116 vars */) = -1 ENOENT (No such file or directory)
5995  execve("/opt/pipx_bin/as", ["as", "-EL", "-mabi=lp64", "-o", "/tmp/ccIX0oUI.o", "/home/runner/work/_temp/transiti"...], 0x1fed2c20 /* 116 vars */) = -1 ENOENT (No such file or directory)
5995  execve("/home/runner/.cargo/bin/as", ["as", "-EL", "-mabi=lp64", "-o", "/tmp/ccIX0oUI.o", "/home/runner/work/_temp/transiti"...], 0x1fed2c20 /* 116 vars */) = -1 ENOENT (No such file or directory)
5995  execve("/home/runner/.config/composer/vendor/bin/as", ["as", "-EL", "-mabi=lp64", "-o", "/tmp/ccIX0oUI.o", "/home/runner/work/_temp/transiti"...], 0x1fed2c20 /* 116 vars */) = -1 ENOENT (No such file or directory)
5995  execve("/home/runner/.dotnet/tools/as", ["as", "-EL", "-mabi=lp64", "-o", "/tmp/ccIX0oUI.o", "/home/runner/work/_temp/transiti"...], 0x1fed2c20 /* 116 vars */) = -1 ENOENT (No such file or directory)
5995  execve("/usr/local/sbin/as", ["as", "-EL", "-mabi=lp64", "-o", "/tmp/ccIX0oUI.o", "/home/runner/work/_temp/transiti"...], 0x1fed2c20 /* 116 vars */) = -1 ENOENT (No such file or directory)
5995  execve("/usr/local/bin/as", ["as", "-EL", "-mabi=lp64", "-o", "/tmp/ccIX0oUI.o", "/home/runner/work/_temp/transiti"...], 0x1fed2c20 /* 116 vars */) = -1 ENOENT (No such file or directory)
5995  execve("/usr/sbin/as", ["as", "-EL", "-mabi=lp64", "-o", "/tmp/ccIX0oUI.o", "/home/runner/work/_temp/transiti"...], 0x1fed2c20 /* 116 vars */) = -1 ENOENT (No such file or directory)
5995  execve("/usr/bin/as", ["as", "-EL", "-mabi=lp64", "-o", "/tmp/ccIX0oUI.o", "/home/runner/work/_temp/transiti"...], 0x1fed2c20 /* 116 vars */ <unfinished ...>
5994  <... clone resumed>)              = 5995
5995  <... execve resumed>)             = 0
5994  wait4(5995,  <unfinished ...>
5995  exit_group(0)                     = ?
5995  +++ exited with 0 +++
5994  <... wait4 resumed>[{WIFEXITED(s) && WEXITSTATUS(s) == 0}], 0, NULL) = 5995
5994  --- SIGCHLD {si_signo=SIGCHLD, si_code=CLD_EXITED, si_pid=5995, si_uid=1001, si_status=0, si_utime=8 /* 0.08 s */, si_stime=0} ---
5994  clone(child_stack=0xfffffcea3110, flags=CLONE_VM|CLONE_VFORK|SIGCHLD <unfinished ...>
5996  execve("/usr/libexec/gcc/aarch64-linux-gnu/13/collect2", ["/usr/libexec/gcc/aarch64-linux-g"..., "-plugin", "/usr/libexec/gcc/aarch64-linux-g"..., "-plugin-opt=/usr/libexec/gcc/aar"..., "-plugin-opt=-fresolution=/tmp/cc"..., "-plugin-opt=-pass-through=-lgcc", "-plugin-opt=-pass-through=-lgcc_"..., "-plugin-opt=-pass-through=-lc", "-plugin-opt=-pass-through=-lgcc", "-plugin-opt=-pass-through=-lgcc_"..., "--build-id", "--eh-frame-hdr", "--hash-style=gnu", "--as-needed", "-dynamic-linker", "/lib/ld-linux-aarch64.so.1", "-X", "-EL", "-maarch64linux", "--fix-cortex-a53-843419", "-pie", "-z", "now", "-z", "relro", "-o", "/home/runner/work/_temp/transiti"..., "/usr/lib/gcc/aarch64-linux-gnu/1"..., "/usr/lib/gcc/aarch64-linux-gnu/1"..., "/usr/lib/gcc/aarch64-linux-gnu/1"..., "-L/usr/lib/gcc/aarch64-linux-gnu"..., "-L/usr/lib/gcc/aarch64-linux-gnu"..., ...], 0x1fed33c0 /* 118 vars */ <unfinished ...>
5994  <... clone resumed>)              = 5996
5996  <... execve resumed>)             = 0
5994  wait4(5996,  <unfinished ...>
5996  clone(child_stack=0xffffdec8a550, flags=CLONE_VM|CLONE_VFORK|SIGCHLD <unfinished ...>
5997  execve("/usr/bin/ld", ["/usr/bin/ld", "-plugin", "/usr/libexec/gcc/aarch64-linux-g"..., "-plugin-opt=/usr/libexec/gcc/aar"..., "-plugin-opt=-fresolution=/tmp/cc"..., "-plugin-opt=-pass-through=-lgcc", "-plugin-opt=-pass-through=-lgcc_"..., "-plugin-opt=-pass-through=-lc", "-plugin-opt=-pass-through=-lgcc", "-plugin-opt=-pass-through=-lgcc_"..., "--build-id", "--eh-frame-hdr", "--hash-style=gnu", "--as-needed", "-dynamic-linker", "/lib/ld-linux-aarch64.so.1", "-X", "-EL", "-maarch64linux", "--fix-cortex-a53-843419", "-pie", "-z", "now", "-z", "relro", "-o", "/home/runner/work/_temp/transiti"..., "/usr/lib/gcc/aarch64-linux-gnu/1"..., "/usr/lib/gcc/aarch64-linux-gnu/1"..., "/usr/lib/gcc/aarch64-linux-gnu/1"..., "-L/usr/lib/gcc/aarch64-linux-gnu"..., "-L/usr/lib/gcc/aarch64-linux-gnu"..., ...], 0xffffdec8ac00 /* 118 vars */ <unfinished ...>
5996  <... clone resumed>)              = 5997
5997  <... execve resumed>)             = 0
5996  wait4(5997,  <unfinished ...>
5997  exit_group(0)                     = ?
5997  +++ exited with 0 +++
5996  <... wait4 resumed>[{WIFEXITED(s) && WEXITSTATUS(s) == 0}], 0, NULL) = 5997
5996  --- SIGCHLD {si_signo=SIGCHLD, si_code=CLD_EXITED, si_pid=5997, si_uid=1001, si_status=0, si_utime=0, si_stime=1 /* 0.01 s */} ---
5996  exit_group(0)                     = ?
5996  +++ exited with 0 +++
5994  <... wait4 resumed>[{WIFEXITED(s) && WEXITSTATUS(s) == 0}], 0, NULL) = 5996
5994  --- SIGCHLD {si_signo=SIGCHLD, si_code=CLD_EXITED, si_pid=5996, si_uid=1001, si_status=0, si_utime=0, si_stime=0} ---
5994  exit_group(0)                     = ?
5994  +++ exited with 0 +++
5992  <... wait4 resumed>[{WIFEXITED(s) && WEXITSTATUS(s) == 0}], 0, NULL) = 5994
5992  --- SIGCHLD {si_signo=SIGCHLD, si_code=CLD_EXITED, si_pid=5994, si_uid=1001, si_status=0, si_utime=0, si_stime=0} ---
5992  exit_group(0)                     = ?
5992  +++ exited with 0 +++
