6288  execve("/home/runner/work/_temp/transition/first/compiler", ["/home/runner/work/_temp/transiti"..., "build", "compiler/gate4/src/compiler.trb", "--output", "/home/runner/work/_temp/transiti"..., "--qbe", "/home/runner/work/_temp/qbe-1.3/"..., "--cc", "/usr/bin/cc", "--target", "linux-arm64-v0"], 0xffffd4c4b6b8 /* 111 vars */) = 0
6288  clone(child_stack=NULL, flags=CLONE_CHILD_CLEARTID|CLONE_CHILD_SETTID|SIGCHLD, child_tidptr=0xff3c28a35f90) = 6289
6288  wait4(6289,  <unfinished ...>
6289  execve("/home/runner/work/_temp/qbe-1.3/qbe", ["/home/runner/work/_temp/qbe-1.3/"..., "-t", "arm64", "-o", "/home/runner/work/_temp/transiti"..., "/home/runner/work/_temp/transiti"...], 0xfffffefb7f28 /* 111 vars */) = 0
6289  exit_group(0)                     = ?
6289  +++ exited with 0 +++
6288  <... wait4 resumed>[{WIFEXITED(s) && WEXITSTATUS(s) == 0}], 0, NULL) = 6289
6288  --- SIGCHLD {si_signo=SIGCHLD, si_code=CLD_EXITED, si_pid=6289, si_uid=1001, si_status=0, si_utime=25 /* 0.25 s */, si_stime=1 /* 0.01 s */} ---
6288  clone(child_stack=NULL, flags=CLONE_CHILD_CLEARTID|CLONE_CHILD_SETTID|SIGCHLD, child_tidptr=0xff3c28a35f90) = 6290
6288  wait4(6290,  <unfinished ...>
6290  execve("/usr/bin/cc", ["/usr/bin/cc", "-xassembler", "/home/runner/work/_temp/transiti"..., "-Wl,--gc-sections,--strip-all", "-o", "/home/runner/work/_temp/transiti"...], 0xfffffefb7f28 /* 111 vars */) = 0
6290  clone(child_stack=0xffffe0a8fff0, flags=CLONE_VM|CLONE_VFORK|SIGCHLD <unfinished ...>
6291  execve("/home/runner/go/bin/as", ["as", "-EL", "-mabi=lp64", "-o", "/tmp/ccgZiRen.o", "/home/runner/work/_temp/transiti"...], 0x28423c20 /* 116 vars */) = -1 ENOENT (No such file or directory)
6291  execve("/opt/hostedtoolcache/go/1.27.1/arm64/bin/as", ["as", "-EL", "-mabi=lp64", "-o", "/tmp/ccgZiRen.o", "/home/runner/work/_temp/transiti"...], 0x28423c20 /* 116 vars */) = -1 ENOENT (No such file or directory)
6291  execve("/snap/bin/as", ["as", "-EL", "-mabi=lp64", "-o", "/tmp/ccgZiRen.o", "/home/runner/work/_temp/transiti"...], 0x28423c20 /* 116 vars */) = -1 ENOENT (No such file or directory)
6291  execve("/home/runner/.local/bin/as", ["as", "-EL", "-mabi=lp64", "-o", "/tmp/ccgZiRen.o", "/home/runner/work/_temp/transiti"...], 0x28423c20 /* 116 vars */) = -1 ENOENT (No such file or directory)
6291  execve("/opt/pipx_bin/as", ["as", "-EL", "-mabi=lp64", "-o", "/tmp/ccgZiRen.o", "/home/runner/work/_temp/transiti"...], 0x28423c20 /* 116 vars */) = -1 ENOENT (No such file or directory)
6291  execve("/home/runner/.cargo/bin/as", ["as", "-EL", "-mabi=lp64", "-o", "/tmp/ccgZiRen.o", "/home/runner/work/_temp/transiti"...], 0x28423c20 /* 116 vars */) = -1 ENOENT (No such file or directory)
6291  execve("/home/runner/.config/composer/vendor/bin/as", ["as", "-EL", "-mabi=lp64", "-o", "/tmp/ccgZiRen.o", "/home/runner/work/_temp/transiti"...], 0x28423c20 /* 116 vars */) = -1 ENOENT (No such file or directory)
6291  execve("/home/runner/.dotnet/tools/as", ["as", "-EL", "-mabi=lp64", "-o", "/tmp/ccgZiRen.o", "/home/runner/work/_temp/transiti"...], 0x28423c20 /* 116 vars */) = -1 ENOENT (No such file or directory)
6291  execve("/usr/local/sbin/as", ["as", "-EL", "-mabi=lp64", "-o", "/tmp/ccgZiRen.o", "/home/runner/work/_temp/transiti"...], 0x28423c20 /* 116 vars */) = -1 ENOENT (No such file or directory)
6291  execve("/usr/local/bin/as", ["as", "-EL", "-mabi=lp64", "-o", "/tmp/ccgZiRen.o", "/home/runner/work/_temp/transiti"...], 0x28423c20 /* 116 vars */) = -1 ENOENT (No such file or directory)
6291  execve("/usr/sbin/as", ["as", "-EL", "-mabi=lp64", "-o", "/tmp/ccgZiRen.o", "/home/runner/work/_temp/transiti"...], 0x28423c20 /* 116 vars */) = -1 ENOENT (No such file or directory)
6291  execve("/usr/bin/as", ["as", "-EL", "-mabi=lp64", "-o", "/tmp/ccgZiRen.o", "/home/runner/work/_temp/transiti"...], 0x28423c20 /* 116 vars */ <unfinished ...>
6290  <... clone resumed>)              = 6291
6291  <... execve resumed>)             = 0
6290  wait4(6291,  <unfinished ...>
6291  exit_group(0)                     = ?
6291  +++ exited with 0 +++
6290  <... wait4 resumed>[{WIFEXITED(s) && WEXITSTATUS(s) == 0}], 0, NULL) = 6291
6290  --- SIGCHLD {si_signo=SIGCHLD, si_code=CLD_EXITED, si_pid=6291, si_uid=1001, si_status=0, si_utime=10 /* 0.10 s */, si_stime=1 /* 0.01 s */} ---
6290  clone(child_stack=0xffffe0a8f130, flags=CLONE_VM|CLONE_VFORK|SIGCHLD <unfinished ...>
6292  execve("/usr/libexec/gcc/aarch64-linux-gnu/13/collect2", ["/usr/libexec/gcc/aarch64-linux-g"..., "-plugin", "/usr/libexec/gcc/aarch64-linux-g"..., "-plugin-opt=/usr/libexec/gcc/aar"..., "-plugin-opt=-fresolution=/tmp/cc"..., "-plugin-opt=-pass-through=-lgcc", "-plugin-opt=-pass-through=-lgcc_"..., "-plugin-opt=-pass-through=-lc", "-plugin-opt=-pass-through=-lgcc", "-plugin-opt=-pass-through=-lgcc_"..., "--build-id", "--eh-frame-hdr", "--hash-style=gnu", "--as-needed", "-dynamic-linker", "/lib/ld-linux-aarch64.so.1", "-X", "-EL", "-maarch64linux", "--fix-cortex-a53-843419", "-pie", "-z", "now", "-z", "relro", "-o", "/home/runner/work/_temp/transiti"..., "/usr/lib/gcc/aarch64-linux-gnu/1"..., "/usr/lib/gcc/aarch64-linux-gnu/1"..., "/usr/lib/gcc/aarch64-linux-gnu/1"..., "-L/usr/lib/gcc/aarch64-linux-gnu"..., "-L/usr/lib/gcc/aarch64-linux-gnu"..., ...], 0x284243c0 /* 118 vars */ <unfinished ...>
6290  <... clone resumed>)              = 6292
6292  <... execve resumed>)             = 0
6290  wait4(6292,  <unfinished ...>
6292  clone(child_stack=0xffffe3cb9d40, flags=CLONE_VM|CLONE_VFORK|SIGCHLD <unfinished ...>
6293  execve("/usr/bin/ld", ["/usr/bin/ld", "-plugin", "/usr/libexec/gcc/aarch64-linux-g"..., "-plugin-opt=/usr/libexec/gcc/aar"..., "-plugin-opt=-fresolution=/tmp/cc"..., "-plugin-opt=-pass-through=-lgcc", "-plugin-opt=-pass-through=-lgcc_"..., "-plugin-opt=-pass-through=-lc", "-plugin-opt=-pass-through=-lgcc", "-plugin-opt=-pass-through=-lgcc_"..., "--build-id", "--eh-frame-hdr", "--hash-style=gnu", "--as-needed", "-dynamic-linker", "/lib/ld-linux-aarch64.so.1", "-X", "-EL", "-maarch64linux", "--fix-cortex-a53-843419", "-pie", "-z", "now", "-z", "relro", "-o", "/home/runner/work/_temp/transiti"..., "/usr/lib/gcc/aarch64-linux-gnu/1"..., "/usr/lib/gcc/aarch64-linux-gnu/1"..., "/usr/lib/gcc/aarch64-linux-gnu/1"..., "-L/usr/lib/gcc/aarch64-linux-gnu"..., "-L/usr/lib/gcc/aarch64-linux-gnu"..., ...], 0xffffe3cba3f0 /* 118 vars */ <unfinished ...>
6292  <... clone resumed>)              = 6293
6293  <... execve resumed>)             = 0
6292  wait4(6293,  <unfinished ...>
6293  exit_group(0)                     = ?
6293  +++ exited with 0 +++
6292  <... wait4 resumed>[{WIFEXITED(s) && WEXITSTATUS(s) == 0}], 0, NULL) = 6293
6292  --- SIGCHLD {si_signo=SIGCHLD, si_code=CLD_EXITED, si_pid=6293, si_uid=1001, si_status=0, si_utime=0, si_stime=1 /* 0.01 s */} ---
6292  exit_group(0)                     = ?
6292  +++ exited with 0 +++
6290  <... wait4 resumed>[{WIFEXITED(s) && WEXITSTATUS(s) == 0}], 0, NULL) = 6292
6290  --- SIGCHLD {si_signo=SIGCHLD, si_code=CLD_EXITED, si_pid=6292, si_uid=1001, si_status=0, si_utime=0, si_stime=0} ---
6290  exit_group(0)                     = ?
6290  +++ exited with 0 +++
6288  <... wait4 resumed>[{WIFEXITED(s) && WEXITSTATUS(s) == 0}], 0, NULL) = 6290
6288  --- SIGCHLD {si_signo=SIGCHLD, si_code=CLD_EXITED, si_pid=6290, si_uid=1001, si_status=0, si_utime=0, si_stime=0} ---
6288  exit_group(0)                     = ?
6288  +++ exited with 0 +++
