6278  execve("/home/runner/work/_temp/release/type-rb-native-bootstrap-linux-arm64", ["/home/runner/work/_temp/release/"..., "build", "compiler/gate4/src/compiler.trb", "--output", "/home/runner/work/_temp/transiti"..., "--qbe", "/home/runner/work/_temp/qbe-1.3/"..., "--cc", "/usr/bin/cc", "--target", "linux-arm64-v0"], 0xfffff9bf1228 /* 111 vars */) = 0
6278  clone(child_stack=NULL, flags=CLONE_CHILD_CLEARTID|CLONE_CHILD_SETTID|SIGCHLD, child_tidptr=0xff692c46ff90) = 6280
6278  wait4(6280,  <unfinished ...>
6280  execve("/home/runner/work/_temp/qbe-1.3/qbe", ["/home/runner/work/_temp/qbe-1.3/"..., "-t", "arm64", "-o", "/home/runner/work/_temp/transiti"..., "/home/runner/work/_temp/transiti"...], 0xffffc7fbf3e8 /* 111 vars */) = 0
6280  exit_group(0)                     = ?
6280  +++ exited with 0 +++
6278  <... wait4 resumed>[{WIFEXITED(s) && WEXITSTATUS(s) == 0}], 0, NULL) = 6280
6278  --- SIGCHLD {si_signo=SIGCHLD, si_code=CLD_EXITED, si_pid=6280, si_uid=1001, si_status=0, si_utime=25 /* 0.25 s */, si_stime=1 /* 0.01 s */} ---
6278  clone(child_stack=NULL, flags=CLONE_CHILD_CLEARTID|CLONE_CHILD_SETTID|SIGCHLD, child_tidptr=0xff692c46ff90) = 6281
6278  wait4(6281,  <unfinished ...>
6281  execve("/usr/bin/cc", ["/usr/bin/cc", "-xassembler", "/home/runner/work/_temp/transiti"..., "-Wl,--gc-sections,--strip-all", "-o", "/home/runner/work/_temp/transiti"...], 0xffffc7fbf3e8 /* 111 vars */) = 0
6281  clone(child_stack=0xffffedbf7150, flags=CLONE_VM|CLONE_VFORK|SIGCHLD <unfinished ...>
6282  execve("/home/runner/go/bin/as", ["as", "-EL", "-mabi=lp64", "-o", "/tmp/ccKhpDrO.o", "/home/runner/work/_temp/transiti"...], 0x55c7c10 /* 116 vars */) = -1 ENOENT (No such file or directory)
6282  execve("/opt/hostedtoolcache/go/1.27.1/arm64/bin/as", ["as", "-EL", "-mabi=lp64", "-o", "/tmp/ccKhpDrO.o", "/home/runner/work/_temp/transiti"...], 0x55c7c10 /* 116 vars */) = -1 ENOENT (No such file or directory)
6282  execve("/snap/bin/as", ["as", "-EL", "-mabi=lp64", "-o", "/tmp/ccKhpDrO.o", "/home/runner/work/_temp/transiti"...], 0x55c7c10 /* 116 vars */) = -1 ENOENT (No such file or directory)
6282  execve("/home/runner/.local/bin/as", ["as", "-EL", "-mabi=lp64", "-o", "/tmp/ccKhpDrO.o", "/home/runner/work/_temp/transiti"...], 0x55c7c10 /* 116 vars */) = -1 ENOENT (No such file or directory)
6282  execve("/opt/pipx_bin/as", ["as", "-EL", "-mabi=lp64", "-o", "/tmp/ccKhpDrO.o", "/home/runner/work/_temp/transiti"...], 0x55c7c10 /* 116 vars */) = -1 ENOENT (No such file or directory)
6282  execve("/home/runner/.cargo/bin/as", ["as", "-EL", "-mabi=lp64", "-o", "/tmp/ccKhpDrO.o", "/home/runner/work/_temp/transiti"...], 0x55c7c10 /* 116 vars */) = -1 ENOENT (No such file or directory)
6282  execve("/home/runner/.config/composer/vendor/bin/as", ["as", "-EL", "-mabi=lp64", "-o", "/tmp/ccKhpDrO.o", "/home/runner/work/_temp/transiti"...], 0x55c7c10 /* 116 vars */) = -1 ENOENT (No such file or directory)
6282  execve("/home/runner/.dotnet/tools/as", ["as", "-EL", "-mabi=lp64", "-o", "/tmp/ccKhpDrO.o", "/home/runner/work/_temp/transiti"...], 0x55c7c10 /* 116 vars */) = -1 ENOENT (No such file or directory)
6282  execve("/usr/local/sbin/as", ["as", "-EL", "-mabi=lp64", "-o", "/tmp/ccKhpDrO.o", "/home/runner/work/_temp/transiti"...], 0x55c7c10 /* 116 vars */) = -1 ENOENT (No such file or directory)
6282  execve("/usr/local/bin/as", ["as", "-EL", "-mabi=lp64", "-o", "/tmp/ccKhpDrO.o", "/home/runner/work/_temp/transiti"...], 0x55c7c10 /* 116 vars */) = -1 ENOENT (No such file or directory)
6282  execve("/usr/sbin/as", ["as", "-EL", "-mabi=lp64", "-o", "/tmp/ccKhpDrO.o", "/home/runner/work/_temp/transiti"...], 0x55c7c10 /* 116 vars */) = -1 ENOENT (No such file or directory)
6282  execve("/usr/bin/as", ["as", "-EL", "-mabi=lp64", "-o", "/tmp/ccKhpDrO.o", "/home/runner/work/_temp/transiti"...], 0x55c7c10 /* 116 vars */ <unfinished ...>
6281  <... clone resumed>)              = 6282
6282  <... execve resumed>)             = 0
6281  wait4(6282,  <unfinished ...>
6282  exit_group(0)                     = ?
6282  +++ exited with 0 +++
6281  <... wait4 resumed>[{WIFEXITED(s) && WEXITSTATUS(s) == 0}], 0, NULL) = 6282
6281  --- SIGCHLD {si_signo=SIGCHLD, si_code=CLD_EXITED, si_pid=6282, si_uid=1001, si_status=0, si_utime=10 /* 0.10 s */, si_stime=1 /* 0.01 s */} ---
6281  clone(child_stack=0xffffedbf6290, flags=CLONE_VM|CLONE_VFORK|SIGCHLD <unfinished ...>
6283  execve("/usr/libexec/gcc/aarch64-linux-gnu/13/collect2", ["/usr/libexec/gcc/aarch64-linux-g"..., "-plugin", "/usr/libexec/gcc/aarch64-linux-g"..., "-plugin-opt=/usr/libexec/gcc/aar"..., "-plugin-opt=-fresolution=/tmp/cc"..., "-plugin-opt=-pass-through=-lgcc", "-plugin-opt=-pass-through=-lgcc_"..., "-plugin-opt=-pass-through=-lc", "-plugin-opt=-pass-through=-lgcc", "-plugin-opt=-pass-through=-lgcc_"..., "--build-id", "--eh-frame-hdr", "--hash-style=gnu", "--as-needed", "-dynamic-linker", "/lib/ld-linux-aarch64.so.1", "-X", "-EL", "-maarch64linux", "--fix-cortex-a53-843419", "-pie", "-z", "now", "-z", "relro", "-o", "/home/runner/work/_temp/transiti"..., "/usr/lib/gcc/aarch64-linux-gnu/1"..., "/usr/lib/gcc/aarch64-linux-gnu/1"..., "/usr/lib/gcc/aarch64-linux-gnu/1"..., "-L/usr/lib/gcc/aarch64-linux-gnu"..., "-L/usr/lib/gcc/aarch64-linux-gnu"..., ...], 0x55c83b0 /* 118 vars */ <unfinished ...>
6281  <... clone resumed>)              = 6283
6283  <... execve resumed>)             = 0
6281  wait4(6283,  <unfinished ...>
6283  clone(child_stack=0xffffc94b2440, flags=CLONE_VM|CLONE_VFORK|SIGCHLD <unfinished ...>
6284  execve("/usr/bin/ld", ["/usr/bin/ld", "-plugin", "/usr/libexec/gcc/aarch64-linux-g"..., "-plugin-opt=/usr/libexec/gcc/aar"..., "-plugin-opt=-fresolution=/tmp/cc"..., "-plugin-opt=-pass-through=-lgcc", "-plugin-opt=-pass-through=-lgcc_"..., "-plugin-opt=-pass-through=-lc", "-plugin-opt=-pass-through=-lgcc", "-plugin-opt=-pass-through=-lgcc_"..., "--build-id", "--eh-frame-hdr", "--hash-style=gnu", "--as-needed", "-dynamic-linker", "/lib/ld-linux-aarch64.so.1", "-X", "-EL", "-maarch64linux", "--fix-cortex-a53-843419", "-pie", "-z", "now", "-z", "relro", "-o", "/home/runner/work/_temp/transiti"..., "/usr/lib/gcc/aarch64-linux-gnu/1"..., "/usr/lib/gcc/aarch64-linux-gnu/1"..., "/usr/lib/gcc/aarch64-linux-gnu/1"..., "-L/usr/lib/gcc/aarch64-linux-gnu"..., "-L/usr/lib/gcc/aarch64-linux-gnu"..., ...], 0xffffc94b2af0 /* 118 vars */ <unfinished ...>
6283  <... clone resumed>)              = 6284
6284  <... execve resumed>)             = 0
6283  wait4(6284,  <unfinished ...>
6284  exit_group(0)                     = ?
6284  +++ exited with 0 +++
6283  <... wait4 resumed>[{WIFEXITED(s) && WEXITSTATUS(s) == 0}], 0, NULL) = 6284
6283  --- SIGCHLD {si_signo=SIGCHLD, si_code=CLD_EXITED, si_pid=6284, si_uid=1001, si_status=0, si_utime=0, si_stime=1 /* 0.01 s */} ---
6283  exit_group(0)                     = ?
6283  +++ exited with 0 +++
6281  <... wait4 resumed>[{WIFEXITED(s) && WEXITSTATUS(s) == 0}], 0, NULL) = 6283
6281  --- SIGCHLD {si_signo=SIGCHLD, si_code=CLD_EXITED, si_pid=6283, si_uid=1001, si_status=0, si_utime=0, si_stime=0} ---
6281  exit_group(0)                     = ?
6281  +++ exited with 0 +++
6278  <... wait4 resumed>[{WIFEXITED(s) && WEXITSTATUS(s) == 0}], 0, NULL) = 6281
6278  --- SIGCHLD {si_signo=SIGCHLD, si_code=CLD_EXITED, si_pid=6281, si_uid=1001, si_status=0, si_utime=0, si_stime=0} ---
6278  exit_group(0)                     = ?
6278  +++ exited with 0 +++
