6267  execve("/home/runner/work/_temp/release/type-rb-native-bootstrap-linux-arm64", ["/home/runner/work/_temp/release/"..., "build", "compiler/gate4/src/compiler.trb", "--output", "/home/runner/work/_temp/transiti"..., "--qbe", "/home/runner/work/_temp/qbe-1.3/"..., "--cc", "/usr/bin/cc", "--target", "linux-arm64-v0"], 0xffffece8bb68 /* 111 vars */) = 0
6267  clone(child_stack=NULL, flags=CLONE_CHILD_CLEARTID|CLONE_CHILD_SETTID|SIGCHLD, child_tidptr=0xffa3f9042f90) = 6268
6267  wait4(6268,  <unfinished ...>
6268  execve("/home/runner/work/_temp/qbe-1.3/qbe", ["/home/runner/work/_temp/qbe-1.3/"..., "-t", "arm64", "-o", "/home/runner/work/_temp/transiti"..., "/home/runner/work/_temp/transiti"...], 0xffffefbec4d8 /* 111 vars */) = 0
6268  exit_group(0)                     = ?
6268  +++ exited with 0 +++
6267  <... wait4 resumed>[{WIFEXITED(s) && WEXITSTATUS(s) == 0}], 0, NULL) = 6268
6267  --- SIGCHLD {si_signo=SIGCHLD, si_code=CLD_EXITED, si_pid=6268, si_uid=1001, si_status=0, si_utime=23 /* 0.23 s */, si_stime=1 /* 0.01 s */} ---
6267  clone(child_stack=NULL, flags=CLONE_CHILD_CLEARTID|CLONE_CHILD_SETTID|SIGCHLD, child_tidptr=0xffa3f9042f90) = 6269
6267  wait4(6269,  <unfinished ...>
6269  execve("/usr/bin/cc", ["/usr/bin/cc", "-xassembler", "/home/runner/work/_temp/transiti"..., "-Wl,--gc-sections,--strip-all", "-o", "/home/runner/work/_temp/transiti"...], 0xffffefbec4d8 /* 111 vars */) = 0
6269  clone(child_stack=0xffffd6a11000, flags=CLONE_VM|CLONE_VFORK|SIGCHLD <unfinished ...>
6270  execve("/home/runner/go/bin/as", ["as", "-EL", "-mabi=lp64", "-o", "/tmp/cc0y7gVG.o", "/home/runner/work/_temp/transiti"...], 0x182d2c10 /* 116 vars */) = -1 ENOENT (No such file or directory)
6270  execve("/opt/hostedtoolcache/go/1.27.1/arm64/bin/as", ["as", "-EL", "-mabi=lp64", "-o", "/tmp/cc0y7gVG.o", "/home/runner/work/_temp/transiti"...], 0x182d2c10 /* 116 vars */) = -1 ENOENT (No such file or directory)
6270  execve("/snap/bin/as", ["as", "-EL", "-mabi=lp64", "-o", "/tmp/cc0y7gVG.o", "/home/runner/work/_temp/transiti"...], 0x182d2c10 /* 116 vars */) = -1 ENOENT (No such file or directory)
6270  execve("/home/runner/.local/bin/as", ["as", "-EL", "-mabi=lp64", "-o", "/tmp/cc0y7gVG.o", "/home/runner/work/_temp/transiti"...], 0x182d2c10 /* 116 vars */) = -1 ENOENT (No such file or directory)
6270  execve("/opt/pipx_bin/as", ["as", "-EL", "-mabi=lp64", "-o", "/tmp/cc0y7gVG.o", "/home/runner/work/_temp/transiti"...], 0x182d2c10 /* 116 vars */) = -1 ENOENT (No such file or directory)
6270  execve("/home/runner/.cargo/bin/as", ["as", "-EL", "-mabi=lp64", "-o", "/tmp/cc0y7gVG.o", "/home/runner/work/_temp/transiti"...], 0x182d2c10 /* 116 vars */) = -1 ENOENT (No such file or directory)
6270  execve("/home/runner/.config/composer/vendor/bin/as", ["as", "-EL", "-mabi=lp64", "-o", "/tmp/cc0y7gVG.o", "/home/runner/work/_temp/transiti"...], 0x182d2c10 /* 116 vars */) = -1 ENOENT (No such file or directory)
6270  execve("/home/runner/.dotnet/tools/as", ["as", "-EL", "-mabi=lp64", "-o", "/tmp/cc0y7gVG.o", "/home/runner/work/_temp/transiti"...], 0x182d2c10 /* 116 vars */) = -1 ENOENT (No such file or directory)
6270  execve("/usr/local/sbin/as", ["as", "-EL", "-mabi=lp64", "-o", "/tmp/cc0y7gVG.o", "/home/runner/work/_temp/transiti"...], 0x182d2c10 /* 116 vars */) = -1 ENOENT (No such file or directory)
6270  execve("/usr/local/bin/as", ["as", "-EL", "-mabi=lp64", "-o", "/tmp/cc0y7gVG.o", "/home/runner/work/_temp/transiti"...], 0x182d2c10 /* 116 vars */) = -1 ENOENT (No such file or directory)
6270  execve("/usr/sbin/as", ["as", "-EL", "-mabi=lp64", "-o", "/tmp/cc0y7gVG.o", "/home/runner/work/_temp/transiti"...], 0x182d2c10 /* 116 vars */) = -1 ENOENT (No such file or directory)
6270  execve("/usr/bin/as", ["as", "-EL", "-mabi=lp64", "-o", "/tmp/cc0y7gVG.o", "/home/runner/work/_temp/transiti"...], 0x182d2c10 /* 116 vars */ <unfinished ...>
6269  <... clone resumed>)              = 6270
6270  <... execve resumed>)             = 0
6269  wait4(6270,  <unfinished ...>
6270  exit_group(0)                     = ?
6270  +++ exited with 0 +++
6269  <... wait4 resumed>[{WIFEXITED(s) && WEXITSTATUS(s) == 0}], 0, NULL) = 6270
6269  --- SIGCHLD {si_signo=SIGCHLD, si_code=CLD_EXITED, si_pid=6270, si_uid=1001, si_status=0, si_utime=10 /* 0.10 s */, si_stime=1 /* 0.01 s */} ---
6269  clone(child_stack=0xffffd6a10140, flags=CLONE_VM|CLONE_VFORK|SIGCHLD <unfinished ...>
6271  execve("/usr/libexec/gcc/aarch64-linux-gnu/13/collect2", ["/usr/libexec/gcc/aarch64-linux-g"..., "-plugin", "/usr/libexec/gcc/aarch64-linux-g"..., "-plugin-opt=/usr/libexec/gcc/aar"..., "-plugin-opt=-fresolution=/tmp/cc"..., "-plugin-opt=-pass-through=-lgcc", "-plugin-opt=-pass-through=-lgcc_"..., "-plugin-opt=-pass-through=-lc", "-plugin-opt=-pass-through=-lgcc", "-plugin-opt=-pass-through=-lgcc_"..., "--build-id", "--eh-frame-hdr", "--hash-style=gnu", "--as-needed", "-dynamic-linker", "/lib/ld-linux-aarch64.so.1", "-X", "-EL", "-maarch64linux", "--fix-cortex-a53-843419", "-pie", "-z", "now", "-z", "relro", "-o", "/home/runner/work/_temp/transiti"..., "/usr/lib/gcc/aarch64-linux-gnu/1"..., "/usr/lib/gcc/aarch64-linux-gnu/1"..., "/usr/lib/gcc/aarch64-linux-gnu/1"..., "-L/usr/lib/gcc/aarch64-linux-gnu"..., "-L/usr/lib/gcc/aarch64-linux-gnu"..., ...], 0x182d33b0 /* 118 vars */ <unfinished ...>
6269  <... clone resumed>)              = 6271
6271  <... execve resumed>)             = 0
6269  wait4(6271,  <unfinished ...>
6271  clone(child_stack=0xfffff38f5020, flags=CLONE_VM|CLONE_VFORK|SIGCHLD <unfinished ...>
6272  execve("/usr/bin/ld", ["/usr/bin/ld", "-plugin", "/usr/libexec/gcc/aarch64-linux-g"..., "-plugin-opt=/usr/libexec/gcc/aar"..., "-plugin-opt=-fresolution=/tmp/cc"..., "-plugin-opt=-pass-through=-lgcc", "-plugin-opt=-pass-through=-lgcc_"..., "-plugin-opt=-pass-through=-lc", "-plugin-opt=-pass-through=-lgcc", "-plugin-opt=-pass-through=-lgcc_"..., "--build-id", "--eh-frame-hdr", "--hash-style=gnu", "--as-needed", "-dynamic-linker", "/lib/ld-linux-aarch64.so.1", "-X", "-EL", "-maarch64linux", "--fix-cortex-a53-843419", "-pie", "-z", "now", "-z", "relro", "-o", "/home/runner/work/_temp/transiti"..., "/usr/lib/gcc/aarch64-linux-gnu/1"..., "/usr/lib/gcc/aarch64-linux-gnu/1"..., "/usr/lib/gcc/aarch64-linux-gnu/1"..., "-L/usr/lib/gcc/aarch64-linux-gnu"..., "-L/usr/lib/gcc/aarch64-linux-gnu"..., ...], 0xfffff38f56d0 /* 118 vars */ <unfinished ...>
6271  <... clone resumed>)              = 6272
6272  <... execve resumed>)             = 0
6271  wait4(6272,  <unfinished ...>
6272  exit_group(0)                     = ?
6272  +++ exited with 0 +++
6271  <... wait4 resumed>[{WIFEXITED(s) && WEXITSTATUS(s) == 0}], 0, NULL) = 6272
6271  --- SIGCHLD {si_signo=SIGCHLD, si_code=CLD_EXITED, si_pid=6272, si_uid=1001, si_status=0, si_utime=1 /* 0.01 s */, si_stime=1 /* 0.01 s */} ---
6271  exit_group(0)                     = ?
6271  +++ exited with 0 +++
6269  <... wait4 resumed>[{WIFEXITED(s) && WEXITSTATUS(s) == 0}], 0, NULL) = 6271
6269  --- SIGCHLD {si_signo=SIGCHLD, si_code=CLD_EXITED, si_pid=6271, si_uid=1001, si_status=0, si_utime=0, si_stime=0} ---
6269  exit_group(0)                     = ?
6269  +++ exited with 0 +++
6267  <... wait4 resumed>[{WIFEXITED(s) && WEXITSTATUS(s) == 0}], 0, NULL) = 6269
6267  --- SIGCHLD {si_signo=SIGCHLD, si_code=CLD_EXITED, si_pid=6269, si_uid=1001, si_status=0, si_utime=0, si_stime=0} ---
6267  exit_group(0)                     = ?
6267  +++ exited with 0 +++
