9422  execve("/home/runner/work/_temp/candidate-bootstrap-workspace/b4/compiler", ["/home/runner/work/_temp/candidat"..., "build", "/home/runner/work/type-rb-native"..., "--output", "/home/runner/work/_temp/candidat"..., "--qbe", "/home/runner/work/_temp/qbe-1.3/"..., "--cc", "/usr/bin/cc", "--target", "linux-arm64-v0"], 0xffffe4102c58 /* 111 vars */) = 0
9422  clone(child_stack=NULL, flags=CLONE_CHILD_CLEARTID|CLONE_CHILD_SETTID|SIGCHLD, child_tidptr=0xff6f229d8f90) = 9423
9422  wait4(9423,  <unfinished ...>
9423  execve("/home/runner/work/_temp/qbe-1.3/qbe", ["/home/runner/work/_temp/qbe-1.3/"..., "-t", "arm64", "-o", "/home/runner/work/_temp/candidat"..., "/home/runner/work/_temp/candidat"...], 0xffffd32c9688 /* 111 vars */) = 0
9423  exit_group(0)                     = ?
9423  +++ exited with 0 +++
9422  <... wait4 resumed>[{WIFEXITED(s) && WEXITSTATUS(s) == 0}], 0, NULL) = 9423
9422  --- SIGCHLD {si_signo=SIGCHLD, si_code=CLD_EXITED, si_pid=9423, si_uid=1001, si_status=0, si_utime=0, si_stime=0} ---
9422  clone(child_stack=NULL, flags=CLONE_CHILD_CLEARTID|CLONE_CHILD_SETTID|SIGCHLD, child_tidptr=0xff6f229d8f90) = 9424
9422  wait4(9424,  <unfinished ...>
9424  execve("/usr/bin/cc", ["/usr/bin/cc", "-xassembler", "/home/runner/work/_temp/candidat"..., "-fuse-ld=lld", "-Wl,--gc-sections,--strip-all", "-lm", "-o", "/home/runner/work/_temp/candidat"...], 0xffffd32c9688 /* 111 vars */) = 0
9424  clone(child_stack=0xfffff27a4790, flags=CLONE_VM|CLONE_VFORK|SIGCHLD <unfinished ...>
9425  execve("/snap/bin/as", ["as", "-EL", "-mabi=lp64", "-o", "/tmp/ccTC0FJ8.o", "/home/runner/work/_temp/candidat"...], 0x218d4d60 /* 116 vars */) = -1 ENOENT (No such file or directory)
9425  execve("/home/runner/.local/bin/as", ["as", "-EL", "-mabi=lp64", "-o", "/tmp/ccTC0FJ8.o", "/home/runner/work/_temp/candidat"...], 0x218d4d60 /* 116 vars */) = -1 ENOENT (No such file or directory)
9425  execve("/opt/pipx_bin/as", ["as", "-EL", "-mabi=lp64", "-o", "/tmp/ccTC0FJ8.o", "/home/runner/work/_temp/candidat"...], 0x218d4d60 /* 116 vars */) = -1 ENOENT (No such file or directory)
9425  execve("/home/runner/.cargo/bin/as", ["as", "-EL", "-mabi=lp64", "-o", "/tmp/ccTC0FJ8.o", "/home/runner/work/_temp/candidat"...], 0x218d4d60 /* 116 vars */) = -1 ENOENT (No such file or directory)
9425  execve("/home/runner/.config/composer/vendor/bin/as", ["as", "-EL", "-mabi=lp64", "-o", "/tmp/ccTC0FJ8.o", "/home/runner/work/_temp/candidat"...], 0x218d4d60 /* 116 vars */) = -1 ENOENT (No such file or directory)
9425  execve("/home/runner/.dotnet/tools/as", ["as", "-EL", "-mabi=lp64", "-o", "/tmp/ccTC0FJ8.o", "/home/runner/work/_temp/candidat"...], 0x218d4d60 /* 116 vars */) = -1 ENOENT (No such file or directory)
9425  execve("/usr/local/sbin/as", ["as", "-EL", "-mabi=lp64", "-o", "/tmp/ccTC0FJ8.o", "/home/runner/work/_temp/candidat"...], 0x218d4d60 /* 116 vars */) = -1 ENOENT (No such file or directory)
9425  execve("/usr/local/bin/as", ["as", "-EL", "-mabi=lp64", "-o", "/tmp/ccTC0FJ8.o", "/home/runner/work/_temp/candidat"...], 0x218d4d60 /* 116 vars */) = -1 ENOENT (No such file or directory)
9425  execve("/usr/sbin/as", ["as", "-EL", "-mabi=lp64", "-o", "/tmp/ccTC0FJ8.o", "/home/runner/work/_temp/candidat"...], 0x218d4d60 /* 116 vars */) = -1 ENOENT (No such file or directory)
9425  execve("/usr/bin/as", ["as", "-EL", "-mabi=lp64", "-o", "/tmp/ccTC0FJ8.o", "/home/runner/work/_temp/candidat"...], 0x218d4d60 /* 116 vars */ <unfinished ...>
9424  <... clone resumed>)              = 9425
9425  <... execve resumed>)             = 0
9424  wait4(9425,  <unfinished ...>
9425  exit_group(0)                     = ?
9425  +++ exited with 0 +++
9424  <... wait4 resumed>[{WIFEXITED(s) && WEXITSTATUS(s) == 0}], 0, NULL) = 9425
9424  --- SIGCHLD {si_signo=SIGCHLD, si_code=CLD_EXITED, si_pid=9425, si_uid=1001, si_status=0, si_utime=0, si_stime=0} ---
9424  clone(child_stack=0xfffff27a38d0, flags=CLONE_VM|CLONE_VFORK|SIGCHLD <unfinished ...>
9426  execve("/usr/libexec/gcc/aarch64-linux-gnu/13/collect2", ["/usr/libexec/gcc/aarch64-linux-g"..., "-plugin", "/usr/libexec/gcc/aarch64-linux-g"..., "-plugin-opt=/usr/libexec/gcc/aar"..., "-plugin-opt=-fresolution=/tmp/cc"..., "-plugin-opt=-pass-through=-lgcc", "-plugin-opt=-pass-through=-lgcc_"..., "-plugin-opt=-pass-through=-lc", "-plugin-opt=-pass-through=-lgcc", "-plugin-opt=-pass-through=-lgcc_"..., "--build-id", "--eh-frame-hdr", "--hash-style=gnu", "--as-needed", "-dynamic-linker", "/lib/ld-linux-aarch64.so.1", "-X", "-EL", "-maarch64linux", "--fix-cortex-a53-843419", "-pie", "-z", "now", "-fuse-ld=lld", "-z", "relro", "-o", "/home/runner/work/_temp/candidat"..., "/usr/lib/gcc/aarch64-linux-gnu/1"..., "/usr/lib/gcc/aarch64-linux-gnu/1"..., "/usr/lib/gcc/aarch64-linux-gnu/1"..., "-L/usr/lib/gcc/aarch64-linux-gnu"..., ...], 0x218d5590 /* 118 vars */ <unfinished ...>
9424  <... clone resumed>)              = 9426
9426  <... execve resumed>)             = 0
9424  wait4(9426,  <unfinished ...>
9426  clone(child_stack=0xfffff1fbeb20, flags=CLONE_VM|CLONE_VFORK|SIGCHLD <unfinished ...>
9427  execve("/usr/bin/ld.lld", ["/usr/bin/ld.lld", "-plugin", "/usr/libexec/gcc/aarch64-linux-g"..., "-plugin-opt=/usr/libexec/gcc/aar"..., "-plugin-opt=-fresolution=/tmp/cc"..., "-plugin-opt=-pass-through=-lgcc", "-plugin-opt=-pass-through=-lgcc_"..., "-plugin-opt=-pass-through=-lc", "-plugin-opt=-pass-through=-lgcc", "-plugin-opt=-pass-through=-lgcc_"..., "--build-id", "--eh-frame-hdr", "--hash-style=gnu", "--as-needed", "-dynamic-linker", "/lib/ld-linux-aarch64.so.1", "-X", "-EL", "-maarch64linux", "--fix-cortex-a53-843419", "-pie", "-z", "now", "-z", "relro", "-o", "/home/runner/work/_temp/candidat"..., "/usr/lib/gcc/aarch64-linux-gnu/1"..., "/usr/lib/gcc/aarch64-linux-gnu/1"..., "/usr/lib/gcc/aarch64-linux-gnu/1"..., "-L/usr/lib/gcc/aarch64-linux-gnu"..., "-L/usr/lib/gcc/aarch64-linux-gnu"..., ...], 0xfffff1fbf1e0 /* 118 vars */ <unfinished ...>
9426  <... clone resumed>)              = 9427
9427  <... execve resumed>)             = 0
9426  wait4(9427,  <unfinished ...>
9427  clone3({flags=CLONE_VM|CLONE_FS|CLONE_FILES|CLONE_SIGHAND|CLONE_THREAD|CLONE_SYSVSEM|CLONE_SETTLS|CLONE_PARENT_SETTID|CLONE_CHILD_CLEARTID, child_tid=0xff7c95fff050, parent_tid=0xff7c95fff050, exit_signal=0, stack=0xff7c91ff0000, stack_size=0x400e840, tls=0xff7c95fff6c0} => {parent_tid=[9428]}, 88) = 9428
9428  clone3({flags=CLONE_VM|CLONE_FS|CLONE_FILES|CLONE_SIGHAND|CLONE_THREAD|CLONE_SYSVSEM|CLONE_SETTLS|CLONE_PARENT_SETTID|CLONE_CHILD_CLEARTID, child_tid=0xff7c8bfff050, parent_tid=0xff7c8bfff050, exit_signal=0, stack=0xff7c87ff0000, stack_size=0x400e840, tls=0xff7c8bfff6c0} => {parent_tid=[9429]}, 88) = 9429
9428  clone3({flags=CLONE_VM|CLONE_FS|CLONE_FILES|CLONE_SIGHAND|CLONE_THREAD|CLONE_SYSVSEM|CLONE_SETTLS|CLONE_PARENT_SETTID|CLONE_CHILD_CLEARTID, child_tid=0xff7c87fef050, parent_tid=0xff7c87fef050, exit_signal=0, stack=0xff7c83fe0000, stack_size=0x400e840, tls=0xff7c87fef6c0} => {parent_tid=[9430]}, 88) = 9430
9428  clone3({flags=CLONE_VM|CLONE_FS|CLONE_FILES|CLONE_SIGHAND|CLONE_THREAD|CLONE_SYSVSEM|CLONE_SETTLS|CLONE_PARENT_SETTID|CLONE_CHILD_CLEARTID, child_tid=0xff7c7bfff050, parent_tid=0xff7c7bfff050, exit_signal=0, stack=0xff7c77ff0000, stack_size=0x400e840, tls=0xff7c7bfff6c0} => {parent_tid=[9431]}, 88) = 9431
9431  exit(0 <unfinished ...>
9430  exit(0 <unfinished ...>
9431  <... exit resumed>)               = ?
9430  <... exit resumed>)               = ?
9431  +++ exited with 0 +++
9430  +++ exited with 0 +++
9428  exit(0 <unfinished ...>
9427  exit_group(0 <unfinished ...>
9428  <... exit resumed>)               = ?
9427  <... exit_group resumed>)         = ?
9428  +++ exited with 0 +++
9429  +++ exited with 0 +++
9427  +++ exited with 0 +++
9426  <... wait4 resumed>[{WIFEXITED(s) && WEXITSTATUS(s) == 0}], 0, NULL) = 9427
9426  --- SIGCHLD {si_signo=SIGCHLD, si_code=CLD_EXITED, si_pid=9427, si_uid=1001, si_status=0, si_utime=0, si_stime=1 /* 0.01 s */} ---
9426  exit_group(0)                     = ?
9426  +++ exited with 0 +++
9424  <... wait4 resumed>[{WIFEXITED(s) && WEXITSTATUS(s) == 0}], 0, NULL) = 9426
9424  --- SIGCHLD {si_signo=SIGCHLD, si_code=CLD_EXITED, si_pid=9426, si_uid=1001, si_status=0, si_utime=0, si_stime=0} ---
9424  exit_group(0)                     = ?
9424  +++ exited with 0 +++
9422  <... wait4 resumed>[{WIFEXITED(s) && WEXITSTATUS(s) == 0}], 0, NULL) = 9424
9422  --- SIGCHLD {si_signo=SIGCHLD, si_code=CLD_EXITED, si_pid=9424, si_uid=1001, si_status=0, si_utime=0, si_stime=0} ---
9422  exit_group(0)                     = ?
9422  +++ exited with 0 +++
