12124 execve("/home/runner/work/_temp/bootstrap-workspace/b4/compiler", ["/home/runner/work/_temp/bootstra"..., "build", "/home/runner/work/type-rb-native"..., "--output", "/home/runner/work/_temp/bootstra"..., "--qbe", "/home/runner/work/_temp/qbe-1.3/"..., "--cc", "/usr/bin/cc", "--target", "linux-arm64-v0"], 0xffffc2c1e8a8 /* 111 vars */) = 0
12124 clone(child_stack=NULL, flags=CLONE_CHILD_CLEARTID|CLONE_CHILD_SETTID|SIGCHLD, child_tidptr=0xffa2e7b40f90) = 12125
12124 wait4(12125,  <unfinished ...>
12125 execve("/home/runner/work/_temp/qbe-1.3/qbe", ["/home/runner/work/_temp/qbe-1.3/"..., "-t", "arm64", "-o", "/home/runner/work/_temp/bootstra"..., "/home/runner/work/_temp/bootstra"...], 0xffffff3416f8 /* 111 vars */) = 0
12125 exit_group(0)                     = ?
12125 +++ exited with 0 +++
12124 <... wait4 resumed>[{WIFEXITED(s) && WEXITSTATUS(s) == 0}], 0, NULL) = 12125
12124 --- SIGCHLD {si_signo=SIGCHLD, si_code=CLD_EXITED, si_pid=12125, si_uid=1001, si_status=0, si_utime=0, si_stime=0} ---
12124 clone(child_stack=NULL, flags=CLONE_CHILD_CLEARTID|CLONE_CHILD_SETTID|SIGCHLD, child_tidptr=0xffa2e7b40f90) = 12126
12124 wait4(12126,  <unfinished ...>
12126 execve("/usr/bin/cc", ["/usr/bin/cc", "-xassembler", "/home/runner/work/_temp/bootstra"..., "-fuse-ld=lld", "-Wl,--gc-sections,--strip-all,--"..., "-lm", "-o", "/home/runner/work/_temp/bootstra"...], 0xffffff3416f8 /* 111 vars */) = 0
12126 clone(child_stack=0xffffe61f18a0, flags=CLONE_VM|CLONE_VFORK|SIGCHLD <unfinished ...>
12127 execve("/home/runner/go/bin/as", ["as", "-EL", "-mabi=lp64", "-o", "/tmp/cc9vvmuc.o", "/home/runner/work/_temp/bootstra"...], 0x2aff4d70 /* 116 vars */) = -1 ENOENT (No such file or directory)
12127 execve("/opt/hostedtoolcache/go/1.27.1/arm64/bin/as", ["as", "-EL", "-mabi=lp64", "-o", "/tmp/cc9vvmuc.o", "/home/runner/work/_temp/bootstra"...], 0x2aff4d70 /* 116 vars */) = -1 ENOENT (No such file or directory)
12127 execve("/snap/bin/as", ["as", "-EL", "-mabi=lp64", "-o", "/tmp/cc9vvmuc.o", "/home/runner/work/_temp/bootstra"...], 0x2aff4d70 /* 116 vars */) = -1 ENOENT (No such file or directory)
12127 execve("/home/runner/.local/bin/as", ["as", "-EL", "-mabi=lp64", "-o", "/tmp/cc9vvmuc.o", "/home/runner/work/_temp/bootstra"...], 0x2aff4d70 /* 116 vars */) = -1 ENOENT (No such file or directory)
12127 execve("/opt/pipx_bin/as", ["as", "-EL", "-mabi=lp64", "-o", "/tmp/cc9vvmuc.o", "/home/runner/work/_temp/bootstra"...], 0x2aff4d70 /* 116 vars */) = -1 ENOENT (No such file or directory)
12127 execve("/home/runner/.cargo/bin/as", ["as", "-EL", "-mabi=lp64", "-o", "/tmp/cc9vvmuc.o", "/home/runner/work/_temp/bootstra"...], 0x2aff4d70 /* 116 vars */) = -1 ENOENT (No such file or directory)
12127 execve("/home/runner/.config/composer/vendor/bin/as", ["as", "-EL", "-mabi=lp64", "-o", "/tmp/cc9vvmuc.o", "/home/runner/work/_temp/bootstra"...], 0x2aff4d70 /* 116 vars */) = -1 ENOENT (No such file or directory)
12127 execve("/home/runner/.dotnet/tools/as", ["as", "-EL", "-mabi=lp64", "-o", "/tmp/cc9vvmuc.o", "/home/runner/work/_temp/bootstra"...], 0x2aff4d70 /* 116 vars */) = -1 ENOENT (No such file or directory)
12127 execve("/usr/local/sbin/as", ["as", "-EL", "-mabi=lp64", "-o", "/tmp/cc9vvmuc.o", "/home/runner/work/_temp/bootstra"...], 0x2aff4d70 /* 116 vars */) = -1 ENOENT (No such file or directory)
12127 execve("/usr/local/bin/as", ["as", "-EL", "-mabi=lp64", "-o", "/tmp/cc9vvmuc.o", "/home/runner/work/_temp/bootstra"...], 0x2aff4d70 /* 116 vars */) = -1 ENOENT (No such file or directory)
12127 execve("/usr/sbin/as", ["as", "-EL", "-mabi=lp64", "-o", "/tmp/cc9vvmuc.o", "/home/runner/work/_temp/bootstra"...], 0x2aff4d70 /* 116 vars */) = -1 ENOENT (No such file or directory)
12127 execve("/usr/bin/as", ["as", "-EL", "-mabi=lp64", "-o", "/tmp/cc9vvmuc.o", "/home/runner/work/_temp/bootstra"...], 0x2aff4d70 /* 116 vars */ <unfinished ...>
12126 <... clone resumed>)              = 12127
12127 <... execve resumed>)             = 0
12126 wait4(12127,  <unfinished ...>
12127 exit_group(0)                     = ?
12127 +++ exited with 0 +++
12126 <... wait4 resumed>[{WIFEXITED(s) && WEXITSTATUS(s) == 0}], 0, NULL) = 12127
12126 --- SIGCHLD {si_signo=SIGCHLD, si_code=CLD_EXITED, si_pid=12127, si_uid=1001, si_status=0, si_utime=0, si_stime=0} ---
12126 clone(child_stack=0xffffe61f09e0, flags=CLONE_VM|CLONE_VFORK|SIGCHLD <unfinished ...>
12128 execve("/usr/libexec/gcc/aarch64-linux-gnu/13/collect2", ["/usr/libexec/gcc/aarch64-linux-g"..., "-plugin", "/usr/libexec/gcc/aarch64-linux-g"..., "-plugin-opt=/usr/libexec/gcc/aar"..., "-plugin-opt=-fresolution=/tmp/cc"..., "-plugin-opt=-pass-through=-lgcc", "-plugin-opt=-pass-through=-lgcc_"..., "-plugin-opt=-pass-through=-lc", "-plugin-opt=-pass-through=-lgcc", "-plugin-opt=-pass-through=-lgcc_"..., "--build-id", "--eh-frame-hdr", "--hash-style=gnu", "--as-needed", "-dynamic-linker", "/lib/ld-linux-aarch64.so.1", "-X", "-EL", "-maarch64linux", "--fix-cortex-a53-843419", "-pie", "-z", "now", "-fuse-ld=lld", "-z", "relro", "-o", "/home/runner/work/_temp/bootstra"..., "/usr/lib/gcc/aarch64-linux-gnu/1"..., "/usr/lib/gcc/aarch64-linux-gnu/1"..., "/usr/lib/gcc/aarch64-linux-gnu/1"..., "-L/usr/lib/gcc/aarch64-linux-gnu"..., ...], 0x2aff55a0 /* 118 vars */ <unfinished ...>
12126 <... clone resumed>)              = 12128
12128 <... execve resumed>)             = 0
12126 wait4(12128,  <unfinished ...>
12128 clone(child_stack=0xffffca8eacb0, flags=CLONE_VM|CLONE_VFORK|SIGCHLD <unfinished ...>
12129 execve("/usr/bin/ld.lld", ["/usr/bin/ld.lld", "-plugin", "/usr/libexec/gcc/aarch64-linux-g"..., "-plugin-opt=/usr/libexec/gcc/aar"..., "-plugin-opt=-fresolution=/tmp/cc"..., "-plugin-opt=-pass-through=-lgcc", "-plugin-opt=-pass-through=-lgcc_"..., "-plugin-opt=-pass-through=-lc", "-plugin-opt=-pass-through=-lgcc", "-plugin-opt=-pass-through=-lgcc_"..., "--build-id", "--eh-frame-hdr", "--hash-style=gnu", "--as-needed", "-dynamic-linker", "/lib/ld-linux-aarch64.so.1", "-X", "-EL", "-maarch64linux", "--fix-cortex-a53-843419", "-pie", "-z", "now", "-z", "relro", "-o", "/home/runner/work/_temp/bootstra"..., "/usr/lib/gcc/aarch64-linux-gnu/1"..., "/usr/lib/gcc/aarch64-linux-gnu/1"..., "/usr/lib/gcc/aarch64-linux-gnu/1"..., "-L/usr/lib/gcc/aarch64-linux-gnu"..., "-L/usr/lib/gcc/aarch64-linux-gnu"..., ...], 0xffffca8eb378 /* 118 vars */ <unfinished ...>
12128 <... clone resumed>)              = 12129
12129 <... execve resumed>)             = 0
12128 wait4(12129,  <unfinished ...>
12129 clone3({flags=CLONE_VM|CLONE_FS|CLONE_FILES|CLONE_SIGHAND|CLONE_THREAD|CLONE_SYSVSEM|CLONE_SETTLS|CLONE_PARENT_SETTID|CLONE_CHILD_CLEARTID, child_tid=0xff223c7ff050, parent_tid=0xff223c7ff050, exit_signal=0, stack=0xff22387f0000, stack_size=0x400e840, tls=0xff223c7ff6c0} => {parent_tid=[12130]}, 88) = 12130
12130 clone3({flags=CLONE_VM|CLONE_FS|CLONE_FILES|CLONE_SIGHAND|CLONE_THREAD|CLONE_SYSVSEM|CLONE_SETTLS|CLONE_PARENT_SETTID|CLONE_CHILD_CLEARTID, child_tid=0xff2233fff050, parent_tid=0xff2233fff050, exit_signal=0, stack=0xff222fff0000, stack_size=0x400e840, tls=0xff2233fff6c0} => {parent_tid=[12131]}, 88) = 12131
12130 clone3({flags=CLONE_VM|CLONE_FS|CLONE_FILES|CLONE_SIGHAND|CLONE_THREAD|CLONE_SYSVSEM|CLONE_SETTLS|CLONE_PARENT_SETTID|CLONE_CHILD_CLEARTID, child_tid=0xff222ffef050, parent_tid=0xff222ffef050, exit_signal=0, stack=0xff222bfe0000, stack_size=0x400e840, tls=0xff222ffef6c0} => {parent_tid=[12132]}, 88) = 12132
12130 clone3({flags=CLONE_VM|CLONE_FS|CLONE_FILES|CLONE_SIGHAND|CLONE_THREAD|CLONE_SYSVSEM|CLONE_SETTLS|CLONE_PARENT_SETTID|CLONE_CHILD_CLEARTID, child_tid=0xff2223fff050, parent_tid=0xff2223fff050, exit_signal=0, stack=0xff221fff0000, stack_size=0x400e840, tls=0xff2223fff6c0} => {parent_tid=[12133]}, 88) = 12133
12132 exit(0 <unfinished ...>
12133 exit(0)                           = ?
12132 <... exit resumed>)               = ?
12131 exit(0 <unfinished ...>
12129 exit_group(0 <unfinished ...>
12133 +++ exited with 0 +++
12132 +++ exited with 0 +++
12131 <... exit resumed>)               = ?
12129 <... exit_group resumed>)         = ?
12131 +++ exited with 0 +++
12130 +++ exited with 0 +++
12129 +++ exited with 0 +++
12128 <... wait4 resumed>[{WIFEXITED(s) && WEXITSTATUS(s) == 0}], 0, NULL) = 12129
12128 --- SIGCHLD {si_signo=SIGCHLD, si_code=CLD_EXITED, si_pid=12129, si_uid=1001, si_status=0, si_utime=0, si_stime=1 /* 0.01 s */} ---
12128 exit_group(0)                     = ?
12128 +++ exited with 0 +++
12126 <... wait4 resumed>[{WIFEXITED(s) && WEXITSTATUS(s) == 0}], 0, NULL) = 12128
12126 --- SIGCHLD {si_signo=SIGCHLD, si_code=CLD_EXITED, si_pid=12128, si_uid=1001, si_status=0, si_utime=0, si_stime=0} ---
12126 exit_group(0)                     = ?
12126 +++ exited with 0 +++
12124 <... wait4 resumed>[{WIFEXITED(s) && WEXITSTATUS(s) == 0}], 0, NULL) = 12126
12124 --- SIGCHLD {si_signo=SIGCHLD, si_code=CLD_EXITED, si_pid=12126, si_uid=1001, si_status=0, si_utime=0, si_stime=0} ---
12124 exit_group(0)                     = ?
12124 +++ exited with 0 +++
