6300  execve("/home/runner/work/_temp/baseline-bootstrap-workspace/b4/compiler", ["/home/runner/work/_temp/baseline"..., "build", "/home/runner/work/_temp/baseline"..., "--output", "/home/runner/work/_temp/baseline"..., "--qbe", "/home/runner/work/_temp/qbe-1.3/"..., "--cc", "/usr/bin/cc", "--target", "linux-arm64-v0"], 0xffffe373c208 /* 111 vars */) = 0
6300  clone(child_stack=NULL, flags=CLONE_CHILD_CLEARTID|CLONE_CHILD_SETTID|SIGCHLD, child_tidptr=0xff52929b0f90) = 6301
6300  wait4(6301,  <unfinished ...>
6301  execve("/home/runner/work/_temp/qbe-1.3/qbe", ["/home/runner/work/_temp/qbe-1.3/"..., "-t", "arm64", "-o", "/home/runner/work/_temp/baseline"..., "/home/runner/work/_temp/baseline"...], 0xffffd3322688 /* 111 vars */) = 0
6301  exit_group(0)                     = ?
6301  +++ exited with 0 +++
6300  <... wait4 resumed>[{WIFEXITED(s) && WEXITSTATUS(s) == 0}], 0, NULL) = 6301
6300  --- SIGCHLD {si_signo=SIGCHLD, si_code=CLD_EXITED, si_pid=6301, si_uid=1001, si_status=0, si_utime=0, si_stime=0} ---
6300  clone(child_stack=NULL, flags=CLONE_CHILD_CLEARTID|CLONE_CHILD_SETTID|SIGCHLD, child_tidptr=0xff52929b0f90) = 6302
6300  wait4(6302,  <unfinished ...>
6302  execve("/usr/bin/cc", ["/usr/bin/cc", "-xassembler", "/home/runner/work/_temp/baseline"..., "-fuse-ld=lld", "-Wl,--gc-sections,--strip-all", "-lm", "-o", "/home/runner/work/_temp/baseline"...], 0xffffd3322688 /* 111 vars */) = 0
6302  clone(child_stack=0xfffff1536990, flags=CLONE_VM|CLONE_VFORK|SIGCHLD <unfinished ...>
6303  execve("/snap/bin/as", ["as", "-EL", "-mabi=lp64", "-o", "/tmp/cczDLTTI.o", "/home/runner/work/_temp/baseline"...], 0x1e4f6d50 /* 116 vars */) = -1 ENOENT (No such file or directory)
6303  execve("/home/runner/.local/bin/as", ["as", "-EL", "-mabi=lp64", "-o", "/tmp/cczDLTTI.o", "/home/runner/work/_temp/baseline"...], 0x1e4f6d50 /* 116 vars */) = -1 ENOENT (No such file or directory)
6303  execve("/opt/pipx_bin/as", ["as", "-EL", "-mabi=lp64", "-o", "/tmp/cczDLTTI.o", "/home/runner/work/_temp/baseline"...], 0x1e4f6d50 /* 116 vars */) = -1 ENOENT (No such file or directory)
6303  execve("/home/runner/.cargo/bin/as", ["as", "-EL", "-mabi=lp64", "-o", "/tmp/cczDLTTI.o", "/home/runner/work/_temp/baseline"...], 0x1e4f6d50 /* 116 vars */) = -1 ENOENT (No such file or directory)
6303  execve("/home/runner/.config/composer/vendor/bin/as", ["as", "-EL", "-mabi=lp64", "-o", "/tmp/cczDLTTI.o", "/home/runner/work/_temp/baseline"...], 0x1e4f6d50 /* 116 vars */) = -1 ENOENT (No such file or directory)
6303  execve("/home/runner/.dotnet/tools/as", ["as", "-EL", "-mabi=lp64", "-o", "/tmp/cczDLTTI.o", "/home/runner/work/_temp/baseline"...], 0x1e4f6d50 /* 116 vars */) = -1 ENOENT (No such file or directory)
6303  execve("/usr/local/sbin/as", ["as", "-EL", "-mabi=lp64", "-o", "/tmp/cczDLTTI.o", "/home/runner/work/_temp/baseline"...], 0x1e4f6d50 /* 116 vars */) = -1 ENOENT (No such file or directory)
6303  execve("/usr/local/bin/as", ["as", "-EL", "-mabi=lp64", "-o", "/tmp/cczDLTTI.o", "/home/runner/work/_temp/baseline"...], 0x1e4f6d50 /* 116 vars */) = -1 ENOENT (No such file or directory)
6303  execve("/usr/sbin/as", ["as", "-EL", "-mabi=lp64", "-o", "/tmp/cczDLTTI.o", "/home/runner/work/_temp/baseline"...], 0x1e4f6d50 /* 116 vars */) = -1 ENOENT (No such file or directory)
6303  execve("/usr/bin/as", ["as", "-EL", "-mabi=lp64", "-o", "/tmp/cczDLTTI.o", "/home/runner/work/_temp/baseline"...], 0x1e4f6d50 /* 116 vars */ <unfinished ...>
6302  <... clone resumed>)              = 6303
6303  <... execve resumed>)             = 0
6302  wait4(6303,  <unfinished ...>
6303  exit_group(0)                     = ?
6303  +++ exited with 0 +++
6302  <... wait4 resumed>[{WIFEXITED(s) && WEXITSTATUS(s) == 0}], 0, NULL) = 6303
6302  --- SIGCHLD {si_signo=SIGCHLD, si_code=CLD_EXITED, si_pid=6303, si_uid=1001, si_status=0, si_utime=0, si_stime=0} ---
6302  clone(child_stack=0xfffff1535ad0, flags=CLONE_VM|CLONE_VFORK|SIGCHLD <unfinished ...>
6304  execve("/usr/libexec/gcc/aarch64-linux-gnu/13/collect2", ["/usr/libexec/gcc/aarch64-linux-g"..., "-plugin", "/usr/libexec/gcc/aarch64-linux-g"..., "-plugin-opt=/usr/libexec/gcc/aar"..., "-plugin-opt=-fresolution=/tmp/cc"..., "-plugin-opt=-pass-through=-lgcc", "-plugin-opt=-pass-through=-lgcc_"..., "-plugin-opt=-pass-through=-lc", "-plugin-opt=-pass-through=-lgcc", "-plugin-opt=-pass-through=-lgcc_"..., "--build-id", "--eh-frame-hdr", "--hash-style=gnu", "--as-needed", "-dynamic-linker", "/lib/ld-linux-aarch64.so.1", "-X", "-EL", "-maarch64linux", "--fix-cortex-a53-843419", "-pie", "-z", "now", "-fuse-ld=lld", "-z", "relro", "-o", "/home/runner/work/_temp/baseline"..., "/usr/lib/gcc/aarch64-linux-gnu/1"..., "/usr/lib/gcc/aarch64-linux-gnu/1"..., "/usr/lib/gcc/aarch64-linux-gnu/1"..., "-L/usr/lib/gcc/aarch64-linux-gnu"..., ...], 0x1e4f7580 /* 118 vars */ <unfinished ...>
6302  <... clone resumed>)              = 6304
6304  <... execve resumed>)             = 0
6302  wait4(6304,  <unfinished ...>
6304  clone(child_stack=0xffffd8de4f10, flags=CLONE_VM|CLONE_VFORK|SIGCHLD <unfinished ...>
6305  execve("/usr/bin/ld.lld", ["/usr/bin/ld.lld", "-plugin", "/usr/libexec/gcc/aarch64-linux-g"..., "-plugin-opt=/usr/libexec/gcc/aar"..., "-plugin-opt=-fresolution=/tmp/cc"..., "-plugin-opt=-pass-through=-lgcc", "-plugin-opt=-pass-through=-lgcc_"..., "-plugin-opt=-pass-through=-lc", "-plugin-opt=-pass-through=-lgcc", "-plugin-opt=-pass-through=-lgcc_"..., "--build-id", "--eh-frame-hdr", "--hash-style=gnu", "--as-needed", "-dynamic-linker", "/lib/ld-linux-aarch64.so.1", "-X", "-EL", "-maarch64linux", "--fix-cortex-a53-843419", "-pie", "-z", "now", "-z", "relro", "-o", "/home/runner/work/_temp/baseline"..., "/usr/lib/gcc/aarch64-linux-gnu/1"..., "/usr/lib/gcc/aarch64-linux-gnu/1"..., "/usr/lib/gcc/aarch64-linux-gnu/1"..., "-L/usr/lib/gcc/aarch64-linux-gnu"..., "-L/usr/lib/gcc/aarch64-linux-gnu"..., ...], 0xffffd8de55d0 /* 118 vars */ <unfinished ...>
6304  <... clone resumed>)              = 6305
6305  <... execve resumed>)             = 0
6304  wait4(6305,  <unfinished ...>
6305  clone3({flags=CLONE_VM|CLONE_FS|CLONE_FILES|CLONE_SIGHAND|CLONE_THREAD|CLONE_SYSVSEM|CLONE_SETTLS|CLONE_PARENT_SETTID|CLONE_CHILD_CLEARTID, child_tid=0xffb5145ff050, parent_tid=0xffb5145ff050, exit_signal=0, stack=0xffb5105f0000, stack_size=0x400e840, tls=0xffb5145ff6c0} => {parent_tid=[6306]}, 88) = 6306
6306  clone3({flags=CLONE_VM|CLONE_FS|CLONE_FILES|CLONE_SIGHAND|CLONE_THREAD|CLONE_SYSVSEM|CLONE_SETTLS|CLONE_PARENT_SETTID|CLONE_CHILD_CLEARTID, child_tid=0xffb50bfff050, parent_tid=0xffb50bfff050, exit_signal=0, stack=0xffb507ff0000, stack_size=0x400e840, tls=0xffb50bfff6c0} => {parent_tid=[6307]}, 88) = 6307
6306  clone3({flags=CLONE_VM|CLONE_FS|CLONE_FILES|CLONE_SIGHAND|CLONE_THREAD|CLONE_SYSVSEM|CLONE_SETTLS|CLONE_PARENT_SETTID|CLONE_CHILD_CLEARTID, child_tid=0xffb507fef050, parent_tid=0xffb507fef050, exit_signal=0, stack=0xffb503fe0000, stack_size=0x400e840, tls=0xffb507fef6c0} => {parent_tid=[6308]}, 88) = 6308
6306  clone3({flags=CLONE_VM|CLONE_FS|CLONE_FILES|CLONE_SIGHAND|CLONE_THREAD|CLONE_SYSVSEM|CLONE_SETTLS|CLONE_PARENT_SETTID|CLONE_CHILD_CLEARTID, child_tid=0xffb4fbfff050, parent_tid=0xffb4fbfff050, exit_signal=0, stack=0xffb4f7ff0000, stack_size=0x400e840, tls=0xffb4fbfff6c0} => {parent_tid=[6309]}, 88) = 6309
6308  exit(0)                           = ?
6305  exit_group(0 <unfinished ...>
6309  exit(0 <unfinished ...>
6308  +++ exited with 0 +++
6309  <... exit resumed>)               = ?
6305  <... exit_group resumed>)         = ?
6309  +++ exited with 0 +++
6307  +++ exited with 0 +++
6306  +++ exited with 0 +++
6305  +++ exited with 0 +++
6304  <... wait4 resumed>[{WIFEXITED(s) && WEXITSTATUS(s) == 0}], 0, NULL) = 6305
6304  --- SIGCHLD {si_signo=SIGCHLD, si_code=CLD_EXITED, si_pid=6305, si_uid=1001, si_status=0, si_utime=0, si_stime=1 /* 0.01 s */} ---
6304  exit_group(0)                     = ?
6304  +++ exited with 0 +++
6302  <... wait4 resumed>[{WIFEXITED(s) && WEXITSTATUS(s) == 0}], 0, NULL) = 6304
6302  --- SIGCHLD {si_signo=SIGCHLD, si_code=CLD_EXITED, si_pid=6304, si_uid=1001, si_status=0, si_utime=0, si_stime=0} ---
6302  exit_group(0)                     = ?
6302  +++ exited with 0 +++
6300  <... wait4 resumed>[{WIFEXITED(s) && WEXITSTATUS(s) == 0}], 0, NULL) = 6302
6300  --- SIGCHLD {si_signo=SIGCHLD, si_code=CLD_EXITED, si_pid=6302, si_uid=1001, si_status=0, si_utime=0, si_stime=0} ---
6300  exit_group(0)                     = ?
6300  +++ exited with 0 +++
