11087 execve("/home/runner/work/_temp/bootstrap-workspace/b4/compiler", ["/home/runner/work/_temp/bootstra"..., "build", "/home/runner/work/type-rb-native"..., "--output", "/home/runner/work/_temp/bootstra"..., "--qbe", "/home/runner/work/_temp/qbe-1.3/"..., "--cc", "/usr/bin/cc", "--target", "linux-arm64-v0"], 0xfffffc85d0c8 /* 111 vars */) = 0
11087 clone(child_stack=NULL, flags=CLONE_CHILD_CLEARTID|CLONE_CHILD_SETTID|SIGCHLD, child_tidptr=0xff29c292ff90) = 11088
11087 wait4(11088,  <unfinished ...>
11088 execve("/home/runner/work/_temp/qbe-1.3/qbe", ["/home/runner/work/_temp/qbe-1.3/"..., "-t", "arm64", "-o", "/home/runner/work/_temp/bootstra"..., "/home/runner/work/_temp/bootstra"...], 0xfffff5b66e18 /* 111 vars */) = 0
11088 exit_group(0)                     = ?
11088 +++ exited with 0 +++
11087 <... wait4 resumed>[{WIFEXITED(s) && WEXITSTATUS(s) == 0}], 0, NULL) = 11088
11087 --- SIGCHLD {si_signo=SIGCHLD, si_code=CLD_EXITED, si_pid=11088, si_uid=1001, si_status=0, si_utime=0, si_stime=0} ---
11087 clone(child_stack=NULL, flags=CLONE_CHILD_CLEARTID|CLONE_CHILD_SETTID|SIGCHLD, child_tidptr=0xff29c292ff90) = 11089
11087 wait4(11089,  <unfinished ...>
11089 execve("/usr/bin/cc", ["/usr/bin/cc", "-xassembler", "/home/runner/work/_temp/bootstra"..., "-fuse-ld=lld", "-Wl,--gc-sections,--strip-all,--"..., "-lm", "-o", "/home/runner/work/_temp/bootstra"...], 0xfffff5b66e18 /* 111 vars */) = 0
11089 clone(child_stack=0xffffdc8e7e90, flags=CLONE_VM|CLONE_VFORK|SIGCHLD <unfinished ...>
11090 execve("/home/runner/go/bin/as", ["as", "-EL", "-mabi=lp64", "-o", "/tmp/cc0KYSAX.o", "/home/runner/work/_temp/bootstra"...], 0x371f9d70 /* 116 vars */) = -1 ENOENT (No such file or directory)
11090 execve("/opt/hostedtoolcache/go/1.27.1/arm64/bin/as", ["as", "-EL", "-mabi=lp64", "-o", "/tmp/cc0KYSAX.o", "/home/runner/work/_temp/bootstra"...], 0x371f9d70 /* 116 vars */) = -1 ENOENT (No such file or directory)
11090 execve("/snap/bin/as", ["as", "-EL", "-mabi=lp64", "-o", "/tmp/cc0KYSAX.o", "/home/runner/work/_temp/bootstra"...], 0x371f9d70 /* 116 vars */) = -1 ENOENT (No such file or directory)
11090 execve("/home/runner/.local/bin/as", ["as", "-EL", "-mabi=lp64", "-o", "/tmp/cc0KYSAX.o", "/home/runner/work/_temp/bootstra"...], 0x371f9d70 /* 116 vars */) = -1 ENOENT (No such file or directory)
11090 execve("/opt/pipx_bin/as", ["as", "-EL", "-mabi=lp64", "-o", "/tmp/cc0KYSAX.o", "/home/runner/work/_temp/bootstra"...], 0x371f9d70 /* 116 vars */) = -1 ENOENT (No such file or directory)
11090 execve("/home/runner/.cargo/bin/as", ["as", "-EL", "-mabi=lp64", "-o", "/tmp/cc0KYSAX.o", "/home/runner/work/_temp/bootstra"...], 0x371f9d70 /* 116 vars */) = -1 ENOENT (No such file or directory)
11090 execve("/home/runner/.config/composer/vendor/bin/as", ["as", "-EL", "-mabi=lp64", "-o", "/tmp/cc0KYSAX.o", "/home/runner/work/_temp/bootstra"...], 0x371f9d70 /* 116 vars */) = -1 ENOENT (No such file or directory)
11090 execve("/home/runner/.dotnet/tools/as", ["as", "-EL", "-mabi=lp64", "-o", "/tmp/cc0KYSAX.o", "/home/runner/work/_temp/bootstra"...], 0x371f9d70 /* 116 vars */) = -1 ENOENT (No such file or directory)
11090 execve("/usr/local/sbin/as", ["as", "-EL", "-mabi=lp64", "-o", "/tmp/cc0KYSAX.o", "/home/runner/work/_temp/bootstra"...], 0x371f9d70 /* 116 vars */) = -1 ENOENT (No such file or directory)
11090 execve("/usr/local/bin/as", ["as", "-EL", "-mabi=lp64", "-o", "/tmp/cc0KYSAX.o", "/home/runner/work/_temp/bootstra"...], 0x371f9d70 /* 116 vars */) = -1 ENOENT (No such file or directory)
11090 execve("/usr/sbin/as", ["as", "-EL", "-mabi=lp64", "-o", "/tmp/cc0KYSAX.o", "/home/runner/work/_temp/bootstra"...], 0x371f9d70 /* 116 vars */) = -1 ENOENT (No such file or directory)
11090 execve("/usr/bin/as", ["as", "-EL", "-mabi=lp64", "-o", "/tmp/cc0KYSAX.o", "/home/runner/work/_temp/bootstra"...], 0x371f9d70 /* 116 vars */ <unfinished ...>
11089 <... clone resumed>)              = 11090
11090 <... execve resumed>)             = 0
11089 wait4(11090,  <unfinished ...>
11090 exit_group(0)                     = ?
11090 +++ exited with 0 +++
11089 <... wait4 resumed>[{WIFEXITED(s) && WEXITSTATUS(s) == 0}], 0, NULL) = 11090
11089 --- SIGCHLD {si_signo=SIGCHLD, si_code=CLD_EXITED, si_pid=11090, si_uid=1001, si_status=0, si_utime=0, si_stime=0} ---
11089 clone(child_stack=0xffffdc8e6fd0, flags=CLONE_VM|CLONE_VFORK|SIGCHLD <unfinished ...>
11091 execve("/usr/libexec/gcc/aarch64-linux-gnu/13/collect2", ["/usr/libexec/gcc/aarch64-linux-g"..., "-plugin", "/usr/libexec/gcc/aarch64-linux-g"..., "-plugin-opt=/usr/libexec/gcc/aar"..., "-plugin-opt=-fresolution=/tmp/cc"..., "-plugin-opt=-pass-through=-lgcc", "-plugin-opt=-pass-through=-lgcc_"..., "-plugin-opt=-pass-through=-lc", "-plugin-opt=-pass-through=-lgcc", "-plugin-opt=-pass-through=-lgcc_"..., "--build-id", "--eh-frame-hdr", "--hash-style=gnu", "--as-needed", "-dynamic-linker", "/lib/ld-linux-aarch64.so.1", "-X", "-EL", "-maarch64linux", "--fix-cortex-a53-843419", "-pie", "-z", "now", "-fuse-ld=lld", "-z", "relro", "-o", "/home/runner/work/_temp/bootstra"..., "/usr/lib/gcc/aarch64-linux-gnu/1"..., "/usr/lib/gcc/aarch64-linux-gnu/1"..., "/usr/lib/gcc/aarch64-linux-gnu/1"..., "-L/usr/lib/gcc/aarch64-linux-gnu"..., ...], 0x371fa5a0 /* 118 vars */ <unfinished ...>
11089 <... clone resumed>)              = 11091
11091 <... execve resumed>)             = 0
11089 wait4(11091,  <unfinished ...>
11091 clone(child_stack=0xffffec5faa80, flags=CLONE_VM|CLONE_VFORK|SIGCHLD <unfinished ...>
11092 execve("/usr/bin/ld.lld", ["/usr/bin/ld.lld", "-plugin", "/usr/libexec/gcc/aarch64-linux-g"..., "-plugin-opt=/usr/libexec/gcc/aar"..., "-plugin-opt=-fresolution=/tmp/cc"..., "-plugin-opt=-pass-through=-lgcc", "-plugin-opt=-pass-through=-lgcc_"..., "-plugin-opt=-pass-through=-lc", "-plugin-opt=-pass-through=-lgcc", "-plugin-opt=-pass-through=-lgcc_"..., "--build-id", "--eh-frame-hdr", "--hash-style=gnu", "--as-needed", "-dynamic-linker", "/lib/ld-linux-aarch64.so.1", "-X", "-EL", "-maarch64linux", "--fix-cortex-a53-843419", "-pie", "-z", "now", "-z", "relro", "-o", "/home/runner/work/_temp/bootstra"..., "/usr/lib/gcc/aarch64-linux-gnu/1"..., "/usr/lib/gcc/aarch64-linux-gnu/1"..., "/usr/lib/gcc/aarch64-linux-gnu/1"..., "-L/usr/lib/gcc/aarch64-linux-gnu"..., "-L/usr/lib/gcc/aarch64-linux-gnu"..., ...], 0xffffec5fb148 /* 118 vars */ <unfinished ...>
11091 <... clone resumed>)              = 11092
11092 <... execve resumed>)             = 0
11091 wait4(11092,  <unfinished ...>
11092 clone3({flags=CLONE_VM|CLONE_FS|CLONE_FILES|CLONE_SIGHAND|CLONE_THREAD|CLONE_SYSVSEM|CLONE_SETTLS|CLONE_PARENT_SETTID|CLONE_CHILD_CLEARTID, child_tid=0xffb6f0fff050, parent_tid=0xffb6f0fff050, exit_signal=0, stack=0xffb6ecff0000, stack_size=0x400e840, tls=0xffb6f0fff6c0} => {parent_tid=[11093]}, 88) = 11093
11093 clone3({flags=CLONE_VM|CLONE_FS|CLONE_FILES|CLONE_SIGHAND|CLONE_THREAD|CLONE_SYSVSEM|CLONE_SETTLS|CLONE_PARENT_SETTID|CLONE_CHILD_CLEARTID, child_tid=0xffb6e7fff050, parent_tid=0xffb6e7fff050, exit_signal=0, stack=0xffb6e3ff0000, stack_size=0x400e840, tls=0xffb6e7fff6c0} => {parent_tid=[11094]}, 88) = 11094
11093 clone3({flags=CLONE_VM|CLONE_FS|CLONE_FILES|CLONE_SIGHAND|CLONE_THREAD|CLONE_SYSVSEM|CLONE_SETTLS|CLONE_PARENT_SETTID|CLONE_CHILD_CLEARTID, child_tid=0xffb6e3fef050, parent_tid=0xffb6e3fef050, exit_signal=0, stack=0xffb6dffe0000, stack_size=0x400e840, tls=0xffb6e3fef6c0} => {parent_tid=[11095]}, 88) = 11095
11093 clone3({flags=CLONE_VM|CLONE_FS|CLONE_FILES|CLONE_SIGHAND|CLONE_THREAD|CLONE_SYSVSEM|CLONE_SETTLS|CLONE_PARENT_SETTID|CLONE_CHILD_CLEARTID, child_tid=0xffb6d7fff050, parent_tid=0xffb6d7fff050, exit_signal=0, stack=0xffb6d3ff0000, stack_size=0x400e840, tls=0xffb6d7fff6c0} => {parent_tid=[11096]}, 88) = 11096
11096 exit(0 <unfinished ...>
11095 exit(0 <unfinished ...>
11093 exit(0 <unfinished ...>
11096 <... exit resumed>)               = ?
11095 <... exit resumed>)               = ?
11092 exit_group(0 <unfinished ...>
11093 <... exit resumed>)               = ?
11096 +++ exited with 0 +++
11095 +++ exited with 0 +++
11093 +++ exited with 0 +++
11092 <... exit_group resumed>)         = ?
11094 +++ exited with 0 +++
11092 +++ exited with 0 +++
11091 <... wait4 resumed>[{WIFEXITED(s) && WEXITSTATUS(s) == 0}], 0, NULL) = 11092
11091 --- SIGCHLD {si_signo=SIGCHLD, si_code=CLD_EXITED, si_pid=11092, si_uid=1001, si_status=0, si_utime=0, si_stime=1 /* 0.01 s */} ---
11091 exit_group(0)                     = ?
11091 +++ exited with 0 +++
11089 <... wait4 resumed>[{WIFEXITED(s) && WEXITSTATUS(s) == 0}], 0, NULL) = 11091
11089 --- SIGCHLD {si_signo=SIGCHLD, si_code=CLD_EXITED, si_pid=11091, si_uid=1001, si_status=0, si_utime=0, si_stime=0} ---
11089 exit_group(0)                     = ?
11089 +++ exited with 0 +++
11087 <... wait4 resumed>[{WIFEXITED(s) && WEXITSTATUS(s) == 0}], 0, NULL) = 11089
11087 --- SIGCHLD {si_signo=SIGCHLD, si_code=CLD_EXITED, si_pid=11089, si_uid=1001, si_status=0, si_utime=0, si_stime=0} ---
11087 exit_group(0)                     = ?
11087 +++ exited with 0 +++
