7114  execve("/home/runner/work/_temp/transition/first/compiler", ["/home/runner/work/_temp/transiti"..., "build", "compiler/src/compiler.trb", "--output", "/home/runner/work/_temp/transiti"..., "--qbe", "/home/runner/work/_temp/qbe-1.3/"..., "--cc", "/usr/bin/cc", "--target", "linux-arm64-v0"], 0xffffeb02a018 /* 111 vars */) = 0
7114  clone(child_stack=NULL, flags=CLONE_CHILD_CLEARTID|CLONE_CHILD_SETTID|SIGCHLD, child_tidptr=0xff7e7ee7ff90) = 7119
7114  wait4(7119,  <unfinished ...>
7119  execve("/home/runner/work/_temp/qbe-1.3/qbe", ["/home/runner/work/_temp/qbe-1.3/"..., "-t", "arm64", "-o", "/home/runner/work/_temp/transiti"..., "/home/runner/work/_temp/transiti"...], 0xffffcd262078 /* 111 vars */) = 0
7119  exit_group(0)                     = ?
7119  +++ exited with 0 +++
7114  <... wait4 resumed>[{WIFEXITED(s) && WEXITSTATUS(s) == 0}], 0, NULL) = 7119
7114  --- SIGCHLD {si_signo=SIGCHLD, si_code=CLD_EXITED, si_pid=7119, si_uid=1001, si_status=0, si_utime=25 /* 0.25 s */, si_stime=1 /* 0.01 s */} ---
7114  clone(child_stack=NULL, flags=CLONE_CHILD_CLEARTID|CLONE_CHILD_SETTID|SIGCHLD, child_tidptr=0xff7e7ee7ff90) = 7120
7114  wait4(7120,  <unfinished ...>
7120  execve("/usr/bin/cc", ["/usr/bin/cc", "-xassembler", "/home/runner/work/_temp/transiti"..., "-Wl,--gc-sections,--strip-all", "-o", "/home/runner/work/_temp/transiti"...], 0xffffcd262078 /* 111 vars */) = 0
7120  clone(child_stack=0xffffcce73980, flags=CLONE_VM|CLONE_VFORK|SIGCHLD <unfinished ...>
7121  execve("/home/runner/go/bin/as", ["as", "-EL", "-mabi=lp64", "-o", "/tmp/ccRrq8Ce.o", "/home/runner/work/_temp/transiti"...], 0x8e9ac20 /* 116 vars */) = -1 ENOENT (No such file or directory)
7121  execve("/opt/hostedtoolcache/go/1.27.1/arm64/bin/as", ["as", "-EL", "-mabi=lp64", "-o", "/tmp/ccRrq8Ce.o", "/home/runner/work/_temp/transiti"...], 0x8e9ac20 /* 116 vars */) = -1 ENOENT (No such file or directory)
7121  execve("/snap/bin/as", ["as", "-EL", "-mabi=lp64", "-o", "/tmp/ccRrq8Ce.o", "/home/runner/work/_temp/transiti"...], 0x8e9ac20 /* 116 vars */) = -1 ENOENT (No such file or directory)
7121  execve("/home/runner/.local/bin/as", ["as", "-EL", "-mabi=lp64", "-o", "/tmp/ccRrq8Ce.o", "/home/runner/work/_temp/transiti"...], 0x8e9ac20 /* 116 vars */) = -1 ENOENT (No such file or directory)
7121  execve("/opt/pipx_bin/as", ["as", "-EL", "-mabi=lp64", "-o", "/tmp/ccRrq8Ce.o", "/home/runner/work/_temp/transiti"...], 0x8e9ac20 /* 116 vars */) = -1 ENOENT (No such file or directory)
7121  execve("/home/runner/.cargo/bin/as", ["as", "-EL", "-mabi=lp64", "-o", "/tmp/ccRrq8Ce.o", "/home/runner/work/_temp/transiti"...], 0x8e9ac20 /* 116 vars */) = -1 ENOENT (No such file or directory)
7121  execve("/home/runner/.config/composer/vendor/bin/as", ["as", "-EL", "-mabi=lp64", "-o", "/tmp/ccRrq8Ce.o", "/home/runner/work/_temp/transiti"...], 0x8e9ac20 /* 116 vars */) = -1 ENOENT (No such file or directory)
7121  execve("/home/runner/.dotnet/tools/as", ["as", "-EL", "-mabi=lp64", "-o", "/tmp/ccRrq8Ce.o", "/home/runner/work/_temp/transiti"...], 0x8e9ac20 /* 116 vars */) = -1 ENOENT (No such file or directory)
7121  execve("/usr/local/sbin/as", ["as", "-EL", "-mabi=lp64", "-o", "/tmp/ccRrq8Ce.o", "/home/runner/work/_temp/transiti"...], 0x8e9ac20 /* 116 vars */) = -1 ENOENT (No such file or directory)
7121  execve("/usr/local/bin/as", ["as", "-EL", "-mabi=lp64", "-o", "/tmp/ccRrq8Ce.o", "/home/runner/work/_temp/transiti"...], 0x8e9ac20 /* 116 vars */) = -1 ENOENT (No such file or directory)
7121  execve("/usr/sbin/as", ["as", "-EL", "-mabi=lp64", "-o", "/tmp/ccRrq8Ce.o", "/home/runner/work/_temp/transiti"...], 0x8e9ac20 /* 116 vars */) = -1 ENOENT (No such file or directory)
7121  execve("/usr/bin/as", ["as", "-EL", "-mabi=lp64", "-o", "/tmp/ccRrq8Ce.o", "/home/runner/work/_temp/transiti"...], 0x8e9ac20 /* 116 vars */ <unfinished ...>
7120  <... clone resumed>)              = 7121
7121  <... execve resumed>)             = 0
7120  wait4(7121,  <unfinished ...>
7121  exit_group(0)                     = ?
7121  +++ exited with 0 +++
7120  <... wait4 resumed>[{WIFEXITED(s) && WEXITSTATUS(s) == 0}], 0, NULL) = 7121
7120  --- SIGCHLD {si_signo=SIGCHLD, si_code=CLD_EXITED, si_pid=7121, si_uid=1001, si_status=0, si_utime=10 /* 0.10 s */, si_stime=1 /* 0.01 s */} ---
7120  clone(child_stack=0xffffcce72ac0, flags=CLONE_VM|CLONE_VFORK|SIGCHLD <unfinished ...>
7122  execve("/usr/libexec/gcc/aarch64-linux-gnu/13/collect2", ["/usr/libexec/gcc/aarch64-linux-g"..., "-plugin", "/usr/libexec/gcc/aarch64-linux-g"..., "-plugin-opt=/usr/libexec/gcc/aar"..., "-plugin-opt=-fresolution=/tmp/cc"..., "-plugin-opt=-pass-through=-lgcc", "-plugin-opt=-pass-through=-lgcc_"..., "-plugin-opt=-pass-through=-lc", "-plugin-opt=-pass-through=-lgcc", "-plugin-opt=-pass-through=-lgcc_"..., "--build-id", "--eh-frame-hdr", "--hash-style=gnu", "--as-needed", "-dynamic-linker", "/lib/ld-linux-aarch64.so.1", "-X", "-EL", "-maarch64linux", "--fix-cortex-a53-843419", "-pie", "-z", "now", "-z", "relro", "-o", "/home/runner/work/_temp/transiti"..., "/usr/lib/gcc/aarch64-linux-gnu/1"..., "/usr/lib/gcc/aarch64-linux-gnu/1"..., "/usr/lib/gcc/aarch64-linux-gnu/1"..., "-L/usr/lib/gcc/aarch64-linux-gnu"..., "-L/usr/lib/gcc/aarch64-linux-gnu"..., ...], 0x8e9b3c0 /* 118 vars */ <unfinished ...>
7120  <... clone resumed>)              = 7122
7122  <... execve resumed>)             = 0
7120  wait4(7122,  <unfinished ...>
7122  clone(child_stack=0xffffc6b033d0, flags=CLONE_VM|CLONE_VFORK|SIGCHLD <unfinished ...>
7123  execve("/usr/bin/ld", ["/usr/bin/ld", "-plugin", "/usr/libexec/gcc/aarch64-linux-g"..., "-plugin-opt=/usr/libexec/gcc/aar"..., "-plugin-opt=-fresolution=/tmp/cc"..., "-plugin-opt=-pass-through=-lgcc", "-plugin-opt=-pass-through=-lgcc_"..., "-plugin-opt=-pass-through=-lc", "-plugin-opt=-pass-through=-lgcc", "-plugin-opt=-pass-through=-lgcc_"..., "--build-id", "--eh-frame-hdr", "--hash-style=gnu", "--as-needed", "-dynamic-linker", "/lib/ld-linux-aarch64.so.1", "-X", "-EL", "-maarch64linux", "--fix-cortex-a53-843419", "-pie", "-z", "now", "-z", "relro", "-o", "/home/runner/work/_temp/transiti"..., "/usr/lib/gcc/aarch64-linux-gnu/1"..., "/usr/lib/gcc/aarch64-linux-gnu/1"..., "/usr/lib/gcc/aarch64-linux-gnu/1"..., "-L/usr/lib/gcc/aarch64-linux-gnu"..., "-L/usr/lib/gcc/aarch64-linux-gnu"..., ...], 0xffffc6b03a80 /* 118 vars */ <unfinished ...>
7122  <... clone resumed>)              = 7123
7123  <... execve resumed>)             = 0
7122  wait4(7123,  <unfinished ...>
7123  exit_group(0)                     = ?
7123  +++ exited with 0 +++
7122  <... wait4 resumed>[{WIFEXITED(s) && WEXITSTATUS(s) == 0}], 0, NULL) = 7123
7122  --- SIGCHLD {si_signo=SIGCHLD, si_code=CLD_EXITED, si_pid=7123, si_uid=1001, si_status=0, si_utime=0, si_stime=1 /* 0.01 s */} ---
7122  exit_group(0)                     = ?
7122  +++ exited with 0 +++
7120  <... wait4 resumed>[{WIFEXITED(s) && WEXITSTATUS(s) == 0}], 0, NULL) = 7122
7120  --- SIGCHLD {si_signo=SIGCHLD, si_code=CLD_EXITED, si_pid=7122, si_uid=1001, si_status=0, si_utime=0, si_stime=0} ---
7120  exit_group(0)                     = ?
7120  +++ exited with 0 +++
7114  <... wait4 resumed>[{WIFEXITED(s) && WEXITSTATUS(s) == 0}], 0, NULL) = 7120
7114  --- SIGCHLD {si_signo=SIGCHLD, si_code=CLD_EXITED, si_pid=7120, si_uid=1001, si_status=0, si_utime=0, si_stime=0} ---
7114  exit_group(0)                     = ?
7114  +++ exited with 0 +++
