7104  execve("/home/runner/work/_temp/release/type-rb-native-bootstrap-linux-arm64", ["/home/runner/work/_temp/release/"..., "build", "compiler/src/compiler.trb", "--output", "/home/runner/work/_temp/transiti"..., "--qbe", "/home/runner/work/_temp/qbe-1.3/"..., "--cc", "/usr/bin/cc", "--target", "linux-arm64-v0"], 0xffffd8b81188 /* 111 vars */) = 0
7104  clone(child_stack=NULL, flags=CLONE_CHILD_CLEARTID|CLONE_CHILD_SETTID|SIGCHLD, child_tidptr=0xff2fa0246f90) = 7105
7104  wait4(7105,  <unfinished ...>
7105  execve("/home/runner/work/_temp/qbe-1.3/qbe", ["/home/runner/work/_temp/qbe-1.3/"..., "-t", "arm64", "-o", "/home/runner/work/_temp/transiti"..., "/home/runner/work/_temp/transiti"...], 0xffffe7cf0598 /* 111 vars */) = 0
7105  exit_group(0)                     = ?
7105  +++ exited with 0 +++
7104  <... wait4 resumed>[{WIFEXITED(s) && WEXITSTATUS(s) == 0}], 0, NULL) = 7105
7104  --- SIGCHLD {si_signo=SIGCHLD, si_code=CLD_EXITED, si_pid=7105, si_uid=1001, si_status=0, si_utime=24 /* 0.24 s */, si_stime=2 /* 0.02 s */} ---
7104  clone(child_stack=NULL, flags=CLONE_CHILD_CLEARTID|CLONE_CHILD_SETTID|SIGCHLD, child_tidptr=0xff2fa0246f90) = 7107
7104  wait4(7107,  <unfinished ...>
7107  execve("/usr/bin/cc", ["/usr/bin/cc", "-xassembler", "/home/runner/work/_temp/transiti"..., "-Wl,--gc-sections,--strip-all", "-o", "/home/runner/work/_temp/transiti"...], 0xffffe7cf0598 /* 111 vars */) = 0
7107  clone(child_stack=0xfffff511f620, flags=CLONE_VM|CLONE_VFORK|SIGCHLD <unfinished ...>
7108  execve("/home/runner/go/bin/as", ["as", "-EL", "-mabi=lp64", "-o", "/tmp/cclRFzF6.o", "/home/runner/work/_temp/transiti"...], 0x1fd8dc10 /* 116 vars */) = -1 ENOENT (No such file or directory)
7108  execve("/opt/hostedtoolcache/go/1.27.1/arm64/bin/as", ["as", "-EL", "-mabi=lp64", "-o", "/tmp/cclRFzF6.o", "/home/runner/work/_temp/transiti"...], 0x1fd8dc10 /* 116 vars */) = -1 ENOENT (No such file or directory)
7108  execve("/snap/bin/as", ["as", "-EL", "-mabi=lp64", "-o", "/tmp/cclRFzF6.o", "/home/runner/work/_temp/transiti"...], 0x1fd8dc10 /* 116 vars */) = -1 ENOENT (No such file or directory)
7108  execve("/home/runner/.local/bin/as", ["as", "-EL", "-mabi=lp64", "-o", "/tmp/cclRFzF6.o", "/home/runner/work/_temp/transiti"...], 0x1fd8dc10 /* 116 vars */) = -1 ENOENT (No such file or directory)
7108  execve("/opt/pipx_bin/as", ["as", "-EL", "-mabi=lp64", "-o", "/tmp/cclRFzF6.o", "/home/runner/work/_temp/transiti"...], 0x1fd8dc10 /* 116 vars */) = -1 ENOENT (No such file or directory)
7108  execve("/home/runner/.cargo/bin/as", ["as", "-EL", "-mabi=lp64", "-o", "/tmp/cclRFzF6.o", "/home/runner/work/_temp/transiti"...], 0x1fd8dc10 /* 116 vars */) = -1 ENOENT (No such file or directory)
7108  execve("/home/runner/.config/composer/vendor/bin/as", ["as", "-EL", "-mabi=lp64", "-o", "/tmp/cclRFzF6.o", "/home/runner/work/_temp/transiti"...], 0x1fd8dc10 /* 116 vars */) = -1 ENOENT (No such file or directory)
7108  execve("/home/runner/.dotnet/tools/as", ["as", "-EL", "-mabi=lp64", "-o", "/tmp/cclRFzF6.o", "/home/runner/work/_temp/transiti"...], 0x1fd8dc10 /* 116 vars */) = -1 ENOENT (No such file or directory)
7108  execve("/usr/local/sbin/as", ["as", "-EL", "-mabi=lp64", "-o", "/tmp/cclRFzF6.o", "/home/runner/work/_temp/transiti"...], 0x1fd8dc10 /* 116 vars */) = -1 ENOENT (No such file or directory)
7108  execve("/usr/local/bin/as", ["as", "-EL", "-mabi=lp64", "-o", "/tmp/cclRFzF6.o", "/home/runner/work/_temp/transiti"...], 0x1fd8dc10 /* 116 vars */) = -1 ENOENT (No such file or directory)
7108  execve("/usr/sbin/as", ["as", "-EL", "-mabi=lp64", "-o", "/tmp/cclRFzF6.o", "/home/runner/work/_temp/transiti"...], 0x1fd8dc10 /* 116 vars */) = -1 ENOENT (No such file or directory)
7108  execve("/usr/bin/as", ["as", "-EL", "-mabi=lp64", "-o", "/tmp/cclRFzF6.o", "/home/runner/work/_temp/transiti"...], 0x1fd8dc10 /* 116 vars */ <unfinished ...>
7107  <... clone resumed>)              = 7108
7108  <... execve resumed>)             = 0
7107  wait4(7108,  <unfinished ...>
7108  exit_group(0)                     = ?
7108  +++ exited with 0 +++
7107  <... wait4 resumed>[{WIFEXITED(s) && WEXITSTATUS(s) == 0}], 0, NULL) = 7108
7107  --- SIGCHLD {si_signo=SIGCHLD, si_code=CLD_EXITED, si_pid=7108, si_uid=1001, si_status=0, si_utime=10 /* 0.10 s */, si_stime=1 /* 0.01 s */} ---
7107  clone(child_stack=0xfffff511e760, flags=CLONE_VM|CLONE_VFORK|SIGCHLD <unfinished ...>
7109  execve("/usr/libexec/gcc/aarch64-linux-gnu/13/collect2", ["/usr/libexec/gcc/aarch64-linux-g"..., "-plugin", "/usr/libexec/gcc/aarch64-linux-g"..., "-plugin-opt=/usr/libexec/gcc/aar"..., "-plugin-opt=-fresolution=/tmp/cc"..., "-plugin-opt=-pass-through=-lgcc", "-plugin-opt=-pass-through=-lgcc_"..., "-plugin-opt=-pass-through=-lc", "-plugin-opt=-pass-through=-lgcc", "-plugin-opt=-pass-through=-lgcc_"..., "--build-id", "--eh-frame-hdr", "--hash-style=gnu", "--as-needed", "-dynamic-linker", "/lib/ld-linux-aarch64.so.1", "-X", "-EL", "-maarch64linux", "--fix-cortex-a53-843419", "-pie", "-z", "now", "-z", "relro", "-o", "/home/runner/work/_temp/transiti"..., "/usr/lib/gcc/aarch64-linux-gnu/1"..., "/usr/lib/gcc/aarch64-linux-gnu/1"..., "/usr/lib/gcc/aarch64-linux-gnu/1"..., "-L/usr/lib/gcc/aarch64-linux-gnu"..., "-L/usr/lib/gcc/aarch64-linux-gnu"..., ...], 0x1fd8e3b0 /* 118 vars */ <unfinished ...>
7107  <... clone resumed>)              = 7109
7109  <... execve resumed>)             = 0
7107  wait4(7109,  <unfinished ...>
7109  clone(child_stack=0xffffc667b9a0, flags=CLONE_VM|CLONE_VFORK|SIGCHLD <unfinished ...>
7110  execve("/usr/bin/ld", ["/usr/bin/ld", "-plugin", "/usr/libexec/gcc/aarch64-linux-g"..., "-plugin-opt=/usr/libexec/gcc/aar"..., "-plugin-opt=-fresolution=/tmp/cc"..., "-plugin-opt=-pass-through=-lgcc", "-plugin-opt=-pass-through=-lgcc_"..., "-plugin-opt=-pass-through=-lc", "-plugin-opt=-pass-through=-lgcc", "-plugin-opt=-pass-through=-lgcc_"..., "--build-id", "--eh-frame-hdr", "--hash-style=gnu", "--as-needed", "-dynamic-linker", "/lib/ld-linux-aarch64.so.1", "-X", "-EL", "-maarch64linux", "--fix-cortex-a53-843419", "-pie", "-z", "now", "-z", "relro", "-o", "/home/runner/work/_temp/transiti"..., "/usr/lib/gcc/aarch64-linux-gnu/1"..., "/usr/lib/gcc/aarch64-linux-gnu/1"..., "/usr/lib/gcc/aarch64-linux-gnu/1"..., "-L/usr/lib/gcc/aarch64-linux-gnu"..., "-L/usr/lib/gcc/aarch64-linux-gnu"..., ...], 0xffffc667c050 /* 118 vars */ <unfinished ...>
7109  <... clone resumed>)              = 7110
7110  <... execve resumed>)             = 0
7109  wait4(7110,  <unfinished ...>
7110  exit_group(0)                     = ?
7110  +++ exited with 0 +++
7109  <... wait4 resumed>[{WIFEXITED(s) && WEXITSTATUS(s) == 0}], 0, NULL) = 7110
7109  --- SIGCHLD {si_signo=SIGCHLD, si_code=CLD_EXITED, si_pid=7110, si_uid=1001, si_status=0, si_utime=1 /* 0.01 s */, si_stime=0} ---
7109  exit_group(0)                     = ?
7109  +++ exited with 0 +++
7107  <... wait4 resumed>[{WIFEXITED(s) && WEXITSTATUS(s) == 0}], 0, NULL) = 7109
7107  --- SIGCHLD {si_signo=SIGCHLD, si_code=CLD_EXITED, si_pid=7109, si_uid=1001, si_status=0, si_utime=0, si_stime=0} ---
7107  exit_group(0)                     = ?
7107  +++ exited with 0 +++
7104  <... wait4 resumed>[{WIFEXITED(s) && WEXITSTATUS(s) == 0}], 0, NULL) = 7107
7104  --- SIGCHLD {si_signo=SIGCHLD, si_code=CLD_EXITED, si_pid=7107, si_uid=1001, si_status=0, si_utime=0, si_stime=0} ---
7104  exit_group(0)                     = ?
7104  +++ exited with 0 +++
