10342 execve("/home/runner/work/_temp/bootstrap-workspace/b4/compiler", ["/home/runner/work/_temp/bootstra"..., "build", "/home/runner/work/type-rb-native"..., "--output", "/home/runner/work/_temp/bootstra"..., "--qbe", "/home/runner/work/_temp/qbe-1.3/"..., "--cc", "/usr/bin/cc", "--target", "linux-arm64-v0"], 0xffffd6011858 /* 111 vars */) = 0
10342 clone(child_stack=NULL, flags=CLONE_CHILD_CLEARTID|CLONE_CHILD_SETTID|SIGCHLD, child_tidptr=0xff01f14eef90) = 10343
10342 wait4(10343,  <unfinished ...>
10343 execve("/home/runner/work/_temp/qbe-1.3/qbe", ["/home/runner/work/_temp/qbe-1.3/"..., "-t", "arm64", "-o", "/home/runner/work/_temp/bootstra"..., "/home/runner/work/_temp/bootstra"...], 0xffffc2903878 /* 111 vars */) = 0
10343 exit_group(0)                     = ?
10343 +++ exited with 0 +++
10342 <... wait4 resumed>[{WIFEXITED(s) && WEXITSTATUS(s) == 0}], 0, NULL) = 10343
10342 --- SIGCHLD {si_signo=SIGCHLD, si_code=CLD_EXITED, si_pid=10343, si_uid=1001, si_status=0, si_utime=0, si_stime=0} ---
10342 clone(child_stack=NULL, flags=CLONE_CHILD_CLEARTID|CLONE_CHILD_SETTID|SIGCHLD, child_tidptr=0xff01f14eef90) = 10344
10342 wait4(10344,  <unfinished ...>
10344 execve("/usr/bin/cc", ["/usr/bin/cc", "-xassembler", "/home/runner/work/_temp/bootstra"..., "-fuse-ld=lld", "-Wl,--gc-sections,--strip-all,--"..., "-lm", "-o", "/home/runner/work/_temp/bootstra"...], 0xffffc2903878 /* 111 vars */) = 0
10344 clone(child_stack=0xffffc3cb6490, flags=CLONE_VM|CLONE_VFORK|SIGCHLD <unfinished ...>
10345 execve("/home/runner/go/bin/as", ["as", "-EL", "-mabi=lp64", "-o", "/tmp/ccLEQH9k.o", "/home/runner/work/_temp/bootstra"...], 0x26b59d70 /* 116 vars */) = -1 ENOENT (No such file or directory)
10345 execve("/opt/hostedtoolcache/go/1.27.1/arm64/bin/as", ["as", "-EL", "-mabi=lp64", "-o", "/tmp/ccLEQH9k.o", "/home/runner/work/_temp/bootstra"...], 0x26b59d70 /* 116 vars */) = -1 ENOENT (No such file or directory)
10345 execve("/snap/bin/as", ["as", "-EL", "-mabi=lp64", "-o", "/tmp/ccLEQH9k.o", "/home/runner/work/_temp/bootstra"...], 0x26b59d70 /* 116 vars */) = -1 ENOENT (No such file or directory)
10345 execve("/home/runner/.local/bin/as", ["as", "-EL", "-mabi=lp64", "-o", "/tmp/ccLEQH9k.o", "/home/runner/work/_temp/bootstra"...], 0x26b59d70 /* 116 vars */) = -1 ENOENT (No such file or directory)
10345 execve("/opt/pipx_bin/as", ["as", "-EL", "-mabi=lp64", "-o", "/tmp/ccLEQH9k.o", "/home/runner/work/_temp/bootstra"...], 0x26b59d70 /* 116 vars */) = -1 ENOENT (No such file or directory)
10345 execve("/home/runner/.cargo/bin/as", ["as", "-EL", "-mabi=lp64", "-o", "/tmp/ccLEQH9k.o", "/home/runner/work/_temp/bootstra"...], 0x26b59d70 /* 116 vars */) = -1 ENOENT (No such file or directory)
10345 execve("/home/runner/.config/composer/vendor/bin/as", ["as", "-EL", "-mabi=lp64", "-o", "/tmp/ccLEQH9k.o", "/home/runner/work/_temp/bootstra"...], 0x26b59d70 /* 116 vars */) = -1 ENOENT (No such file or directory)
10345 execve("/home/runner/.dotnet/tools/as", ["as", "-EL", "-mabi=lp64", "-o", "/tmp/ccLEQH9k.o", "/home/runner/work/_temp/bootstra"...], 0x26b59d70 /* 116 vars */) = -1 ENOENT (No such file or directory)
10345 execve("/usr/local/sbin/as", ["as", "-EL", "-mabi=lp64", "-o", "/tmp/ccLEQH9k.o", "/home/runner/work/_temp/bootstra"...], 0x26b59d70 /* 116 vars */) = -1 ENOENT (No such file or directory)
10345 execve("/usr/local/bin/as", ["as", "-EL", "-mabi=lp64", "-o", "/tmp/ccLEQH9k.o", "/home/runner/work/_temp/bootstra"...], 0x26b59d70 /* 116 vars */) = -1 ENOENT (No such file or directory)
10345 execve("/usr/sbin/as", ["as", "-EL", "-mabi=lp64", "-o", "/tmp/ccLEQH9k.o", "/home/runner/work/_temp/bootstra"...], 0x26b59d70 /* 116 vars */) = -1 ENOENT (No such file or directory)
10345 execve("/usr/bin/as", ["as", "-EL", "-mabi=lp64", "-o", "/tmp/ccLEQH9k.o", "/home/runner/work/_temp/bootstra"...], 0x26b59d70 /* 116 vars */ <unfinished ...>
10344 <... clone resumed>)              = 10345
10345 <... execve resumed>)             = 0
10344 wait4(10345,  <unfinished ...>
10345 exit_group(0)                     = ?
10345 +++ exited with 0 +++
10344 <... wait4 resumed>[{WIFEXITED(s) && WEXITSTATUS(s) == 0}], 0, NULL) = 10345
10344 --- SIGCHLD {si_signo=SIGCHLD, si_code=CLD_EXITED, si_pid=10345, si_uid=1001, si_status=0, si_utime=0, si_stime=0} ---
10344 clone(child_stack=0xffffc3cb55d0, flags=CLONE_VM|CLONE_VFORK|SIGCHLD <unfinished ...>
10346 execve("/usr/libexec/gcc/aarch64-linux-gnu/13/collect2", ["/usr/libexec/gcc/aarch64-linux-g"..., "-plugin", "/usr/libexec/gcc/aarch64-linux-g"..., "-plugin-opt=/usr/libexec/gcc/aar"..., "-plugin-opt=-fresolution=/tmp/cc"..., "-plugin-opt=-pass-through=-lgcc", "-plugin-opt=-pass-through=-lgcc_"..., "-plugin-opt=-pass-through=-lc", "-plugin-opt=-pass-through=-lgcc", "-plugin-opt=-pass-through=-lgcc_"..., "--build-id", "--eh-frame-hdr", "--hash-style=gnu", "--as-needed", "-dynamic-linker", "/lib/ld-linux-aarch64.so.1", "-X", "-EL", "-maarch64linux", "--fix-cortex-a53-843419", "-pie", "-z", "now", "-fuse-ld=lld", "-z", "relro", "-o", "/home/runner/work/_temp/bootstra"..., "/usr/lib/gcc/aarch64-linux-gnu/1"..., "/usr/lib/gcc/aarch64-linux-gnu/1"..., "/usr/lib/gcc/aarch64-linux-gnu/1"..., "-L/usr/lib/gcc/aarch64-linux-gnu"..., ...], 0x26b5a5a0 /* 118 vars */ <unfinished ...>
10344 <... clone resumed>)              = 10346
10346 <... execve resumed>)             = 0
10344 wait4(10346,  <unfinished ...>
10346 clone(child_stack=0xfffff3591da0, flags=CLONE_VM|CLONE_VFORK|SIGCHLD <unfinished ...>
10347 execve("/usr/bin/ld.lld", ["/usr/bin/ld.lld", "-plugin", "/usr/libexec/gcc/aarch64-linux-g"..., "-plugin-opt=/usr/libexec/gcc/aar"..., "-plugin-opt=-fresolution=/tmp/cc"..., "-plugin-opt=-pass-through=-lgcc", "-plugin-opt=-pass-through=-lgcc_"..., "-plugin-opt=-pass-through=-lc", "-plugin-opt=-pass-through=-lgcc", "-plugin-opt=-pass-through=-lgcc_"..., "--build-id", "--eh-frame-hdr", "--hash-style=gnu", "--as-needed", "-dynamic-linker", "/lib/ld-linux-aarch64.so.1", "-X", "-EL", "-maarch64linux", "--fix-cortex-a53-843419", "-pie", "-z", "now", "-z", "relro", "-o", "/home/runner/work/_temp/bootstra"..., "/usr/lib/gcc/aarch64-linux-gnu/1"..., "/usr/lib/gcc/aarch64-linux-gnu/1"..., "/usr/lib/gcc/aarch64-linux-gnu/1"..., "-L/usr/lib/gcc/aarch64-linux-gnu"..., "-L/usr/lib/gcc/aarch64-linux-gnu"..., ...], 0xfffff3592468 /* 118 vars */ <unfinished ...>
10346 <... clone resumed>)              = 10347
10347 <... execve resumed>)             = 0
10346 wait4(10347,  <unfinished ...>
10347 clone3({flags=CLONE_VM|CLONE_FS|CLONE_FILES|CLONE_SIGHAND|CLONE_THREAD|CLONE_SYSVSEM|CLONE_SETTLS|CLONE_PARENT_SETTID|CLONE_CHILD_CLEARTID, child_tid=0xff35f4fff050, parent_tid=0xff35f4fff050, exit_signal=0, stack=0xff35f0ff0000, stack_size=0x400e840, tls=0xff35f4fff6c0} => {parent_tid=[10348]}, 88) = 10348
10348 clone3({flags=CLONE_VM|CLONE_FS|CLONE_FILES|CLONE_SIGHAND|CLONE_THREAD|CLONE_SYSVSEM|CLONE_SETTLS|CLONE_PARENT_SETTID|CLONE_CHILD_CLEARTID, child_tid=0xff35ebfff050, parent_tid=0xff35ebfff050, exit_signal=0, stack=0xff35e7ff0000, stack_size=0x400e840, tls=0xff35ebfff6c0} => {parent_tid=[10349]}, 88) = 10349
10348 clone3({flags=CLONE_VM|CLONE_FS|CLONE_FILES|CLONE_SIGHAND|CLONE_THREAD|CLONE_SYSVSEM|CLONE_SETTLS|CLONE_PARENT_SETTID|CLONE_CHILD_CLEARTID, child_tid=0xff35e7fef050, parent_tid=0xff35e7fef050, exit_signal=0, stack=0xff35e3fe0000, stack_size=0x400e840, tls=0xff35e7fef6c0} => {parent_tid=[10350]}, 88) = 10350
10348 clone3({flags=CLONE_VM|CLONE_FS|CLONE_FILES|CLONE_SIGHAND|CLONE_THREAD|CLONE_SYSVSEM|CLONE_SETTLS|CLONE_PARENT_SETTID|CLONE_CHILD_CLEARTID, child_tid=0xff35dbfff050, parent_tid=0xff35dbfff050, exit_signal=0, stack=0xff35d7ff0000, stack_size=0x400e840, tls=0xff35dbfff6c0} => {parent_tid=[10351]}, 88) = 10351
10351 exit(0)                           = ?
10350 exit(0 <unfinished ...>
10349 exit(0 <unfinished ...>
10348 exit(0 <unfinished ...>
10347 exit_group(0 <unfinished ...>
10351 +++ exited with 0 +++
10347 <... exit_group resumed>)         = ?
10349 +++ exited with 0 +++
10348 +++ exited with 0 +++
10350 +++ exited with 0 +++
10347 +++ exited with 0 +++
10346 <... wait4 resumed>[{WIFEXITED(s) && WEXITSTATUS(s) == 0}], 0, NULL) = 10347
10346 --- SIGCHLD {si_signo=SIGCHLD, si_code=CLD_EXITED, si_pid=10347, si_uid=1001, si_status=0, si_utime=0, si_stime=1 /* 0.01 s */} ---
10346 exit_group(0)                     = ?
10346 +++ exited with 0 +++
10344 <... wait4 resumed>[{WIFEXITED(s) && WEXITSTATUS(s) == 0}], 0, NULL) = 10346
10344 --- SIGCHLD {si_signo=SIGCHLD, si_code=CLD_EXITED, si_pid=10346, si_uid=1001, si_status=0, si_utime=0, si_stime=0} ---
10344 exit_group(0)                     = ?
10344 +++ exited with 0 +++
10342 <... wait4 resumed>[{WIFEXITED(s) && WEXITSTATUS(s) == 0}], 0, NULL) = 10344
10342 --- SIGCHLD {si_signo=SIGCHLD, si_code=CLD_EXITED, si_pid=10344, si_uid=1001, si_status=0, si_utime=0, si_stime=0} ---
10342 exit_group(0)                     = ?
10342 +++ exited with 0 +++
