9767  execve("/home/runner/work/_temp/bootstrap-workspace/b4/compiler", ["/home/runner/work/_temp/bootstra"..., "build", "/home/runner/work/type-rb-native"..., "--output", "/home/runner/work/_temp/bootstra"..., "--qbe", "/home/runner/work/_temp/qbe-1.3/"..., "--cc", "/usr/bin/cc", "--target", "linux-arm64-v0"], 0xffffeb5ab8e8 /* 111 vars */) = 0
9767  clone(child_stack=NULL, flags=CLONE_CHILD_CLEARTID|CLONE_CHILD_SETTID|SIGCHLD, child_tidptr=0xff0767943f90) = 9768
9767  wait4(9768,  <unfinished ...>
9768  execve("/home/runner/work/_temp/qbe-1.3/qbe", ["/home/runner/work/_temp/qbe-1.3/"..., "-t", "arm64", "-o", "/home/runner/work/_temp/bootstra"..., "/home/runner/work/_temp/bootstra"...], 0xffffd56123e8 /* 111 vars */) = 0
9768  exit_group(0)                     = ?
9768  +++ exited with 0 +++
9767  <... wait4 resumed>[{WIFEXITED(s) && WEXITSTATUS(s) == 0}], 0, NULL) = 9768
9767  --- SIGCHLD {si_signo=SIGCHLD, si_code=CLD_EXITED, si_pid=9768, si_uid=1001, si_status=0, si_utime=0, si_stime=0} ---
9767  clone(child_stack=NULL, flags=CLONE_CHILD_CLEARTID|CLONE_CHILD_SETTID|SIGCHLD, child_tidptr=0xff0767943f90) = 9769
9767  wait4(9769,  <unfinished ...>
9769  execve("/usr/bin/cc", ["/usr/bin/cc", "-xassembler", "/home/runner/work/_temp/bootstra"..., "-fuse-ld=lld", "-Wl,--gc-sections,--strip-all", "-lm", "-o", "/home/runner/work/_temp/bootstra"...], 0xffffd56123e8 /* 111 vars */) = 0
9769  clone(child_stack=0xffffe1c58410, flags=CLONE_VM|CLONE_VFORK|SIGCHLD <unfinished ...>
9770  execve("/home/runner/go/bin/as", ["as", "-EL", "-mabi=lp64", "-o", "/tmp/cctnf806.o", "/home/runner/work/_temp/bootstra"...], 0xecbed50 /* 116 vars */) = -1 ENOENT (No such file or directory)
9770  execve("/opt/hostedtoolcache/go/1.27.1/arm64/bin/as", ["as", "-EL", "-mabi=lp64", "-o", "/tmp/cctnf806.o", "/home/runner/work/_temp/bootstra"...], 0xecbed50 /* 116 vars */) = -1 ENOENT (No such file or directory)
9770  execve("/snap/bin/as", ["as", "-EL", "-mabi=lp64", "-o", "/tmp/cctnf806.o", "/home/runner/work/_temp/bootstra"...], 0xecbed50 /* 116 vars */) = -1 ENOENT (No such file or directory)
9770  execve("/home/runner/.local/bin/as", ["as", "-EL", "-mabi=lp64", "-o", "/tmp/cctnf806.o", "/home/runner/work/_temp/bootstra"...], 0xecbed50 /* 116 vars */) = -1 ENOENT (No such file or directory)
9770  execve("/opt/pipx_bin/as", ["as", "-EL", "-mabi=lp64", "-o", "/tmp/cctnf806.o", "/home/runner/work/_temp/bootstra"...], 0xecbed50 /* 116 vars */) = -1 ENOENT (No such file or directory)
9770  execve("/home/runner/.cargo/bin/as", ["as", "-EL", "-mabi=lp64", "-o", "/tmp/cctnf806.o", "/home/runner/work/_temp/bootstra"...], 0xecbed50 /* 116 vars */) = -1 ENOENT (No such file or directory)
9770  execve("/home/runner/.config/composer/vendor/bin/as", ["as", "-EL", "-mabi=lp64", "-o", "/tmp/cctnf806.o", "/home/runner/work/_temp/bootstra"...], 0xecbed50 /* 116 vars */) = -1 ENOENT (No such file or directory)
9770  execve("/home/runner/.dotnet/tools/as", ["as", "-EL", "-mabi=lp64", "-o", "/tmp/cctnf806.o", "/home/runner/work/_temp/bootstra"...], 0xecbed50 /* 116 vars */) = -1 ENOENT (No such file or directory)
9770  execve("/usr/local/sbin/as", ["as", "-EL", "-mabi=lp64", "-o", "/tmp/cctnf806.o", "/home/runner/work/_temp/bootstra"...], 0xecbed50 /* 116 vars */) = -1 ENOENT (No such file or directory)
9770  execve("/usr/local/bin/as", ["as", "-EL", "-mabi=lp64", "-o", "/tmp/cctnf806.o", "/home/runner/work/_temp/bootstra"...], 0xecbed50 /* 116 vars */) = -1 ENOENT (No such file or directory)
9770  execve("/usr/sbin/as", ["as", "-EL", "-mabi=lp64", "-o", "/tmp/cctnf806.o", "/home/runner/work/_temp/bootstra"...], 0xecbed50 /* 116 vars */) = -1 ENOENT (No such file or directory)
9770  execve("/usr/bin/as", ["as", "-EL", "-mabi=lp64", "-o", "/tmp/cctnf806.o", "/home/runner/work/_temp/bootstra"...], 0xecbed50 /* 116 vars */ <unfinished ...>
9769  <... clone resumed>)              = 9770
9770  <... execve resumed>)             = 0
9769  wait4(9770,  <unfinished ...>
9770  exit_group(0)                     = ?
9770  +++ exited with 0 +++
9769  <... wait4 resumed>[{WIFEXITED(s) && WEXITSTATUS(s) == 0}], 0, NULL) = 9770
9769  --- SIGCHLD {si_signo=SIGCHLD, si_code=CLD_EXITED, si_pid=9770, si_uid=1001, si_status=0, si_utime=0, si_stime=0} ---
9769  clone(child_stack=0xffffe1c57550, flags=CLONE_VM|CLONE_VFORK|SIGCHLD <unfinished ...>
9771  execve("/usr/libexec/gcc/aarch64-linux-gnu/13/collect2", ["/usr/libexec/gcc/aarch64-linux-g"..., "-plugin", "/usr/libexec/gcc/aarch64-linux-g"..., "-plugin-opt=/usr/libexec/gcc/aar"..., "-plugin-opt=-fresolution=/tmp/cc"..., "-plugin-opt=-pass-through=-lgcc", "-plugin-opt=-pass-through=-lgcc_"..., "-plugin-opt=-pass-through=-lc", "-plugin-opt=-pass-through=-lgcc", "-plugin-opt=-pass-through=-lgcc_"..., "--build-id", "--eh-frame-hdr", "--hash-style=gnu", "--as-needed", "-dynamic-linker", "/lib/ld-linux-aarch64.so.1", "-X", "-EL", "-maarch64linux", "--fix-cortex-a53-843419", "-pie", "-z", "now", "-fuse-ld=lld", "-z", "relro", "-o", "/home/runner/work/_temp/bootstra"..., "/usr/lib/gcc/aarch64-linux-gnu/1"..., "/usr/lib/gcc/aarch64-linux-gnu/1"..., "/usr/lib/gcc/aarch64-linux-gnu/1"..., "-L/usr/lib/gcc/aarch64-linux-gnu"..., ...], 0xecbf580 /* 118 vars */ <unfinished ...>
9769  <... clone resumed>)              = 9771
9771  <... execve resumed>)             = 0
9769  wait4(9771,  <unfinished ...>
9771  clone(child_stack=0xffffc87e3f60, flags=CLONE_VM|CLONE_VFORK|SIGCHLD <unfinished ...>
9772  execve("/usr/bin/ld.lld", ["/usr/bin/ld.lld", "-plugin", "/usr/libexec/gcc/aarch64-linux-g"..., "-plugin-opt=/usr/libexec/gcc/aar"..., "-plugin-opt=-fresolution=/tmp/cc"..., "-plugin-opt=-pass-through=-lgcc", "-plugin-opt=-pass-through=-lgcc_"..., "-plugin-opt=-pass-through=-lc", "-plugin-opt=-pass-through=-lgcc", "-plugin-opt=-pass-through=-lgcc_"..., "--build-id", "--eh-frame-hdr", "--hash-style=gnu", "--as-needed", "-dynamic-linker", "/lib/ld-linux-aarch64.so.1", "-X", "-EL", "-maarch64linux", "--fix-cortex-a53-843419", "-pie", "-z", "now", "-z", "relro", "-o", "/home/runner/work/_temp/bootstra"..., "/usr/lib/gcc/aarch64-linux-gnu/1"..., "/usr/lib/gcc/aarch64-linux-gnu/1"..., "/usr/lib/gcc/aarch64-linux-gnu/1"..., "-L/usr/lib/gcc/aarch64-linux-gnu"..., "-L/usr/lib/gcc/aarch64-linux-gnu"..., ...], 0xffffc87e4620 /* 118 vars */ <unfinished ...>
9771  <... clone resumed>)              = 9772
9772  <... execve resumed>)             = 0
9771  wait4(9772,  <unfinished ...>
9772  clone3({flags=CLONE_VM|CLONE_FS|CLONE_FILES|CLONE_SIGHAND|CLONE_THREAD|CLONE_SYSVSEM|CLONE_SETTLS|CLONE_PARENT_SETTID|CLONE_CHILD_CLEARTID, child_tid=0xffcf5dbff050, parent_tid=0xffcf5dbff050, exit_signal=0, stack=0xffcf59bf0000, stack_size=0x400e840, tls=0xffcf5dbff6c0} => {parent_tid=[9773]}, 88) = 9773
9773  clone3({flags=CLONE_VM|CLONE_FS|CLONE_FILES|CLONE_SIGHAND|CLONE_THREAD|CLONE_SYSVSEM|CLONE_SETTLS|CLONE_PARENT_SETTID|CLONE_CHILD_CLEARTID, child_tid=0xffcf53fff050, parent_tid=0xffcf53fff050, exit_signal=0, stack=0xffcf4fff0000, stack_size=0x400e840, tls=0xffcf53fff6c0} => {parent_tid=[9774]}, 88) = 9774
9773  clone3({flags=CLONE_VM|CLONE_FS|CLONE_FILES|CLONE_SIGHAND|CLONE_THREAD|CLONE_SYSVSEM|CLONE_SETTLS|CLONE_PARENT_SETTID|CLONE_CHILD_CLEARTID, child_tid=0xffcf4ffef050, parent_tid=0xffcf4ffef050, exit_signal=0, stack=0xffcf4bfe0000, stack_size=0x400e840, tls=0xffcf4ffef6c0} => {parent_tid=[9775]}, 88) = 9775
9773  clone3({flags=CLONE_VM|CLONE_FS|CLONE_FILES|CLONE_SIGHAND|CLONE_THREAD|CLONE_SYSVSEM|CLONE_SETTLS|CLONE_PARENT_SETTID|CLONE_CHILD_CLEARTID, child_tid=0xffcf43fff050, parent_tid=0xffcf43fff050, exit_signal=0, stack=0xffcf3fff0000, stack_size=0x400e840, tls=0xffcf43fff6c0} => {parent_tid=[9776]}, 88) = 9776
9774  exit(0 <unfinished ...>
9773  exit(0 <unfinished ...>
9772  exit_group(0 <unfinished ...>
9774  <... exit resumed>)               = ?
9772  <... exit_group resumed>)         = ?
9774  +++ exited with 0 +++
9773  +++ exited with 0 +++
9776  +++ exited with 0 +++
9775  +++ exited with 0 +++
9772  +++ exited with 0 +++
9771  <... wait4 resumed>[{WIFEXITED(s) && WEXITSTATUS(s) == 0}], 0, NULL) = 9772
9771  --- SIGCHLD {si_signo=SIGCHLD, si_code=CLD_EXITED, si_pid=9772, si_uid=1001, si_status=0, si_utime=0, si_stime=1 /* 0.01 s */} ---
9771  exit_group(0)                     = ?
9771  +++ exited with 0 +++
9769  <... wait4 resumed>[{WIFEXITED(s) && WEXITSTATUS(s) == 0}], 0, NULL) = 9771
9769  --- SIGCHLD {si_signo=SIGCHLD, si_code=CLD_EXITED, si_pid=9771, si_uid=1001, si_status=0, si_utime=0, si_stime=0} ---
9769  exit_group(0)                     = ?
9769  +++ exited with 0 +++
9767  <... wait4 resumed>[{WIFEXITED(s) && WEXITSTATUS(s) == 0}], 0, NULL) = 9769
9767  --- SIGCHLD {si_signo=SIGCHLD, si_code=CLD_EXITED, si_pid=9769, si_uid=1001, si_status=0, si_utime=0, si_stime=0} ---
9767  exit_group(0)                     = ?
9767  +++ exited with 0 +++
