2945  execve("/home/runner/work/_temp/transition/first/compiler", ["/home/runner/work/_temp/transiti"..., "build", "/home/runner/work/type-rb-native"..., "--output", "/home/runner/work/_temp/transiti"..., "--qbe", "/home/runner/work/_temp/qbe-1.3/"..., "--cc", "/usr/bin/cc", "--target", "linux-arm64-v0"], 0xffffd7c3b0f8 /* 105 vars */) = 0
2945  clone(child_stack=NULL, flags=CLONE_CHILD_CLEARTID|CLONE_CHILD_SETTID|SIGCHLD, child_tidptr=0xff44ad5dcf90) = 2946
2945  wait4(2946,  <unfinished ...>
2946  execve("/home/runner/work/_temp/qbe-1.3/qbe", ["/home/runner/work/_temp/qbe-1.3/"..., "-t", "arm64", "-o", "/home/runner/work/_temp/transiti"..., "/home/runner/work/_temp/transiti"...], 0xfffff8587818 /* 105 vars */) = 0
2946  exit_group(0)                     = ?
2946  +++ exited with 0 +++
2945  <... wait4 resumed>[{WIFEXITED(s) && WEXITSTATUS(s) == 0}], 0, NULL) = 2946
2945  --- SIGCHLD {si_signo=SIGCHLD, si_code=CLD_EXITED, si_pid=2946, si_uid=1001, si_status=0, si_utime=19 /* 0.19 s */, si_stime=1 /* 0.01 s */} ---
2945  clone(child_stack=NULL, flags=CLONE_CHILD_CLEARTID|CLONE_CHILD_SETTID|SIGCHLD, child_tidptr=0xff44ad5dcf90) = 2947
2945  wait4(2947,  <unfinished ...>
2947  execve("/usr/bin/cc", ["/usr/bin/cc", "-xassembler", "/home/runner/work/_temp/transiti"..., "-Wl,--gc-sections,--strip-all", "-o", "/home/runner/work/_temp/transiti"...], 0xfffff8587818 /* 105 vars */) = 0
2947  clone(child_stack=0xffffc3b6e150, flags=CLONE_VM|CLONE_VFORK|SIGCHLD <unfinished ...>
2948  execve("/snap/bin/as", ["as", "-EL", "-mabi=lp64", "-o", "/tmp/ccF1UIxR.o", "/home/runner/work/_temp/transiti"...], 0x4c77bf0 /* 110 vars */) = -1 ENOENT (No such file or directory)
2948  execve("/home/runner/.local/bin/as", ["as", "-EL", "-mabi=lp64", "-o", "/tmp/ccF1UIxR.o", "/home/runner/work/_temp/transiti"...], 0x4c77bf0 /* 110 vars */) = -1 ENOENT (No such file or directory)
2948  execve("/opt/pipx_bin/as", ["as", "-EL", "-mabi=lp64", "-o", "/tmp/ccF1UIxR.o", "/home/runner/work/_temp/transiti"...], 0x4c77bf0 /* 110 vars */) = -1 ENOENT (No such file or directory)
2948  execve("/home/runner/.cargo/bin/as", ["as", "-EL", "-mabi=lp64", "-o", "/tmp/ccF1UIxR.o", "/home/runner/work/_temp/transiti"...], 0x4c77bf0 /* 110 vars */) = -1 ENOENT (No such file or directory)
2948  execve("/home/runner/.config/composer/vendor/bin/as", ["as", "-EL", "-mabi=lp64", "-o", "/tmp/ccF1UIxR.o", "/home/runner/work/_temp/transiti"...], 0x4c77bf0 /* 110 vars */) = -1 ENOENT (No such file or directory)
2948  execve("/home/runner/.dotnet/tools/as", ["as", "-EL", "-mabi=lp64", "-o", "/tmp/ccF1UIxR.o", "/home/runner/work/_temp/transiti"...], 0x4c77bf0 /* 110 vars */) = -1 ENOENT (No such file or directory)
2948  execve("/usr/local/sbin/as", ["as", "-EL", "-mabi=lp64", "-o", "/tmp/ccF1UIxR.o", "/home/runner/work/_temp/transiti"...], 0x4c77bf0 /* 110 vars */) = -1 ENOENT (No such file or directory)
2948  execve("/usr/local/bin/as", ["as", "-EL", "-mabi=lp64", "-o", "/tmp/ccF1UIxR.o", "/home/runner/work/_temp/transiti"...], 0x4c77bf0 /* 110 vars */) = -1 ENOENT (No such file or directory)
2948  execve("/usr/sbin/as", ["as", "-EL", "-mabi=lp64", "-o", "/tmp/ccF1UIxR.o", "/home/runner/work/_temp/transiti"...], 0x4c77bf0 /* 110 vars */) = -1 ENOENT (No such file or directory)
2948  execve("/usr/bin/as", ["as", "-EL", "-mabi=lp64", "-o", "/tmp/ccF1UIxR.o", "/home/runner/work/_temp/transiti"...], 0x4c77bf0 /* 110 vars */ <unfinished ...>
2947  <... clone resumed>)              = 2948
2948  <... execve resumed>)             = 0
2947  wait4(2948,  <unfinished ...>
2948  exit_group(0)                     = ?
2948  +++ exited with 0 +++
2947  <... wait4 resumed>[{WIFEXITED(s) && WEXITSTATUS(s) == 0}], 0, NULL) = 2948
2947  --- SIGCHLD {si_signo=SIGCHLD, si_code=CLD_EXITED, si_pid=2948, si_uid=1001, si_status=0, si_utime=8 /* 0.08 s */, si_stime=0} ---
2947  clone(child_stack=0xffffc3b6d290, flags=CLONE_VM|CLONE_VFORK|SIGCHLD <unfinished ...>
2949  execve("/usr/libexec/gcc/aarch64-linux-gnu/13/collect2", ["/usr/libexec/gcc/aarch64-linux-g"..., "-plugin", "/usr/libexec/gcc/aarch64-linux-g"..., "-plugin-opt=/usr/libexec/gcc/aar"..., "-plugin-opt=-fresolution=/tmp/cc"..., "-plugin-opt=-pass-through=-lgcc", "-plugin-opt=-pass-through=-lgcc_"..., "-plugin-opt=-pass-through=-lc", "-plugin-opt=-pass-through=-lgcc", "-plugin-opt=-pass-through=-lgcc_"..., "--build-id", "--eh-frame-hdr", "--hash-style=gnu", "--as-needed", "-dynamic-linker", "/lib/ld-linux-aarch64.so.1", "-X", "-EL", "-maarch64linux", "--fix-cortex-a53-843419", "-pie", "-z", "now", "-z", "relro", "-o", "/home/runner/work/_temp/transiti"..., "/usr/lib/gcc/aarch64-linux-gnu/1"..., "/usr/lib/gcc/aarch64-linux-gnu/1"..., "/usr/lib/gcc/aarch64-linux-gnu/1"..., "-L/usr/lib/gcc/aarch64-linux-gnu"..., "-L/usr/lib/gcc/aarch64-linux-gnu"..., ...], 0x4c78360 /* 112 vars */ <unfinished ...>
2947  <... clone resumed>)              = 2949
2949  <... execve resumed>)             = 0
2947  wait4(2949,  <unfinished ...>
2949  clone(child_stack=0xffffdc999af0, flags=CLONE_VM|CLONE_VFORK|SIGCHLD <unfinished ...>
2950  execve("/usr/bin/ld", ["/usr/bin/ld", "-plugin", "/usr/libexec/gcc/aarch64-linux-g"..., "-plugin-opt=/usr/libexec/gcc/aar"..., "-plugin-opt=-fresolution=/tmp/cc"..., "-plugin-opt=-pass-through=-lgcc", "-plugin-opt=-pass-through=-lgcc_"..., "-plugin-opt=-pass-through=-lc", "-plugin-opt=-pass-through=-lgcc", "-plugin-opt=-pass-through=-lgcc_"..., "--build-id", "--eh-frame-hdr", "--hash-style=gnu", "--as-needed", "-dynamic-linker", "/lib/ld-linux-aarch64.so.1", "-X", "-EL", "-maarch64linux", "--fix-cortex-a53-843419", "-pie", "-z", "now", "-z", "relro", "-o", "/home/runner/work/_temp/transiti"..., "/usr/lib/gcc/aarch64-linux-gnu/1"..., "/usr/lib/gcc/aarch64-linux-gnu/1"..., "/usr/lib/gcc/aarch64-linux-gnu/1"..., "-L/usr/lib/gcc/aarch64-linux-gnu"..., "-L/usr/lib/gcc/aarch64-linux-gnu"..., ...], 0xffffdc99a1a0 /* 112 vars */ <unfinished ...>
2949  <... clone resumed>)              = 2950
2950  <... execve resumed>)             = 0
2949  wait4(2950,  <unfinished ...>
2950  exit_group(0)                     = ?
2950  +++ exited with 0 +++
2949  <... wait4 resumed>[{WIFEXITED(s) && WEXITSTATUS(s) == 0}], 0, NULL) = 2950
2949  --- SIGCHLD {si_signo=SIGCHLD, si_code=CLD_EXITED, si_pid=2950, si_uid=1001, si_status=0, si_utime=1 /* 0.01 s */, si_stime=1 /* 0.01 s */} ---
2949  exit_group(0)                     = ?
2949  +++ exited with 0 +++
2947  <... wait4 resumed>[{WIFEXITED(s) && WEXITSTATUS(s) == 0}], 0, NULL) = 2949
2947  --- SIGCHLD {si_signo=SIGCHLD, si_code=CLD_EXITED, si_pid=2949, si_uid=1001, si_status=0, si_utime=0, si_stime=0} ---
2947  exit_group(0)                     = ?
2947  +++ exited with 0 +++
2945  <... wait4 resumed>[{WIFEXITED(s) && WEXITSTATUS(s) == 0}], 0, NULL) = 2947
2945  --- SIGCHLD {si_signo=SIGCHLD, si_code=CLD_EXITED, si_pid=2947, si_uid=1001, si_status=0, si_utime=0, si_stime=0} ---
2945  exit_group(0)                     = ?
2945  +++ exited with 0 +++
