2936  execve("/home/runner/work/_temp/release/type-rb-native-bootstrap-linux-arm64", ["/home/runner/work/_temp/release/"..., "build", "/home/runner/work/type-rb-native"..., "--output", "/home/runner/work/_temp/transiti"..., "--qbe", "/home/runner/work/_temp/qbe-1.3/"..., "--cc", "/usr/bin/cc", "--target", "linux-arm64-v0"], 0xfffff723bb28 /* 105 vars */) = 0
2936  clone(child_stack=NULL, flags=CLONE_CHILD_CLEARTID|CLONE_CHILD_SETTID|SIGCHLD, child_tidptr=0xff037160bf90) = 2937
2936  wait4(2937,  <unfinished ...>
2937  execve("/home/runner/work/_temp/qbe-1.3/qbe", ["/home/runner/work/_temp/qbe-1.3/"..., "-t", "arm64", "-o", "/home/runner/work/_temp/transiti"..., "/home/runner/work/_temp/transiti"...], 0xffffd8470958 /* 105 vars */) = 0
2937  exit_group(0)                     = ?
2937  +++ exited with 0 +++
2936  <... wait4 resumed>[{WIFEXITED(s) && WEXITSTATUS(s) == 0}], 0, NULL) = 2937
2936  --- SIGCHLD {si_signo=SIGCHLD, si_code=CLD_EXITED, si_pid=2937, si_uid=1001, si_status=0, si_utime=17 /* 0.17 s */, si_stime=0} ---
2936  clone(child_stack=NULL, flags=CLONE_CHILD_CLEARTID|CLONE_CHILD_SETTID|SIGCHLD, child_tidptr=0xff037160bf90) = 2938
2936  wait4(2938,  <unfinished ...>
2938  execve("/usr/bin/cc", ["/usr/bin/cc", "-xassembler", "/home/runner/work/_temp/transiti"..., "-Wl,--gc-sections,--strip-all", "-o", "/home/runner/work/_temp/transiti"...], 0xffffd8470958 /* 105 vars */) = 0
2938  clone(child_stack=0xffffd7167670, flags=CLONE_VM|CLONE_VFORK|SIGCHLD <unfinished ...>
2939  execve("/snap/bin/as", ["as", "-EL", "-mabi=lp64", "-o", "/tmp/ccrYxsRb.o", "/home/runner/work/_temp/transiti"...], 0x84fabe0 /* 110 vars */) = -1 ENOENT (No such file or directory)
2939  execve("/home/runner/.local/bin/as", ["as", "-EL", "-mabi=lp64", "-o", "/tmp/ccrYxsRb.o", "/home/runner/work/_temp/transiti"...], 0x84fabe0 /* 110 vars */) = -1 ENOENT (No such file or directory)
2939  execve("/opt/pipx_bin/as", ["as", "-EL", "-mabi=lp64", "-o", "/tmp/ccrYxsRb.o", "/home/runner/work/_temp/transiti"...], 0x84fabe0 /* 110 vars */) = -1 ENOENT (No such file or directory)
2939  execve("/home/runner/.cargo/bin/as", ["as", "-EL", "-mabi=lp64", "-o", "/tmp/ccrYxsRb.o", "/home/runner/work/_temp/transiti"...], 0x84fabe0 /* 110 vars */) = -1 ENOENT (No such file or directory)
2939  execve("/home/runner/.config/composer/vendor/bin/as", ["as", "-EL", "-mabi=lp64", "-o", "/tmp/ccrYxsRb.o", "/home/runner/work/_temp/transiti"...], 0x84fabe0 /* 110 vars */) = -1 ENOENT (No such file or directory)
2939  execve("/home/runner/.dotnet/tools/as", ["as", "-EL", "-mabi=lp64", "-o", "/tmp/ccrYxsRb.o", "/home/runner/work/_temp/transiti"...], 0x84fabe0 /* 110 vars */) = -1 ENOENT (No such file or directory)
2939  execve("/usr/local/sbin/as", ["as", "-EL", "-mabi=lp64", "-o", "/tmp/ccrYxsRb.o", "/home/runner/work/_temp/transiti"...], 0x84fabe0 /* 110 vars */) = -1 ENOENT (No such file or directory)
2939  execve("/usr/local/bin/as", ["as", "-EL", "-mabi=lp64", "-o", "/tmp/ccrYxsRb.o", "/home/runner/work/_temp/transiti"...], 0x84fabe0 /* 110 vars */) = -1 ENOENT (No such file or directory)
2939  execve("/usr/sbin/as", ["as", "-EL", "-mabi=lp64", "-o", "/tmp/ccrYxsRb.o", "/home/runner/work/_temp/transiti"...], 0x84fabe0 /* 110 vars */) = -1 ENOENT (No such file or directory)
2939  execve("/usr/bin/as", ["as", "-EL", "-mabi=lp64", "-o", "/tmp/ccrYxsRb.o", "/home/runner/work/_temp/transiti"...], 0x84fabe0 /* 110 vars */ <unfinished ...>
2938  <... clone resumed>)              = 2939
2939  <... execve resumed>)             = 0
2938  wait4(2939,  <unfinished ...>
2939  exit_group(0)                     = ?
2939  +++ exited with 0 +++
2938  <... wait4 resumed>[{WIFEXITED(s) && WEXITSTATUS(s) == 0}], 0, NULL) = 2939
2938  --- SIGCHLD {si_signo=SIGCHLD, si_code=CLD_EXITED, si_pid=2939, si_uid=1001, si_status=0, si_utime=7 /* 0.07 s */, si_stime=1 /* 0.01 s */} ---
2938  clone(child_stack=0xffffd71667b0, flags=CLONE_VM|CLONE_VFORK|SIGCHLD <unfinished ...>
2940  execve("/usr/libexec/gcc/aarch64-linux-gnu/13/collect2", ["/usr/libexec/gcc/aarch64-linux-g"..., "-plugin", "/usr/libexec/gcc/aarch64-linux-g"..., "-plugin-opt=/usr/libexec/gcc/aar"..., "-plugin-opt=-fresolution=/tmp/cc"..., "-plugin-opt=-pass-through=-lgcc", "-plugin-opt=-pass-through=-lgcc_"..., "-plugin-opt=-pass-through=-lc", "-plugin-opt=-pass-through=-lgcc", "-plugin-opt=-pass-through=-lgcc_"..., "--build-id", "--eh-frame-hdr", "--hash-style=gnu", "--as-needed", "-dynamic-linker", "/lib/ld-linux-aarch64.so.1", "-X", "-EL", "-maarch64linux", "--fix-cortex-a53-843419", "-pie", "-z", "now", "-z", "relro", "-o", "/home/runner/work/_temp/transiti"..., "/usr/lib/gcc/aarch64-linux-gnu/1"..., "/usr/lib/gcc/aarch64-linux-gnu/1"..., "/usr/lib/gcc/aarch64-linux-gnu/1"..., "-L/usr/lib/gcc/aarch64-linux-gnu"..., "-L/usr/lib/gcc/aarch64-linux-gnu"..., ...], 0x84fb350 /* 112 vars */ <unfinished ...>
2938  <... clone resumed>)              = 2940
2940  <... execve resumed>)             = 0
2938  wait4(2940,  <unfinished ...>
2940  clone(child_stack=0xfffff73e0bf0, flags=CLONE_VM|CLONE_VFORK|SIGCHLD <unfinished ...>
2941  execve("/usr/bin/ld", ["/usr/bin/ld", "-plugin", "/usr/libexec/gcc/aarch64-linux-g"..., "-plugin-opt=/usr/libexec/gcc/aar"..., "-plugin-opt=-fresolution=/tmp/cc"..., "-plugin-opt=-pass-through=-lgcc", "-plugin-opt=-pass-through=-lgcc_"..., "-plugin-opt=-pass-through=-lc", "-plugin-opt=-pass-through=-lgcc", "-plugin-opt=-pass-through=-lgcc_"..., "--build-id", "--eh-frame-hdr", "--hash-style=gnu", "--as-needed", "-dynamic-linker", "/lib/ld-linux-aarch64.so.1", "-X", "-EL", "-maarch64linux", "--fix-cortex-a53-843419", "-pie", "-z", "now", "-z", "relro", "-o", "/home/runner/work/_temp/transiti"..., "/usr/lib/gcc/aarch64-linux-gnu/1"..., "/usr/lib/gcc/aarch64-linux-gnu/1"..., "/usr/lib/gcc/aarch64-linux-gnu/1"..., "-L/usr/lib/gcc/aarch64-linux-gnu"..., "-L/usr/lib/gcc/aarch64-linux-gnu"..., ...], 0xfffff73e12a0 /* 112 vars */ <unfinished ...>
2940  <... clone resumed>)              = 2941
2941  <... execve resumed>)             = 0
2940  wait4(2941,  <unfinished ...>
2941  exit_group(0)                     = ?
2941  +++ exited with 0 +++
2940  <... wait4 resumed>[{WIFEXITED(s) && WEXITSTATUS(s) == 0}], 0, NULL) = 2941
2940  --- SIGCHLD {si_signo=SIGCHLD, si_code=CLD_EXITED, si_pid=2941, si_uid=1001, si_status=0, si_utime=0, si_stime=1 /* 0.01 s */} ---
2940  exit_group(0)                     = ?
2940  +++ exited with 0 +++
2938  <... wait4 resumed>[{WIFEXITED(s) && WEXITSTATUS(s) == 0}], 0, NULL) = 2940
2938  --- SIGCHLD {si_signo=SIGCHLD, si_code=CLD_EXITED, si_pid=2940, si_uid=1001, si_status=0, si_utime=0, si_stime=0} ---
2938  exit_group(0)                     = ?
2938  +++ exited with 0 +++
2936  <... wait4 resumed>[{WIFEXITED(s) && WEXITSTATUS(s) == 0}], 0, NULL) = 2938
2936  --- SIGCHLD {si_signo=SIGCHLD, si_code=CLD_EXITED, si_pid=2938, si_uid=1001, si_status=0, si_utime=0, si_stime=0} ---
2936  exit_group(0)                     = ?
2936  +++ exited with 0 +++
