5930  execve("/home/runner/work/_temp/transition/first/compiler", ["/home/runner/work/_temp/transiti"..., "build", "compiler/gate4/src/compiler.trb", "--output", "/home/runner/work/_temp/transiti"..., "--qbe", "/home/runner/work/_temp/qbe-1.3/"..., "--cc", "/usr/bin/cc", "--target", "linux-arm64-v0"], 0xfffffa320958 /* 111 vars */) = 0
5930  clone(child_stack=NULL, flags=CLONE_CHILD_CLEARTID|CLONE_CHILD_SETTID|SIGCHLD, child_tidptr=0xff46b443ff90) = 5931
5930  wait4(5931,  <unfinished ...>
5931  execve("/home/runner/work/_temp/qbe-1.3/qbe", ["/home/runner/work/_temp/qbe-1.3/"..., "-t", "arm64", "-o", "/home/runner/work/_temp/transiti"..., "/home/runner/work/_temp/transiti"...], 0xffffdca13bf8 /* 111 vars */) = 0
5931  exit_group(0)                     = ?
5931  +++ exited with 0 +++
5930  <... wait4 resumed>[{WIFEXITED(s) && WEXITSTATUS(s) == 0}], 0, NULL) = 5931
5930  --- SIGCHLD {si_signo=SIGCHLD, si_code=CLD_EXITED, si_pid=5931, si_uid=1001, si_status=0, si_utime=19 /* 0.19 s */, si_stime=1 /* 0.01 s */} ---
5930  clone(child_stack=NULL, flags=CLONE_CHILD_CLEARTID|CLONE_CHILD_SETTID|SIGCHLD, child_tidptr=0xff46b443ff90) = 5932
5930  wait4(5932,  <unfinished ...>
5932  execve("/usr/bin/cc", ["/usr/bin/cc", "-xassembler", "/home/runner/work/_temp/transiti"..., "-Wl,--gc-sections,--strip-all", "-o", "/home/runner/work/_temp/transiti"...], 0xffffdca13bf8 /* 111 vars */) = 0
5932  clone(child_stack=0xfffff0c980e0, flags=CLONE_VM|CLONE_VFORK|SIGCHLD <unfinished ...>
5933  execve("/home/runner/go/bin/as", ["as", "-EL", "-mabi=lp64", "-o", "/tmp/ccLKu4WA.o", "/home/runner/work/_temp/transiti"...], 0x1728fc20 /* 116 vars */) = -1 ENOENT (No such file or directory)
5933  execve("/opt/hostedtoolcache/go/1.27.0/arm64/bin/as", ["as", "-EL", "-mabi=lp64", "-o", "/tmp/ccLKu4WA.o", "/home/runner/work/_temp/transiti"...], 0x1728fc20 /* 116 vars */) = -1 ENOENT (No such file or directory)
5933  execve("/snap/bin/as", ["as", "-EL", "-mabi=lp64", "-o", "/tmp/ccLKu4WA.o", "/home/runner/work/_temp/transiti"...], 0x1728fc20 /* 116 vars */) = -1 ENOENT (No such file or directory)
5933  execve("/home/runner/.local/bin/as", ["as", "-EL", "-mabi=lp64", "-o", "/tmp/ccLKu4WA.o", "/home/runner/work/_temp/transiti"...], 0x1728fc20 /* 116 vars */) = -1 ENOENT (No such file or directory)
5933  execve("/opt/pipx_bin/as", ["as", "-EL", "-mabi=lp64", "-o", "/tmp/ccLKu4WA.o", "/home/runner/work/_temp/transiti"...], 0x1728fc20 /* 116 vars */) = -1 ENOENT (No such file or directory)
5933  execve("/home/runner/.cargo/bin/as", ["as", "-EL", "-mabi=lp64", "-o", "/tmp/ccLKu4WA.o", "/home/runner/work/_temp/transiti"...], 0x1728fc20 /* 116 vars */) = -1 ENOENT (No such file or directory)
5933  execve("/home/runner/.config/composer/vendor/bin/as", ["as", "-EL", "-mabi=lp64", "-o", "/tmp/ccLKu4WA.o", "/home/runner/work/_temp/transiti"...], 0x1728fc20 /* 116 vars */) = -1 ENOENT (No such file or directory)
5933  execve("/home/runner/.dotnet/tools/as", ["as", "-EL", "-mabi=lp64", "-o", "/tmp/ccLKu4WA.o", "/home/runner/work/_temp/transiti"...], 0x1728fc20 /* 116 vars */) = -1 ENOENT (No such file or directory)
5933  execve("/usr/local/sbin/as", ["as", "-EL", "-mabi=lp64", "-o", "/tmp/ccLKu4WA.o", "/home/runner/work/_temp/transiti"...], 0x1728fc20 /* 116 vars */) = -1 ENOENT (No such file or directory)
5933  execve("/usr/local/bin/as", ["as", "-EL", "-mabi=lp64", "-o", "/tmp/ccLKu4WA.o", "/home/runner/work/_temp/transiti"...], 0x1728fc20 /* 116 vars */) = -1 ENOENT (No such file or directory)
5933  execve("/usr/sbin/as", ["as", "-EL", "-mabi=lp64", "-o", "/tmp/ccLKu4WA.o", "/home/runner/work/_temp/transiti"...], 0x1728fc20 /* 116 vars */) = -1 ENOENT (No such file or directory)
5933  execve("/usr/bin/as", ["as", "-EL", "-mabi=lp64", "-o", "/tmp/ccLKu4WA.o", "/home/runner/work/_temp/transiti"...], 0x1728fc20 /* 116 vars */ <unfinished ...>
5932  <... clone resumed>)              = 5933
5933  <... execve resumed>)             = 0
5932  wait4(5933,  <unfinished ...>
5933  exit_group(0)                     = ?
5933  +++ exited with 0 +++
5932  <... wait4 resumed>[{WIFEXITED(s) && WEXITSTATUS(s) == 0}], 0, NULL) = 5933
5932  --- SIGCHLD {si_signo=SIGCHLD, si_code=CLD_EXITED, si_pid=5933, si_uid=1001, si_status=0, si_utime=8 /* 0.08 s */, si_stime=0} ---
5932  clone(child_stack=0xfffff0c97220, flags=CLONE_VM|CLONE_VFORK|SIGCHLD <unfinished ...>
5934  execve("/usr/libexec/gcc/aarch64-linux-gnu/13/collect2", ["/usr/libexec/gcc/aarch64-linux-g"..., "-plugin", "/usr/libexec/gcc/aarch64-linux-g"..., "-plugin-opt=/usr/libexec/gcc/aar"..., "-plugin-opt=-fresolution=/tmp/cc"..., "-plugin-opt=-pass-through=-lgcc", "-plugin-opt=-pass-through=-lgcc_"..., "-plugin-opt=-pass-through=-lc", "-plugin-opt=-pass-through=-lgcc", "-plugin-opt=-pass-through=-lgcc_"..., "--build-id", "--eh-frame-hdr", "--hash-style=gnu", "--as-needed", "-dynamic-linker", "/lib/ld-linux-aarch64.so.1", "-X", "-EL", "-maarch64linux", "--fix-cortex-a53-843419", "-pie", "-z", "now", "-z", "relro", "-o", "/home/runner/work/_temp/transiti"..., "/usr/lib/gcc/aarch64-linux-gnu/1"..., "/usr/lib/gcc/aarch64-linux-gnu/1"..., "/usr/lib/gcc/aarch64-linux-gnu/1"..., "-L/usr/lib/gcc/aarch64-linux-gnu"..., "-L/usr/lib/gcc/aarch64-linux-gnu"..., ...], 0x172903c0 /* 118 vars */ <unfinished ...>
5932  <... clone resumed>)              = 5934
5934  <... execve resumed>)             = 0
5932  wait4(5934,  <unfinished ...>
5934  clone(child_stack=0xffffecfe99a0, flags=CLONE_VM|CLONE_VFORK|SIGCHLD <unfinished ...>
5935  execve("/usr/bin/ld", ["/usr/bin/ld", "-plugin", "/usr/libexec/gcc/aarch64-linux-g"..., "-plugin-opt=/usr/libexec/gcc/aar"..., "-plugin-opt=-fresolution=/tmp/cc"..., "-plugin-opt=-pass-through=-lgcc", "-plugin-opt=-pass-through=-lgcc_"..., "-plugin-opt=-pass-through=-lc", "-plugin-opt=-pass-through=-lgcc", "-plugin-opt=-pass-through=-lgcc_"..., "--build-id", "--eh-frame-hdr", "--hash-style=gnu", "--as-needed", "-dynamic-linker", "/lib/ld-linux-aarch64.so.1", "-X", "-EL", "-maarch64linux", "--fix-cortex-a53-843419", "-pie", "-z", "now", "-z", "relro", "-o", "/home/runner/work/_temp/transiti"..., "/usr/lib/gcc/aarch64-linux-gnu/1"..., "/usr/lib/gcc/aarch64-linux-gnu/1"..., "/usr/lib/gcc/aarch64-linux-gnu/1"..., "-L/usr/lib/gcc/aarch64-linux-gnu"..., "-L/usr/lib/gcc/aarch64-linux-gnu"..., ...], 0xffffecfea050 /* 118 vars */ <unfinished ...>
5934  <... clone resumed>)              = 5935
5935  <... execve resumed>)             = 0
5934  wait4(5935,  <unfinished ...>
5935  exit_group(0)                     = ?
5935  +++ exited with 0 +++
5934  <... wait4 resumed>[{WIFEXITED(s) && WEXITSTATUS(s) == 0}], 0, NULL) = 5935
5934  --- SIGCHLD {si_signo=SIGCHLD, si_code=CLD_EXITED, si_pid=5935, si_uid=1001, si_status=0, si_utime=0, si_stime=1 /* 0.01 s */} ---
5934  exit_group(0)                     = ?
5934  +++ exited with 0 +++
5932  <... wait4 resumed>[{WIFEXITED(s) && WEXITSTATUS(s) == 0}], 0, NULL) = 5934
5932  --- SIGCHLD {si_signo=SIGCHLD, si_code=CLD_EXITED, si_pid=5934, si_uid=1001, si_status=0, si_utime=0, si_stime=0} ---
5932  exit_group(0)                     = ?
5932  +++ exited with 0 +++
5930  <... wait4 resumed>[{WIFEXITED(s) && WEXITSTATUS(s) == 0}], 0, NULL) = 5932
5930  --- SIGCHLD {si_signo=SIGCHLD, si_code=CLD_EXITED, si_pid=5932, si_uid=1001, si_status=0, si_utime=0, si_stime=0} ---
5930  exit_group(0)                     = ?
5930  +++ exited with 0 +++
