5921  execve("/home/runner/work/_temp/release/type-rb-native-bootstrap-linux-arm64", ["/home/runner/work/_temp/release/"..., "build", "compiler/gate4/src/compiler.trb", "--output", "/home/runner/work/_temp/transiti"..., "--qbe", "/home/runner/work/_temp/qbe-1.3/"..., "--cc", "/usr/bin/cc", "--target", "linux-arm64-v0"], 0xfffff361e178 /* 111 vars */) = 0
5921  clone(child_stack=NULL, flags=CLONE_CHILD_CLEARTID|CLONE_CHILD_SETTID|SIGCHLD, child_tidptr=0xffa1ab505f90) = 5922
5921  wait4(5922,  <unfinished ...>
5922  execve("/home/runner/work/_temp/qbe-1.3/qbe", ["/home/runner/work/_temp/qbe-1.3/"..., "-t", "arm64", "-o", "/home/runner/work/_temp/transiti"..., "/home/runner/work/_temp/transiti"...], 0xffffe49b90b8 /* 111 vars */) = 0
5922  exit_group(0)                     = ?
5922  +++ exited with 0 +++
5921  <... wait4 resumed>[{WIFEXITED(s) && WEXITSTATUS(s) == 0}], 0, NULL) = 5922
5921  --- SIGCHLD {si_signo=SIGCHLD, si_code=CLD_EXITED, si_pid=5922, si_uid=1001, si_status=0, si_utime=18 /* 0.18 s */, si_stime=0} ---
5921  clone(child_stack=NULL, flags=CLONE_CHILD_CLEARTID|CLONE_CHILD_SETTID|SIGCHLD, child_tidptr=0xffa1ab505f90) = 5923
5921  wait4(5923,  <unfinished ...>
5923  execve("/usr/bin/cc", ["/usr/bin/cc", "-xassembler", "/home/runner/work/_temp/transiti"..., "-Wl,--gc-sections,--strip-all", "-o", "/home/runner/work/_temp/transiti"...], 0xffffe49b90b8 /* 111 vars */) = 0
5923  clone(child_stack=0xfffff777e800, flags=CLONE_VM|CLONE_VFORK|SIGCHLD <unfinished ...>
5924  execve("/home/runner/go/bin/as", ["as", "-EL", "-mabi=lp64", "-o", "/tmp/ccFJ7iHO.o", "/home/runner/work/_temp/transiti"...], 0x393bc10 /* 116 vars */) = -1 ENOENT (No such file or directory)
5924  execve("/opt/hostedtoolcache/go/1.27.0/arm64/bin/as", ["as", "-EL", "-mabi=lp64", "-o", "/tmp/ccFJ7iHO.o", "/home/runner/work/_temp/transiti"...], 0x393bc10 /* 116 vars */) = -1 ENOENT (No such file or directory)
5924  execve("/snap/bin/as", ["as", "-EL", "-mabi=lp64", "-o", "/tmp/ccFJ7iHO.o", "/home/runner/work/_temp/transiti"...], 0x393bc10 /* 116 vars */) = -1 ENOENT (No such file or directory)
5924  execve("/home/runner/.local/bin/as", ["as", "-EL", "-mabi=lp64", "-o", "/tmp/ccFJ7iHO.o", "/home/runner/work/_temp/transiti"...], 0x393bc10 /* 116 vars */) = -1 ENOENT (No such file or directory)
5924  execve("/opt/pipx_bin/as", ["as", "-EL", "-mabi=lp64", "-o", "/tmp/ccFJ7iHO.o", "/home/runner/work/_temp/transiti"...], 0x393bc10 /* 116 vars */) = -1 ENOENT (No such file or directory)
5924  execve("/home/runner/.cargo/bin/as", ["as", "-EL", "-mabi=lp64", "-o", "/tmp/ccFJ7iHO.o", "/home/runner/work/_temp/transiti"...], 0x393bc10 /* 116 vars */) = -1 ENOENT (No such file or directory)
5924  execve("/home/runner/.config/composer/vendor/bin/as", ["as", "-EL", "-mabi=lp64", "-o", "/tmp/ccFJ7iHO.o", "/home/runner/work/_temp/transiti"...], 0x393bc10 /* 116 vars */) = -1 ENOENT (No such file or directory)
5924  execve("/home/runner/.dotnet/tools/as", ["as", "-EL", "-mabi=lp64", "-o", "/tmp/ccFJ7iHO.o", "/home/runner/work/_temp/transiti"...], 0x393bc10 /* 116 vars */) = -1 ENOENT (No such file or directory)
5924  execve("/usr/local/sbin/as", ["as", "-EL", "-mabi=lp64", "-o", "/tmp/ccFJ7iHO.o", "/home/runner/work/_temp/transiti"...], 0x393bc10 /* 116 vars */) = -1 ENOENT (No such file or directory)
5924  execve("/usr/local/bin/as", ["as", "-EL", "-mabi=lp64", "-o", "/tmp/ccFJ7iHO.o", "/home/runner/work/_temp/transiti"...], 0x393bc10 /* 116 vars */) = -1 ENOENT (No such file or directory)
5924  execve("/usr/sbin/as", ["as", "-EL", "-mabi=lp64", "-o", "/tmp/ccFJ7iHO.o", "/home/runner/work/_temp/transiti"...], 0x393bc10 /* 116 vars */) = -1 ENOENT (No such file or directory)
5924  execve("/usr/bin/as", ["as", "-EL", "-mabi=lp64", "-o", "/tmp/ccFJ7iHO.o", "/home/runner/work/_temp/transiti"...], 0x393bc10 /* 116 vars */ <unfinished ...>
5923  <... clone resumed>)              = 5924
5924  <... execve resumed>)             = 0
5923  wait4(5924,  <unfinished ...>
5924  exit_group(0)                     = ?
5924  +++ exited with 0 +++
5923  <... wait4 resumed>[{WIFEXITED(s) && WEXITSTATUS(s) == 0}], 0, NULL) = 5924
5923  --- SIGCHLD {si_signo=SIGCHLD, si_code=CLD_EXITED, si_pid=5924, si_uid=1001, si_status=0, si_utime=8 /* 0.08 s */, si_stime=0} ---
5923  clone(child_stack=0xfffff777d940, flags=CLONE_VM|CLONE_VFORK|SIGCHLD <unfinished ...>
5925  execve("/usr/libexec/gcc/aarch64-linux-gnu/13/collect2", ["/usr/libexec/gcc/aarch64-linux-g"..., "-plugin", "/usr/libexec/gcc/aarch64-linux-g"..., "-plugin-opt=/usr/libexec/gcc/aar"..., "-plugin-opt=-fresolution=/tmp/cc"..., "-plugin-opt=-pass-through=-lgcc", "-plugin-opt=-pass-through=-lgcc_"..., "-plugin-opt=-pass-through=-lc", "-plugin-opt=-pass-through=-lgcc", "-plugin-opt=-pass-through=-lgcc_"..., "--build-id", "--eh-frame-hdr", "--hash-style=gnu", "--as-needed", "-dynamic-linker", "/lib/ld-linux-aarch64.so.1", "-X", "-EL", "-maarch64linux", "--fix-cortex-a53-843419", "-pie", "-z", "now", "-z", "relro", "-o", "/home/runner/work/_temp/transiti"..., "/usr/lib/gcc/aarch64-linux-gnu/1"..., "/usr/lib/gcc/aarch64-linux-gnu/1"..., "/usr/lib/gcc/aarch64-linux-gnu/1"..., "-L/usr/lib/gcc/aarch64-linux-gnu"..., "-L/usr/lib/gcc/aarch64-linux-gnu"..., ...], 0x393c3b0 /* 118 vars */ <unfinished ...>
5923  <... clone resumed>)              = 5925
5925  <... execve resumed>)             = 0
5923  wait4(5925,  <unfinished ...>
5925  clone(child_stack=0xfffff71a7ca0, flags=CLONE_VM|CLONE_VFORK|SIGCHLD <unfinished ...>
5926  execve("/usr/bin/ld", ["/usr/bin/ld", "-plugin", "/usr/libexec/gcc/aarch64-linux-g"..., "-plugin-opt=/usr/libexec/gcc/aar"..., "-plugin-opt=-fresolution=/tmp/cc"..., "-plugin-opt=-pass-through=-lgcc", "-plugin-opt=-pass-through=-lgcc_"..., "-plugin-opt=-pass-through=-lc", "-plugin-opt=-pass-through=-lgcc", "-plugin-opt=-pass-through=-lgcc_"..., "--build-id", "--eh-frame-hdr", "--hash-style=gnu", "--as-needed", "-dynamic-linker", "/lib/ld-linux-aarch64.so.1", "-X", "-EL", "-maarch64linux", "--fix-cortex-a53-843419", "-pie", "-z", "now", "-z", "relro", "-o", "/home/runner/work/_temp/transiti"..., "/usr/lib/gcc/aarch64-linux-gnu/1"..., "/usr/lib/gcc/aarch64-linux-gnu/1"..., "/usr/lib/gcc/aarch64-linux-gnu/1"..., "-L/usr/lib/gcc/aarch64-linux-gnu"..., "-L/usr/lib/gcc/aarch64-linux-gnu"..., ...], 0xfffff71a8350 /* 118 vars */ <unfinished ...>
5925  <... clone resumed>)              = 5926
5926  <... execve resumed>)             = 0
5925  wait4(5926,  <unfinished ...>
5926  exit_group(0)                     = ?
5926  +++ exited with 0 +++
5925  <... wait4 resumed>[{WIFEXITED(s) && WEXITSTATUS(s) == 0}], 0, NULL) = 5926
5925  --- SIGCHLD {si_signo=SIGCHLD, si_code=CLD_EXITED, si_pid=5926, si_uid=1001, si_status=0, si_utime=0, si_stime=1 /* 0.01 s */} ---
5925  exit_group(0)                     = ?
5925  +++ exited with 0 +++
5923  <... wait4 resumed>[{WIFEXITED(s) && WEXITSTATUS(s) == 0}], 0, NULL) = 5925
5923  --- SIGCHLD {si_signo=SIGCHLD, si_code=CLD_EXITED, si_pid=5925, si_uid=1001, si_status=0, si_utime=0, si_stime=0} ---
5923  exit_group(0)                     = ?
5923  +++ exited with 0 +++
5921  <... wait4 resumed>[{WIFEXITED(s) && WEXITSTATUS(s) == 0}], 0, NULL) = 5923
5921  --- SIGCHLD {si_signo=SIGCHLD, si_code=CLD_EXITED, si_pid=5923, si_uid=1001, si_status=0, si_utime=0, si_stime=0} ---
5921  exit_group(0)                     = ?
5921  +++ exited with 0 +++
