9590  execve("/home/runner/work/_temp/bootstrap-workspace/b4/compiler", ["/home/runner/work/_temp/bootstra"..., "build", "/home/runner/work/type-rb-native"..., "--output", "/home/runner/work/_temp/bootstra"..., "--qbe", "/home/runner/work/_temp/qbe-1.3/"..., "--cc", "/usr/bin/cc", "--target", "linux-arm64-v0"], 0xffffdb4e85c8 /* 111 vars */) = 0
9590  clone(child_stack=NULL, flags=CLONE_CHILD_CLEARTID|CLONE_CHILD_SETTID|SIGCHLD, child_tidptr=0xffc26aab5f90) = 9591
9590  wait4(9591,  <unfinished ...>
9591  execve("/home/runner/work/_temp/qbe-1.3/qbe", ["/home/runner/work/_temp/qbe-1.3/"..., "-t", "arm64", "-o", "/home/runner/work/_temp/bootstra"..., "/home/runner/work/_temp/bootstra"...], 0xffffe60dbcf8 /* 111 vars */) = 0
9591  exit_group(0)                     = ?
9591  +++ exited with 0 +++
9590  <... wait4 resumed>[{WIFEXITED(s) && WEXITSTATUS(s) == 0}], 0, NULL) = 9591
9590  --- SIGCHLD {si_signo=SIGCHLD, si_code=CLD_EXITED, si_pid=9591, si_uid=1001, si_status=0, si_utime=0, si_stime=0} ---
9590  clone(child_stack=NULL, flags=CLONE_CHILD_CLEARTID|CLONE_CHILD_SETTID|SIGCHLD, child_tidptr=0xffc26aab5f90) = 9592
9590  wait4(9592,  <unfinished ...>
9592  execve("/usr/bin/cc", ["/usr/bin/cc", "-xassembler", "/home/runner/work/_temp/bootstra"..., "-fuse-ld=lld", "-Wl,--gc-sections,--strip-all", "-lm", "-o", "/home/runner/work/_temp/bootstra"...], 0xffffe60dbcf8 /* 111 vars */) = 0
9592  clone(child_stack=0xffffc9df5030, flags=CLONE_VM|CLONE_VFORK|SIGCHLD <unfinished ...>
9593  execve("/home/runner/go/bin/as", ["as", "-EL", "-mabi=lp64", "-o", "/tmp/ccY3aAZO.o", "/home/runner/work/_temp/bootstra"...], 0xa61fd50 /* 116 vars */) = -1 ENOENT (No such file or directory)
9593  execve("/opt/hostedtoolcache/go/1.27.0/arm64/bin/as", ["as", "-EL", "-mabi=lp64", "-o", "/tmp/ccY3aAZO.o", "/home/runner/work/_temp/bootstra"...], 0xa61fd50 /* 116 vars */) = -1 ENOENT (No such file or directory)
9593  execve("/snap/bin/as", ["as", "-EL", "-mabi=lp64", "-o", "/tmp/ccY3aAZO.o", "/home/runner/work/_temp/bootstra"...], 0xa61fd50 /* 116 vars */) = -1 ENOENT (No such file or directory)
9593  execve("/home/runner/.local/bin/as", ["as", "-EL", "-mabi=lp64", "-o", "/tmp/ccY3aAZO.o", "/home/runner/work/_temp/bootstra"...], 0xa61fd50 /* 116 vars */) = -1 ENOENT (No such file or directory)
9593  execve("/opt/pipx_bin/as", ["as", "-EL", "-mabi=lp64", "-o", "/tmp/ccY3aAZO.o", "/home/runner/work/_temp/bootstra"...], 0xa61fd50 /* 116 vars */) = -1 ENOENT (No such file or directory)
9593  execve("/home/runner/.cargo/bin/as", ["as", "-EL", "-mabi=lp64", "-o", "/tmp/ccY3aAZO.o", "/home/runner/work/_temp/bootstra"...], 0xa61fd50 /* 116 vars */) = -1 ENOENT (No such file or directory)
9593  execve("/home/runner/.config/composer/vendor/bin/as", ["as", "-EL", "-mabi=lp64", "-o", "/tmp/ccY3aAZO.o", "/home/runner/work/_temp/bootstra"...], 0xa61fd50 /* 116 vars */) = -1 ENOENT (No such file or directory)
9593  execve("/home/runner/.dotnet/tools/as", ["as", "-EL", "-mabi=lp64", "-o", "/tmp/ccY3aAZO.o", "/home/runner/work/_temp/bootstra"...], 0xa61fd50 /* 116 vars */) = -1 ENOENT (No such file or directory)
9593  execve("/usr/local/sbin/as", ["as", "-EL", "-mabi=lp64", "-o", "/tmp/ccY3aAZO.o", "/home/runner/work/_temp/bootstra"...], 0xa61fd50 /* 116 vars */) = -1 ENOENT (No such file or directory)
9593  execve("/usr/local/bin/as", ["as", "-EL", "-mabi=lp64", "-o", "/tmp/ccY3aAZO.o", "/home/runner/work/_temp/bootstra"...], 0xa61fd50 /* 116 vars */) = -1 ENOENT (No such file or directory)
9593  execve("/usr/sbin/as", ["as", "-EL", "-mabi=lp64", "-o", "/tmp/ccY3aAZO.o", "/home/runner/work/_temp/bootstra"...], 0xa61fd50 /* 116 vars */) = -1 ENOENT (No such file or directory)
9593  execve("/usr/bin/as", ["as", "-EL", "-mabi=lp64", "-o", "/tmp/ccY3aAZO.o", "/home/runner/work/_temp/bootstra"...], 0xa61fd50 /* 116 vars */ <unfinished ...>
9592  <... clone resumed>)              = 9593
9593  <... execve resumed>)             = 0
9592  wait4(9593,  <unfinished ...>
9593  exit_group(0)                     = ?
9593  +++ exited with 0 +++
9592  <... wait4 resumed>[{WIFEXITED(s) && WEXITSTATUS(s) == 0}], 0, NULL) = 9593
9592  --- SIGCHLD {si_signo=SIGCHLD, si_code=CLD_EXITED, si_pid=9593, si_uid=1001, si_status=0, si_utime=0, si_stime=0} ---
9592  clone(child_stack=0xffffc9df4170, flags=CLONE_VM|CLONE_VFORK|SIGCHLD <unfinished ...>
9594  execve("/usr/libexec/gcc/aarch64-linux-gnu/13/collect2", ["/usr/libexec/gcc/aarch64-linux-g"..., "-plugin", "/usr/libexec/gcc/aarch64-linux-g"..., "-plugin-opt=/usr/libexec/gcc/aar"..., "-plugin-opt=-fresolution=/tmp/cc"..., "-plugin-opt=-pass-through=-lgcc", "-plugin-opt=-pass-through=-lgcc_"..., "-plugin-opt=-pass-through=-lc", "-plugin-opt=-pass-through=-lgcc", "-plugin-opt=-pass-through=-lgcc_"..., "--build-id", "--eh-frame-hdr", "--hash-style=gnu", "--as-needed", "-dynamic-linker", "/lib/ld-linux-aarch64.so.1", "-X", "-EL", "-maarch64linux", "--fix-cortex-a53-843419", "-pie", "-z", "now", "-fuse-ld=lld", "-z", "relro", "-o", "/home/runner/work/_temp/bootstra"..., "/usr/lib/gcc/aarch64-linux-gnu/1"..., "/usr/lib/gcc/aarch64-linux-gnu/1"..., "/usr/lib/gcc/aarch64-linux-gnu/1"..., "-L/usr/lib/gcc/aarch64-linux-gnu"..., ...], 0xa620580 /* 118 vars */ <unfinished ...>
9592  <... clone resumed>)              = 9594
9594  <... execve resumed>)             = 0
9592  wait4(9594,  <unfinished ...>
9594  clone(child_stack=0xffffe4fb5c80, flags=CLONE_VM|CLONE_VFORK|SIGCHLD <unfinished ...>
9595  execve("/usr/bin/ld.lld", ["/usr/bin/ld.lld", "-plugin", "/usr/libexec/gcc/aarch64-linux-g"..., "-plugin-opt=/usr/libexec/gcc/aar"..., "-plugin-opt=-fresolution=/tmp/cc"..., "-plugin-opt=-pass-through=-lgcc", "-plugin-opt=-pass-through=-lgcc_"..., "-plugin-opt=-pass-through=-lc", "-plugin-opt=-pass-through=-lgcc", "-plugin-opt=-pass-through=-lgcc_"..., "--build-id", "--eh-frame-hdr", "--hash-style=gnu", "--as-needed", "-dynamic-linker", "/lib/ld-linux-aarch64.so.1", "-X", "-EL", "-maarch64linux", "--fix-cortex-a53-843419", "-pie", "-z", "now", "-z", "relro", "-o", "/home/runner/work/_temp/bootstra"..., "/usr/lib/gcc/aarch64-linux-gnu/1"..., "/usr/lib/gcc/aarch64-linux-gnu/1"..., "/usr/lib/gcc/aarch64-linux-gnu/1"..., "-L/usr/lib/gcc/aarch64-linux-gnu"..., "-L/usr/lib/gcc/aarch64-linux-gnu"..., ...], 0xffffe4fb6340 /* 118 vars */ <unfinished ...>
9594  <... clone resumed>)              = 9595
9595  <... execve resumed>)             = 0
9594  wait4(9595,  <unfinished ...>
9595  clone3({flags=CLONE_VM|CLONE_FS|CLONE_FILES|CLONE_SIGHAND|CLONE_THREAD|CLONE_SYSVSEM|CLONE_SETTLS|CLONE_PARENT_SETTID|CLONE_CHILD_CLEARTID, child_tid=0xff7aa21ff050, parent_tid=0xff7aa21ff050, exit_signal=0, stack=0xff7a9e1f0000, stack_size=0x400e840, tls=0xff7aa21ff6c0} => {parent_tid=[9596]}, 88) = 9596
9596  clone3({flags=CLONE_VM|CLONE_FS|CLONE_FILES|CLONE_SIGHAND|CLONE_THREAD|CLONE_SYSVSEM|CLONE_SETTLS|CLONE_PARENT_SETTID|CLONE_CHILD_CLEARTID, child_tid=0xff7a97fff050, parent_tid=0xff7a97fff050, exit_signal=0, stack=0xff7a93ff0000, stack_size=0x400e840, tls=0xff7a97fff6c0} => {parent_tid=[9597]}, 88) = 9597
9596  clone3({flags=CLONE_VM|CLONE_FS|CLONE_FILES|CLONE_SIGHAND|CLONE_THREAD|CLONE_SYSVSEM|CLONE_SETTLS|CLONE_PARENT_SETTID|CLONE_CHILD_CLEARTID, child_tid=0xff7a93fef050, parent_tid=0xff7a93fef050, exit_signal=0, stack=0xff7a8ffe0000, stack_size=0x400e840, tls=0xff7a93fef6c0} => {parent_tid=[9598]}, 88) = 9598
9596  clone3({flags=CLONE_VM|CLONE_FS|CLONE_FILES|CLONE_SIGHAND|CLONE_THREAD|CLONE_SYSVSEM|CLONE_SETTLS|CLONE_PARENT_SETTID|CLONE_CHILD_CLEARTID, child_tid=0xff7a87fff050, parent_tid=0xff7a87fff050, exit_signal=0, stack=0xff7a83ff0000, stack_size=0x400e840, tls=0xff7a87fff6c0} => {parent_tid=[9599]}, 88) = 9599
9598  exit(0 <unfinished ...>
9597  exit(0 <unfinished ...>
9596  exit(0 <unfinished ...>
9598  <... exit resumed>)               = ?
9597  <... exit resumed>)               = ?
9596  <... exit resumed>)               = ?
9598  +++ exited with 0 +++
9596  +++ exited with 0 +++
9599  exit(0 <unfinished ...>
9597  +++ exited with 0 +++
9595  exit_group(0 <unfinished ...>
9599  <... exit resumed>)               = ?
9599  +++ exited with 0 +++
9595  <... exit_group resumed>)         = ?
9595  +++ exited with 0 +++
9594  <... wait4 resumed>[{WIFEXITED(s) && WEXITSTATUS(s) == 0}], 0, NULL) = 9595
9594  --- SIGCHLD {si_signo=SIGCHLD, si_code=CLD_EXITED, si_pid=9595, si_uid=1001, si_status=0, si_utime=0, si_stime=1 /* 0.01 s */} ---
9594  exit_group(0)                     = ?
9594  +++ exited with 0 +++
9592  <... wait4 resumed>[{WIFEXITED(s) && WEXITSTATUS(s) == 0}], 0, NULL) = 9594
9592  --- SIGCHLD {si_signo=SIGCHLD, si_code=CLD_EXITED, si_pid=9594, si_uid=1001, si_status=0, si_utime=0, si_stime=0} ---
9592  exit_group(0)                     = ?
9592  +++ exited with 0 +++
9590  <... wait4 resumed>[{WIFEXITED(s) && WEXITSTATUS(s) == 0}], 0, NULL) = 9592
9590  --- SIGCHLD {si_signo=SIGCHLD, si_code=CLD_EXITED, si_pid=9592, si_uid=1001, si_status=0, si_utime=0, si_stime=0} ---
9590  exit_group(0)                     = ?
9590  +++ exited with 0 +++
