9523  execve("/home/runner/work/_temp/candidate-compiler", ["/home/runner/work/_temp/candidat"..., "build", "/home/runner/work/type-rb-native"..., "--output", "/home/runner/work/_temp/build-wo"..., "--qbe", "/home/runner/work/_temp/qbe-1.3/"..., "--cc", "/usr/bin/cc", "--target", "linux-arm64-v0"], 0xffffc85b8cf8 /* 115 vars */) = 0
9523  clone(child_stack=NULL, flags=CLONE_CHILD_CLEARTID|CLONE_CHILD_SETTID|SIGCHLD, child_tidptr=0xff34ed8fbf90) = 9524
9523  wait4(9524,  <unfinished ...>
9524  execve("/home/runner/work/_temp/qbe-1.3/qbe", ["/home/runner/work/_temp/qbe-1.3/"..., "-t", "arm64", "-o", "/home/runner/work/_temp/build-wo"..., "/home/runner/work/_temp/build-wo"...], 0xffffcfc329a8 /* 115 vars */) = 0
9524  exit_group(0)                     = ?
9524  +++ exited with 0 +++
9523  <... wait4 resumed>[{WIFEXITED(s) && WEXITSTATUS(s) == 0}], 0, NULL) = 9524
9523  --- SIGCHLD {si_signo=SIGCHLD, si_code=CLD_EXITED, si_pid=9524, si_uid=1001, si_status=0, si_utime=1 /* 0.01 s */, si_stime=0} ---
9523  clone(child_stack=NULL, flags=CLONE_CHILD_CLEARTID|CLONE_CHILD_SETTID|SIGCHLD, child_tidptr=0xff34ed8fbf90) = 9525
9523  wait4(9525,  <unfinished ...>
9525  execve("/usr/bin/cc", ["/usr/bin/cc", "-xassembler", "/home/runner/work/_temp/build-wo"..., "-fuse-ld=lld", "-Wl,--gc-sections,--strip-all", "-lm", "-o", "/home/runner/work/_temp/build-wo"...], 0xffffcfc329a8 /* 115 vars */) = 0
9525  clone(child_stack=0xffffd5338400, flags=CLONE_VM|CLONE_VFORK|SIGCHLD <unfinished ...>
9526  execve("/home/runner/go/bin/as", ["as", "-EL", "-mabi=lp64", "-o", "/tmp/ccLB3KkO.o", "/home/runner/work/_temp/build-wo"...], 0x28a18d80 /* 120 vars */) = -1 ENOENT (No such file or directory)
9526  execve("/opt/hostedtoolcache/go/1.27.0/arm64/bin/as", ["as", "-EL", "-mabi=lp64", "-o", "/tmp/ccLB3KkO.o", "/home/runner/work/_temp/build-wo"...], 0x28a18d80 /* 120 vars */) = -1 ENOENT (No such file or directory)
9526  execve("/snap/bin/as", ["as", "-EL", "-mabi=lp64", "-o", "/tmp/ccLB3KkO.o", "/home/runner/work/_temp/build-wo"...], 0x28a18d80 /* 120 vars */) = -1 ENOENT (No such file or directory)
9526  execve("/home/runner/.local/bin/as", ["as", "-EL", "-mabi=lp64", "-o", "/tmp/ccLB3KkO.o", "/home/runner/work/_temp/build-wo"...], 0x28a18d80 /* 120 vars */) = -1 ENOENT (No such file or directory)
9526  execve("/opt/pipx_bin/as", ["as", "-EL", "-mabi=lp64", "-o", "/tmp/ccLB3KkO.o", "/home/runner/work/_temp/build-wo"...], 0x28a18d80 /* 120 vars */) = -1 ENOENT (No such file or directory)
9526  execve("/home/runner/.cargo/bin/as", ["as", "-EL", "-mabi=lp64", "-o", "/tmp/ccLB3KkO.o", "/home/runner/work/_temp/build-wo"...], 0x28a18d80 /* 120 vars */) = -1 ENOENT (No such file or directory)
9526  execve("/home/runner/.config/composer/vendor/bin/as", ["as", "-EL", "-mabi=lp64", "-o", "/tmp/ccLB3KkO.o", "/home/runner/work/_temp/build-wo"...], 0x28a18d80 /* 120 vars */) = -1 ENOENT (No such file or directory)
9526  execve("/home/runner/.dotnet/tools/as", ["as", "-EL", "-mabi=lp64", "-o", "/tmp/ccLB3KkO.o", "/home/runner/work/_temp/build-wo"...], 0x28a18d80 /* 120 vars */) = -1 ENOENT (No such file or directory)
9526  execve("/usr/local/sbin/as", ["as", "-EL", "-mabi=lp64", "-o", "/tmp/ccLB3KkO.o", "/home/runner/work/_temp/build-wo"...], 0x28a18d80 /* 120 vars */) = -1 ENOENT (No such file or directory)
9526  execve("/usr/local/bin/as", ["as", "-EL", "-mabi=lp64", "-o", "/tmp/ccLB3KkO.o", "/home/runner/work/_temp/build-wo"...], 0x28a18d80 /* 120 vars */) = -1 ENOENT (No such file or directory)
9526  execve("/usr/sbin/as", ["as", "-EL", "-mabi=lp64", "-o", "/tmp/ccLB3KkO.o", "/home/runner/work/_temp/build-wo"...], 0x28a18d80 /* 120 vars */) = -1 ENOENT (No such file or directory)
9526  execve("/usr/bin/as", ["as", "-EL", "-mabi=lp64", "-o", "/tmp/ccLB3KkO.o", "/home/runner/work/_temp/build-wo"...], 0x28a18d80 /* 120 vars */ <unfinished ...>
9525  <... clone resumed>)              = 9526
9525  wait4(9526,  <unfinished ...>
9526  <... execve resumed>)             = 0
9526  exit_group(0)                     = ?
9526  +++ exited with 0 +++
9525  <... wait4 resumed>[{WIFEXITED(s) && WEXITSTATUS(s) == 0}], 0, NULL) = 9526
9525  --- SIGCHLD {si_signo=SIGCHLD, si_code=CLD_EXITED, si_pid=9526, si_uid=1001, si_status=0, si_utime=0, si_stime=0} ---
9525  clone(child_stack=0xffffd5337540, flags=CLONE_VM|CLONE_VFORK|SIGCHLD <unfinished ...>
9527  execve("/usr/libexec/gcc/aarch64-linux-gnu/13/collect2", ["/usr/libexec/gcc/aarch64-linux-g"..., "-plugin", "/usr/libexec/gcc/aarch64-linux-g"..., "-plugin-opt=/usr/libexec/gcc/aar"..., "-plugin-opt=-fresolution=/tmp/cc"..., "-plugin-opt=-pass-through=-lgcc", "-plugin-opt=-pass-through=-lgcc_"..., "-plugin-opt=-pass-through=-lc", "-plugin-opt=-pass-through=-lgcc", "-plugin-opt=-pass-through=-lgcc_"..., "--build-id", "--eh-frame-hdr", "--hash-style=gnu", "--as-needed", "-dynamic-linker", "/lib/ld-linux-aarch64.so.1", "-X", "-EL", "-maarch64linux", "--fix-cortex-a53-843419", "-pie", "-z", "now", "-fuse-ld=lld", "-z", "relro", "-o", "/home/runner/work/_temp/build-wo"..., "/usr/lib/gcc/aarch64-linux-gnu/1"..., "/usr/lib/gcc/aarch64-linux-gnu/1"..., "/usr/lib/gcc/aarch64-linux-gnu/1"..., "-L/usr/lib/gcc/aarch64-linux-gnu"..., ...], 0x28a195d0 /* 122 vars */ <unfinished ...>
9525  <... clone resumed>)              = 9527
9525  wait4(9527,  <unfinished ...>
9527  <... execve resumed>)             = 0
9527  clone(child_stack=0xffffe0803e80, flags=CLONE_VM|CLONE_VFORK|SIGCHLD <unfinished ...>
9528  execve("/usr/bin/ld.lld", ["/usr/bin/ld.lld", "-plugin", "/usr/libexec/gcc/aarch64-linux-g"..., "-plugin-opt=/usr/libexec/gcc/aar"..., "-plugin-opt=-fresolution=/tmp/cc"..., "-plugin-opt=-pass-through=-lgcc", "-plugin-opt=-pass-through=-lgcc_"..., "-plugin-opt=-pass-through=-lc", "-plugin-opt=-pass-through=-lgcc", "-plugin-opt=-pass-through=-lgcc_"..., "--build-id", "--eh-frame-hdr", "--hash-style=gnu", "--as-needed", "-dynamic-linker", "/lib/ld-linux-aarch64.so.1", "-X", "-EL", "-maarch64linux", "--fix-cortex-a53-843419", "-pie", "-z", "now", "-z", "relro", "-o", "/home/runner/work/_temp/build-wo"..., "/usr/lib/gcc/aarch64-linux-gnu/1"..., "/usr/lib/gcc/aarch64-linux-gnu/1"..., "/usr/lib/gcc/aarch64-linux-gnu/1"..., "-L/usr/lib/gcc/aarch64-linux-gnu"..., "-L/usr/lib/gcc/aarch64-linux-gnu"..., ...], 0xffffe0804540 /* 122 vars */ <unfinished ...>
9527  <... clone resumed>)              = 9528
9527  wait4(9528,  <unfinished ...>
9528  <... execve resumed>)             = 0
9528  clone3({flags=CLONE_VM|CLONE_FS|CLONE_FILES|CLONE_SIGHAND|CLONE_THREAD|CLONE_SYSVSEM|CLONE_SETTLS|CLONE_PARENT_SETTID|CLONE_CHILD_CLEARTID, child_tid=0xffcb3b3ff050, parent_tid=0xffcb3b3ff050, exit_signal=0, stack=0xffcb373f0000, stack_size=0x400e840, tls=0xffcb3b3ff6c0} => {parent_tid=[9529]}, 88) = 9529
9529  clone3({flags=CLONE_VM|CLONE_FS|CLONE_FILES|CLONE_SIGHAND|CLONE_THREAD|CLONE_SYSVSEM|CLONE_SETTLS|CLONE_PARENT_SETTID|CLONE_CHILD_CLEARTID, child_tid=0xffcb2ffff050, parent_tid=0xffcb2ffff050, exit_signal=0, stack=0xffcb2bff0000, stack_size=0x400e840, tls=0xffcb2ffff6c0} => {parent_tid=[9530]}, 88) = 9530
9529  clone3({flags=CLONE_VM|CLONE_FS|CLONE_FILES|CLONE_SIGHAND|CLONE_THREAD|CLONE_SYSVSEM|CLONE_SETTLS|CLONE_PARENT_SETTID|CLONE_CHILD_CLEARTID, child_tid=0xffcb2bfef050, parent_tid=0xffcb2bfef050, exit_signal=0, stack=0xffcb27fe0000, stack_size=0x400e840, tls=0xffcb2bfef6c0} => {parent_tid=[9531]}, 88) = 9531
9529  clone3({flags=CLONE_VM|CLONE_FS|CLONE_FILES|CLONE_SIGHAND|CLONE_THREAD|CLONE_SYSVSEM|CLONE_SETTLS|CLONE_PARENT_SETTID|CLONE_CHILD_CLEARTID, child_tid=0xffcb1ffff050, parent_tid=0xffcb1ffff050, exit_signal=0, stack=0xffcb1bff0000, stack_size=0x400e840, tls=0xffcb1ffff6c0} => {parent_tid=[9532]}, 88) = 9532
9528  exit_group(0)                     = ?
9532  +++ exited with 0 +++
9531  +++ exited with 0 +++
9530  +++ exited with 0 +++
9529  +++ exited with 0 +++
9528  +++ exited with 0 +++
9527  <... wait4 resumed>[{WIFEXITED(s) && WEXITSTATUS(s) == 0}], 0, NULL) = 9528
9527  --- SIGCHLD {si_signo=SIGCHLD, si_code=CLD_EXITED, si_pid=9528, si_uid=1001, si_status=0, si_utime=0, si_stime=2 /* 0.02 s */} ---
9527  exit_group(0)                     = ?
9527  +++ exited with 0 +++
9525  <... wait4 resumed>[{WIFEXITED(s) && WEXITSTATUS(s) == 0}], 0, NULL) = 9527
9525  --- SIGCHLD {si_signo=SIGCHLD, si_code=CLD_EXITED, si_pid=9527, si_uid=1001, si_status=0, si_utime=0, si_stime=0} ---
9525  exit_group(0)                     = ?
9525  +++ exited with 0 +++
9523  <... wait4 resumed>[{WIFEXITED(s) && WEXITSTATUS(s) == 0}], 0, NULL) = 9525
9523  --- SIGCHLD {si_signo=SIGCHLD, si_code=CLD_EXITED, si_pid=9525, si_uid=1001, si_status=0, si_utime=0, si_stime=0} ---
9523  exit_group(0)                     = ?
9523  +++ exited with 0 +++
