6375  execve("/home/runner/work/_temp/transition/first/compiler", ["/home/runner/work/_temp/transiti"..., "build", "compiler/gate4/src/compiler.trb", "--output", "/home/runner/work/_temp/transiti"..., "--qbe", "/home/runner/work/_temp/qbe-1.3/"..., "--cc", "/usr/bin/cc", "--target", "linux-arm64-v0"], 0xfffff3cfa248 /* 111 vars */) = 0
6375  clone(child_stack=NULL, flags=CLONE_CHILD_CLEARTID|CLONE_CHILD_SETTID|SIGCHLD, child_tidptr=0xffe0147e0f90) = 6376
6375  wait4(6376,  <unfinished ...>
6376  execve("/home/runner/work/_temp/qbe-1.3/qbe", ["/home/runner/work/_temp/qbe-1.3/"..., "-t", "arm64", "-o", "/home/runner/work/_temp/transiti"..., "/home/runner/work/_temp/transiti"...], 0xffffd6e79b08 /* 111 vars */) = 0
6376  exit_group(0)                     = ?
6376  +++ exited with 0 +++
6375  <... wait4 resumed>[{WIFEXITED(s) && WEXITSTATUS(s) == 0}], 0, NULL) = 6376
6375  --- SIGCHLD {si_signo=SIGCHLD, si_code=CLD_EXITED, si_pid=6376, si_uid=1001, si_status=0, si_utime=20 /* 0.20 s */, si_stime=0} ---
6375  clone(child_stack=NULL, flags=CLONE_CHILD_CLEARTID|CLONE_CHILD_SETTID|SIGCHLD, child_tidptr=0xffe0147e0f90) = 6377
6375  wait4(6377,  <unfinished ...>
6377  execve("/usr/bin/cc", ["/usr/bin/cc", "-xassembler", "/home/runner/work/_temp/transiti"..., "-Wl,--gc-sections,--strip-all", "-o", "/home/runner/work/_temp/transiti"...], 0xffffd6e79b08 /* 111 vars */) = 0
6377  clone(child_stack=0xffffe58332d0, flags=CLONE_VM|CLONE_VFORK|SIGCHLD <unfinished ...>
6378  execve("/home/runner/go/bin/as", ["as", "-EL", "-mabi=lp64", "-o", "/tmp/ccvCtyhw.o", "/home/runner/work/_temp/transiti"...], 0x25596c20 /* 116 vars */) = -1 ENOENT (No such file or directory)
6378  execve("/opt/hostedtoolcache/go/1.27.0/arm64/bin/as", ["as", "-EL", "-mabi=lp64", "-o", "/tmp/ccvCtyhw.o", "/home/runner/work/_temp/transiti"...], 0x25596c20 /* 116 vars */) = -1 ENOENT (No such file or directory)
6378  execve("/snap/bin/as", ["as", "-EL", "-mabi=lp64", "-o", "/tmp/ccvCtyhw.o", "/home/runner/work/_temp/transiti"...], 0x25596c20 /* 116 vars */) = -1 ENOENT (No such file or directory)
6378  execve("/home/runner/.local/bin/as", ["as", "-EL", "-mabi=lp64", "-o", "/tmp/ccvCtyhw.o", "/home/runner/work/_temp/transiti"...], 0x25596c20 /* 116 vars */) = -1 ENOENT (No such file or directory)
6378  execve("/opt/pipx_bin/as", ["as", "-EL", "-mabi=lp64", "-o", "/tmp/ccvCtyhw.o", "/home/runner/work/_temp/transiti"...], 0x25596c20 /* 116 vars */) = -1 ENOENT (No such file or directory)
6378  execve("/home/runner/.cargo/bin/as", ["as", "-EL", "-mabi=lp64", "-o", "/tmp/ccvCtyhw.o", "/home/runner/work/_temp/transiti"...], 0x25596c20 /* 116 vars */) = -1 ENOENT (No such file or directory)
6378  execve("/home/runner/.config/composer/vendor/bin/as", ["as", "-EL", "-mabi=lp64", "-o", "/tmp/ccvCtyhw.o", "/home/runner/work/_temp/transiti"...], 0x25596c20 /* 116 vars */) = -1 ENOENT (No such file or directory)
6378  execve("/home/runner/.dotnet/tools/as", ["as", "-EL", "-mabi=lp64", "-o", "/tmp/ccvCtyhw.o", "/home/runner/work/_temp/transiti"...], 0x25596c20 /* 116 vars */) = -1 ENOENT (No such file or directory)
6378  execve("/usr/local/sbin/as", ["as", "-EL", "-mabi=lp64", "-o", "/tmp/ccvCtyhw.o", "/home/runner/work/_temp/transiti"...], 0x25596c20 /* 116 vars */) = -1 ENOENT (No such file or directory)
6378  execve("/usr/local/bin/as", ["as", "-EL", "-mabi=lp64", "-o", "/tmp/ccvCtyhw.o", "/home/runner/work/_temp/transiti"...], 0x25596c20 /* 116 vars */) = -1 ENOENT (No such file or directory)
6378  execve("/usr/sbin/as", ["as", "-EL", "-mabi=lp64", "-o", "/tmp/ccvCtyhw.o", "/home/runner/work/_temp/transiti"...], 0x25596c20 /* 116 vars */) = -1 ENOENT (No such file or directory)
6378  execve("/usr/bin/as", ["as", "-EL", "-mabi=lp64", "-o", "/tmp/ccvCtyhw.o", "/home/runner/work/_temp/transiti"...], 0x25596c20 /* 116 vars */ <unfinished ...>
6377  <... clone resumed>)              = 6378
6378  <... execve resumed>)             = 0
6377  wait4(6378,  <unfinished ...>
6378  exit_group(0)                     = ?
6378  +++ exited with 0 +++
6377  <... wait4 resumed>[{WIFEXITED(s) && WEXITSTATUS(s) == 0}], 0, NULL) = 6378
6377  --- SIGCHLD {si_signo=SIGCHLD, si_code=CLD_EXITED, si_pid=6378, si_uid=1001, si_status=0, si_utime=8 /* 0.08 s */, si_stime=0} ---
6377  clone(child_stack=0xffffe5832410, flags=CLONE_VM|CLONE_VFORK|SIGCHLD <unfinished ...>
6379  execve("/usr/libexec/gcc/aarch64-linux-gnu/13/collect2", ["/usr/libexec/gcc/aarch64-linux-g"..., "-plugin", "/usr/libexec/gcc/aarch64-linux-g"..., "-plugin-opt=/usr/libexec/gcc/aar"..., "-plugin-opt=-fresolution=/tmp/cc"..., "-plugin-opt=-pass-through=-lgcc", "-plugin-opt=-pass-through=-lgcc_"..., "-plugin-opt=-pass-through=-lc", "-plugin-opt=-pass-through=-lgcc", "-plugin-opt=-pass-through=-lgcc_"..., "--build-id", "--eh-frame-hdr", "--hash-style=gnu", "--as-needed", "-dynamic-linker", "/lib/ld-linux-aarch64.so.1", "-X", "-EL", "-maarch64linux", "--fix-cortex-a53-843419", "-pie", "-z", "now", "-z", "relro", "-o", "/home/runner/work/_temp/transiti"..., "/usr/lib/gcc/aarch64-linux-gnu/1"..., "/usr/lib/gcc/aarch64-linux-gnu/1"..., "/usr/lib/gcc/aarch64-linux-gnu/1"..., "-L/usr/lib/gcc/aarch64-linux-gnu"..., "-L/usr/lib/gcc/aarch64-linux-gnu"..., ...], 0x255973c0 /* 118 vars */ <unfinished ...>
6377  <... clone resumed>)              = 6379
6379  <... execve resumed>)             = 0
6377  wait4(6379,  <unfinished ...>
6379  clone(child_stack=0xffffc28decf0, flags=CLONE_VM|CLONE_VFORK|SIGCHLD <unfinished ...>
6380  execve("/usr/bin/ld", ["/usr/bin/ld", "-plugin", "/usr/libexec/gcc/aarch64-linux-g"..., "-plugin-opt=/usr/libexec/gcc/aar"..., "-plugin-opt=-fresolution=/tmp/cc"..., "-plugin-opt=-pass-through=-lgcc", "-plugin-opt=-pass-through=-lgcc_"..., "-plugin-opt=-pass-through=-lc", "-plugin-opt=-pass-through=-lgcc", "-plugin-opt=-pass-through=-lgcc_"..., "--build-id", "--eh-frame-hdr", "--hash-style=gnu", "--as-needed", "-dynamic-linker", "/lib/ld-linux-aarch64.so.1", "-X", "-EL", "-maarch64linux", "--fix-cortex-a53-843419", "-pie", "-z", "now", "-z", "relro", "-o", "/home/runner/work/_temp/transiti"..., "/usr/lib/gcc/aarch64-linux-gnu/1"..., "/usr/lib/gcc/aarch64-linux-gnu/1"..., "/usr/lib/gcc/aarch64-linux-gnu/1"..., "-L/usr/lib/gcc/aarch64-linux-gnu"..., "-L/usr/lib/gcc/aarch64-linux-gnu"..., ...], 0xffffc28df3a0 /* 118 vars */ <unfinished ...>
6379  <... clone resumed>)              = 6380
6380  <... execve resumed>)             = 0
6379  wait4(6380,  <unfinished ...>
6380  exit_group(0)                     = ?
6380  +++ exited with 0 +++
6379  <... wait4 resumed>[{WIFEXITED(s) && WEXITSTATUS(s) == 0}], 0, NULL) = 6380
6379  --- SIGCHLD {si_signo=SIGCHLD, si_code=CLD_EXITED, si_pid=6380, si_uid=1001, si_status=0, si_utime=1 /* 0.01 s */, si_stime=1 /* 0.01 s */} ---
6379  exit_group(0)                     = ?
6379  +++ exited with 0 +++
6377  <... wait4 resumed>[{WIFEXITED(s) && WEXITSTATUS(s) == 0}], 0, NULL) = 6379
6377  --- SIGCHLD {si_signo=SIGCHLD, si_code=CLD_EXITED, si_pid=6379, si_uid=1001, si_status=0, si_utime=0, si_stime=0} ---
6377  exit_group(0)                     = ?
6377  +++ exited with 0 +++
6375  <... wait4 resumed>[{WIFEXITED(s) && WEXITSTATUS(s) == 0}], 0, NULL) = 6377
6375  --- SIGCHLD {si_signo=SIGCHLD, si_code=CLD_EXITED, si_pid=6377, si_uid=1001, si_status=0, si_utime=0, si_stime=0} ---
6375  exit_group(0)                     = ?
6375  +++ exited with 0 +++
