6366  execve("/home/runner/work/_temp/release/type-rb-native-bootstrap-linux-arm64", ["/home/runner/work/_temp/release/"..., "build", "compiler/gate4/src/compiler.trb", "--output", "/home/runner/work/_temp/transiti"..., "--qbe", "/home/runner/work/_temp/qbe-1.3/"..., "--cc", "/usr/bin/cc", "--target", "linux-arm64-v0"], 0xffffccc58a48 /* 111 vars */) = 0
6366  clone(child_stack=NULL, flags=CLONE_CHILD_CLEARTID|CLONE_CHILD_SETTID|SIGCHLD, child_tidptr=0xffc761c03f90) = 6367
6366  wait4(6367,  <unfinished ...>
6367  execve("/home/runner/work/_temp/qbe-1.3/qbe", ["/home/runner/work/_temp/qbe-1.3/"..., "-t", "arm64", "-o", "/home/runner/work/_temp/transiti"..., "/home/runner/work/_temp/transiti"...], 0xfffff0520598 /* 111 vars */) = 0
6367  exit_group(0)                     = ?
6367  +++ exited with 0 +++
6366  <... wait4 resumed>[{WIFEXITED(s) && WEXITSTATUS(s) == 0}], 0, NULL) = 6367
6366  --- SIGCHLD {si_signo=SIGCHLD, si_code=CLD_EXITED, si_pid=6367, si_uid=1001, si_status=0, si_utime=18 /* 0.18 s */, si_stime=0} ---
6366  clone(child_stack=NULL, flags=CLONE_CHILD_CLEARTID|CLONE_CHILD_SETTID|SIGCHLD, child_tidptr=0xffc761c03f90) = 6368
6366  wait4(6368,  <unfinished ...>
6368  execve("/usr/bin/cc", ["/usr/bin/cc", "-xassembler", "/home/runner/work/_temp/transiti"..., "-Wl,--gc-sections,--strip-all", "-o", "/home/runner/work/_temp/transiti"...], 0xfffff0520598 /* 111 vars */) = 0
6368  clone(child_stack=0xfffff196cbb0, flags=CLONE_VM|CLONE_VFORK|SIGCHLD <unfinished ...>
6369  execve("/home/runner/go/bin/as", ["as", "-EL", "-mabi=lp64", "-o", "/tmp/ccSG5kRn.o", "/home/runner/work/_temp/transiti"...], 0x312ebc10 /* 116 vars */) = -1 ENOENT (No such file or directory)
6369  execve("/opt/hostedtoolcache/go/1.27.0/arm64/bin/as", ["as", "-EL", "-mabi=lp64", "-o", "/tmp/ccSG5kRn.o", "/home/runner/work/_temp/transiti"...], 0x312ebc10 /* 116 vars */) = -1 ENOENT (No such file or directory)
6369  execve("/snap/bin/as", ["as", "-EL", "-mabi=lp64", "-o", "/tmp/ccSG5kRn.o", "/home/runner/work/_temp/transiti"...], 0x312ebc10 /* 116 vars */) = -1 ENOENT (No such file or directory)
6369  execve("/home/runner/.local/bin/as", ["as", "-EL", "-mabi=lp64", "-o", "/tmp/ccSG5kRn.o", "/home/runner/work/_temp/transiti"...], 0x312ebc10 /* 116 vars */) = -1 ENOENT (No such file or directory)
6369  execve("/opt/pipx_bin/as", ["as", "-EL", "-mabi=lp64", "-o", "/tmp/ccSG5kRn.o", "/home/runner/work/_temp/transiti"...], 0x312ebc10 /* 116 vars */) = -1 ENOENT (No such file or directory)
6369  execve("/home/runner/.cargo/bin/as", ["as", "-EL", "-mabi=lp64", "-o", "/tmp/ccSG5kRn.o", "/home/runner/work/_temp/transiti"...], 0x312ebc10 /* 116 vars */) = -1 ENOENT (No such file or directory)
6369  execve("/home/runner/.config/composer/vendor/bin/as", ["as", "-EL", "-mabi=lp64", "-o", "/tmp/ccSG5kRn.o", "/home/runner/work/_temp/transiti"...], 0x312ebc10 /* 116 vars */) = -1 ENOENT (No such file or directory)
6369  execve("/home/runner/.dotnet/tools/as", ["as", "-EL", "-mabi=lp64", "-o", "/tmp/ccSG5kRn.o", "/home/runner/work/_temp/transiti"...], 0x312ebc10 /* 116 vars */) = -1 ENOENT (No such file or directory)
6369  execve("/usr/local/sbin/as", ["as", "-EL", "-mabi=lp64", "-o", "/tmp/ccSG5kRn.o", "/home/runner/work/_temp/transiti"...], 0x312ebc10 /* 116 vars */) = -1 ENOENT (No such file or directory)
6369  execve("/usr/local/bin/as", ["as", "-EL", "-mabi=lp64", "-o", "/tmp/ccSG5kRn.o", "/home/runner/work/_temp/transiti"...], 0x312ebc10 /* 116 vars */) = -1 ENOENT (No such file or directory)
6369  execve("/usr/sbin/as", ["as", "-EL", "-mabi=lp64", "-o", "/tmp/ccSG5kRn.o", "/home/runner/work/_temp/transiti"...], 0x312ebc10 /* 116 vars */) = -1 ENOENT (No such file or directory)
6369  execve("/usr/bin/as", ["as", "-EL", "-mabi=lp64", "-o", "/tmp/ccSG5kRn.o", "/home/runner/work/_temp/transiti"...], 0x312ebc10 /* 116 vars */ <unfinished ...>
6368  <... clone resumed>)              = 6369
6369  <... execve resumed>)             = 0
6368  wait4(6369,  <unfinished ...>
6369  exit_group(0)                     = ?
6369  +++ exited with 0 +++
6368  <... wait4 resumed>[{WIFEXITED(s) && WEXITSTATUS(s) == 0}], 0, NULL) = 6369
6368  --- SIGCHLD {si_signo=SIGCHLD, si_code=CLD_EXITED, si_pid=6369, si_uid=1001, si_status=0, si_utime=8 /* 0.08 s */, si_stime=0} ---
6368  clone(child_stack=0xfffff196bcf0, flags=CLONE_VM|CLONE_VFORK|SIGCHLD <unfinished ...>
6370  execve("/usr/libexec/gcc/aarch64-linux-gnu/13/collect2", ["/usr/libexec/gcc/aarch64-linux-g"..., "-plugin", "/usr/libexec/gcc/aarch64-linux-g"..., "-plugin-opt=/usr/libexec/gcc/aar"..., "-plugin-opt=-fresolution=/tmp/cc"..., "-plugin-opt=-pass-through=-lgcc", "-plugin-opt=-pass-through=-lgcc_"..., "-plugin-opt=-pass-through=-lc", "-plugin-opt=-pass-through=-lgcc", "-plugin-opt=-pass-through=-lgcc_"..., "--build-id", "--eh-frame-hdr", "--hash-style=gnu", "--as-needed", "-dynamic-linker", "/lib/ld-linux-aarch64.so.1", "-X", "-EL", "-maarch64linux", "--fix-cortex-a53-843419", "-pie", "-z", "now", "-z", "relro", "-o", "/home/runner/work/_temp/transiti"..., "/usr/lib/gcc/aarch64-linux-gnu/1"..., "/usr/lib/gcc/aarch64-linux-gnu/1"..., "/usr/lib/gcc/aarch64-linux-gnu/1"..., "-L/usr/lib/gcc/aarch64-linux-gnu"..., "-L/usr/lib/gcc/aarch64-linux-gnu"..., ...], 0x312ec3b0 /* 118 vars */ <unfinished ...>
6368  <... clone resumed>)              = 6370
6370  <... execve resumed>)             = 0
6368  wait4(6370,  <unfinished ...>
6370  clone(child_stack=0xffffcf622f40, flags=CLONE_VM|CLONE_VFORK|SIGCHLD <unfinished ...>
6371  execve("/usr/bin/ld", ["/usr/bin/ld", "-plugin", "/usr/libexec/gcc/aarch64-linux-g"..., "-plugin-opt=/usr/libexec/gcc/aar"..., "-plugin-opt=-fresolution=/tmp/cc"..., "-plugin-opt=-pass-through=-lgcc", "-plugin-opt=-pass-through=-lgcc_"..., "-plugin-opt=-pass-through=-lc", "-plugin-opt=-pass-through=-lgcc", "-plugin-opt=-pass-through=-lgcc_"..., "--build-id", "--eh-frame-hdr", "--hash-style=gnu", "--as-needed", "-dynamic-linker", "/lib/ld-linux-aarch64.so.1", "-X", "-EL", "-maarch64linux", "--fix-cortex-a53-843419", "-pie", "-z", "now", "-z", "relro", "-o", "/home/runner/work/_temp/transiti"..., "/usr/lib/gcc/aarch64-linux-gnu/1"..., "/usr/lib/gcc/aarch64-linux-gnu/1"..., "/usr/lib/gcc/aarch64-linux-gnu/1"..., "-L/usr/lib/gcc/aarch64-linux-gnu"..., "-L/usr/lib/gcc/aarch64-linux-gnu"..., ...], 0xffffcf6235f0 /* 118 vars */ <unfinished ...>
6370  <... clone resumed>)              = 6371
6371  <... execve resumed>)             = 0
6370  wait4(6371,  <unfinished ...>
6371  exit_group(0)                     = ?
6371  +++ exited with 0 +++
6370  <... wait4 resumed>[{WIFEXITED(s) && WEXITSTATUS(s) == 0}], 0, NULL) = 6371
6370  --- SIGCHLD {si_signo=SIGCHLD, si_code=CLD_EXITED, si_pid=6371, si_uid=1001, si_status=0, si_utime=0, si_stime=1 /* 0.01 s */} ---
6370  exit_group(0)                     = ?
6370  +++ exited with 0 +++
6368  <... wait4 resumed>[{WIFEXITED(s) && WEXITSTATUS(s) == 0}], 0, NULL) = 6370
6368  --- SIGCHLD {si_signo=SIGCHLD, si_code=CLD_EXITED, si_pid=6370, si_uid=1001, si_status=0, si_utime=0, si_stime=0} ---
6368  exit_group(0)                     = ?
6368  +++ exited with 0 +++
6366  <... wait4 resumed>[{WIFEXITED(s) && WEXITSTATUS(s) == 0}], 0, NULL) = 6368
6366  --- SIGCHLD {si_signo=SIGCHLD, si_code=CLD_EXITED, si_pid=6368, si_uid=1001, si_status=0, si_utime=0, si_stime=0} ---
6366  exit_group(0)                     = ?
6366  +++ exited with 0 +++
