6016  execve("/home/runner/work/_temp/transition/first/compiler", ["/home/runner/work/_temp/transiti"..., "build", "compiler/gate4/src/compiler.trb", "--output", "/home/runner/work/_temp/transiti"..., "--qbe", "/home/runner/work/_temp/qbe-1.3/"..., "--cc", "/usr/bin/cc", "--target", "linux-arm64-v0"], 0xfffff8a50a08 /* 111 vars */) = 0
6016  clone(child_stack=NULL, flags=CLONE_CHILD_CLEARTID|CLONE_CHILD_SETTID|SIGCHLD, child_tidptr=0xffb5e78a0f90) = 6018
6016  wait4(6018,  <unfinished ...>
6018  execve("/home/runner/work/_temp/qbe-1.3/qbe", ["/home/runner/work/_temp/qbe-1.3/"..., "-t", "arm64", "-o", "/home/runner/work/_temp/transiti"..., "/home/runner/work/_temp/transiti"...], 0xffffd0f119d8 /* 111 vars */) = 0
6018  exit_group(0)                     = ?
6018  +++ exited with 0 +++
6016  <... wait4 resumed>[{WIFEXITED(s) && WEXITSTATUS(s) == 0}], 0, NULL) = 6018
6016  --- SIGCHLD {si_signo=SIGCHLD, si_code=CLD_EXITED, si_pid=6018, si_uid=1001, si_status=0, si_utime=26 /* 0.26 s */, si_stime=0} ---
6016  clone(child_stack=NULL, flags=CLONE_CHILD_CLEARTID|CLONE_CHILD_SETTID|SIGCHLD, child_tidptr=0xffb5e78a0f90) = 6019
6016  wait4(6019,  <unfinished ...>
6019  execve("/usr/bin/cc", ["/usr/bin/cc", "-xassembler", "/home/runner/work/_temp/transiti"..., "-Wl,--gc-sections,--strip-all", "-o", "/home/runner/work/_temp/transiti"...], 0xffffd0f119d8 /* 111 vars */) = 0
6019  clone(child_stack=0xfffffd9aa420, flags=CLONE_VM|CLONE_VFORK|SIGCHLD <unfinished ...>
6020  execve("/home/runner/go/bin/as", ["as", "-EL", "-mabi=lp64", "-o", "/tmp/ccsMXYFD.o", "/home/runner/work/_temp/transiti"...], 0x12904c20 /* 116 vars */) = -1 ENOENT (No such file or directory)
6020  execve("/opt/hostedtoolcache/go/1.27.1/arm64/bin/as", ["as", "-EL", "-mabi=lp64", "-o", "/tmp/ccsMXYFD.o", "/home/runner/work/_temp/transiti"...], 0x12904c20 /* 116 vars */) = -1 ENOENT (No such file or directory)
6020  execve("/snap/bin/as", ["as", "-EL", "-mabi=lp64", "-o", "/tmp/ccsMXYFD.o", "/home/runner/work/_temp/transiti"...], 0x12904c20 /* 116 vars */) = -1 ENOENT (No such file or directory)
6020  execve("/home/runner/.local/bin/as", ["as", "-EL", "-mabi=lp64", "-o", "/tmp/ccsMXYFD.o", "/home/runner/work/_temp/transiti"...], 0x12904c20 /* 116 vars */) = -1 ENOENT (No such file or directory)
6020  execve("/opt/pipx_bin/as", ["as", "-EL", "-mabi=lp64", "-o", "/tmp/ccsMXYFD.o", "/home/runner/work/_temp/transiti"...], 0x12904c20 /* 116 vars */) = -1 ENOENT (No such file or directory)
6020  execve("/home/runner/.cargo/bin/as", ["as", "-EL", "-mabi=lp64", "-o", "/tmp/ccsMXYFD.o", "/home/runner/work/_temp/transiti"...], 0x12904c20 /* 116 vars */) = -1 ENOENT (No such file or directory)
6020  execve("/home/runner/.config/composer/vendor/bin/as", ["as", "-EL", "-mabi=lp64", "-o", "/tmp/ccsMXYFD.o", "/home/runner/work/_temp/transiti"...], 0x12904c20 /* 116 vars */) = -1 ENOENT (No such file or directory)
6020  execve("/home/runner/.dotnet/tools/as", ["as", "-EL", "-mabi=lp64", "-o", "/tmp/ccsMXYFD.o", "/home/runner/work/_temp/transiti"...], 0x12904c20 /* 116 vars */) = -1 ENOENT (No such file or directory)
6020  execve("/usr/local/sbin/as", ["as", "-EL", "-mabi=lp64", "-o", "/tmp/ccsMXYFD.o", "/home/runner/work/_temp/transiti"...], 0x12904c20 /* 116 vars */) = -1 ENOENT (No such file or directory)
6020  execve("/usr/local/bin/as", ["as", "-EL", "-mabi=lp64", "-o", "/tmp/ccsMXYFD.o", "/home/runner/work/_temp/transiti"...], 0x12904c20 /* 116 vars */) = -1 ENOENT (No such file or directory)
6020  execve("/usr/sbin/as", ["as", "-EL", "-mabi=lp64", "-o", "/tmp/ccsMXYFD.o", "/home/runner/work/_temp/transiti"...], 0x12904c20 /* 116 vars */) = -1 ENOENT (No such file or directory)
6020  execve("/usr/bin/as", ["as", "-EL", "-mabi=lp64", "-o", "/tmp/ccsMXYFD.o", "/home/runner/work/_temp/transiti"...], 0x12904c20 /* 116 vars */ <unfinished ...>
6019  <... clone resumed>)              = 6020
6020  <... execve resumed>)             = 0
6019  wait4(6020,  <unfinished ...>
6020  exit_group(0)                     = ?
6020  +++ exited with 0 +++
6019  <... wait4 resumed>[{WIFEXITED(s) && WEXITSTATUS(s) == 0}], 0, NULL) = 6020
6019  --- SIGCHLD {si_signo=SIGCHLD, si_code=CLD_EXITED, si_pid=6020, si_uid=1001, si_status=0, si_utime=11 /* 0.11 s */, si_stime=1 /* 0.01 s */} ---
6019  clone(child_stack=0xfffffd9a9560, flags=CLONE_VM|CLONE_VFORK|SIGCHLD <unfinished ...>
6021  execve("/usr/libexec/gcc/aarch64-linux-gnu/13/collect2", ["/usr/libexec/gcc/aarch64-linux-g"..., "-plugin", "/usr/libexec/gcc/aarch64-linux-g"..., "-plugin-opt=/usr/libexec/gcc/aar"..., "-plugin-opt=-fresolution=/tmp/cc"..., "-plugin-opt=-pass-through=-lgcc", "-plugin-opt=-pass-through=-lgcc_"..., "-plugin-opt=-pass-through=-lc", "-plugin-opt=-pass-through=-lgcc", "-plugin-opt=-pass-through=-lgcc_"..., "--build-id", "--eh-frame-hdr", "--hash-style=gnu", "--as-needed", "-dynamic-linker", "/lib/ld-linux-aarch64.so.1", "-X", "-EL", "-maarch64linux", "--fix-cortex-a53-843419", "-pie", "-z", "now", "-z", "relro", "-o", "/home/runner/work/_temp/transiti"..., "/usr/lib/gcc/aarch64-linux-gnu/1"..., "/usr/lib/gcc/aarch64-linux-gnu/1"..., "/usr/lib/gcc/aarch64-linux-gnu/1"..., "-L/usr/lib/gcc/aarch64-linux-gnu"..., "-L/usr/lib/gcc/aarch64-linux-gnu"..., ...], 0x129053c0 /* 118 vars */ <unfinished ...>
6019  <... clone resumed>)              = 6021
6021  <... execve resumed>)             = 0
6019  wait4(6021,  <unfinished ...>
6021  clone(child_stack=0xffffce5eda50, flags=CLONE_VM|CLONE_VFORK|SIGCHLD <unfinished ...>
6022  execve("/usr/bin/ld", ["/usr/bin/ld", "-plugin", "/usr/libexec/gcc/aarch64-linux-g"..., "-plugin-opt=/usr/libexec/gcc/aar"..., "-plugin-opt=-fresolution=/tmp/cc"..., "-plugin-opt=-pass-through=-lgcc", "-plugin-opt=-pass-through=-lgcc_"..., "-plugin-opt=-pass-through=-lc", "-plugin-opt=-pass-through=-lgcc", "-plugin-opt=-pass-through=-lgcc_"..., "--build-id", "--eh-frame-hdr", "--hash-style=gnu", "--as-needed", "-dynamic-linker", "/lib/ld-linux-aarch64.so.1", "-X", "-EL", "-maarch64linux", "--fix-cortex-a53-843419", "-pie", "-z", "now", "-z", "relro", "-o", "/home/runner/work/_temp/transiti"..., "/usr/lib/gcc/aarch64-linux-gnu/1"..., "/usr/lib/gcc/aarch64-linux-gnu/1"..., "/usr/lib/gcc/aarch64-linux-gnu/1"..., "-L/usr/lib/gcc/aarch64-linux-gnu"..., "-L/usr/lib/gcc/aarch64-linux-gnu"..., ...], 0xffffce5ee100 /* 118 vars */ <unfinished ...>
6021  <... clone resumed>)              = 6022
6022  <... execve resumed>)             = 0
6021  wait4(6022,  <unfinished ...>
6022  exit_group(0)                     = ?
6022  +++ exited with 0 +++
6021  <... wait4 resumed>[{WIFEXITED(s) && WEXITSTATUS(s) == 0}], 0, NULL) = 6022
6021  --- SIGCHLD {si_signo=SIGCHLD, si_code=CLD_EXITED, si_pid=6022, si_uid=1001, si_status=0, si_utime=0, si_stime=1 /* 0.01 s */} ---
6021  exit_group(0)                     = ?
6021  +++ exited with 0 +++
6019  <... wait4 resumed>[{WIFEXITED(s) && WEXITSTATUS(s) == 0}], 0, NULL) = 6021
6019  --- SIGCHLD {si_signo=SIGCHLD, si_code=CLD_EXITED, si_pid=6021, si_uid=1001, si_status=0, si_utime=0, si_stime=0} ---
6019  exit_group(0)                     = ?
6019  +++ exited with 0 +++
6016  <... wait4 resumed>[{WIFEXITED(s) && WEXITSTATUS(s) == 0}], 0, NULL) = 6019
6016  --- SIGCHLD {si_signo=SIGCHLD, si_code=CLD_EXITED, si_pid=6019, si_uid=1001, si_status=0, si_utime=0, si_stime=0} ---
6016  exit_group(0)                     = ?
6016  +++ exited with 0 +++
