6007  execve("/home/runner/work/_temp/release/type-rb-native-bootstrap-linux-arm64", ["/home/runner/work/_temp/release/"..., "build", "compiler/gate4/src/compiler.trb", "--output", "/home/runner/work/_temp/transiti"..., "--qbe", "/home/runner/work/_temp/qbe-1.3/"..., "--cc", "/usr/bin/cc", "--target", "linux-arm64-v0"], 0xffffc3f64b88 /* 111 vars */) = 0
6007  clone(child_stack=NULL, flags=CLONE_CHILD_CLEARTID|CLONE_CHILD_SETTID|SIGCHLD, child_tidptr=0xff9d263bff90) = 6008
6007  wait4(6008,  <unfinished ...>
6008  execve("/home/runner/work/_temp/qbe-1.3/qbe", ["/home/runner/work/_temp/qbe-1.3/"..., "-t", "arm64", "-o", "/home/runner/work/_temp/transiti"..., "/home/runner/work/_temp/transiti"...], 0xffffd833eab8 /* 111 vars */) = 0
6008  exit_group(0)                     = ?
6008  +++ exited with 0 +++
6007  <... wait4 resumed>[{WIFEXITED(s) && WEXITSTATUS(s) == 0}], 0, NULL) = 6008
6007  --- SIGCHLD {si_signo=SIGCHLD, si_code=CLD_EXITED, si_pid=6008, si_uid=1001, si_status=0, si_utime=24 /* 0.24 s */, si_stime=0} ---
6007  clone(child_stack=NULL, flags=CLONE_CHILD_CLEARTID|CLONE_CHILD_SETTID|SIGCHLD, child_tidptr=0xff9d263bff90) = 6009
6007  wait4(6009,  <unfinished ...>
6009  execve("/usr/bin/cc", ["/usr/bin/cc", "-xassembler", "/home/runner/work/_temp/transiti"..., "-Wl,--gc-sections,--strip-all", "-o", "/home/runner/work/_temp/transiti"...], 0xffffd833eab8 /* 111 vars */) = 0
6009  clone(child_stack=0xffffe8887080, flags=CLONE_VM|CLONE_VFORK|SIGCHLD <unfinished ...>
6010  execve("/home/runner/go/bin/as", ["as", "-EL", "-mabi=lp64", "-o", "/tmp/ccp6KrVi.o", "/home/runner/work/_temp/transiti"...], 0x4710c10 /* 116 vars */) = -1 ENOENT (No such file or directory)
6010  execve("/opt/hostedtoolcache/go/1.27.1/arm64/bin/as", ["as", "-EL", "-mabi=lp64", "-o", "/tmp/ccp6KrVi.o", "/home/runner/work/_temp/transiti"...], 0x4710c10 /* 116 vars */) = -1 ENOENT (No such file or directory)
6010  execve("/snap/bin/as", ["as", "-EL", "-mabi=lp64", "-o", "/tmp/ccp6KrVi.o", "/home/runner/work/_temp/transiti"...], 0x4710c10 /* 116 vars */) = -1 ENOENT (No such file or directory)
6010  execve("/home/runner/.local/bin/as", ["as", "-EL", "-mabi=lp64", "-o", "/tmp/ccp6KrVi.o", "/home/runner/work/_temp/transiti"...], 0x4710c10 /* 116 vars */) = -1 ENOENT (No such file or directory)
6010  execve("/opt/pipx_bin/as", ["as", "-EL", "-mabi=lp64", "-o", "/tmp/ccp6KrVi.o", "/home/runner/work/_temp/transiti"...], 0x4710c10 /* 116 vars */) = -1 ENOENT (No such file or directory)
6010  execve("/home/runner/.cargo/bin/as", ["as", "-EL", "-mabi=lp64", "-o", "/tmp/ccp6KrVi.o", "/home/runner/work/_temp/transiti"...], 0x4710c10 /* 116 vars */) = -1 ENOENT (No such file or directory)
6010  execve("/home/runner/.config/composer/vendor/bin/as", ["as", "-EL", "-mabi=lp64", "-o", "/tmp/ccp6KrVi.o", "/home/runner/work/_temp/transiti"...], 0x4710c10 /* 116 vars */) = -1 ENOENT (No such file or directory)
6010  execve("/home/runner/.dotnet/tools/as", ["as", "-EL", "-mabi=lp64", "-o", "/tmp/ccp6KrVi.o", "/home/runner/work/_temp/transiti"...], 0x4710c10 /* 116 vars */) = -1 ENOENT (No such file or directory)
6010  execve("/usr/local/sbin/as", ["as", "-EL", "-mabi=lp64", "-o", "/tmp/ccp6KrVi.o", "/home/runner/work/_temp/transiti"...], 0x4710c10 /* 116 vars */) = -1 ENOENT (No such file or directory)
6010  execve("/usr/local/bin/as", ["as", "-EL", "-mabi=lp64", "-o", "/tmp/ccp6KrVi.o", "/home/runner/work/_temp/transiti"...], 0x4710c10 /* 116 vars */) = -1 ENOENT (No such file or directory)
6010  execve("/usr/sbin/as", ["as", "-EL", "-mabi=lp64", "-o", "/tmp/ccp6KrVi.o", "/home/runner/work/_temp/transiti"...], 0x4710c10 /* 116 vars */) = -1 ENOENT (No such file or directory)
6010  execve("/usr/bin/as", ["as", "-EL", "-mabi=lp64", "-o", "/tmp/ccp6KrVi.o", "/home/runner/work/_temp/transiti"...], 0x4710c10 /* 116 vars */ <unfinished ...>
6009  <... clone resumed>)              = 6010
6010  <... execve resumed>)             = 0
6009  wait4(6010,  <unfinished ...>
6010  exit_group(0)                     = ?
6010  +++ exited with 0 +++
6009  <... wait4 resumed>[{WIFEXITED(s) && WEXITSTATUS(s) == 0}], 0, NULL) = 6010
6009  --- SIGCHLD {si_signo=SIGCHLD, si_code=CLD_EXITED, si_pid=6010, si_uid=1001, si_status=0, si_utime=10 /* 0.10 s */, si_stime=0} ---
6009  clone(child_stack=0xffffe88861c0, flags=CLONE_VM|CLONE_VFORK|SIGCHLD <unfinished ...>
6011  execve("/usr/libexec/gcc/aarch64-linux-gnu/13/collect2", ["/usr/libexec/gcc/aarch64-linux-g"..., "-plugin", "/usr/libexec/gcc/aarch64-linux-g"..., "-plugin-opt=/usr/libexec/gcc/aar"..., "-plugin-opt=-fresolution=/tmp/cc"..., "-plugin-opt=-pass-through=-lgcc", "-plugin-opt=-pass-through=-lgcc_"..., "-plugin-opt=-pass-through=-lc", "-plugin-opt=-pass-through=-lgcc", "-plugin-opt=-pass-through=-lgcc_"..., "--build-id", "--eh-frame-hdr", "--hash-style=gnu", "--as-needed", "-dynamic-linker", "/lib/ld-linux-aarch64.so.1", "-X", "-EL", "-maarch64linux", "--fix-cortex-a53-843419", "-pie", "-z", "now", "-z", "relro", "-o", "/home/runner/work/_temp/transiti"..., "/usr/lib/gcc/aarch64-linux-gnu/1"..., "/usr/lib/gcc/aarch64-linux-gnu/1"..., "/usr/lib/gcc/aarch64-linux-gnu/1"..., "-L/usr/lib/gcc/aarch64-linux-gnu"..., "-L/usr/lib/gcc/aarch64-linux-gnu"..., ...], 0x47113b0 /* 118 vars */ <unfinished ...>
6009  <... clone resumed>)              = 6011
6011  <... execve resumed>)             = 0
6009  wait4(6011,  <unfinished ...>
6011  clone(child_stack=0xfffff06e0f60, flags=CLONE_VM|CLONE_VFORK|SIGCHLD <unfinished ...>
6012  execve("/usr/bin/ld", ["/usr/bin/ld", "-plugin", "/usr/libexec/gcc/aarch64-linux-g"..., "-plugin-opt=/usr/libexec/gcc/aar"..., "-plugin-opt=-fresolution=/tmp/cc"..., "-plugin-opt=-pass-through=-lgcc", "-plugin-opt=-pass-through=-lgcc_"..., "-plugin-opt=-pass-through=-lc", "-plugin-opt=-pass-through=-lgcc", "-plugin-opt=-pass-through=-lgcc_"..., "--build-id", "--eh-frame-hdr", "--hash-style=gnu", "--as-needed", "-dynamic-linker", "/lib/ld-linux-aarch64.so.1", "-X", "-EL", "-maarch64linux", "--fix-cortex-a53-843419", "-pie", "-z", "now", "-z", "relro", "-o", "/home/runner/work/_temp/transiti"..., "/usr/lib/gcc/aarch64-linux-gnu/1"..., "/usr/lib/gcc/aarch64-linux-gnu/1"..., "/usr/lib/gcc/aarch64-linux-gnu/1"..., "-L/usr/lib/gcc/aarch64-linux-gnu"..., "-L/usr/lib/gcc/aarch64-linux-gnu"..., ...], 0xfffff06e1610 /* 118 vars */ <unfinished ...>
6011  <... clone resumed>)              = 6012
6012  <... execve resumed>)             = 0
6011  wait4(6012,  <unfinished ...>
6012  exit_group(0)                     = ?
6012  +++ exited with 0 +++
6011  <... wait4 resumed>[{WIFEXITED(s) && WEXITSTATUS(s) == 0}], 0, NULL) = 6012
6011  --- SIGCHLD {si_signo=SIGCHLD, si_code=CLD_EXITED, si_pid=6012, si_uid=1001, si_status=0, si_utime=1 /* 0.01 s */, si_stime=1 /* 0.01 s */} ---
6011  exit_group(0)                     = ?
6011  +++ exited with 0 +++
6009  <... wait4 resumed>[{WIFEXITED(s) && WEXITSTATUS(s) == 0}], 0, NULL) = 6011
6009  --- SIGCHLD {si_signo=SIGCHLD, si_code=CLD_EXITED, si_pid=6011, si_uid=1001, si_status=0, si_utime=0, si_stime=0} ---
6009  exit_group(0)                     = ?
6009  +++ exited with 0 +++
6007  <... wait4 resumed>[{WIFEXITED(s) && WEXITSTATUS(s) == 0}], 0, NULL) = 6009
6007  --- SIGCHLD {si_signo=SIGCHLD, si_code=CLD_EXITED, si_pid=6009, si_uid=1001, si_status=0, si_utime=0, si_stime=0} ---
6007  exit_group(0)                     = ?
6007  +++ exited with 0 +++
