5247  execve("/home/runner/work/_temp/bootstrap-workspace/b4/compiler", ["/home/runner/work/_temp/bootstra"..., "build", "/home/runner/work/type-rb-native"..., "--output", "/home/runner/work/_temp/bootstra"..., "--qbe", "/home/runner/work/_temp/qbe-1.3/"..., "--cc", "/usr/bin/cc", "--target", "linux-arm64-v0"], 0xfffff8d253a8 /* 103 vars */) = 0
5247  clone(child_stack=NULL, flags=CLONE_CHILD_CLEARTID|CLONE_CHILD_SETTID|SIGCHLD, child_tidptr=0xff56a0583f90) = 5248
5247  wait4(5248,  <unfinished ...>
5248  execve("/home/runner/work/_temp/qbe-1.3/qbe", ["/home/runner/work/_temp/qbe-1.3/"..., "-t", "arm64", "-o", "/home/runner/work/_temp/bootstra"..., "/home/runner/work/_temp/bootstra"...], 0xffffed9d5be8 /* 103 vars */) = 0
5248  exit_group(0)                     = ?
5248  +++ exited with 0 +++
5247  <... wait4 resumed>[{WIFEXITED(s) && WEXITSTATUS(s) == 0}], 0, NULL) = 5248
5247  --- SIGCHLD {si_signo=SIGCHLD, si_code=CLD_EXITED, si_pid=5248, si_uid=1001, si_status=0, si_utime=0, si_stime=0} ---
5247  clone(child_stack=NULL, flags=CLONE_CHILD_CLEARTID|CLONE_CHILD_SETTID|SIGCHLD, child_tidptr=0xff56a0583f90) = 5249
5247  wait4(5249,  <unfinished ...>
5249  execve("/usr/bin/cc", ["/usr/bin/cc", "-xassembler", "/home/runner/work/_temp/bootstra"..., "-fuse-ld=lld", "-Wl,--gc-sections,--strip-all", "-lm", "-o", "/home/runner/work/_temp/bootstra"...], 0xffffed9d5be8 /* 103 vars */) = 0
5249  clone(child_stack=0xffffc99516b0, flags=CLONE_VM|CLONE_VFORK|SIGCHLD <unfinished ...>
5250  execve("/snap/bin/as", ["as", "-EL", "-mabi=lp64", "-o", "/tmp/cckk9Cw2.o", "/home/runner/work/_temp/bootstra"...], 0x1be7ed10 /* 108 vars */) = -1 ENOENT (No such file or directory)
5250  execve("/home/runner/.local/bin/as", ["as", "-EL", "-mabi=lp64", "-o", "/tmp/cckk9Cw2.o", "/home/runner/work/_temp/bootstra"...], 0x1be7ed10 /* 108 vars */) = -1 ENOENT (No such file or directory)
5250  execve("/opt/pipx_bin/as", ["as", "-EL", "-mabi=lp64", "-o", "/tmp/cckk9Cw2.o", "/home/runner/work/_temp/bootstra"...], 0x1be7ed10 /* 108 vars */) = -1 ENOENT (No such file or directory)
5250  execve("/home/runner/.cargo/bin/as", ["as", "-EL", "-mabi=lp64", "-o", "/tmp/cckk9Cw2.o", "/home/runner/work/_temp/bootstra"...], 0x1be7ed10 /* 108 vars */) = -1 ENOENT (No such file or directory)
5250  execve("/home/runner/.config/composer/vendor/bin/as", ["as", "-EL", "-mabi=lp64", "-o", "/tmp/cckk9Cw2.o", "/home/runner/work/_temp/bootstra"...], 0x1be7ed10 /* 108 vars */) = -1 ENOENT (No such file or directory)
5250  execve("/home/runner/.dotnet/tools/as", ["as", "-EL", "-mabi=lp64", "-o", "/tmp/cckk9Cw2.o", "/home/runner/work/_temp/bootstra"...], 0x1be7ed10 /* 108 vars */) = -1 ENOENT (No such file or directory)
5250  execve("/usr/local/sbin/as", ["as", "-EL", "-mabi=lp64", "-o", "/tmp/cckk9Cw2.o", "/home/runner/work/_temp/bootstra"...], 0x1be7ed10 /* 108 vars */) = -1 ENOENT (No such file or directory)
5250  execve("/usr/local/bin/as", ["as", "-EL", "-mabi=lp64", "-o", "/tmp/cckk9Cw2.o", "/home/runner/work/_temp/bootstra"...], 0x1be7ed10 /* 108 vars */) = -1 ENOENT (No such file or directory)
5250  execve("/usr/sbin/as", ["as", "-EL", "-mabi=lp64", "-o", "/tmp/cckk9Cw2.o", "/home/runner/work/_temp/bootstra"...], 0x1be7ed10 /* 108 vars */) = -1 ENOENT (No such file or directory)
5250  execve("/usr/bin/as", ["as", "-EL", "-mabi=lp64", "-o", "/tmp/cckk9Cw2.o", "/home/runner/work/_temp/bootstra"...], 0x1be7ed10 /* 108 vars */ <unfinished ...>
5249  <... clone resumed>)              = 5250
5250  <... execve resumed>)             = 0
5249  wait4(5250,  <unfinished ...>
5250  exit_group(0)                     = ?
5250  +++ exited with 0 +++
5249  <... wait4 resumed>[{WIFEXITED(s) && WEXITSTATUS(s) == 0}], 0, NULL) = 5250
5249  --- SIGCHLD {si_signo=SIGCHLD, si_code=CLD_EXITED, si_pid=5250, si_uid=1001, si_status=0, si_utime=0, si_stime=0} ---
5249  clone(child_stack=0xffffc99507f0, flags=CLONE_VM|CLONE_VFORK|SIGCHLD <unfinished ...>
5251  execve("/usr/libexec/gcc/aarch64-linux-gnu/13/collect2", ["/usr/libexec/gcc/aarch64-linux-g"..., "-plugin", "/usr/libexec/gcc/aarch64-linux-g"..., "-plugin-opt=/usr/libexec/gcc/aar"..., "-plugin-opt=-fresolution=/tmp/cc"..., "-plugin-opt=-pass-through=-lgcc", "-plugin-opt=-pass-through=-lgcc_"..., "-plugin-opt=-pass-through=-lc", "-plugin-opt=-pass-through=-lgcc", "-plugin-opt=-pass-through=-lgcc_"..., "--build-id", "--eh-frame-hdr", "--hash-style=gnu", "--as-needed", "-dynamic-linker", "/lib/ld-linux-aarch64.so.1", "-X", "-EL", "-maarch64linux", "--fix-cortex-a53-843419", "-pie", "-z", "now", "-fuse-ld=lld", "-z", "relro", "-o", "/home/runner/work/_temp/bootstra"..., "/usr/lib/gcc/aarch64-linux-gnu/1"..., "/usr/lib/gcc/aarch64-linux-gnu/1"..., "/usr/lib/gcc/aarch64-linux-gnu/1"..., "-L/usr/lib/gcc/aarch64-linux-gnu"..., ...], 0x1be7f500 /* 110 vars */ <unfinished ...>
5249  <... clone resumed>)              = 5251
5251  <... execve resumed>)             = 0
5249  wait4(5251,  <unfinished ...>
5251  clone(child_stack=0xffffe2085d50, flags=CLONE_VM|CLONE_VFORK|SIGCHLD <unfinished ...>
5252  execve("/usr/bin/ld.lld", ["/usr/bin/ld.lld", "-plugin", "/usr/libexec/gcc/aarch64-linux-g"..., "-plugin-opt=/usr/libexec/gcc/aar"..., "-plugin-opt=-fresolution=/tmp/cc"..., "-plugin-opt=-pass-through=-lgcc", "-plugin-opt=-pass-through=-lgcc_"..., "-plugin-opt=-pass-through=-lc", "-plugin-opt=-pass-through=-lgcc", "-plugin-opt=-pass-through=-lgcc_"..., "--build-id", "--eh-frame-hdr", "--hash-style=gnu", "--as-needed", "-dynamic-linker", "/lib/ld-linux-aarch64.so.1", "-X", "-EL", "-maarch64linux", "--fix-cortex-a53-843419", "-pie", "-z", "now", "-z", "relro", "-o", "/home/runner/work/_temp/bootstra"..., "/usr/lib/gcc/aarch64-linux-gnu/1"..., "/usr/lib/gcc/aarch64-linux-gnu/1"..., "/usr/lib/gcc/aarch64-linux-gnu/1"..., "-L/usr/lib/gcc/aarch64-linux-gnu"..., "-L/usr/lib/gcc/aarch64-linux-gnu"..., ...], 0xffffe2086410 /* 110 vars */ <unfinished ...>
5251  <... clone resumed>)              = 5252
5252  <... execve resumed>)             = 0
5251  wait4(5252,  <unfinished ...>
5252  clone3({flags=CLONE_VM|CLONE_FS|CLONE_FILES|CLONE_SIGHAND|CLONE_THREAD|CLONE_SYSVSEM|CLONE_SETTLS|CLONE_PARENT_SETTID|CLONE_CHILD_CLEARTID, child_tid=0xff3bfcdff050, parent_tid=0xff3bfcdff050, exit_signal=0, stack=0xff3bf8df0000, stack_size=0x400e840, tls=0xff3bfcdff6c0} => {parent_tid=[5253]}, 88) = 5253
5253  clone3({flags=CLONE_VM|CLONE_FS|CLONE_FILES|CLONE_SIGHAND|CLONE_THREAD|CLONE_SYSVSEM|CLONE_SETTLS|CLONE_PARENT_SETTID|CLONE_CHILD_CLEARTID, child_tid=0xff3bf3fff050, parent_tid=0xff3bf3fff050, exit_signal=0, stack=0xff3befff0000, stack_size=0x400e840, tls=0xff3bf3fff6c0} => {parent_tid=[5254]}, 88) = 5254
5253  clone3({flags=CLONE_VM|CLONE_FS|CLONE_FILES|CLONE_SIGHAND|CLONE_THREAD|CLONE_SYSVSEM|CLONE_SETTLS|CLONE_PARENT_SETTID|CLONE_CHILD_CLEARTID, child_tid=0xff3beffef050, parent_tid=0xff3beffef050, exit_signal=0, stack=0xff3bebfe0000, stack_size=0x400e840, tls=0xff3beffef6c0} => {parent_tid=[5255]}, 88) = 5255
5253  clone3({flags=CLONE_VM|CLONE_FS|CLONE_FILES|CLONE_SIGHAND|CLONE_THREAD|CLONE_SYSVSEM|CLONE_SETTLS|CLONE_PARENT_SETTID|CLONE_CHILD_CLEARTID, child_tid=0xff3be3fff050, parent_tid=0xff3be3fff050, exit_signal=0, stack=0xff3bdfff0000, stack_size=0x400e840, tls=0xff3be3fff6c0} => {parent_tid=[5256]}, 88) = 5256
5253  exit(0)                           = ?
5256  exit(0 <unfinished ...>
5255  exit(0 <unfinished ...>
5256  <... exit resumed>)               = ?
5252  exit_group(0 <unfinished ...>
5255  <... exit resumed>)               = ?
5254  exit_group(0 <unfinished ...>
5253  +++ exited with 0 +++
5256  +++ exited with 0 +++
5252  <... exit_group resumed>)         = ?
5255  +++ exited with 0 +++
5254  +++ exited with 0 +++
5252  +++ exited with 0 +++
5251  <... wait4 resumed>[{WIFEXITED(s) && WEXITSTATUS(s) == 0}], 0, NULL) = 5252
5251  --- SIGCHLD {si_signo=SIGCHLD, si_code=CLD_EXITED, si_pid=5252, si_uid=1001, si_status=0, si_utime=0, si_stime=1 /* 0.01 s */} ---
5251  exit_group(0)                     = ?
5251  +++ exited with 0 +++
5249  <... wait4 resumed>[{WIFEXITED(s) && WEXITSTATUS(s) == 0}], 0, NULL) = 5251
5249  --- SIGCHLD {si_signo=SIGCHLD, si_code=CLD_EXITED, si_pid=5251, si_uid=1001, si_status=0, si_utime=0, si_stime=0} ---
5249  exit_group(0)                     = ?
5249  +++ exited with 0 +++
5247  <... wait4 resumed>[{WIFEXITED(s) && WEXITSTATUS(s) == 0}], 0, NULL) = 5249
5247  --- SIGCHLD {si_signo=SIGCHLD, si_code=CLD_EXITED, si_pid=5249, si_uid=1001, si_status=0, si_utime=0, si_stime=0} ---
5247  exit_group(0)                     = ?
5247  +++ exited with 0 +++
