9943  execve("/home/runner/work/_temp/candidate-compiler", ["/home/runner/work/_temp/candidat"..., "build", "/home/runner/work/type-rb-native"..., "--output", "/home/runner/work/_temp/build-wo"..., "--qbe", "/home/runner/work/_temp/qbe-1.3/"..., "--cc", "/usr/bin/cc", "--target", "linux-arm64-v0"], 0xfffffbc58a38 /* 115 vars */) = 0
9943  clone(child_stack=NULL, flags=CLONE_CHILD_CLEARTID|CLONE_CHILD_SETTID|SIGCHLD, child_tidptr=0xff4388b9af90) = 9944
9943  wait4(9944,  <unfinished ...>
9944  execve("/home/runner/work/_temp/qbe-1.3/qbe", ["/home/runner/work/_temp/qbe-1.3/"..., "-t", "arm64", "-o", "/home/runner/work/_temp/build-wo"..., "/home/runner/work/_temp/build-wo"...], 0xffffef968678 /* 115 vars */) = 0
9944  exit_group(0)                     = ?
9944  +++ exited with 0 +++
9943  <... wait4 resumed>[{WIFEXITED(s) && WEXITSTATUS(s) == 0}], 0, NULL) = 9944
9943  --- SIGCHLD {si_signo=SIGCHLD, si_code=CLD_EXITED, si_pid=9944, si_uid=1001, si_status=0, si_utime=1 /* 0.01 s */, si_stime=0} ---
9943  clone(child_stack=NULL, flags=CLONE_CHILD_CLEARTID|CLONE_CHILD_SETTID|SIGCHLD, child_tidptr=0xff4388b9af90) = 9945
9943  wait4(9945,  <unfinished ...>
9945  execve("/usr/bin/cc", ["/usr/bin/cc", "-xassembler", "/home/runner/work/_temp/build-wo"..., "-fuse-ld=lld", "-Wl,--gc-sections,--strip-all", "-lm", "-o", "/home/runner/work/_temp/build-wo"...], 0xffffef968678 /* 115 vars */) = 0
9945  clone(child_stack=0xffffee150670, flags=CLONE_VM|CLONE_VFORK|SIGCHLD <unfinished ...>
9946  execve("/home/runner/go/bin/as", ["as", "-EL", "-mabi=lp64", "-o", "/tmp/ccv2AoHZ.o", "/home/runner/work/_temp/build-wo"...], 0x85a9d80 /* 120 vars */) = -1 ENOENT (No such file or directory)
9946  execve("/opt/hostedtoolcache/go/1.27.1/arm64/bin/as", ["as", "-EL", "-mabi=lp64", "-o", "/tmp/ccv2AoHZ.o", "/home/runner/work/_temp/build-wo"...], 0x85a9d80 /* 120 vars */) = -1 ENOENT (No such file or directory)
9946  execve("/snap/bin/as", ["as", "-EL", "-mabi=lp64", "-o", "/tmp/ccv2AoHZ.o", "/home/runner/work/_temp/build-wo"...], 0x85a9d80 /* 120 vars */) = -1 ENOENT (No such file or directory)
9946  execve("/home/runner/.local/bin/as", ["as", "-EL", "-mabi=lp64", "-o", "/tmp/ccv2AoHZ.o", "/home/runner/work/_temp/build-wo"...], 0x85a9d80 /* 120 vars */) = -1 ENOENT (No such file or directory)
9946  execve("/opt/pipx_bin/as", ["as", "-EL", "-mabi=lp64", "-o", "/tmp/ccv2AoHZ.o", "/home/runner/work/_temp/build-wo"...], 0x85a9d80 /* 120 vars */) = -1 ENOENT (No such file or directory)
9946  execve("/home/runner/.cargo/bin/as", ["as", "-EL", "-mabi=lp64", "-o", "/tmp/ccv2AoHZ.o", "/home/runner/work/_temp/build-wo"...], 0x85a9d80 /* 120 vars */) = -1 ENOENT (No such file or directory)
9946  execve("/home/runner/.config/composer/vendor/bin/as", ["as", "-EL", "-mabi=lp64", "-o", "/tmp/ccv2AoHZ.o", "/home/runner/work/_temp/build-wo"...], 0x85a9d80 /* 120 vars */) = -1 ENOENT (No such file or directory)
9946  execve("/home/runner/.dotnet/tools/as", ["as", "-EL", "-mabi=lp64", "-o", "/tmp/ccv2AoHZ.o", "/home/runner/work/_temp/build-wo"...], 0x85a9d80 /* 120 vars */) = -1 ENOENT (No such file or directory)
9946  execve("/usr/local/sbin/as", ["as", "-EL", "-mabi=lp64", "-o", "/tmp/ccv2AoHZ.o", "/home/runner/work/_temp/build-wo"...], 0x85a9d80 /* 120 vars */) = -1 ENOENT (No such file or directory)
9946  execve("/usr/local/bin/as", ["as", "-EL", "-mabi=lp64", "-o", "/tmp/ccv2AoHZ.o", "/home/runner/work/_temp/build-wo"...], 0x85a9d80 /* 120 vars */) = -1 ENOENT (No such file or directory)
9946  execve("/usr/sbin/as", ["as", "-EL", "-mabi=lp64", "-o", "/tmp/ccv2AoHZ.o", "/home/runner/work/_temp/build-wo"...], 0x85a9d80 /* 120 vars */) = -1 ENOENT (No such file or directory)
9946  execve("/usr/bin/as", ["as", "-EL", "-mabi=lp64", "-o", "/tmp/ccv2AoHZ.o", "/home/runner/work/_temp/build-wo"...], 0x85a9d80 /* 120 vars */ <unfinished ...>
9945  <... clone resumed>)              = 9946
9945  wait4(9946,  <unfinished ...>
9946  <... execve resumed>)             = 0
9946  exit_group(0)                     = ?
9946  +++ exited with 0 +++
9945  <... wait4 resumed>[{WIFEXITED(s) && WEXITSTATUS(s) == 0}], 0, NULL) = 9946
9945  --- SIGCHLD {si_signo=SIGCHLD, si_code=CLD_EXITED, si_pid=9946, si_uid=1001, si_status=0, si_utime=0, si_stime=0} ---
9945  clone(child_stack=0xffffee14f7b0, flags=CLONE_VM|CLONE_VFORK|SIGCHLD <unfinished ...>
9947  execve("/usr/libexec/gcc/aarch64-linux-gnu/13/collect2", ["/usr/libexec/gcc/aarch64-linux-g"..., "-plugin", "/usr/libexec/gcc/aarch64-linux-g"..., "-plugin-opt=/usr/libexec/gcc/aar"..., "-plugin-opt=-fresolution=/tmp/cc"..., "-plugin-opt=-pass-through=-lgcc", "-plugin-opt=-pass-through=-lgcc_"..., "-plugin-opt=-pass-through=-lc", "-plugin-opt=-pass-through=-lgcc", "-plugin-opt=-pass-through=-lgcc_"..., "--build-id", "--eh-frame-hdr", "--hash-style=gnu", "--as-needed", "-dynamic-linker", "/lib/ld-linux-aarch64.so.1", "-X", "-EL", "-maarch64linux", "--fix-cortex-a53-843419", "-pie", "-z", "now", "-fuse-ld=lld", "-z", "relro", "-o", "/home/runner/work/_temp/build-wo"..., "/usr/lib/gcc/aarch64-linux-gnu/1"..., "/usr/lib/gcc/aarch64-linux-gnu/1"..., "/usr/lib/gcc/aarch64-linux-gnu/1"..., "-L/usr/lib/gcc/aarch64-linux-gnu"..., ...], 0x85aa5d0 /* 122 vars */ <unfinished ...>
9945  <... clone resumed>)              = 9947
9945  wait4(9947,  <unfinished ...>
9947  <... execve resumed>)             = 0
9947  clone(child_stack=0xffffed27ed30, flags=CLONE_VM|CLONE_VFORK|SIGCHLD <unfinished ...>
9948  execve("/usr/bin/ld.lld", ["/usr/bin/ld.lld", "-plugin", "/usr/libexec/gcc/aarch64-linux-g"..., "-plugin-opt=/usr/libexec/gcc/aar"..., "-plugin-opt=-fresolution=/tmp/cc"..., "-plugin-opt=-pass-through=-lgcc", "-plugin-opt=-pass-through=-lgcc_"..., "-plugin-opt=-pass-through=-lc", "-plugin-opt=-pass-through=-lgcc", "-plugin-opt=-pass-through=-lgcc_"..., "--build-id", "--eh-frame-hdr", "--hash-style=gnu", "--as-needed", "-dynamic-linker", "/lib/ld-linux-aarch64.so.1", "-X", "-EL", "-maarch64linux", "--fix-cortex-a53-843419", "-pie", "-z", "now", "-z", "relro", "-o", "/home/runner/work/_temp/build-wo"..., "/usr/lib/gcc/aarch64-linux-gnu/1"..., "/usr/lib/gcc/aarch64-linux-gnu/1"..., "/usr/lib/gcc/aarch64-linux-gnu/1"..., "-L/usr/lib/gcc/aarch64-linux-gnu"..., "-L/usr/lib/gcc/aarch64-linux-gnu"..., ...], 0xffffed27f3f0 /* 122 vars */ <unfinished ...>
9947  <... clone resumed>)              = 9948
9947  wait4(9948,  <unfinished ...>
9948  <... execve resumed>)             = 0
9948  clone3({flags=CLONE_VM|CLONE_FS|CLONE_FILES|CLONE_SIGHAND|CLONE_THREAD|CLONE_SYSVSEM|CLONE_SETTLS|CLONE_PARENT_SETTID|CLONE_CHILD_CLEARTID, child_tid=0xff92f5dff050, parent_tid=0xff92f5dff050, exit_signal=0, stack=0xff92f1df0000, stack_size=0x400e840, tls=0xff92f5dff6c0} => {parent_tid=[9949]}, 88) = 9949
9949  clone3({flags=CLONE_VM|CLONE_FS|CLONE_FILES|CLONE_SIGHAND|CLONE_THREAD|CLONE_SYSVSEM|CLONE_SETTLS|CLONE_PARENT_SETTID|CLONE_CHILD_CLEARTID, child_tid=0xff92ebfff050, parent_tid=0xff92ebfff050, exit_signal=0, stack=0xff92e7ff0000, stack_size=0x400e840, tls=0xff92ebfff6c0} => {parent_tid=[9950]}, 88) = 9950
9949  clone3({flags=CLONE_VM|CLONE_FS|CLONE_FILES|CLONE_SIGHAND|CLONE_THREAD|CLONE_SYSVSEM|CLONE_SETTLS|CLONE_PARENT_SETTID|CLONE_CHILD_CLEARTID, child_tid=0xff92e7fef050, parent_tid=0xff92e7fef050, exit_signal=0, stack=0xff92e3fe0000, stack_size=0x400e840, tls=0xff92e7fef6c0} => {parent_tid=[9951]}, 88) = 9951
9949  clone3({flags=CLONE_VM|CLONE_FS|CLONE_FILES|CLONE_SIGHAND|CLONE_THREAD|CLONE_SYSVSEM|CLONE_SETTLS|CLONE_PARENT_SETTID|CLONE_CHILD_CLEARTID, child_tid=0xff92dbfff050, parent_tid=0xff92dbfff050, exit_signal=0, stack=0xff92d7ff0000, stack_size=0x400e840, tls=0xff92dbfff6c0} => {parent_tid=[9952]}, 88) = 9952
9952  exit(0)                           = ?
9952  +++ exited with 0 +++
9951  exit(0 <unfinished ...>
9950  exit(0 <unfinished ...>
9948  exit_group(0 <unfinished ...>
9951  <... exit resumed>)               = ?
9950  <... exit resumed>)               = ?
9949  ???( <unfinished ...>
9948  <... exit_group resumed>)         = ?
9951  +++ exited with 0 +++
9950  +++ exited with 0 +++
9949  +++ exited with 0 +++
9948  +++ exited with 0 +++
9947  <... wait4 resumed>[{WIFEXITED(s) && WEXITSTATUS(s) == 0}], 0, NULL) = 9948
9947  --- SIGCHLD {si_signo=SIGCHLD, si_code=CLD_EXITED, si_pid=9948, si_uid=1001, si_status=0, si_utime=0, si_stime=1 /* 0.01 s */} ---
9947  exit_group(0)                     = ?
9947  +++ exited with 0 +++
9945  <... wait4 resumed>[{WIFEXITED(s) && WEXITSTATUS(s) == 0}], 0, NULL) = 9947
9945  --- SIGCHLD {si_signo=SIGCHLD, si_code=CLD_EXITED, si_pid=9947, si_uid=1001, si_status=0, si_utime=0, si_stime=0} ---
9945  exit_group(0)                     = ?
9945  +++ exited with 0 +++
9943  <... wait4 resumed>[{WIFEXITED(s) && WEXITSTATUS(s) == 0}], 0, NULL) = 9945
9943  --- SIGCHLD {si_signo=SIGCHLD, si_code=CLD_EXITED, si_pid=9945, si_uid=1001, si_status=0, si_utime=0, si_stime=0} ---
9943  exit_group(0)                     = ?
9943  +++ exited with 0 +++
