6356  execve("/home/runner/work/_temp/transition/first/compiler", ["/home/runner/work/_temp/transiti"..., "build", "compiler/gate4/src/compiler.trb", "--output", "/home/runner/work/_temp/transiti"..., "--qbe", "/home/runner/work/_temp/qbe-1.3/"..., "--cc", "/usr/bin/cc", "--target", "linux-arm64-v0"], 0xffffc20c3188 /* 111 vars */) = 0
6356  clone(child_stack=NULL, flags=CLONE_CHILD_CLEARTID|CLONE_CHILD_SETTID|SIGCHLD, child_tidptr=0xff15c7857f90) = 6357
6356  wait4(6357,  <unfinished ...>
6357  execve("/home/runner/work/_temp/qbe-1.3/qbe", ["/home/runner/work/_temp/qbe-1.3/"..., "-t", "arm64", "-o", "/home/runner/work/_temp/transiti"..., "/home/runner/work/_temp/transiti"...], 0xfffff358f738 /* 111 vars */) = 0
6357  exit_group(0)                     = ?
6357  +++ exited with 0 +++
6356  <... wait4 resumed>[{WIFEXITED(s) && WEXITSTATUS(s) == 0}], 0, NULL) = 6357
6356  --- SIGCHLD {si_signo=SIGCHLD, si_code=CLD_EXITED, si_pid=6357, si_uid=1001, si_status=0, si_utime=19 /* 0.19 s */, si_stime=1 /* 0.01 s */} ---
6356  clone(child_stack=NULL, flags=CLONE_CHILD_CLEARTID|CLONE_CHILD_SETTID|SIGCHLD, child_tidptr=0xff15c7857f90) = 6358
6356  wait4(6358,  <unfinished ...>
6358  execve("/usr/bin/cc", ["/usr/bin/cc", "-xassembler", "/home/runner/work/_temp/transiti"..., "-Wl,--gc-sections,--strip-all", "-o", "/home/runner/work/_temp/transiti"...], 0xfffff358f738 /* 111 vars */) = 0
6358  clone(child_stack=0xfffff6c46c50, flags=CLONE_VM|CLONE_VFORK|SIGCHLD <unfinished ...>
6359  execve("/home/runner/go/bin/as", ["as", "-EL", "-mabi=lp64", "-o", "/tmp/ccZUXkSy.o", "/home/runner/work/_temp/transiti"...], 0x9510c20 /* 116 vars */) = -1 ENOENT (No such file or directory)
6359  execve("/opt/hostedtoolcache/go/1.27.0/arm64/bin/as", ["as", "-EL", "-mabi=lp64", "-o", "/tmp/ccZUXkSy.o", "/home/runner/work/_temp/transiti"...], 0x9510c20 /* 116 vars */) = -1 ENOENT (No such file or directory)
6359  execve("/snap/bin/as", ["as", "-EL", "-mabi=lp64", "-o", "/tmp/ccZUXkSy.o", "/home/runner/work/_temp/transiti"...], 0x9510c20 /* 116 vars */) = -1 ENOENT (No such file or directory)
6359  execve("/home/runner/.local/bin/as", ["as", "-EL", "-mabi=lp64", "-o", "/tmp/ccZUXkSy.o", "/home/runner/work/_temp/transiti"...], 0x9510c20 /* 116 vars */) = -1 ENOENT (No such file or directory)
6359  execve("/opt/pipx_bin/as", ["as", "-EL", "-mabi=lp64", "-o", "/tmp/ccZUXkSy.o", "/home/runner/work/_temp/transiti"...], 0x9510c20 /* 116 vars */) = -1 ENOENT (No such file or directory)
6359  execve("/home/runner/.cargo/bin/as", ["as", "-EL", "-mabi=lp64", "-o", "/tmp/ccZUXkSy.o", "/home/runner/work/_temp/transiti"...], 0x9510c20 /* 116 vars */) = -1 ENOENT (No such file or directory)
6359  execve("/home/runner/.config/composer/vendor/bin/as", ["as", "-EL", "-mabi=lp64", "-o", "/tmp/ccZUXkSy.o", "/home/runner/work/_temp/transiti"...], 0x9510c20 /* 116 vars */) = -1 ENOENT (No such file or directory)
6359  execve("/home/runner/.dotnet/tools/as", ["as", "-EL", "-mabi=lp64", "-o", "/tmp/ccZUXkSy.o", "/home/runner/work/_temp/transiti"...], 0x9510c20 /* 116 vars */) = -1 ENOENT (No such file or directory)
6359  execve("/usr/local/sbin/as", ["as", "-EL", "-mabi=lp64", "-o", "/tmp/ccZUXkSy.o", "/home/runner/work/_temp/transiti"...], 0x9510c20 /* 116 vars */) = -1 ENOENT (No such file or directory)
6359  execve("/usr/local/bin/as", ["as", "-EL", "-mabi=lp64", "-o", "/tmp/ccZUXkSy.o", "/home/runner/work/_temp/transiti"...], 0x9510c20 /* 116 vars */) = -1 ENOENT (No such file or directory)
6359  execve("/usr/sbin/as", ["as", "-EL", "-mabi=lp64", "-o", "/tmp/ccZUXkSy.o", "/home/runner/work/_temp/transiti"...], 0x9510c20 /* 116 vars */) = -1 ENOENT (No such file or directory)
6359  execve("/usr/bin/as", ["as", "-EL", "-mabi=lp64", "-o", "/tmp/ccZUXkSy.o", "/home/runner/work/_temp/transiti"...], 0x9510c20 /* 116 vars */ <unfinished ...>
6358  <... clone resumed>)              = 6359
6359  <... execve resumed>)             = 0
6358  wait4(6359,  <unfinished ...>
6359  exit_group(0)                     = ?
6359  +++ exited with 0 +++
6358  <... wait4 resumed>[{WIFEXITED(s) && WEXITSTATUS(s) == 0}], 0, NULL) = 6359
6358  --- SIGCHLD {si_signo=SIGCHLD, si_code=CLD_EXITED, si_pid=6359, si_uid=1001, si_status=0, si_utime=8 /* 0.08 s */, si_stime=0} ---
6358  clone(child_stack=0xfffff6c45d90, flags=CLONE_VM|CLONE_VFORK|SIGCHLD <unfinished ...>
6360  execve("/usr/libexec/gcc/aarch64-linux-gnu/13/collect2", ["/usr/libexec/gcc/aarch64-linux-g"..., "-plugin", "/usr/libexec/gcc/aarch64-linux-g"..., "-plugin-opt=/usr/libexec/gcc/aar"..., "-plugin-opt=-fresolution=/tmp/cc"..., "-plugin-opt=-pass-through=-lgcc", "-plugin-opt=-pass-through=-lgcc_"..., "-plugin-opt=-pass-through=-lc", "-plugin-opt=-pass-through=-lgcc", "-plugin-opt=-pass-through=-lgcc_"..., "--build-id", "--eh-frame-hdr", "--hash-style=gnu", "--as-needed", "-dynamic-linker", "/lib/ld-linux-aarch64.so.1", "-X", "-EL", "-maarch64linux", "--fix-cortex-a53-843419", "-pie", "-z", "now", "-z", "relro", "-o", "/home/runner/work/_temp/transiti"..., "/usr/lib/gcc/aarch64-linux-gnu/1"..., "/usr/lib/gcc/aarch64-linux-gnu/1"..., "/usr/lib/gcc/aarch64-linux-gnu/1"..., "-L/usr/lib/gcc/aarch64-linux-gnu"..., "-L/usr/lib/gcc/aarch64-linux-gnu"..., ...], 0x95113c0 /* 118 vars */ <unfinished ...>
6358  <... clone resumed>)              = 6360
6360  <... execve resumed>)             = 0
6358  wait4(6360,  <unfinished ...>
6360  clone(child_stack=0xffffc47b5230, flags=CLONE_VM|CLONE_VFORK|SIGCHLD <unfinished ...>
6361  execve("/usr/bin/ld", ["/usr/bin/ld", "-plugin", "/usr/libexec/gcc/aarch64-linux-g"..., "-plugin-opt=/usr/libexec/gcc/aar"..., "-plugin-opt=-fresolution=/tmp/cc"..., "-plugin-opt=-pass-through=-lgcc", "-plugin-opt=-pass-through=-lgcc_"..., "-plugin-opt=-pass-through=-lc", "-plugin-opt=-pass-through=-lgcc", "-plugin-opt=-pass-through=-lgcc_"..., "--build-id", "--eh-frame-hdr", "--hash-style=gnu", "--as-needed", "-dynamic-linker", "/lib/ld-linux-aarch64.so.1", "-X", "-EL", "-maarch64linux", "--fix-cortex-a53-843419", "-pie", "-z", "now", "-z", "relro", "-o", "/home/runner/work/_temp/transiti"..., "/usr/lib/gcc/aarch64-linux-gnu/1"..., "/usr/lib/gcc/aarch64-linux-gnu/1"..., "/usr/lib/gcc/aarch64-linux-gnu/1"..., "-L/usr/lib/gcc/aarch64-linux-gnu"..., "-L/usr/lib/gcc/aarch64-linux-gnu"..., ...], 0xffffc47b58e0 /* 118 vars */ <unfinished ...>
6360  <... clone resumed>)              = 6361
6361  <... execve resumed>)             = 0
6360  wait4(6361,  <unfinished ...>
6361  exit_group(0)                     = ?
6361  +++ exited with 0 +++
6360  <... wait4 resumed>[{WIFEXITED(s) && WEXITSTATUS(s) == 0}], 0, NULL) = 6361
6360  --- SIGCHLD {si_signo=SIGCHLD, si_code=CLD_EXITED, si_pid=6361, si_uid=1001, si_status=0, si_utime=1 /* 0.01 s */, si_stime=1 /* 0.01 s */} ---
6360  exit_group(0)                     = ?
6360  +++ exited with 0 +++
6358  <... wait4 resumed>[{WIFEXITED(s) && WEXITSTATUS(s) == 0}], 0, NULL) = 6360
6358  --- SIGCHLD {si_signo=SIGCHLD, si_code=CLD_EXITED, si_pid=6360, si_uid=1001, si_status=0, si_utime=0, si_stime=0} ---
6358  exit_group(0)                     = ?
6358  +++ exited with 0 +++
6356  <... wait4 resumed>[{WIFEXITED(s) && WEXITSTATUS(s) == 0}], 0, NULL) = 6358
6356  --- SIGCHLD {si_signo=SIGCHLD, si_code=CLD_EXITED, si_pid=6358, si_uid=1001, si_status=0, si_utime=0, si_stime=0} ---
6356  exit_group(0)                     = ?
6356  +++ exited with 0 +++
