6345  execve("/home/runner/work/_temp/release/type-rb-native-bootstrap-linux-arm64", ["/home/runner/work/_temp/release/"..., "build", "compiler/gate4/src/compiler.trb", "--output", "/home/runner/work/_temp/transiti"..., "--qbe", "/home/runner/work/_temp/qbe-1.3/"..., "--cc", "/usr/bin/cc", "--target", "linux-arm64-v0"], 0xfffff338b7d8 /* 111 vars */) = 0
6345  clone(child_stack=NULL, flags=CLONE_CHILD_CLEARTID|CLONE_CHILD_SETTID|SIGCHLD, child_tidptr=0xff9bd7a7bf90) = 6348
6345  wait4(6348,  <unfinished ...>
6348  execve("/home/runner/work/_temp/qbe-1.3/qbe", ["/home/runner/work/_temp/qbe-1.3/"..., "-t", "arm64", "-o", "/home/runner/work/_temp/transiti"..., "/home/runner/work/_temp/transiti"...], 0xffffd60a8708 /* 111 vars */) = 0
6348  exit_group(0)                     = ?
6348  +++ exited with 0 +++
6345  <... wait4 resumed>[{WIFEXITED(s) && WEXITSTATUS(s) == 0}], 0, NULL) = 6348
6345  --- SIGCHLD {si_signo=SIGCHLD, si_code=CLD_EXITED, si_pid=6348, si_uid=1001, si_status=0, si_utime=18 /* 0.18 s */, si_stime=0} ---
6345  clone(child_stack=NULL, flags=CLONE_CHILD_CLEARTID|CLONE_CHILD_SETTID|SIGCHLD, child_tidptr=0xff9bd7a7bf90) = 6349
6345  wait4(6349,  <unfinished ...>
6349  execve("/usr/bin/cc", ["/usr/bin/cc", "-xassembler", "/home/runner/work/_temp/transiti"..., "-Wl,--gc-sections,--strip-all", "-o", "/home/runner/work/_temp/transiti"...], 0xffffd60a8708 /* 111 vars */) = 0
6349  clone(child_stack=0xffffeb23f9b0, flags=CLONE_VM|CLONE_VFORK|SIGCHLD <unfinished ...>
6350  execve("/home/runner/go/bin/as", ["as", "-EL", "-mabi=lp64", "-o", "/tmp/ccRjBTRa.o", "/home/runner/work/_temp/transiti"...], 0x21dc9c10 /* 116 vars */) = -1 ENOENT (No such file or directory)
6350  execve("/opt/hostedtoolcache/go/1.27.0/arm64/bin/as", ["as", "-EL", "-mabi=lp64", "-o", "/tmp/ccRjBTRa.o", "/home/runner/work/_temp/transiti"...], 0x21dc9c10 /* 116 vars */) = -1 ENOENT (No such file or directory)
6350  execve("/snap/bin/as", ["as", "-EL", "-mabi=lp64", "-o", "/tmp/ccRjBTRa.o", "/home/runner/work/_temp/transiti"...], 0x21dc9c10 /* 116 vars */) = -1 ENOENT (No such file or directory)
6350  execve("/home/runner/.local/bin/as", ["as", "-EL", "-mabi=lp64", "-o", "/tmp/ccRjBTRa.o", "/home/runner/work/_temp/transiti"...], 0x21dc9c10 /* 116 vars */) = -1 ENOENT (No such file or directory)
6350  execve("/opt/pipx_bin/as", ["as", "-EL", "-mabi=lp64", "-o", "/tmp/ccRjBTRa.o", "/home/runner/work/_temp/transiti"...], 0x21dc9c10 /* 116 vars */) = -1 ENOENT (No such file or directory)
6350  execve("/home/runner/.cargo/bin/as", ["as", "-EL", "-mabi=lp64", "-o", "/tmp/ccRjBTRa.o", "/home/runner/work/_temp/transiti"...], 0x21dc9c10 /* 116 vars */) = -1 ENOENT (No such file or directory)
6350  execve("/home/runner/.config/composer/vendor/bin/as", ["as", "-EL", "-mabi=lp64", "-o", "/tmp/ccRjBTRa.o", "/home/runner/work/_temp/transiti"...], 0x21dc9c10 /* 116 vars */) = -1 ENOENT (No such file or directory)
6350  execve("/home/runner/.dotnet/tools/as", ["as", "-EL", "-mabi=lp64", "-o", "/tmp/ccRjBTRa.o", "/home/runner/work/_temp/transiti"...], 0x21dc9c10 /* 116 vars */) = -1 ENOENT (No such file or directory)
6350  execve("/usr/local/sbin/as", ["as", "-EL", "-mabi=lp64", "-o", "/tmp/ccRjBTRa.o", "/home/runner/work/_temp/transiti"...], 0x21dc9c10 /* 116 vars */) = -1 ENOENT (No such file or directory)
6350  execve("/usr/local/bin/as", ["as", "-EL", "-mabi=lp64", "-o", "/tmp/ccRjBTRa.o", "/home/runner/work/_temp/transiti"...], 0x21dc9c10 /* 116 vars */) = -1 ENOENT (No such file or directory)
6350  execve("/usr/sbin/as", ["as", "-EL", "-mabi=lp64", "-o", "/tmp/ccRjBTRa.o", "/home/runner/work/_temp/transiti"...], 0x21dc9c10 /* 116 vars */) = -1 ENOENT (No such file or directory)
6350  execve("/usr/bin/as", ["as", "-EL", "-mabi=lp64", "-o", "/tmp/ccRjBTRa.o", "/home/runner/work/_temp/transiti"...], 0x21dc9c10 /* 116 vars */ <unfinished ...>
6349  <... clone resumed>)              = 6350
6350  <... execve resumed>)             = 0
6349  wait4(6350,  <unfinished ...>
6350  exit_group(0)                     = ?
6350  +++ exited with 0 +++
6349  <... wait4 resumed>[{WIFEXITED(s) && WEXITSTATUS(s) == 0}], 0, NULL) = 6350
6349  --- SIGCHLD {si_signo=SIGCHLD, si_code=CLD_EXITED, si_pid=6350, si_uid=1001, si_status=0, si_utime=8 /* 0.08 s */, si_stime=0} ---
6349  clone(child_stack=0xffffeb23eaf0, flags=CLONE_VM|CLONE_VFORK|SIGCHLD <unfinished ...>
6351  execve("/usr/libexec/gcc/aarch64-linux-gnu/13/collect2", ["/usr/libexec/gcc/aarch64-linux-g"..., "-plugin", "/usr/libexec/gcc/aarch64-linux-g"..., "-plugin-opt=/usr/libexec/gcc/aar"..., "-plugin-opt=-fresolution=/tmp/cc"..., "-plugin-opt=-pass-through=-lgcc", "-plugin-opt=-pass-through=-lgcc_"..., "-plugin-opt=-pass-through=-lc", "-plugin-opt=-pass-through=-lgcc", "-plugin-opt=-pass-through=-lgcc_"..., "--build-id", "--eh-frame-hdr", "--hash-style=gnu", "--as-needed", "-dynamic-linker", "/lib/ld-linux-aarch64.so.1", "-X", "-EL", "-maarch64linux", "--fix-cortex-a53-843419", "-pie", "-z", "now", "-z", "relro", "-o", "/home/runner/work/_temp/transiti"..., "/usr/lib/gcc/aarch64-linux-gnu/1"..., "/usr/lib/gcc/aarch64-linux-gnu/1"..., "/usr/lib/gcc/aarch64-linux-gnu/1"..., "-L/usr/lib/gcc/aarch64-linux-gnu"..., "-L/usr/lib/gcc/aarch64-linux-gnu"..., ...], 0x21dca3b0 /* 118 vars */ <unfinished ...>
6349  <... clone resumed>)              = 6351
6351  <... execve resumed>)             = 0
6349  wait4(6351,  <unfinished ...>
6351  clone(child_stack=0xfffff50c38c0, flags=CLONE_VM|CLONE_VFORK|SIGCHLD <unfinished ...>
6352  execve("/usr/bin/ld", ["/usr/bin/ld", "-plugin", "/usr/libexec/gcc/aarch64-linux-g"..., "-plugin-opt=/usr/libexec/gcc/aar"..., "-plugin-opt=-fresolution=/tmp/cc"..., "-plugin-opt=-pass-through=-lgcc", "-plugin-opt=-pass-through=-lgcc_"..., "-plugin-opt=-pass-through=-lc", "-plugin-opt=-pass-through=-lgcc", "-plugin-opt=-pass-through=-lgcc_"..., "--build-id", "--eh-frame-hdr", "--hash-style=gnu", "--as-needed", "-dynamic-linker", "/lib/ld-linux-aarch64.so.1", "-X", "-EL", "-maarch64linux", "--fix-cortex-a53-843419", "-pie", "-z", "now", "-z", "relro", "-o", "/home/runner/work/_temp/transiti"..., "/usr/lib/gcc/aarch64-linux-gnu/1"..., "/usr/lib/gcc/aarch64-linux-gnu/1"..., "/usr/lib/gcc/aarch64-linux-gnu/1"..., "-L/usr/lib/gcc/aarch64-linux-gnu"..., "-L/usr/lib/gcc/aarch64-linux-gnu"..., ...], 0xfffff50c3f70 /* 118 vars */ <unfinished ...>
6351  <... clone resumed>)              = 6352
6352  <... execve resumed>)             = 0
6351  wait4(6352,  <unfinished ...>
6352  exit_group(0)                     = ?
6352  +++ exited with 0 +++
6351  <... wait4 resumed>[{WIFEXITED(s) && WEXITSTATUS(s) == 0}], 0, NULL) = 6352
6351  --- SIGCHLD {si_signo=SIGCHLD, si_code=CLD_EXITED, si_pid=6352, si_uid=1001, si_status=0, si_utime=1 /* 0.01 s */, si_stime=1 /* 0.01 s */} ---
6351  exit_group(0)                     = ?
6351  +++ exited with 0 +++
6349  <... wait4 resumed>[{WIFEXITED(s) && WEXITSTATUS(s) == 0}], 0, NULL) = 6351
6349  --- SIGCHLD {si_signo=SIGCHLD, si_code=CLD_EXITED, si_pid=6351, si_uid=1001, si_status=0, si_utime=0, si_stime=0} ---
6349  exit_group(0)                     = ?
6349  +++ exited with 0 +++
6345  <... wait4 resumed>[{WIFEXITED(s) && WEXITSTATUS(s) == 0}], 0, NULL) = 6349
6345  --- SIGCHLD {si_signo=SIGCHLD, si_code=CLD_EXITED, si_pid=6349, si_uid=1001, si_status=0, si_utime=0, si_stime=0} ---
6345  exit_group(0)                     = ?
6345  +++ exited with 0 +++
