11072 execve("/home/runner/work/_temp/candidate-bootstrap-workspace/b4/compiler", ["/home/runner/work/_temp/candidat"..., "build", "/home/runner/work/type-rb-native"..., "--output", "/home/runner/work/_temp/candidat"..., "--qbe", "/home/runner/work/_temp/qbe-1.3/"..., "--cc", "/usr/bin/cc", "--target", "linux-arm64-v0"], 0xffffcb6e9df8 /* 109 vars */) = 0
11072 clone(child_stack=NULL, flags=CLONE_CHILD_CLEARTID|CLONE_CHILD_SETTID|SIGCHLD, child_tidptr=0xff7b2d15af90) = 11073
11072 wait4(11073,  <unfinished ...>
11073 execve("/home/runner/work/_temp/qbe-1.3/qbe", ["/home/runner/work/_temp/qbe-1.3/"..., "-t", "arm64", "-o", "/home/runner/work/_temp/candidat"..., "/home/runner/work/_temp/candidat"...], 0xffffec760ea8 /* 109 vars */) = 0
11073 exit_group(0)                     = ?
11073 +++ exited with 0 +++
11072 <... wait4 resumed>[{WIFEXITED(s) && WEXITSTATUS(s) == 0}], 0, NULL) = 11073
11072 --- SIGCHLD {si_signo=SIGCHLD, si_code=CLD_EXITED, si_pid=11073, si_uid=1001, si_status=0, si_utime=0, si_stime=0} ---
11072 clone(child_stack=NULL, flags=CLONE_CHILD_CLEARTID|CLONE_CHILD_SETTID|SIGCHLD, child_tidptr=0xff7b2d15af90) = 11074
11072 wait4(11074,  <unfinished ...>
11074 execve("/usr/bin/cc", ["/usr/bin/cc", "-xassembler", "/home/runner/work/_temp/candidat"..., "-fuse-ld=lld", "-Wl,--gc-sections,--strip-all,--"..., "-lm", "-o", "/home/runner/work/_temp/candidat"...], 0xffffec760ea8 /* 109 vars */) = 0
11074 clone(child_stack=0xfffff7b67f40, flags=CLONE_VM|CLONE_VFORK|SIGCHLD <unfinished ...>
11075 execve("/snap/bin/as", ["as", "-EL", "-mabi=lp64", "-o", "/tmp/ccwDNPzE.o", "/home/runner/work/_temp/candidat"...], 0x3e573d70 /* 114 vars */) = -1 ENOENT (No such file or directory)
11075 execve("/home/runner/.local/bin/as", ["as", "-EL", "-mabi=lp64", "-o", "/tmp/ccwDNPzE.o", "/home/runner/work/_temp/candidat"...], 0x3e573d70 /* 114 vars */) = -1 ENOENT (No such file or directory)
11075 execve("/opt/pipx_bin/as", ["as", "-EL", "-mabi=lp64", "-o", "/tmp/ccwDNPzE.o", "/home/runner/work/_temp/candidat"...], 0x3e573d70 /* 114 vars */) = -1 ENOENT (No such file or directory)
11075 execve("/home/runner/.cargo/bin/as", ["as", "-EL", "-mabi=lp64", "-o", "/tmp/ccwDNPzE.o", "/home/runner/work/_temp/candidat"...], 0x3e573d70 /* 114 vars */) = -1 ENOENT (No such file or directory)
11075 execve("/home/runner/.config/composer/vendor/bin/as", ["as", "-EL", "-mabi=lp64", "-o", "/tmp/ccwDNPzE.o", "/home/runner/work/_temp/candidat"...], 0x3e573d70 /* 114 vars */) = -1 ENOENT (No such file or directory)
11075 execve("/home/runner/.dotnet/tools/as", ["as", "-EL", "-mabi=lp64", "-o", "/tmp/ccwDNPzE.o", "/home/runner/work/_temp/candidat"...], 0x3e573d70 /* 114 vars */) = -1 ENOENT (No such file or directory)
11075 execve("/usr/local/sbin/as", ["as", "-EL", "-mabi=lp64", "-o", "/tmp/ccwDNPzE.o", "/home/runner/work/_temp/candidat"...], 0x3e573d70 /* 114 vars */) = -1 ENOENT (No such file or directory)
11075 execve("/usr/local/bin/as", ["as", "-EL", "-mabi=lp64", "-o", "/tmp/ccwDNPzE.o", "/home/runner/work/_temp/candidat"...], 0x3e573d70 /* 114 vars */) = -1 ENOENT (No such file or directory)
11075 execve("/usr/sbin/as", ["as", "-EL", "-mabi=lp64", "-o", "/tmp/ccwDNPzE.o", "/home/runner/work/_temp/candidat"...], 0x3e573d70 /* 114 vars */) = -1 ENOENT (No such file or directory)
11075 execve("/usr/bin/as", ["as", "-EL", "-mabi=lp64", "-o", "/tmp/ccwDNPzE.o", "/home/runner/work/_temp/candidat"...], 0x3e573d70 /* 114 vars */ <unfinished ...>
11074 <... clone resumed>)              = 11075
11075 <... execve resumed>)             = 0
11074 wait4(11075,  <unfinished ...>
11075 exit_group(0)                     = ?
11075 +++ exited with 0 +++
11074 <... wait4 resumed>[{WIFEXITED(s) && WEXITSTATUS(s) == 0}], 0, NULL) = 11075
11074 --- SIGCHLD {si_signo=SIGCHLD, si_code=CLD_EXITED, si_pid=11075, si_uid=1001, si_status=0, si_utime=0, si_stime=0} ---
11074 clone(child_stack=0xfffff7b67080, flags=CLONE_VM|CLONE_VFORK|SIGCHLD <unfinished ...>
11076 execve("/usr/libexec/gcc/aarch64-linux-gnu/13/collect2", ["/usr/libexec/gcc/aarch64-linux-g"..., "-plugin", "/usr/libexec/gcc/aarch64-linux-g"..., "-plugin-opt=/usr/libexec/gcc/aar"..., "-plugin-opt=-fresolution=/tmp/cc"..., "-plugin-opt=-pass-through=-lgcc", "-plugin-opt=-pass-through=-lgcc_"..., "-plugin-opt=-pass-through=-lc", "-plugin-opt=-pass-through=-lgcc", "-plugin-opt=-pass-through=-lgcc_"..., "--build-id", "--eh-frame-hdr", "--hash-style=gnu", "--as-needed", "-dynamic-linker", "/lib/ld-linux-aarch64.so.1", "-X", "-EL", "-maarch64linux", "--fix-cortex-a53-843419", "-pie", "-z", "now", "-fuse-ld=lld", "-z", "relro", "-o", "/home/runner/work/_temp/candidat"..., "/usr/lib/gcc/aarch64-linux-gnu/1"..., "/usr/lib/gcc/aarch64-linux-gnu/1"..., "/usr/lib/gcc/aarch64-linux-gnu/1"..., "-L/usr/lib/gcc/aarch64-linux-gnu"..., ...], 0x3e574590 /* 116 vars */ <unfinished ...>
11074 <... clone resumed>)              = 11076
11076 <... execve resumed>)             = 0
11074 wait4(11076,  <unfinished ...>
11076 clone(child_stack=0xffffeb672e50, flags=CLONE_VM|CLONE_VFORK|SIGCHLD <unfinished ...>
11077 execve("/usr/bin/ld.lld", ["/usr/bin/ld.lld", "-plugin", "/usr/libexec/gcc/aarch64-linux-g"..., "-plugin-opt=/usr/libexec/gcc/aar"..., "-plugin-opt=-fresolution=/tmp/cc"..., "-plugin-opt=-pass-through=-lgcc", "-plugin-opt=-pass-through=-lgcc_"..., "-plugin-opt=-pass-through=-lc", "-plugin-opt=-pass-through=-lgcc", "-plugin-opt=-pass-through=-lgcc_"..., "--build-id", "--eh-frame-hdr", "--hash-style=gnu", "--as-needed", "-dynamic-linker", "/lib/ld-linux-aarch64.so.1", "-X", "-EL", "-maarch64linux", "--fix-cortex-a53-843419", "-pie", "-z", "now", "-z", "relro", "-o", "/home/runner/work/_temp/candidat"..., "/usr/lib/gcc/aarch64-linux-gnu/1"..., "/usr/lib/gcc/aarch64-linux-gnu/1"..., "/usr/lib/gcc/aarch64-linux-gnu/1"..., "-L/usr/lib/gcc/aarch64-linux-gnu"..., "-L/usr/lib/gcc/aarch64-linux-gnu"..., ...], 0xffffeb673518 /* 116 vars */ <unfinished ...>
11076 <... clone resumed>)              = 11077
11077 <... execve resumed>)             = 0
11076 wait4(11077,  <unfinished ...>
11077 clone3({flags=CLONE_VM|CLONE_FS|CLONE_FILES|CLONE_SIGHAND|CLONE_THREAD|CLONE_SYSVSEM|CLONE_SETTLS|CLONE_PARENT_SETTID|CLONE_CHILD_CLEARTID, child_tid=0xff7f971ff050, parent_tid=0xff7f971ff050, exit_signal=0, stack=0xff7f931f0000, stack_size=0x400e840, tls=0xff7f971ff6c0} => {parent_tid=[11078]}, 88) = 11078
11078 clone3({flags=CLONE_VM|CLONE_FS|CLONE_FILES|CLONE_SIGHAND|CLONE_THREAD|CLONE_SYSVSEM|CLONE_SETTLS|CLONE_PARENT_SETTID|CLONE_CHILD_CLEARTID, child_tid=0xff7f8bfff050, parent_tid=0xff7f8bfff050, exit_signal=0, stack=0xff7f87ff0000, stack_size=0x400e840, tls=0xff7f8bfff6c0} => {parent_tid=[11079]}, 88) = 11079
11078 clone3({flags=CLONE_VM|CLONE_FS|CLONE_FILES|CLONE_SIGHAND|CLONE_THREAD|CLONE_SYSVSEM|CLONE_SETTLS|CLONE_PARENT_SETTID|CLONE_CHILD_CLEARTID, child_tid=0xff7f87fef050, parent_tid=0xff7f87fef050, exit_signal=0, stack=0xff7f83fe0000, stack_size=0x400e840, tls=0xff7f87fef6c0} => {parent_tid=[11080]}, 88) = 11080
11078 clone3({flags=CLONE_VM|CLONE_FS|CLONE_FILES|CLONE_SIGHAND|CLONE_THREAD|CLONE_SYSVSEM|CLONE_SETTLS|CLONE_PARENT_SETTID|CLONE_CHILD_CLEARTID, child_tid=0xff7f7bfff050, parent_tid=0xff7f7bfff050, exit_signal=0, stack=0xff7f77ff0000, stack_size=0x400e840, tls=0xff7f7bfff6c0} => {parent_tid=[11081]}, 88) = 11081
11081 exit(0 <unfinished ...>
11080 exit(0 <unfinished ...>
11081 <... exit resumed>)               = ?
11080 <... exit resumed>)               = ?
11077 exit_group(0 <unfinished ...>
11081 +++ exited with 0 +++
11080 +++ exited with 0 +++
11077 <... exit_group resumed>)         = ?
11079 +++ exited with 0 +++
11078 +++ exited with 0 +++
11077 +++ exited with 0 +++
11076 <... wait4 resumed>[{WIFEXITED(s) && WEXITSTATUS(s) == 0}], 0, NULL) = 11077
11076 --- SIGCHLD {si_signo=SIGCHLD, si_code=CLD_EXITED, si_pid=11077, si_uid=1001, si_status=0, si_utime=0, si_stime=1 /* 0.01 s */} ---
11076 exit_group(0)                     = ?
11076 +++ exited with 0 +++
11074 <... wait4 resumed>[{WIFEXITED(s) && WEXITSTATUS(s) == 0}], 0, NULL) = 11076
11074 --- SIGCHLD {si_signo=SIGCHLD, si_code=CLD_EXITED, si_pid=11076, si_uid=1001, si_status=0, si_utime=0, si_stime=0} ---
11074 exit_group(0)                     = ?
11074 +++ exited with 0 +++
11072 <... wait4 resumed>[{WIFEXITED(s) && WEXITSTATUS(s) == 0}], 0, NULL) = 11074
11072 --- SIGCHLD {si_signo=SIGCHLD, si_code=CLD_EXITED, si_pid=11074, si_uid=1001, si_status=0, si_utime=0, si_stime=0} ---
11072 exit_group(0)                     = ?
11072 +++ exited with 0 +++
