11329 execve("/home/runner/work/_temp/bootstrap-workspace/b4/compiler", ["/home/runner/work/_temp/bootstra"..., "build", "/home/runner/work/type-rb-native"..., "--output", "/home/runner/work/_temp/bootstra"..., "--qbe", "/home/runner/work/_temp/qbe-1.3/"..., "--cc", "/usr/bin/cc", "--target", "linux-arm64-v0"], 0xffffc8482168 /* 111 vars */) = 0
11329 clone(child_stack=NULL, flags=CLONE_CHILD_CLEARTID|CLONE_CHILD_SETTID|SIGCHLD, child_tidptr=0xff40b6bd0f90) = 11330
11329 wait4(11330,  <unfinished ...>
11330 execve("/home/runner/work/_temp/qbe-1.3/qbe", ["/home/runner/work/_temp/qbe-1.3/"..., "-t", "arm64", "-o", "/home/runner/work/_temp/bootstra"..., "/home/runner/work/_temp/bootstra"...], 0xffffffb46988 /* 111 vars */) = 0
11330 exit_group(0)                     = ?
11330 +++ exited with 0 +++
11329 <... wait4 resumed>[{WIFEXITED(s) && WEXITSTATUS(s) == 0}], 0, NULL) = 11330
11329 --- SIGCHLD {si_signo=SIGCHLD, si_code=CLD_EXITED, si_pid=11330, si_uid=1001, si_status=0, si_utime=0, si_stime=0} ---
11329 clone(child_stack=NULL, flags=CLONE_CHILD_CLEARTID|CLONE_CHILD_SETTID|SIGCHLD, child_tidptr=0xff40b6bd0f90) = 11331
11329 wait4(11331,  <unfinished ...>
11331 execve("/usr/bin/cc", ["/usr/bin/cc", "-xassembler", "/home/runner/work/_temp/bootstra"..., "-fuse-ld=lld", "-Wl,--gc-sections,--strip-all,--"..., "-lm", "-o", "/home/runner/work/_temp/bootstra"...], 0xffffffb46988 /* 111 vars */) = 0
11331 clone(child_stack=0xffffcf23c860, flags=CLONE_VM|CLONE_VFORK|SIGCHLD <unfinished ...>
11332 execve("/home/runner/go/bin/as", ["as", "-EL", "-mabi=lp64", "-o", "/tmp/cc4NR9Rp.o", "/home/runner/work/_temp/bootstra"...], 0x38becd70 /* 116 vars */) = -1 ENOENT (No such file or directory)
11332 execve("/opt/hostedtoolcache/go/1.27.1/arm64/bin/as", ["as", "-EL", "-mabi=lp64", "-o", "/tmp/cc4NR9Rp.o", "/home/runner/work/_temp/bootstra"...], 0x38becd70 /* 116 vars */) = -1 ENOENT (No such file or directory)
11332 execve("/snap/bin/as", ["as", "-EL", "-mabi=lp64", "-o", "/tmp/cc4NR9Rp.o", "/home/runner/work/_temp/bootstra"...], 0x38becd70 /* 116 vars */) = -1 ENOENT (No such file or directory)
11332 execve("/home/runner/.local/bin/as", ["as", "-EL", "-mabi=lp64", "-o", "/tmp/cc4NR9Rp.o", "/home/runner/work/_temp/bootstra"...], 0x38becd70 /* 116 vars */) = -1 ENOENT (No such file or directory)
11332 execve("/opt/pipx_bin/as", ["as", "-EL", "-mabi=lp64", "-o", "/tmp/cc4NR9Rp.o", "/home/runner/work/_temp/bootstra"...], 0x38becd70 /* 116 vars */) = -1 ENOENT (No such file or directory)
11332 execve("/home/runner/.cargo/bin/as", ["as", "-EL", "-mabi=lp64", "-o", "/tmp/cc4NR9Rp.o", "/home/runner/work/_temp/bootstra"...], 0x38becd70 /* 116 vars */) = -1 ENOENT (No such file or directory)
11332 execve("/home/runner/.config/composer/vendor/bin/as", ["as", "-EL", "-mabi=lp64", "-o", "/tmp/cc4NR9Rp.o", "/home/runner/work/_temp/bootstra"...], 0x38becd70 /* 116 vars */) = -1 ENOENT (No such file or directory)
11332 execve("/home/runner/.dotnet/tools/as", ["as", "-EL", "-mabi=lp64", "-o", "/tmp/cc4NR9Rp.o", "/home/runner/work/_temp/bootstra"...], 0x38becd70 /* 116 vars */) = -1 ENOENT (No such file or directory)
11332 execve("/usr/local/sbin/as", ["as", "-EL", "-mabi=lp64", "-o", "/tmp/cc4NR9Rp.o", "/home/runner/work/_temp/bootstra"...], 0x38becd70 /* 116 vars */) = -1 ENOENT (No such file or directory)
11332 execve("/usr/local/bin/as", ["as", "-EL", "-mabi=lp64", "-o", "/tmp/cc4NR9Rp.o", "/home/runner/work/_temp/bootstra"...], 0x38becd70 /* 116 vars */) = -1 ENOENT (No such file or directory)
11332 execve("/usr/sbin/as", ["as", "-EL", "-mabi=lp64", "-o", "/tmp/cc4NR9Rp.o", "/home/runner/work/_temp/bootstra"...], 0x38becd70 /* 116 vars */) = -1 ENOENT (No such file or directory)
11332 execve("/usr/bin/as", ["as", "-EL", "-mabi=lp64", "-o", "/tmp/cc4NR9Rp.o", "/home/runner/work/_temp/bootstra"...], 0x38becd70 /* 116 vars */ <unfinished ...>
11331 <... clone resumed>)              = 11332
11332 <... execve resumed>)             = 0
11331 wait4(11332,  <unfinished ...>
11332 exit_group(0)                     = ?
11332 +++ exited with 0 +++
11331 <... wait4 resumed>[{WIFEXITED(s) && WEXITSTATUS(s) == 0}], 0, NULL) = 11332
11331 --- SIGCHLD {si_signo=SIGCHLD, si_code=CLD_EXITED, si_pid=11332, si_uid=1001, si_status=0, si_utime=0, si_stime=0} ---
11331 clone(child_stack=0xffffcf23b9a0, flags=CLONE_VM|CLONE_VFORK|SIGCHLD <unfinished ...>
11333 execve("/usr/libexec/gcc/aarch64-linux-gnu/13/collect2", ["/usr/libexec/gcc/aarch64-linux-g"..., "-plugin", "/usr/libexec/gcc/aarch64-linux-g"..., "-plugin-opt=/usr/libexec/gcc/aar"..., "-plugin-opt=-fresolution=/tmp/cc"..., "-plugin-opt=-pass-through=-lgcc", "-plugin-opt=-pass-through=-lgcc_"..., "-plugin-opt=-pass-through=-lc", "-plugin-opt=-pass-through=-lgcc", "-plugin-opt=-pass-through=-lgcc_"..., "--build-id", "--eh-frame-hdr", "--hash-style=gnu", "--as-needed", "-dynamic-linker", "/lib/ld-linux-aarch64.so.1", "-X", "-EL", "-maarch64linux", "--fix-cortex-a53-843419", "-pie", "-z", "now", "-fuse-ld=lld", "-z", "relro", "-o", "/home/runner/work/_temp/bootstra"..., "/usr/lib/gcc/aarch64-linux-gnu/1"..., "/usr/lib/gcc/aarch64-linux-gnu/1"..., "/usr/lib/gcc/aarch64-linux-gnu/1"..., "-L/usr/lib/gcc/aarch64-linux-gnu"..., ...], 0x38bed5a0 /* 118 vars */ <unfinished ...>
11331 <... clone resumed>)              = 11333
11333 <... execve resumed>)             = 0
11331 wait4(11333,  <unfinished ...>
11333 clone(child_stack=0xffffd52cbce0, flags=CLONE_VM|CLONE_VFORK|SIGCHLD <unfinished ...>
11334 execve("/usr/bin/ld.lld", ["/usr/bin/ld.lld", "-plugin", "/usr/libexec/gcc/aarch64-linux-g"..., "-plugin-opt=/usr/libexec/gcc/aar"..., "-plugin-opt=-fresolution=/tmp/cc"..., "-plugin-opt=-pass-through=-lgcc", "-plugin-opt=-pass-through=-lgcc_"..., "-plugin-opt=-pass-through=-lc", "-plugin-opt=-pass-through=-lgcc", "-plugin-opt=-pass-through=-lgcc_"..., "--build-id", "--eh-frame-hdr", "--hash-style=gnu", "--as-needed", "-dynamic-linker", "/lib/ld-linux-aarch64.so.1", "-X", "-EL", "-maarch64linux", "--fix-cortex-a53-843419", "-pie", "-z", "now", "-z", "relro", "-o", "/home/runner/work/_temp/bootstra"..., "/usr/lib/gcc/aarch64-linux-gnu/1"..., "/usr/lib/gcc/aarch64-linux-gnu/1"..., "/usr/lib/gcc/aarch64-linux-gnu/1"..., "-L/usr/lib/gcc/aarch64-linux-gnu"..., "-L/usr/lib/gcc/aarch64-linux-gnu"..., ...], 0xffffd52cc3a8 /* 118 vars */ <unfinished ...>
11333 <... clone resumed>)              = 11334
11334 <... execve resumed>)             = 0
11333 wait4(11334,  <unfinished ...>
11334 clone3({flags=CLONE_VM|CLONE_FS|CLONE_FILES|CLONE_SIGHAND|CLONE_THREAD|CLONE_SYSVSEM|CLONE_SETTLS|CLONE_PARENT_SETTID|CLONE_CHILD_CLEARTID, child_tid=0xff2e3ebff050, parent_tid=0xff2e3ebff050, exit_signal=0, stack=0xff2e3abf0000, stack_size=0x400e840, tls=0xff2e3ebff6c0} => {parent_tid=[11335]}, 88) = 11335
11335 clone3({flags=CLONE_VM|CLONE_FS|CLONE_FILES|CLONE_SIGHAND|CLONE_THREAD|CLONE_SYSVSEM|CLONE_SETTLS|CLONE_PARENT_SETTID|CLONE_CHILD_CLEARTID, child_tid=0xff2e33fff050, parent_tid=0xff2e33fff050, exit_signal=0, stack=0xff2e2fff0000, stack_size=0x400e840, tls=0xff2e33fff6c0} => {parent_tid=[11336]}, 88) = 11336
11335 clone3({flags=CLONE_VM|CLONE_FS|CLONE_FILES|CLONE_SIGHAND|CLONE_THREAD|CLONE_SYSVSEM|CLONE_SETTLS|CLONE_PARENT_SETTID|CLONE_CHILD_CLEARTID, child_tid=0xff2e2ffef050, parent_tid=0xff2e2ffef050, exit_signal=0, stack=0xff2e2bfe0000, stack_size=0x400e840, tls=0xff2e2ffef6c0} => {parent_tid=[11337]}, 88) = 11337
11335 clone3({flags=CLONE_VM|CLONE_FS|CLONE_FILES|CLONE_SIGHAND|CLONE_THREAD|CLONE_SYSVSEM|CLONE_SETTLS|CLONE_PARENT_SETTID|CLONE_CHILD_CLEARTID, child_tid=0xff2e23fff050, parent_tid=0xff2e23fff050, exit_signal=0, stack=0xff2e1fff0000, stack_size=0x400e840, tls=0xff2e23fff6c0} => {parent_tid=[11338]}, 88) = 11338
11337 exit(0 <unfinished ...>
11336 exit(0 <unfinished ...>
11335 exit(0 <unfinished ...>
11337 <... exit resumed>)               = ?
11336 <... exit resumed>)               = ?
11334 exit_group(0 <unfinished ...>
11338 ???( <unfinished ...>
11334 <... exit_group resumed>)         = ?
11337 +++ exited with 0 +++
11336 +++ exited with 0 +++
11335 +++ exited with 0 +++
11338 +++ exited with 0 +++
11334 +++ exited with 0 +++
11333 <... wait4 resumed>[{WIFEXITED(s) && WEXITSTATUS(s) == 0}], 0, NULL) = 11334
11333 --- SIGCHLD {si_signo=SIGCHLD, si_code=CLD_EXITED, si_pid=11334, si_uid=1001, si_status=0, si_utime=0, si_stime=1 /* 0.01 s */} ---
11333 exit_group(0)                     = ?
11333 +++ exited with 0 +++
11331 <... wait4 resumed>[{WIFEXITED(s) && WEXITSTATUS(s) == 0}], 0, NULL) = 11333
11331 --- SIGCHLD {si_signo=SIGCHLD, si_code=CLD_EXITED, si_pid=11333, si_uid=1001, si_status=0, si_utime=0, si_stime=0} ---
11331 exit_group(0)                     = ?
11331 +++ exited with 0 +++
11329 <... wait4 resumed>[{WIFEXITED(s) && WEXITSTATUS(s) == 0}], 0, NULL) = 11331
11329 --- SIGCHLD {si_signo=SIGCHLD, si_code=CLD_EXITED, si_pid=11331, si_uid=1001, si_status=0, si_utime=0, si_stime=0} ---
11329 exit_group(0)                     = ?
11329 +++ exited with 0 +++
