9169  execve("/home/runner/work/_temp/candidate-compiler", ["/home/runner/work/_temp/candidat"..., "build", "/home/runner/work/type-rb-native"..., "--output", "/home/runner/work/_temp/build-wo"..., "--qbe", "/home/runner/work/_temp/qbe-1.3/"..., "--cc", "/usr/bin/cc", "--target", "linux-arm64-v0"], 0xfffff971cc48 /* 115 vars */) = 0
9169  clone(child_stack=NULL, flags=CLONE_CHILD_CLEARTID|CLONE_CHILD_SETTID|SIGCHLD, child_tidptr=0xff410e2d3f90) = 9170
9169  wait4(9170,  <unfinished ...>
9170  execve("/home/runner/work/_temp/qbe-1.3/qbe", ["/home/runner/work/_temp/qbe-1.3/"..., "-t", "arm64", "-o", "/home/runner/work/_temp/build-wo"..., "/home/runner/work/_temp/build-wo"...], 0xffffed4b3828 /* 115 vars */) = 0
9170  exit_group(0)                     = ?
9170  +++ exited with 0 +++
9169  <... wait4 resumed>[{WIFEXITED(s) && WEXITSTATUS(s) == 0}], 0, NULL) = 9170
9169  --- SIGCHLD {si_signo=SIGCHLD, si_code=CLD_EXITED, si_pid=9170, si_uid=1001, si_status=0, si_utime=1 /* 0.01 s */, si_stime=0} ---
9169  clone(child_stack=NULL, flags=CLONE_CHILD_CLEARTID|CLONE_CHILD_SETTID|SIGCHLD, child_tidptr=0xff410e2d3f90) = 9171
9169  wait4(9171,  <unfinished ...>
9171  execve("/usr/bin/cc", ["/usr/bin/cc", "-xassembler", "/home/runner/work/_temp/build-wo"..., "-fuse-ld=lld", "-Wl,--gc-sections,--strip-all", "-lm", "-o", "/home/runner/work/_temp/build-wo"...], 0xffffed4b3828 /* 115 vars */) = 0
9171  clone(child_stack=0xffffc6b259e0, flags=CLONE_VM|CLONE_VFORK|SIGCHLD <unfinished ...>
9172  execve("/home/runner/go/bin/as", ["as", "-EL", "-mabi=lp64", "-o", "/tmp/ccbAdVaX.o", "/home/runner/work/_temp/build-wo"...], 0x1bab8d80 /* 120 vars */) = -1 ENOENT (No such file or directory)
9172  execve("/opt/hostedtoolcache/go/1.27.0/arm64/bin/as", ["as", "-EL", "-mabi=lp64", "-o", "/tmp/ccbAdVaX.o", "/home/runner/work/_temp/build-wo"...], 0x1bab8d80 /* 120 vars */) = -1 ENOENT (No such file or directory)
9172  execve("/snap/bin/as", ["as", "-EL", "-mabi=lp64", "-o", "/tmp/ccbAdVaX.o", "/home/runner/work/_temp/build-wo"...], 0x1bab8d80 /* 120 vars */) = -1 ENOENT (No such file or directory)
9172  execve("/home/runner/.local/bin/as", ["as", "-EL", "-mabi=lp64", "-o", "/tmp/ccbAdVaX.o", "/home/runner/work/_temp/build-wo"...], 0x1bab8d80 /* 120 vars */) = -1 ENOENT (No such file or directory)
9172  execve("/opt/pipx_bin/as", ["as", "-EL", "-mabi=lp64", "-o", "/tmp/ccbAdVaX.o", "/home/runner/work/_temp/build-wo"...], 0x1bab8d80 /* 120 vars */) = -1 ENOENT (No such file or directory)
9172  execve("/home/runner/.cargo/bin/as", ["as", "-EL", "-mabi=lp64", "-o", "/tmp/ccbAdVaX.o", "/home/runner/work/_temp/build-wo"...], 0x1bab8d80 /* 120 vars */) = -1 ENOENT (No such file or directory)
9172  execve("/home/runner/.config/composer/vendor/bin/as", ["as", "-EL", "-mabi=lp64", "-o", "/tmp/ccbAdVaX.o", "/home/runner/work/_temp/build-wo"...], 0x1bab8d80 /* 120 vars */) = -1 ENOENT (No such file or directory)
9172  execve("/home/runner/.dotnet/tools/as", ["as", "-EL", "-mabi=lp64", "-o", "/tmp/ccbAdVaX.o", "/home/runner/work/_temp/build-wo"...], 0x1bab8d80 /* 120 vars */) = -1 ENOENT (No such file or directory)
9172  execve("/usr/local/sbin/as", ["as", "-EL", "-mabi=lp64", "-o", "/tmp/ccbAdVaX.o", "/home/runner/work/_temp/build-wo"...], 0x1bab8d80 /* 120 vars */) = -1 ENOENT (No such file or directory)
9172  execve("/usr/local/bin/as", ["as", "-EL", "-mabi=lp64", "-o", "/tmp/ccbAdVaX.o", "/home/runner/work/_temp/build-wo"...], 0x1bab8d80 /* 120 vars */) = -1 ENOENT (No such file or directory)
9172  execve("/usr/sbin/as", ["as", "-EL", "-mabi=lp64", "-o", "/tmp/ccbAdVaX.o", "/home/runner/work/_temp/build-wo"...], 0x1bab8d80 /* 120 vars */) = -1 ENOENT (No such file or directory)
9172  execve("/usr/bin/as", ["as", "-EL", "-mabi=lp64", "-o", "/tmp/ccbAdVaX.o", "/home/runner/work/_temp/build-wo"...], 0x1bab8d80 /* 120 vars */ <unfinished ...>
9171  <... clone resumed>)              = 9172
9171  wait4(9172,  <unfinished ...>
9172  <... execve resumed>)             = 0
9172  exit_group(0)                     = ?
9172  +++ exited with 0 +++
9171  <... wait4 resumed>[{WIFEXITED(s) && WEXITSTATUS(s) == 0}], 0, NULL) = 9172
9171  --- SIGCHLD {si_signo=SIGCHLD, si_code=CLD_EXITED, si_pid=9172, si_uid=1001, si_status=0, si_utime=0, si_stime=0} ---
9171  clone(child_stack=0xffffc6b24b20, flags=CLONE_VM|CLONE_VFORK|SIGCHLD <unfinished ...>
9173  execve("/usr/libexec/gcc/aarch64-linux-gnu/13/collect2", ["/usr/libexec/gcc/aarch64-linux-g"..., "-plugin", "/usr/libexec/gcc/aarch64-linux-g"..., "-plugin-opt=/usr/libexec/gcc/aar"..., "-plugin-opt=-fresolution=/tmp/cc"..., "-plugin-opt=-pass-through=-lgcc", "-plugin-opt=-pass-through=-lgcc_"..., "-plugin-opt=-pass-through=-lc", "-plugin-opt=-pass-through=-lgcc", "-plugin-opt=-pass-through=-lgcc_"..., "--build-id", "--eh-frame-hdr", "--hash-style=gnu", "--as-needed", "-dynamic-linker", "/lib/ld-linux-aarch64.so.1", "-X", "-EL", "-maarch64linux", "--fix-cortex-a53-843419", "-pie", "-z", "now", "-fuse-ld=lld", "-z", "relro", "-o", "/home/runner/work/_temp/build-wo"..., "/usr/lib/gcc/aarch64-linux-gnu/1"..., "/usr/lib/gcc/aarch64-linux-gnu/1"..., "/usr/lib/gcc/aarch64-linux-gnu/1"..., "-L/usr/lib/gcc/aarch64-linux-gnu"..., ...], 0x1bab95d0 /* 122 vars */ <unfinished ...>
9171  <... clone resumed>)              = 9173
9171  wait4(9173,  <unfinished ...>
9173  <... execve resumed>)             = 0
9173  clone(child_stack=0xffffffeea900, flags=CLONE_VM|CLONE_VFORK|SIGCHLD <unfinished ...>
9174  execve("/usr/bin/ld.lld", ["/usr/bin/ld.lld", "-plugin", "/usr/libexec/gcc/aarch64-linux-g"..., "-plugin-opt=/usr/libexec/gcc/aar"..., "-plugin-opt=-fresolution=/tmp/cc"..., "-plugin-opt=-pass-through=-lgcc", "-plugin-opt=-pass-through=-lgcc_"..., "-plugin-opt=-pass-through=-lc", "-plugin-opt=-pass-through=-lgcc", "-plugin-opt=-pass-through=-lgcc_"..., "--build-id", "--eh-frame-hdr", "--hash-style=gnu", "--as-needed", "-dynamic-linker", "/lib/ld-linux-aarch64.so.1", "-X", "-EL", "-maarch64linux", "--fix-cortex-a53-843419", "-pie", "-z", "now", "-z", "relro", "-o", "/home/runner/work/_temp/build-wo"..., "/usr/lib/gcc/aarch64-linux-gnu/1"..., "/usr/lib/gcc/aarch64-linux-gnu/1"..., "/usr/lib/gcc/aarch64-linux-gnu/1"..., "-L/usr/lib/gcc/aarch64-linux-gnu"..., "-L/usr/lib/gcc/aarch64-linux-gnu"..., ...], 0xffffffeeafc0 /* 122 vars */ <unfinished ...>
9173  <... clone resumed>)              = 9174
9173  wait4(9174,  <unfinished ...>
9174  <... execve resumed>)             = 0
9174  clone3({flags=CLONE_VM|CLONE_FS|CLONE_FILES|CLONE_SIGHAND|CLONE_THREAD|CLONE_SYSVSEM|CLONE_SETTLS|CLONE_PARENT_SETTID|CLONE_CHILD_CLEARTID, child_tid=0xff6cbf7ff050, parent_tid=0xff6cbf7ff050, exit_signal=0, stack=0xff6cbb7f0000, stack_size=0x400e840, tls=0xff6cbf7ff6c0} => {parent_tid=[9175]}, 88) = 9175
9175  clone3({flags=CLONE_VM|CLONE_FS|CLONE_FILES|CLONE_SIGHAND|CLONE_THREAD|CLONE_SYSVSEM|CLONE_SETTLS|CLONE_PARENT_SETTID|CLONE_CHILD_CLEARTID, child_tid=0xff6cb3fff050, parent_tid=0xff6cb3fff050, exit_signal=0, stack=0xff6cafff0000, stack_size=0x400e840, tls=0xff6cb3fff6c0} => {parent_tid=[9176]}, 88) = 9176
9175  clone3({flags=CLONE_VM|CLONE_FS|CLONE_FILES|CLONE_SIGHAND|CLONE_THREAD|CLONE_SYSVSEM|CLONE_SETTLS|CLONE_PARENT_SETTID|CLONE_CHILD_CLEARTID, child_tid=0xff6caffef050, parent_tid=0xff6caffef050, exit_signal=0, stack=0xff6cabfe0000, stack_size=0x400e840, tls=0xff6caffef6c0} => {parent_tid=[9177]}, 88) = 9177
9175  clone3({flags=CLONE_VM|CLONE_FS|CLONE_FILES|CLONE_SIGHAND|CLONE_THREAD|CLONE_SYSVSEM|CLONE_SETTLS|CLONE_PARENT_SETTID|CLONE_CHILD_CLEARTID, child_tid=0xff6ca3fff050, parent_tid=0xff6ca3fff050, exit_signal=0, stack=0xff6c9fff0000, stack_size=0x400e840, tls=0xff6ca3fff6c0} => {parent_tid=[9178]}, 88) = 9178
9178  exit(0)                           = ?
9177  exit(0 <unfinished ...>
9176  exit(0 <unfinished ...>
9175  exit(0 <unfinished ...>
9174  exit_group(0 <unfinished ...>
9178  +++ exited with 0 +++
9174  <... exit_group resumed>)         = ?
9175  +++ exited with 0 +++
9176  +++ exited with 0 +++
9177  +++ exited with 0 +++
9174  +++ exited with 0 +++
9173  <... wait4 resumed>[{WIFEXITED(s) && WEXITSTATUS(s) == 0}], 0, NULL) = 9174
9173  --- SIGCHLD {si_signo=SIGCHLD, si_code=CLD_EXITED, si_pid=9174, si_uid=1001, si_status=0, si_utime=0, si_stime=2 /* 0.02 s */} ---
9173  exit_group(0)                     = ?
9173  +++ exited with 0 +++
9171  <... wait4 resumed>[{WIFEXITED(s) && WEXITSTATUS(s) == 0}], 0, NULL) = 9173
9171  --- SIGCHLD {si_signo=SIGCHLD, si_code=CLD_EXITED, si_pid=9173, si_uid=1001, si_status=0, si_utime=0, si_stime=0} ---
9171  exit_group(0)                     = ?
9171  +++ exited with 0 +++
9169  <... wait4 resumed>[{WIFEXITED(s) && WEXITSTATUS(s) == 0}], 0, NULL) = 9171
9169  --- SIGCHLD {si_signo=SIGCHLD, si_code=CLD_EXITED, si_pid=9171, si_uid=1001, si_status=0, si_utime=0, si_stime=0} ---
9169  exit_group(0)                     = ?
9169  +++ exited with 0 +++
