6735  execve("/home/runner/work/_temp/baseline-bootstrap-workspace/b4/compiler", ["/home/runner/work/_temp/baseline"..., "build", "/home/runner/work/_temp/baseline"..., "--output", "/home/runner/work/_temp/baseline"..., "--qbe", "/home/runner/work/_temp/qbe-1.3/"..., "--cc", "/usr/bin/cc", "--target", "linux-arm64-v0"], 0xfffffac431c8 /* 109 vars */) = 0
6735  clone(child_stack=NULL, flags=CLONE_CHILD_CLEARTID|CLONE_CHILD_SETTID|SIGCHLD, child_tidptr=0xffe533bb6f90) = 6736
6735  wait4(6736,  <unfinished ...>
6736  execve("/home/runner/work/_temp/qbe-1.3/qbe", ["/home/runner/work/_temp/qbe-1.3/"..., "-t", "arm64", "-o", "/home/runner/work/_temp/baseline"..., "/home/runner/work/_temp/baseline"...], 0xffffc614d028 /* 109 vars */) = 0
6736  exit_group(0)                     = ?
6736  +++ exited with 0 +++
6735  <... wait4 resumed>[{WIFEXITED(s) && WEXITSTATUS(s) == 0}], 0, NULL) = 6736
6735  --- SIGCHLD {si_signo=SIGCHLD, si_code=CLD_EXITED, si_pid=6736, si_uid=1001, si_status=0, si_utime=0, si_stime=0} ---
6735  clone(child_stack=NULL, flags=CLONE_CHILD_CLEARTID|CLONE_CHILD_SETTID|SIGCHLD, child_tidptr=0xffe533bb6f90) = 6737
6735  wait4(6737,  <unfinished ...>
6737  execve("/usr/bin/cc", ["/usr/bin/cc", "-xassembler", "/home/runner/work/_temp/baseline"..., "-fuse-ld=lld", "-Wl,--gc-sections,--strip-all,--"..., "-lm", "-o", "/home/runner/work/_temp/baseline"...], 0xffffc614d028 /* 109 vars */) = 0
6737  clone(child_stack=0xffffe4fbd430, flags=CLONE_VM|CLONE_VFORK|SIGCHLD <unfinished ...>
6738  execve("/snap/bin/as", ["as", "-EL", "-mabi=lp64", "-o", "/tmp/ccPqlSci.o", "/home/runner/work/_temp/baseline"...], 0x30577d60 /* 114 vars */) = -1 ENOENT (No such file or directory)
6738  execve("/home/runner/.local/bin/as", ["as", "-EL", "-mabi=lp64", "-o", "/tmp/ccPqlSci.o", "/home/runner/work/_temp/baseline"...], 0x30577d60 /* 114 vars */) = -1 ENOENT (No such file or directory)
6738  execve("/opt/pipx_bin/as", ["as", "-EL", "-mabi=lp64", "-o", "/tmp/ccPqlSci.o", "/home/runner/work/_temp/baseline"...], 0x30577d60 /* 114 vars */) = -1 ENOENT (No such file or directory)
6738  execve("/home/runner/.cargo/bin/as", ["as", "-EL", "-mabi=lp64", "-o", "/tmp/ccPqlSci.o", "/home/runner/work/_temp/baseline"...], 0x30577d60 /* 114 vars */) = -1 ENOENT (No such file or directory)
6738  execve("/home/runner/.config/composer/vendor/bin/as", ["as", "-EL", "-mabi=lp64", "-o", "/tmp/ccPqlSci.o", "/home/runner/work/_temp/baseline"...], 0x30577d60 /* 114 vars */) = -1 ENOENT (No such file or directory)
6738  execve("/home/runner/.dotnet/tools/as", ["as", "-EL", "-mabi=lp64", "-o", "/tmp/ccPqlSci.o", "/home/runner/work/_temp/baseline"...], 0x30577d60 /* 114 vars */) = -1 ENOENT (No such file or directory)
6738  execve("/usr/local/sbin/as", ["as", "-EL", "-mabi=lp64", "-o", "/tmp/ccPqlSci.o", "/home/runner/work/_temp/baseline"...], 0x30577d60 /* 114 vars */) = -1 ENOENT (No such file or directory)
6738  execve("/usr/local/bin/as", ["as", "-EL", "-mabi=lp64", "-o", "/tmp/ccPqlSci.o", "/home/runner/work/_temp/baseline"...], 0x30577d60 /* 114 vars */) = -1 ENOENT (No such file or directory)
6738  execve("/usr/sbin/as", ["as", "-EL", "-mabi=lp64", "-o", "/tmp/ccPqlSci.o", "/home/runner/work/_temp/baseline"...], 0x30577d60 /* 114 vars */) = -1 ENOENT (No such file or directory)
6738  execve("/usr/bin/as", ["as", "-EL", "-mabi=lp64", "-o", "/tmp/ccPqlSci.o", "/home/runner/work/_temp/baseline"...], 0x30577d60 /* 114 vars */ <unfinished ...>
6737  <... clone resumed>)              = 6738
6738  <... execve resumed>)             = 0
6737  wait4(6738,  <unfinished ...>
6738  exit_group(0)                     = ?
6738  +++ exited with 0 +++
6737  <... wait4 resumed>[{WIFEXITED(s) && WEXITSTATUS(s) == 0}], 0, NULL) = 6738
6737  --- SIGCHLD {si_signo=SIGCHLD, si_code=CLD_EXITED, si_pid=6738, si_uid=1001, si_status=0, si_utime=0, si_stime=0} ---
6737  clone(child_stack=0xffffe4fbc570, flags=CLONE_VM|CLONE_VFORK|SIGCHLD <unfinished ...>
6739  execve("/usr/libexec/gcc/aarch64-linux-gnu/13/collect2", ["/usr/libexec/gcc/aarch64-linux-g"..., "-plugin", "/usr/libexec/gcc/aarch64-linux-g"..., "-plugin-opt=/usr/libexec/gcc/aar"..., "-plugin-opt=-fresolution=/tmp/cc"..., "-plugin-opt=-pass-through=-lgcc", "-plugin-opt=-pass-through=-lgcc_"..., "-plugin-opt=-pass-through=-lc", "-plugin-opt=-pass-through=-lgcc", "-plugin-opt=-pass-through=-lgcc_"..., "--build-id", "--eh-frame-hdr", "--hash-style=gnu", "--as-needed", "-dynamic-linker", "/lib/ld-linux-aarch64.so.1", "-X", "-EL", "-maarch64linux", "--fix-cortex-a53-843419", "-pie", "-z", "now", "-fuse-ld=lld", "-z", "relro", "-o", "/home/runner/work/_temp/baseline"..., "/usr/lib/gcc/aarch64-linux-gnu/1"..., "/usr/lib/gcc/aarch64-linux-gnu/1"..., "/usr/lib/gcc/aarch64-linux-gnu/1"..., "-L/usr/lib/gcc/aarch64-linux-gnu"..., ...], 0x30578580 /* 116 vars */ <unfinished ...>
6737  <... clone resumed>)              = 6739
6739  <... execve resumed>)             = 0
6737  wait4(6739,  <unfinished ...>
6739  clone(child_stack=0xfffff47e1fb0, flags=CLONE_VM|CLONE_VFORK|SIGCHLD <unfinished ...>
6740  execve("/usr/bin/ld.lld", ["/usr/bin/ld.lld", "-plugin", "/usr/libexec/gcc/aarch64-linux-g"..., "-plugin-opt=/usr/libexec/gcc/aar"..., "-plugin-opt=-fresolution=/tmp/cc"..., "-plugin-opt=-pass-through=-lgcc", "-plugin-opt=-pass-through=-lgcc_"..., "-plugin-opt=-pass-through=-lc", "-plugin-opt=-pass-through=-lgcc", "-plugin-opt=-pass-through=-lgcc_"..., "--build-id", "--eh-frame-hdr", "--hash-style=gnu", "--as-needed", "-dynamic-linker", "/lib/ld-linux-aarch64.so.1", "-X", "-EL", "-maarch64linux", "--fix-cortex-a53-843419", "-pie", "-z", "now", "-z", "relro", "-o", "/home/runner/work/_temp/baseline"..., "/usr/lib/gcc/aarch64-linux-gnu/1"..., "/usr/lib/gcc/aarch64-linux-gnu/1"..., "/usr/lib/gcc/aarch64-linux-gnu/1"..., "-L/usr/lib/gcc/aarch64-linux-gnu"..., "-L/usr/lib/gcc/aarch64-linux-gnu"..., ...], 0xfffff47e2678 /* 116 vars */ <unfinished ...>
6739  <... clone resumed>)              = 6740
6740  <... execve resumed>)             = 0
6739  wait4(6740,  <unfinished ...>
6740  clone3({flags=CLONE_VM|CLONE_FS|CLONE_FILES|CLONE_SIGHAND|CLONE_THREAD|CLONE_SYSVSEM|CLONE_SETTLS|CLONE_PARENT_SETTID|CLONE_CHILD_CLEARTID, child_tid=0xffc72ddff050, parent_tid=0xffc72ddff050, exit_signal=0, stack=0xffc729df0000, stack_size=0x400e840, tls=0xffc72ddff6c0} => {parent_tid=[6741]}, 88) = 6741
6741  clone3({flags=CLONE_VM|CLONE_FS|CLONE_FILES|CLONE_SIGHAND|CLONE_THREAD|CLONE_SYSVSEM|CLONE_SETTLS|CLONE_PARENT_SETTID|CLONE_CHILD_CLEARTID, child_tid=0xffc723fff050, parent_tid=0xffc723fff050, exit_signal=0, stack=0xffc71fff0000, stack_size=0x400e840, tls=0xffc723fff6c0} => {parent_tid=[6742]}, 88) = 6742
6741  clone3({flags=CLONE_VM|CLONE_FS|CLONE_FILES|CLONE_SIGHAND|CLONE_THREAD|CLONE_SYSVSEM|CLONE_SETTLS|CLONE_PARENT_SETTID|CLONE_CHILD_CLEARTID, child_tid=0xffc71ffef050, parent_tid=0xffc71ffef050, exit_signal=0, stack=0xffc71bfe0000, stack_size=0x400e840, tls=0xffc71ffef6c0} => {parent_tid=[6743]}, 88) = 6743
6741  clone3({flags=CLONE_VM|CLONE_FS|CLONE_FILES|CLONE_SIGHAND|CLONE_THREAD|CLONE_SYSVSEM|CLONE_SETTLS|CLONE_PARENT_SETTID|CLONE_CHILD_CLEARTID, child_tid=0xffc713fff050, parent_tid=0xffc713fff050, exit_signal=0, stack=0xffc70fff0000, stack_size=0x400e840, tls=0xffc713fff6c0} => {parent_tid=[6744]}, 88) = 6744
6743  exit(0)                           = ?
6741  exit(0 <unfinished ...>
6742  exit(0 <unfinished ...>
6743  +++ exited with 0 +++
6742  <... exit resumed>)               = ?
6741  <... exit resumed>)               = ?
6744  exit(0)                           = ?
6741  +++ exited with 0 +++
6742  +++ exited with 0 +++
6744  +++ exited with 0 +++
6740  exit_group(0)                     = ?
6740  +++ exited with 0 +++
6739  <... wait4 resumed>[{WIFEXITED(s) && WEXITSTATUS(s) == 0}], 0, NULL) = 6740
6739  --- SIGCHLD {si_signo=SIGCHLD, si_code=CLD_EXITED, si_pid=6740, si_uid=1001, si_status=0, si_utime=0, si_stime=1 /* 0.01 s */} ---
6739  exit_group(0)                     = ?
6739  +++ exited with 0 +++
6737  <... wait4 resumed>[{WIFEXITED(s) && WEXITSTATUS(s) == 0}], 0, NULL) = 6739
6737  --- SIGCHLD {si_signo=SIGCHLD, si_code=CLD_EXITED, si_pid=6739, si_uid=1001, si_status=0, si_utime=0, si_stime=0} ---
6737  exit_group(0)                     = ?
6737  +++ exited with 0 +++
6735  <... wait4 resumed>[{WIFEXITED(s) && WEXITSTATUS(s) == 0}], 0, NULL) = 6737
6735  --- SIGCHLD {si_signo=SIGCHLD, si_code=CLD_EXITED, si_pid=6737, si_uid=1001, si_status=0, si_utime=0, si_stime=0} ---
6735  exit_group(0)                     = ?
6735  +++ exited with 0 +++
