6248  execve("/home/runner/work/_temp/transition/first/compiler", ["/home/runner/work/_temp/transiti"..., "build", "compiler/gate4/src/compiler.trb", "--output", "/home/runner/work/_temp/transiti"..., "--qbe", "/home/runner/work/_temp/qbe-1.3/"..., "--cc", "/usr/bin/cc", "--target", "linux-arm64-v0"], 0xffffcc433a28 /* 111 vars */) = 0
6248  clone(child_stack=NULL, flags=CLONE_CHILD_CLEARTID|CLONE_CHILD_SETTID|SIGCHLD, child_tidptr=0xff37e755df90) = 6249
6248  wait4(6249,  <unfinished ...>
6249  execve("/home/runner/work/_temp/qbe-1.3/qbe", ["/home/runner/work/_temp/qbe-1.3/"..., "-t", "arm64", "-o", "/home/runner/work/_temp/transiti"..., "/home/runner/work/_temp/transiti"...], 0xffffe1482df8 /* 111 vars */) = 0
6249  exit_group(0)                     = ?
6249  +++ exited with 0 +++
6248  <... wait4 resumed>[{WIFEXITED(s) && WEXITSTATUS(s) == 0}], 0, NULL) = 6249
6248  --- SIGCHLD {si_signo=SIGCHLD, si_code=CLD_EXITED, si_pid=6249, si_uid=1001, si_status=0, si_utime=26 /* 0.26 s */, si_stime=1 /* 0.01 s */} ---
6248  clone(child_stack=NULL, flags=CLONE_CHILD_CLEARTID|CLONE_CHILD_SETTID|SIGCHLD, child_tidptr=0xff37e755df90) = 6250
6248  wait4(6250,  <unfinished ...>
6250  execve("/usr/bin/cc", ["/usr/bin/cc", "-xassembler", "/home/runner/work/_temp/transiti"..., "-Wl,--gc-sections,--strip-all", "-o", "/home/runner/work/_temp/transiti"...], 0xffffe1482df8 /* 111 vars */) = 0
6250  clone(child_stack=0xfffff04ee320, flags=CLONE_VM|CLONE_VFORK|SIGCHLD <unfinished ...>
6251  execve("/home/runner/go/bin/as", ["as", "-EL", "-mabi=lp64", "-o", "/tmp/cc6aM396.o", "/home/runner/work/_temp/transiti"...], 0x34ed7c20 /* 116 vars */) = -1 ENOENT (No such file or directory)
6251  execve("/opt/hostedtoolcache/go/1.27.1/arm64/bin/as", ["as", "-EL", "-mabi=lp64", "-o", "/tmp/cc6aM396.o", "/home/runner/work/_temp/transiti"...], 0x34ed7c20 /* 116 vars */) = -1 ENOENT (No such file or directory)
6251  execve("/snap/bin/as", ["as", "-EL", "-mabi=lp64", "-o", "/tmp/cc6aM396.o", "/home/runner/work/_temp/transiti"...], 0x34ed7c20 /* 116 vars */) = -1 ENOENT (No such file or directory)
6251  execve("/home/runner/.local/bin/as", ["as", "-EL", "-mabi=lp64", "-o", "/tmp/cc6aM396.o", "/home/runner/work/_temp/transiti"...], 0x34ed7c20 /* 116 vars */) = -1 ENOENT (No such file or directory)
6251  execve("/opt/pipx_bin/as", ["as", "-EL", "-mabi=lp64", "-o", "/tmp/cc6aM396.o", "/home/runner/work/_temp/transiti"...], 0x34ed7c20 /* 116 vars */) = -1 ENOENT (No such file or directory)
6251  execve("/home/runner/.cargo/bin/as", ["as", "-EL", "-mabi=lp64", "-o", "/tmp/cc6aM396.o", "/home/runner/work/_temp/transiti"...], 0x34ed7c20 /* 116 vars */) = -1 ENOENT (No such file or directory)
6251  execve("/home/runner/.config/composer/vendor/bin/as", ["as", "-EL", "-mabi=lp64", "-o", "/tmp/cc6aM396.o", "/home/runner/work/_temp/transiti"...], 0x34ed7c20 /* 116 vars */) = -1 ENOENT (No such file or directory)
6251  execve("/home/runner/.dotnet/tools/as", ["as", "-EL", "-mabi=lp64", "-o", "/tmp/cc6aM396.o", "/home/runner/work/_temp/transiti"...], 0x34ed7c20 /* 116 vars */) = -1 ENOENT (No such file or directory)
6251  execve("/usr/local/sbin/as", ["as", "-EL", "-mabi=lp64", "-o", "/tmp/cc6aM396.o", "/home/runner/work/_temp/transiti"...], 0x34ed7c20 /* 116 vars */) = -1 ENOENT (No such file or directory)
6251  execve("/usr/local/bin/as", ["as", "-EL", "-mabi=lp64", "-o", "/tmp/cc6aM396.o", "/home/runner/work/_temp/transiti"...], 0x34ed7c20 /* 116 vars */) = -1 ENOENT (No such file or directory)
6251  execve("/usr/sbin/as", ["as", "-EL", "-mabi=lp64", "-o", "/tmp/cc6aM396.o", "/home/runner/work/_temp/transiti"...], 0x34ed7c20 /* 116 vars */) = -1 ENOENT (No such file or directory)
6251  execve("/usr/bin/as", ["as", "-EL", "-mabi=lp64", "-o", "/tmp/cc6aM396.o", "/home/runner/work/_temp/transiti"...], 0x34ed7c20 /* 116 vars */ <unfinished ...>
6250  <... clone resumed>)              = 6251
6251  <... execve resumed>)             = 0
6250  wait4(6251,  <unfinished ...>
6251  exit_group(0)                     = ?
6251  +++ exited with 0 +++
6250  <... wait4 resumed>[{WIFEXITED(s) && WEXITSTATUS(s) == 0}], 0, NULL) = 6251
6250  --- SIGCHLD {si_signo=SIGCHLD, si_code=CLD_EXITED, si_pid=6251, si_uid=1001, si_status=0, si_utime=10 /* 0.10 s */, si_stime=1 /* 0.01 s */} ---
6250  clone(child_stack=0xfffff04ed460, flags=CLONE_VM|CLONE_VFORK|SIGCHLD <unfinished ...>
6252  execve("/usr/libexec/gcc/aarch64-linux-gnu/13/collect2", ["/usr/libexec/gcc/aarch64-linux-g"..., "-plugin", "/usr/libexec/gcc/aarch64-linux-g"..., "-plugin-opt=/usr/libexec/gcc/aar"..., "-plugin-opt=-fresolution=/tmp/cc"..., "-plugin-opt=-pass-through=-lgcc", "-plugin-opt=-pass-through=-lgcc_"..., "-plugin-opt=-pass-through=-lc", "-plugin-opt=-pass-through=-lgcc", "-plugin-opt=-pass-through=-lgcc_"..., "--build-id", "--eh-frame-hdr", "--hash-style=gnu", "--as-needed", "-dynamic-linker", "/lib/ld-linux-aarch64.so.1", "-X", "-EL", "-maarch64linux", "--fix-cortex-a53-843419", "-pie", "-z", "now", "-z", "relro", "-o", "/home/runner/work/_temp/transiti"..., "/usr/lib/gcc/aarch64-linux-gnu/1"..., "/usr/lib/gcc/aarch64-linux-gnu/1"..., "/usr/lib/gcc/aarch64-linux-gnu/1"..., "-L/usr/lib/gcc/aarch64-linux-gnu"..., "-L/usr/lib/gcc/aarch64-linux-gnu"..., ...], 0x34ed83c0 /* 118 vars */ <unfinished ...>
6250  <... clone resumed>)              = 6252
6252  <... execve resumed>)             = 0
6250  wait4(6252,  <unfinished ...>
6252  clone(child_stack=0xffffec426be0, flags=CLONE_VM|CLONE_VFORK|SIGCHLD <unfinished ...>
6253  execve("/usr/bin/ld", ["/usr/bin/ld", "-plugin", "/usr/libexec/gcc/aarch64-linux-g"..., "-plugin-opt=/usr/libexec/gcc/aar"..., "-plugin-opt=-fresolution=/tmp/cc"..., "-plugin-opt=-pass-through=-lgcc", "-plugin-opt=-pass-through=-lgcc_"..., "-plugin-opt=-pass-through=-lc", "-plugin-opt=-pass-through=-lgcc", "-plugin-opt=-pass-through=-lgcc_"..., "--build-id", "--eh-frame-hdr", "--hash-style=gnu", "--as-needed", "-dynamic-linker", "/lib/ld-linux-aarch64.so.1", "-X", "-EL", "-maarch64linux", "--fix-cortex-a53-843419", "-pie", "-z", "now", "-z", "relro", "-o", "/home/runner/work/_temp/transiti"..., "/usr/lib/gcc/aarch64-linux-gnu/1"..., "/usr/lib/gcc/aarch64-linux-gnu/1"..., "/usr/lib/gcc/aarch64-linux-gnu/1"..., "-L/usr/lib/gcc/aarch64-linux-gnu"..., "-L/usr/lib/gcc/aarch64-linux-gnu"..., ...], 0xffffec427290 /* 118 vars */ <unfinished ...>
6252  <... clone resumed>)              = 6253
6253  <... execve resumed>)             = 0
6252  wait4(6253,  <unfinished ...>
6253  exit_group(0)                     = ?
6253  +++ exited with 0 +++
6252  <... wait4 resumed>[{WIFEXITED(s) && WEXITSTATUS(s) == 0}], 0, NULL) = 6253
6252  --- SIGCHLD {si_signo=SIGCHLD, si_code=CLD_EXITED, si_pid=6253, si_uid=1001, si_status=0, si_utime=1 /* 0.01 s */, si_stime=1 /* 0.01 s */} ---
6252  exit_group(0)                     = ?
6252  +++ exited with 0 +++
6250  <... wait4 resumed>[{WIFEXITED(s) && WEXITSTATUS(s) == 0}], 0, NULL) = 6252
6250  --- SIGCHLD {si_signo=SIGCHLD, si_code=CLD_EXITED, si_pid=6252, si_uid=1001, si_status=0, si_utime=0, si_stime=0} ---
6250  exit_group(0)                     = ?
6250  +++ exited with 0 +++
6248  <... wait4 resumed>[{WIFEXITED(s) && WEXITSTATUS(s) == 0}], 0, NULL) = 6250
6248  --- SIGCHLD {si_signo=SIGCHLD, si_code=CLD_EXITED, si_pid=6250, si_uid=1001, si_status=0, si_utime=0, si_stime=0} ---
6248  exit_group(0)                     = ?
6248  +++ exited with 0 +++
