6239  execve("/home/runner/work/_temp/release/type-rb-native-bootstrap-linux-arm64", ["/home/runner/work/_temp/release/"..., "build", "compiler/gate4/src/compiler.trb", "--output", "/home/runner/work/_temp/transiti"..., "--qbe", "/home/runner/work/_temp/qbe-1.3/"..., "--cc", "/usr/bin/cc", "--target", "linux-arm64-v0"], 0xffffce7b7b18 /* 111 vars */) = 0
6239  clone(child_stack=NULL, flags=CLONE_CHILD_CLEARTID|CLONE_CHILD_SETTID|SIGCHLD, child_tidptr=0xff5db5562f90) = 6240
6239  wait4(6240,  <unfinished ...>
6240  execve("/home/runner/work/_temp/qbe-1.3/qbe", ["/home/runner/work/_temp/qbe-1.3/"..., "-t", "arm64", "-o", "/home/runner/work/_temp/transiti"..., "/home/runner/work/_temp/transiti"...], 0xffffdb017bd8 /* 111 vars */) = 0
6240  exit_group(0)                     = ?
6240  +++ exited with 0 +++
6239  <... wait4 resumed>[{WIFEXITED(s) && WEXITSTATUS(s) == 0}], 0, NULL) = 6240
6239  --- SIGCHLD {si_signo=SIGCHLD, si_code=CLD_EXITED, si_pid=6240, si_uid=1001, si_status=0, si_utime=24 /* 0.24 s */, si_stime=1 /* 0.01 s */} ---
6239  clone(child_stack=NULL, flags=CLONE_CHILD_CLEARTID|CLONE_CHILD_SETTID|SIGCHLD, child_tidptr=0xff5db5562f90) = 6241
6239  wait4(6241,  <unfinished ...>
6241  execve("/usr/bin/cc", ["/usr/bin/cc", "-xassembler", "/home/runner/work/_temp/transiti"..., "-Wl,--gc-sections,--strip-all", "-o", "/home/runner/work/_temp/transiti"...], 0xffffdb017bd8 /* 111 vars */) = 0
6241  clone(child_stack=0xffffe6d08640, flags=CLONE_VM|CLONE_VFORK|SIGCHLD <unfinished ...>
6242  execve("/home/runner/go/bin/as", ["as", "-EL", "-mabi=lp64", "-o", "/tmp/ccB6rmvl.o", "/home/runner/work/_temp/transiti"...], 0x18511c10 /* 116 vars */) = -1 ENOENT (No such file or directory)
6242  execve("/opt/hostedtoolcache/go/1.27.1/arm64/bin/as", ["as", "-EL", "-mabi=lp64", "-o", "/tmp/ccB6rmvl.o", "/home/runner/work/_temp/transiti"...], 0x18511c10 /* 116 vars */) = -1 ENOENT (No such file or directory)
6242  execve("/snap/bin/as", ["as", "-EL", "-mabi=lp64", "-o", "/tmp/ccB6rmvl.o", "/home/runner/work/_temp/transiti"...], 0x18511c10 /* 116 vars */) = -1 ENOENT (No such file or directory)
6242  execve("/home/runner/.local/bin/as", ["as", "-EL", "-mabi=lp64", "-o", "/tmp/ccB6rmvl.o", "/home/runner/work/_temp/transiti"...], 0x18511c10 /* 116 vars */) = -1 ENOENT (No such file or directory)
6242  execve("/opt/pipx_bin/as", ["as", "-EL", "-mabi=lp64", "-o", "/tmp/ccB6rmvl.o", "/home/runner/work/_temp/transiti"...], 0x18511c10 /* 116 vars */) = -1 ENOENT (No such file or directory)
6242  execve("/home/runner/.cargo/bin/as", ["as", "-EL", "-mabi=lp64", "-o", "/tmp/ccB6rmvl.o", "/home/runner/work/_temp/transiti"...], 0x18511c10 /* 116 vars */) = -1 ENOENT (No such file or directory)
6242  execve("/home/runner/.config/composer/vendor/bin/as", ["as", "-EL", "-mabi=lp64", "-o", "/tmp/ccB6rmvl.o", "/home/runner/work/_temp/transiti"...], 0x18511c10 /* 116 vars */) = -1 ENOENT (No such file or directory)
6242  execve("/home/runner/.dotnet/tools/as", ["as", "-EL", "-mabi=lp64", "-o", "/tmp/ccB6rmvl.o", "/home/runner/work/_temp/transiti"...], 0x18511c10 /* 116 vars */) = -1 ENOENT (No such file or directory)
6242  execve("/usr/local/sbin/as", ["as", "-EL", "-mabi=lp64", "-o", "/tmp/ccB6rmvl.o", "/home/runner/work/_temp/transiti"...], 0x18511c10 /* 116 vars */) = -1 ENOENT (No such file or directory)
6242  execve("/usr/local/bin/as", ["as", "-EL", "-mabi=lp64", "-o", "/tmp/ccB6rmvl.o", "/home/runner/work/_temp/transiti"...], 0x18511c10 /* 116 vars */) = -1 ENOENT (No such file or directory)
6242  execve("/usr/sbin/as", ["as", "-EL", "-mabi=lp64", "-o", "/tmp/ccB6rmvl.o", "/home/runner/work/_temp/transiti"...], 0x18511c10 /* 116 vars */) = -1 ENOENT (No such file or directory)
6242  execve("/usr/bin/as", ["as", "-EL", "-mabi=lp64", "-o", "/tmp/ccB6rmvl.o", "/home/runner/work/_temp/transiti"...], 0x18511c10 /* 116 vars */ <unfinished ...>
6241  <... clone resumed>)              = 6242
6242  <... execve resumed>)             = 0
6241  wait4(6242,  <unfinished ...>
6242  exit_group(0)                     = ?
6242  +++ exited with 0 +++
6241  <... wait4 resumed>[{WIFEXITED(s) && WEXITSTATUS(s) == 0}], 0, NULL) = 6242
6241  --- SIGCHLD {si_signo=SIGCHLD, si_code=CLD_EXITED, si_pid=6242, si_uid=1001, si_status=0, si_utime=10 /* 0.10 s */, si_stime=1 /* 0.01 s */} ---
6241  clone(child_stack=0xffffe6d07780, flags=CLONE_VM|CLONE_VFORK|SIGCHLD <unfinished ...>
6243  execve("/usr/libexec/gcc/aarch64-linux-gnu/13/collect2", ["/usr/libexec/gcc/aarch64-linux-g"..., "-plugin", "/usr/libexec/gcc/aarch64-linux-g"..., "-plugin-opt=/usr/libexec/gcc/aar"..., "-plugin-opt=-fresolution=/tmp/cc"..., "-plugin-opt=-pass-through=-lgcc", "-plugin-opt=-pass-through=-lgcc_"..., "-plugin-opt=-pass-through=-lc", "-plugin-opt=-pass-through=-lgcc", "-plugin-opt=-pass-through=-lgcc_"..., "--build-id", "--eh-frame-hdr", "--hash-style=gnu", "--as-needed", "-dynamic-linker", "/lib/ld-linux-aarch64.so.1", "-X", "-EL", "-maarch64linux", "--fix-cortex-a53-843419", "-pie", "-z", "now", "-z", "relro", "-o", "/home/runner/work/_temp/transiti"..., "/usr/lib/gcc/aarch64-linux-gnu/1"..., "/usr/lib/gcc/aarch64-linux-gnu/1"..., "/usr/lib/gcc/aarch64-linux-gnu/1"..., "-L/usr/lib/gcc/aarch64-linux-gnu"..., "-L/usr/lib/gcc/aarch64-linux-gnu"..., ...], 0x185123b0 /* 118 vars */ <unfinished ...>
6241  <... clone resumed>)              = 6243
6243  <... execve resumed>)             = 0
6241  wait4(6243,  <unfinished ...>
6243  clone(child_stack=0xffffe831b060, flags=CLONE_VM|CLONE_VFORK|SIGCHLD <unfinished ...>
6244  execve("/usr/bin/ld", ["/usr/bin/ld", "-plugin", "/usr/libexec/gcc/aarch64-linux-g"..., "-plugin-opt=/usr/libexec/gcc/aar"..., "-plugin-opt=-fresolution=/tmp/cc"..., "-plugin-opt=-pass-through=-lgcc", "-plugin-opt=-pass-through=-lgcc_"..., "-plugin-opt=-pass-through=-lc", "-plugin-opt=-pass-through=-lgcc", "-plugin-opt=-pass-through=-lgcc_"..., "--build-id", "--eh-frame-hdr", "--hash-style=gnu", "--as-needed", "-dynamic-linker", "/lib/ld-linux-aarch64.so.1", "-X", "-EL", "-maarch64linux", "--fix-cortex-a53-843419", "-pie", "-z", "now", "-z", "relro", "-o", "/home/runner/work/_temp/transiti"..., "/usr/lib/gcc/aarch64-linux-gnu/1"..., "/usr/lib/gcc/aarch64-linux-gnu/1"..., "/usr/lib/gcc/aarch64-linux-gnu/1"..., "-L/usr/lib/gcc/aarch64-linux-gnu"..., "-L/usr/lib/gcc/aarch64-linux-gnu"..., ...], 0xffffe831b710 /* 118 vars */ <unfinished ...>
6243  <... clone resumed>)              = 6244
6244  <... execve resumed>)             = 0
6243  wait4(6244,  <unfinished ...>
6244  exit_group(0)                     = ?
6244  +++ exited with 0 +++
6243  <... wait4 resumed>[{WIFEXITED(s) && WEXITSTATUS(s) == 0}], 0, NULL) = 6244
6243  --- SIGCHLD {si_signo=SIGCHLD, si_code=CLD_EXITED, si_pid=6244, si_uid=1001, si_status=0, si_utime=0, si_stime=1 /* 0.01 s */} ---
6243  exit_group(0)                     = ?
6243  +++ exited with 0 +++
6241  <... wait4 resumed>[{WIFEXITED(s) && WEXITSTATUS(s) == 0}], 0, NULL) = 6243
6241  --- SIGCHLD {si_signo=SIGCHLD, si_code=CLD_EXITED, si_pid=6243, si_uid=1001, si_status=0, si_utime=0, si_stime=0} ---
6241  exit_group(0)                     = ?
6241  +++ exited with 0 +++
6239  <... wait4 resumed>[{WIFEXITED(s) && WEXITSTATUS(s) == 0}], 0, NULL) = 6241
6239  --- SIGCHLD {si_signo=SIGCHLD, si_code=CLD_EXITED, si_pid=6241, si_uid=1001, si_status=0, si_utime=0, si_stime=0} ---
6239  exit_group(0)                     = ?
6239  +++ exited with 0 +++
