PASS Gate 2 static aggregate layout / lays out scalar and nested record fields deterministically
PASS Gate 2 static aggregate layout / lays out tags and maximum payload storage
PASS Gate 2 static aggregate layout / retains nominal identity for identical shapes
PASS Gate 2 static aggregate layout / rejects recursive by-value layouts
PASS Gate 2 static aggregate layout / rejects duplicate fields and variants
PASS Gate 2 static aggregate layout / rejects unknown aggregate field types
PASS Gate 2 static aggregate layout / rejects duplicate type identities
PASS Gate 2 static aggregate layout / enforces the configured aggregate byte limit
PASS Compiler recovery source closure / matches every canonical compiler module import before recovery
PASS Compiler recovery source closure / keeps source paths rooted at the explicit compiler entry
PASS Compiler recovery source closure / reports an unreadable required source without substituting content
PASS Compiler recovery source closure / recognizes import tokens without rejecting identifiers or comments
PASS Compiler recovery source closure / derives one deterministic recovery source from the canonical modules
PASS Compiler recovery source closure / rejects a changed compiler import boundary
PASS Compiler recovery source closure / rejects a missing or changed MIR import boundary
PASS Compiler recovery source closure / rejects missing or changed state and parser import boundaries
PASS Compiler recovery source closure / rejects missing or changed semantic frontend import boundaries
PASS Compiler recovery source closure / rejects missing or changed QBE output and runtime import boundaries
PASS Compiler recovery source closure / rejects a missing or changed project-configuration import boundary
PASS Compiler recovery source closure / rejects empty bodies and extra imports in every declaration source
PASS Native compiler recovery / builds B0 from the TypeRB compiler source and executes its checked entry
PASS Compiler recovery workspace ownership / accepts only the exact generated workspace shape
PASS Compiler recovery workspace ownership / allocates distinct owned directories and removes only the selected empty one
PASS Compiler recovery workspace ownership / fails receipt publication and rolls back only the new empty workspace
PASS Gate 0 boundary / strictly decodes, lowers, and preserves source origins
PASS Gate 0 boundary / rejects malformed JSON deterministically
PASS Gate 0 boundary / rejects unknown fields deterministically
PASS Gate 0 boundary / rejects unsupported versions deterministically
PASS Gate 0 boundary / rejects missing required fields deterministically
PASS Gate 0 boundary / rejects unsupported operations deterministically
PASS Gate 0 boundary / rejects undefined snapshot values
PASS Gate 0 boundary / verifies Native MIR independently from snapshot decoding
PASS Gate 0 boundary / validates the committed fixture corpus
PASS Gate 1 source-connected differential corpus / matches optimized Go output and process failure behavior
PASS Gate 1 source-connected differential corpus / rejects unsupported source explicitly at the producer boundary
PASS Gate 1 scalar QBE path / verifies scalar calls and control flow
PASS Gate 1 scalar QBE path / emits deterministic QBE IL with source origins
PASS Gate 1 scalar QBE path / strictly decodes the version 2 executable fixture
PASS Gate 1 scalar QBE path / rejects version 2 unknown fields deterministically
PASS Gate 1 scalar QBE path / builds and runs the Darwin arm64 executable when QBE is configured
PASS Gate 1 scalar QBE path / builds the version 2 data fixture when QBE is configured
PASS Gate 1 scalar QBE path / executes every checked Integer operator and rejects overflow
PASS Gate 2 source-connected differential corpus / matches optimized Go records, tagged values, Result, and try behavior
PASS Gate 2 source-connected differential corpus / reproduces source snapshots, decoded MIR output, assembly, and executables
PASS Gate 2 source-connected differential corpus / rejects dynamic aggregate storage at the producer boundary
PASS Gate 2 aggregate MIR / verifies aggregate construction, projection, calls, returns, and block arguments
PASS Gate 2 aggregate MIR / emits deterministic QBE IL with stack-owned aggregate storage
PASS Gate 2 aggregate MIR / builds and executes the aggregate vertical slice when QBE is configured
PASS Gate 2 aggregate MIR / fails an invalid dynamic variant projection deterministically
PASS Gate 2 aggregate MIR / rejects nominally mismatched record construction
PASS Gate 2 snapshot v3 / strictly decodes aggregate type and instruction definitions
PASS Gate 2 snapshot v3 / reproduces Gate 2 QBE output after strict decoding
PASS Gate 2 snapshot v3 / rejects version and unknown root fields deterministically
PASS Gate 2 snapshot v3 / rejects unsupported operations and Void fields
PASS Gate 2 snapshot v3 / builds and executes the version 3 fixture when QBE is configured
PASS Gate 3 closure capture runtime / supports zero-capture and capturing closure ABIs
PASS Gate 3 source-connected differential corpus / matches optimized Go managed values, closures, collection, and failure behavior
PASS Gate 3 source-connected differential corpus / reproduces snapshots, decoded MIR, QBE IL, assembly, and executables
PASS Gate 3 source-connected differential corpus / folds source literal concatenation into immortal static Strings
PASS Gate 3 source-connected differential corpus / automatically collects and reclaims the source closure and Array cycles
PASS Gate 3 tracing collector / verifies the closure and Array cycle stress MIR
PASS Gate 3 tracing collector / reclaims an unreachable closure and Array cycle across repeated collections
PASS Gate 3 Integer Array runtime / executes nested construction, growth, mutation, indexing, and size
PASS Gate 3 static aggregate layout / lays out scalar and nested record fields deterministically
PASS Gate 3 static aggregate layout / lays out tags and maximum payload storage
PASS Gate 3 static aggregate layout / retains nominal identity for identical shapes
PASS Gate 3 static aggregate layout / classifies managed references and boxes aggregates that contain them
PASS Gate 3 static aggregate layout / rejects Array element types outside the registered managed subset
PASS Gate 3 static aggregate layout / accepts recursively managed Array elements
PASS Gate 3 static aggregate layout / rejects recursive by-value layouts
PASS Gate 3 static aggregate layout / rejects duplicate fields and variants
PASS Gate 3 static aggregate layout / rejects unknown aggregate field types
PASS Gate 3 static aggregate layout / rejects duplicate type identities
PASS Gate 3 static aggregate layout / enforces the configured aggregate byte limit
PASS Gate 3 managed aggregate runtime / keeps reference-containing records and tagged values live through collection
PASS Gate 3 aggregate MIR / verifies aggregate construction, projection, calls, returns, and block arguments
PASS Gate 3 aggregate MIR / rejects nominally mismatched record construction
PASS Gate 3 snapshot v4 / strictly decodes aggregate type and instruction definitions
PASS Gate 3 snapshot v4 / strictly decodes managed types, captures, and operations
PASS Gate 3 snapshot v4 / rejects a closure whose captures do not match its function
PASS Gate 3 snapshot v4 / rejects version and unknown root fields deterministically
PASS Gate 3 snapshot v4 / rejects unsupported operations and Void fields
PASS Matched Go compiler comparison driver / retains the exact generated comparison entry
PASS Matched Go compiler comparison driver / rejects a transformed source without the exact import boundary
PASS Matched Go compiler comparison driver / changes only the import and empty main driver
PASS Matched Go compiler comparison driver / rejects a compiler source without the exact empty main driver
PASS Matched Go compiler comparison driver / rejects a transformed source with a changed driver boundary
PASS Native filesystem support / reads within the explicit bound and reports oversized input
PASS Native filesystem support / truncates an existing file before writing
PASS Native filesystem support / creates nested directories idempotently
PASS Native filesystem support / returns a stable process error when directory creation fails
PASS Gate 3 managed QBE runtime / rejects a module without the Gate 4 bootstrap ABI
PASS Gate 3 managed QBE runtime / emits deterministic managed runtime IL and exact-root frames
PASS Gate 3 managed QBE runtime / builds and executes managed Strings, Arrays, and a capturing closure
PASS Gate 3 managed QBE runtime / reports checked negative-index failure deterministically

95 test(s), 0 failure(s)
