5641  execve("/home/runner/work/_temp/baseline-bootstrap-workspace/b4/compiler", ["/home/runner/work/_temp/baseline"..., "build", "/home/runner/work/_temp/baseline"..., "--output", "/home/runner/work/_temp/baseline"..., "--qbe", "/home/runner/work/_temp/qbe-1.3/"..., "--cc", "/usr/bin/cc", "--target", "linux-arm64-v0"], 0xffffd2ab4618 /* 111 vars */) = 0
5641  clone(child_stack=NULL, flags=CLONE_CHILD_CLEARTID|CLONE_CHILD_SETTID|SIGCHLD, child_tidptr=0xffc27de2ff90) = 5642
5641  wait4(5642,  <unfinished ...>
5642  execve("/home/runner/work/_temp/qbe-1.3/qbe", ["/home/runner/work/_temp/qbe-1.3/"..., "-t", "arm64", "-o", "/home/runner/work/_temp/baseline"..., "/home/runner/work/_temp/baseline"...], 0xfffff58795f8 /* 111 vars */) = 0
5642  exit_group(0)                     = ?
5642  +++ exited with 0 +++
5641  <... wait4 resumed>[{WIFEXITED(s) && WEXITSTATUS(s) == 0}], 0, NULL) = 5642
5641  --- SIGCHLD {si_signo=SIGCHLD, si_code=CLD_EXITED, si_pid=5642, si_uid=1001, si_status=0, si_utime=0, si_stime=0} ---
5641  clone(child_stack=NULL, flags=CLONE_CHILD_CLEARTID|CLONE_CHILD_SETTID|SIGCHLD, child_tidptr=0xffc27de2ff90) = 5643
5641  wait4(5643,  <unfinished ...>
5643  execve("/usr/bin/cc", ["/usr/bin/cc", "-xassembler", "/home/runner/work/_temp/baseline"..., "-fuse-ld=lld", "-Wl,--gc-sections,--strip-all", "-lm", "-o", "/home/runner/work/_temp/baseline"...], 0xfffff58795f8 /* 111 vars */) = 0
5643  clone(child_stack=0xffffc5623250, flags=CLONE_VM|CLONE_VFORK|SIGCHLD <unfinished ...>
5644  execve("/snap/bin/as", ["as", "-EL", "-mabi=lp64", "-o", "/tmp/ccTs0su2.o", "/home/runner/work/_temp/baseline"...], 0x236b8d50 /* 116 vars */) = -1 ENOENT (No such file or directory)
5644  execve("/home/runner/.local/bin/as", ["as", "-EL", "-mabi=lp64", "-o", "/tmp/ccTs0su2.o", "/home/runner/work/_temp/baseline"...], 0x236b8d50 /* 116 vars */) = -1 ENOENT (No such file or directory)
5644  execve("/opt/pipx_bin/as", ["as", "-EL", "-mabi=lp64", "-o", "/tmp/ccTs0su2.o", "/home/runner/work/_temp/baseline"...], 0x236b8d50 /* 116 vars */) = -1 ENOENT (No such file or directory)
5644  execve("/home/runner/.cargo/bin/as", ["as", "-EL", "-mabi=lp64", "-o", "/tmp/ccTs0su2.o", "/home/runner/work/_temp/baseline"...], 0x236b8d50 /* 116 vars */) = -1 ENOENT (No such file or directory)
5644  execve("/home/runner/.config/composer/vendor/bin/as", ["as", "-EL", "-mabi=lp64", "-o", "/tmp/ccTs0su2.o", "/home/runner/work/_temp/baseline"...], 0x236b8d50 /* 116 vars */) = -1 ENOENT (No such file or directory)
5644  execve("/home/runner/.dotnet/tools/as", ["as", "-EL", "-mabi=lp64", "-o", "/tmp/ccTs0su2.o", "/home/runner/work/_temp/baseline"...], 0x236b8d50 /* 116 vars */) = -1 ENOENT (No such file or directory)
5644  execve("/usr/local/sbin/as", ["as", "-EL", "-mabi=lp64", "-o", "/tmp/ccTs0su2.o", "/home/runner/work/_temp/baseline"...], 0x236b8d50 /* 116 vars */) = -1 ENOENT (No such file or directory)
5644  execve("/usr/local/bin/as", ["as", "-EL", "-mabi=lp64", "-o", "/tmp/ccTs0su2.o", "/home/runner/work/_temp/baseline"...], 0x236b8d50 /* 116 vars */) = -1 ENOENT (No such file or directory)
5644  execve("/usr/sbin/as", ["as", "-EL", "-mabi=lp64", "-o", "/tmp/ccTs0su2.o", "/home/runner/work/_temp/baseline"...], 0x236b8d50 /* 116 vars */) = -1 ENOENT (No such file or directory)
5644  execve("/usr/bin/as", ["as", "-EL", "-mabi=lp64", "-o", "/tmp/ccTs0su2.o", "/home/runner/work/_temp/baseline"...], 0x236b8d50 /* 116 vars */ <unfinished ...>
5643  <... clone resumed>)              = 5644
5644  <... execve resumed>)             = 0
5643  wait4(5644,  <unfinished ...>
5644  exit_group(0)                     = ?
5644  +++ exited with 0 +++
5643  <... wait4 resumed>[{WIFEXITED(s) && WEXITSTATUS(s) == 0}], 0, NULL) = 5644
5643  --- SIGCHLD {si_signo=SIGCHLD, si_code=CLD_EXITED, si_pid=5644, si_uid=1001, si_status=0, si_utime=0, si_stime=0} ---
5643  clone(child_stack=0xffffc5622390, flags=CLONE_VM|CLONE_VFORK|SIGCHLD <unfinished ...>
5645  execve("/usr/libexec/gcc/aarch64-linux-gnu/13/collect2", ["/usr/libexec/gcc/aarch64-linux-g"..., "-plugin", "/usr/libexec/gcc/aarch64-linux-g"..., "-plugin-opt=/usr/libexec/gcc/aar"..., "-plugin-opt=-fresolution=/tmp/cc"..., "-plugin-opt=-pass-through=-lgcc", "-plugin-opt=-pass-through=-lgcc_"..., "-plugin-opt=-pass-through=-lc", "-plugin-opt=-pass-through=-lgcc", "-plugin-opt=-pass-through=-lgcc_"..., "--build-id", "--eh-frame-hdr", "--hash-style=gnu", "--as-needed", "-dynamic-linker", "/lib/ld-linux-aarch64.so.1", "-X", "-EL", "-maarch64linux", "--fix-cortex-a53-843419", "-pie", "-z", "now", "-fuse-ld=lld", "-z", "relro", "-o", "/home/runner/work/_temp/baseline"..., "/usr/lib/gcc/aarch64-linux-gnu/1"..., "/usr/lib/gcc/aarch64-linux-gnu/1"..., "/usr/lib/gcc/aarch64-linux-gnu/1"..., "-L/usr/lib/gcc/aarch64-linux-gnu"..., ...], 0x236b9580 /* 118 vars */ <unfinished ...>
5643  <... clone resumed>)              = 5645
5645  <... execve resumed>)             = 0
5643  wait4(5645,  <unfinished ...>
5645  clone(child_stack=0xffffc11cc650, flags=CLONE_VM|CLONE_VFORK|SIGCHLD <unfinished ...>
5646  execve("/usr/bin/ld.lld", ["/usr/bin/ld.lld", "-plugin", "/usr/libexec/gcc/aarch64-linux-g"..., "-plugin-opt=/usr/libexec/gcc/aar"..., "-plugin-opt=-fresolution=/tmp/cc"..., "-plugin-opt=-pass-through=-lgcc", "-plugin-opt=-pass-through=-lgcc_"..., "-plugin-opt=-pass-through=-lc", "-plugin-opt=-pass-through=-lgcc", "-plugin-opt=-pass-through=-lgcc_"..., "--build-id", "--eh-frame-hdr", "--hash-style=gnu", "--as-needed", "-dynamic-linker", "/lib/ld-linux-aarch64.so.1", "-X", "-EL", "-maarch64linux", "--fix-cortex-a53-843419", "-pie", "-z", "now", "-z", "relro", "-o", "/home/runner/work/_temp/baseline"..., "/usr/lib/gcc/aarch64-linux-gnu/1"..., "/usr/lib/gcc/aarch64-linux-gnu/1"..., "/usr/lib/gcc/aarch64-linux-gnu/1"..., "-L/usr/lib/gcc/aarch64-linux-gnu"..., "-L/usr/lib/gcc/aarch64-linux-gnu"..., ...], 0xffffc11ccd10 /* 118 vars */ <unfinished ...>
5645  <... clone resumed>)              = 5646
5646  <... execve resumed>)             = 0
5645  wait4(5646,  <unfinished ...>
5646  clone3({flags=CLONE_VM|CLONE_FS|CLONE_FILES|CLONE_SIGHAND|CLONE_THREAD|CLONE_SYSVSEM|CLONE_SETTLS|CLONE_PARENT_SETTID|CLONE_CHILD_CLEARTID, child_tid=0xffcff2bff050, parent_tid=0xffcff2bff050, exit_signal=0, stack=0xffcfeebf0000, stack_size=0x400e840, tls=0xffcff2bff6c0} => {parent_tid=[5647]}, 88) = 5647
5647  clone3({flags=CLONE_VM|CLONE_FS|CLONE_FILES|CLONE_SIGHAND|CLONE_THREAD|CLONE_SYSVSEM|CLONE_SETTLS|CLONE_PARENT_SETTID|CLONE_CHILD_CLEARTID, child_tid=0xffcfe7fff050, parent_tid=0xffcfe7fff050, exit_signal=0, stack=0xffcfe3ff0000, stack_size=0x400e840, tls=0xffcfe7fff6c0} => {parent_tid=[5648]}, 88) = 5648
5647  clone3({flags=CLONE_VM|CLONE_FS|CLONE_FILES|CLONE_SIGHAND|CLONE_THREAD|CLONE_SYSVSEM|CLONE_SETTLS|CLONE_PARENT_SETTID|CLONE_CHILD_CLEARTID, child_tid=0xffcfe3fef050, parent_tid=0xffcfe3fef050, exit_signal=0, stack=0xffcfdffe0000, stack_size=0x400e840, tls=0xffcfe3fef6c0} => {parent_tid=[5649]}, 88) = 5649
5647  clone3({flags=CLONE_VM|CLONE_FS|CLONE_FILES|CLONE_SIGHAND|CLONE_THREAD|CLONE_SYSVSEM|CLONE_SETTLS|CLONE_PARENT_SETTID|CLONE_CHILD_CLEARTID, child_tid=0xffcfd7fff050, parent_tid=0xffcfd7fff050, exit_signal=0, stack=0xffcfd3ff0000, stack_size=0x400e840, tls=0xffcfd7fff6c0} => {parent_tid=[5650]}, 88) = 5650
5650  exit(0)                           = ?
5649  exit(0 <unfinished ...>
5650  +++ exited with 0 +++
5649  <... exit resumed>)               = ?
5646  exit_group(0 <unfinished ...>
5649  +++ exited with 0 +++
5646  <... exit_group resumed>)         = ?
5648  +++ exited with 0 +++
5647  +++ exited with 0 +++
5646  +++ exited with 0 +++
5645  <... wait4 resumed>[{WIFEXITED(s) && WEXITSTATUS(s) == 0}], 0, NULL) = 5646
5645  --- SIGCHLD {si_signo=SIGCHLD, si_code=CLD_EXITED, si_pid=5646, si_uid=1001, si_status=0, si_utime=0, si_stime=1 /* 0.01 s */} ---
5645  exit_group(0)                     = ?
5645  +++ exited with 0 +++
5643  <... wait4 resumed>[{WIFEXITED(s) && WEXITSTATUS(s) == 0}], 0, NULL) = 5645
5643  --- SIGCHLD {si_signo=SIGCHLD, si_code=CLD_EXITED, si_pid=5645, si_uid=1001, si_status=0, si_utime=0, si_stime=0} ---
5643  exit_group(0)                     = ?
5643  +++ exited with 0 +++
5641  <... wait4 resumed>[{WIFEXITED(s) && WEXITSTATUS(s) == 0}], 0, NULL) = 5643
5641  --- SIGCHLD {si_signo=SIGCHLD, si_code=CLD_EXITED, si_pid=5643, si_uid=1001, si_status=0, si_utime=0, si_stime=0} ---
5641  exit_group(0)                     = ?
5641  +++ exited with 0 +++
