5053  execve("/usr/bin/cc", ["/usr/bin/cc", "-xassembler", "/home/runner/work/_temp/gate6n-l"..., "-fuse-ld=lld", "-Wl,--gc-sections,--strip-all", "-lm", "-o", "/home/runner/work/_temp/gate6n-l"...], 0x7fffc91e2c30 /* 133 vars */) = 0
5053  vfork( <unfinished ...>
5054  execve("/home/runner/go/bin/as", ["as", "--64", "-o", "/tmp/ccW47Oq7.o", "/home/runner/work/_temp/gate6n-l"...], 0x1ac4cdb0 /* 138 vars */) = -1 ENOENT (No such file or directory)
5054  execve("/opt/hostedtoolcache/go/1.27.0/x64/bin/as", ["as", "--64", "-o", "/tmp/ccW47Oq7.o", "/home/runner/work/_temp/gate6n-l"...], 0x1ac4cdb0 /* 138 vars */) = -1 ENOENT (No such file or directory)
5054  execve("/snap/bin/as", ["as", "--64", "-o", "/tmp/ccW47Oq7.o", "/home/runner/work/_temp/gate6n-l"...], 0x1ac4cdb0 /* 138 vars */) = -1 ENOENT (No such file or directory)
5054  execve("/home/runner/.local/bin/as", ["as", "--64", "-o", "/tmp/ccW47Oq7.o", "/home/runner/work/_temp/gate6n-l"...], 0x1ac4cdb0 /* 138 vars */) = -1 ENOENT (No such file or directory)
5054  execve("/opt/pipx_bin/as", ["as", "--64", "-o", "/tmp/ccW47Oq7.o", "/home/runner/work/_temp/gate6n-l"...], 0x1ac4cdb0 /* 138 vars */) = -1 ENOENT (No such file or directory)
5054  execve("/home/runner/.cargo/bin/as", ["as", "--64", "-o", "/tmp/ccW47Oq7.o", "/home/runner/work/_temp/gate6n-l"...], 0x1ac4cdb0 /* 138 vars */) = -1 ENOENT (No such file or directory)
5054  execve("/home/runner/.config/composer/vendor/bin/as", ["as", "--64", "-o", "/tmp/ccW47Oq7.o", "/home/runner/work/_temp/gate6n-l"...], 0x1ac4cdb0 /* 138 vars */) = -1 ENOENT (No such file or directory)
5054  execve("/usr/local/.ghcup/bin/as", ["as", "--64", "-o", "/tmp/ccW47Oq7.o", "/home/runner/work/_temp/gate6n-l"...], 0x1ac4cdb0 /* 138 vars */) = -1 ENOENT (No such file or directory)
5054  execve("/home/runner/.dotnet/tools/as", ["as", "--64", "-o", "/tmp/ccW47Oq7.o", "/home/runner/work/_temp/gate6n-l"...], 0x1ac4cdb0 /* 138 vars */) = -1 ENOENT (No such file or directory)
5054  execve("/usr/local/sbin/as", ["as", "--64", "-o", "/tmp/ccW47Oq7.o", "/home/runner/work/_temp/gate6n-l"...], 0x1ac4cdb0 /* 138 vars */) = -1 ENOENT (No such file or directory)
5054  execve("/usr/local/bin/as", ["as", "--64", "-o", "/tmp/ccW47Oq7.o", "/home/runner/work/_temp/gate6n-l"...], 0x1ac4cdb0 /* 138 vars */) = -1 ENOENT (No such file or directory)
5054  execve("/usr/sbin/as", ["as", "--64", "-o", "/tmp/ccW47Oq7.o", "/home/runner/work/_temp/gate6n-l"...], 0x1ac4cdb0 /* 138 vars */) = -1 ENOENT (No such file or directory)
5054  execve("/usr/bin/as", ["as", "--64", "-o", "/tmp/ccW47Oq7.o", "/home/runner/work/_temp/gate6n-l"...], 0x1ac4cdb0 /* 138 vars */ <unfinished ...>
5053  <... vfork resumed>)              = 5054
5054  <... execve resumed>)             = 0
5053  wait4(5054,  <unfinished ...>
5054  exit_group(0)                     = ?
5054  +++ exited with 0 +++
5053  <... wait4 resumed>[{WIFEXITED(s) && WEXITSTATUS(s) == 0}], 0, NULL) = 5054
5053  --- SIGCHLD {si_signo=SIGCHLD, si_code=CLD_EXITED, si_pid=5054, si_uid=1001, si_status=0, si_utime=5 /* 0.05 s */, si_stime=0} ---
5053  vfork( <unfinished ...>
5055  execve("/usr/libexec/gcc/x86_64-linux-gnu/13/collect2", ["/usr/libexec/gcc/x86_64-linux-gn"..., "-plugin", "/usr/libexec/gcc/x86_64-linux-gn"..., "-plugin-opt=/usr/libexec/gcc/x86"..., "-plugin-opt=-fresolution=/tmp/cc"..., "-plugin-opt=-pass-through=-lgcc", "-plugin-opt=-pass-through=-lgcc_"..., "-plugin-opt=-pass-through=-lc", "-plugin-opt=-pass-through=-lgcc", "-plugin-opt=-pass-through=-lgcc_"..., "--build-id", "--eh-frame-hdr", "-m", "elf_x86_64", "--hash-style=gnu", "--as-needed", "-dynamic-linker", "/lib64/ld-linux-x86-64.so.2", "-pie", "-z", "now", "-fuse-ld=lld", "-z", "relro", "-o", "/home/runner/work/_temp/gate6n-l"..., "/usr/lib/gcc/x86_64-linux-gnu/13"..., "/usr/lib/gcc/x86_64-linux-gnu/13"..., "/usr/lib/gcc/x86_64-linux-gnu/13"..., "-L/usr/lib/gcc/x86_64-linux-gnu/"..., "-L/usr/lib/gcc/x86_64-linux-gnu/"..., "-L/usr/lib/gcc/x86_64-linux-gnu/"..., ...], 0x1ac4d290 /* 140 vars */ <unfinished ...>
5053  <... vfork resumed>)              = 5055
5055  <... execve resumed>)             = 0
5053  wait4(5055,  <unfinished ...>
5055  vfork( <unfinished ...>
5056  execve("/usr/bin/ld.lld", ["/usr/bin/ld.lld", "-plugin", "/usr/libexec/gcc/x86_64-linux-gn"..., "-plugin-opt=/usr/libexec/gcc/x86"..., "-plugin-opt=-fresolution=/tmp/cc"..., "-plugin-opt=-pass-through=-lgcc", "-plugin-opt=-pass-through=-lgcc_"..., "-plugin-opt=-pass-through=-lc", "-plugin-opt=-pass-through=-lgcc", "-plugin-opt=-pass-through=-lgcc_"..., "--build-id", "--eh-frame-hdr", "-m", "elf_x86_64", "--hash-style=gnu", "--as-needed", "-dynamic-linker", "/lib64/ld-linux-x86-64.so.2", "-pie", "-z", "now", "-z", "relro", "-o", "/home/runner/work/_temp/gate6n-l"..., "/usr/lib/gcc/x86_64-linux-gnu/13"..., "/usr/lib/gcc/x86_64-linux-gnu/13"..., "/usr/lib/gcc/x86_64-linux-gnu/13"..., "-L/usr/lib/gcc/x86_64-linux-gnu/"..., "-L/usr/lib/gcc/x86_64-linux-gnu/"..., "-L/usr/lib/gcc/x86_64-linux-gnu/"..., "-L/lib/x86_64-linux-gnu", ...], 0x7ffd93463600 /* 140 vars */ <unfinished ...>
5055  <... vfork resumed>)              = 5056
5056  <... execve resumed>)             = 0
5055  wait4(5056,  <unfinished ...>
5056  clone3({flags=CLONE_VM|CLONE_FS|CLONE_FILES|CLONE_SIGHAND|CLONE_THREAD|CLONE_SYSVSEM|CLONE_SETTLS|CLONE_PARENT_SETTID|CLONE_CHILD_CLEARTID, child_tid=0x7f1fda5ff990, parent_tid=0x7f1fda5ff990, exit_signal=0, stack=0x7f1fd65ff000, stack_size=0x3fffd80, tls=0x7f1fda5ff6c0} => {parent_tid=[5057]}, 88) = 5057
5057  clone3({flags=CLONE_VM|CLONE_FS|CLONE_FILES|CLONE_SIGHAND|CLONE_THREAD|CLONE_SYSVSEM|CLONE_SETTLS|CLONE_PARENT_SETTID|CLONE_CHILD_CLEARTID, child_tid=0x7f1fcffff990, parent_tid=0x7f1fcffff990, exit_signal=0, stack=0x7f1fcbfff000, stack_size=0x3fffd80, tls=0x7f1fcffff6c0} => {parent_tid=[5058]}, 88) = 5058
5057  clone3({flags=CLONE_VM|CLONE_FS|CLONE_FILES|CLONE_SIGHAND|CLONE_THREAD|CLONE_SYSVSEM|CLONE_SETTLS|CLONE_PARENT_SETTID|CLONE_CHILD_CLEARTID, child_tid=0x7f1fcbffe990, parent_tid=0x7f1fcbffe990, exit_signal=0, stack=0x7f1fc7ffe000, stack_size=0x3fffd80, tls=0x7f1fcbffe6c0} => {parent_tid=[5059]}, 88) = 5059
5057  clone3({flags=CLONE_VM|CLONE_FS|CLONE_FILES|CLONE_SIGHAND|CLONE_THREAD|CLONE_SYSVSEM|CLONE_SETTLS|CLONE_PARENT_SETTID|CLONE_CHILD_CLEARTID, child_tid=0x7f1fbffff990, parent_tid=0x7f1fbffff990, exit_signal=0, stack=0x7f1fbbfff000, stack_size=0x3fffd80, tls=0x7f1fbffff6c0} => {parent_tid=[5060]}, 88) = 5060
5060  exit(0)                           = ?
5056  exit_group(0 <unfinished ...>
5059  exit(0 <unfinished ...>
5060  +++ exited with 0 +++
5059  <... exit resumed>)               = ?
5056  <... exit_group resumed>)         = ?
5059  +++ exited with 0 +++
5058  +++ exited with 0 +++
5057  +++ exited with 0 +++
5056  +++ exited with 0 +++
5055  <... wait4 resumed>[{WIFEXITED(s) && WEXITSTATUS(s) == 0}], 0, NULL) = 5056
5055  --- SIGCHLD {si_signo=SIGCHLD, si_code=CLD_EXITED, si_pid=5056, si_uid=1001, si_status=0, si_utime=1 /* 0.01 s */, si_stime=2 /* 0.02 s */} ---
5055  exit_group(0)                     = ?
5055  +++ exited with 0 +++
5053  <... wait4 resumed>[{WIFEXITED(s) && WEXITSTATUS(s) == 0}], 0, NULL) = 5055
5053  --- SIGCHLD {si_signo=SIGCHLD, si_code=CLD_EXITED, si_pid=5055, si_uid=1001, si_status=0, si_utime=0, si_stime=0} ---
5053  exit_group(0)                     = ?
5053  +++ exited with 0 +++
