5032  execve("/usr/bin/cc", ["/usr/bin/cc", "-xassembler", "/home/runner/work/_temp/gate6n-l"..., "-fuse-ld=lld", "-Wl,--gc-sections,--strip-all", "-lm", "-o", "/home/runner/work/_temp/gate6n-l"...], 0x7ffc8ff53650 /* 133 vars */) = 0
5032  vfork( <unfinished ...>
5033  execve("/home/runner/go/bin/as", ["as", "--64", "-o", "/tmp/ccfeAbHE.o", "/home/runner/work/_temp/gate6n-l"...], 0x2807dda0 /* 138 vars */) = -1 ENOENT (No such file or directory)
5033  execve("/opt/hostedtoolcache/go/1.27.0/x64/bin/as", ["as", "--64", "-o", "/tmp/ccfeAbHE.o", "/home/runner/work/_temp/gate6n-l"...], 0x2807dda0 /* 138 vars */) = -1 ENOENT (No such file or directory)
5033  execve("/snap/bin/as", ["as", "--64", "-o", "/tmp/ccfeAbHE.o", "/home/runner/work/_temp/gate6n-l"...], 0x2807dda0 /* 138 vars */) = -1 ENOENT (No such file or directory)
5033  execve("/home/runner/.local/bin/as", ["as", "--64", "-o", "/tmp/ccfeAbHE.o", "/home/runner/work/_temp/gate6n-l"...], 0x2807dda0 /* 138 vars */) = -1 ENOENT (No such file or directory)
5033  execve("/opt/pipx_bin/as", ["as", "--64", "-o", "/tmp/ccfeAbHE.o", "/home/runner/work/_temp/gate6n-l"...], 0x2807dda0 /* 138 vars */) = -1 ENOENT (No such file or directory)
5033  execve("/home/runner/.cargo/bin/as", ["as", "--64", "-o", "/tmp/ccfeAbHE.o", "/home/runner/work/_temp/gate6n-l"...], 0x2807dda0 /* 138 vars */) = -1 ENOENT (No such file or directory)
5033  execve("/home/runner/.config/composer/vendor/bin/as", ["as", "--64", "-o", "/tmp/ccfeAbHE.o", "/home/runner/work/_temp/gate6n-l"...], 0x2807dda0 /* 138 vars */) = -1 ENOENT (No such file or directory)
5033  execve("/usr/local/.ghcup/bin/as", ["as", "--64", "-o", "/tmp/ccfeAbHE.o", "/home/runner/work/_temp/gate6n-l"...], 0x2807dda0 /* 138 vars */) = -1 ENOENT (No such file or directory)
5033  execve("/home/runner/.dotnet/tools/as", ["as", "--64", "-o", "/tmp/ccfeAbHE.o", "/home/runner/work/_temp/gate6n-l"...], 0x2807dda0 /* 138 vars */) = -1 ENOENT (No such file or directory)
5033  execve("/usr/local/sbin/as", ["as", "--64", "-o", "/tmp/ccfeAbHE.o", "/home/runner/work/_temp/gate6n-l"...], 0x2807dda0 /* 138 vars */) = -1 ENOENT (No such file or directory)
5033  execve("/usr/local/bin/as", ["as", "--64", "-o", "/tmp/ccfeAbHE.o", "/home/runner/work/_temp/gate6n-l"...], 0x2807dda0 /* 138 vars */) = -1 ENOENT (No such file or directory)
5033  execve("/usr/sbin/as", ["as", "--64", "-o", "/tmp/ccfeAbHE.o", "/home/runner/work/_temp/gate6n-l"...], 0x2807dda0 /* 138 vars */) = -1 ENOENT (No such file or directory)
5033  execve("/usr/bin/as", ["as", "--64", "-o", "/tmp/ccfeAbHE.o", "/home/runner/work/_temp/gate6n-l"...], 0x2807dda0 /* 138 vars */ <unfinished ...>
5032  <... vfork resumed>)              = 5033
5033  <... execve resumed>)             = 0
5032  wait4(5033,  <unfinished ...>
5033  exit_group(0)                     = ?
5033  +++ exited with 0 +++
5032  <... wait4 resumed>[{WIFEXITED(s) && WEXITSTATUS(s) == 0}], 0, NULL) = 5033
5032  --- SIGCHLD {si_signo=SIGCHLD, si_code=CLD_EXITED, si_pid=5033, si_uid=1001, si_status=0, si_utime=4 /* 0.04 s */, si_stime=0} ---
5032  vfork( <unfinished ...>
5034  execve("/usr/libexec/gcc/x86_64-linux-gnu/13/collect2", ["/usr/libexec/gcc/x86_64-linux-gn"..., "-plugin", "/usr/libexec/gcc/x86_64-linux-gn"..., "-plugin-opt=/usr/libexec/gcc/x86"..., "-plugin-opt=-fresolution=/tmp/cc"..., "-plugin-opt=-pass-through=-lgcc", "-plugin-opt=-pass-through=-lgcc_"..., "-plugin-opt=-pass-through=-lc", "-plugin-opt=-pass-through=-lgcc", "-plugin-opt=-pass-through=-lgcc_"..., "--build-id", "--eh-frame-hdr", "-m", "elf_x86_64", "--hash-style=gnu", "--as-needed", "-dynamic-linker", "/lib64/ld-linux-x86-64.so.2", "-pie", "-z", "now", "-fuse-ld=lld", "-z", "relro", "-o", "/home/runner/work/_temp/gate6n-l"..., "/usr/lib/gcc/x86_64-linux-gnu/13"..., "/usr/lib/gcc/x86_64-linux-gnu/13"..., "/usr/lib/gcc/x86_64-linux-gnu/13"..., "-L/usr/lib/gcc/x86_64-linux-gnu/"..., "-L/usr/lib/gcc/x86_64-linux-gnu/"..., "-L/usr/lib/gcc/x86_64-linux-gnu/"..., ...], 0x2807e280 /* 140 vars */ <unfinished ...>
5032  <... vfork resumed>)              = 5034
5034  <... execve resumed>)             = 0
5032  wait4(5034,  <unfinished ...>
5034  vfork( <unfinished ...>
5035  execve("/usr/bin/ld.lld", ["/usr/bin/ld.lld", "-plugin", "/usr/libexec/gcc/x86_64-linux-gn"..., "-plugin-opt=/usr/libexec/gcc/x86"..., "-plugin-opt=-fresolution=/tmp/cc"..., "-plugin-opt=-pass-through=-lgcc", "-plugin-opt=-pass-through=-lgcc_"..., "-plugin-opt=-pass-through=-lc", "-plugin-opt=-pass-through=-lgcc", "-plugin-opt=-pass-through=-lgcc_"..., "--build-id", "--eh-frame-hdr", "-m", "elf_x86_64", "--hash-style=gnu", "--as-needed", "-dynamic-linker", "/lib64/ld-linux-x86-64.so.2", "-pie", "-z", "now", "-z", "relro", "-o", "/home/runner/work/_temp/gate6n-l"..., "/usr/lib/gcc/x86_64-linux-gnu/13"..., "/usr/lib/gcc/x86_64-linux-gnu/13"..., "/usr/lib/gcc/x86_64-linux-gnu/13"..., "-L/usr/lib/gcc/x86_64-linux-gnu/"..., "-L/usr/lib/gcc/x86_64-linux-gnu/"..., "-L/usr/lib/gcc/x86_64-linux-gnu/"..., "-L/lib/x86_64-linux-gnu", ...], 0x7fff9222de30 /* 140 vars */ <unfinished ...>
5034  <... vfork resumed>)              = 5035
5035  <... execve resumed>)             = 0
5034  wait4(5035,  <unfinished ...>
5035  clone3({flags=CLONE_VM|CLONE_FS|CLONE_FILES|CLONE_SIGHAND|CLONE_THREAD|CLONE_SYSVSEM|CLONE_SETTLS|CLONE_PARENT_SETTID|CLONE_CHILD_CLEARTID, child_tid=0x7f0867fff990, parent_tid=0x7f0867fff990, exit_signal=0, stack=0x7f0863fff000, stack_size=0x3fffd80, tls=0x7f0867fff6c0} => {parent_tid=[5036]}, 88) = 5036
5036  clone3({flags=CLONE_VM|CLONE_FS|CLONE_FILES|CLONE_SIGHAND|CLONE_THREAD|CLONE_SYSVSEM|CLONE_SETTLS|CLONE_PARENT_SETTID|CLONE_CHILD_CLEARTID, child_tid=0x7f085bfff990, parent_tid=0x7f085bfff990, exit_signal=0, stack=0x7f0857fff000, stack_size=0x3fffd80, tls=0x7f085bfff6c0} => {parent_tid=[5037]}, 88) = 5037
5036  clone3({flags=CLONE_VM|CLONE_FS|CLONE_FILES|CLONE_SIGHAND|CLONE_THREAD|CLONE_SYSVSEM|CLONE_SETTLS|CLONE_PARENT_SETTID|CLONE_CHILD_CLEARTID, child_tid=0x7f0857ffe990, parent_tid=0x7f0857ffe990, exit_signal=0, stack=0x7f0853ffe000, stack_size=0x3fffd80, tls=0x7f0857ffe6c0} => {parent_tid=[5038]}, 88) = 5038
5036  clone3({flags=CLONE_VM|CLONE_FS|CLONE_FILES|CLONE_SIGHAND|CLONE_THREAD|CLONE_SYSVSEM|CLONE_SETTLS|CLONE_PARENT_SETTID|CLONE_CHILD_CLEARTID, child_tid=0x7f084bfff990, parent_tid=0x7f084bfff990, exit_signal=0, stack=0x7f0847fff000, stack_size=0x3fffd80, tls=0x7f084bfff6c0} => {parent_tid=[5039]}, 88) = 5039
5035  exit_group(0)                     = ?
5039  +++ exited with 0 +++
5038  +++ exited with 0 +++
5037  +++ exited with 0 +++
5036  +++ exited with 0 +++
5035  +++ exited with 0 +++
5034  <... wait4 resumed>[{WIFEXITED(s) && WEXITSTATUS(s) == 0}], 0, NULL) = 5035
5034  --- SIGCHLD {si_signo=SIGCHLD, si_code=CLD_EXITED, si_pid=5035, si_uid=1001, si_status=0, si_utime=0, si_stime=2 /* 0.02 s */} ---
5034  exit_group(0)                     = ?
5034  +++ exited with 0 +++
5032  <... wait4 resumed>[{WIFEXITED(s) && WEXITSTATUS(s) == 0}], 0, NULL) = 5034
5032  --- SIGCHLD {si_signo=SIGCHLD, si_code=CLD_EXITED, si_pid=5034, si_uid=1001, si_status=0, si_utime=0, si_stime=0} ---
5032  exit_group(0)                     = ?
5032  +++ exited with 0 +++
