5010  execve("/usr/bin/cc", ["/usr/bin/cc", "-xassembler", "/home/runner/work/_temp/gate6n-l"..., "-fuse-ld=lld", "-Wl,--gc-sections,--strip-all", "-lm", "-o", "/home/runner/work/_temp/gate6n-l"...], 0x7ffcfb863670 /* 133 vars */) = 0
5010  vfork( <unfinished ...>
5011  execve("/home/runner/go/bin/as", ["as", "--64", "-o", "/tmp/cc8w6Np9.o", "/home/runner/work/_temp/gate6n-l"...], 0x2e800da0 /* 138 vars */) = -1 ENOENT (No such file or directory)
5011  execve("/opt/hostedtoolcache/go/1.27.0/x64/bin/as", ["as", "--64", "-o", "/tmp/cc8w6Np9.o", "/home/runner/work/_temp/gate6n-l"...], 0x2e800da0 /* 138 vars */) = -1 ENOENT (No such file or directory)
5011  execve("/snap/bin/as", ["as", "--64", "-o", "/tmp/cc8w6Np9.o", "/home/runner/work/_temp/gate6n-l"...], 0x2e800da0 /* 138 vars */) = -1 ENOENT (No such file or directory)
5011  execve("/home/runner/.local/bin/as", ["as", "--64", "-o", "/tmp/cc8w6Np9.o", "/home/runner/work/_temp/gate6n-l"...], 0x2e800da0 /* 138 vars */) = -1 ENOENT (No such file or directory)
5011  execve("/opt/pipx_bin/as", ["as", "--64", "-o", "/tmp/cc8w6Np9.o", "/home/runner/work/_temp/gate6n-l"...], 0x2e800da0 /* 138 vars */) = -1 ENOENT (No such file or directory)
5011  execve("/home/runner/.cargo/bin/as", ["as", "--64", "-o", "/tmp/cc8w6Np9.o", "/home/runner/work/_temp/gate6n-l"...], 0x2e800da0 /* 138 vars */) = -1 ENOENT (No such file or directory)
5011  execve("/home/runner/.config/composer/vendor/bin/as", ["as", "--64", "-o", "/tmp/cc8w6Np9.o", "/home/runner/work/_temp/gate6n-l"...], 0x2e800da0 /* 138 vars */) = -1 ENOENT (No such file or directory)
5011  execve("/usr/local/.ghcup/bin/as", ["as", "--64", "-o", "/tmp/cc8w6Np9.o", "/home/runner/work/_temp/gate6n-l"...], 0x2e800da0 /* 138 vars */) = -1 ENOENT (No such file or directory)
5011  execve("/home/runner/.dotnet/tools/as", ["as", "--64", "-o", "/tmp/cc8w6Np9.o", "/home/runner/work/_temp/gate6n-l"...], 0x2e800da0 /* 138 vars */) = -1 ENOENT (No such file or directory)
5011  execve("/usr/local/sbin/as", ["as", "--64", "-o", "/tmp/cc8w6Np9.o", "/home/runner/work/_temp/gate6n-l"...], 0x2e800da0 /* 138 vars */) = -1 ENOENT (No such file or directory)
5011  execve("/usr/local/bin/as", ["as", "--64", "-o", "/tmp/cc8w6Np9.o", "/home/runner/work/_temp/gate6n-l"...], 0x2e800da0 /* 138 vars */) = -1 ENOENT (No such file or directory)
5011  execve("/usr/sbin/as", ["as", "--64", "-o", "/tmp/cc8w6Np9.o", "/home/runner/work/_temp/gate6n-l"...], 0x2e800da0 /* 138 vars */) = -1 ENOENT (No such file or directory)
5011  execve("/usr/bin/as", ["as", "--64", "-o", "/tmp/cc8w6Np9.o", "/home/runner/work/_temp/gate6n-l"...], 0x2e800da0 /* 138 vars */ <unfinished ...>
5010  <... vfork resumed>)              = 5011
5011  <... execve resumed>)             = 0
5010  wait4(5011,  <unfinished ...>
5011  exit_group(0)                     = ?
5011  +++ exited with 0 +++
5010  <... wait4 resumed>[{WIFEXITED(s) && WEXITSTATUS(s) == 0}], 0, NULL) = 5011
5010  --- SIGCHLD {si_signo=SIGCHLD, si_code=CLD_EXITED, si_pid=5011, si_uid=1001, si_status=0, si_utime=3 /* 0.03 s */, si_stime=0} ---
5010  vfork( <unfinished ...>
5012  execve("/usr/libexec/gcc/x86_64-linux-gnu/13/collect2", ["/usr/libexec/gcc/x86_64-linux-gn"..., "-plugin", "/usr/libexec/gcc/x86_64-linux-gn"..., "-plugin-opt=/usr/libexec/gcc/x86"..., "-plugin-opt=-fresolution=/tmp/cc"..., "-plugin-opt=-pass-through=-lgcc", "-plugin-opt=-pass-through=-lgcc_"..., "-plugin-opt=-pass-through=-lc", "-plugin-opt=-pass-through=-lgcc", "-plugin-opt=-pass-through=-lgcc_"..., "--build-id", "--eh-frame-hdr", "-m", "elf_x86_64", "--hash-style=gnu", "--as-needed", "-dynamic-linker", "/lib64/ld-linux-x86-64.so.2", "-pie", "-z", "now", "-fuse-ld=lld", "-z", "relro", "-o", "/home/runner/work/_temp/gate6n-l"..., "/usr/lib/gcc/x86_64-linux-gnu/13"..., "/usr/lib/gcc/x86_64-linux-gnu/13"..., "/usr/lib/gcc/x86_64-linux-gnu/13"..., "-L/usr/lib/gcc/x86_64-linux-gnu/"..., "-L/usr/lib/gcc/x86_64-linux-gnu/"..., "-L/usr/lib/gcc/x86_64-linux-gnu/"..., ...], 0x2e801280 /* 140 vars */ <unfinished ...>
5010  <... vfork resumed>)              = 5012
5012  <... execve resumed>)             = 0
5010  wait4(5012,  <unfinished ...>
5012  vfork( <unfinished ...>
5013  execve("/usr/bin/ld.lld", ["/usr/bin/ld.lld", "-plugin", "/usr/libexec/gcc/x86_64-linux-gn"..., "-plugin-opt=/usr/libexec/gcc/x86"..., "-plugin-opt=-fresolution=/tmp/cc"..., "-plugin-opt=-pass-through=-lgcc", "-plugin-opt=-pass-through=-lgcc_"..., "-plugin-opt=-pass-through=-lc", "-plugin-opt=-pass-through=-lgcc", "-plugin-opt=-pass-through=-lgcc_"..., "--build-id", "--eh-frame-hdr", "-m", "elf_x86_64", "--hash-style=gnu", "--as-needed", "-dynamic-linker", "/lib64/ld-linux-x86-64.so.2", "-pie", "-z", "now", "-z", "relro", "-o", "/home/runner/work/_temp/gate6n-l"..., "/usr/lib/gcc/x86_64-linux-gnu/13"..., "/usr/lib/gcc/x86_64-linux-gnu/13"..., "/usr/lib/gcc/x86_64-linux-gnu/13"..., "-L/usr/lib/gcc/x86_64-linux-gnu/"..., "-L/usr/lib/gcc/x86_64-linux-gnu/"..., "-L/usr/lib/gcc/x86_64-linux-gnu/"..., "-L/lib/x86_64-linux-gnu", ...], 0x7ffcd615b2e0 /* 140 vars */ <unfinished ...>
5012  <... vfork resumed>)              = 5013
5012  wait4(5013,  <unfinished ...>
5013  <... execve resumed>)             = 0
5013  clone3({flags=CLONE_VM|CLONE_FS|CLONE_FILES|CLONE_SIGHAND|CLONE_THREAD|CLONE_SYSVSEM|CLONE_SETTLS|CLONE_PARENT_SETTID|CLONE_CHILD_CLEARTID, child_tid=0x7f0b167ff990, parent_tid=0x7f0b167ff990, exit_signal=0, stack=0x7f0b127ff000, stack_size=0x3fffd80, tls=0x7f0b167ff6c0} => {parent_tid=[5014]}, 88) = 5014
5014  clone3({flags=CLONE_VM|CLONE_FS|CLONE_FILES|CLONE_SIGHAND|CLONE_THREAD|CLONE_SYSVSEM|CLONE_SETTLS|CLONE_PARENT_SETTID|CLONE_CHILD_CLEARTID, child_tid=0x7f0b0bfff990, parent_tid=0x7f0b0bfff990, exit_signal=0, stack=0x7f0b07fff000, stack_size=0x3fffd80, tls=0x7f0b0bfff6c0} => {parent_tid=[5015]}, 88) = 5015
5014  clone3({flags=CLONE_VM|CLONE_FS|CLONE_FILES|CLONE_SIGHAND|CLONE_THREAD|CLONE_SYSVSEM|CLONE_SETTLS|CLONE_PARENT_SETTID|CLONE_CHILD_CLEARTID, child_tid=0x7f0b07ffe990, parent_tid=0x7f0b07ffe990, exit_signal=0, stack=0x7f0b03ffe000, stack_size=0x3fffd80, tls=0x7f0b07ffe6c0} => {parent_tid=[5016]}, 88) = 5016
5014  clone3({flags=CLONE_VM|CLONE_FS|CLONE_FILES|CLONE_SIGHAND|CLONE_THREAD|CLONE_SYSVSEM|CLONE_SETTLS|CLONE_PARENT_SETTID|CLONE_CHILD_CLEARTID, child_tid=0x7f0afbfff990, parent_tid=0x7f0afbfff990, exit_signal=0, stack=0x7f0af7fff000, stack_size=0x3fffd80, tls=0x7f0afbfff6c0} => {parent_tid=[5017]}, 88) = 5017
5016  exit(0 <unfinished ...>
5015  exit(0 <unfinished ...>
5016  <... exit resumed>)               = ?
5014  exit(0 <unfinished ...>
5017  exit(0 <unfinished ...>
5015  <... exit resumed>)               = ?
5013  exit_group(0 <unfinished ...>
5017  <... exit resumed>)               = ?
5016  +++ exited with 0 +++
5014  <... exit resumed>)               = ?
5015  +++ exited with 0 +++
5013  <... exit_group resumed>)         = ?
5014  +++ exited with 0 +++
5017  +++ exited with 0 +++
5013  +++ exited with 0 +++
5012  <... wait4 resumed>[{WIFEXITED(s) && WEXITSTATUS(s) == 0}], 0, NULL) = 5013
5012  --- SIGCHLD {si_signo=SIGCHLD, si_code=CLD_EXITED, si_pid=5013, si_uid=1001, si_status=0, si_utime=1 /* 0.01 s */, si_stime=5 /* 0.05 s */} ---
5012  exit_group(0)                     = ?
5012  +++ exited with 0 +++
5010  <... wait4 resumed>[{WIFEXITED(s) && WEXITSTATUS(s) == 0}], 0, NULL) = 5012
5010  --- SIGCHLD {si_signo=SIGCHLD, si_code=CLD_EXITED, si_pid=5012, si_uid=1001, si_status=0, si_utime=0, si_stime=0} ---
5010  exit_group(0)                     = ?
5010  +++ exited with 0 +++
