5992  execve("/home/runner/work/_temp/transition/first/compiler", ["/home/runner/work/_temp/transiti"..., "build", "compiler/gate4/src/compiler.trb", "--output", "/home/runner/work/_temp/transiti"..., "--qbe", "/home/runner/work/_temp/qbe-1.3/"..., "--cc", "/usr/bin/cc", "--target", "linux-arm64-v0"], 0xffffc2221d88 /* 111 vars */) = 0
5992  clone(child_stack=NULL, flags=CLONE_CHILD_CLEARTID|CLONE_CHILD_SETTID|SIGCHLD, child_tidptr=0xffb3f4e72f90) = 5994
5992  wait4(5994,  <unfinished ...>
5994  execve("/home/runner/work/_temp/qbe-1.3/qbe", ["/home/runner/work/_temp/qbe-1.3/"..., "-t", "arm64", "-o", "/home/runner/work/_temp/transiti"..., "/home/runner/work/_temp/transiti"...], 0xffffc24acaf8 /* 111 vars */) = 0
5994  exit_group(0)                     = ?
5994  +++ exited with 0 +++
5992  <... wait4 resumed>[{WIFEXITED(s) && WEXITSTATUS(s) == 0}], 0, NULL) = 5994
5992  --- SIGCHLD {si_signo=SIGCHLD, si_code=CLD_EXITED, si_pid=5994, si_uid=1001, si_status=0, si_utime=25 /* 0.25 s */, si_stime=1 /* 0.01 s */} ---
5992  clone(child_stack=NULL, flags=CLONE_CHILD_CLEARTID|CLONE_CHILD_SETTID|SIGCHLD, child_tidptr=0xffb3f4e72f90) = 5995
5992  wait4(5995,  <unfinished ...>
5995  execve("/usr/bin/cc", ["/usr/bin/cc", "-xassembler", "/home/runner/work/_temp/transiti"..., "-Wl,--gc-sections,--strip-all", "-o", "/home/runner/work/_temp/transiti"...], 0xffffc24acaf8 /* 111 vars */) = 0
5995  clone(child_stack=0xffffc31aa5c0, flags=CLONE_VM|CLONE_VFORK|SIGCHLD <unfinished ...>
5996  execve("/home/runner/go/bin/as", ["as", "-EL", "-mabi=lp64", "-o", "/tmp/ccptFp0e.o", "/home/runner/work/_temp/transiti"...], 0x1a29dc20 /* 116 vars */) = -1 ENOENT (No such file or directory)
5996  execve("/opt/hostedtoolcache/go/1.27.1/arm64/bin/as", ["as", "-EL", "-mabi=lp64", "-o", "/tmp/ccptFp0e.o", "/home/runner/work/_temp/transiti"...], 0x1a29dc20 /* 116 vars */) = -1 ENOENT (No such file or directory)
5996  execve("/snap/bin/as", ["as", "-EL", "-mabi=lp64", "-o", "/tmp/ccptFp0e.o", "/home/runner/work/_temp/transiti"...], 0x1a29dc20 /* 116 vars */) = -1 ENOENT (No such file or directory)
5996  execve("/home/runner/.local/bin/as", ["as", "-EL", "-mabi=lp64", "-o", "/tmp/ccptFp0e.o", "/home/runner/work/_temp/transiti"...], 0x1a29dc20 /* 116 vars */) = -1 ENOENT (No such file or directory)
5996  execve("/opt/pipx_bin/as", ["as", "-EL", "-mabi=lp64", "-o", "/tmp/ccptFp0e.o", "/home/runner/work/_temp/transiti"...], 0x1a29dc20 /* 116 vars */) = -1 ENOENT (No such file or directory)
5996  execve("/home/runner/.cargo/bin/as", ["as", "-EL", "-mabi=lp64", "-o", "/tmp/ccptFp0e.o", "/home/runner/work/_temp/transiti"...], 0x1a29dc20 /* 116 vars */) = -1 ENOENT (No such file or directory)
5996  execve("/home/runner/.config/composer/vendor/bin/as", ["as", "-EL", "-mabi=lp64", "-o", "/tmp/ccptFp0e.o", "/home/runner/work/_temp/transiti"...], 0x1a29dc20 /* 116 vars */) = -1 ENOENT (No such file or directory)
5996  execve("/home/runner/.dotnet/tools/as", ["as", "-EL", "-mabi=lp64", "-o", "/tmp/ccptFp0e.o", "/home/runner/work/_temp/transiti"...], 0x1a29dc20 /* 116 vars */) = -1 ENOENT (No such file or directory)
5996  execve("/usr/local/sbin/as", ["as", "-EL", "-mabi=lp64", "-o", "/tmp/ccptFp0e.o", "/home/runner/work/_temp/transiti"...], 0x1a29dc20 /* 116 vars */) = -1 ENOENT (No such file or directory)
5996  execve("/usr/local/bin/as", ["as", "-EL", "-mabi=lp64", "-o", "/tmp/ccptFp0e.o", "/home/runner/work/_temp/transiti"...], 0x1a29dc20 /* 116 vars */) = -1 ENOENT (No such file or directory)
5996  execve("/usr/sbin/as", ["as", "-EL", "-mabi=lp64", "-o", "/tmp/ccptFp0e.o", "/home/runner/work/_temp/transiti"...], 0x1a29dc20 /* 116 vars */) = -1 ENOENT (No such file or directory)
5996  execve("/usr/bin/as", ["as", "-EL", "-mabi=lp64", "-o", "/tmp/ccptFp0e.o", "/home/runner/work/_temp/transiti"...], 0x1a29dc20 /* 116 vars */ <unfinished ...>
5995  <... clone resumed>)              = 5996
5996  <... execve resumed>)             = 0
5995  wait4(5996,  <unfinished ...>
5996  exit_group(0)                     = ?
5996  +++ exited with 0 +++
5995  <... wait4 resumed>[{WIFEXITED(s) && WEXITSTATUS(s) == 0}], 0, NULL) = 5996
5995  --- SIGCHLD {si_signo=SIGCHLD, si_code=CLD_EXITED, si_pid=5996, si_uid=1001, si_status=0, si_utime=10 /* 0.10 s */, si_stime=1 /* 0.01 s */} ---
5995  clone(child_stack=0xffffc31a9700, flags=CLONE_VM|CLONE_VFORK|SIGCHLD <unfinished ...>
5998  execve("/usr/libexec/gcc/aarch64-linux-gnu/13/collect2", ["/usr/libexec/gcc/aarch64-linux-g"..., "-plugin", "/usr/libexec/gcc/aarch64-linux-g"..., "-plugin-opt=/usr/libexec/gcc/aar"..., "-plugin-opt=-fresolution=/tmp/cc"..., "-plugin-opt=-pass-through=-lgcc", "-plugin-opt=-pass-through=-lgcc_"..., "-plugin-opt=-pass-through=-lc", "-plugin-opt=-pass-through=-lgcc", "-plugin-opt=-pass-through=-lgcc_"..., "--build-id", "--eh-frame-hdr", "--hash-style=gnu", "--as-needed", "-dynamic-linker", "/lib/ld-linux-aarch64.so.1", "-X", "-EL", "-maarch64linux", "--fix-cortex-a53-843419", "-pie", "-z", "now", "-z", "relro", "-o", "/home/runner/work/_temp/transiti"..., "/usr/lib/gcc/aarch64-linux-gnu/1"..., "/usr/lib/gcc/aarch64-linux-gnu/1"..., "/usr/lib/gcc/aarch64-linux-gnu/1"..., "-L/usr/lib/gcc/aarch64-linux-gnu"..., "-L/usr/lib/gcc/aarch64-linux-gnu"..., ...], 0x1a29e3c0 /* 118 vars */ <unfinished ...>
5995  <... clone resumed>)              = 5998
5998  <... execve resumed>)             = 0
5995  wait4(5998,  <unfinished ...>
5998  clone(child_stack=0xffffcb93b240, flags=CLONE_VM|CLONE_VFORK|SIGCHLD <unfinished ...>
5999  execve("/usr/bin/ld", ["/usr/bin/ld", "-plugin", "/usr/libexec/gcc/aarch64-linux-g"..., "-plugin-opt=/usr/libexec/gcc/aar"..., "-plugin-opt=-fresolution=/tmp/cc"..., "-plugin-opt=-pass-through=-lgcc", "-plugin-opt=-pass-through=-lgcc_"..., "-plugin-opt=-pass-through=-lc", "-plugin-opt=-pass-through=-lgcc", "-plugin-opt=-pass-through=-lgcc_"..., "--build-id", "--eh-frame-hdr", "--hash-style=gnu", "--as-needed", "-dynamic-linker", "/lib/ld-linux-aarch64.so.1", "-X", "-EL", "-maarch64linux", "--fix-cortex-a53-843419", "-pie", "-z", "now", "-z", "relro", "-o", "/home/runner/work/_temp/transiti"..., "/usr/lib/gcc/aarch64-linux-gnu/1"..., "/usr/lib/gcc/aarch64-linux-gnu/1"..., "/usr/lib/gcc/aarch64-linux-gnu/1"..., "-L/usr/lib/gcc/aarch64-linux-gnu"..., "-L/usr/lib/gcc/aarch64-linux-gnu"..., ...], 0xffffcb93b8f0 /* 118 vars */ <unfinished ...>
5998  <... clone resumed>)              = 5999
5999  <... execve resumed>)             = 0
5998  wait4(5999,  <unfinished ...>
5999  exit_group(0)                     = ?
5999  +++ exited with 0 +++
5998  <... wait4 resumed>[{WIFEXITED(s) && WEXITSTATUS(s) == 0}], 0, NULL) = 5999
5998  --- SIGCHLD {si_signo=SIGCHLD, si_code=CLD_EXITED, si_pid=5999, si_uid=1001, si_status=0, si_utime=0, si_stime=1 /* 0.01 s */} ---
5998  exit_group(0)                     = ?
5998  +++ exited with 0 +++
5995  <... wait4 resumed>[{WIFEXITED(s) && WEXITSTATUS(s) == 0}], 0, NULL) = 5998
5995  --- SIGCHLD {si_signo=SIGCHLD, si_code=CLD_EXITED, si_pid=5998, si_uid=1001, si_status=0, si_utime=0, si_stime=0} ---
5995  exit_group(0)                     = ?
5995  +++ exited with 0 +++
5992  <... wait4 resumed>[{WIFEXITED(s) && WEXITSTATUS(s) == 0}], 0, NULL) = 5995
5992  --- SIGCHLD {si_signo=SIGCHLD, si_code=CLD_EXITED, si_pid=5995, si_uid=1001, si_status=0, si_utime=0, si_stime=0} ---
5992  exit_group(0)                     = ?
5992  +++ exited with 0 +++
