5983  execve("/home/runner/work/_temp/release/type-rb-native-bootstrap-linux-arm64", ["/home/runner/work/_temp/release/"..., "build", "compiler/gate4/src/compiler.trb", "--output", "/home/runner/work/_temp/transiti"..., "--qbe", "/home/runner/work/_temp/qbe-1.3/"..., "--cc", "/usr/bin/cc", "--target", "linux-arm64-v0"], 0xfffffc604028 /* 111 vars */) = 0
5983  clone(child_stack=NULL, flags=CLONE_CHILD_CLEARTID|CLONE_CHILD_SETTID|SIGCHLD, child_tidptr=0xff2d84afbf90) = 5984
5983  wait4(5984,  <unfinished ...>
5984  execve("/home/runner/work/_temp/qbe-1.3/qbe", ["/home/runner/work/_temp/qbe-1.3/"..., "-t", "arm64", "-o", "/home/runner/work/_temp/transiti"..., "/home/runner/work/_temp/transiti"...], 0xffffea56c4d8 /* 111 vars */) = 0
5984  exit_group(0)                     = ?
5984  +++ exited with 0 +++
5983  <... wait4 resumed>[{WIFEXITED(s) && WEXITSTATUS(s) == 0}], 0, NULL) = 5984
5983  --- SIGCHLD {si_signo=SIGCHLD, si_code=CLD_EXITED, si_pid=5984, si_uid=1001, si_status=0, si_utime=25 /* 0.25 s */, si_stime=1 /* 0.01 s */} ---
5983  clone(child_stack=NULL, flags=CLONE_CHILD_CLEARTID|CLONE_CHILD_SETTID|SIGCHLD, child_tidptr=0xff2d84afbf90) = 5985
5983  wait4(5985,  <unfinished ...>
5985  execve("/usr/bin/cc", ["/usr/bin/cc", "-xassembler", "/home/runner/work/_temp/transiti"..., "-Wl,--gc-sections,--strip-all", "-o", "/home/runner/work/_temp/transiti"...], 0xffffea56c4d8 /* 111 vars */) = 0
5985  clone(child_stack=0xffffe9141330, flags=CLONE_VM|CLONE_VFORK|SIGCHLD <unfinished ...>
5986  execve("/home/runner/go/bin/as", ["as", "-EL", "-mabi=lp64", "-o", "/tmp/cc6HgoNZ.o", "/home/runner/work/_temp/transiti"...], 0x3356bc10 /* 116 vars */) = -1 ENOENT (No such file or directory)
5986  execve("/opt/hostedtoolcache/go/1.27.1/arm64/bin/as", ["as", "-EL", "-mabi=lp64", "-o", "/tmp/cc6HgoNZ.o", "/home/runner/work/_temp/transiti"...], 0x3356bc10 /* 116 vars */) = -1 ENOENT (No such file or directory)
5986  execve("/snap/bin/as", ["as", "-EL", "-mabi=lp64", "-o", "/tmp/cc6HgoNZ.o", "/home/runner/work/_temp/transiti"...], 0x3356bc10 /* 116 vars */) = -1 ENOENT (No such file or directory)
5986  execve("/home/runner/.local/bin/as", ["as", "-EL", "-mabi=lp64", "-o", "/tmp/cc6HgoNZ.o", "/home/runner/work/_temp/transiti"...], 0x3356bc10 /* 116 vars */) = -1 ENOENT (No such file or directory)
5986  execve("/opt/pipx_bin/as", ["as", "-EL", "-mabi=lp64", "-o", "/tmp/cc6HgoNZ.o", "/home/runner/work/_temp/transiti"...], 0x3356bc10 /* 116 vars */) = -1 ENOENT (No such file or directory)
5986  execve("/home/runner/.cargo/bin/as", ["as", "-EL", "-mabi=lp64", "-o", "/tmp/cc6HgoNZ.o", "/home/runner/work/_temp/transiti"...], 0x3356bc10 /* 116 vars */) = -1 ENOENT (No such file or directory)
5986  execve("/home/runner/.config/composer/vendor/bin/as", ["as", "-EL", "-mabi=lp64", "-o", "/tmp/cc6HgoNZ.o", "/home/runner/work/_temp/transiti"...], 0x3356bc10 /* 116 vars */) = -1 ENOENT (No such file or directory)
5986  execve("/home/runner/.dotnet/tools/as", ["as", "-EL", "-mabi=lp64", "-o", "/tmp/cc6HgoNZ.o", "/home/runner/work/_temp/transiti"...], 0x3356bc10 /* 116 vars */) = -1 ENOENT (No such file or directory)
5986  execve("/usr/local/sbin/as", ["as", "-EL", "-mabi=lp64", "-o", "/tmp/cc6HgoNZ.o", "/home/runner/work/_temp/transiti"...], 0x3356bc10 /* 116 vars */) = -1 ENOENT (No such file or directory)
5986  execve("/usr/local/bin/as", ["as", "-EL", "-mabi=lp64", "-o", "/tmp/cc6HgoNZ.o", "/home/runner/work/_temp/transiti"...], 0x3356bc10 /* 116 vars */) = -1 ENOENT (No such file or directory)
5986  execve("/usr/sbin/as", ["as", "-EL", "-mabi=lp64", "-o", "/tmp/cc6HgoNZ.o", "/home/runner/work/_temp/transiti"...], 0x3356bc10 /* 116 vars */) = -1 ENOENT (No such file or directory)
5986  execve("/usr/bin/as", ["as", "-EL", "-mabi=lp64", "-o", "/tmp/cc6HgoNZ.o", "/home/runner/work/_temp/transiti"...], 0x3356bc10 /* 116 vars */ <unfinished ...>
5985  <... clone resumed>)              = 5986
5986  <... execve resumed>)             = 0
5985  wait4(5986,  <unfinished ...>
5986  exit_group(0)                     = ?
5986  +++ exited with 0 +++
5985  <... wait4 resumed>[{WIFEXITED(s) && WEXITSTATUS(s) == 0}], 0, NULL) = 5986
5985  --- SIGCHLD {si_signo=SIGCHLD, si_code=CLD_EXITED, si_pid=5986, si_uid=1001, si_status=0, si_utime=10 /* 0.10 s */, si_stime=0} ---
5985  clone(child_stack=0xffffe9140470, flags=CLONE_VM|CLONE_VFORK|SIGCHLD <unfinished ...>
5987  execve("/usr/libexec/gcc/aarch64-linux-gnu/13/collect2", ["/usr/libexec/gcc/aarch64-linux-g"..., "-plugin", "/usr/libexec/gcc/aarch64-linux-g"..., "-plugin-opt=/usr/libexec/gcc/aar"..., "-plugin-opt=-fresolution=/tmp/cc"..., "-plugin-opt=-pass-through=-lgcc", "-plugin-opt=-pass-through=-lgcc_"..., "-plugin-opt=-pass-through=-lc", "-plugin-opt=-pass-through=-lgcc", "-plugin-opt=-pass-through=-lgcc_"..., "--build-id", "--eh-frame-hdr", "--hash-style=gnu", "--as-needed", "-dynamic-linker", "/lib/ld-linux-aarch64.so.1", "-X", "-EL", "-maarch64linux", "--fix-cortex-a53-843419", "-pie", "-z", "now", "-z", "relro", "-o", "/home/runner/work/_temp/transiti"..., "/usr/lib/gcc/aarch64-linux-gnu/1"..., "/usr/lib/gcc/aarch64-linux-gnu/1"..., "/usr/lib/gcc/aarch64-linux-gnu/1"..., "-L/usr/lib/gcc/aarch64-linux-gnu"..., "-L/usr/lib/gcc/aarch64-linux-gnu"..., ...], 0x3356c3b0 /* 118 vars */ <unfinished ...>
5985  <... clone resumed>)              = 5987
5987  <... execve resumed>)             = 0
5985  wait4(5987,  <unfinished ...>
5987  clone(child_stack=0xffffc27206e0, flags=CLONE_VM|CLONE_VFORK|SIGCHLD <unfinished ...>
5988  execve("/usr/bin/ld", ["/usr/bin/ld", "-plugin", "/usr/libexec/gcc/aarch64-linux-g"..., "-plugin-opt=/usr/libexec/gcc/aar"..., "-plugin-opt=-fresolution=/tmp/cc"..., "-plugin-opt=-pass-through=-lgcc", "-plugin-opt=-pass-through=-lgcc_"..., "-plugin-opt=-pass-through=-lc", "-plugin-opt=-pass-through=-lgcc", "-plugin-opt=-pass-through=-lgcc_"..., "--build-id", "--eh-frame-hdr", "--hash-style=gnu", "--as-needed", "-dynamic-linker", "/lib/ld-linux-aarch64.so.1", "-X", "-EL", "-maarch64linux", "--fix-cortex-a53-843419", "-pie", "-z", "now", "-z", "relro", "-o", "/home/runner/work/_temp/transiti"..., "/usr/lib/gcc/aarch64-linux-gnu/1"..., "/usr/lib/gcc/aarch64-linux-gnu/1"..., "/usr/lib/gcc/aarch64-linux-gnu/1"..., "-L/usr/lib/gcc/aarch64-linux-gnu"..., "-L/usr/lib/gcc/aarch64-linux-gnu"..., ...], 0xffffc2720d90 /* 118 vars */ <unfinished ...>
5987  <... clone resumed>)              = 5988
5988  <... execve resumed>)             = 0
5987  wait4(5988,  <unfinished ...>
5988  exit_group(0)                     = ?
5988  +++ exited with 0 +++
5987  <... wait4 resumed>[{WIFEXITED(s) && WEXITSTATUS(s) == 0}], 0, NULL) = 5988
5987  --- SIGCHLD {si_signo=SIGCHLD, si_code=CLD_EXITED, si_pid=5988, si_uid=1001, si_status=0, si_utime=0, si_stime=1 /* 0.01 s */} ---
5987  exit_group(0)                     = ?
5987  +++ exited with 0 +++
5985  <... wait4 resumed>[{WIFEXITED(s) && WEXITSTATUS(s) == 0}], 0, NULL) = 5987
5985  --- SIGCHLD {si_signo=SIGCHLD, si_code=CLD_EXITED, si_pid=5987, si_uid=1001, si_status=0, si_utime=0, si_stime=0} ---
5985  exit_group(0)                     = ?
5985  +++ exited with 0 +++
5983  <... wait4 resumed>[{WIFEXITED(s) && WEXITSTATUS(s) == 0}], 0, NULL) = 5985
5983  --- SIGCHLD {si_signo=SIGCHLD, si_code=CLD_EXITED, si_pid=5985, si_uid=1001, si_status=0, si_utime=0, si_stime=0} ---
5983  exit_group(0)                     = ?
5983  +++ exited with 0 +++
