2528  execve("/home/runner/work/_temp/transition/first/compiler", ["/home/runner/work/_temp/transiti"..., "build", "/home/runner/work/type-rb-native"..., "--output", "/home/runner/work/_temp/transiti"..., "--qbe", "/home/runner/work/_temp/qbe-1.3/"..., "--cc", "/usr/bin/cc", "--target", "linux-arm64-v0"], 0xffffe2cb1e18 /* 105 vars */) = 0
2528  clone(child_stack=NULL, flags=CLONE_CHILD_CLEARTID|CLONE_CHILD_SETTID|SIGCHLD, child_tidptr=0xff151a43ef90) = 2529
2528  wait4(2529,  <unfinished ...>
2529  execve("/home/runner/work/_temp/qbe-1.3/qbe", ["/home/runner/work/_temp/qbe-1.3/"..., "-t", "arm64", "-o", "/home/runner/work/_temp/transiti"..., "/home/runner/work/_temp/transiti"...], 0xffffd3cca718 /* 105 vars */) = 0
2529  exit_group(0)                     = ?
2529  +++ exited with 0 +++
2528  <... wait4 resumed>[{WIFEXITED(s) && WEXITSTATUS(s) == 0}], 0, NULL) = 2529
2528  --- SIGCHLD {si_signo=SIGCHLD, si_code=CLD_EXITED, si_pid=2529, si_uid=1001, si_status=0, si_utime=19 /* 0.19 s */, si_stime=0} ---
2528  clone(child_stack=NULL, flags=CLONE_CHILD_CLEARTID|CLONE_CHILD_SETTID|SIGCHLD, child_tidptr=0xff151a43ef90) = 2530
2528  wait4(2530,  <unfinished ...>
2530  execve("/usr/bin/cc", ["/usr/bin/cc", "-xassembler", "/home/runner/work/_temp/transiti"..., "-Wl,--gc-sections,--strip-all", "-o", "/home/runner/work/_temp/transiti"...], 0xffffd3cca718 /* 105 vars */) = 0
2530  clone(child_stack=0xffffd81d8820, flags=CLONE_VM|CLONE_VFORK|SIGCHLD <unfinished ...>
2531  execve("/snap/bin/as", ["as", "-EL", "-mabi=lp64", "-o", "/tmp/cc9VBVSa.o", "/home/runner/work/_temp/transiti"...], 0x1bc78bf0 /* 110 vars */) = -1 ENOENT (No such file or directory)
2531  execve("/home/runner/.local/bin/as", ["as", "-EL", "-mabi=lp64", "-o", "/tmp/cc9VBVSa.o", "/home/runner/work/_temp/transiti"...], 0x1bc78bf0 /* 110 vars */) = -1 ENOENT (No such file or directory)
2531  execve("/opt/pipx_bin/as", ["as", "-EL", "-mabi=lp64", "-o", "/tmp/cc9VBVSa.o", "/home/runner/work/_temp/transiti"...], 0x1bc78bf0 /* 110 vars */) = -1 ENOENT (No such file or directory)
2531  execve("/home/runner/.cargo/bin/as", ["as", "-EL", "-mabi=lp64", "-o", "/tmp/cc9VBVSa.o", "/home/runner/work/_temp/transiti"...], 0x1bc78bf0 /* 110 vars */) = -1 ENOENT (No such file or directory)
2531  execve("/home/runner/.config/composer/vendor/bin/as", ["as", "-EL", "-mabi=lp64", "-o", "/tmp/cc9VBVSa.o", "/home/runner/work/_temp/transiti"...], 0x1bc78bf0 /* 110 vars */) = -1 ENOENT (No such file or directory)
2531  execve("/home/runner/.dotnet/tools/as", ["as", "-EL", "-mabi=lp64", "-o", "/tmp/cc9VBVSa.o", "/home/runner/work/_temp/transiti"...], 0x1bc78bf0 /* 110 vars */) = -1 ENOENT (No such file or directory)
2531  execve("/usr/local/sbin/as", ["as", "-EL", "-mabi=lp64", "-o", "/tmp/cc9VBVSa.o", "/home/runner/work/_temp/transiti"...], 0x1bc78bf0 /* 110 vars */) = -1 ENOENT (No such file or directory)
2531  execve("/usr/local/bin/as", ["as", "-EL", "-mabi=lp64", "-o", "/tmp/cc9VBVSa.o", "/home/runner/work/_temp/transiti"...], 0x1bc78bf0 /* 110 vars */) = -1 ENOENT (No such file or directory)
2531  execve("/usr/sbin/as", ["as", "-EL", "-mabi=lp64", "-o", "/tmp/cc9VBVSa.o", "/home/runner/work/_temp/transiti"...], 0x1bc78bf0 /* 110 vars */) = -1 ENOENT (No such file or directory)
2531  execve("/usr/bin/as", ["as", "-EL", "-mabi=lp64", "-o", "/tmp/cc9VBVSa.o", "/home/runner/work/_temp/transiti"...], 0x1bc78bf0 /* 110 vars */ <unfinished ...>
2530  <... clone resumed>)              = 2531
2531  <... execve resumed>)             = 0
2530  wait4(2531,  <unfinished ...>
2531  exit_group(0)                     = ?
2531  +++ exited with 0 +++
2530  <... wait4 resumed>[{WIFEXITED(s) && WEXITSTATUS(s) == 0}], 0, NULL) = 2531
2530  --- SIGCHLD {si_signo=SIGCHLD, si_code=CLD_EXITED, si_pid=2531, si_uid=1001, si_status=0, si_utime=8 /* 0.08 s */, si_stime=0} ---
2530  clone(child_stack=0xffffd81d7960, flags=CLONE_VM|CLONE_VFORK|SIGCHLD <unfinished ...>
2532  execve("/usr/libexec/gcc/aarch64-linux-gnu/13/collect2", ["/usr/libexec/gcc/aarch64-linux-g"..., "-plugin", "/usr/libexec/gcc/aarch64-linux-g"..., "-plugin-opt=/usr/libexec/gcc/aar"..., "-plugin-opt=-fresolution=/tmp/cc"..., "-plugin-opt=-pass-through=-lgcc", "-plugin-opt=-pass-through=-lgcc_"..., "-plugin-opt=-pass-through=-lc", "-plugin-opt=-pass-through=-lgcc", "-plugin-opt=-pass-through=-lgcc_"..., "--build-id", "--eh-frame-hdr", "--hash-style=gnu", "--as-needed", "-dynamic-linker", "/lib/ld-linux-aarch64.so.1", "-X", "-EL", "-maarch64linux", "--fix-cortex-a53-843419", "-pie", "-z", "now", "-z", "relro", "-o", "/home/runner/work/_temp/transiti"..., "/usr/lib/gcc/aarch64-linux-gnu/1"..., "/usr/lib/gcc/aarch64-linux-gnu/1"..., "/usr/lib/gcc/aarch64-linux-gnu/1"..., "-L/usr/lib/gcc/aarch64-linux-gnu"..., "-L/usr/lib/gcc/aarch64-linux-gnu"..., ...], 0x1bc79360 /* 112 vars */ <unfinished ...>
2530  <... clone resumed>)              = 2532
2532  <... execve resumed>)             = 0
2530  wait4(2532,  <unfinished ...>
2532  clone(child_stack=0xffffde788f60, flags=CLONE_VM|CLONE_VFORK|SIGCHLD <unfinished ...>
2533  execve("/usr/bin/ld", ["/usr/bin/ld", "-plugin", "/usr/libexec/gcc/aarch64-linux-g"..., "-plugin-opt=/usr/libexec/gcc/aar"..., "-plugin-opt=-fresolution=/tmp/cc"..., "-plugin-opt=-pass-through=-lgcc", "-plugin-opt=-pass-through=-lgcc_"..., "-plugin-opt=-pass-through=-lc", "-plugin-opt=-pass-through=-lgcc", "-plugin-opt=-pass-through=-lgcc_"..., "--build-id", "--eh-frame-hdr", "--hash-style=gnu", "--as-needed", "-dynamic-linker", "/lib/ld-linux-aarch64.so.1", "-X", "-EL", "-maarch64linux", "--fix-cortex-a53-843419", "-pie", "-z", "now", "-z", "relro", "-o", "/home/runner/work/_temp/transiti"..., "/usr/lib/gcc/aarch64-linux-gnu/1"..., "/usr/lib/gcc/aarch64-linux-gnu/1"..., "/usr/lib/gcc/aarch64-linux-gnu/1"..., "-L/usr/lib/gcc/aarch64-linux-gnu"..., "-L/usr/lib/gcc/aarch64-linux-gnu"..., ...], 0xffffde789610 /* 112 vars */ <unfinished ...>
2532  <... clone resumed>)              = 2533
2533  <... execve resumed>)             = 0
2532  wait4(2533,  <unfinished ...>
2533  exit_group(0)                     = ?
2533  +++ exited with 0 +++
2532  <... wait4 resumed>[{WIFEXITED(s) && WEXITSTATUS(s) == 0}], 0, NULL) = 2533
2532  --- SIGCHLD {si_signo=SIGCHLD, si_code=CLD_EXITED, si_pid=2533, si_uid=1001, si_status=0, si_utime=1 /* 0.01 s */, si_stime=1 /* 0.01 s */} ---
2532  exit_group(0)                     = ?
2532  +++ exited with 0 +++
2530  <... wait4 resumed>[{WIFEXITED(s) && WEXITSTATUS(s) == 0}], 0, NULL) = 2532
2530  --- SIGCHLD {si_signo=SIGCHLD, si_code=CLD_EXITED, si_pid=2532, si_uid=1001, si_status=0, si_utime=0, si_stime=0} ---
2530  exit_group(0)                     = ?
2530  +++ exited with 0 +++
2528  <... wait4 resumed>[{WIFEXITED(s) && WEXITSTATUS(s) == 0}], 0, NULL) = 2530
2528  --- SIGCHLD {si_signo=SIGCHLD, si_code=CLD_EXITED, si_pid=2530, si_uid=1001, si_status=0, si_utime=0, si_stime=0} ---
2528  exit_group(0)                     = ?
2528  +++ exited with 0 +++
