2518  execve("/home/runner/work/_temp/release/type-rb-native-bootstrap-linux-arm64", ["/home/runner/work/_temp/release/"..., "build", "/home/runner/work/type-rb-native"..., "--output", "/home/runner/work/_temp/transiti"..., "--qbe", "/home/runner/work/_temp/qbe-1.3/"..., "--cc", "/usr/bin/cc", "--target", "linux-arm64-v0"], 0xffffdad51d18 /* 105 vars */) = 0
2518  clone(child_stack=NULL, flags=CLONE_CHILD_CLEARTID|CLONE_CHILD_SETTID|SIGCHLD, child_tidptr=0xffa8d3af9f90) = 2520
2518  wait4(2520,  <unfinished ...>
2520  execve("/home/runner/work/_temp/qbe-1.3/qbe", ["/home/runner/work/_temp/qbe-1.3/"..., "-t", "arm64", "-o", "/home/runner/work/_temp/transiti"..., "/home/runner/work/_temp/transiti"...], 0xffffdcfe0ee8 /* 105 vars */) = 0
2520  exit_group(0)                     = ?
2520  +++ exited with 0 +++
2518  <... wait4 resumed>[{WIFEXITED(s) && WEXITSTATUS(s) == 0}], 0, NULL) = 2520
2518  --- SIGCHLD {si_signo=SIGCHLD, si_code=CLD_EXITED, si_pid=2520, si_uid=1001, si_status=0, si_utime=16 /* 0.16 s */, si_stime=0} ---
2518  clone(child_stack=NULL, flags=CLONE_CHILD_CLEARTID|CLONE_CHILD_SETTID|SIGCHLD, child_tidptr=0xffa8d3af9f90) = 2521
2518  wait4(2521,  <unfinished ...>
2521  execve("/usr/bin/cc", ["/usr/bin/cc", "-xassembler", "/home/runner/work/_temp/transiti"..., "-Wl,--gc-sections,--strip-all", "-o", "/home/runner/work/_temp/transiti"...], 0xffffdcfe0ee8 /* 105 vars */) = 0
2521  clone(child_stack=0xffffc6daaca0, flags=CLONE_VM|CLONE_VFORK|SIGCHLD <unfinished ...>
2522  execve("/snap/bin/as", ["as", "-EL", "-mabi=lp64", "-o", "/tmp/ccUcm4rS.o", "/home/runner/work/_temp/transiti"...], 0x7ce8be0 /* 110 vars */) = -1 ENOENT (No such file or directory)
2522  execve("/home/runner/.local/bin/as", ["as", "-EL", "-mabi=lp64", "-o", "/tmp/ccUcm4rS.o", "/home/runner/work/_temp/transiti"...], 0x7ce8be0 /* 110 vars */) = -1 ENOENT (No such file or directory)
2522  execve("/opt/pipx_bin/as", ["as", "-EL", "-mabi=lp64", "-o", "/tmp/ccUcm4rS.o", "/home/runner/work/_temp/transiti"...], 0x7ce8be0 /* 110 vars */) = -1 ENOENT (No such file or directory)
2522  execve("/home/runner/.cargo/bin/as", ["as", "-EL", "-mabi=lp64", "-o", "/tmp/ccUcm4rS.o", "/home/runner/work/_temp/transiti"...], 0x7ce8be0 /* 110 vars */) = -1 ENOENT (No such file or directory)
2522  execve("/home/runner/.config/composer/vendor/bin/as", ["as", "-EL", "-mabi=lp64", "-o", "/tmp/ccUcm4rS.o", "/home/runner/work/_temp/transiti"...], 0x7ce8be0 /* 110 vars */) = -1 ENOENT (No such file or directory)
2522  execve("/home/runner/.dotnet/tools/as", ["as", "-EL", "-mabi=lp64", "-o", "/tmp/ccUcm4rS.o", "/home/runner/work/_temp/transiti"...], 0x7ce8be0 /* 110 vars */) = -1 ENOENT (No such file or directory)
2522  execve("/usr/local/sbin/as", ["as", "-EL", "-mabi=lp64", "-o", "/tmp/ccUcm4rS.o", "/home/runner/work/_temp/transiti"...], 0x7ce8be0 /* 110 vars */) = -1 ENOENT (No such file or directory)
2522  execve("/usr/local/bin/as", ["as", "-EL", "-mabi=lp64", "-o", "/tmp/ccUcm4rS.o", "/home/runner/work/_temp/transiti"...], 0x7ce8be0 /* 110 vars */) = -1 ENOENT (No such file or directory)
2522  execve("/usr/sbin/as", ["as", "-EL", "-mabi=lp64", "-o", "/tmp/ccUcm4rS.o", "/home/runner/work/_temp/transiti"...], 0x7ce8be0 /* 110 vars */) = -1 ENOENT (No such file or directory)
2522  execve("/usr/bin/as", ["as", "-EL", "-mabi=lp64", "-o", "/tmp/ccUcm4rS.o", "/home/runner/work/_temp/transiti"...], 0x7ce8be0 /* 110 vars */ <unfinished ...>
2521  <... clone resumed>)              = 2522
2522  <... execve resumed>)             = 0
2521  wait4(2522,  <unfinished ...>
2522  exit_group(0)                     = ?
2522  +++ exited with 0 +++
2521  <... wait4 resumed>[{WIFEXITED(s) && WEXITSTATUS(s) == 0}], 0, NULL) = 2522
2521  --- SIGCHLD {si_signo=SIGCHLD, si_code=CLD_EXITED, si_pid=2522, si_uid=1001, si_status=0, si_utime=7 /* 0.07 s */, si_stime=0} ---
2521  clone(child_stack=0xffffc6da9de0, flags=CLONE_VM|CLONE_VFORK|SIGCHLD <unfinished ...>
2523  execve("/usr/libexec/gcc/aarch64-linux-gnu/13/collect2", ["/usr/libexec/gcc/aarch64-linux-g"..., "-plugin", "/usr/libexec/gcc/aarch64-linux-g"..., "-plugin-opt=/usr/libexec/gcc/aar"..., "-plugin-opt=-fresolution=/tmp/cc"..., "-plugin-opt=-pass-through=-lgcc", "-plugin-opt=-pass-through=-lgcc_"..., "-plugin-opt=-pass-through=-lc", "-plugin-opt=-pass-through=-lgcc", "-plugin-opt=-pass-through=-lgcc_"..., "--build-id", "--eh-frame-hdr", "--hash-style=gnu", "--as-needed", "-dynamic-linker", "/lib/ld-linux-aarch64.so.1", "-X", "-EL", "-maarch64linux", "--fix-cortex-a53-843419", "-pie", "-z", "now", "-z", "relro", "-o", "/home/runner/work/_temp/transiti"..., "/usr/lib/gcc/aarch64-linux-gnu/1"..., "/usr/lib/gcc/aarch64-linux-gnu/1"..., "/usr/lib/gcc/aarch64-linux-gnu/1"..., "-L/usr/lib/gcc/aarch64-linux-gnu"..., "-L/usr/lib/gcc/aarch64-linux-gnu"..., ...], 0x7ce9350 /* 112 vars */ <unfinished ...>
2521  <... clone resumed>)              = 2523
2523  <... execve resumed>)             = 0
2521  wait4(2523,  <unfinished ...>
2523  clone(child_stack=0xfffff332a120, flags=CLONE_VM|CLONE_VFORK|SIGCHLD <unfinished ...>
2524  execve("/usr/bin/ld", ["/usr/bin/ld", "-plugin", "/usr/libexec/gcc/aarch64-linux-g"..., "-plugin-opt=/usr/libexec/gcc/aar"..., "-plugin-opt=-fresolution=/tmp/cc"..., "-plugin-opt=-pass-through=-lgcc", "-plugin-opt=-pass-through=-lgcc_"..., "-plugin-opt=-pass-through=-lc", "-plugin-opt=-pass-through=-lgcc", "-plugin-opt=-pass-through=-lgcc_"..., "--build-id", "--eh-frame-hdr", "--hash-style=gnu", "--as-needed", "-dynamic-linker", "/lib/ld-linux-aarch64.so.1", "-X", "-EL", "-maarch64linux", "--fix-cortex-a53-843419", "-pie", "-z", "now", "-z", "relro", "-o", "/home/runner/work/_temp/transiti"..., "/usr/lib/gcc/aarch64-linux-gnu/1"..., "/usr/lib/gcc/aarch64-linux-gnu/1"..., "/usr/lib/gcc/aarch64-linux-gnu/1"..., "-L/usr/lib/gcc/aarch64-linux-gnu"..., "-L/usr/lib/gcc/aarch64-linux-gnu"..., ...], 0xfffff332a7d0 /* 112 vars */ <unfinished ...>
2523  <... clone resumed>)              = 2524
2524  <... execve resumed>)             = 0
2523  wait4(2524,  <unfinished ...>
2524  exit_group(0)                     = ?
2524  +++ exited with 0 +++
2523  <... wait4 resumed>[{WIFEXITED(s) && WEXITSTATUS(s) == 0}], 0, NULL) = 2524
2523  --- SIGCHLD {si_signo=SIGCHLD, si_code=CLD_EXITED, si_pid=2524, si_uid=1001, si_status=0, si_utime=1 /* 0.01 s */, si_stime=0} ---
2523  exit_group(0)                     = ?
2523  +++ exited with 0 +++
2521  <... wait4 resumed>[{WIFEXITED(s) && WEXITSTATUS(s) == 0}], 0, NULL) = 2523
2521  --- SIGCHLD {si_signo=SIGCHLD, si_code=CLD_EXITED, si_pid=2523, si_uid=1001, si_status=0, si_utime=0, si_stime=0} ---
2521  exit_group(0)                     = ?
2521  +++ exited with 0 +++
2518  <... wait4 resumed>[{WIFEXITED(s) && WEXITSTATUS(s) == 0}], 0, NULL) = 2521
2518  --- SIGCHLD {si_signo=SIGCHLD, si_code=CLD_EXITED, si_pid=2521, si_uid=1001, si_status=0, si_utime=0, si_stime=0} ---
2518  exit_group(0)                     = ?
2518  +++ exited with 0 +++
