9361  execve("/home/runner/work/_temp/bootstrap-workspace/b4/compiler", ["/home/runner/work/_temp/bootstra"..., "build", "/home/runner/work/type-rb-native"..., "--output", "/home/runner/work/_temp/bootstra"..., "--qbe", "/home/runner/work/_temp/qbe-1.3/"..., "--cc", "/usr/bin/cc", "--target", "linux-arm64-v0"], 0xffffcd0baf18 /* 111 vars */) = 0
9361  clone(child_stack=NULL, flags=CLONE_CHILD_CLEARTID|CLONE_CHILD_SETTID|SIGCHLD, child_tidptr=0xff19aa968f90) = 9362
9361  wait4(9362,  <unfinished ...>
9362  execve("/home/runner/work/_temp/qbe-1.3/qbe", ["/home/runner/work/_temp/qbe-1.3/"..., "-t", "arm64", "-o", "/home/runner/work/_temp/bootstra"..., "/home/runner/work/_temp/bootstra"...], 0xffffda2d9d98 /* 111 vars */) = 0
9362  exit_group(0)                     = ?
9362  +++ exited with 0 +++
9361  <... wait4 resumed>[{WIFEXITED(s) && WEXITSTATUS(s) == 0}], 0, NULL) = 9362
9361  --- SIGCHLD {si_signo=SIGCHLD, si_code=CLD_EXITED, si_pid=9362, si_uid=1001, si_status=0, si_utime=0, si_stime=0} ---
9361  clone(child_stack=NULL, flags=CLONE_CHILD_CLEARTID|CLONE_CHILD_SETTID|SIGCHLD, child_tidptr=0xff19aa968f90) = 9363
9361  wait4(9363,  <unfinished ...>
9363  execve("/usr/bin/cc", ["/usr/bin/cc", "-xassembler", "/home/runner/work/_temp/bootstra"..., "-fuse-ld=lld", "-Wl,--gc-sections,--strip-all", "-lm", "-o", "/home/runner/work/_temp/bootstra"...], 0xffffda2d9d98 /* 111 vars */) = 0
9363  clone(child_stack=0xfffff41c2120, flags=CLONE_VM|CLONE_VFORK|SIGCHLD <unfinished ...>
9364  execve("/home/runner/go/bin/as", ["as", "-EL", "-mabi=lp64", "-o", "/tmp/ccBktg1B.o", "/home/runner/work/_temp/bootstra"...], 0x9411d50 /* 116 vars */) = -1 ENOENT (No such file or directory)
9364  execve("/opt/hostedtoolcache/go/1.27.1/arm64/bin/as", ["as", "-EL", "-mabi=lp64", "-o", "/tmp/ccBktg1B.o", "/home/runner/work/_temp/bootstra"...], 0x9411d50 /* 116 vars */) = -1 ENOENT (No such file or directory)
9364  execve("/snap/bin/as", ["as", "-EL", "-mabi=lp64", "-o", "/tmp/ccBktg1B.o", "/home/runner/work/_temp/bootstra"...], 0x9411d50 /* 116 vars */) = -1 ENOENT (No such file or directory)
9364  execve("/home/runner/.local/bin/as", ["as", "-EL", "-mabi=lp64", "-o", "/tmp/ccBktg1B.o", "/home/runner/work/_temp/bootstra"...], 0x9411d50 /* 116 vars */) = -1 ENOENT (No such file or directory)
9364  execve("/opt/pipx_bin/as", ["as", "-EL", "-mabi=lp64", "-o", "/tmp/ccBktg1B.o", "/home/runner/work/_temp/bootstra"...], 0x9411d50 /* 116 vars */) = -1 ENOENT (No such file or directory)
9364  execve("/home/runner/.cargo/bin/as", ["as", "-EL", "-mabi=lp64", "-o", "/tmp/ccBktg1B.o", "/home/runner/work/_temp/bootstra"...], 0x9411d50 /* 116 vars */) = -1 ENOENT (No such file or directory)
9364  execve("/home/runner/.config/composer/vendor/bin/as", ["as", "-EL", "-mabi=lp64", "-o", "/tmp/ccBktg1B.o", "/home/runner/work/_temp/bootstra"...], 0x9411d50 /* 116 vars */) = -1 ENOENT (No such file or directory)
9364  execve("/home/runner/.dotnet/tools/as", ["as", "-EL", "-mabi=lp64", "-o", "/tmp/ccBktg1B.o", "/home/runner/work/_temp/bootstra"...], 0x9411d50 /* 116 vars */) = -1 ENOENT (No such file or directory)
9364  execve("/usr/local/sbin/as", ["as", "-EL", "-mabi=lp64", "-o", "/tmp/ccBktg1B.o", "/home/runner/work/_temp/bootstra"...], 0x9411d50 /* 116 vars */) = -1 ENOENT (No such file or directory)
9364  execve("/usr/local/bin/as", ["as", "-EL", "-mabi=lp64", "-o", "/tmp/ccBktg1B.o", "/home/runner/work/_temp/bootstra"...], 0x9411d50 /* 116 vars */) = -1 ENOENT (No such file or directory)
9364  execve("/usr/sbin/as", ["as", "-EL", "-mabi=lp64", "-o", "/tmp/ccBktg1B.o", "/home/runner/work/_temp/bootstra"...], 0x9411d50 /* 116 vars */) = -1 ENOENT (No such file or directory)
9364  execve("/usr/bin/as", ["as", "-EL", "-mabi=lp64", "-o", "/tmp/ccBktg1B.o", "/home/runner/work/_temp/bootstra"...], 0x9411d50 /* 116 vars */ <unfinished ...>
9363  <... clone resumed>)              = 9364
9364  <... execve resumed>)             = 0
9363  wait4(9364,  <unfinished ...>
9364  exit_group(0)                     = ?
9364  +++ exited with 0 +++
9363  <... wait4 resumed>[{WIFEXITED(s) && WEXITSTATUS(s) == 0}], 0, NULL) = 9364
9363  --- SIGCHLD {si_signo=SIGCHLD, si_code=CLD_EXITED, si_pid=9364, si_uid=1001, si_status=0, si_utime=0, si_stime=0} ---
9363  clone(child_stack=0xfffff41c1260, flags=CLONE_VM|CLONE_VFORK|SIGCHLD <unfinished ...>
9365  execve("/usr/libexec/gcc/aarch64-linux-gnu/13/collect2", ["/usr/libexec/gcc/aarch64-linux-g"..., "-plugin", "/usr/libexec/gcc/aarch64-linux-g"..., "-plugin-opt=/usr/libexec/gcc/aar"..., "-plugin-opt=-fresolution=/tmp/cc"..., "-plugin-opt=-pass-through=-lgcc", "-plugin-opt=-pass-through=-lgcc_"..., "-plugin-opt=-pass-through=-lc", "-plugin-opt=-pass-through=-lgcc", "-plugin-opt=-pass-through=-lgcc_"..., "--build-id", "--eh-frame-hdr", "--hash-style=gnu", "--as-needed", "-dynamic-linker", "/lib/ld-linux-aarch64.so.1", "-X", "-EL", "-maarch64linux", "--fix-cortex-a53-843419", "-pie", "-z", "now", "-fuse-ld=lld", "-z", "relro", "-o", "/home/runner/work/_temp/bootstra"..., "/usr/lib/gcc/aarch64-linux-gnu/1"..., "/usr/lib/gcc/aarch64-linux-gnu/1"..., "/usr/lib/gcc/aarch64-linux-gnu/1"..., "-L/usr/lib/gcc/aarch64-linux-gnu"..., ...], 0x9412580 /* 118 vars */ <unfinished ...>
9363  <... clone resumed>)              = 9365
9365  <... execve resumed>)             = 0
9363  wait4(9365,  <unfinished ...>
9365  clone(child_stack=0xffffcab39fc0, flags=CLONE_VM|CLONE_VFORK|SIGCHLD <unfinished ...>
9366  execve("/usr/bin/ld.lld", ["/usr/bin/ld.lld", "-plugin", "/usr/libexec/gcc/aarch64-linux-g"..., "-plugin-opt=/usr/libexec/gcc/aar"..., "-plugin-opt=-fresolution=/tmp/cc"..., "-plugin-opt=-pass-through=-lgcc", "-plugin-opt=-pass-through=-lgcc_"..., "-plugin-opt=-pass-through=-lc", "-plugin-opt=-pass-through=-lgcc", "-plugin-opt=-pass-through=-lgcc_"..., "--build-id", "--eh-frame-hdr", "--hash-style=gnu", "--as-needed", "-dynamic-linker", "/lib/ld-linux-aarch64.so.1", "-X", "-EL", "-maarch64linux", "--fix-cortex-a53-843419", "-pie", "-z", "now", "-z", "relro", "-o", "/home/runner/work/_temp/bootstra"..., "/usr/lib/gcc/aarch64-linux-gnu/1"..., "/usr/lib/gcc/aarch64-linux-gnu/1"..., "/usr/lib/gcc/aarch64-linux-gnu/1"..., "-L/usr/lib/gcc/aarch64-linux-gnu"..., "-L/usr/lib/gcc/aarch64-linux-gnu"..., ...], 0xffffcab3a680 /* 118 vars */ <unfinished ...>
9365  <... clone resumed>)              = 9366
9366  <... execve resumed>)             = 0
9365  wait4(9366,  <unfinished ...>
9366  clone3({flags=CLONE_VM|CLONE_FS|CLONE_FILES|CLONE_SIGHAND|CLONE_THREAD|CLONE_SYSVSEM|CLONE_SETTLS|CLONE_PARENT_SETTID|CLONE_CHILD_CLEARTID, child_tid=0xff9bf45ff050, parent_tid=0xff9bf45ff050, exit_signal=0, stack=0xff9bf05f0000, stack_size=0x400e840, tls=0xff9bf45ff6c0} => {parent_tid=[9367]}, 88) = 9367
9367  clone3({flags=CLONE_VM|CLONE_FS|CLONE_FILES|CLONE_SIGHAND|CLONE_THREAD|CLONE_SYSVSEM|CLONE_SETTLS|CLONE_PARENT_SETTID|CLONE_CHILD_CLEARTID, child_tid=0xff9bebfff050, parent_tid=0xff9bebfff050, exit_signal=0, stack=0xff9be7ff0000, stack_size=0x400e840, tls=0xff9bebfff6c0} => {parent_tid=[9368]}, 88) = 9368
9367  clone3({flags=CLONE_VM|CLONE_FS|CLONE_FILES|CLONE_SIGHAND|CLONE_THREAD|CLONE_SYSVSEM|CLONE_SETTLS|CLONE_PARENT_SETTID|CLONE_CHILD_CLEARTID, child_tid=0xff9be7fef050, parent_tid=0xff9be7fef050, exit_signal=0, stack=0xff9be3fe0000, stack_size=0x400e840, tls=0xff9be7fef6c0} => {parent_tid=[9369]}, 88) = 9369
9367  clone3({flags=CLONE_VM|CLONE_FS|CLONE_FILES|CLONE_SIGHAND|CLONE_THREAD|CLONE_SYSVSEM|CLONE_SETTLS|CLONE_PARENT_SETTID|CLONE_CHILD_CLEARTID, child_tid=0xff9bdbfff050, parent_tid=0xff9bdbfff050, exit_signal=0, stack=0xff9bd7ff0000, stack_size=0x400e840, tls=0xff9bdbfff6c0} => {parent_tid=[9370]}, 88) = 9370
9369  exit(0)                           = ?
9370  exit(0)                           = ?
9367  exit(0 <unfinished ...>
9369  +++ exited with 0 +++
9368  exit(0 <unfinished ...>
9366  exit_group(0 <unfinished ...>
9370  +++ exited with 0 +++
9368  <... exit resumed>)               = ?
9367  <... exit resumed>)               = ?
9366  <... exit_group resumed>)         = ?
9368  +++ exited with 0 +++
9367  +++ exited with 0 +++
9366  +++ exited with 0 +++
9365  <... wait4 resumed>[{WIFEXITED(s) && WEXITSTATUS(s) == 0}], 0, NULL) = 9366
9365  --- SIGCHLD {si_signo=SIGCHLD, si_code=CLD_EXITED, si_pid=9366, si_uid=1001, si_status=0, si_utime=0, si_stime=2 /* 0.02 s */} ---
9365  exit_group(0)                     = ?
9365  +++ exited with 0 +++
9363  <... wait4 resumed>[{WIFEXITED(s) && WEXITSTATUS(s) == 0}], 0, NULL) = 9365
9363  --- SIGCHLD {si_signo=SIGCHLD, si_code=CLD_EXITED, si_pid=9365, si_uid=1001, si_status=0, si_utime=0, si_stime=0} ---
9363  exit_group(0)                     = ?
9363  +++ exited with 0 +++
9361  <... wait4 resumed>[{WIFEXITED(s) && WEXITSTATUS(s) == 0}], 0, NULL) = 9363
9361  --- SIGCHLD {si_signo=SIGCHLD, si_code=CLD_EXITED, si_pid=9363, si_uid=1001, si_status=0, si_utime=0, si_stime=0} ---
9361  exit_group(0)                     = ?
9361  +++ exited with 0 +++
