6214  execve("/home/runner/work/_temp/transition/first/compiler", ["/home/runner/work/_temp/transiti"..., "build", "compiler/gate4/src/compiler.trb", "--output", "/home/runner/work/_temp/transiti"..., "--qbe", "/home/runner/work/_temp/qbe-1.3/"..., "--cc", "/usr/bin/cc", "--target", "linux-arm64-v0"], 0xffffcc81ff38 /* 111 vars */) = 0
6214  clone(child_stack=NULL, flags=CLONE_CHILD_CLEARTID|CLONE_CHILD_SETTID|SIGCHLD, child_tidptr=0xff5058823f90) = 6215
6214  wait4(6215,  <unfinished ...>
6215  execve("/home/runner/work/_temp/qbe-1.3/qbe", ["/home/runner/work/_temp/qbe-1.3/"..., "-t", "arm64", "-o", "/home/runner/work/_temp/transiti"..., "/home/runner/work/_temp/transiti"...], 0xfffff7243d48 /* 111 vars */) = 0
6215  exit_group(0)                     = ?
6215  +++ exited with 0 +++
6214  <... wait4 resumed>[{WIFEXITED(s) && WEXITSTATUS(s) == 0}], 0, NULL) = 6215
6214  --- SIGCHLD {si_signo=SIGCHLD, si_code=CLD_EXITED, si_pid=6215, si_uid=1001, si_status=0, si_utime=19 /* 0.19 s */, si_stime=1 /* 0.01 s */} ---
6214  clone(child_stack=NULL, flags=CLONE_CHILD_CLEARTID|CLONE_CHILD_SETTID|SIGCHLD, child_tidptr=0xff5058823f90) = 6216
6214  wait4(6216,  <unfinished ...>
6216  execve("/usr/bin/cc", ["/usr/bin/cc", "-xassembler", "/home/runner/work/_temp/transiti"..., "-Wl,--gc-sections,--strip-all", "-o", "/home/runner/work/_temp/transiti"...], 0xfffff7243d48 /* 111 vars */) = 0
6216  clone(child_stack=0xffffc00f9830, flags=CLONE_VM|CLONE_VFORK|SIGCHLD <unfinished ...>
6217  execve("/home/runner/go/bin/as", ["as", "-EL", "-mabi=lp64", "-o", "/tmp/cc2haOAg.o", "/home/runner/work/_temp/transiti"...], 0x34515c20 /* 116 vars */) = -1 ENOENT (No such file or directory)
6217  execve("/opt/hostedtoolcache/go/1.27.0/arm64/bin/as", ["as", "-EL", "-mabi=lp64", "-o", "/tmp/cc2haOAg.o", "/home/runner/work/_temp/transiti"...], 0x34515c20 /* 116 vars */) = -1 ENOENT (No such file or directory)
6217  execve("/snap/bin/as", ["as", "-EL", "-mabi=lp64", "-o", "/tmp/cc2haOAg.o", "/home/runner/work/_temp/transiti"...], 0x34515c20 /* 116 vars */) = -1 ENOENT (No such file or directory)
6217  execve("/home/runner/.local/bin/as", ["as", "-EL", "-mabi=lp64", "-o", "/tmp/cc2haOAg.o", "/home/runner/work/_temp/transiti"...], 0x34515c20 /* 116 vars */) = -1 ENOENT (No such file or directory)
6217  execve("/opt/pipx_bin/as", ["as", "-EL", "-mabi=lp64", "-o", "/tmp/cc2haOAg.o", "/home/runner/work/_temp/transiti"...], 0x34515c20 /* 116 vars */) = -1 ENOENT (No such file or directory)
6217  execve("/home/runner/.cargo/bin/as", ["as", "-EL", "-mabi=lp64", "-o", "/tmp/cc2haOAg.o", "/home/runner/work/_temp/transiti"...], 0x34515c20 /* 116 vars */) = -1 ENOENT (No such file or directory)
6217  execve("/home/runner/.config/composer/vendor/bin/as", ["as", "-EL", "-mabi=lp64", "-o", "/tmp/cc2haOAg.o", "/home/runner/work/_temp/transiti"...], 0x34515c20 /* 116 vars */) = -1 ENOENT (No such file or directory)
6217  execve("/home/runner/.dotnet/tools/as", ["as", "-EL", "-mabi=lp64", "-o", "/tmp/cc2haOAg.o", "/home/runner/work/_temp/transiti"...], 0x34515c20 /* 116 vars */) = -1 ENOENT (No such file or directory)
6217  execve("/usr/local/sbin/as", ["as", "-EL", "-mabi=lp64", "-o", "/tmp/cc2haOAg.o", "/home/runner/work/_temp/transiti"...], 0x34515c20 /* 116 vars */) = -1 ENOENT (No such file or directory)
6217  execve("/usr/local/bin/as", ["as", "-EL", "-mabi=lp64", "-o", "/tmp/cc2haOAg.o", "/home/runner/work/_temp/transiti"...], 0x34515c20 /* 116 vars */) = -1 ENOENT (No such file or directory)
6217  execve("/usr/sbin/as", ["as", "-EL", "-mabi=lp64", "-o", "/tmp/cc2haOAg.o", "/home/runner/work/_temp/transiti"...], 0x34515c20 /* 116 vars */) = -1 ENOENT (No such file or directory)
6217  execve("/usr/bin/as", ["as", "-EL", "-mabi=lp64", "-o", "/tmp/cc2haOAg.o", "/home/runner/work/_temp/transiti"...], 0x34515c20 /* 116 vars */ <unfinished ...>
6216  <... clone resumed>)              = 6217
6217  <... execve resumed>)             = 0
6216  wait4(6217,  <unfinished ...>
6217  exit_group(0)                     = ?
6217  +++ exited with 0 +++
6216  <... wait4 resumed>[{WIFEXITED(s) && WEXITSTATUS(s) == 0}], 0, NULL) = 6217
6216  --- SIGCHLD {si_signo=SIGCHLD, si_code=CLD_EXITED, si_pid=6217, si_uid=1001, si_status=0, si_utime=8 /* 0.08 s */, si_stime=0} ---
6216  clone(child_stack=0xffffc00f8970, flags=CLONE_VM|CLONE_VFORK|SIGCHLD <unfinished ...>
6218  execve("/usr/libexec/gcc/aarch64-linux-gnu/13/collect2", ["/usr/libexec/gcc/aarch64-linux-g"..., "-plugin", "/usr/libexec/gcc/aarch64-linux-g"..., "-plugin-opt=/usr/libexec/gcc/aar"..., "-plugin-opt=-fresolution=/tmp/cc"..., "-plugin-opt=-pass-through=-lgcc", "-plugin-opt=-pass-through=-lgcc_"..., "-plugin-opt=-pass-through=-lc", "-plugin-opt=-pass-through=-lgcc", "-plugin-opt=-pass-through=-lgcc_"..., "--build-id", "--eh-frame-hdr", "--hash-style=gnu", "--as-needed", "-dynamic-linker", "/lib/ld-linux-aarch64.so.1", "-X", "-EL", "-maarch64linux", "--fix-cortex-a53-843419", "-pie", "-z", "now", "-z", "relro", "-o", "/home/runner/work/_temp/transiti"..., "/usr/lib/gcc/aarch64-linux-gnu/1"..., "/usr/lib/gcc/aarch64-linux-gnu/1"..., "/usr/lib/gcc/aarch64-linux-gnu/1"..., "-L/usr/lib/gcc/aarch64-linux-gnu"..., "-L/usr/lib/gcc/aarch64-linux-gnu"..., ...], 0x345163c0 /* 118 vars */ <unfinished ...>
6216  <... clone resumed>)              = 6218
6218  <... execve resumed>)             = 0
6216  wait4(6218,  <unfinished ...>
6218  clone(child_stack=0xffffd26e8bd0, flags=CLONE_VM|CLONE_VFORK|SIGCHLD <unfinished ...>
6219  execve("/usr/bin/ld", ["/usr/bin/ld", "-plugin", "/usr/libexec/gcc/aarch64-linux-g"..., "-plugin-opt=/usr/libexec/gcc/aar"..., "-plugin-opt=-fresolution=/tmp/cc"..., "-plugin-opt=-pass-through=-lgcc", "-plugin-opt=-pass-through=-lgcc_"..., "-plugin-opt=-pass-through=-lc", "-plugin-opt=-pass-through=-lgcc", "-plugin-opt=-pass-through=-lgcc_"..., "--build-id", "--eh-frame-hdr", "--hash-style=gnu", "--as-needed", "-dynamic-linker", "/lib/ld-linux-aarch64.so.1", "-X", "-EL", "-maarch64linux", "--fix-cortex-a53-843419", "-pie", "-z", "now", "-z", "relro", "-o", "/home/runner/work/_temp/transiti"..., "/usr/lib/gcc/aarch64-linux-gnu/1"..., "/usr/lib/gcc/aarch64-linux-gnu/1"..., "/usr/lib/gcc/aarch64-linux-gnu/1"..., "-L/usr/lib/gcc/aarch64-linux-gnu"..., "-L/usr/lib/gcc/aarch64-linux-gnu"..., ...], 0xffffd26e9280 /* 118 vars */ <unfinished ...>
6218  <... clone resumed>)              = 6219
6219  <... execve resumed>)             = 0
6218  wait4(6219,  <unfinished ...>
6219  exit_group(0)                     = ?
6219  +++ exited with 0 +++
6218  <... wait4 resumed>[{WIFEXITED(s) && WEXITSTATUS(s) == 0}], 0, NULL) = 6219
6218  --- SIGCHLD {si_signo=SIGCHLD, si_code=CLD_EXITED, si_pid=6219, si_uid=1001, si_status=0, si_utime=1 /* 0.01 s */, si_stime=1 /* 0.01 s */} ---
6218  exit_group(0)                     = ?
6218  +++ exited with 0 +++
6216  <... wait4 resumed>[{WIFEXITED(s) && WEXITSTATUS(s) == 0}], 0, NULL) = 6218
6216  --- SIGCHLD {si_signo=SIGCHLD, si_code=CLD_EXITED, si_pid=6218, si_uid=1001, si_status=0, si_utime=0, si_stime=0} ---
6216  exit_group(0)                     = ?
6216  +++ exited with 0 +++
6214  <... wait4 resumed>[{WIFEXITED(s) && WEXITSTATUS(s) == 0}], 0, NULL) = 6216
6214  --- SIGCHLD {si_signo=SIGCHLD, si_code=CLD_EXITED, si_pid=6216, si_uid=1001, si_status=0, si_utime=0, si_stime=0} ---
6214  exit_group(0)                     = ?
6214  +++ exited with 0 +++
