6145  execve("/home/runner/work/_temp/release/type-rb-native-bootstrap-linux-arm64", ["/home/runner/work/_temp/release/"..., "build", "compiler/gate4/src/compiler.trb", "--output", "/home/runner/work/_temp/transiti"..., "--qbe", "/home/runner/work/_temp/qbe-1.3/"..., "--cc", "/usr/bin/cc", "--target", "linux-arm64-v0"], 0xffffed6171d8 /* 111 vars */) = 0
6145  clone(child_stack=NULL, flags=CLONE_CHILD_CLEARTID|CLONE_CHILD_SETTID|SIGCHLD, child_tidptr=0xff1d112f2f90) = 6206
6206  execve("/home/runner/work/_temp/qbe-1.3/qbe", ["/home/runner/work/_temp/qbe-1.3/"..., "-t", "arm64", "-o", "/home/runner/work/_temp/transiti"..., "/home/runner/work/_temp/transiti"...], 0xffffe1694cc8 /* 111 vars */ <unfinished ...>
6145  wait4(6206,  <unfinished ...>
6206  <... execve resumed>)             = 0
6206  exit_group(0)                     = ?
6206  +++ exited with 0 +++
6145  <... wait4 resumed>[{WIFEXITED(s) && WEXITSTATUS(s) == 0}], 0, NULL) = 6206
6145  --- SIGCHLD {si_signo=SIGCHLD, si_code=CLD_EXITED, si_pid=6206, si_uid=1001, si_status=0, si_utime=18 /* 0.18 s */, si_stime=0} ---
6145  clone(child_stack=NULL, flags=CLONE_CHILD_CLEARTID|CLONE_CHILD_SETTID|SIGCHLD, child_tidptr=0xff1d112f2f90) = 6207
6145  wait4(6207,  <unfinished ...>
6207  execve("/usr/bin/cc", ["/usr/bin/cc", "-xassembler", "/home/runner/work/_temp/transiti"..., "-Wl,--gc-sections,--strip-all", "-o", "/home/runner/work/_temp/transiti"...], 0xffffe1694cc8 /* 111 vars */) = 0
6207  clone(child_stack=0xfffff6d66120, flags=CLONE_VM|CLONE_VFORK|SIGCHLD <unfinished ...>
6208  execve("/home/runner/go/bin/as", ["as", "-EL", "-mabi=lp64", "-o", "/tmp/cc67K5Dn.o", "/home/runner/work/_temp/transiti"...], 0x2cac3c10 /* 116 vars */) = -1 ENOENT (No such file or directory)
6208  execve("/opt/hostedtoolcache/go/1.27.0/arm64/bin/as", ["as", "-EL", "-mabi=lp64", "-o", "/tmp/cc67K5Dn.o", "/home/runner/work/_temp/transiti"...], 0x2cac3c10 /* 116 vars */) = -1 ENOENT (No such file or directory)
6208  execve("/snap/bin/as", ["as", "-EL", "-mabi=lp64", "-o", "/tmp/cc67K5Dn.o", "/home/runner/work/_temp/transiti"...], 0x2cac3c10 /* 116 vars */) = -1 ENOENT (No such file or directory)
6208  execve("/home/runner/.local/bin/as", ["as", "-EL", "-mabi=lp64", "-o", "/tmp/cc67K5Dn.o", "/home/runner/work/_temp/transiti"...], 0x2cac3c10 /* 116 vars */) = -1 ENOENT (No such file or directory)
6208  execve("/opt/pipx_bin/as", ["as", "-EL", "-mabi=lp64", "-o", "/tmp/cc67K5Dn.o", "/home/runner/work/_temp/transiti"...], 0x2cac3c10 /* 116 vars */) = -1 ENOENT (No such file or directory)
6208  execve("/home/runner/.cargo/bin/as", ["as", "-EL", "-mabi=lp64", "-o", "/tmp/cc67K5Dn.o", "/home/runner/work/_temp/transiti"...], 0x2cac3c10 /* 116 vars */) = -1 ENOENT (No such file or directory)
6208  execve("/home/runner/.config/composer/vendor/bin/as", ["as", "-EL", "-mabi=lp64", "-o", "/tmp/cc67K5Dn.o", "/home/runner/work/_temp/transiti"...], 0x2cac3c10 /* 116 vars */) = -1 ENOENT (No such file or directory)
6208  execve("/home/runner/.dotnet/tools/as", ["as", "-EL", "-mabi=lp64", "-o", "/tmp/cc67K5Dn.o", "/home/runner/work/_temp/transiti"...], 0x2cac3c10 /* 116 vars */) = -1 ENOENT (No such file or directory)
6208  execve("/usr/local/sbin/as", ["as", "-EL", "-mabi=lp64", "-o", "/tmp/cc67K5Dn.o", "/home/runner/work/_temp/transiti"...], 0x2cac3c10 /* 116 vars */) = -1 ENOENT (No such file or directory)
6208  execve("/usr/local/bin/as", ["as", "-EL", "-mabi=lp64", "-o", "/tmp/cc67K5Dn.o", "/home/runner/work/_temp/transiti"...], 0x2cac3c10 /* 116 vars */) = -1 ENOENT (No such file or directory)
6208  execve("/usr/sbin/as", ["as", "-EL", "-mabi=lp64", "-o", "/tmp/cc67K5Dn.o", "/home/runner/work/_temp/transiti"...], 0x2cac3c10 /* 116 vars */) = -1 ENOENT (No such file or directory)
6208  execve("/usr/bin/as", ["as", "-EL", "-mabi=lp64", "-o", "/tmp/cc67K5Dn.o", "/home/runner/work/_temp/transiti"...], 0x2cac3c10 /* 116 vars */ <unfinished ...>
6207  <... clone resumed>)              = 6208
6208  <... execve resumed>)             = 0
6207  wait4(6208,  <unfinished ...>
6208  exit_group(0)                     = ?
6208  +++ exited with 0 +++
6207  <... wait4 resumed>[{WIFEXITED(s) && WEXITSTATUS(s) == 0}], 0, NULL) = 6208
6207  --- SIGCHLD {si_signo=SIGCHLD, si_code=CLD_EXITED, si_pid=6208, si_uid=1001, si_status=0, si_utime=8 /* 0.08 s */, si_stime=0} ---
6207  clone(child_stack=0xfffff6d65260, flags=CLONE_VM|CLONE_VFORK|SIGCHLD <unfinished ...>
6209  execve("/usr/libexec/gcc/aarch64-linux-gnu/13/collect2", ["/usr/libexec/gcc/aarch64-linux-g"..., "-plugin", "/usr/libexec/gcc/aarch64-linux-g"..., "-plugin-opt=/usr/libexec/gcc/aar"..., "-plugin-opt=-fresolution=/tmp/cc"..., "-plugin-opt=-pass-through=-lgcc", "-plugin-opt=-pass-through=-lgcc_"..., "-plugin-opt=-pass-through=-lc", "-plugin-opt=-pass-through=-lgcc", "-plugin-opt=-pass-through=-lgcc_"..., "--build-id", "--eh-frame-hdr", "--hash-style=gnu", "--as-needed", "-dynamic-linker", "/lib/ld-linux-aarch64.so.1", "-X", "-EL", "-maarch64linux", "--fix-cortex-a53-843419", "-pie", "-z", "now", "-z", "relro", "-o", "/home/runner/work/_temp/transiti"..., "/usr/lib/gcc/aarch64-linux-gnu/1"..., "/usr/lib/gcc/aarch64-linux-gnu/1"..., "/usr/lib/gcc/aarch64-linux-gnu/1"..., "-L/usr/lib/gcc/aarch64-linux-gnu"..., "-L/usr/lib/gcc/aarch64-linux-gnu"..., ...], 0x2cac43b0 /* 118 vars */ <unfinished ...>
6207  <... clone resumed>)              = 6209
6209  <... execve resumed>)             = 0
6207  wait4(6209,  <unfinished ...>
6209  clone(child_stack=0xffffead96010, flags=CLONE_VM|CLONE_VFORK|SIGCHLD <unfinished ...>
6210  execve("/usr/bin/ld", ["/usr/bin/ld", "-plugin", "/usr/libexec/gcc/aarch64-linux-g"..., "-plugin-opt=/usr/libexec/gcc/aar"..., "-plugin-opt=-fresolution=/tmp/cc"..., "-plugin-opt=-pass-through=-lgcc", "-plugin-opt=-pass-through=-lgcc_"..., "-plugin-opt=-pass-through=-lc", "-plugin-opt=-pass-through=-lgcc", "-plugin-opt=-pass-through=-lgcc_"..., "--build-id", "--eh-frame-hdr", "--hash-style=gnu", "--as-needed", "-dynamic-linker", "/lib/ld-linux-aarch64.so.1", "-X", "-EL", "-maarch64linux", "--fix-cortex-a53-843419", "-pie", "-z", "now", "-z", "relro", "-o", "/home/runner/work/_temp/transiti"..., "/usr/lib/gcc/aarch64-linux-gnu/1"..., "/usr/lib/gcc/aarch64-linux-gnu/1"..., "/usr/lib/gcc/aarch64-linux-gnu/1"..., "-L/usr/lib/gcc/aarch64-linux-gnu"..., "-L/usr/lib/gcc/aarch64-linux-gnu"..., ...], 0xffffead966c0 /* 118 vars */ <unfinished ...>
6209  <... clone resumed>)              = 6210
6210  <... execve resumed>)             = 0
6209  wait4(6210,  <unfinished ...>
6210  exit_group(0)                     = ?
6210  +++ exited with 0 +++
6209  <... wait4 resumed>[{WIFEXITED(s) && WEXITSTATUS(s) == 0}], 0, NULL) = 6210
6209  --- SIGCHLD {si_signo=SIGCHLD, si_code=CLD_EXITED, si_pid=6210, si_uid=1001, si_status=0, si_utime=1 /* 0.01 s */, si_stime=1 /* 0.01 s */} ---
6209  exit_group(0)                     = ?
6209  +++ exited with 0 +++
6207  <... wait4 resumed>[{WIFEXITED(s) && WEXITSTATUS(s) == 0}], 0, NULL) = 6209
6207  --- SIGCHLD {si_signo=SIGCHLD, si_code=CLD_EXITED, si_pid=6209, si_uid=1001, si_status=0, si_utime=0, si_stime=0} ---
6207  exit_group(0)                     = ?
6207  +++ exited with 0 +++
6145  <... wait4 resumed>[{WIFEXITED(s) && WEXITSTATUS(s) == 0}], 0, NULL) = 6207
6145  --- SIGCHLD {si_signo=SIGCHLD, si_code=CLD_EXITED, si_pid=6207, si_uid=1001, si_status=0, si_utime=0, si_stime=0} ---
6145  exit_group(0)                     = ?
6145  +++ exited with 0 +++
