5938  execve("/home/runner/work/_temp/transition/first/compiler", ["/home/runner/work/_temp/transiti"..., "build", "compiler/gate4/src/compiler.trb", "--output", "/home/runner/work/_temp/transiti"..., "--qbe", "/home/runner/work/_temp/qbe-1.3/"..., "--cc", "/usr/bin/cc", "--target", "linux-arm64-v0"], 0xfffffc85e678 /* 111 vars */) = 0
5938  clone(child_stack=NULL, flags=CLONE_CHILD_CLEARTID|CLONE_CHILD_SETTID|SIGCHLD, child_tidptr=0xffc8fbea6f90) = 5939
5938  wait4(5939,  <unfinished ...>
5939  execve("/home/runner/work/_temp/qbe-1.3/qbe", ["/home/runner/work/_temp/qbe-1.3/"..., "-t", "arm64", "-o", "/home/runner/work/_temp/transiti"..., "/home/runner/work/_temp/transiti"...], 0xffffff2d18e8 /* 111 vars */) = 0
5939  exit_group(0)                     = ?
5939  +++ exited with 0 +++
5938  <... wait4 resumed>[{WIFEXITED(s) && WEXITSTATUS(s) == 0}], 0, NULL) = 5939
5938  --- SIGCHLD {si_signo=SIGCHLD, si_code=CLD_EXITED, si_pid=5939, si_uid=1001, si_status=0, si_utime=18 /* 0.18 s */, si_stime=1 /* 0.01 s */} ---
5938  clone(child_stack=NULL, flags=CLONE_CHILD_CLEARTID|CLONE_CHILD_SETTID|SIGCHLD, child_tidptr=0xffc8fbea6f90) = 5940
5938  wait4(5940,  <unfinished ...>
5940  execve("/usr/bin/cc", ["/usr/bin/cc", "-xassembler", "/home/runner/work/_temp/transiti"..., "-Wl,--gc-sections,--strip-all", "-o", "/home/runner/work/_temp/transiti"...], 0xffffff2d18e8 /* 111 vars */) = 0
5940  clone(child_stack=0xffffdbd71f50, flags=CLONE_VM|CLONE_VFORK|SIGCHLD <unfinished ...>
5941  execve("/home/runner/go/bin/as", ["as", "-EL", "-mabi=lp64", "-o", "/tmp/ccPKctqG.o", "/home/runner/work/_temp/transiti"...], 0x13385c20 /* 116 vars */) = -1 ENOENT (No such file or directory)
5941  execve("/opt/hostedtoolcache/go/1.27.0/arm64/bin/as", ["as", "-EL", "-mabi=lp64", "-o", "/tmp/ccPKctqG.o", "/home/runner/work/_temp/transiti"...], 0x13385c20 /* 116 vars */) = -1 ENOENT (No such file or directory)
5941  execve("/snap/bin/as", ["as", "-EL", "-mabi=lp64", "-o", "/tmp/ccPKctqG.o", "/home/runner/work/_temp/transiti"...], 0x13385c20 /* 116 vars */) = -1 ENOENT (No such file or directory)
5941  execve("/home/runner/.local/bin/as", ["as", "-EL", "-mabi=lp64", "-o", "/tmp/ccPKctqG.o", "/home/runner/work/_temp/transiti"...], 0x13385c20 /* 116 vars */) = -1 ENOENT (No such file or directory)
5941  execve("/opt/pipx_bin/as", ["as", "-EL", "-mabi=lp64", "-o", "/tmp/ccPKctqG.o", "/home/runner/work/_temp/transiti"...], 0x13385c20 /* 116 vars */) = -1 ENOENT (No such file or directory)
5941  execve("/home/runner/.cargo/bin/as", ["as", "-EL", "-mabi=lp64", "-o", "/tmp/ccPKctqG.o", "/home/runner/work/_temp/transiti"...], 0x13385c20 /* 116 vars */) = -1 ENOENT (No such file or directory)
5941  execve("/home/runner/.config/composer/vendor/bin/as", ["as", "-EL", "-mabi=lp64", "-o", "/tmp/ccPKctqG.o", "/home/runner/work/_temp/transiti"...], 0x13385c20 /* 116 vars */) = -1 ENOENT (No such file or directory)
5941  execve("/home/runner/.dotnet/tools/as", ["as", "-EL", "-mabi=lp64", "-o", "/tmp/ccPKctqG.o", "/home/runner/work/_temp/transiti"...], 0x13385c20 /* 116 vars */) = -1 ENOENT (No such file or directory)
5941  execve("/usr/local/sbin/as", ["as", "-EL", "-mabi=lp64", "-o", "/tmp/ccPKctqG.o", "/home/runner/work/_temp/transiti"...], 0x13385c20 /* 116 vars */) = -1 ENOENT (No such file or directory)
5941  execve("/usr/local/bin/as", ["as", "-EL", "-mabi=lp64", "-o", "/tmp/ccPKctqG.o", "/home/runner/work/_temp/transiti"...], 0x13385c20 /* 116 vars */) = -1 ENOENT (No such file or directory)
5941  execve("/usr/sbin/as", ["as", "-EL", "-mabi=lp64", "-o", "/tmp/ccPKctqG.o", "/home/runner/work/_temp/transiti"...], 0x13385c20 /* 116 vars */) = -1 ENOENT (No such file or directory)
5941  execve("/usr/bin/as", ["as", "-EL", "-mabi=lp64", "-o", "/tmp/ccPKctqG.o", "/home/runner/work/_temp/transiti"...], 0x13385c20 /* 116 vars */ <unfinished ...>
5940  <... clone resumed>)              = 5941
5941  <... execve resumed>)             = 0
5940  wait4(5941,  <unfinished ...>
5941  exit_group(0)                     = ?
5941  +++ exited with 0 +++
5940  <... wait4 resumed>[{WIFEXITED(s) && WEXITSTATUS(s) == 0}], 0, NULL) = 5941
5940  --- SIGCHLD {si_signo=SIGCHLD, si_code=CLD_EXITED, si_pid=5941, si_uid=1001, si_status=0, si_utime=8 /* 0.08 s */, si_stime=0} ---
5940  clone(child_stack=0xffffdbd71090, flags=CLONE_VM|CLONE_VFORK|SIGCHLD <unfinished ...>
5942  execve("/usr/libexec/gcc/aarch64-linux-gnu/13/collect2", ["/usr/libexec/gcc/aarch64-linux-g"..., "-plugin", "/usr/libexec/gcc/aarch64-linux-g"..., "-plugin-opt=/usr/libexec/gcc/aar"..., "-plugin-opt=-fresolution=/tmp/cc"..., "-plugin-opt=-pass-through=-lgcc", "-plugin-opt=-pass-through=-lgcc_"..., "-plugin-opt=-pass-through=-lc", "-plugin-opt=-pass-through=-lgcc", "-plugin-opt=-pass-through=-lgcc_"..., "--build-id", "--eh-frame-hdr", "--hash-style=gnu", "--as-needed", "-dynamic-linker", "/lib/ld-linux-aarch64.so.1", "-X", "-EL", "-maarch64linux", "--fix-cortex-a53-843419", "-pie", "-z", "now", "-z", "relro", "-o", "/home/runner/work/_temp/transiti"..., "/usr/lib/gcc/aarch64-linux-gnu/1"..., "/usr/lib/gcc/aarch64-linux-gnu/1"..., "/usr/lib/gcc/aarch64-linux-gnu/1"..., "-L/usr/lib/gcc/aarch64-linux-gnu"..., "-L/usr/lib/gcc/aarch64-linux-gnu"..., ...], 0x133863c0 /* 118 vars */ <unfinished ...>
5940  <... clone resumed>)              = 5942
5942  <... execve resumed>)             = 0
5940  wait4(5942,  <unfinished ...>
5942  clone(child_stack=0xffffc2c8eae0, flags=CLONE_VM|CLONE_VFORK|SIGCHLD <unfinished ...>
5943  execve("/usr/bin/ld", ["/usr/bin/ld", "-plugin", "/usr/libexec/gcc/aarch64-linux-g"..., "-plugin-opt=/usr/libexec/gcc/aar"..., "-plugin-opt=-fresolution=/tmp/cc"..., "-plugin-opt=-pass-through=-lgcc", "-plugin-opt=-pass-through=-lgcc_"..., "-plugin-opt=-pass-through=-lc", "-plugin-opt=-pass-through=-lgcc", "-plugin-opt=-pass-through=-lgcc_"..., "--build-id", "--eh-frame-hdr", "--hash-style=gnu", "--as-needed", "-dynamic-linker", "/lib/ld-linux-aarch64.so.1", "-X", "-EL", "-maarch64linux", "--fix-cortex-a53-843419", "-pie", "-z", "now", "-z", "relro", "-o", "/home/runner/work/_temp/transiti"..., "/usr/lib/gcc/aarch64-linux-gnu/1"..., "/usr/lib/gcc/aarch64-linux-gnu/1"..., "/usr/lib/gcc/aarch64-linux-gnu/1"..., "-L/usr/lib/gcc/aarch64-linux-gnu"..., "-L/usr/lib/gcc/aarch64-linux-gnu"..., ...], 0xffffc2c8f190 /* 118 vars */ <unfinished ...>
5942  <... clone resumed>)              = 5943
5943  <... execve resumed>)             = 0
5942  wait4(5943,  <unfinished ...>
5943  exit_group(0)                     = ?
5943  +++ exited with 0 +++
5942  <... wait4 resumed>[{WIFEXITED(s) && WEXITSTATUS(s) == 0}], 0, NULL) = 5943
5942  --- SIGCHLD {si_signo=SIGCHLD, si_code=CLD_EXITED, si_pid=5943, si_uid=1001, si_status=0, si_utime=1 /* 0.01 s */, si_stime=1 /* 0.01 s */} ---
5942  exit_group(0)                     = ?
5942  +++ exited with 0 +++
5940  <... wait4 resumed>[{WIFEXITED(s) && WEXITSTATUS(s) == 0}], 0, NULL) = 5942
5940  --- SIGCHLD {si_signo=SIGCHLD, si_code=CLD_EXITED, si_pid=5942, si_uid=1001, si_status=0, si_utime=0, si_stime=0} ---
5940  exit_group(0)                     = ?
5940  +++ exited with 0 +++
5938  <... wait4 resumed>[{WIFEXITED(s) && WEXITSTATUS(s) == 0}], 0, NULL) = 5940
5938  --- SIGCHLD {si_signo=SIGCHLD, si_code=CLD_EXITED, si_pid=5940, si_uid=1001, si_status=0, si_utime=0, si_stime=0} ---
5938  exit_group(0)                     = ?
5938  +++ exited with 0 +++
