5926  execve("/home/runner/work/_temp/release/type-rb-native-bootstrap-linux-arm64", ["/home/runner/work/_temp/release/"..., "build", "compiler/gate4/src/compiler.trb", "--output", "/home/runner/work/_temp/transiti"..., "--qbe", "/home/runner/work/_temp/qbe-1.3/"..., "--cc", "/usr/bin/cc", "--target", "linux-arm64-v0"], 0xffffed5a5388 /* 111 vars */) = 0
5926  clone(child_stack=NULL, flags=CLONE_CHILD_CLEARTID|CLONE_CHILD_SETTID|SIGCHLD, child_tidptr=0xffd6fa949f90) = 5930
5926  wait4(5930,  <unfinished ...>
5930  execve("/home/runner/work/_temp/qbe-1.3/qbe", ["/home/runner/work/_temp/qbe-1.3/"..., "-t", "arm64", "-o", "/home/runner/work/_temp/transiti"..., "/home/runner/work/_temp/transiti"...], 0xffffccce0d28 /* 111 vars */) = 0
5930  exit_group(0)                     = ?
5930  +++ exited with 0 +++
5926  <... wait4 resumed>[{WIFEXITED(s) && WEXITSTATUS(s) == 0}], 0, NULL) = 5930
5926  --- SIGCHLD {si_signo=SIGCHLD, si_code=CLD_EXITED, si_pid=5930, si_uid=1001, si_status=0, si_utime=17 /* 0.17 s */, si_stime=0} ---
5926  clone(child_stack=NULL, flags=CLONE_CHILD_CLEARTID|CLONE_CHILD_SETTID|SIGCHLD, child_tidptr=0xffd6fa949f90) = 5931
5926  wait4(5931,  <unfinished ...>
5931  execve("/usr/bin/cc", ["/usr/bin/cc", "-xassembler", "/home/runner/work/_temp/transiti"..., "-Wl,--gc-sections,--strip-all", "-o", "/home/runner/work/_temp/transiti"...], 0xffffccce0d28 /* 111 vars */) = 0
5931  clone(child_stack=0xffffdafbe310, flags=CLONE_VM|CLONE_VFORK|SIGCHLD <unfinished ...>
5932  execve("/home/runner/go/bin/as", ["as", "-EL", "-mabi=lp64", "-o", "/tmp/ccygegsW.o", "/home/runner/work/_temp/transiti"...], 0x16222c10 /* 116 vars */) = -1 ENOENT (No such file or directory)
5932  execve("/opt/hostedtoolcache/go/1.27.0/arm64/bin/as", ["as", "-EL", "-mabi=lp64", "-o", "/tmp/ccygegsW.o", "/home/runner/work/_temp/transiti"...], 0x16222c10 /* 116 vars */) = -1 ENOENT (No such file or directory)
5932  execve("/snap/bin/as", ["as", "-EL", "-mabi=lp64", "-o", "/tmp/ccygegsW.o", "/home/runner/work/_temp/transiti"...], 0x16222c10 /* 116 vars */) = -1 ENOENT (No such file or directory)
5932  execve("/home/runner/.local/bin/as", ["as", "-EL", "-mabi=lp64", "-o", "/tmp/ccygegsW.o", "/home/runner/work/_temp/transiti"...], 0x16222c10 /* 116 vars */) = -1 ENOENT (No such file or directory)
5932  execve("/opt/pipx_bin/as", ["as", "-EL", "-mabi=lp64", "-o", "/tmp/ccygegsW.o", "/home/runner/work/_temp/transiti"...], 0x16222c10 /* 116 vars */) = -1 ENOENT (No such file or directory)
5932  execve("/home/runner/.cargo/bin/as", ["as", "-EL", "-mabi=lp64", "-o", "/tmp/ccygegsW.o", "/home/runner/work/_temp/transiti"...], 0x16222c10 /* 116 vars */) = -1 ENOENT (No such file or directory)
5932  execve("/home/runner/.config/composer/vendor/bin/as", ["as", "-EL", "-mabi=lp64", "-o", "/tmp/ccygegsW.o", "/home/runner/work/_temp/transiti"...], 0x16222c10 /* 116 vars */) = -1 ENOENT (No such file or directory)
5932  execve("/home/runner/.dotnet/tools/as", ["as", "-EL", "-mabi=lp64", "-o", "/tmp/ccygegsW.o", "/home/runner/work/_temp/transiti"...], 0x16222c10 /* 116 vars */) = -1 ENOENT (No such file or directory)
5932  execve("/usr/local/sbin/as", ["as", "-EL", "-mabi=lp64", "-o", "/tmp/ccygegsW.o", "/home/runner/work/_temp/transiti"...], 0x16222c10 /* 116 vars */) = -1 ENOENT (No such file or directory)
5932  execve("/usr/local/bin/as", ["as", "-EL", "-mabi=lp64", "-o", "/tmp/ccygegsW.o", "/home/runner/work/_temp/transiti"...], 0x16222c10 /* 116 vars */) = -1 ENOENT (No such file or directory)
5932  execve("/usr/sbin/as", ["as", "-EL", "-mabi=lp64", "-o", "/tmp/ccygegsW.o", "/home/runner/work/_temp/transiti"...], 0x16222c10 /* 116 vars */) = -1 ENOENT (No such file or directory)
5932  execve("/usr/bin/as", ["as", "-EL", "-mabi=lp64", "-o", "/tmp/ccygegsW.o", "/home/runner/work/_temp/transiti"...], 0x16222c10 /* 116 vars */ <unfinished ...>
5931  <... clone resumed>)              = 5932
5932  <... execve resumed>)             = 0
5931  wait4(5932,  <unfinished ...>
5932  exit_group(0)                     = ?
5932  +++ exited with 0 +++
5931  <... wait4 resumed>[{WIFEXITED(s) && WEXITSTATUS(s) == 0}], 0, NULL) = 5932
5931  --- SIGCHLD {si_signo=SIGCHLD, si_code=CLD_EXITED, si_pid=5932, si_uid=1001, si_status=0, si_utime=7 /* 0.07 s */, si_stime=1 /* 0.01 s */} ---
5931  clone(child_stack=0xffffdafbd450, flags=CLONE_VM|CLONE_VFORK|SIGCHLD <unfinished ...>
5933  execve("/usr/libexec/gcc/aarch64-linux-gnu/13/collect2", ["/usr/libexec/gcc/aarch64-linux-g"..., "-plugin", "/usr/libexec/gcc/aarch64-linux-g"..., "-plugin-opt=/usr/libexec/gcc/aar"..., "-plugin-opt=-fresolution=/tmp/cc"..., "-plugin-opt=-pass-through=-lgcc", "-plugin-opt=-pass-through=-lgcc_"..., "-plugin-opt=-pass-through=-lc", "-plugin-opt=-pass-through=-lgcc", "-plugin-opt=-pass-through=-lgcc_"..., "--build-id", "--eh-frame-hdr", "--hash-style=gnu", "--as-needed", "-dynamic-linker", "/lib/ld-linux-aarch64.so.1", "-X", "-EL", "-maarch64linux", "--fix-cortex-a53-843419", "-pie", "-z", "now", "-z", "relro", "-o", "/home/runner/work/_temp/transiti"..., "/usr/lib/gcc/aarch64-linux-gnu/1"..., "/usr/lib/gcc/aarch64-linux-gnu/1"..., "/usr/lib/gcc/aarch64-linux-gnu/1"..., "-L/usr/lib/gcc/aarch64-linux-gnu"..., "-L/usr/lib/gcc/aarch64-linux-gnu"..., ...], 0x162233b0 /* 118 vars */ <unfinished ...>
5931  <... clone resumed>)              = 5933
5933  <... execve resumed>)             = 0
5931  wait4(5933,  <unfinished ...>
5933  clone(child_stack=0xffffc48f2090, flags=CLONE_VM|CLONE_VFORK|SIGCHLD <unfinished ...>
5934  execve("/usr/bin/ld", ["/usr/bin/ld", "-plugin", "/usr/libexec/gcc/aarch64-linux-g"..., "-plugin-opt=/usr/libexec/gcc/aar"..., "-plugin-opt=-fresolution=/tmp/cc"..., "-plugin-opt=-pass-through=-lgcc", "-plugin-opt=-pass-through=-lgcc_"..., "-plugin-opt=-pass-through=-lc", "-plugin-opt=-pass-through=-lgcc", "-plugin-opt=-pass-through=-lgcc_"..., "--build-id", "--eh-frame-hdr", "--hash-style=gnu", "--as-needed", "-dynamic-linker", "/lib/ld-linux-aarch64.so.1", "-X", "-EL", "-maarch64linux", "--fix-cortex-a53-843419", "-pie", "-z", "now", "-z", "relro", "-o", "/home/runner/work/_temp/transiti"..., "/usr/lib/gcc/aarch64-linux-gnu/1"..., "/usr/lib/gcc/aarch64-linux-gnu/1"..., "/usr/lib/gcc/aarch64-linux-gnu/1"..., "-L/usr/lib/gcc/aarch64-linux-gnu"..., "-L/usr/lib/gcc/aarch64-linux-gnu"..., ...], 0xffffc48f2740 /* 118 vars */ <unfinished ...>
5933  <... clone resumed>)              = 5934
5934  <... execve resumed>)             = 0
5933  wait4(5934,  <unfinished ...>
5934  exit_group(0)                     = ?
5934  +++ exited with 0 +++
5933  <... wait4 resumed>[{WIFEXITED(s) && WEXITSTATUS(s) == 0}], 0, NULL) = 5934
5933  --- SIGCHLD {si_signo=SIGCHLD, si_code=CLD_EXITED, si_pid=5934, si_uid=1001, si_status=0, si_utime=1 /* 0.01 s */, si_stime=1 /* 0.01 s */} ---
5933  exit_group(0)                     = ?
5933  +++ exited with 0 +++
5931  <... wait4 resumed>[{WIFEXITED(s) && WEXITSTATUS(s) == 0}], 0, NULL) = 5933
5931  --- SIGCHLD {si_signo=SIGCHLD, si_code=CLD_EXITED, si_pid=5933, si_uid=1001, si_status=0, si_utime=0, si_stime=0} ---
5931  exit_group(0)                     = ?
5931  +++ exited with 0 +++
5926  <... wait4 resumed>[{WIFEXITED(s) && WEXITSTATUS(s) == 0}], 0, NULL) = 5931
5926  --- SIGCHLD {si_signo=SIGCHLD, si_code=CLD_EXITED, si_pid=5931, si_uid=1001, si_status=0, si_utime=0, si_stime=0} ---
5926  exit_group(0)                     = ?
5926  +++ exited with 0 +++
