6418  execve("/home/runner/work/_temp/baseline-bootstrap-workspace/b4/compiler", ["/home/runner/work/_temp/baseline"..., "build", "/home/runner/work/_temp/baseline"..., "--output", "/home/runner/work/_temp/baseline"..., "--qbe", "/home/runner/work/_temp/qbe-1.3/"..., "--cc", "/usr/bin/cc", "--target", "linux-arm64-v0"], 0xfffff60e8618 /* 111 vars */) = 0
6418  clone(child_stack=NULL, flags=CLONE_CHILD_CLEARTID|CLONE_CHILD_SETTID|SIGCHLD, child_tidptr=0xffe864e9af90) = 6419
6418  wait4(6419,  <unfinished ...>
6419  execve("/home/runner/work/_temp/qbe-1.3/qbe", ["/home/runner/work/_temp/qbe-1.3/"..., "-t", "arm64", "-o", "/home/runner/work/_temp/baseline"..., "/home/runner/work/_temp/baseline"...], 0xfffff04de168 /* 111 vars */) = 0
6419  exit_group(0)                     = ?
6419  +++ exited with 0 +++
6418  <... wait4 resumed>[{WIFEXITED(s) && WEXITSTATUS(s) == 0}], 0, NULL) = 6419
6418  --- SIGCHLD {si_signo=SIGCHLD, si_code=CLD_EXITED, si_pid=6419, si_uid=1001, si_status=0, si_utime=0, si_stime=0} ---
6418  clone(child_stack=NULL, flags=CLONE_CHILD_CLEARTID|CLONE_CHILD_SETTID|SIGCHLD, child_tidptr=0xffe864e9af90) = 6420
6418  wait4(6420,  <unfinished ...>
6420  execve("/usr/bin/cc", ["/usr/bin/cc", "-xassembler", "/home/runner/work/_temp/baseline"..., "-fuse-ld=lld", "-Wl,--gc-sections,--strip-all", "-lm", "-o", "/home/runner/work/_temp/baseline"...], 0xfffff04de168 /* 111 vars */) = 0
6420  clone(child_stack=0xfffff189bf80, flags=CLONE_VM|CLONE_VFORK|SIGCHLD <unfinished ...>
6421  execve("/snap/bin/as", ["as", "-EL", "-mabi=lp64", "-o", "/tmp/ccE0CM4Y.o", "/home/runner/work/_temp/baseline"...], 0x338b1d50 /* 116 vars */) = -1 ENOENT (No such file or directory)
6421  execve("/home/runner/.local/bin/as", ["as", "-EL", "-mabi=lp64", "-o", "/tmp/ccE0CM4Y.o", "/home/runner/work/_temp/baseline"...], 0x338b1d50 /* 116 vars */) = -1 ENOENT (No such file or directory)
6421  execve("/opt/pipx_bin/as", ["as", "-EL", "-mabi=lp64", "-o", "/tmp/ccE0CM4Y.o", "/home/runner/work/_temp/baseline"...], 0x338b1d50 /* 116 vars */) = -1 ENOENT (No such file or directory)
6421  execve("/home/runner/.cargo/bin/as", ["as", "-EL", "-mabi=lp64", "-o", "/tmp/ccE0CM4Y.o", "/home/runner/work/_temp/baseline"...], 0x338b1d50 /* 116 vars */) = -1 ENOENT (No such file or directory)
6421  execve("/home/runner/.config/composer/vendor/bin/as", ["as", "-EL", "-mabi=lp64", "-o", "/tmp/ccE0CM4Y.o", "/home/runner/work/_temp/baseline"...], 0x338b1d50 /* 116 vars */) = -1 ENOENT (No such file or directory)
6421  execve("/home/runner/.dotnet/tools/as", ["as", "-EL", "-mabi=lp64", "-o", "/tmp/ccE0CM4Y.o", "/home/runner/work/_temp/baseline"...], 0x338b1d50 /* 116 vars */) = -1 ENOENT (No such file or directory)
6421  execve("/usr/local/sbin/as", ["as", "-EL", "-mabi=lp64", "-o", "/tmp/ccE0CM4Y.o", "/home/runner/work/_temp/baseline"...], 0x338b1d50 /* 116 vars */) = -1 ENOENT (No such file or directory)
6421  execve("/usr/local/bin/as", ["as", "-EL", "-mabi=lp64", "-o", "/tmp/ccE0CM4Y.o", "/home/runner/work/_temp/baseline"...], 0x338b1d50 /* 116 vars */) = -1 ENOENT (No such file or directory)
6421  execve("/usr/sbin/as", ["as", "-EL", "-mabi=lp64", "-o", "/tmp/ccE0CM4Y.o", "/home/runner/work/_temp/baseline"...], 0x338b1d50 /* 116 vars */) = -1 ENOENT (No such file or directory)
6421  execve("/usr/bin/as", ["as", "-EL", "-mabi=lp64", "-o", "/tmp/ccE0CM4Y.o", "/home/runner/work/_temp/baseline"...], 0x338b1d50 /* 116 vars */ <unfinished ...>
6420  <... clone resumed>)              = 6421
6421  <... execve resumed>)             = 0
6420  wait4(6421,  <unfinished ...>
6421  exit_group(0)                     = ?
6421  +++ exited with 0 +++
6420  <... wait4 resumed>[{WIFEXITED(s) && WEXITSTATUS(s) == 0}], 0, NULL) = 6421
6420  --- SIGCHLD {si_signo=SIGCHLD, si_code=CLD_EXITED, si_pid=6421, si_uid=1001, si_status=0, si_utime=0, si_stime=0} ---
6420  clone(child_stack=0xfffff189b0c0, flags=CLONE_VM|CLONE_VFORK|SIGCHLD <unfinished ...>
6422  execve("/usr/libexec/gcc/aarch64-linux-gnu/13/collect2", ["/usr/libexec/gcc/aarch64-linux-g"..., "-plugin", "/usr/libexec/gcc/aarch64-linux-g"..., "-plugin-opt=/usr/libexec/gcc/aar"..., "-plugin-opt=-fresolution=/tmp/cc"..., "-plugin-opt=-pass-through=-lgcc", "-plugin-opt=-pass-through=-lgcc_"..., "-plugin-opt=-pass-through=-lc", "-plugin-opt=-pass-through=-lgcc", "-plugin-opt=-pass-through=-lgcc_"..., "--build-id", "--eh-frame-hdr", "--hash-style=gnu", "--as-needed", "-dynamic-linker", "/lib/ld-linux-aarch64.so.1", "-X", "-EL", "-maarch64linux", "--fix-cortex-a53-843419", "-pie", "-z", "now", "-fuse-ld=lld", "-z", "relro", "-o", "/home/runner/work/_temp/baseline"..., "/usr/lib/gcc/aarch64-linux-gnu/1"..., "/usr/lib/gcc/aarch64-linux-gnu/1"..., "/usr/lib/gcc/aarch64-linux-gnu/1"..., "-L/usr/lib/gcc/aarch64-linux-gnu"..., ...], 0x338b2580 /* 118 vars */ <unfinished ...>
6420  <... clone resumed>)              = 6422
6422  <... execve resumed>)             = 0
6420  wait4(6422,  <unfinished ...>
6422  clone(child_stack=0xffffc60f4f50, flags=CLONE_VM|CLONE_VFORK|SIGCHLD <unfinished ...>
6423  execve("/usr/bin/ld.lld", ["/usr/bin/ld.lld", "-plugin", "/usr/libexec/gcc/aarch64-linux-g"..., "-plugin-opt=/usr/libexec/gcc/aar"..., "-plugin-opt=-fresolution=/tmp/cc"..., "-plugin-opt=-pass-through=-lgcc", "-plugin-opt=-pass-through=-lgcc_"..., "-plugin-opt=-pass-through=-lc", "-plugin-opt=-pass-through=-lgcc", "-plugin-opt=-pass-through=-lgcc_"..., "--build-id", "--eh-frame-hdr", "--hash-style=gnu", "--as-needed", "-dynamic-linker", "/lib/ld-linux-aarch64.so.1", "-X", "-EL", "-maarch64linux", "--fix-cortex-a53-843419", "-pie", "-z", "now", "-z", "relro", "-o", "/home/runner/work/_temp/baseline"..., "/usr/lib/gcc/aarch64-linux-gnu/1"..., "/usr/lib/gcc/aarch64-linux-gnu/1"..., "/usr/lib/gcc/aarch64-linux-gnu/1"..., "-L/usr/lib/gcc/aarch64-linux-gnu"..., "-L/usr/lib/gcc/aarch64-linux-gnu"..., ...], 0xffffc60f5610 /* 118 vars */ <unfinished ...>
6422  <... clone resumed>)              = 6423
6423  <... execve resumed>)             = 0
6422  wait4(6423,  <unfinished ...>
6423  clone3({flags=CLONE_VM|CLONE_FS|CLONE_FILES|CLONE_SIGHAND|CLONE_THREAD|CLONE_SYSVSEM|CLONE_SETTLS|CLONE_PARENT_SETTID|CLONE_CHILD_CLEARTID, child_tid=0xffa222fff050, parent_tid=0xffa222fff050, exit_signal=0, stack=0xffa21eff0000, stack_size=0x400e840, tls=0xffa222fff6c0} => {parent_tid=[6424]}, 88) = 6424
6424  clone3({flags=CLONE_VM|CLONE_FS|CLONE_FILES|CLONE_SIGHAND|CLONE_THREAD|CLONE_SYSVSEM|CLONE_SETTLS|CLONE_PARENT_SETTID|CLONE_CHILD_CLEARTID, child_tid=0xffa217fff050, parent_tid=0xffa217fff050, exit_signal=0, stack=0xffa213ff0000, stack_size=0x400e840, tls=0xffa217fff6c0} => {parent_tid=[6425]}, 88) = 6425
6424  clone3({flags=CLONE_VM|CLONE_FS|CLONE_FILES|CLONE_SIGHAND|CLONE_THREAD|CLONE_SYSVSEM|CLONE_SETTLS|CLONE_PARENT_SETTID|CLONE_CHILD_CLEARTID, child_tid=0xffa213fef050, parent_tid=0xffa213fef050, exit_signal=0, stack=0xffa20ffe0000, stack_size=0x400e840, tls=0xffa213fef6c0} => {parent_tid=[6426]}, 88) = 6426
6424  clone3({flags=CLONE_VM|CLONE_FS|CLONE_FILES|CLONE_SIGHAND|CLONE_THREAD|CLONE_SYSVSEM|CLONE_SETTLS|CLONE_PARENT_SETTID|CLONE_CHILD_CLEARTID, child_tid=0xffa207fff050, parent_tid=0xffa207fff050, exit_signal=0, stack=0xffa203ff0000, stack_size=0x400e840, tls=0xffa207fff6c0} => {parent_tid=[6427]}, 88) = 6427
6424  exit(0 <unfinished ...>
6427  exit(0)                           = ?
6424  <... exit resumed>)               = ?
6427  +++ exited with 0 +++
6424  +++ exited with 0 +++
6423  exit_group(0)                     = ?
6426  +++ exited with 0 +++
6425  +++ exited with 0 +++
6423  +++ exited with 0 +++
6422  <... wait4 resumed>[{WIFEXITED(s) && WEXITSTATUS(s) == 0}], 0, NULL) = 6423
6422  --- SIGCHLD {si_signo=SIGCHLD, si_code=CLD_EXITED, si_pid=6423, si_uid=1001, si_status=0, si_utime=0, si_stime=2 /* 0.02 s */} ---
6422  exit_group(0)                     = ?
6422  +++ exited with 0 +++
6420  <... wait4 resumed>[{WIFEXITED(s) && WEXITSTATUS(s) == 0}], 0, NULL) = 6422
6420  --- SIGCHLD {si_signo=SIGCHLD, si_code=CLD_EXITED, si_pid=6422, si_uid=1001, si_status=0, si_utime=0, si_stime=0} ---
6420  exit_group(0)                     = ?
6420  +++ exited with 0 +++
6418  <... wait4 resumed>[{WIFEXITED(s) && WEXITSTATUS(s) == 0}], 0, NULL) = 6420
6418  --- SIGCHLD {si_signo=SIGCHLD, si_code=CLD_EXITED, si_pid=6420, si_uid=1001, si_status=0, si_utime=0, si_stime=0} ---
6418  exit_group(0)                     = ?
6418  +++ exited with 0 +++
