6278  execve("/home/runner/work/_temp/baseline-bootstrap-workspace/b4/compiler", ["/home/runner/work/_temp/baseline"..., "build", "/home/runner/work/_temp/baseline"..., "--output", "/home/runner/work/_temp/baseline"..., "--qbe", "/home/runner/work/_temp/qbe-1.3/"..., "--cc", "/usr/bin/cc", "--target", "linux-arm64-v0"], 0xffffd4eeda38 /* 111 vars */) = 0
6278  clone(child_stack=NULL, flags=CLONE_CHILD_CLEARTID|CLONE_CHILD_SETTID|SIGCHLD, child_tidptr=0xff53c2c1df90) = 6279
6278  wait4(6279,  <unfinished ...>
6279  execve("/home/runner/work/_temp/qbe-1.3/qbe", ["/home/runner/work/_temp/qbe-1.3/"..., "-t", "arm64", "-o", "/home/runner/work/_temp/baseline"..., "/home/runner/work/_temp/baseline"...], 0xffffed4f57d8 /* 111 vars */) = 0
6279  exit_group(0)                     = ?
6279  +++ exited with 0 +++
6278  <... wait4 resumed>[{WIFEXITED(s) && WEXITSTATUS(s) == 0}], 0, NULL) = 6279
6278  --- SIGCHLD {si_signo=SIGCHLD, si_code=CLD_EXITED, si_pid=6279, si_uid=1001, si_status=0, si_utime=0, si_stime=0} ---
6278  clone(child_stack=NULL, flags=CLONE_CHILD_CLEARTID|CLONE_CHILD_SETTID|SIGCHLD, child_tidptr=0xff53c2c1df90) = 6280
6278  wait4(6280,  <unfinished ...>
6280  execve("/usr/bin/cc", ["/usr/bin/cc", "-xassembler", "/home/runner/work/_temp/baseline"..., "-fuse-ld=lld", "-Wl,--gc-sections,--strip-all", "-lm", "-o", "/home/runner/work/_temp/baseline"...], 0xffffed4f57d8 /* 111 vars */) = 0
6280  clone(child_stack=0xffffea007060, flags=CLONE_VM|CLONE_VFORK|SIGCHLD <unfinished ...>
6281  execve("/snap/bin/as", ["as", "-EL", "-mabi=lp64", "-o", "/tmp/ccZ1AEKk.o", "/home/runner/work/_temp/baseline"...], 0x2b59d50 /* 116 vars */) = -1 ENOENT (No such file or directory)
6281  execve("/home/runner/.local/bin/as", ["as", "-EL", "-mabi=lp64", "-o", "/tmp/ccZ1AEKk.o", "/home/runner/work/_temp/baseline"...], 0x2b59d50 /* 116 vars */) = -1 ENOENT (No such file or directory)
6281  execve("/opt/pipx_bin/as", ["as", "-EL", "-mabi=lp64", "-o", "/tmp/ccZ1AEKk.o", "/home/runner/work/_temp/baseline"...], 0x2b59d50 /* 116 vars */) = -1 ENOENT (No such file or directory)
6281  execve("/home/runner/.cargo/bin/as", ["as", "-EL", "-mabi=lp64", "-o", "/tmp/ccZ1AEKk.o", "/home/runner/work/_temp/baseline"...], 0x2b59d50 /* 116 vars */) = -1 ENOENT (No such file or directory)
6281  execve("/home/runner/.config/composer/vendor/bin/as", ["as", "-EL", "-mabi=lp64", "-o", "/tmp/ccZ1AEKk.o", "/home/runner/work/_temp/baseline"...], 0x2b59d50 /* 116 vars */) = -1 ENOENT (No such file or directory)
6281  execve("/home/runner/.dotnet/tools/as", ["as", "-EL", "-mabi=lp64", "-o", "/tmp/ccZ1AEKk.o", "/home/runner/work/_temp/baseline"...], 0x2b59d50 /* 116 vars */) = -1 ENOENT (No such file or directory)
6281  execve("/usr/local/sbin/as", ["as", "-EL", "-mabi=lp64", "-o", "/tmp/ccZ1AEKk.o", "/home/runner/work/_temp/baseline"...], 0x2b59d50 /* 116 vars */) = -1 ENOENT (No such file or directory)
6281  execve("/usr/local/bin/as", ["as", "-EL", "-mabi=lp64", "-o", "/tmp/ccZ1AEKk.o", "/home/runner/work/_temp/baseline"...], 0x2b59d50 /* 116 vars */) = -1 ENOENT (No such file or directory)
6281  execve("/usr/sbin/as", ["as", "-EL", "-mabi=lp64", "-o", "/tmp/ccZ1AEKk.o", "/home/runner/work/_temp/baseline"...], 0x2b59d50 /* 116 vars */) = -1 ENOENT (No such file or directory)
6281  execve("/usr/bin/as", ["as", "-EL", "-mabi=lp64", "-o", "/tmp/ccZ1AEKk.o", "/home/runner/work/_temp/baseline"...], 0x2b59d50 /* 116 vars */ <unfinished ...>
6280  <... clone resumed>)              = 6281
6281  <... execve resumed>)             = 0
6280  wait4(6281,  <unfinished ...>
6281  exit_group(0)                     = ?
6281  +++ exited with 0 +++
6280  <... wait4 resumed>[{WIFEXITED(s) && WEXITSTATUS(s) == 0}], 0, NULL) = 6281
6280  --- SIGCHLD {si_signo=SIGCHLD, si_code=CLD_EXITED, si_pid=6281, si_uid=1001, si_status=0, si_utime=0, si_stime=0} ---
6280  clone(child_stack=0xffffea0061a0, flags=CLONE_VM|CLONE_VFORK|SIGCHLD <unfinished ...>
6282  execve("/usr/libexec/gcc/aarch64-linux-gnu/13/collect2", ["/usr/libexec/gcc/aarch64-linux-g"..., "-plugin", "/usr/libexec/gcc/aarch64-linux-g"..., "-plugin-opt=/usr/libexec/gcc/aar"..., "-plugin-opt=-fresolution=/tmp/cc"..., "-plugin-opt=-pass-through=-lgcc", "-plugin-opt=-pass-through=-lgcc_"..., "-plugin-opt=-pass-through=-lc", "-plugin-opt=-pass-through=-lgcc", "-plugin-opt=-pass-through=-lgcc_"..., "--build-id", "--eh-frame-hdr", "--hash-style=gnu", "--as-needed", "-dynamic-linker", "/lib/ld-linux-aarch64.so.1", "-X", "-EL", "-maarch64linux", "--fix-cortex-a53-843419", "-pie", "-z", "now", "-fuse-ld=lld", "-z", "relro", "-o", "/home/runner/work/_temp/baseline"..., "/usr/lib/gcc/aarch64-linux-gnu/1"..., "/usr/lib/gcc/aarch64-linux-gnu/1"..., "/usr/lib/gcc/aarch64-linux-gnu/1"..., "-L/usr/lib/gcc/aarch64-linux-gnu"..., ...], 0x2b5a580 /* 118 vars */ <unfinished ...>
6280  <... clone resumed>)              = 6282
6282  <... execve resumed>)             = 0
6280  wait4(6282,  <unfinished ...>
6282  clone(child_stack=0xfffff1bbf040, flags=CLONE_VM|CLONE_VFORK|SIGCHLD <unfinished ...>
6283  execve("/usr/bin/ld.lld", ["/usr/bin/ld.lld", "-plugin", "/usr/libexec/gcc/aarch64-linux-g"..., "-plugin-opt=/usr/libexec/gcc/aar"..., "-plugin-opt=-fresolution=/tmp/cc"..., "-plugin-opt=-pass-through=-lgcc", "-plugin-opt=-pass-through=-lgcc_"..., "-plugin-opt=-pass-through=-lc", "-plugin-opt=-pass-through=-lgcc", "-plugin-opt=-pass-through=-lgcc_"..., "--build-id", "--eh-frame-hdr", "--hash-style=gnu", "--as-needed", "-dynamic-linker", "/lib/ld-linux-aarch64.so.1", "-X", "-EL", "-maarch64linux", "--fix-cortex-a53-843419", "-pie", "-z", "now", "-z", "relro", "-o", "/home/runner/work/_temp/baseline"..., "/usr/lib/gcc/aarch64-linux-gnu/1"..., "/usr/lib/gcc/aarch64-linux-gnu/1"..., "/usr/lib/gcc/aarch64-linux-gnu/1"..., "-L/usr/lib/gcc/aarch64-linux-gnu"..., "-L/usr/lib/gcc/aarch64-linux-gnu"..., ...], 0xfffff1bbf700 /* 118 vars */ <unfinished ...>
6282  <... clone resumed>)              = 6283
6283  <... execve resumed>)             = 0
6282  wait4(6283,  <unfinished ...>
6283  clone3({flags=CLONE_VM|CLONE_FS|CLONE_FILES|CLONE_SIGHAND|CLONE_THREAD|CLONE_SYSVSEM|CLONE_SETTLS|CLONE_PARENT_SETTID|CLONE_CHILD_CLEARTID, child_tid=0xff8a7edff050, parent_tid=0xff8a7edff050, exit_signal=0, stack=0xff8a7adf0000, stack_size=0x400e840, tls=0xff8a7edff6c0} => {parent_tid=[6284]}, 88) = 6284
6284  clone3({flags=CLONE_VM|CLONE_FS|CLONE_FILES|CLONE_SIGHAND|CLONE_THREAD|CLONE_SYSVSEM|CLONE_SETTLS|CLONE_PARENT_SETTID|CLONE_CHILD_CLEARTID, child_tid=0xff8a73fff050, parent_tid=0xff8a73fff050, exit_signal=0, stack=0xff8a6fff0000, stack_size=0x400e840, tls=0xff8a73fff6c0} => {parent_tid=[6285]}, 88) = 6285
6284  clone3({flags=CLONE_VM|CLONE_FS|CLONE_FILES|CLONE_SIGHAND|CLONE_THREAD|CLONE_SYSVSEM|CLONE_SETTLS|CLONE_PARENT_SETTID|CLONE_CHILD_CLEARTID, child_tid=0xff8a6ffef050, parent_tid=0xff8a6ffef050, exit_signal=0, stack=0xff8a6bfe0000, stack_size=0x400e840, tls=0xff8a6ffef6c0} => {parent_tid=[6286]}, 88) = 6286
6284  clone3({flags=CLONE_VM|CLONE_FS|CLONE_FILES|CLONE_SIGHAND|CLONE_THREAD|CLONE_SYSVSEM|CLONE_SETTLS|CLONE_PARENT_SETTID|CLONE_CHILD_CLEARTID, child_tid=0xff8a63fff050, parent_tid=0xff8a63fff050, exit_signal=0, stack=0xff8a5fff0000, stack_size=0x400e840, tls=0xff8a63fff6c0} => {parent_tid=[6287]}, 88) = 6287
6286  exit(0)                           = ?
6287  exit(0 <unfinished ...>
6285  exit(0 <unfinished ...>
6287  <... exit resumed>)               = ?
6286  +++ exited with 0 +++
6285  <... exit resumed>)               = ?
6283  exit_group(0 <unfinished ...>
6287  +++ exited with 0 +++
6285  +++ exited with 0 +++
6283  <... exit_group resumed>)         = ?
6284  +++ exited with 0 +++
6283  +++ exited with 0 +++
6282  <... wait4 resumed>[{WIFEXITED(s) && WEXITSTATUS(s) == 0}], 0, NULL) = 6283
6282  --- SIGCHLD {si_signo=SIGCHLD, si_code=CLD_EXITED, si_pid=6283, si_uid=1001, si_status=0, si_utime=0, si_stime=2 /* 0.02 s */} ---
6282  exit_group(0)                     = ?
6282  +++ exited with 0 +++
6280  <... wait4 resumed>[{WIFEXITED(s) && WEXITSTATUS(s) == 0}], 0, NULL) = 6282
6280  --- SIGCHLD {si_signo=SIGCHLD, si_code=CLD_EXITED, si_pid=6282, si_uid=1001, si_status=0, si_utime=0, si_stime=0} ---
6280  exit_group(0)                     = ?
6280  +++ exited with 0 +++
6278  <... wait4 resumed>[{WIFEXITED(s) && WEXITSTATUS(s) == 0}], 0, NULL) = 6280
6278  --- SIGCHLD {si_signo=SIGCHLD, si_code=CLD_EXITED, si_pid=6280, si_uid=1001, si_status=0, si_utime=0, si_stime=0} ---
6278  exit_group(0)                     = ?
6278  +++ exited with 0 +++
