8949  execve("/home/runner/work/_temp/bootstrap-workspace/b4/compiler", ["/home/runner/work/_temp/bootstra"..., "build", "/home/runner/work/type-rb-native"..., "--output", "/home/runner/work/_temp/bootstra"..., "--qbe", "/home/runner/work/_temp/qbe-1.3/"..., "--cc", "/usr/bin/cc", "--target", "linux-arm64-v0"], 0xffffcbbec828 /* 111 vars */) = 0
8949  clone(child_stack=NULL, flags=CLONE_CHILD_CLEARTID|CLONE_CHILD_SETTID|SIGCHLD, child_tidptr=0xff346c33bf90) = 8950
8949  wait4(8950,  <unfinished ...>
8950  execve("/home/runner/work/_temp/qbe-1.3/qbe", ["/home/runner/work/_temp/qbe-1.3/"..., "-t", "arm64", "-o", "/home/runner/work/_temp/bootstra"..., "/home/runner/work/_temp/bootstra"...], 0xfffffdcbcc38 /* 111 vars */) = 0
8950  exit_group(0)                     = ?
8950  +++ exited with 0 +++
8949  <... wait4 resumed>[{WIFEXITED(s) && WEXITSTATUS(s) == 0}], 0, NULL) = 8950
8949  --- SIGCHLD {si_signo=SIGCHLD, si_code=CLD_EXITED, si_pid=8950, si_uid=1001, si_status=0, si_utime=0, si_stime=0} ---
8949  clone(child_stack=NULL, flags=CLONE_CHILD_CLEARTID|CLONE_CHILD_SETTID|SIGCHLD, child_tidptr=0xff346c33bf90) = 8951
8949  wait4(8951,  <unfinished ...>
8951  execve("/usr/bin/cc", ["/usr/bin/cc", "-xassembler", "/home/runner/work/_temp/bootstra"..., "-fuse-ld=lld", "-Wl,--gc-sections,--strip-all", "-lm", "-o", "/home/runner/work/_temp/bootstra"...], 0xfffffdcbcc38 /* 111 vars */) = 0
8951  clone(child_stack=0xffffd0b63ac0, flags=CLONE_VM|CLONE_VFORK|SIGCHLD <unfinished ...>
8952  execve("/home/runner/go/bin/as", ["as", "-EL", "-mabi=lp64", "-o", "/tmp/ccHfMD9z.o", "/home/runner/work/_temp/bootstra"...], 0x26c17d50 /* 116 vars */) = -1 ENOENT (No such file or directory)
8952  execve("/opt/hostedtoolcache/go/1.27.0/arm64/bin/as", ["as", "-EL", "-mabi=lp64", "-o", "/tmp/ccHfMD9z.o", "/home/runner/work/_temp/bootstra"...], 0x26c17d50 /* 116 vars */) = -1 ENOENT (No such file or directory)
8952  execve("/snap/bin/as", ["as", "-EL", "-mabi=lp64", "-o", "/tmp/ccHfMD9z.o", "/home/runner/work/_temp/bootstra"...], 0x26c17d50 /* 116 vars */) = -1 ENOENT (No such file or directory)
8952  execve("/home/runner/.local/bin/as", ["as", "-EL", "-mabi=lp64", "-o", "/tmp/ccHfMD9z.o", "/home/runner/work/_temp/bootstra"...], 0x26c17d50 /* 116 vars */) = -1 ENOENT (No such file or directory)
8952  execve("/opt/pipx_bin/as", ["as", "-EL", "-mabi=lp64", "-o", "/tmp/ccHfMD9z.o", "/home/runner/work/_temp/bootstra"...], 0x26c17d50 /* 116 vars */) = -1 ENOENT (No such file or directory)
8952  execve("/home/runner/.cargo/bin/as", ["as", "-EL", "-mabi=lp64", "-o", "/tmp/ccHfMD9z.o", "/home/runner/work/_temp/bootstra"...], 0x26c17d50 /* 116 vars */) = -1 ENOENT (No such file or directory)
8952  execve("/home/runner/.config/composer/vendor/bin/as", ["as", "-EL", "-mabi=lp64", "-o", "/tmp/ccHfMD9z.o", "/home/runner/work/_temp/bootstra"...], 0x26c17d50 /* 116 vars */) = -1 ENOENT (No such file or directory)
8952  execve("/home/runner/.dotnet/tools/as", ["as", "-EL", "-mabi=lp64", "-o", "/tmp/ccHfMD9z.o", "/home/runner/work/_temp/bootstra"...], 0x26c17d50 /* 116 vars */) = -1 ENOENT (No such file or directory)
8952  execve("/usr/local/sbin/as", ["as", "-EL", "-mabi=lp64", "-o", "/tmp/ccHfMD9z.o", "/home/runner/work/_temp/bootstra"...], 0x26c17d50 /* 116 vars */) = -1 ENOENT (No such file or directory)
8952  execve("/usr/local/bin/as", ["as", "-EL", "-mabi=lp64", "-o", "/tmp/ccHfMD9z.o", "/home/runner/work/_temp/bootstra"...], 0x26c17d50 /* 116 vars */) = -1 ENOENT (No such file or directory)
8952  execve("/usr/sbin/as", ["as", "-EL", "-mabi=lp64", "-o", "/tmp/ccHfMD9z.o", "/home/runner/work/_temp/bootstra"...], 0x26c17d50 /* 116 vars */) = -1 ENOENT (No such file or directory)
8952  execve("/usr/bin/as", ["as", "-EL", "-mabi=lp64", "-o", "/tmp/ccHfMD9z.o", "/home/runner/work/_temp/bootstra"...], 0x26c17d50 /* 116 vars */ <unfinished ...>
8951  <... clone resumed>)              = 8952
8952  <... execve resumed>)             = 0
8951  wait4(8952,  <unfinished ...>
8952  exit_group(0)                     = ?
8952  +++ exited with 0 +++
8951  <... wait4 resumed>[{WIFEXITED(s) && WEXITSTATUS(s) == 0}], 0, NULL) = 8952
8951  --- SIGCHLD {si_signo=SIGCHLD, si_code=CLD_EXITED, si_pid=8952, si_uid=1001, si_status=0, si_utime=0, si_stime=0} ---
8951  clone(child_stack=0xffffd0b62c00, flags=CLONE_VM|CLONE_VFORK|SIGCHLD <unfinished ...>
8953  execve("/usr/libexec/gcc/aarch64-linux-gnu/13/collect2", ["/usr/libexec/gcc/aarch64-linux-g"..., "-plugin", "/usr/libexec/gcc/aarch64-linux-g"..., "-plugin-opt=/usr/libexec/gcc/aar"..., "-plugin-opt=-fresolution=/tmp/cc"..., "-plugin-opt=-pass-through=-lgcc", "-plugin-opt=-pass-through=-lgcc_"..., "-plugin-opt=-pass-through=-lc", "-plugin-opt=-pass-through=-lgcc", "-plugin-opt=-pass-through=-lgcc_"..., "--build-id", "--eh-frame-hdr", "--hash-style=gnu", "--as-needed", "-dynamic-linker", "/lib/ld-linux-aarch64.so.1", "-X", "-EL", "-maarch64linux", "--fix-cortex-a53-843419", "-pie", "-z", "now", "-fuse-ld=lld", "-z", "relro", "-o", "/home/runner/work/_temp/bootstra"..., "/usr/lib/gcc/aarch64-linux-gnu/1"..., "/usr/lib/gcc/aarch64-linux-gnu/1"..., "/usr/lib/gcc/aarch64-linux-gnu/1"..., "-L/usr/lib/gcc/aarch64-linux-gnu"..., ...], 0x26c18580 /* 118 vars */ <unfinished ...>
8951  <... clone resumed>)              = 8953
8953  <... execve resumed>)             = 0
8951  wait4(8953,  <unfinished ...>
8953  clone(child_stack=0xffffeee6d780, flags=CLONE_VM|CLONE_VFORK|SIGCHLD <unfinished ...>
8954  execve("/usr/bin/ld.lld", ["/usr/bin/ld.lld", "-plugin", "/usr/libexec/gcc/aarch64-linux-g"..., "-plugin-opt=/usr/libexec/gcc/aar"..., "-plugin-opt=-fresolution=/tmp/cc"..., "-plugin-opt=-pass-through=-lgcc", "-plugin-opt=-pass-through=-lgcc_"..., "-plugin-opt=-pass-through=-lc", "-plugin-opt=-pass-through=-lgcc", "-plugin-opt=-pass-through=-lgcc_"..., "--build-id", "--eh-frame-hdr", "--hash-style=gnu", "--as-needed", "-dynamic-linker", "/lib/ld-linux-aarch64.so.1", "-X", "-EL", "-maarch64linux", "--fix-cortex-a53-843419", "-pie", "-z", "now", "-z", "relro", "-o", "/home/runner/work/_temp/bootstra"..., "/usr/lib/gcc/aarch64-linux-gnu/1"..., "/usr/lib/gcc/aarch64-linux-gnu/1"..., "/usr/lib/gcc/aarch64-linux-gnu/1"..., "-L/usr/lib/gcc/aarch64-linux-gnu"..., "-L/usr/lib/gcc/aarch64-linux-gnu"..., ...], 0xffffeee6de40 /* 118 vars */ <unfinished ...>
8953  <... clone resumed>)              = 8954
8954  <... execve resumed>)             = 0
8953  wait4(8954,  <unfinished ...>
8954  clone3({flags=CLONE_VM|CLONE_FS|CLONE_FILES|CLONE_SIGHAND|CLONE_THREAD|CLONE_SYSVSEM|CLONE_SETTLS|CLONE_PARENT_SETTID|CLONE_CHILD_CLEARTID, child_tid=0xffd9ba7ff050, parent_tid=0xffd9ba7ff050, exit_signal=0, stack=0xffd9b67f0000, stack_size=0x400e840, tls=0xffd9ba7ff6c0} => {parent_tid=[8955]}, 88) = 8955
8955  clone3({flags=CLONE_VM|CLONE_FS|CLONE_FILES|CLONE_SIGHAND|CLONE_THREAD|CLONE_SYSVSEM|CLONE_SETTLS|CLONE_PARENT_SETTID|CLONE_CHILD_CLEARTID, child_tid=0xffd9affff050, parent_tid=0xffd9affff050, exit_signal=0, stack=0xffd9abff0000, stack_size=0x400e840, tls=0xffd9affff6c0} => {parent_tid=[8956]}, 88) = 8956
8955  clone3({flags=CLONE_VM|CLONE_FS|CLONE_FILES|CLONE_SIGHAND|CLONE_THREAD|CLONE_SYSVSEM|CLONE_SETTLS|CLONE_PARENT_SETTID|CLONE_CHILD_CLEARTID, child_tid=0xffd9abfef050, parent_tid=0xffd9abfef050, exit_signal=0, stack=0xffd9a7fe0000, stack_size=0x400e840, tls=0xffd9abfef6c0} => {parent_tid=[8957]}, 88) = 8957
8955  clone3({flags=CLONE_VM|CLONE_FS|CLONE_FILES|CLONE_SIGHAND|CLONE_THREAD|CLONE_SYSVSEM|CLONE_SETTLS|CLONE_PARENT_SETTID|CLONE_CHILD_CLEARTID, child_tid=0xffd99ffff050, parent_tid=0xffd99ffff050, exit_signal=0, stack=0xffd99bff0000, stack_size=0x400e840, tls=0xffd99ffff6c0} => {parent_tid=[8958]}, 88) = 8958
8958  exit(0)                           = ?
8958  +++ exited with 0 +++
8954  exit_group(0 <unfinished ...>
8957  exit(0 <unfinished ...>
8954  <... exit_group resumed>)         = ?
8957  <... exit resumed>)               = ?
8957  +++ exited with 0 +++
8956  +++ exited with 0 +++
8955  +++ exited with 0 +++
8954  +++ exited with 0 +++
8953  <... wait4 resumed>[{WIFEXITED(s) && WEXITSTATUS(s) == 0}], 0, NULL) = 8954
8953  --- SIGCHLD {si_signo=SIGCHLD, si_code=CLD_EXITED, si_pid=8954, si_uid=1001, si_status=0, si_utime=0, si_stime=1 /* 0.01 s */} ---
8953  exit_group(0)                     = ?
8953  +++ exited with 0 +++
8951  <... wait4 resumed>[{WIFEXITED(s) && WEXITSTATUS(s) == 0}], 0, NULL) = 8953
8951  --- SIGCHLD {si_signo=SIGCHLD, si_code=CLD_EXITED, si_pid=8953, si_uid=1001, si_status=0, si_utime=0, si_stime=0} ---
8951  exit_group(0)                     = ?
8951  +++ exited with 0 +++
8949  <... wait4 resumed>[{WIFEXITED(s) && WEXITSTATUS(s) == 0}], 0, NULL) = 8951
8949  --- SIGCHLD {si_signo=SIGCHLD, si_code=CLD_EXITED, si_pid=8951, si_uid=1001, si_status=0, si_utime=0, si_stime=0} ---
8949  exit_group(0)                     = ?
8949  +++ exited with 0 +++
