9618  execve("/home/runner/work/_temp/bootstrap-workspace/b4/compiler", ["/home/runner/work/_temp/bootstra"..., "build", "/home/runner/work/type-rb-native"..., "--output", "/home/runner/work/_temp/bootstra"..., "--qbe", "/home/runner/work/_temp/qbe-1.3/"..., "--cc", "/usr/bin/cc", "--target", "linux-arm64-v0"], 0xffffc1657ce8 /* 111 vars */) = 0
9618  clone(child_stack=NULL, flags=CLONE_CHILD_CLEARTID|CLONE_CHILD_SETTID|SIGCHLD, child_tidptr=0xffb72a5fef90) = 9619
9618  wait4(9619,  <unfinished ...>
9619  execve("/home/runner/work/_temp/qbe-1.3/qbe", ["/home/runner/work/_temp/qbe-1.3/"..., "-t", "arm64", "-o", "/home/runner/work/_temp/bootstra"..., "/home/runner/work/_temp/bootstra"...], 0xfffff7caf138 /* 111 vars */) = 0
9619  exit_group(0)                     = ?
9619  +++ exited with 0 +++
9618  <... wait4 resumed>[{WIFEXITED(s) && WEXITSTATUS(s) == 0}], 0, NULL) = 9619
9618  --- SIGCHLD {si_signo=SIGCHLD, si_code=CLD_EXITED, si_pid=9619, si_uid=1001, si_status=0, si_utime=0, si_stime=0} ---
9618  clone(child_stack=NULL, flags=CLONE_CHILD_CLEARTID|CLONE_CHILD_SETTID|SIGCHLD, child_tidptr=0xffb72a5fef90) = 9620
9618  wait4(9620,  <unfinished ...>
9620  execve("/usr/bin/cc", ["/usr/bin/cc", "-xassembler", "/home/runner/work/_temp/bootstra"..., "-fuse-ld=lld", "-Wl,--gc-sections,--strip-all", "-lm", "-o", "/home/runner/work/_temp/bootstra"...], 0xfffff7caf138 /* 111 vars */) = 0
9620  clone(child_stack=0xffffc3a6b7d0, flags=CLONE_VM|CLONE_VFORK|SIGCHLD <unfinished ...>
9621  execve("/home/runner/go/bin/as", ["as", "-EL", "-mabi=lp64", "-o", "/tmp/ccbKlHzB.o", "/home/runner/work/_temp/bootstra"...], 0x8576d50 /* 116 vars */) = -1 ENOENT (No such file or directory)
9621  execve("/opt/hostedtoolcache/go/1.27.0/arm64/bin/as", ["as", "-EL", "-mabi=lp64", "-o", "/tmp/ccbKlHzB.o", "/home/runner/work/_temp/bootstra"...], 0x8576d50 /* 116 vars */) = -1 ENOENT (No such file or directory)
9621  execve("/snap/bin/as", ["as", "-EL", "-mabi=lp64", "-o", "/tmp/ccbKlHzB.o", "/home/runner/work/_temp/bootstra"...], 0x8576d50 /* 116 vars */) = -1 ENOENT (No such file or directory)
9621  execve("/home/runner/.local/bin/as", ["as", "-EL", "-mabi=lp64", "-o", "/tmp/ccbKlHzB.o", "/home/runner/work/_temp/bootstra"...], 0x8576d50 /* 116 vars */) = -1 ENOENT (No such file or directory)
9621  execve("/opt/pipx_bin/as", ["as", "-EL", "-mabi=lp64", "-o", "/tmp/ccbKlHzB.o", "/home/runner/work/_temp/bootstra"...], 0x8576d50 /* 116 vars */) = -1 ENOENT (No such file or directory)
9621  execve("/home/runner/.cargo/bin/as", ["as", "-EL", "-mabi=lp64", "-o", "/tmp/ccbKlHzB.o", "/home/runner/work/_temp/bootstra"...], 0x8576d50 /* 116 vars */) = -1 ENOENT (No such file or directory)
9621  execve("/home/runner/.config/composer/vendor/bin/as", ["as", "-EL", "-mabi=lp64", "-o", "/tmp/ccbKlHzB.o", "/home/runner/work/_temp/bootstra"...], 0x8576d50 /* 116 vars */) = -1 ENOENT (No such file or directory)
9621  execve("/home/runner/.dotnet/tools/as", ["as", "-EL", "-mabi=lp64", "-o", "/tmp/ccbKlHzB.o", "/home/runner/work/_temp/bootstra"...], 0x8576d50 /* 116 vars */) = -1 ENOENT (No such file or directory)
9621  execve("/usr/local/sbin/as", ["as", "-EL", "-mabi=lp64", "-o", "/tmp/ccbKlHzB.o", "/home/runner/work/_temp/bootstra"...], 0x8576d50 /* 116 vars */) = -1 ENOENT (No such file or directory)
9621  execve("/usr/local/bin/as", ["as", "-EL", "-mabi=lp64", "-o", "/tmp/ccbKlHzB.o", "/home/runner/work/_temp/bootstra"...], 0x8576d50 /* 116 vars */) = -1 ENOENT (No such file or directory)
9621  execve("/usr/sbin/as", ["as", "-EL", "-mabi=lp64", "-o", "/tmp/ccbKlHzB.o", "/home/runner/work/_temp/bootstra"...], 0x8576d50 /* 116 vars */) = -1 ENOENT (No such file or directory)
9621  execve("/usr/bin/as", ["as", "-EL", "-mabi=lp64", "-o", "/tmp/ccbKlHzB.o", "/home/runner/work/_temp/bootstra"...], 0x8576d50 /* 116 vars */ <unfinished ...>
9620  <... clone resumed>)              = 9621
9621  <... execve resumed>)             = 0
9620  wait4(9621,  <unfinished ...>
9621  exit_group(0)                     = ?
9621  +++ exited with 0 +++
9620  <... wait4 resumed>[{WIFEXITED(s) && WEXITSTATUS(s) == 0}], 0, NULL) = 9621
9620  --- SIGCHLD {si_signo=SIGCHLD, si_code=CLD_EXITED, si_pid=9621, si_uid=1001, si_status=0, si_utime=0, si_stime=0} ---
9620  clone(child_stack=0xffffc3a6a910, flags=CLONE_VM|CLONE_VFORK|SIGCHLD <unfinished ...>
9622  execve("/usr/libexec/gcc/aarch64-linux-gnu/13/collect2", ["/usr/libexec/gcc/aarch64-linux-g"..., "-plugin", "/usr/libexec/gcc/aarch64-linux-g"..., "-plugin-opt=/usr/libexec/gcc/aar"..., "-plugin-opt=-fresolution=/tmp/cc"..., "-plugin-opt=-pass-through=-lgcc", "-plugin-opt=-pass-through=-lgcc_"..., "-plugin-opt=-pass-through=-lc", "-plugin-opt=-pass-through=-lgcc", "-plugin-opt=-pass-through=-lgcc_"..., "--build-id", "--eh-frame-hdr", "--hash-style=gnu", "--as-needed", "-dynamic-linker", "/lib/ld-linux-aarch64.so.1", "-X", "-EL", "-maarch64linux", "--fix-cortex-a53-843419", "-pie", "-z", "now", "-fuse-ld=lld", "-z", "relro", "-o", "/home/runner/work/_temp/bootstra"..., "/usr/lib/gcc/aarch64-linux-gnu/1"..., "/usr/lib/gcc/aarch64-linux-gnu/1"..., "/usr/lib/gcc/aarch64-linux-gnu/1"..., "-L/usr/lib/gcc/aarch64-linux-gnu"..., ...], 0x8577580 /* 118 vars */ <unfinished ...>
9620  <... clone resumed>)              = 9622
9622  <... execve resumed>)             = 0
9620  wait4(9622,  <unfinished ...>
9622  clone(child_stack=0xffffe5c73ed0, flags=CLONE_VM|CLONE_VFORK|SIGCHLD <unfinished ...>
9623  execve("/usr/bin/ld.lld", ["/usr/bin/ld.lld", "-plugin", "/usr/libexec/gcc/aarch64-linux-g"..., "-plugin-opt=/usr/libexec/gcc/aar"..., "-plugin-opt=-fresolution=/tmp/cc"..., "-plugin-opt=-pass-through=-lgcc", "-plugin-opt=-pass-through=-lgcc_"..., "-plugin-opt=-pass-through=-lc", "-plugin-opt=-pass-through=-lgcc", "-plugin-opt=-pass-through=-lgcc_"..., "--build-id", "--eh-frame-hdr", "--hash-style=gnu", "--as-needed", "-dynamic-linker", "/lib/ld-linux-aarch64.so.1", "-X", "-EL", "-maarch64linux", "--fix-cortex-a53-843419", "-pie", "-z", "now", "-z", "relro", "-o", "/home/runner/work/_temp/bootstra"..., "/usr/lib/gcc/aarch64-linux-gnu/1"..., "/usr/lib/gcc/aarch64-linux-gnu/1"..., "/usr/lib/gcc/aarch64-linux-gnu/1"..., "-L/usr/lib/gcc/aarch64-linux-gnu"..., "-L/usr/lib/gcc/aarch64-linux-gnu"..., ...], 0xffffe5c74590 /* 118 vars */ <unfinished ...>
9622  <... clone resumed>)              = 9623
9623  <... execve resumed>)             = 0
9622  wait4(9623,  <unfinished ...>
9623  clone3({flags=CLONE_VM|CLONE_FS|CLONE_FILES|CLONE_SIGHAND|CLONE_THREAD|CLONE_SYSVSEM|CLONE_SETTLS|CLONE_PARENT_SETTID|CLONE_CHILD_CLEARTID, child_tid=0xff32ed9ff050, parent_tid=0xff32ed9ff050, exit_signal=0, stack=0xff32e99f0000, stack_size=0x400e840, tls=0xff32ed9ff6c0} => {parent_tid=[9624]}, 88) = 9624
9624  clone3({flags=CLONE_VM|CLONE_FS|CLONE_FILES|CLONE_SIGHAND|CLONE_THREAD|CLONE_SYSVSEM|CLONE_SETTLS|CLONE_PARENT_SETTID|CLONE_CHILD_CLEARTID, child_tid=0xff32e3fff050, parent_tid=0xff32e3fff050, exit_signal=0, stack=0xff32dfff0000, stack_size=0x400e840, tls=0xff32e3fff6c0} => {parent_tid=[9625]}, 88) = 9625
9624  clone3({flags=CLONE_VM|CLONE_FS|CLONE_FILES|CLONE_SIGHAND|CLONE_THREAD|CLONE_SYSVSEM|CLONE_SETTLS|CLONE_PARENT_SETTID|CLONE_CHILD_CLEARTID, child_tid=0xff32dffef050, parent_tid=0xff32dffef050, exit_signal=0, stack=0xff32dbfe0000, stack_size=0x400e840, tls=0xff32dffef6c0} => {parent_tid=[9626]}, 88) = 9626
9624  clone3({flags=CLONE_VM|CLONE_FS|CLONE_FILES|CLONE_SIGHAND|CLONE_THREAD|CLONE_SYSVSEM|CLONE_SETTLS|CLONE_PARENT_SETTID|CLONE_CHILD_CLEARTID, child_tid=0xff32d3fff050, parent_tid=0xff32d3fff050, exit_signal=0, stack=0xff32cfff0000, stack_size=0x400e840, tls=0xff32d3fff6c0} => {parent_tid=[9627]}, 88) = 9627
9624  exit(0 <unfinished ...>
9627  exit(0 <unfinished ...>
9625  exit(0 <unfinished ...>
9623  exit_group(0 <unfinished ...>
9624  <... exit resumed>)               = ?
9627  <... exit resumed>)               = ?
9623  <... exit_group resumed>)         = ?
9625  +++ exited with 0 +++
9624  +++ exited with 0 +++
9627  +++ exited with 0 +++
9626  +++ exited with 0 +++
9623  +++ exited with 0 +++
9622  <... wait4 resumed>[{WIFEXITED(s) && WEXITSTATUS(s) == 0}], 0, NULL) = 9623
9622  --- SIGCHLD {si_signo=SIGCHLD, si_code=CLD_EXITED, si_pid=9623, si_uid=1001, si_status=0, si_utime=1 /* 0.01 s */, si_stime=1 /* 0.01 s */} ---
9622  exit_group(0)                     = ?
9622  +++ exited with 0 +++
9620  <... wait4 resumed>[{WIFEXITED(s) && WEXITSTATUS(s) == 0}], 0, NULL) = 9622
9620  --- SIGCHLD {si_signo=SIGCHLD, si_code=CLD_EXITED, si_pid=9622, si_uid=1001, si_status=0, si_utime=0, si_stime=0} ---
9620  exit_group(0)                     = ?
9620  +++ exited with 0 +++
9618  <... wait4 resumed>[{WIFEXITED(s) && WEXITSTATUS(s) == 0}], 0, NULL) = 9620
9618  --- SIGCHLD {si_signo=SIGCHLD, si_code=CLD_EXITED, si_pid=9620, si_uid=1001, si_status=0, si_utime=0, si_stime=0} ---
9618  exit_group(0)                     = ?
9618  +++ exited with 0 +++
