6051  execve("/home/runner/work/_temp/transition/first/compiler", ["/home/runner/work/_temp/transiti"..., "build", "compiler/gate4/src/compiler.trb", "--output", "/home/runner/work/_temp/transiti"..., "--qbe", "/home/runner/work/_temp/qbe-1.3/"..., "--cc", "/usr/bin/cc", "--target", "linux-arm64-v0"], 0xffffc5d15728 /* 111 vars */) = 0
6051  clone(child_stack=NULL, flags=CLONE_CHILD_CLEARTID|CLONE_CHILD_SETTID|SIGCHLD, child_tidptr=0xffa643631f90) = 6052
6051  wait4(6052,  <unfinished ...>
6052  execve("/home/runner/work/_temp/qbe-1.3/qbe", ["/home/runner/work/_temp/qbe-1.3/"..., "-t", "arm64", "-o", "/home/runner/work/_temp/transiti"..., "/home/runner/work/_temp/transiti"...], 0xffffc9600558 /* 111 vars */) = 0
6052  exit_group(0)                     = ?
6052  +++ exited with 0 +++
6051  <... wait4 resumed>[{WIFEXITED(s) && WEXITSTATUS(s) == 0}], 0, NULL) = 6052
6051  --- SIGCHLD {si_signo=SIGCHLD, si_code=CLD_EXITED, si_pid=6052, si_uid=1001, si_status=0, si_utime=19 /* 0.19 s */, si_stime=1 /* 0.01 s */} ---
6051  clone(child_stack=NULL, flags=CLONE_CHILD_CLEARTID|CLONE_CHILD_SETTID|SIGCHLD, child_tidptr=0xffa643631f90) = 6053
6051  wait4(6053,  <unfinished ...>
6053  execve("/usr/bin/cc", ["/usr/bin/cc", "-xassembler", "/home/runner/work/_temp/transiti"..., "-Wl,--gc-sections,--strip-all", "-o", "/home/runner/work/_temp/transiti"...], 0xffffc9600558 /* 111 vars */) = 0
6053  clone(child_stack=0xffffe68375a0, flags=CLONE_VM|CLONE_VFORK|SIGCHLD <unfinished ...>
6054  execve("/home/runner/go/bin/as", ["as", "-EL", "-mabi=lp64", "-o", "/tmp/ccHta51g.o", "/home/runner/work/_temp/transiti"...], 0x493ac20 /* 116 vars */) = -1 ENOENT (No such file or directory)
6054  execve("/opt/hostedtoolcache/go/1.27.0/arm64/bin/as", ["as", "-EL", "-mabi=lp64", "-o", "/tmp/ccHta51g.o", "/home/runner/work/_temp/transiti"...], 0x493ac20 /* 116 vars */) = -1 ENOENT (No such file or directory)
6054  execve("/snap/bin/as", ["as", "-EL", "-mabi=lp64", "-o", "/tmp/ccHta51g.o", "/home/runner/work/_temp/transiti"...], 0x493ac20 /* 116 vars */) = -1 ENOENT (No such file or directory)
6054  execve("/home/runner/.local/bin/as", ["as", "-EL", "-mabi=lp64", "-o", "/tmp/ccHta51g.o", "/home/runner/work/_temp/transiti"...], 0x493ac20 /* 116 vars */) = -1 ENOENT (No such file or directory)
6054  execve("/opt/pipx_bin/as", ["as", "-EL", "-mabi=lp64", "-o", "/tmp/ccHta51g.o", "/home/runner/work/_temp/transiti"...], 0x493ac20 /* 116 vars */) = -1 ENOENT (No such file or directory)
6054  execve("/home/runner/.cargo/bin/as", ["as", "-EL", "-mabi=lp64", "-o", "/tmp/ccHta51g.o", "/home/runner/work/_temp/transiti"...], 0x493ac20 /* 116 vars */) = -1 ENOENT (No such file or directory)
6054  execve("/home/runner/.config/composer/vendor/bin/as", ["as", "-EL", "-mabi=lp64", "-o", "/tmp/ccHta51g.o", "/home/runner/work/_temp/transiti"...], 0x493ac20 /* 116 vars */) = -1 ENOENT (No such file or directory)
6054  execve("/home/runner/.dotnet/tools/as", ["as", "-EL", "-mabi=lp64", "-o", "/tmp/ccHta51g.o", "/home/runner/work/_temp/transiti"...], 0x493ac20 /* 116 vars */) = -1 ENOENT (No such file or directory)
6054  execve("/usr/local/sbin/as", ["as", "-EL", "-mabi=lp64", "-o", "/tmp/ccHta51g.o", "/home/runner/work/_temp/transiti"...], 0x493ac20 /* 116 vars */) = -1 ENOENT (No such file or directory)
6054  execve("/usr/local/bin/as", ["as", "-EL", "-mabi=lp64", "-o", "/tmp/ccHta51g.o", "/home/runner/work/_temp/transiti"...], 0x493ac20 /* 116 vars */) = -1 ENOENT (No such file or directory)
6054  execve("/usr/sbin/as", ["as", "-EL", "-mabi=lp64", "-o", "/tmp/ccHta51g.o", "/home/runner/work/_temp/transiti"...], 0x493ac20 /* 116 vars */) = -1 ENOENT (No such file or directory)
6054  execve("/usr/bin/as", ["as", "-EL", "-mabi=lp64", "-o", "/tmp/ccHta51g.o", "/home/runner/work/_temp/transiti"...], 0x493ac20 /* 116 vars */ <unfinished ...>
6053  <... clone resumed>)              = 6054
6054  <... execve resumed>)             = 0
6053  wait4(6054,  <unfinished ...>
6054  exit_group(0)                     = ?
6054  +++ exited with 0 +++
6053  <... wait4 resumed>[{WIFEXITED(s) && WEXITSTATUS(s) == 0}], 0, NULL) = 6054
6053  --- SIGCHLD {si_signo=SIGCHLD, si_code=CLD_EXITED, si_pid=6054, si_uid=1001, si_status=0, si_utime=8 /* 0.08 s */, si_stime=0} ---
6053  clone(child_stack=0xffffe68366e0, flags=CLONE_VM|CLONE_VFORK|SIGCHLD <unfinished ...>
6055  execve("/usr/libexec/gcc/aarch64-linux-gnu/13/collect2", ["/usr/libexec/gcc/aarch64-linux-g"..., "-plugin", "/usr/libexec/gcc/aarch64-linux-g"..., "-plugin-opt=/usr/libexec/gcc/aar"..., "-plugin-opt=-fresolution=/tmp/cc"..., "-plugin-opt=-pass-through=-lgcc", "-plugin-opt=-pass-through=-lgcc_"..., "-plugin-opt=-pass-through=-lc", "-plugin-opt=-pass-through=-lgcc", "-plugin-opt=-pass-through=-lgcc_"..., "--build-id", "--eh-frame-hdr", "--hash-style=gnu", "--as-needed", "-dynamic-linker", "/lib/ld-linux-aarch64.so.1", "-X", "-EL", "-maarch64linux", "--fix-cortex-a53-843419", "-pie", "-z", "now", "-z", "relro", "-o", "/home/runner/work/_temp/transiti"..., "/usr/lib/gcc/aarch64-linux-gnu/1"..., "/usr/lib/gcc/aarch64-linux-gnu/1"..., "/usr/lib/gcc/aarch64-linux-gnu/1"..., "-L/usr/lib/gcc/aarch64-linux-gnu"..., "-L/usr/lib/gcc/aarch64-linux-gnu"..., ...], 0x493b3c0 /* 118 vars */ <unfinished ...>
6053  <... clone resumed>)              = 6055
6055  <... execve resumed>)             = 0
6053  wait4(6055,  <unfinished ...>
6055  clone(child_stack=0xfffff58340d0, flags=CLONE_VM|CLONE_VFORK|SIGCHLD <unfinished ...>
6056  execve("/usr/bin/ld", ["/usr/bin/ld", "-plugin", "/usr/libexec/gcc/aarch64-linux-g"..., "-plugin-opt=/usr/libexec/gcc/aar"..., "-plugin-opt=-fresolution=/tmp/cc"..., "-plugin-opt=-pass-through=-lgcc", "-plugin-opt=-pass-through=-lgcc_"..., "-plugin-opt=-pass-through=-lc", "-plugin-opt=-pass-through=-lgcc", "-plugin-opt=-pass-through=-lgcc_"..., "--build-id", "--eh-frame-hdr", "--hash-style=gnu", "--as-needed", "-dynamic-linker", "/lib/ld-linux-aarch64.so.1", "-X", "-EL", "-maarch64linux", "--fix-cortex-a53-843419", "-pie", "-z", "now", "-z", "relro", "-o", "/home/runner/work/_temp/transiti"..., "/usr/lib/gcc/aarch64-linux-gnu/1"..., "/usr/lib/gcc/aarch64-linux-gnu/1"..., "/usr/lib/gcc/aarch64-linux-gnu/1"..., "-L/usr/lib/gcc/aarch64-linux-gnu"..., "-L/usr/lib/gcc/aarch64-linux-gnu"..., ...], 0xfffff5834780 /* 118 vars */ <unfinished ...>
6055  <... clone resumed>)              = 6056
6056  <... execve resumed>)             = 0
6055  wait4(6056,  <unfinished ...>
6056  exit_group(0)                     = ?
6056  +++ exited with 0 +++
6055  <... wait4 resumed>[{WIFEXITED(s) && WEXITSTATUS(s) == 0}], 0, NULL) = 6056
6055  --- SIGCHLD {si_signo=SIGCHLD, si_code=CLD_EXITED, si_pid=6056, si_uid=1001, si_status=0, si_utime=0, si_stime=1 /* 0.01 s */} ---
6055  exit_group(0)                     = ?
6055  +++ exited with 0 +++
6053  <... wait4 resumed>[{WIFEXITED(s) && WEXITSTATUS(s) == 0}], 0, NULL) = 6055
6053  --- SIGCHLD {si_signo=SIGCHLD, si_code=CLD_EXITED, si_pid=6055, si_uid=1001, si_status=0, si_utime=0, si_stime=0} ---
6053  exit_group(0)                     = ?
6053  +++ exited with 0 +++
6051  <... wait4 resumed>[{WIFEXITED(s) && WEXITSTATUS(s) == 0}], 0, NULL) = 6053
6051  --- SIGCHLD {si_signo=SIGCHLD, si_code=CLD_EXITED, si_pid=6053, si_uid=1001, si_status=0, si_utime=0, si_stime=0} ---
6051  exit_group(0)                     = ?
6051  +++ exited with 0 +++
