5979  execve("/home/runner/work/_temp/release/type-rb-native-bootstrap-linux-arm64", ["/home/runner/work/_temp/release/"..., "build", "compiler/gate4/src/compiler.trb", "--output", "/home/runner/work/_temp/transiti"..., "--qbe", "/home/runner/work/_temp/qbe-1.3/"..., "--cc", "/usr/bin/cc", "--target", "linux-arm64-v0"], 0xfffff7b16ec8 /* 111 vars */) = 0
5979  clone(child_stack=NULL, flags=CLONE_CHILD_CLEARTID|CLONE_CHILD_SETTID|SIGCHLD, child_tidptr=0xffdcc04b4f90) = 6043
5979  wait4(6043,  <unfinished ...>
6043  execve("/home/runner/work/_temp/qbe-1.3/qbe", ["/home/runner/work/_temp/qbe-1.3/"..., "-t", "arm64", "-o", "/home/runner/work/_temp/transiti"..., "/home/runner/work/_temp/transiti"...], 0xfffff03d2588 /* 111 vars */) = 0
6043  exit_group(0)                     = ?
6043  +++ exited with 0 +++
5979  <... wait4 resumed>[{WIFEXITED(s) && WEXITSTATUS(s) == 0}], 0, NULL) = 6043
5979  --- SIGCHLD {si_signo=SIGCHLD, si_code=CLD_EXITED, si_pid=6043, si_uid=1001, si_status=0, si_utime=17 /* 0.17 s */, si_stime=1 /* 0.01 s */} ---
5979  clone(child_stack=NULL, flags=CLONE_CHILD_CLEARTID|CLONE_CHILD_SETTID|SIGCHLD, child_tidptr=0xffdcc04b4f90) = 6044
5979  wait4(6044,  <unfinished ...>
6044  execve("/usr/bin/cc", ["/usr/bin/cc", "-xassembler", "/home/runner/work/_temp/transiti"..., "-Wl,--gc-sections,--strip-all", "-o", "/home/runner/work/_temp/transiti"...], 0xfffff03d2588 /* 111 vars */) = 0
6044  clone(child_stack=0xffffe564dd10, flags=CLONE_VM|CLONE_VFORK|SIGCHLD <unfinished ...>
6045  execve("/home/runner/go/bin/as", ["as", "-EL", "-mabi=lp64", "-o", "/tmp/ccyTojDu.o", "/home/runner/work/_temp/transiti"...], 0x24ea5c10 /* 116 vars */) = -1 ENOENT (No such file or directory)
6045  execve("/opt/hostedtoolcache/go/1.27.0/arm64/bin/as", ["as", "-EL", "-mabi=lp64", "-o", "/tmp/ccyTojDu.o", "/home/runner/work/_temp/transiti"...], 0x24ea5c10 /* 116 vars */) = -1 ENOENT (No such file or directory)
6045  execve("/snap/bin/as", ["as", "-EL", "-mabi=lp64", "-o", "/tmp/ccyTojDu.o", "/home/runner/work/_temp/transiti"...], 0x24ea5c10 /* 116 vars */) = -1 ENOENT (No such file or directory)
6045  execve("/home/runner/.local/bin/as", ["as", "-EL", "-mabi=lp64", "-o", "/tmp/ccyTojDu.o", "/home/runner/work/_temp/transiti"...], 0x24ea5c10 /* 116 vars */) = -1 ENOENT (No such file or directory)
6045  execve("/opt/pipx_bin/as", ["as", "-EL", "-mabi=lp64", "-o", "/tmp/ccyTojDu.o", "/home/runner/work/_temp/transiti"...], 0x24ea5c10 /* 116 vars */) = -1 ENOENT (No such file or directory)
6045  execve("/home/runner/.cargo/bin/as", ["as", "-EL", "-mabi=lp64", "-o", "/tmp/ccyTojDu.o", "/home/runner/work/_temp/transiti"...], 0x24ea5c10 /* 116 vars */) = -1 ENOENT (No such file or directory)
6045  execve("/home/runner/.config/composer/vendor/bin/as", ["as", "-EL", "-mabi=lp64", "-o", "/tmp/ccyTojDu.o", "/home/runner/work/_temp/transiti"...], 0x24ea5c10 /* 116 vars */) = -1 ENOENT (No such file or directory)
6045  execve("/home/runner/.dotnet/tools/as", ["as", "-EL", "-mabi=lp64", "-o", "/tmp/ccyTojDu.o", "/home/runner/work/_temp/transiti"...], 0x24ea5c10 /* 116 vars */) = -1 ENOENT (No such file or directory)
6045  execve("/usr/local/sbin/as", ["as", "-EL", "-mabi=lp64", "-o", "/tmp/ccyTojDu.o", "/home/runner/work/_temp/transiti"...], 0x24ea5c10 /* 116 vars */) = -1 ENOENT (No such file or directory)
6045  execve("/usr/local/bin/as", ["as", "-EL", "-mabi=lp64", "-o", "/tmp/ccyTojDu.o", "/home/runner/work/_temp/transiti"...], 0x24ea5c10 /* 116 vars */) = -1 ENOENT (No such file or directory)
6045  execve("/usr/sbin/as", ["as", "-EL", "-mabi=lp64", "-o", "/tmp/ccyTojDu.o", "/home/runner/work/_temp/transiti"...], 0x24ea5c10 /* 116 vars */) = -1 ENOENT (No such file or directory)
6045  execve("/usr/bin/as", ["as", "-EL", "-mabi=lp64", "-o", "/tmp/ccyTojDu.o", "/home/runner/work/_temp/transiti"...], 0x24ea5c10 /* 116 vars */ <unfinished ...>
6044  <... clone resumed>)              = 6045
6045  <... execve resumed>)             = 0
6044  wait4(6045,  <unfinished ...>
6045  exit_group(0)                     = ?
6045  +++ exited with 0 +++
6044  <... wait4 resumed>[{WIFEXITED(s) && WEXITSTATUS(s) == 0}], 0, NULL) = 6045
6044  --- SIGCHLD {si_signo=SIGCHLD, si_code=CLD_EXITED, si_pid=6045, si_uid=1001, si_status=0, si_utime=8 /* 0.08 s */, si_stime=0} ---
6044  clone(child_stack=0xffffe564ce50, flags=CLONE_VM|CLONE_VFORK|SIGCHLD <unfinished ...>
6046  execve("/usr/libexec/gcc/aarch64-linux-gnu/13/collect2", ["/usr/libexec/gcc/aarch64-linux-g"..., "-plugin", "/usr/libexec/gcc/aarch64-linux-g"..., "-plugin-opt=/usr/libexec/gcc/aar"..., "-plugin-opt=-fresolution=/tmp/cc"..., "-plugin-opt=-pass-through=-lgcc", "-plugin-opt=-pass-through=-lgcc_"..., "-plugin-opt=-pass-through=-lc", "-plugin-opt=-pass-through=-lgcc", "-plugin-opt=-pass-through=-lgcc_"..., "--build-id", "--eh-frame-hdr", "--hash-style=gnu", "--as-needed", "-dynamic-linker", "/lib/ld-linux-aarch64.so.1", "-X", "-EL", "-maarch64linux", "--fix-cortex-a53-843419", "-pie", "-z", "now", "-z", "relro", "-o", "/home/runner/work/_temp/transiti"..., "/usr/lib/gcc/aarch64-linux-gnu/1"..., "/usr/lib/gcc/aarch64-linux-gnu/1"..., "/usr/lib/gcc/aarch64-linux-gnu/1"..., "-L/usr/lib/gcc/aarch64-linux-gnu"..., "-L/usr/lib/gcc/aarch64-linux-gnu"..., ...], 0x24ea63b0 /* 118 vars */ <unfinished ...>
6044  <... clone resumed>)              = 6046
6046  <... execve resumed>)             = 0
6044  wait4(6046,  <unfinished ...>
6046  clone(child_stack=0xfffff68b3710, flags=CLONE_VM|CLONE_VFORK|SIGCHLD <unfinished ...>
6047  execve("/usr/bin/ld", ["/usr/bin/ld", "-plugin", "/usr/libexec/gcc/aarch64-linux-g"..., "-plugin-opt=/usr/libexec/gcc/aar"..., "-plugin-opt=-fresolution=/tmp/cc"..., "-plugin-opt=-pass-through=-lgcc", "-plugin-opt=-pass-through=-lgcc_"..., "-plugin-opt=-pass-through=-lc", "-plugin-opt=-pass-through=-lgcc", "-plugin-opt=-pass-through=-lgcc_"..., "--build-id", "--eh-frame-hdr", "--hash-style=gnu", "--as-needed", "-dynamic-linker", "/lib/ld-linux-aarch64.so.1", "-X", "-EL", "-maarch64linux", "--fix-cortex-a53-843419", "-pie", "-z", "now", "-z", "relro", "-o", "/home/runner/work/_temp/transiti"..., "/usr/lib/gcc/aarch64-linux-gnu/1"..., "/usr/lib/gcc/aarch64-linux-gnu/1"..., "/usr/lib/gcc/aarch64-linux-gnu/1"..., "-L/usr/lib/gcc/aarch64-linux-gnu"..., "-L/usr/lib/gcc/aarch64-linux-gnu"..., ...], 0xfffff68b3dc0 /* 118 vars */ <unfinished ...>
6046  <... clone resumed>)              = 6047
6047  <... execve resumed>)             = 0
6046  wait4(6047,  <unfinished ...>
6047  exit_group(0)                     = ?
6047  +++ exited with 0 +++
6046  <... wait4 resumed>[{WIFEXITED(s) && WEXITSTATUS(s) == 0}], 0, NULL) = 6047
6046  --- SIGCHLD {si_signo=SIGCHLD, si_code=CLD_EXITED, si_pid=6047, si_uid=1001, si_status=0, si_utime=0, si_stime=1 /* 0.01 s */} ---
6046  exit_group(0)                     = ?
6046  +++ exited with 0 +++
6044  <... wait4 resumed>[{WIFEXITED(s) && WEXITSTATUS(s) == 0}], 0, NULL) = 6046
6044  --- SIGCHLD {si_signo=SIGCHLD, si_code=CLD_EXITED, si_pid=6046, si_uid=1001, si_status=0, si_utime=0, si_stime=0} ---
6044  exit_group(0)                     = ?
6044  +++ exited with 0 +++
5979  <... wait4 resumed>[{WIFEXITED(s) && WEXITSTATUS(s) == 0}], 0, NULL) = 6044
5979  --- SIGCHLD {si_signo=SIGCHLD, si_code=CLD_EXITED, si_pid=6044, si_uid=1001, si_status=0, si_utime=0, si_stime=0} ---
5979  exit_group(0)                     = ?
5979  +++ exited with 0 +++
