9376  execve("/home/runner/work/_temp/bootstrap-workspace/b4/compiler", ["/home/runner/work/_temp/bootstra"..., "build", "/home/runner/work/type-rb-native"..., "--output", "/home/runner/work/_temp/bootstra"..., "--qbe", "/home/runner/work/_temp/qbe-1.3/"..., "--cc", "/usr/bin/cc", "--target", "linux-arm64-v0"], 0xffffcc253bd8 /* 111 vars */) = 0
9376  clone(child_stack=NULL, flags=CLONE_CHILD_CLEARTID|CLONE_CHILD_SETTID|SIGCHLD, child_tidptr=0xfffd66efdf90) = 9377
9376  wait4(9377,  <unfinished ...>
9377  execve("/home/runner/work/_temp/qbe-1.3/qbe", ["/home/runner/work/_temp/qbe-1.3/"..., "-t", "arm64", "-o", "/home/runner/work/_temp/bootstra"..., "/home/runner/work/_temp/bootstra"...], 0xffffc8a96f48 /* 111 vars */) = 0
9377  exit_group(0)                     = ?
9377  +++ exited with 0 +++
9376  <... wait4 resumed>[{WIFEXITED(s) && WEXITSTATUS(s) == 0}], 0, NULL) = 9377
9376  --- SIGCHLD {si_signo=SIGCHLD, si_code=CLD_EXITED, si_pid=9377, si_uid=1001, si_status=0, si_utime=0, si_stime=0} ---
9376  clone(child_stack=NULL, flags=CLONE_CHILD_CLEARTID|CLONE_CHILD_SETTID|SIGCHLD, child_tidptr=0xfffd66efdf90) = 9378
9376  wait4(9378,  <unfinished ...>
9378  execve("/usr/bin/cc", ["/usr/bin/cc", "-xassembler", "/home/runner/work/_temp/bootstra"..., "-fuse-ld=lld", "-Wl,--gc-sections,--strip-all", "-lm", "-o", "/home/runner/work/_temp/bootstra"...], 0xffffc8a96f48 /* 111 vars */) = 0
9378  clone(child_stack=0xffffef8823c0, flags=CLONE_VM|CLONE_VFORK|SIGCHLD <unfinished ...>
9379  execve("/home/runner/go/bin/as", ["as", "-EL", "-mabi=lp64", "-o", "/tmp/ccuTLNb7.o", "/home/runner/work/_temp/bootstra"...], 0x2dd05d50 /* 116 vars */) = -1 ENOENT (No such file or directory)
9379  execve("/opt/hostedtoolcache/go/1.27.1/arm64/bin/as", ["as", "-EL", "-mabi=lp64", "-o", "/tmp/ccuTLNb7.o", "/home/runner/work/_temp/bootstra"...], 0x2dd05d50 /* 116 vars */) = -1 ENOENT (No such file or directory)
9379  execve("/snap/bin/as", ["as", "-EL", "-mabi=lp64", "-o", "/tmp/ccuTLNb7.o", "/home/runner/work/_temp/bootstra"...], 0x2dd05d50 /* 116 vars */) = -1 ENOENT (No such file or directory)
9379  execve("/home/runner/.local/bin/as", ["as", "-EL", "-mabi=lp64", "-o", "/tmp/ccuTLNb7.o", "/home/runner/work/_temp/bootstra"...], 0x2dd05d50 /* 116 vars */) = -1 ENOENT (No such file or directory)
9379  execve("/opt/pipx_bin/as", ["as", "-EL", "-mabi=lp64", "-o", "/tmp/ccuTLNb7.o", "/home/runner/work/_temp/bootstra"...], 0x2dd05d50 /* 116 vars */) = -1 ENOENT (No such file or directory)
9379  execve("/home/runner/.cargo/bin/as", ["as", "-EL", "-mabi=lp64", "-o", "/tmp/ccuTLNb7.o", "/home/runner/work/_temp/bootstra"...], 0x2dd05d50 /* 116 vars */) = -1 ENOENT (No such file or directory)
9379  execve("/home/runner/.config/composer/vendor/bin/as", ["as", "-EL", "-mabi=lp64", "-o", "/tmp/ccuTLNb7.o", "/home/runner/work/_temp/bootstra"...], 0x2dd05d50 /* 116 vars */) = -1 ENOENT (No such file or directory)
9379  execve("/home/runner/.dotnet/tools/as", ["as", "-EL", "-mabi=lp64", "-o", "/tmp/ccuTLNb7.o", "/home/runner/work/_temp/bootstra"...], 0x2dd05d50 /* 116 vars */) = -1 ENOENT (No such file or directory)
9379  execve("/usr/local/sbin/as", ["as", "-EL", "-mabi=lp64", "-o", "/tmp/ccuTLNb7.o", "/home/runner/work/_temp/bootstra"...], 0x2dd05d50 /* 116 vars */) = -1 ENOENT (No such file or directory)
9379  execve("/usr/local/bin/as", ["as", "-EL", "-mabi=lp64", "-o", "/tmp/ccuTLNb7.o", "/home/runner/work/_temp/bootstra"...], 0x2dd05d50 /* 116 vars */) = -1 ENOENT (No such file or directory)
9379  execve("/usr/sbin/as", ["as", "-EL", "-mabi=lp64", "-o", "/tmp/ccuTLNb7.o", "/home/runner/work/_temp/bootstra"...], 0x2dd05d50 /* 116 vars */) = -1 ENOENT (No such file or directory)
9379  execve("/usr/bin/as", ["as", "-EL", "-mabi=lp64", "-o", "/tmp/ccuTLNb7.o", "/home/runner/work/_temp/bootstra"...], 0x2dd05d50 /* 116 vars */ <unfinished ...>
9378  <... clone resumed>)              = 9379
9379  <... execve resumed>)             = 0
9378  wait4(9379,  <unfinished ...>
9379  exit_group(0)                     = ?
9379  +++ exited with 0 +++
9378  <... wait4 resumed>[{WIFEXITED(s) && WEXITSTATUS(s) == 0}], 0, NULL) = 9379
9378  --- SIGCHLD {si_signo=SIGCHLD, si_code=CLD_EXITED, si_pid=9379, si_uid=1001, si_status=0, si_utime=0, si_stime=0} ---
9378  clone(child_stack=0xffffef881500, flags=CLONE_VM|CLONE_VFORK|SIGCHLD <unfinished ...>
9380  execve("/usr/libexec/gcc/aarch64-linux-gnu/13/collect2", ["/usr/libexec/gcc/aarch64-linux-g"..., "-plugin", "/usr/libexec/gcc/aarch64-linux-g"..., "-plugin-opt=/usr/libexec/gcc/aar"..., "-plugin-opt=-fresolution=/tmp/cc"..., "-plugin-opt=-pass-through=-lgcc", "-plugin-opt=-pass-through=-lgcc_"..., "-plugin-opt=-pass-through=-lc", "-plugin-opt=-pass-through=-lgcc", "-plugin-opt=-pass-through=-lgcc_"..., "--build-id", "--eh-frame-hdr", "--hash-style=gnu", "--as-needed", "-dynamic-linker", "/lib/ld-linux-aarch64.so.1", "-X", "-EL", "-maarch64linux", "--fix-cortex-a53-843419", "-pie", "-z", "now", "-fuse-ld=lld", "-z", "relro", "-o", "/home/runner/work/_temp/bootstra"..., "/usr/lib/gcc/aarch64-linux-gnu/1"..., "/usr/lib/gcc/aarch64-linux-gnu/1"..., "/usr/lib/gcc/aarch64-linux-gnu/1"..., "-L/usr/lib/gcc/aarch64-linux-gnu"..., ...], 0x2dd06580 /* 118 vars */ <unfinished ...>
9378  <... clone resumed>)              = 9380
9380  <... execve resumed>)             = 0
9378  wait4(9380,  <unfinished ...>
9380  clone(child_stack=0xffffee97e5d0, flags=CLONE_VM|CLONE_VFORK|SIGCHLD <unfinished ...>
9381  execve("/usr/bin/ld.lld", ["/usr/bin/ld.lld", "-plugin", "/usr/libexec/gcc/aarch64-linux-g"..., "-plugin-opt=/usr/libexec/gcc/aar"..., "-plugin-opt=-fresolution=/tmp/cc"..., "-plugin-opt=-pass-through=-lgcc", "-plugin-opt=-pass-through=-lgcc_"..., "-plugin-opt=-pass-through=-lc", "-plugin-opt=-pass-through=-lgcc", "-plugin-opt=-pass-through=-lgcc_"..., "--build-id", "--eh-frame-hdr", "--hash-style=gnu", "--as-needed", "-dynamic-linker", "/lib/ld-linux-aarch64.so.1", "-X", "-EL", "-maarch64linux", "--fix-cortex-a53-843419", "-pie", "-z", "now", "-z", "relro", "-o", "/home/runner/work/_temp/bootstra"..., "/usr/lib/gcc/aarch64-linux-gnu/1"..., "/usr/lib/gcc/aarch64-linux-gnu/1"..., "/usr/lib/gcc/aarch64-linux-gnu/1"..., "-L/usr/lib/gcc/aarch64-linux-gnu"..., "-L/usr/lib/gcc/aarch64-linux-gnu"..., ...], 0xffffee97ec90 /* 118 vars */ <unfinished ...>
9380  <... clone resumed>)              = 9381
9381  <... execve resumed>)             = 0
9380  wait4(9381,  <unfinished ...>
9381  clone3({flags=CLONE_VM|CLONE_FS|CLONE_FILES|CLONE_SIGHAND|CLONE_THREAD|CLONE_SYSVSEM|CLONE_SETTLS|CLONE_PARENT_SETTID|CLONE_CHILD_CLEARTID, child_tid=0xff3defbff050, parent_tid=0xff3defbff050, exit_signal=0, stack=0xff3debbf0000, stack_size=0x400e840, tls=0xff3defbff6c0} => {parent_tid=[9382]}, 88) = 9382
9382  clone3({flags=CLONE_VM|CLONE_FS|CLONE_FILES|CLONE_SIGHAND|CLONE_THREAD|CLONE_SYSVSEM|CLONE_SETTLS|CLONE_PARENT_SETTID|CLONE_CHILD_CLEARTID, child_tid=0xff3de3fff050, parent_tid=0xff3de3fff050, exit_signal=0, stack=0xff3ddfff0000, stack_size=0x400e840, tls=0xff3de3fff6c0} => {parent_tid=[9383]}, 88) = 9383
9382  clone3({flags=CLONE_VM|CLONE_FS|CLONE_FILES|CLONE_SIGHAND|CLONE_THREAD|CLONE_SYSVSEM|CLONE_SETTLS|CLONE_PARENT_SETTID|CLONE_CHILD_CLEARTID, child_tid=0xff3ddffef050, parent_tid=0xff3ddffef050, exit_signal=0, stack=0xff3ddbfe0000, stack_size=0x400e840, tls=0xff3ddffef6c0} => {parent_tid=[9384]}, 88) = 9384
9382  clone3({flags=CLONE_VM|CLONE_FS|CLONE_FILES|CLONE_SIGHAND|CLONE_THREAD|CLONE_SYSVSEM|CLONE_SETTLS|CLONE_PARENT_SETTID|CLONE_CHILD_CLEARTID, child_tid=0xff3dd3fff050, parent_tid=0xff3dd3fff050, exit_signal=0, stack=0xff3dcfff0000, stack_size=0x400e840, tls=0xff3dd3fff6c0} => {parent_tid=[9385]}, 88) = 9385
9384  exit(0 <unfinished ...>
9382  exit(0 <unfinished ...>
9384  <... exit resumed>)               = ?
9383  exit(0 <unfinished ...>
9382  <... exit resumed>)               = ?
9381  exit_group(0 <unfinished ...>
9384  +++ exited with 0 +++
9383  <... exit resumed>)               = ?
9382  +++ exited with 0 +++
9381  <... exit_group resumed>)         = ?
9385  +++ exited with 0 +++
9383  +++ exited with 0 +++
9381  +++ exited with 0 +++
9380  <... wait4 resumed>[{WIFEXITED(s) && WEXITSTATUS(s) == 0}], 0, NULL) = 9381
9380  --- SIGCHLD {si_signo=SIGCHLD, si_code=CLD_EXITED, si_pid=9381, si_uid=1001, si_status=0, si_utime=0, si_stime=1 /* 0.01 s */} ---
9380  exit_group(0)                     = ?
9380  +++ exited with 0 +++
9378  <... wait4 resumed>[{WIFEXITED(s) && WEXITSTATUS(s) == 0}], 0, NULL) = 9380
9378  --- SIGCHLD {si_signo=SIGCHLD, si_code=CLD_EXITED, si_pid=9380, si_uid=1001, si_status=0, si_utime=0, si_stime=0} ---
9378  exit_group(0)                     = ?
9378  +++ exited with 0 +++
9376  <... wait4 resumed>[{WIFEXITED(s) && WEXITSTATUS(s) == 0}], 0, NULL) = 9378
9376  --- SIGCHLD {si_signo=SIGCHLD, si_code=CLD_EXITED, si_pid=9378, si_uid=1001, si_status=0, si_utime=0, si_stime=0} ---
9376  exit_group(0)                     = ?
9376  +++ exited with 0 +++
