9040  execve("/home/runner/work/_temp/candidate-compiler", ["/home/runner/work/_temp/candidat"..., "build", "/home/runner/work/type-rb-native"..., "--output", "/home/runner/work/_temp/build-wo"..., "--qbe", "/home/runner/work/_temp/qbe-1.3/"..., "--cc", "/usr/bin/cc", "--target", "linux-arm64-v0"], 0xffffca6655a8 /* 115 vars */) = 0
9040  clone(child_stack=NULL, flags=CLONE_CHILD_CLEARTID|CLONE_CHILD_SETTID|SIGCHLD, child_tidptr=0xfff7f0a0bf90) = 9041
9040  wait4(9041,  <unfinished ...>
9041  execve("/home/runner/work/_temp/qbe-1.3/qbe", ["/home/runner/work/_temp/qbe-1.3/"..., "-t", "arm64", "-o", "/home/runner/work/_temp/build-wo"..., "/home/runner/work/_temp/build-wo"...], 0xffffdf6c3f58 /* 115 vars */) = 0
9041  exit_group(0)                     = ?
9041  +++ exited with 0 +++
9040  <... wait4 resumed>[{WIFEXITED(s) && WEXITSTATUS(s) == 0}], 0, NULL) = 9041
9040  --- SIGCHLD {si_signo=SIGCHLD, si_code=CLD_EXITED, si_pid=9041, si_uid=1001, si_status=0, si_utime=1 /* 0.01 s */, si_stime=0} ---
9040  clone(child_stack=NULL, flags=CLONE_CHILD_CLEARTID|CLONE_CHILD_SETTID|SIGCHLD, child_tidptr=0xfff7f0a0bf90) = 9042
9040  wait4(9042,  <unfinished ...>
9042  execve("/usr/bin/cc", ["/usr/bin/cc", "-xassembler", "/home/runner/work/_temp/build-wo"..., "-fuse-ld=lld", "-Wl,--gc-sections,--strip-all", "-lm", "-o", "/home/runner/work/_temp/build-wo"...], 0xffffdf6c3f58 /* 115 vars */) = 0
9042  clone(child_stack=0xfffffc406410, flags=CLONE_VM|CLONE_VFORK|SIGCHLD <unfinished ...>
9043  execve("/home/runner/go/bin/as", ["as", "-EL", "-mabi=lp64", "-o", "/tmp/ccyxTTnY.o", "/home/runner/work/_temp/build-wo"...], 0x3d1f4d80 /* 120 vars */) = -1 ENOENT (No such file or directory)
9043  execve("/opt/hostedtoolcache/go/1.27.0/arm64/bin/as", ["as", "-EL", "-mabi=lp64", "-o", "/tmp/ccyxTTnY.o", "/home/runner/work/_temp/build-wo"...], 0x3d1f4d80 /* 120 vars */) = -1 ENOENT (No such file or directory)
9043  execve("/snap/bin/as", ["as", "-EL", "-mabi=lp64", "-o", "/tmp/ccyxTTnY.o", "/home/runner/work/_temp/build-wo"...], 0x3d1f4d80 /* 120 vars */) = -1 ENOENT (No such file or directory)
9043  execve("/home/runner/.local/bin/as", ["as", "-EL", "-mabi=lp64", "-o", "/tmp/ccyxTTnY.o", "/home/runner/work/_temp/build-wo"...], 0x3d1f4d80 /* 120 vars */) = -1 ENOENT (No such file or directory)
9043  execve("/opt/pipx_bin/as", ["as", "-EL", "-mabi=lp64", "-o", "/tmp/ccyxTTnY.o", "/home/runner/work/_temp/build-wo"...], 0x3d1f4d80 /* 120 vars */) = -1 ENOENT (No such file or directory)
9043  execve("/home/runner/.cargo/bin/as", ["as", "-EL", "-mabi=lp64", "-o", "/tmp/ccyxTTnY.o", "/home/runner/work/_temp/build-wo"...], 0x3d1f4d80 /* 120 vars */) = -1 ENOENT (No such file or directory)
9043  execve("/home/runner/.config/composer/vendor/bin/as", ["as", "-EL", "-mabi=lp64", "-o", "/tmp/ccyxTTnY.o", "/home/runner/work/_temp/build-wo"...], 0x3d1f4d80 /* 120 vars */) = -1 ENOENT (No such file or directory)
9043  execve("/home/runner/.dotnet/tools/as", ["as", "-EL", "-mabi=lp64", "-o", "/tmp/ccyxTTnY.o", "/home/runner/work/_temp/build-wo"...], 0x3d1f4d80 /* 120 vars */) = -1 ENOENT (No such file or directory)
9043  execve("/usr/local/sbin/as", ["as", "-EL", "-mabi=lp64", "-o", "/tmp/ccyxTTnY.o", "/home/runner/work/_temp/build-wo"...], 0x3d1f4d80 /* 120 vars */) = -1 ENOENT (No such file or directory)
9043  execve("/usr/local/bin/as", ["as", "-EL", "-mabi=lp64", "-o", "/tmp/ccyxTTnY.o", "/home/runner/work/_temp/build-wo"...], 0x3d1f4d80 /* 120 vars */) = -1 ENOENT (No such file or directory)
9043  execve("/usr/sbin/as", ["as", "-EL", "-mabi=lp64", "-o", "/tmp/ccyxTTnY.o", "/home/runner/work/_temp/build-wo"...], 0x3d1f4d80 /* 120 vars */) = -1 ENOENT (No such file or directory)
9043  execve("/usr/bin/as", ["as", "-EL", "-mabi=lp64", "-o", "/tmp/ccyxTTnY.o", "/home/runner/work/_temp/build-wo"...], 0x3d1f4d80 /* 120 vars */ <unfinished ...>
9042  <... clone resumed>)              = 9043
9042  wait4(9043,  <unfinished ...>
9043  <... execve resumed>)             = 0
9043  exit_group(0)                     = ?
9043  +++ exited with 0 +++
9042  <... wait4 resumed>[{WIFEXITED(s) && WEXITSTATUS(s) == 0}], 0, NULL) = 9043
9042  --- SIGCHLD {si_signo=SIGCHLD, si_code=CLD_EXITED, si_pid=9043, si_uid=1001, si_status=0, si_utime=0, si_stime=0} ---
9042  clone(child_stack=0xfffffc405550, flags=CLONE_VM|CLONE_VFORK|SIGCHLD <unfinished ...>
9044  execve("/usr/libexec/gcc/aarch64-linux-gnu/13/collect2", ["/usr/libexec/gcc/aarch64-linux-g"..., "-plugin", "/usr/libexec/gcc/aarch64-linux-g"..., "-plugin-opt=/usr/libexec/gcc/aar"..., "-plugin-opt=-fresolution=/tmp/cc"..., "-plugin-opt=-pass-through=-lgcc", "-plugin-opt=-pass-through=-lgcc_"..., "-plugin-opt=-pass-through=-lc", "-plugin-opt=-pass-through=-lgcc", "-plugin-opt=-pass-through=-lgcc_"..., "--build-id", "--eh-frame-hdr", "--hash-style=gnu", "--as-needed", "-dynamic-linker", "/lib/ld-linux-aarch64.so.1", "-X", "-EL", "-maarch64linux", "--fix-cortex-a53-843419", "-pie", "-z", "now", "-fuse-ld=lld", "-z", "relro", "-o", "/home/runner/work/_temp/build-wo"..., "/usr/lib/gcc/aarch64-linux-gnu/1"..., "/usr/lib/gcc/aarch64-linux-gnu/1"..., "/usr/lib/gcc/aarch64-linux-gnu/1"..., "-L/usr/lib/gcc/aarch64-linux-gnu"..., ...], 0x3d1f55d0 /* 122 vars */ <unfinished ...>
9042  <... clone resumed>)              = 9044
9042  wait4(9044,  <unfinished ...>
9044  <... execve resumed>)             = 0
9044  clone(child_stack=0xfffff8f0c870, flags=CLONE_VM|CLONE_VFORK|SIGCHLD <unfinished ...>
9045  execve("/usr/bin/ld.lld", ["/usr/bin/ld.lld", "-plugin", "/usr/libexec/gcc/aarch64-linux-g"..., "-plugin-opt=/usr/libexec/gcc/aar"..., "-plugin-opt=-fresolution=/tmp/cc"..., "-plugin-opt=-pass-through=-lgcc", "-plugin-opt=-pass-through=-lgcc_"..., "-plugin-opt=-pass-through=-lc", "-plugin-opt=-pass-through=-lgcc", "-plugin-opt=-pass-through=-lgcc_"..., "--build-id", "--eh-frame-hdr", "--hash-style=gnu", "--as-needed", "-dynamic-linker", "/lib/ld-linux-aarch64.so.1", "-X", "-EL", "-maarch64linux", "--fix-cortex-a53-843419", "-pie", "-z", "now", "-z", "relro", "-o", "/home/runner/work/_temp/build-wo"..., "/usr/lib/gcc/aarch64-linux-gnu/1"..., "/usr/lib/gcc/aarch64-linux-gnu/1"..., "/usr/lib/gcc/aarch64-linux-gnu/1"..., "-L/usr/lib/gcc/aarch64-linux-gnu"..., "-L/usr/lib/gcc/aarch64-linux-gnu"..., ...], 0xfffff8f0cf30 /* 122 vars */ <unfinished ...>
9044  <... clone resumed>)              = 9045
9044  wait4(9045,  <unfinished ...>
9045  <... execve resumed>)             = 0
9045  clone3({flags=CLONE_VM|CLONE_FS|CLONE_FILES|CLONE_SIGHAND|CLONE_THREAD|CLONE_SYSVSEM|CLONE_SETTLS|CLONE_PARENT_SETTID|CLONE_CHILD_CLEARTID, child_tid=0xff63cf5ff050, parent_tid=0xff63cf5ff050, exit_signal=0, stack=0xff63cb5f0000, stack_size=0x400e840, tls=0xff63cf5ff6c0} => {parent_tid=[9046]}, 88) = 9046
9046  clone3({flags=CLONE_VM|CLONE_FS|CLONE_FILES|CLONE_SIGHAND|CLONE_THREAD|CLONE_SYSVSEM|CLONE_SETTLS|CLONE_PARENT_SETTID|CLONE_CHILD_CLEARTID, child_tid=0xff63c3fff050, parent_tid=0xff63c3fff050, exit_signal=0, stack=0xff63bfff0000, stack_size=0x400e840, tls=0xff63c3fff6c0} => {parent_tid=[9047]}, 88) = 9047
9046  clone3({flags=CLONE_VM|CLONE_FS|CLONE_FILES|CLONE_SIGHAND|CLONE_THREAD|CLONE_SYSVSEM|CLONE_SETTLS|CLONE_PARENT_SETTID|CLONE_CHILD_CLEARTID, child_tid=0xff63bffef050, parent_tid=0xff63bffef050, exit_signal=0, stack=0xff63bbfe0000, stack_size=0x400e840, tls=0xff63bffef6c0} => {parent_tid=[9048]}, 88) = 9048
9046  clone3({flags=CLONE_VM|CLONE_FS|CLONE_FILES|CLONE_SIGHAND|CLONE_THREAD|CLONE_SYSVSEM|CLONE_SETTLS|CLONE_PARENT_SETTID|CLONE_CHILD_CLEARTID, child_tid=0xff63b3fff050, parent_tid=0xff63b3fff050, exit_signal=0, stack=0xff63afff0000, stack_size=0x400e840, tls=0xff63b3fff6c0} => {parent_tid=[9049]}, 88) = 9049
9046  exit(0)                           = ?
9049  exit(0 <unfinished ...>
9048  exit(0 <unfinished ...>
9049  <... exit resumed>)               = ?
9047  exit(0 <unfinished ...>
9048  <... exit resumed>)               = ?
9046  +++ exited with 0 +++
9049  +++ exited with 0 +++
9045  exit_group(0 <unfinished ...>
9047  <... exit resumed>)               = ?
9048  +++ exited with 0 +++
9045  <... exit_group resumed>)         = ?
9047  +++ exited with 0 +++
9045  +++ exited with 0 +++
9044  <... wait4 resumed>[{WIFEXITED(s) && WEXITSTATUS(s) == 0}], 0, NULL) = 9045
9044  --- SIGCHLD {si_signo=SIGCHLD, si_code=CLD_EXITED, si_pid=9045, si_uid=1001, si_status=0, si_utime=0, si_stime=1 /* 0.01 s */} ---
9044  exit_group(0)                     = ?
9044  +++ exited with 0 +++
9042  <... wait4 resumed>[{WIFEXITED(s) && WEXITSTATUS(s) == 0}], 0, NULL) = 9044
9042  --- SIGCHLD {si_signo=SIGCHLD, si_code=CLD_EXITED, si_pid=9044, si_uid=1001, si_status=0, si_utime=0, si_stime=0} ---
9042  exit_group(0)                     = ?
9042  +++ exited with 0 +++
9040  <... wait4 resumed>[{WIFEXITED(s) && WEXITSTATUS(s) == 0}], 0, NULL) = 9042
9040  --- SIGCHLD {si_signo=SIGCHLD, si_code=CLD_EXITED, si_pid=9042, si_uid=1001, si_status=0, si_utime=0, si_stime=0} ---
9040  exit_group(0)                     = ?
9040  +++ exited with 0 +++
