7724  execve("/home/runner/work/_temp/baseline-bootstrap-workspace/b4/compiler", ["/home/runner/work/_temp/baseline"..., "build", "/home/runner/work/_temp/baseline"..., "--output", "/home/runner/work/_temp/baseline"..., "--qbe", "/home/runner/work/_temp/qbe-1.3/"..., "--cc", "/usr/bin/cc", "--target", "linux-arm64-v0"], 0xffffeca80aa8 /* 109 vars */) = 0
7724  clone(child_stack=NULL, flags=CLONE_CHILD_CLEARTID|CLONE_CHILD_SETTID|SIGCHLD, child_tidptr=0xff0b45c07f90) = 7725
7724  wait4(7725,  <unfinished ...>
7725  execve("/home/runner/work/_temp/qbe-1.3/qbe", ["/home/runner/work/_temp/qbe-1.3/"..., "-t", "arm64", "-o", "/home/runner/work/_temp/baseline"..., "/home/runner/work/_temp/baseline"...], 0xffffe2f99fb8 /* 109 vars */) = 0
7725  exit_group(0)                     = ?
7725  +++ exited with 0 +++
7724  <... wait4 resumed>[{WIFEXITED(s) && WEXITSTATUS(s) == 0}], 0, NULL) = 7725
7724  --- SIGCHLD {si_signo=SIGCHLD, si_code=CLD_EXITED, si_pid=7725, si_uid=1001, si_status=0, si_utime=0, si_stime=0} ---
7724  clone(child_stack=NULL, flags=CLONE_CHILD_CLEARTID|CLONE_CHILD_SETTID|SIGCHLD, child_tidptr=0xff0b45c07f90) = 7726
7724  wait4(7726,  <unfinished ...>
7726  execve("/usr/bin/cc", ["/usr/bin/cc", "-xassembler", "/home/runner/work/_temp/baseline"..., "-fuse-ld=lld", "-Wl,--gc-sections,--strip-all,--"..., "-lm", "-o", "/home/runner/work/_temp/baseline"...], 0xffffe2f99fb8 /* 109 vars */) = 0
7726  clone(child_stack=0xffffd9749a70, flags=CLONE_VM|CLONE_VFORK|SIGCHLD <unfinished ...>
7727  execve("/snap/bin/as", ["as", "-EL", "-mabi=lp64", "-o", "/tmp/cckkMPCW.o", "/home/runner/work/_temp/baseline"...], 0x366eed60 /* 114 vars */) = -1 ENOENT (No such file or directory)
7727  execve("/home/runner/.local/bin/as", ["as", "-EL", "-mabi=lp64", "-o", "/tmp/cckkMPCW.o", "/home/runner/work/_temp/baseline"...], 0x366eed60 /* 114 vars */) = -1 ENOENT (No such file or directory)
7727  execve("/opt/pipx_bin/as", ["as", "-EL", "-mabi=lp64", "-o", "/tmp/cckkMPCW.o", "/home/runner/work/_temp/baseline"...], 0x366eed60 /* 114 vars */) = -1 ENOENT (No such file or directory)
7727  execve("/home/runner/.cargo/bin/as", ["as", "-EL", "-mabi=lp64", "-o", "/tmp/cckkMPCW.o", "/home/runner/work/_temp/baseline"...], 0x366eed60 /* 114 vars */) = -1 ENOENT (No such file or directory)
7727  execve("/home/runner/.config/composer/vendor/bin/as", ["as", "-EL", "-mabi=lp64", "-o", "/tmp/cckkMPCW.o", "/home/runner/work/_temp/baseline"...], 0x366eed60 /* 114 vars */) = -1 ENOENT (No such file or directory)
7727  execve("/home/runner/.dotnet/tools/as", ["as", "-EL", "-mabi=lp64", "-o", "/tmp/cckkMPCW.o", "/home/runner/work/_temp/baseline"...], 0x366eed60 /* 114 vars */) = -1 ENOENT (No such file or directory)
7727  execve("/usr/local/sbin/as", ["as", "-EL", "-mabi=lp64", "-o", "/tmp/cckkMPCW.o", "/home/runner/work/_temp/baseline"...], 0x366eed60 /* 114 vars */) = -1 ENOENT (No such file or directory)
7727  execve("/usr/local/bin/as", ["as", "-EL", "-mabi=lp64", "-o", "/tmp/cckkMPCW.o", "/home/runner/work/_temp/baseline"...], 0x366eed60 /* 114 vars */) = -1 ENOENT (No such file or directory)
7727  execve("/usr/sbin/as", ["as", "-EL", "-mabi=lp64", "-o", "/tmp/cckkMPCW.o", "/home/runner/work/_temp/baseline"...], 0x366eed60 /* 114 vars */) = -1 ENOENT (No such file or directory)
7727  execve("/usr/bin/as", ["as", "-EL", "-mabi=lp64", "-o", "/tmp/cckkMPCW.o", "/home/runner/work/_temp/baseline"...], 0x366eed60 /* 114 vars */ <unfinished ...>
7726  <... clone resumed>)              = 7727
7727  <... execve resumed>)             = 0
7726  wait4(7727,  <unfinished ...>
7727  exit_group(0)                     = ?
7727  +++ exited with 0 +++
7726  <... wait4 resumed>[{WIFEXITED(s) && WEXITSTATUS(s) == 0}], 0, NULL) = 7727
7726  --- SIGCHLD {si_signo=SIGCHLD, si_code=CLD_EXITED, si_pid=7727, si_uid=1001, si_status=0, si_utime=0, si_stime=0} ---
7726  clone(child_stack=0xffffd9748bb0, flags=CLONE_VM|CLONE_VFORK|SIGCHLD <unfinished ...>
7728  execve("/usr/libexec/gcc/aarch64-linux-gnu/13/collect2", ["/usr/libexec/gcc/aarch64-linux-g"..., "-plugin", "/usr/libexec/gcc/aarch64-linux-g"..., "-plugin-opt=/usr/libexec/gcc/aar"..., "-plugin-opt=-fresolution=/tmp/cc"..., "-plugin-opt=-pass-through=-lgcc", "-plugin-opt=-pass-through=-lgcc_"..., "-plugin-opt=-pass-through=-lc", "-plugin-opt=-pass-through=-lgcc", "-plugin-opt=-pass-through=-lgcc_"..., "--build-id", "--eh-frame-hdr", "--hash-style=gnu", "--as-needed", "-dynamic-linker", "/lib/ld-linux-aarch64.so.1", "-X", "-EL", "-maarch64linux", "--fix-cortex-a53-843419", "-pie", "-z", "now", "-fuse-ld=lld", "-z", "relro", "-o", "/home/runner/work/_temp/baseline"..., "/usr/lib/gcc/aarch64-linux-gnu/1"..., "/usr/lib/gcc/aarch64-linux-gnu/1"..., "/usr/lib/gcc/aarch64-linux-gnu/1"..., "-L/usr/lib/gcc/aarch64-linux-gnu"..., ...], 0x366ef580 /* 116 vars */ <unfinished ...>
7726  <... clone resumed>)              = 7728
7728  <... execve resumed>)             = 0
7726  wait4(7728,  <unfinished ...>
7728  clone(child_stack=0xfffff21d6f80, flags=CLONE_VM|CLONE_VFORK|SIGCHLD <unfinished ...>
7729  execve("/usr/bin/ld.lld", ["/usr/bin/ld.lld", "-plugin", "/usr/libexec/gcc/aarch64-linux-g"..., "-plugin-opt=/usr/libexec/gcc/aar"..., "-plugin-opt=-fresolution=/tmp/cc"..., "-plugin-opt=-pass-through=-lgcc", "-plugin-opt=-pass-through=-lgcc_"..., "-plugin-opt=-pass-through=-lc", "-plugin-opt=-pass-through=-lgcc", "-plugin-opt=-pass-through=-lgcc_"..., "--build-id", "--eh-frame-hdr", "--hash-style=gnu", "--as-needed", "-dynamic-linker", "/lib/ld-linux-aarch64.so.1", "-X", "-EL", "-maarch64linux", "--fix-cortex-a53-843419", "-pie", "-z", "now", "-z", "relro", "-o", "/home/runner/work/_temp/baseline"..., "/usr/lib/gcc/aarch64-linux-gnu/1"..., "/usr/lib/gcc/aarch64-linux-gnu/1"..., "/usr/lib/gcc/aarch64-linux-gnu/1"..., "-L/usr/lib/gcc/aarch64-linux-gnu"..., "-L/usr/lib/gcc/aarch64-linux-gnu"..., ...], 0xfffff21d7648 /* 116 vars */ <unfinished ...>
7728  <... clone resumed>)              = 7729
7729  <... execve resumed>)             = 0
7728  wait4(7729,  <unfinished ...>
7729  clone3({flags=CLONE_VM|CLONE_FS|CLONE_FILES|CLONE_SIGHAND|CLONE_THREAD|CLONE_SYSVSEM|CLONE_SETTLS|CLONE_PARENT_SETTID|CLONE_CHILD_CLEARTID, child_tid=0xffed1fbff050, parent_tid=0xffed1fbff050, exit_signal=0, stack=0xffed1bbf0000, stack_size=0x400e840, tls=0xffed1fbff6c0} => {parent_tid=[7730]}, 88) = 7730
7730  clone3({flags=CLONE_VM|CLONE_FS|CLONE_FILES|CLONE_SIGHAND|CLONE_THREAD|CLONE_SYSVSEM|CLONE_SETTLS|CLONE_PARENT_SETTID|CLONE_CHILD_CLEARTID, child_tid=0xffed13fff050, parent_tid=0xffed13fff050, exit_signal=0, stack=0xffed0fff0000, stack_size=0x400e840, tls=0xffed13fff6c0} => {parent_tid=[7731]}, 88) = 7731
7730  clone3({flags=CLONE_VM|CLONE_FS|CLONE_FILES|CLONE_SIGHAND|CLONE_THREAD|CLONE_SYSVSEM|CLONE_SETTLS|CLONE_PARENT_SETTID|CLONE_CHILD_CLEARTID, child_tid=0xffed0ffef050, parent_tid=0xffed0ffef050, exit_signal=0, stack=0xffed0bfe0000, stack_size=0x400e840, tls=0xffed0ffef6c0} => {parent_tid=[7732]}, 88) = 7732
7730  clone3({flags=CLONE_VM|CLONE_FS|CLONE_FILES|CLONE_SIGHAND|CLONE_THREAD|CLONE_SYSVSEM|CLONE_SETTLS|CLONE_PARENT_SETTID|CLONE_CHILD_CLEARTID, child_tid=0xffed03fff050, parent_tid=0xffed03fff050, exit_signal=0, stack=0xffecffff0000, stack_size=0x400e840, tls=0xffed03fff6c0} => {parent_tid=[7733]}, 88) = 7733
7733  exit(0 <unfinished ...>
7732  exit(0 <unfinished ...>
7733  <... exit resumed>)               = ?
7732  <... exit resumed>)               = ?
7729  exit_group(0 <unfinished ...>
7730  exit(0 <unfinished ...>
7733  +++ exited with 0 +++
7732  +++ exited with 0 +++
7729  <... exit_group resumed>)         = ?
7730  +++ exited with 0 +++
7731  +++ exited with 0 +++
7729  +++ exited with 0 +++
7728  <... wait4 resumed>[{WIFEXITED(s) && WEXITSTATUS(s) == 0}], 0, NULL) = 7729
7728  --- SIGCHLD {si_signo=SIGCHLD, si_code=CLD_EXITED, si_pid=7729, si_uid=1001, si_status=0, si_utime=0, si_stime=1 /* 0.01 s */} ---
7728  exit_group(0)                     = ?
7728  +++ exited with 0 +++
7726  <... wait4 resumed>[{WIFEXITED(s) && WEXITSTATUS(s) == 0}], 0, NULL) = 7728
7726  --- SIGCHLD {si_signo=SIGCHLD, si_code=CLD_EXITED, si_pid=7728, si_uid=1001, si_status=0, si_utime=0, si_stime=0} ---
7726  exit_group(0)                     = ?
7726  +++ exited with 0 +++
7724  <... wait4 resumed>[{WIFEXITED(s) && WEXITSTATUS(s) == 0}], 0, NULL) = 7726
7724  --- SIGCHLD {si_signo=SIGCHLD, si_code=CLD_EXITED, si_pid=7726, si_uid=1001, si_status=0, si_utime=0, si_stime=0} ---
7724  exit_group(0)                     = ?
7724  +++ exited with 0 +++
