8052  execve("/home/runner/work/_temp/candidate-bootstrap-workspace/b4/compiler", ["/home/runner/work/_temp/candidat"..., "build", "/home/runner/work/type-rb-native"..., "--output", "/home/runner/work/_temp/candidat"..., "--qbe", "/home/runner/work/_temp/qbe-1.3/"..., "--cc", "/usr/bin/cc", "--target", "linux-arm64-v0"], 0xffffd72cca68 /* 111 vars */) = 0
8052  clone(child_stack=NULL, flags=CLONE_CHILD_CLEARTID|CLONE_CHILD_SETTID|SIGCHLD, child_tidptr=0xff497ed48f90) = 8053
8052  wait4(8053,  <unfinished ...>
8053  execve("/home/runner/work/_temp/qbe-1.3/qbe", ["/home/runner/work/_temp/qbe-1.3/"..., "-t", "arm64", "-o", "/home/runner/work/_temp/candidat"..., "/home/runner/work/_temp/candidat"...], 0xffffd46fe5c8 /* 111 vars */) = 0
8053  exit_group(0)                     = ?
8053  +++ exited with 0 +++
8052  <... wait4 resumed>[{WIFEXITED(s) && WEXITSTATUS(s) == 0}], 0, NULL) = 8053
8052  --- SIGCHLD {si_signo=SIGCHLD, si_code=CLD_EXITED, si_pid=8053, si_uid=1001, si_status=0, si_utime=0, si_stime=0} ---
8052  clone(child_stack=NULL, flags=CLONE_CHILD_CLEARTID|CLONE_CHILD_SETTID|SIGCHLD, child_tidptr=0xff497ed48f90) = 8054
8052  wait4(8054,  <unfinished ...>
8054  execve("/usr/bin/cc", ["/usr/bin/cc", "-xassembler", "/home/runner/work/_temp/candidat"..., "-fuse-ld=lld", "-Wl,--gc-sections,--strip-all", "-lm", "-o", "/home/runner/work/_temp/candidat"...], 0xffffd46fe5c8 /* 111 vars */) = 0
8054  clone(child_stack=0xffffc351d210, flags=CLONE_VM|CLONE_VFORK|SIGCHLD <unfinished ...>
8055  execve("/snap/bin/as", ["as", "-EL", "-mabi=lp64", "-o", "/tmp/ccB9Mivt.o", "/home/runner/work/_temp/candidat"...], 0xc32fd60 /* 116 vars */) = -1 ENOENT (No such file or directory)
8055  execve("/home/runner/.local/bin/as", ["as", "-EL", "-mabi=lp64", "-o", "/tmp/ccB9Mivt.o", "/home/runner/work/_temp/candidat"...], 0xc32fd60 /* 116 vars */) = -1 ENOENT (No such file or directory)
8055  execve("/opt/pipx_bin/as", ["as", "-EL", "-mabi=lp64", "-o", "/tmp/ccB9Mivt.o", "/home/runner/work/_temp/candidat"...], 0xc32fd60 /* 116 vars */) = -1 ENOENT (No such file or directory)
8055  execve("/home/runner/.cargo/bin/as", ["as", "-EL", "-mabi=lp64", "-o", "/tmp/ccB9Mivt.o", "/home/runner/work/_temp/candidat"...], 0xc32fd60 /* 116 vars */) = -1 ENOENT (No such file or directory)
8055  execve("/home/runner/.config/composer/vendor/bin/as", ["as", "-EL", "-mabi=lp64", "-o", "/tmp/ccB9Mivt.o", "/home/runner/work/_temp/candidat"...], 0xc32fd60 /* 116 vars */) = -1 ENOENT (No such file or directory)
8055  execve("/home/runner/.dotnet/tools/as", ["as", "-EL", "-mabi=lp64", "-o", "/tmp/ccB9Mivt.o", "/home/runner/work/_temp/candidat"...], 0xc32fd60 /* 116 vars */) = -1 ENOENT (No such file or directory)
8055  execve("/usr/local/sbin/as", ["as", "-EL", "-mabi=lp64", "-o", "/tmp/ccB9Mivt.o", "/home/runner/work/_temp/candidat"...], 0xc32fd60 /* 116 vars */) = -1 ENOENT (No such file or directory)
8055  execve("/usr/local/bin/as", ["as", "-EL", "-mabi=lp64", "-o", "/tmp/ccB9Mivt.o", "/home/runner/work/_temp/candidat"...], 0xc32fd60 /* 116 vars */) = -1 ENOENT (No such file or directory)
8055  execve("/usr/sbin/as", ["as", "-EL", "-mabi=lp64", "-o", "/tmp/ccB9Mivt.o", "/home/runner/work/_temp/candidat"...], 0xc32fd60 /* 116 vars */) = -1 ENOENT (No such file or directory)
8055  execve("/usr/bin/as", ["as", "-EL", "-mabi=lp64", "-o", "/tmp/ccB9Mivt.o", "/home/runner/work/_temp/candidat"...], 0xc32fd60 /* 116 vars */ <unfinished ...>
8054  <... clone resumed>)              = 8055
8055  <... execve resumed>)             = 0
8054  wait4(8055,  <unfinished ...>
8055  exit_group(0)                     = ?
8055  +++ exited with 0 +++
8054  <... wait4 resumed>[{WIFEXITED(s) && WEXITSTATUS(s) == 0}], 0, NULL) = 8055
8054  --- SIGCHLD {si_signo=SIGCHLD, si_code=CLD_EXITED, si_pid=8055, si_uid=1001, si_status=0, si_utime=0, si_stime=0} ---
8054  clone(child_stack=0xffffc351c350, flags=CLONE_VM|CLONE_VFORK|SIGCHLD <unfinished ...>
8056  execve("/usr/libexec/gcc/aarch64-linux-gnu/13/collect2", ["/usr/libexec/gcc/aarch64-linux-g"..., "-plugin", "/usr/libexec/gcc/aarch64-linux-g"..., "-plugin-opt=/usr/libexec/gcc/aar"..., "-plugin-opt=-fresolution=/tmp/cc"..., "-plugin-opt=-pass-through=-lgcc", "-plugin-opt=-pass-through=-lgcc_"..., "-plugin-opt=-pass-through=-lc", "-plugin-opt=-pass-through=-lgcc", "-plugin-opt=-pass-through=-lgcc_"..., "--build-id", "--eh-frame-hdr", "--hash-style=gnu", "--as-needed", "-dynamic-linker", "/lib/ld-linux-aarch64.so.1", "-X", "-EL", "-maarch64linux", "--fix-cortex-a53-843419", "-pie", "-z", "now", "-fuse-ld=lld", "-z", "relro", "-o", "/home/runner/work/_temp/candidat"..., "/usr/lib/gcc/aarch64-linux-gnu/1"..., "/usr/lib/gcc/aarch64-linux-gnu/1"..., "/usr/lib/gcc/aarch64-linux-gnu/1"..., "-L/usr/lib/gcc/aarch64-linux-gnu"..., ...], 0xc330590 /* 118 vars */ <unfinished ...>
8054  <... clone resumed>)              = 8056
8056  <... execve resumed>)             = 0
8054  wait4(8056,  <unfinished ...>
8056  clone(child_stack=0xffffd88ae380, flags=CLONE_VM|CLONE_VFORK|SIGCHLD <unfinished ...>
8057  execve("/usr/bin/ld.lld", ["/usr/bin/ld.lld", "-plugin", "/usr/libexec/gcc/aarch64-linux-g"..., "-plugin-opt=/usr/libexec/gcc/aar"..., "-plugin-opt=-fresolution=/tmp/cc"..., "-plugin-opt=-pass-through=-lgcc", "-plugin-opt=-pass-through=-lgcc_"..., "-plugin-opt=-pass-through=-lc", "-plugin-opt=-pass-through=-lgcc", "-plugin-opt=-pass-through=-lgcc_"..., "--build-id", "--eh-frame-hdr", "--hash-style=gnu", "--as-needed", "-dynamic-linker", "/lib/ld-linux-aarch64.so.1", "-X", "-EL", "-maarch64linux", "--fix-cortex-a53-843419", "-pie", "-z", "now", "-z", "relro", "-o", "/home/runner/work/_temp/candidat"..., "/usr/lib/gcc/aarch64-linux-gnu/1"..., "/usr/lib/gcc/aarch64-linux-gnu/1"..., "/usr/lib/gcc/aarch64-linux-gnu/1"..., "-L/usr/lib/gcc/aarch64-linux-gnu"..., "-L/usr/lib/gcc/aarch64-linux-gnu"..., ...], 0xffffd88aea40 /* 118 vars */ <unfinished ...>
8056  <... clone resumed>)              = 8057
8057  <... execve resumed>)             = 0
8056  wait4(8057,  <unfinished ...>
8057  clone3({flags=CLONE_VM|CLONE_FS|CLONE_FILES|CLONE_SIGHAND|CLONE_THREAD|CLONE_SYSVSEM|CLONE_SETTLS|CLONE_PARENT_SETTID|CLONE_CHILD_CLEARTID, child_tid=0xffb58fbff050, parent_tid=0xffb58fbff050, exit_signal=0, stack=0xffb58bbf0000, stack_size=0x400e840, tls=0xffb58fbff6c0} => {parent_tid=[8058]}, 88) = 8058
8058  clone3({flags=CLONE_VM|CLONE_FS|CLONE_FILES|CLONE_SIGHAND|CLONE_THREAD|CLONE_SYSVSEM|CLONE_SETTLS|CLONE_PARENT_SETTID|CLONE_CHILD_CLEARTID, child_tid=0xffb583fff050, parent_tid=0xffb583fff050, exit_signal=0, stack=0xffb57fff0000, stack_size=0x400e840, tls=0xffb583fff6c0} => {parent_tid=[8059]}, 88) = 8059
8058  clone3({flags=CLONE_VM|CLONE_FS|CLONE_FILES|CLONE_SIGHAND|CLONE_THREAD|CLONE_SYSVSEM|CLONE_SETTLS|CLONE_PARENT_SETTID|CLONE_CHILD_CLEARTID, child_tid=0xffb57ffef050, parent_tid=0xffb57ffef050, exit_signal=0, stack=0xffb57bfe0000, stack_size=0x400e840, tls=0xffb57ffef6c0} => {parent_tid=[8060]}, 88) = 8060
8058  clone3({flags=CLONE_VM|CLONE_FS|CLONE_FILES|CLONE_SIGHAND|CLONE_THREAD|CLONE_SYSVSEM|CLONE_SETTLS|CLONE_PARENT_SETTID|CLONE_CHILD_CLEARTID, child_tid=0xffb573fff050, parent_tid=0xffb573fff050, exit_signal=0, stack=0xffb56fff0000, stack_size=0x400e840, tls=0xffb573fff6c0} => {parent_tid=[8061]}, 88) = 8061
8061  exit(0 <unfinished ...>
8058  exit(0 <unfinished ...>
8061  <... exit resumed>)               = ?
8057  exit_group(0 <unfinished ...>
8058  <... exit resumed>)               = ?
8057  <... exit_group resumed>)         = ?
8061  +++ exited with 0 +++
8058  +++ exited with 0 +++
8060  +++ exited with 0 +++
8059  +++ exited with 0 +++
8057  +++ exited with 0 +++
8056  <... wait4 resumed>[{WIFEXITED(s) && WEXITSTATUS(s) == 0}], 0, NULL) = 8057
8056  --- SIGCHLD {si_signo=SIGCHLD, si_code=CLD_EXITED, si_pid=8057, si_uid=1001, si_status=0, si_utime=0, si_stime=1 /* 0.01 s */} ---
8056  exit_group(0)                     = ?
8056  +++ exited with 0 +++
8054  <... wait4 resumed>[{WIFEXITED(s) && WEXITSTATUS(s) == 0}], 0, NULL) = 8056
8054  --- SIGCHLD {si_signo=SIGCHLD, si_code=CLD_EXITED, si_pid=8056, si_uid=1001, si_status=0, si_utime=0, si_stime=0} ---
8054  exit_group(0)                     = ?
8054  +++ exited with 0 +++
8052  <... wait4 resumed>[{WIFEXITED(s) && WEXITSTATUS(s) == 0}], 0, NULL) = 8054
8052  --- SIGCHLD {si_signo=SIGCHLD, si_code=CLD_EXITED, si_pid=8054, si_uid=1001, si_status=0, si_utime=0, si_stime=0} ---
8052  exit_group(0)                     = ?
8052  +++ exited with 0 +++
