10092 execve("/bin/sh", ["/bin/sh", "/home/runner/work/type-rb-native"..., "/home/runner/work/_temp/gate6n-l"..., "/home/runner/work/type-rb-native"..., "/home/runner/work/_temp/gate6n-l"..., "/home/runner/work/_temp/qbe-1.3/"..., "/usr/bin/cc"], 0x7fffdc542238 /* 133 vars */) = 0
10092 clone(child_stack=NULL, flags=CLONE_CHILD_CLEARTID|CLONE_CHILD_SETTID|SIGCHLD, child_tidptr=0x7f3bdfcf6a10) = 10093
10093 execve("/usr/bin/dirname", ["dirname", "--", "/home/runner/work/_temp/gate6n-l"...], 0x5592cf7b5608 /* 133 vars */) = 0
10092 wait4(-1,  <unfinished ...>
10093 exit_group(0)                     = ?
10093 +++ exited with 0 +++
10092 <... wait4 resumed>[{WIFEXITED(s) && WEXITSTATUS(s) == 0}], 0, NULL) = 10093
10092 --- SIGCHLD {si_signo=SIGCHLD, si_code=CLD_EXITED, si_pid=10093, si_uid=1001, si_status=0, si_utime=0, si_stime=0} ---
10092 wait4(-1, 0x7fff5b359a9c, WNOHANG, NULL) = -1 ECHILD (No child processes)
10092 clone(child_stack=NULL, flags=CLONE_CHILD_CLEARTID|CLONE_CHILD_SETTID|SIGCHLD, child_tidptr=0x7f3bdfcf6a10) = 10094
10094 execve("/usr/bin/mktemp", ["mktemp", "-d", "/home/runner/work/_temp/gate6n-l"...], 0x5592cf7b5608 /* 133 vars */) = 0
10092 wait4(-1,  <unfinished ...>
10094 exit_group(0)                     = ?
10094 +++ exited with 0 +++
10092 <... wait4 resumed>[{WIFEXITED(s) && WEXITSTATUS(s) == 0}], 0, NULL) = 10094
10092 --- SIGCHLD {si_signo=SIGCHLD, si_code=CLD_EXITED, si_pid=10094, si_uid=1001, si_status=0, si_utime=0, si_stime=0} ---
10092 wait4(-1, 0x7fff5b359b0c, WNOHANG, NULL) = -1 ECHILD (No child processes)
10092 clone(child_stack=NULL, flags=CLONE_CHILD_CLEARTID|CLONE_CHILD_SETTID|SIGCHLD, child_tidptr=0x7f3bdfcf6a10) = 10095
10095 execve("/usr/bin/basename", ["basename", "--", "/home/runner/work/_temp/gate6n-l"...], 0x5592cf7b59b8 /* 133 vars */) = 0
10092 wait4(-1,  <unfinished ...>
10095 exit_group(0)                     = ?
10095 +++ exited with 0 +++
10092 <... wait4 resumed>[{WIFEXITED(s) && WEXITSTATUS(s) == 0}], 0, NULL) = 10095
10092 --- SIGCHLD {si_signo=SIGCHLD, si_code=CLD_EXITED, si_pid=10095, si_uid=1001, si_status=0, si_utime=0, si_stime=0} ---
10092 wait4(-1, 0x7fff5b359b0c, WNOHANG, NULL) = -1 ECHILD (No child processes)
10092 vfork( <unfinished ...>
10096 execve("/home/runner/work/_temp/gate6n-linux-amd64-compiler", ["/home/runner/work/_temp/gate6n-l"..., "emit-qbe", "/home/runner/work/type-rb-native"...], 0x5592cf7b5a18 /* 133 vars */ <unfinished ...>
10092 <... vfork resumed>)              = 10096
10092 wait4(-1,  <unfinished ...>
10096 <... execve resumed>)             = 0
10096 exit_group(0)                     = ?
10096 +++ exited with 0 +++
10092 <... wait4 resumed>[{WIFEXITED(s) && WEXITSTATUS(s) == 0}], 0, NULL) = 10096
10092 --- SIGCHLD {si_signo=SIGCHLD, si_code=CLD_EXITED, si_pid=10096, si_uid=1001, si_status=0, si_utime=70 /* 0.70 s */, si_stime=72 /* 0.72 s */} ---
10092 wait4(-1, 0x7fff5b359c6c, WNOHANG, NULL) = -1 ECHILD (No child processes)
10092 vfork( <unfinished ...>
10097 execve("/home/runner/work/_temp/qbe-1.3/qbe", ["/home/runner/work/_temp/qbe-1.3/"..., "-t", "amd64_sysv", "-o", "/home/runner/work/_temp/gate6n-l"..., "/home/runner/work/_temp/gate6n-l"...], 0x5592cf7b5a18 /* 133 vars */ <unfinished ...>
10092 <... vfork resumed>)              = 10097
10092 wait4(-1,  <unfinished ...>
10097 <... execve resumed>)             = 0
10097 exit_group(0)                     = ?
10097 +++ exited with 0 +++
10092 <... wait4 resumed>[{WIFEXITED(s) && WEXITSTATUS(s) == 0}], 0, NULL) = 10097
10092 --- SIGCHLD {si_signo=SIGCHLD, si_code=CLD_EXITED, si_pid=10097, si_uid=1001, si_status=0, si_utime=16 /* 0.16 s */, si_stime=0} ---
10092 wait4(-1, 0x7fff5b359c6c, WNOHANG, NULL) = -1 ECHILD (No child processes)
10092 vfork( <unfinished ...>
10098 execve("/usr/bin/cc", ["/usr/bin/cc", "-xassembler", "/home/runner/work/_temp/gate6n-l"..., "-fuse-ld=lld", "-Wl,--gc-sections,--strip-all", "-lm", "-o", "/home/runner/work/_temp/gate6n-l"...], 0x5592cf7b5a18 /* 133 vars */ <unfinished ...>
10092 <... vfork resumed>)              = 10098
10092 wait4(-1,  <unfinished ...>
10098 <... execve resumed>)             = 0
10098 vfork( <unfinished ...>
10099 execve("/home/runner/go/bin/as", ["as", "--64", "-o", "/tmp/ccOZe7JT.o", "/home/runner/work/_temp/gate6n-l"...], 0x2ee62e20 /* 138 vars */) = -1 ENOENT (No such file or directory)
10099 execve("/opt/hostedtoolcache/go/1.27.0/x64/bin/as", ["as", "--64", "-o", "/tmp/ccOZe7JT.o", "/home/runner/work/_temp/gate6n-l"...], 0x2ee62e20 /* 138 vars */) = -1 ENOENT (No such file or directory)
10099 execve("/snap/bin/as", ["as", "--64", "-o", "/tmp/ccOZe7JT.o", "/home/runner/work/_temp/gate6n-l"...], 0x2ee62e20 /* 138 vars */) = -1 ENOENT (No such file or directory)
10099 execve("/home/runner/.local/bin/as", ["as", "--64", "-o", "/tmp/ccOZe7JT.o", "/home/runner/work/_temp/gate6n-l"...], 0x2ee62e20 /* 138 vars */) = -1 ENOENT (No such file or directory)
10099 execve("/opt/pipx_bin/as", ["as", "--64", "-o", "/tmp/ccOZe7JT.o", "/home/runner/work/_temp/gate6n-l"...], 0x2ee62e20 /* 138 vars */) = -1 ENOENT (No such file or directory)
10099 execve("/home/runner/.cargo/bin/as", ["as", "--64", "-o", "/tmp/ccOZe7JT.o", "/home/runner/work/_temp/gate6n-l"...], 0x2ee62e20 /* 138 vars */) = -1 ENOENT (No such file or directory)
10099 execve("/home/runner/.config/composer/vendor/bin/as", ["as", "--64", "-o", "/tmp/ccOZe7JT.o", "/home/runner/work/_temp/gate6n-l"...], 0x2ee62e20 /* 138 vars */) = -1 ENOENT (No such file or directory)
10099 execve("/usr/local/.ghcup/bin/as", ["as", "--64", "-o", "/tmp/ccOZe7JT.o", "/home/runner/work/_temp/gate6n-l"...], 0x2ee62e20 /* 138 vars */) = -1 ENOENT (No such file or directory)
10099 execve("/home/runner/.dotnet/tools/as", ["as", "--64", "-o", "/tmp/ccOZe7JT.o", "/home/runner/work/_temp/gate6n-l"...], 0x2ee62e20 /* 138 vars */) = -1 ENOENT (No such file or directory)
10099 execve("/usr/local/sbin/as", ["as", "--64", "-o", "/tmp/ccOZe7JT.o", "/home/runner/work/_temp/gate6n-l"...], 0x2ee62e20 /* 138 vars */) = -1 ENOENT (No such file or directory)
10099 execve("/usr/local/bin/as", ["as", "--64", "-o", "/tmp/ccOZe7JT.o", "/home/runner/work/_temp/gate6n-l"...], 0x2ee62e20 /* 138 vars */) = -1 ENOENT (No such file or directory)
10099 execve("/usr/sbin/as", ["as", "--64", "-o", "/tmp/ccOZe7JT.o", "/home/runner/work/_temp/gate6n-l"...], 0x2ee62e20 /* 138 vars */) = -1 ENOENT (No such file or directory)
10099 execve("/usr/bin/as", ["as", "--64", "-o", "/tmp/ccOZe7JT.o", "/home/runner/work/_temp/gate6n-l"...], 0x2ee62e20 /* 138 vars */ <unfinished ...>
10098 <... vfork resumed>)              = 10099
10099 <... execve resumed>)             = 0
10098 wait4(10099,  <unfinished ...>
10099 exit_group(0)                     = ?
10099 +++ exited with 0 +++
10098 <... wait4 resumed>[{WIFEXITED(s) && WEXITSTATUS(s) == 0}], 0, NULL) = 10099
10098 --- SIGCHLD {si_signo=SIGCHLD, si_code=CLD_EXITED, si_pid=10099, si_uid=1001, si_status=0, si_utime=4 /* 0.04 s */, si_stime=0} ---
10098 vfork( <unfinished ...>
10100 execve("/usr/libexec/gcc/x86_64-linux-gnu/13/collect2", ["/usr/libexec/gcc/x86_64-linux-gn"..., "-plugin", "/usr/libexec/gcc/x86_64-linux-gn"..., "-plugin-opt=/usr/libexec/gcc/x86"..., "-plugin-opt=-fresolution=/tmp/cc"..., "-plugin-opt=-pass-through=-lgcc", "-plugin-opt=-pass-through=-lgcc_"..., "-plugin-opt=-pass-through=-lc", "-plugin-opt=-pass-through=-lgcc", "-plugin-opt=-pass-through=-lgcc_"..., "--build-id", "--eh-frame-hdr", "-m", "elf_x86_64", "--hash-style=gnu", "--as-needed", "-dynamic-linker", "/lib64/ld-linux-x86-64.so.2", "-pie", "-z", "now", "-fuse-ld=lld", "-z", "relro", "-o", "/home/runner/work/_temp/gate6n-l"..., "/usr/lib/gcc/x86_64-linux-gnu/13"..., "/usr/lib/gcc/x86_64-linux-gnu/13"..., "/usr/lib/gcc/x86_64-linux-gnu/13"..., "-L/usr/lib/gcc/x86_64-linux-gnu/"..., "-L/usr/lib/gcc/x86_64-linux-gnu/"..., "-L/usr/lib/gcc/x86_64-linux-gnu/"..., ...], 0x2ee63300 /* 140 vars */ <unfinished ...>
10098 <... vfork resumed>)              = 10100
10100 <... execve resumed>)             = 0
10098 wait4(10100,  <unfinished ...>
10100 vfork( <unfinished ...>
10101 execve("/usr/bin/ld.lld", ["/usr/bin/ld.lld", "-plugin", "/usr/libexec/gcc/x86_64-linux-gn"..., "-plugin-opt=/usr/libexec/gcc/x86"..., "-plugin-opt=-fresolution=/tmp/cc"..., "-plugin-opt=-pass-through=-lgcc", "-plugin-opt=-pass-through=-lgcc_"..., "-plugin-opt=-pass-through=-lc", "-plugin-opt=-pass-through=-lgcc", "-plugin-opt=-pass-through=-lgcc_"..., "--build-id", "--eh-frame-hdr", "-m", "elf_x86_64", "--hash-style=gnu", "--as-needed", "-dynamic-linker", "/lib64/ld-linux-x86-64.so.2", "-pie", "-z", "now", "-z", "relro", "-o", "/home/runner/work/_temp/gate6n-l"..., "/usr/lib/gcc/x86_64-linux-gnu/13"..., "/usr/lib/gcc/x86_64-linux-gnu/13"..., "/usr/lib/gcc/x86_64-linux-gnu/13"..., "-L/usr/lib/gcc/x86_64-linux-gnu/"..., "-L/usr/lib/gcc/x86_64-linux-gnu/"..., "-L/usr/lib/gcc/x86_64-linux-gnu/"..., "-L/lib/x86_64-linux-gnu", ...], 0x7ffe1b5d9ec0 /* 140 vars */ <unfinished ...>
10100 <... vfork resumed>)              = 10101
10101 <... execve resumed>)             = 0
10100 wait4(10101,  <unfinished ...>
10101 clone3({flags=CLONE_VM|CLONE_FS|CLONE_FILES|CLONE_SIGHAND|CLONE_THREAD|CLONE_SYSVSEM|CLONE_SETTLS|CLONE_PARENT_SETTID|CLONE_CHILD_CLEARTID, child_tid=0x7f83147ff990, parent_tid=0x7f83147ff990, exit_signal=0, stack=0x7f83107ff000, stack_size=0x3fffd80, tls=0x7f83147ff6c0} => {parent_tid=[10102]}, 88) = 10102
10102 clone3({flags=CLONE_VM|CLONE_FS|CLONE_FILES|CLONE_SIGHAND|CLONE_THREAD|CLONE_SYSVSEM|CLONE_SETTLS|CLONE_PARENT_SETTID|CLONE_CHILD_CLEARTID, child_tid=0x7f830bfff990, parent_tid=0x7f830bfff990, exit_signal=0, stack=0x7f8307fff000, stack_size=0x3fffd80, tls=0x7f830bfff6c0} => {parent_tid=[10103]}, 88) = 10103
10102 clone3({flags=CLONE_VM|CLONE_FS|CLONE_FILES|CLONE_SIGHAND|CLONE_THREAD|CLONE_SYSVSEM|CLONE_SETTLS|CLONE_PARENT_SETTID|CLONE_CHILD_CLEARTID, child_tid=0x7f8307ffe990, parent_tid=0x7f8307ffe990, exit_signal=0, stack=0x7f8303ffe000, stack_size=0x3fffd80, tls=0x7f8307ffe6c0} => {parent_tid=[10104]}, 88) = 10104
10102 clone3({flags=CLONE_VM|CLONE_FS|CLONE_FILES|CLONE_SIGHAND|CLONE_THREAD|CLONE_SYSVSEM|CLONE_SETTLS|CLONE_PARENT_SETTID|CLONE_CHILD_CLEARTID, child_tid=0x7f82fbfff990, parent_tid=0x7f82fbfff990, exit_signal=0, stack=0x7f82f7fff000, stack_size=0x3fffd80, tls=0x7f82fbfff6c0} => {parent_tid=[10105]}, 88) = 10105
10105 exit(0 <unfinished ...>
10104 exit(0 <unfinished ...>
10105 <... exit resumed>)               = ?
10104 <... exit resumed>)               = ?
10102 exit(0 <unfinished ...>
10101 exit_group(0 <unfinished ...>
10105 +++ exited with 0 +++
10104 +++ exited with 0 +++
10101 <... exit_group resumed>)         = ?
10102 +++ exited with 0 +++
10103 +++ exited with 0 +++
10101 +++ exited with 0 +++
10100 <... wait4 resumed>[{WIFEXITED(s) && WEXITSTATUS(s) == 0}], 0, NULL) = 10101
10100 --- SIGCHLD {si_signo=SIGCHLD, si_code=CLD_EXITED, si_pid=10101, si_uid=1001, si_status=0, si_utime=0, si_stime=2 /* 0.02 s */} ---
10100 exit_group(0)                     = ?
10100 +++ exited with 0 +++
10098 <... wait4 resumed>[{WIFEXITED(s) && WEXITSTATUS(s) == 0}], 0, NULL) = 10100
10098 --- SIGCHLD {si_signo=SIGCHLD, si_code=CLD_EXITED, si_pid=10100, si_uid=1001, si_status=0, si_utime=0, si_stime=0} ---
10098 exit_group(0)                     = ?
10098 +++ exited with 0 +++
10092 <... wait4 resumed>[{WIFEXITED(s) && WEXITSTATUS(s) == 0}], 0, NULL) = 10098
10092 --- SIGCHLD {si_signo=SIGCHLD, si_code=CLD_EXITED, si_pid=10098, si_uid=1001, si_status=0, si_utime=0, si_stime=0} ---
10092 wait4(-1, 0x7fff5b359c6c, WNOHANG, NULL) = -1 ECHILD (No child processes)
10092 vfork( <unfinished ...>
10106 execve("/usr/bin/mv", ["mv", "/home/runner/work/_temp/gate6n-l"..., "/home/runner/work/_temp/gate6n-l"...], 0x5592cf7b5a48 /* 133 vars */ <unfinished ...>
10092 <... vfork resumed>)              = 10106
10092 wait4(-1,  <unfinished ...>
10106 <... execve resumed>)             = 0
10106 exit_group(0)                     = ?
10106 +++ exited with 0 +++
10092 <... wait4 resumed>[{WIFEXITED(s) && WEXITSTATUS(s) == 0}], 0, NULL) = 10106
10092 --- SIGCHLD {si_signo=SIGCHLD, si_code=CLD_EXITED, si_pid=10106, si_uid=1001, si_status=0, si_utime=0, si_stime=0} ---
10092 wait4(-1, 0x7fff5b359c6c, WNOHANG, NULL) = -1 ECHILD (No child processes)
10092 vfork( <unfinished ...>
10107 execve("/usr/bin/rm", ["rm", "-rf", "/home/runner/work/_temp/gate6n-l"...], 0x5592cf7b5b28 /* 133 vars */ <unfinished ...>
10092 <... vfork resumed>)              = 10107
10092 wait4(-1,  <unfinished ...>
10107 <... execve resumed>)             = 0
10107 exit_group(0)                     = ?
10107 +++ exited with 0 +++
10092 <... wait4 resumed>[{WIFEXITED(s) && WEXITSTATUS(s) == 0}], 0, NULL) = 10107
10092 --- SIGCHLD {si_signo=SIGCHLD, si_code=CLD_EXITED, si_pid=10107, si_uid=1001, si_status=0, si_utime=0, si_stime=0} ---
10092 wait4(-1, 0x7fff5b35999c, WNOHANG, NULL) = -1 ECHILD (No child processes)
10092 exit_group(0)                     = ?
10092 +++ exited with 0 +++
