6308  execve("/home/runner/work/_temp/transition/first/compiler", ["/home/runner/work/_temp/transiti"..., "build", "compiler/gate4/src/compiler.trb", "--output", "/home/runner/work/_temp/transiti"..., "--qbe", "/home/runner/work/_temp/qbe-1.3/"..., "--cc", "/usr/bin/cc", "--target", "linux-arm64-v0"], 0xffffe0bb6048 /* 111 vars */) = 0
6308  clone(child_stack=NULL, flags=CLONE_CHILD_CLEARTID|CLONE_CHILD_SETTID|SIGCHLD, child_tidptr=0xff9fb7cf4f90) = 6309
6308  wait4(6309,  <unfinished ...>
6309  execve("/home/runner/work/_temp/qbe-1.3/qbe", ["/home/runner/work/_temp/qbe-1.3/"..., "-t", "arm64", "-o", "/home/runner/work/_temp/transiti"..., "/home/runner/work/_temp/transiti"...], 0xffffc3c557f8 /* 111 vars */) = 0
6309  exit_group(0)                     = ?
6309  +++ exited with 0 +++
6308  <... wait4 resumed>[{WIFEXITED(s) && WEXITSTATUS(s) == 0}], 0, NULL) = 6309
6308  --- SIGCHLD {si_signo=SIGCHLD, si_code=CLD_EXITED, si_pid=6309, si_uid=1001, si_status=0, si_utime=25 /* 0.25 s */, si_stime=1 /* 0.01 s */} ---
6308  clone(child_stack=NULL, flags=CLONE_CHILD_CLEARTID|CLONE_CHILD_SETTID|SIGCHLD, child_tidptr=0xff9fb7cf4f90) = 6310
6308  wait4(6310,  <unfinished ...>
6310  execve("/usr/bin/cc", ["/usr/bin/cc", "-xassembler", "/home/runner/work/_temp/transiti"..., "-Wl,--gc-sections,--strip-all", "-o", "/home/runner/work/_temp/transiti"...], 0xffffc3c557f8 /* 111 vars */) = 0
6310  clone(child_stack=0xffffc1314510, flags=CLONE_VM|CLONE_VFORK|SIGCHLD <unfinished ...>
6311  execve("/home/runner/go/bin/as", ["as", "-EL", "-mabi=lp64", "-o", "/tmp/ccnz9qHe.o", "/home/runner/work/_temp/transiti"...], 0x3376cc20 /* 116 vars */) = -1 ENOENT (No such file or directory)
6311  execve("/opt/hostedtoolcache/go/1.27.1/arm64/bin/as", ["as", "-EL", "-mabi=lp64", "-o", "/tmp/ccnz9qHe.o", "/home/runner/work/_temp/transiti"...], 0x3376cc20 /* 116 vars */) = -1 ENOENT (No such file or directory)
6311  execve("/snap/bin/as", ["as", "-EL", "-mabi=lp64", "-o", "/tmp/ccnz9qHe.o", "/home/runner/work/_temp/transiti"...], 0x3376cc20 /* 116 vars */) = -1 ENOENT (No such file or directory)
6311  execve("/home/runner/.local/bin/as", ["as", "-EL", "-mabi=lp64", "-o", "/tmp/ccnz9qHe.o", "/home/runner/work/_temp/transiti"...], 0x3376cc20 /* 116 vars */) = -1 ENOENT (No such file or directory)
6311  execve("/opt/pipx_bin/as", ["as", "-EL", "-mabi=lp64", "-o", "/tmp/ccnz9qHe.o", "/home/runner/work/_temp/transiti"...], 0x3376cc20 /* 116 vars */) = -1 ENOENT (No such file or directory)
6311  execve("/home/runner/.cargo/bin/as", ["as", "-EL", "-mabi=lp64", "-o", "/tmp/ccnz9qHe.o", "/home/runner/work/_temp/transiti"...], 0x3376cc20 /* 116 vars */) = -1 ENOENT (No such file or directory)
6311  execve("/home/runner/.config/composer/vendor/bin/as", ["as", "-EL", "-mabi=lp64", "-o", "/tmp/ccnz9qHe.o", "/home/runner/work/_temp/transiti"...], 0x3376cc20 /* 116 vars */) = -1 ENOENT (No such file or directory)
6311  execve("/home/runner/.dotnet/tools/as", ["as", "-EL", "-mabi=lp64", "-o", "/tmp/ccnz9qHe.o", "/home/runner/work/_temp/transiti"...], 0x3376cc20 /* 116 vars */) = -1 ENOENT (No such file or directory)
6311  execve("/usr/local/sbin/as", ["as", "-EL", "-mabi=lp64", "-o", "/tmp/ccnz9qHe.o", "/home/runner/work/_temp/transiti"...], 0x3376cc20 /* 116 vars */) = -1 ENOENT (No such file or directory)
6311  execve("/usr/local/bin/as", ["as", "-EL", "-mabi=lp64", "-o", "/tmp/ccnz9qHe.o", "/home/runner/work/_temp/transiti"...], 0x3376cc20 /* 116 vars */) = -1 ENOENT (No such file or directory)
6311  execve("/usr/sbin/as", ["as", "-EL", "-mabi=lp64", "-o", "/tmp/ccnz9qHe.o", "/home/runner/work/_temp/transiti"...], 0x3376cc20 /* 116 vars */) = -1 ENOENT (No such file or directory)
6311  execve("/usr/bin/as", ["as", "-EL", "-mabi=lp64", "-o", "/tmp/ccnz9qHe.o", "/home/runner/work/_temp/transiti"...], 0x3376cc20 /* 116 vars */ <unfinished ...>
6310  <... clone resumed>)              = 6311
6311  <... execve resumed>)             = 0
6310  wait4(6311,  <unfinished ...>
6311  exit_group(0)                     = ?
6311  +++ exited with 0 +++
6310  <... wait4 resumed>[{WIFEXITED(s) && WEXITSTATUS(s) == 0}], 0, NULL) = 6311
6310  --- SIGCHLD {si_signo=SIGCHLD, si_code=CLD_EXITED, si_pid=6311, si_uid=1001, si_status=0, si_utime=10 /* 0.10 s */, si_stime=1 /* 0.01 s */} ---
6310  clone(child_stack=0xffffc1313650, flags=CLONE_VM|CLONE_VFORK|SIGCHLD <unfinished ...>
6312  execve("/usr/libexec/gcc/aarch64-linux-gnu/13/collect2", ["/usr/libexec/gcc/aarch64-linux-g"..., "-plugin", "/usr/libexec/gcc/aarch64-linux-g"..., "-plugin-opt=/usr/libexec/gcc/aar"..., "-plugin-opt=-fresolution=/tmp/cc"..., "-plugin-opt=-pass-through=-lgcc", "-plugin-opt=-pass-through=-lgcc_"..., "-plugin-opt=-pass-through=-lc", "-plugin-opt=-pass-through=-lgcc", "-plugin-opt=-pass-through=-lgcc_"..., "--build-id", "--eh-frame-hdr", "--hash-style=gnu", "--as-needed", "-dynamic-linker", "/lib/ld-linux-aarch64.so.1", "-X", "-EL", "-maarch64linux", "--fix-cortex-a53-843419", "-pie", "-z", "now", "-z", "relro", "-o", "/home/runner/work/_temp/transiti"..., "/usr/lib/gcc/aarch64-linux-gnu/1"..., "/usr/lib/gcc/aarch64-linux-gnu/1"..., "/usr/lib/gcc/aarch64-linux-gnu/1"..., "-L/usr/lib/gcc/aarch64-linux-gnu"..., "-L/usr/lib/gcc/aarch64-linux-gnu"..., ...], 0x3376d3c0 /* 118 vars */ <unfinished ...>
6310  <... clone resumed>)              = 6312
6312  <... execve resumed>)             = 0
6310  wait4(6312,  <unfinished ...>
6312  clone(child_stack=0xffffebe364d0, flags=CLONE_VM|CLONE_VFORK|SIGCHLD <unfinished ...>
6313  execve("/usr/bin/ld", ["/usr/bin/ld", "-plugin", "/usr/libexec/gcc/aarch64-linux-g"..., "-plugin-opt=/usr/libexec/gcc/aar"..., "-plugin-opt=-fresolution=/tmp/cc"..., "-plugin-opt=-pass-through=-lgcc", "-plugin-opt=-pass-through=-lgcc_"..., "-plugin-opt=-pass-through=-lc", "-plugin-opt=-pass-through=-lgcc", "-plugin-opt=-pass-through=-lgcc_"..., "--build-id", "--eh-frame-hdr", "--hash-style=gnu", "--as-needed", "-dynamic-linker", "/lib/ld-linux-aarch64.so.1", "-X", "-EL", "-maarch64linux", "--fix-cortex-a53-843419", "-pie", "-z", "now", "-z", "relro", "-o", "/home/runner/work/_temp/transiti"..., "/usr/lib/gcc/aarch64-linux-gnu/1"..., "/usr/lib/gcc/aarch64-linux-gnu/1"..., "/usr/lib/gcc/aarch64-linux-gnu/1"..., "-L/usr/lib/gcc/aarch64-linux-gnu"..., "-L/usr/lib/gcc/aarch64-linux-gnu"..., ...], 0xffffebe36b80 /* 118 vars */ <unfinished ...>
6312  <... clone resumed>)              = 6313
6313  <... execve resumed>)             = 0
6312  wait4(6313,  <unfinished ...>
6313  exit_group(0)                     = ?
6313  +++ exited with 0 +++
6312  <... wait4 resumed>[{WIFEXITED(s) && WEXITSTATUS(s) == 0}], 0, NULL) = 6313
6312  --- SIGCHLD {si_signo=SIGCHLD, si_code=CLD_EXITED, si_pid=6313, si_uid=1001, si_status=0, si_utime=1 /* 0.01 s */, si_stime=1 /* 0.01 s */} ---
6312  exit_group(0)                     = ?
6312  +++ exited with 0 +++
6310  <... wait4 resumed>[{WIFEXITED(s) && WEXITSTATUS(s) == 0}], 0, NULL) = 6312
6310  --- SIGCHLD {si_signo=SIGCHLD, si_code=CLD_EXITED, si_pid=6312, si_uid=1001, si_status=0, si_utime=0, si_stime=0} ---
6310  exit_group(0)                     = ?
6310  +++ exited with 0 +++
6308  <... wait4 resumed>[{WIFEXITED(s) && WEXITSTATUS(s) == 0}], 0, NULL) = 6310
6308  --- SIGCHLD {si_signo=SIGCHLD, si_code=CLD_EXITED, si_pid=6310, si_uid=1001, si_status=0, si_utime=0, si_stime=0} ---
6308  exit_group(0)                     = ?
6308  +++ exited with 0 +++
