6298  execve("/home/runner/work/_temp/release/type-rb-native-bootstrap-linux-arm64", ["/home/runner/work/_temp/release/"..., "build", "compiler/gate4/src/compiler.trb", "--output", "/home/runner/work/_temp/transiti"..., "--qbe", "/home/runner/work/_temp/qbe-1.3/"..., "--cc", "/usr/bin/cc", "--target", "linux-arm64-v0"], 0xfffff859bc78 /* 111 vars */) = 0
6298  clone(child_stack=NULL, flags=CLONE_CHILD_CLEARTID|CLONE_CHILD_SETTID|SIGCHLD, child_tidptr=0xff8b5156df90) = 6300
6298  wait4(6300,  <unfinished ...>
6300  execve("/home/runner/work/_temp/qbe-1.3/qbe", ["/home/runner/work/_temp/qbe-1.3/"..., "-t", "arm64", "-o", "/home/runner/work/_temp/transiti"..., "/home/runner/work/_temp/transiti"...], 0xffffe1fb2628 /* 111 vars */) = 0
6300  exit_group(0)                     = ?
6300  +++ exited with 0 +++
6298  <... wait4 resumed>[{WIFEXITED(s) && WEXITSTATUS(s) == 0}], 0, NULL) = 6300
6298  --- SIGCHLD {si_signo=SIGCHLD, si_code=CLD_EXITED, si_pid=6300, si_uid=1001, si_status=0, si_utime=24 /* 0.24 s */, si_stime=1 /* 0.01 s */} ---
6298  clone(child_stack=NULL, flags=CLONE_CHILD_CLEARTID|CLONE_CHILD_SETTID|SIGCHLD, child_tidptr=0xff8b5156df90) = 6301
6298  wait4(6301,  <unfinished ...>
6301  execve("/usr/bin/cc", ["/usr/bin/cc", "-xassembler", "/home/runner/work/_temp/transiti"..., "-Wl,--gc-sections,--strip-all", "-o", "/home/runner/work/_temp/transiti"...], 0xffffe1fb2628 /* 111 vars */) = 0
6301  clone(child_stack=0xffffcc9b7aa0, flags=CLONE_VM|CLONE_VFORK|SIGCHLD <unfinished ...>
6302  execve("/home/runner/go/bin/as", ["as", "-EL", "-mabi=lp64", "-o", "/tmp/ccwc1dDV.o", "/home/runner/work/_temp/transiti"...], 0x18ba8c10 /* 116 vars */) = -1 ENOENT (No such file or directory)
6302  execve("/opt/hostedtoolcache/go/1.27.1/arm64/bin/as", ["as", "-EL", "-mabi=lp64", "-o", "/tmp/ccwc1dDV.o", "/home/runner/work/_temp/transiti"...], 0x18ba8c10 /* 116 vars */) = -1 ENOENT (No such file or directory)
6302  execve("/snap/bin/as", ["as", "-EL", "-mabi=lp64", "-o", "/tmp/ccwc1dDV.o", "/home/runner/work/_temp/transiti"...], 0x18ba8c10 /* 116 vars */) = -1 ENOENT (No such file or directory)
6302  execve("/home/runner/.local/bin/as", ["as", "-EL", "-mabi=lp64", "-o", "/tmp/ccwc1dDV.o", "/home/runner/work/_temp/transiti"...], 0x18ba8c10 /* 116 vars */) = -1 ENOENT (No such file or directory)
6302  execve("/opt/pipx_bin/as", ["as", "-EL", "-mabi=lp64", "-o", "/tmp/ccwc1dDV.o", "/home/runner/work/_temp/transiti"...], 0x18ba8c10 /* 116 vars */) = -1 ENOENT (No such file or directory)
6302  execve("/home/runner/.cargo/bin/as", ["as", "-EL", "-mabi=lp64", "-o", "/tmp/ccwc1dDV.o", "/home/runner/work/_temp/transiti"...], 0x18ba8c10 /* 116 vars */) = -1 ENOENT (No such file or directory)
6302  execve("/home/runner/.config/composer/vendor/bin/as", ["as", "-EL", "-mabi=lp64", "-o", "/tmp/ccwc1dDV.o", "/home/runner/work/_temp/transiti"...], 0x18ba8c10 /* 116 vars */) = -1 ENOENT (No such file or directory)
6302  execve("/home/runner/.dotnet/tools/as", ["as", "-EL", "-mabi=lp64", "-o", "/tmp/ccwc1dDV.o", "/home/runner/work/_temp/transiti"...], 0x18ba8c10 /* 116 vars */) = -1 ENOENT (No such file or directory)
6302  execve("/usr/local/sbin/as", ["as", "-EL", "-mabi=lp64", "-o", "/tmp/ccwc1dDV.o", "/home/runner/work/_temp/transiti"...], 0x18ba8c10 /* 116 vars */) = -1 ENOENT (No such file or directory)
6302  execve("/usr/local/bin/as", ["as", "-EL", "-mabi=lp64", "-o", "/tmp/ccwc1dDV.o", "/home/runner/work/_temp/transiti"...], 0x18ba8c10 /* 116 vars */) = -1 ENOENT (No such file or directory)
6302  execve("/usr/sbin/as", ["as", "-EL", "-mabi=lp64", "-o", "/tmp/ccwc1dDV.o", "/home/runner/work/_temp/transiti"...], 0x18ba8c10 /* 116 vars */) = -1 ENOENT (No such file or directory)
6302  execve("/usr/bin/as", ["as", "-EL", "-mabi=lp64", "-o", "/tmp/ccwc1dDV.o", "/home/runner/work/_temp/transiti"...], 0x18ba8c10 /* 116 vars */ <unfinished ...>
6301  <... clone resumed>)              = 6302
6302  <... execve resumed>)             = 0
6301  wait4(6302,  <unfinished ...>
6302  exit_group(0)                     = ?
6302  +++ exited with 0 +++
6301  <... wait4 resumed>[{WIFEXITED(s) && WEXITSTATUS(s) == 0}], 0, NULL) = 6302
6301  --- SIGCHLD {si_signo=SIGCHLD, si_code=CLD_EXITED, si_pid=6302, si_uid=1001, si_status=0, si_utime=10 /* 0.10 s */, si_stime=0} ---
6301  clone(child_stack=0xffffcc9b6be0, flags=CLONE_VM|CLONE_VFORK|SIGCHLD <unfinished ...>
6303  execve("/usr/libexec/gcc/aarch64-linux-gnu/13/collect2", ["/usr/libexec/gcc/aarch64-linux-g"..., "-plugin", "/usr/libexec/gcc/aarch64-linux-g"..., "-plugin-opt=/usr/libexec/gcc/aar"..., "-plugin-opt=-fresolution=/tmp/cc"..., "-plugin-opt=-pass-through=-lgcc", "-plugin-opt=-pass-through=-lgcc_"..., "-plugin-opt=-pass-through=-lc", "-plugin-opt=-pass-through=-lgcc", "-plugin-opt=-pass-through=-lgcc_"..., "--build-id", "--eh-frame-hdr", "--hash-style=gnu", "--as-needed", "-dynamic-linker", "/lib/ld-linux-aarch64.so.1", "-X", "-EL", "-maarch64linux", "--fix-cortex-a53-843419", "-pie", "-z", "now", "-z", "relro", "-o", "/home/runner/work/_temp/transiti"..., "/usr/lib/gcc/aarch64-linux-gnu/1"..., "/usr/lib/gcc/aarch64-linux-gnu/1"..., "/usr/lib/gcc/aarch64-linux-gnu/1"..., "-L/usr/lib/gcc/aarch64-linux-gnu"..., "-L/usr/lib/gcc/aarch64-linux-gnu"..., ...], 0x18ba93b0 /* 118 vars */ <unfinished ...>
6301  <... clone resumed>)              = 6303
6303  <... execve resumed>)             = 0
6301  wait4(6303,  <unfinished ...>
6303  clone(child_stack=0xffffd893aee0, flags=CLONE_VM|CLONE_VFORK|SIGCHLD <unfinished ...>
6304  execve("/usr/bin/ld", ["/usr/bin/ld", "-plugin", "/usr/libexec/gcc/aarch64-linux-g"..., "-plugin-opt=/usr/libexec/gcc/aar"..., "-plugin-opt=-fresolution=/tmp/cc"..., "-plugin-opt=-pass-through=-lgcc", "-plugin-opt=-pass-through=-lgcc_"..., "-plugin-opt=-pass-through=-lc", "-plugin-opt=-pass-through=-lgcc", "-plugin-opt=-pass-through=-lgcc_"..., "--build-id", "--eh-frame-hdr", "--hash-style=gnu", "--as-needed", "-dynamic-linker", "/lib/ld-linux-aarch64.so.1", "-X", "-EL", "-maarch64linux", "--fix-cortex-a53-843419", "-pie", "-z", "now", "-z", "relro", "-o", "/home/runner/work/_temp/transiti"..., "/usr/lib/gcc/aarch64-linux-gnu/1"..., "/usr/lib/gcc/aarch64-linux-gnu/1"..., "/usr/lib/gcc/aarch64-linux-gnu/1"..., "-L/usr/lib/gcc/aarch64-linux-gnu"..., "-L/usr/lib/gcc/aarch64-linux-gnu"..., ...], 0xffffd893b590 /* 118 vars */ <unfinished ...>
6303  <... clone resumed>)              = 6304
6304  <... execve resumed>)             = 0
6303  wait4(6304,  <unfinished ...>
6304  exit_group(0)                     = ?
6304  +++ exited with 0 +++
6303  <... wait4 resumed>[{WIFEXITED(s) && WEXITSTATUS(s) == 0}], 0, NULL) = 6304
6303  --- SIGCHLD {si_signo=SIGCHLD, si_code=CLD_EXITED, si_pid=6304, si_uid=1001, si_status=0, si_utime=1 /* 0.01 s */, si_stime=1 /* 0.01 s */} ---
6303  exit_group(0)                     = ?
6303  +++ exited with 0 +++
6301  <... wait4 resumed>[{WIFEXITED(s) && WEXITSTATUS(s) == 0}], 0, NULL) = 6303
6301  --- SIGCHLD {si_signo=SIGCHLD, si_code=CLD_EXITED, si_pid=6303, si_uid=1001, si_status=0, si_utime=0, si_stime=0} ---
6301  exit_group(0)                     = ?
6301  +++ exited with 0 +++
6298  <... wait4 resumed>[{WIFEXITED(s) && WEXITSTATUS(s) == 0}], 0, NULL) = 6301
6298  --- SIGCHLD {si_signo=SIGCHLD, si_code=CLD_EXITED, si_pid=6301, si_uid=1001, si_status=0, si_utime=0, si_stime=0} ---
6298  exit_group(0)                     = ?
6298  +++ exited with 0 +++
