8150  execve("/home/runner/work/_temp/bootstrap-workspace/b4/compiler", ["/home/runner/work/_temp/bootstra"..., "build", "/home/runner/work/type-rb-native"..., "--output", "/home/runner/work/_temp/bootstra"..., "--qbe", "/home/runner/work/_temp/qbe-1.3/"..., "--cc", "/usr/bin/cc", "--target", "linux-arm64-v0"], 0xffffc7878938 /* 111 vars */) = 0
8150  clone(child_stack=NULL, flags=CLONE_CHILD_CLEARTID|CLONE_CHILD_SETTID|SIGCHLD, child_tidptr=0xffeffdff1f90) = 8151
8150  wait4(8151,  <unfinished ...>
8151  execve("/home/runner/work/_temp/qbe-1.3/qbe", ["/home/runner/work/_temp/qbe-1.3/"..., "-t", "arm64", "-o", "/home/runner/work/_temp/bootstra"..., "/home/runner/work/_temp/bootstra"...], 0xfffff92f5f28 /* 111 vars */) = 0
8151  exit_group(0)                     = ?
8151  +++ exited with 0 +++
8150  <... wait4 resumed>[{WIFEXITED(s) && WEXITSTATUS(s) == 0}], 0, NULL) = 8151
8150  --- SIGCHLD {si_signo=SIGCHLD, si_code=CLD_EXITED, si_pid=8151, si_uid=1001, si_status=0, si_utime=0, si_stime=0} ---
8150  clone(child_stack=NULL, flags=CLONE_CHILD_CLEARTID|CLONE_CHILD_SETTID|SIGCHLD, child_tidptr=0xffeffdff1f90) = 8152
8150  wait4(8152,  <unfinished ...>
8152  execve("/usr/bin/cc", ["/usr/bin/cc", "-xassembler", "/home/runner/work/_temp/bootstra"..., "-fuse-ld=lld", "-Wl,--gc-sections,--strip-all", "-lm", "-o", "/home/runner/work/_temp/bootstra"...], 0xfffff92f5f28 /* 111 vars */) = 0
8152  clone(child_stack=0xffffe89812b0, flags=CLONE_VM|CLONE_VFORK|SIGCHLD <unfinished ...>
8153  execve("/home/runner/go/bin/as", ["as", "-EL", "-mabi=lp64", "-o", "/tmp/ccPhMAUE.o", "/home/runner/work/_temp/bootstra"...], 0x13ffed50 /* 116 vars */) = -1 ENOENT (No such file or directory)
8153  execve("/opt/hostedtoolcache/go/1.27.0/arm64/bin/as", ["as", "-EL", "-mabi=lp64", "-o", "/tmp/ccPhMAUE.o", "/home/runner/work/_temp/bootstra"...], 0x13ffed50 /* 116 vars */) = -1 ENOENT (No such file or directory)
8153  execve("/snap/bin/as", ["as", "-EL", "-mabi=lp64", "-o", "/tmp/ccPhMAUE.o", "/home/runner/work/_temp/bootstra"...], 0x13ffed50 /* 116 vars */) = -1 ENOENT (No such file or directory)
8153  execve("/home/runner/.local/bin/as", ["as", "-EL", "-mabi=lp64", "-o", "/tmp/ccPhMAUE.o", "/home/runner/work/_temp/bootstra"...], 0x13ffed50 /* 116 vars */) = -1 ENOENT (No such file or directory)
8153  execve("/opt/pipx_bin/as", ["as", "-EL", "-mabi=lp64", "-o", "/tmp/ccPhMAUE.o", "/home/runner/work/_temp/bootstra"...], 0x13ffed50 /* 116 vars */) = -1 ENOENT (No such file or directory)
8153  execve("/home/runner/.cargo/bin/as", ["as", "-EL", "-mabi=lp64", "-o", "/tmp/ccPhMAUE.o", "/home/runner/work/_temp/bootstra"...], 0x13ffed50 /* 116 vars */) = -1 ENOENT (No such file or directory)
8153  execve("/home/runner/.config/composer/vendor/bin/as", ["as", "-EL", "-mabi=lp64", "-o", "/tmp/ccPhMAUE.o", "/home/runner/work/_temp/bootstra"...], 0x13ffed50 /* 116 vars */) = -1 ENOENT (No such file or directory)
8153  execve("/home/runner/.dotnet/tools/as", ["as", "-EL", "-mabi=lp64", "-o", "/tmp/ccPhMAUE.o", "/home/runner/work/_temp/bootstra"...], 0x13ffed50 /* 116 vars */) = -1 ENOENT (No such file or directory)
8153  execve("/usr/local/sbin/as", ["as", "-EL", "-mabi=lp64", "-o", "/tmp/ccPhMAUE.o", "/home/runner/work/_temp/bootstra"...], 0x13ffed50 /* 116 vars */) = -1 ENOENT (No such file or directory)
8153  execve("/usr/local/bin/as", ["as", "-EL", "-mabi=lp64", "-o", "/tmp/ccPhMAUE.o", "/home/runner/work/_temp/bootstra"...], 0x13ffed50 /* 116 vars */) = -1 ENOENT (No such file or directory)
8153  execve("/usr/sbin/as", ["as", "-EL", "-mabi=lp64", "-o", "/tmp/ccPhMAUE.o", "/home/runner/work/_temp/bootstra"...], 0x13ffed50 /* 116 vars */) = -1 ENOENT (No such file or directory)
8153  execve("/usr/bin/as", ["as", "-EL", "-mabi=lp64", "-o", "/tmp/ccPhMAUE.o", "/home/runner/work/_temp/bootstra"...], 0x13ffed50 /* 116 vars */ <unfinished ...>
8152  <... clone resumed>)              = 8153
8153  <... execve resumed>)             = 0
8152  wait4(8153,  <unfinished ...>
8153  exit_group(0)                     = ?
8153  +++ exited with 0 +++
8152  <... wait4 resumed>[{WIFEXITED(s) && WEXITSTATUS(s) == 0}], 0, NULL) = 8153
8152  --- SIGCHLD {si_signo=SIGCHLD, si_code=CLD_EXITED, si_pid=8153, si_uid=1001, si_status=0, si_utime=0, si_stime=0} ---
8152  clone(child_stack=0xffffe89803f0, flags=CLONE_VM|CLONE_VFORK|SIGCHLD <unfinished ...>
8154  execve("/usr/libexec/gcc/aarch64-linux-gnu/13/collect2", ["/usr/libexec/gcc/aarch64-linux-g"..., "-plugin", "/usr/libexec/gcc/aarch64-linux-g"..., "-plugin-opt=/usr/libexec/gcc/aar"..., "-plugin-opt=-fresolution=/tmp/cc"..., "-plugin-opt=-pass-through=-lgcc", "-plugin-opt=-pass-through=-lgcc_"..., "-plugin-opt=-pass-through=-lc", "-plugin-opt=-pass-through=-lgcc", "-plugin-opt=-pass-through=-lgcc_"..., "--build-id", "--eh-frame-hdr", "--hash-style=gnu", "--as-needed", "-dynamic-linker", "/lib/ld-linux-aarch64.so.1", "-X", "-EL", "-maarch64linux", "--fix-cortex-a53-843419", "-pie", "-z", "now", "-fuse-ld=lld", "-z", "relro", "-o", "/home/runner/work/_temp/bootstra"..., "/usr/lib/gcc/aarch64-linux-gnu/1"..., "/usr/lib/gcc/aarch64-linux-gnu/1"..., "/usr/lib/gcc/aarch64-linux-gnu/1"..., "-L/usr/lib/gcc/aarch64-linux-gnu"..., ...], 0x13fff580 /* 118 vars */ <unfinished ...>
8152  <... clone resumed>)              = 8154
8154  <... execve resumed>)             = 0
8152  wait4(8154,  <unfinished ...>
8154  clone(child_stack=0xffffce62c8f0, flags=CLONE_VM|CLONE_VFORK|SIGCHLD <unfinished ...>
8155  execve("/usr/bin/ld.lld", ["/usr/bin/ld.lld", "-plugin", "/usr/libexec/gcc/aarch64-linux-g"..., "-plugin-opt=/usr/libexec/gcc/aar"..., "-plugin-opt=-fresolution=/tmp/cc"..., "-plugin-opt=-pass-through=-lgcc", "-plugin-opt=-pass-through=-lgcc_"..., "-plugin-opt=-pass-through=-lc", "-plugin-opt=-pass-through=-lgcc", "-plugin-opt=-pass-through=-lgcc_"..., "--build-id", "--eh-frame-hdr", "--hash-style=gnu", "--as-needed", "-dynamic-linker", "/lib/ld-linux-aarch64.so.1", "-X", "-EL", "-maarch64linux", "--fix-cortex-a53-843419", "-pie", "-z", "now", "-z", "relro", "-o", "/home/runner/work/_temp/bootstra"..., "/usr/lib/gcc/aarch64-linux-gnu/1"..., "/usr/lib/gcc/aarch64-linux-gnu/1"..., "/usr/lib/gcc/aarch64-linux-gnu/1"..., "-L/usr/lib/gcc/aarch64-linux-gnu"..., "-L/usr/lib/gcc/aarch64-linux-gnu"..., ...], 0xffffce62cfb0 /* 118 vars */ <unfinished ...>
8154  <... clone resumed>)              = 8155
8155  <... execve resumed>)             = 0
8154  wait4(8155,  <unfinished ...>
8155  clone3({flags=CLONE_VM|CLONE_FS|CLONE_FILES|CLONE_SIGHAND|CLONE_THREAD|CLONE_SYSVSEM|CLONE_SETTLS|CLONE_PARENT_SETTID|CLONE_CHILD_CLEARTID, child_tid=0xff927a7ff050, parent_tid=0xff927a7ff050, exit_signal=0, stack=0xff92767f0000, stack_size=0x400e840, tls=0xff927a7ff6c0} => {parent_tid=[8156]}, 88) = 8156
8156  clone3({flags=CLONE_VM|CLONE_FS|CLONE_FILES|CLONE_SIGHAND|CLONE_THREAD|CLONE_SYSVSEM|CLONE_SETTLS|CLONE_PARENT_SETTID|CLONE_CHILD_CLEARTID, child_tid=0xff926ffff050, parent_tid=0xff926ffff050, exit_signal=0, stack=0xff926bff0000, stack_size=0x400e840, tls=0xff926ffff6c0} => {parent_tid=[8157]}, 88) = 8157
8156  clone3({flags=CLONE_VM|CLONE_FS|CLONE_FILES|CLONE_SIGHAND|CLONE_THREAD|CLONE_SYSVSEM|CLONE_SETTLS|CLONE_PARENT_SETTID|CLONE_CHILD_CLEARTID, child_tid=0xff926bfef050, parent_tid=0xff926bfef050, exit_signal=0, stack=0xff9267fe0000, stack_size=0x400e840, tls=0xff926bfef6c0} => {parent_tid=[8158]}, 88) = 8158
8156  clone3({flags=CLONE_VM|CLONE_FS|CLONE_FILES|CLONE_SIGHAND|CLONE_THREAD|CLONE_SYSVSEM|CLONE_SETTLS|CLONE_PARENT_SETTID|CLONE_CHILD_CLEARTID, child_tid=0xff925ffff050, parent_tid=0xff925ffff050, exit_signal=0, stack=0xff925bff0000, stack_size=0x400e840, tls=0xff925ffff6c0} => {parent_tid=[8159]}, 88) = 8159
8159  exit(0)                           = ?
8159  +++ exited with 0 +++
8158  exit(0 <unfinished ...>
8155  exit_group(0 <unfinished ...>
8158  <... exit resumed>)               = ?
8155  <... exit_group resumed>)         = ?
8158  +++ exited with 0 +++
8157  +++ exited with 0 +++
8156  +++ exited with 0 +++
8155  +++ exited with 0 +++
8154  <... wait4 resumed>[{WIFEXITED(s) && WEXITSTATUS(s) == 0}], 0, NULL) = 8155
8154  --- SIGCHLD {si_signo=SIGCHLD, si_code=CLD_EXITED, si_pid=8155, si_uid=1001, si_status=0, si_utime=0, si_stime=2 /* 0.02 s */} ---
8154  exit_group(0)                     = ?
8154  +++ exited with 0 +++
8152  <... wait4 resumed>[{WIFEXITED(s) && WEXITSTATUS(s) == 0}], 0, NULL) = 8154
8152  --- SIGCHLD {si_signo=SIGCHLD, si_code=CLD_EXITED, si_pid=8154, si_uid=1001, si_status=0, si_utime=0, si_stime=0} ---
8152  exit_group(0)                     = ?
8152  +++ exited with 0 +++
8150  <... wait4 resumed>[{WIFEXITED(s) && WEXITSTATUS(s) == 0}], 0, NULL) = 8152
8150  --- SIGCHLD {si_signo=SIGCHLD, si_code=CLD_EXITED, si_pid=8152, si_uid=1001, si_status=0, si_utime=0, si_stime=0} ---
8150  exit_group(0)                     = ?
8150  +++ exited with 0 +++
