3378  execve("/home/runner/work/_temp/chain/second/compiler", ["/home/runner/work/_temp/chain/se"..., "build", "compiler/gate4/src/compiler.trb", "--output", "/home/runner/work/_temp/chain/th"..., "--qbe", "/home/runner/work/_temp/qbe-1.3/"..., "--cc", "/usr/bin/cc", "--target", "linux-arm64-v0"], 0xffffef471b78 /* 111 vars */) = 0
3378  clone(child_stack=NULL, flags=CLONE_CHILD_CLEARTID|CLONE_CHILD_SETTID|SIGCHLD, child_tidptr=0xff843c092f90) = 3380
3378  wait4(3380,  <unfinished ...>
3380  execve("/home/runner/work/_temp/qbe-1.3/qbe", ["/home/runner/work/_temp/qbe-1.3/"..., "-t", "arm64", "-o", "/home/runner/work/_temp/chain/th"..., "/home/runner/work/_temp/chain/th"...], 0xffffdc603e08 /* 111 vars */) = 0
3380  exit_group(0)                     = ?
3380  +++ exited with 0 +++
3378  <... wait4 resumed>[{WIFEXITED(s) && WEXITSTATUS(s) == 0}], 0, NULL) = 3380
3378  --- SIGCHLD {si_signo=SIGCHLD, si_code=CLD_EXITED, si_pid=3380, si_uid=1001, si_status=0, si_utime=19 /* 0.19 s */, si_stime=1 /* 0.01 s */} ---
3378  clone(child_stack=NULL, flags=CLONE_CHILD_CLEARTID|CLONE_CHILD_SETTID|SIGCHLD, child_tidptr=0xff843c092f90) = 3381
3378  wait4(3381,  <unfinished ...>
3381  execve("/usr/bin/cc", ["/usr/bin/cc", "-xassembler", "/home/runner/work/_temp/chain/th"..., "-fuse-ld=lld", "-Wl,--gc-sections,--strip-all", "-lm", "-o", "/home/runner/work/_temp/chain/th"...], 0xffffdc603e08 /* 111 vars */) = 0
3381  clone(child_stack=0xffffc59dfa40, flags=CLONE_VM|CLONE_VFORK|SIGCHLD <unfinished ...>
3382  execve("/home/runner/go/bin/as", ["as", "-EL", "-mabi=lp64", "-o", "/tmp/cc0cYAwA.o", "/home/runner/work/_temp/chain/th"...], 0x1bf8ed40 /* 116 vars */) = -1 ENOENT (No such file or directory)
3382  execve("/opt/hostedtoolcache/go/1.27.0/arm64/bin/as", ["as", "-EL", "-mabi=lp64", "-o", "/tmp/cc0cYAwA.o", "/home/runner/work/_temp/chain/th"...], 0x1bf8ed40 /* 116 vars */) = -1 ENOENT (No such file or directory)
3382  execve("/snap/bin/as", ["as", "-EL", "-mabi=lp64", "-o", "/tmp/cc0cYAwA.o", "/home/runner/work/_temp/chain/th"...], 0x1bf8ed40 /* 116 vars */) = -1 ENOENT (No such file or directory)
3382  execve("/home/runner/.local/bin/as", ["as", "-EL", "-mabi=lp64", "-o", "/tmp/cc0cYAwA.o", "/home/runner/work/_temp/chain/th"...], 0x1bf8ed40 /* 116 vars */) = -1 ENOENT (No such file or directory)
3382  execve("/opt/pipx_bin/as", ["as", "-EL", "-mabi=lp64", "-o", "/tmp/cc0cYAwA.o", "/home/runner/work/_temp/chain/th"...], 0x1bf8ed40 /* 116 vars */) = -1 ENOENT (No such file or directory)
3382  execve("/home/runner/.cargo/bin/as", ["as", "-EL", "-mabi=lp64", "-o", "/tmp/cc0cYAwA.o", "/home/runner/work/_temp/chain/th"...], 0x1bf8ed40 /* 116 vars */) = -1 ENOENT (No such file or directory)
3382  execve("/home/runner/.config/composer/vendor/bin/as", ["as", "-EL", "-mabi=lp64", "-o", "/tmp/cc0cYAwA.o", "/home/runner/work/_temp/chain/th"...], 0x1bf8ed40 /* 116 vars */) = -1 ENOENT (No such file or directory)
3382  execve("/home/runner/.dotnet/tools/as", ["as", "-EL", "-mabi=lp64", "-o", "/tmp/cc0cYAwA.o", "/home/runner/work/_temp/chain/th"...], 0x1bf8ed40 /* 116 vars */) = -1 ENOENT (No such file or directory)
3382  execve("/usr/local/sbin/as", ["as", "-EL", "-mabi=lp64", "-o", "/tmp/cc0cYAwA.o", "/home/runner/work/_temp/chain/th"...], 0x1bf8ed40 /* 116 vars */) = -1 ENOENT (No such file or directory)
3382  execve("/usr/local/bin/as", ["as", "-EL", "-mabi=lp64", "-o", "/tmp/cc0cYAwA.o", "/home/runner/work/_temp/chain/th"...], 0x1bf8ed40 /* 116 vars */) = -1 ENOENT (No such file or directory)
3382  execve("/usr/sbin/as", ["as", "-EL", "-mabi=lp64", "-o", "/tmp/cc0cYAwA.o", "/home/runner/work/_temp/chain/th"...], 0x1bf8ed40 /* 116 vars */) = -1 ENOENT (No such file or directory)
3382  execve("/usr/bin/as", ["as", "-EL", "-mabi=lp64", "-o", "/tmp/cc0cYAwA.o", "/home/runner/work/_temp/chain/th"...], 0x1bf8ed40 /* 116 vars */ <unfinished ...>
3381  <... clone resumed>)              = 3382
3382  <... execve resumed>)             = 0
3381  wait4(3382,  <unfinished ...>
3382  exit_group(0)                     = ?
3382  +++ exited with 0 +++
3381  <... wait4 resumed>[{WIFEXITED(s) && WEXITSTATUS(s) == 0}], 0, NULL) = 3382
3381  --- SIGCHLD {si_signo=SIGCHLD, si_code=CLD_EXITED, si_pid=3382, si_uid=1001, si_status=0, si_utime=8 /* 0.08 s */, si_stime=0} ---
3381  clone(child_stack=0xffffc59deb80, flags=CLONE_VM|CLONE_VFORK|SIGCHLD <unfinished ...>
3383  execve("/usr/libexec/gcc/aarch64-linux-gnu/13/collect2", ["/usr/libexec/gcc/aarch64-linux-g"..., "-plugin", "/usr/libexec/gcc/aarch64-linux-g"..., "-plugin-opt=/usr/libexec/gcc/aar"..., "-plugin-opt=-fresolution=/tmp/cc"..., "-plugin-opt=-pass-through=-lgcc", "-plugin-opt=-pass-through=-lgcc_"..., "-plugin-opt=-pass-through=-lc", "-plugin-opt=-pass-through=-lgcc", "-plugin-opt=-pass-through=-lgcc_"..., "--build-id", "--eh-frame-hdr", "--hash-style=gnu", "--as-needed", "-dynamic-linker", "/lib/ld-linux-aarch64.so.1", "-X", "-EL", "-maarch64linux", "--fix-cortex-a53-843419", "-pie", "-z", "now", "-fuse-ld=lld", "-z", "relro", "-o", "/home/runner/work/_temp/chain/th"..., "/usr/lib/gcc/aarch64-linux-gnu/1"..., "/usr/lib/gcc/aarch64-linux-gnu/1"..., "/usr/lib/gcc/aarch64-linux-gnu/1"..., "-L/usr/lib/gcc/aarch64-linux-gnu"..., ...], 0x1bf8f570 /* 118 vars */ <unfinished ...>
3381  <... clone resumed>)              = 3383
3383  <... execve resumed>)             = 0
3381  wait4(3383,  <unfinished ...>
3383  clone(child_stack=0xfffffa617bc0, flags=CLONE_VM|CLONE_VFORK|SIGCHLD <unfinished ...>
3384  execve("/usr/bin/ld.lld", ["/usr/bin/ld.lld", "-plugin", "/usr/libexec/gcc/aarch64-linux-g"..., "-plugin-opt=/usr/libexec/gcc/aar"..., "-plugin-opt=-fresolution=/tmp/cc"..., "-plugin-opt=-pass-through=-lgcc", "-plugin-opt=-pass-through=-lgcc_"..., "-plugin-opt=-pass-through=-lc", "-plugin-opt=-pass-through=-lgcc", "-plugin-opt=-pass-through=-lgcc_"..., "--build-id", "--eh-frame-hdr", "--hash-style=gnu", "--as-needed", "-dynamic-linker", "/lib/ld-linux-aarch64.so.1", "-X", "-EL", "-maarch64linux", "--fix-cortex-a53-843419", "-pie", "-z", "now", "-z", "relro", "-o", "/home/runner/work/_temp/chain/th"..., "/usr/lib/gcc/aarch64-linux-gnu/1"..., "/usr/lib/gcc/aarch64-linux-gnu/1"..., "/usr/lib/gcc/aarch64-linux-gnu/1"..., "-L/usr/lib/gcc/aarch64-linux-gnu"..., "-L/usr/lib/gcc/aarch64-linux-gnu"..., ...], 0xfffffa618280 /* 118 vars */ <unfinished ...>
3383  <... clone resumed>)              = 3384
3383  wait4(3384,  <unfinished ...>
3384  <... execve resumed>)             = 0
3384  clone3({flags=CLONE_VM|CLONE_FS|CLONE_FILES|CLONE_SIGHAND|CLONE_THREAD|CLONE_SYSVSEM|CLONE_SETTLS|CLONE_PARENT_SETTID|CLONE_CHILD_CLEARTID, child_tid=0xff9e433ff050, parent_tid=0xff9e433ff050, exit_signal=0, stack=0xff9e3f3f0000, stack_size=0x400e840, tls=0xff9e433ff6c0} => {parent_tid=[3385]}, 88) = 3385
3385  clone3({flags=CLONE_VM|CLONE_FS|CLONE_FILES|CLONE_SIGHAND|CLONE_THREAD|CLONE_SYSVSEM|CLONE_SETTLS|CLONE_PARENT_SETTID|CLONE_CHILD_CLEARTID, child_tid=0xff9e37fff050, parent_tid=0xff9e37fff050, exit_signal=0, stack=0xff9e33ff0000, stack_size=0x400e840, tls=0xff9e37fff6c0} => {parent_tid=[3386]}, 88) = 3386
3385  clone3({flags=CLONE_VM|CLONE_FS|CLONE_FILES|CLONE_SIGHAND|CLONE_THREAD|CLONE_SYSVSEM|CLONE_SETTLS|CLONE_PARENT_SETTID|CLONE_CHILD_CLEARTID, child_tid=0xff9e33fef050, parent_tid=0xff9e33fef050, exit_signal=0, stack=0xff9e2ffe0000, stack_size=0x400e840, tls=0xff9e33fef6c0} => {parent_tid=[3387]}, 88) = 3387
3385  clone3({flags=CLONE_VM|CLONE_FS|CLONE_FILES|CLONE_SIGHAND|CLONE_THREAD|CLONE_SYSVSEM|CLONE_SETTLS|CLONE_PARENT_SETTID|CLONE_CHILD_CLEARTID, child_tid=0xff9e27fff050, parent_tid=0xff9e27fff050, exit_signal=0, stack=0xff9e23ff0000, stack_size=0x400e840, tls=0xff9e27fff6c0} => {parent_tid=[3388]}, 88) = 3388
3388  exit(0 <unfinished ...>
3386  exit(0 <unfinished ...>
3385  exit(0 <unfinished ...>
3388  <... exit resumed>)               = ?
3386  <... exit resumed>)               = ?
3385  <... exit resumed>)               = ?
3388  +++ exited with 0 +++
3386  +++ exited with 0 +++
3385  +++ exited with 0 +++
3384  exit_group(0)                     = ?
3387  +++ exited with 0 +++
3384  +++ exited with 0 +++
3383  <... wait4 resumed>[{WIFEXITED(s) && WEXITSTATUS(s) == 0}], 0, NULL) = 3384
3383  --- SIGCHLD {si_signo=SIGCHLD, si_code=CLD_EXITED, si_pid=3384, si_uid=1001, si_status=0, si_utime=0, si_stime=2 /* 0.02 s */} ---
3383  exit_group(0)                     = ?
3383  +++ exited with 0 +++
3381  <... wait4 resumed>[{WIFEXITED(s) && WEXITSTATUS(s) == 0}], 0, NULL) = 3383
3381  --- SIGCHLD {si_signo=SIGCHLD, si_code=CLD_EXITED, si_pid=3383, si_uid=1001, si_status=0, si_utime=0, si_stime=0} ---
3381  exit_group(0)                     = ?
3381  +++ exited with 0 +++
3378  <... wait4 resumed>[{WIFEXITED(s) && WEXITSTATUS(s) == 0}], 0, NULL) = 3381
3378  --- SIGCHLD {si_signo=SIGCHLD, si_code=CLD_EXITED, si_pid=3381, si_uid=1001, si_status=0, si_utime=0, si_stime=0} ---
3378  exit_group(0)                     = ?
3378  +++ exited with 0 +++
