3417  execve("/home/runner/work/_temp/chain/third/compiler", ["/home/runner/work/_temp/chain/th"..., "build", "compiler/gate4/src/compiler.trb", "--output", "/home/runner/work/_temp/chain/fo"..., "--qbe", "/home/runner/work/_temp/qbe-1.3/"..., "--cc", "/usr/bin/cc", "--target", "linux-arm64-v0"], 0xfffff1f80f98 /* 111 vars */) = 0
3417  clone(child_stack=NULL, flags=CLONE_CHILD_CLEARTID|CLONE_CHILD_SETTID|SIGCHLD, child_tidptr=0xff50953d2f90) = 3418
3417  wait4(3418,  <unfinished ...>
3418  execve("/home/runner/work/_temp/qbe-1.3/qbe", ["/home/runner/work/_temp/qbe-1.3/"..., "-t", "arm64", "-o", "/home/runner/work/_temp/chain/fo"..., "/home/runner/work/_temp/chain/fo"...], 0xffffe562d5e8 /* 111 vars */) = 0
3418  exit_group(0)                     = ?
3418  +++ exited with 0 +++
3417  <... wait4 resumed>[{WIFEXITED(s) && WEXITSTATUS(s) == 0}], 0, NULL) = 3418
3417  --- SIGCHLD {si_signo=SIGCHLD, si_code=CLD_EXITED, si_pid=3418, si_uid=1001, si_status=0, si_utime=20 /* 0.20 s */, si_stime=0} ---
3417  clone(child_stack=NULL, flags=CLONE_CHILD_CLEARTID|CLONE_CHILD_SETTID|SIGCHLD, child_tidptr=0xff50953d2f90) = 3419
3417  wait4(3419,  <unfinished ...>
3419  execve("/usr/bin/cc", ["/usr/bin/cc", "-xassembler", "/home/runner/work/_temp/chain/fo"..., "-fuse-ld=lld", "-Wl,--gc-sections,--strip-all", "-lm", "-o", "/home/runner/work/_temp/chain/fo"...], 0xffffe562d5e8 /* 111 vars */) = 0
3419  clone(child_stack=0xffffd3d39e90, flags=CLONE_VM|CLONE_VFORK|SIGCHLD <unfinished ...>
3420  execve("/home/runner/go/bin/as", ["as", "-EL", "-mabi=lp64", "-o", "/tmp/ccvnFjUv.o", "/home/runner/work/_temp/chain/fo"...], 0x13bb5d40 /* 116 vars */) = -1 ENOENT (No such file or directory)
3420  execve("/opt/hostedtoolcache/go/1.27.0/arm64/bin/as", ["as", "-EL", "-mabi=lp64", "-o", "/tmp/ccvnFjUv.o", "/home/runner/work/_temp/chain/fo"...], 0x13bb5d40 /* 116 vars */) = -1 ENOENT (No such file or directory)
3420  execve("/snap/bin/as", ["as", "-EL", "-mabi=lp64", "-o", "/tmp/ccvnFjUv.o", "/home/runner/work/_temp/chain/fo"...], 0x13bb5d40 /* 116 vars */) = -1 ENOENT (No such file or directory)
3420  execve("/home/runner/.local/bin/as", ["as", "-EL", "-mabi=lp64", "-o", "/tmp/ccvnFjUv.o", "/home/runner/work/_temp/chain/fo"...], 0x13bb5d40 /* 116 vars */) = -1 ENOENT (No such file or directory)
3420  execve("/opt/pipx_bin/as", ["as", "-EL", "-mabi=lp64", "-o", "/tmp/ccvnFjUv.o", "/home/runner/work/_temp/chain/fo"...], 0x13bb5d40 /* 116 vars */) = -1 ENOENT (No such file or directory)
3420  execve("/home/runner/.cargo/bin/as", ["as", "-EL", "-mabi=lp64", "-o", "/tmp/ccvnFjUv.o", "/home/runner/work/_temp/chain/fo"...], 0x13bb5d40 /* 116 vars */) = -1 ENOENT (No such file or directory)
3420  execve("/home/runner/.config/composer/vendor/bin/as", ["as", "-EL", "-mabi=lp64", "-o", "/tmp/ccvnFjUv.o", "/home/runner/work/_temp/chain/fo"...], 0x13bb5d40 /* 116 vars */) = -1 ENOENT (No such file or directory)
3420  execve("/home/runner/.dotnet/tools/as", ["as", "-EL", "-mabi=lp64", "-o", "/tmp/ccvnFjUv.o", "/home/runner/work/_temp/chain/fo"...], 0x13bb5d40 /* 116 vars */) = -1 ENOENT (No such file or directory)
3420  execve("/usr/local/sbin/as", ["as", "-EL", "-mabi=lp64", "-o", "/tmp/ccvnFjUv.o", "/home/runner/work/_temp/chain/fo"...], 0x13bb5d40 /* 116 vars */) = -1 ENOENT (No such file or directory)
3420  execve("/usr/local/bin/as", ["as", "-EL", "-mabi=lp64", "-o", "/tmp/ccvnFjUv.o", "/home/runner/work/_temp/chain/fo"...], 0x13bb5d40 /* 116 vars */) = -1 ENOENT (No such file or directory)
3420  execve("/usr/sbin/as", ["as", "-EL", "-mabi=lp64", "-o", "/tmp/ccvnFjUv.o", "/home/runner/work/_temp/chain/fo"...], 0x13bb5d40 /* 116 vars */) = -1 ENOENT (No such file or directory)
3420  execve("/usr/bin/as", ["as", "-EL", "-mabi=lp64", "-o", "/tmp/ccvnFjUv.o", "/home/runner/work/_temp/chain/fo"...], 0x13bb5d40 /* 116 vars */ <unfinished ...>
3419  <... clone resumed>)              = 3420
3420  <... execve resumed>)             = 0
3419  wait4(3420,  <unfinished ...>
3420  exit_group(0)                     = ?
3420  +++ exited with 0 +++
3419  <... wait4 resumed>[{WIFEXITED(s) && WEXITSTATUS(s) == 0}], 0, NULL) = 3420
3419  --- SIGCHLD {si_signo=SIGCHLD, si_code=CLD_EXITED, si_pid=3420, si_uid=1001, si_status=0, si_utime=8 /* 0.08 s */, si_stime=0} ---
3419  clone(child_stack=0xffffd3d38fd0, flags=CLONE_VM|CLONE_VFORK|SIGCHLD <unfinished ...>
3421  execve("/usr/libexec/gcc/aarch64-linux-gnu/13/collect2", ["/usr/libexec/gcc/aarch64-linux-g"..., "-plugin", "/usr/libexec/gcc/aarch64-linux-g"..., "-plugin-opt=/usr/libexec/gcc/aar"..., "-plugin-opt=-fresolution=/tmp/cc"..., "-plugin-opt=-pass-through=-lgcc", "-plugin-opt=-pass-through=-lgcc_"..., "-plugin-opt=-pass-through=-lc", "-plugin-opt=-pass-through=-lgcc", "-plugin-opt=-pass-through=-lgcc_"..., "--build-id", "--eh-frame-hdr", "--hash-style=gnu", "--as-needed", "-dynamic-linker", "/lib/ld-linux-aarch64.so.1", "-X", "-EL", "-maarch64linux", "--fix-cortex-a53-843419", "-pie", "-z", "now", "-fuse-ld=lld", "-z", "relro", "-o", "/home/runner/work/_temp/chain/fo"..., "/usr/lib/gcc/aarch64-linux-gnu/1"..., "/usr/lib/gcc/aarch64-linux-gnu/1"..., "/usr/lib/gcc/aarch64-linux-gnu/1"..., "-L/usr/lib/gcc/aarch64-linux-gnu"..., ...], 0x13bb6570 /* 118 vars */ <unfinished ...>
3419  <... clone resumed>)              = 3421
3421  <... execve resumed>)             = 0
3419  wait4(3421,  <unfinished ...>
3421  clone(child_stack=0xfffffda0e130, flags=CLONE_VM|CLONE_VFORK|SIGCHLD <unfinished ...>
3422  execve("/usr/bin/ld.lld", ["/usr/bin/ld.lld", "-plugin", "/usr/libexec/gcc/aarch64-linux-g"..., "-plugin-opt=/usr/libexec/gcc/aar"..., "-plugin-opt=-fresolution=/tmp/cc"..., "-plugin-opt=-pass-through=-lgcc", "-plugin-opt=-pass-through=-lgcc_"..., "-plugin-opt=-pass-through=-lc", "-plugin-opt=-pass-through=-lgcc", "-plugin-opt=-pass-through=-lgcc_"..., "--build-id", "--eh-frame-hdr", "--hash-style=gnu", "--as-needed", "-dynamic-linker", "/lib/ld-linux-aarch64.so.1", "-X", "-EL", "-maarch64linux", "--fix-cortex-a53-843419", "-pie", "-z", "now", "-z", "relro", "-o", "/home/runner/work/_temp/chain/fo"..., "/usr/lib/gcc/aarch64-linux-gnu/1"..., "/usr/lib/gcc/aarch64-linux-gnu/1"..., "/usr/lib/gcc/aarch64-linux-gnu/1"..., "-L/usr/lib/gcc/aarch64-linux-gnu"..., "-L/usr/lib/gcc/aarch64-linux-gnu"..., ...], 0xfffffda0e7f0 /* 118 vars */ <unfinished ...>
3421  <... clone resumed>)              = 3422
3422  <... execve resumed>)             = 0
3421  wait4(3422,  <unfinished ...>
3422  clone3({flags=CLONE_VM|CLONE_FS|CLONE_FILES|CLONE_SIGHAND|CLONE_THREAD|CLONE_SYSVSEM|CLONE_SETTLS|CLONE_PARENT_SETTID|CLONE_CHILD_CLEARTID, child_tid=0xff80b19ff050, parent_tid=0xff80b19ff050, exit_signal=0, stack=0xff80ad9f0000, stack_size=0x400e840, tls=0xff80b19ff6c0} => {parent_tid=[3423]}, 88) = 3423
3423  clone3({flags=CLONE_VM|CLONE_FS|CLONE_FILES|CLONE_SIGHAND|CLONE_THREAD|CLONE_SYSVSEM|CLONE_SETTLS|CLONE_PARENT_SETTID|CLONE_CHILD_CLEARTID, child_tid=0xff80a7fff050, parent_tid=0xff80a7fff050, exit_signal=0, stack=0xff80a3ff0000, stack_size=0x400e840, tls=0xff80a7fff6c0} => {parent_tid=[3424]}, 88) = 3424
3423  clone3({flags=CLONE_VM|CLONE_FS|CLONE_FILES|CLONE_SIGHAND|CLONE_THREAD|CLONE_SYSVSEM|CLONE_SETTLS|CLONE_PARENT_SETTID|CLONE_CHILD_CLEARTID, child_tid=0xff80a3fef050, parent_tid=0xff80a3fef050, exit_signal=0, stack=0xff809ffe0000, stack_size=0x400e840, tls=0xff80a3fef6c0} => {parent_tid=[3425]}, 88) = 3425
3423  clone3({flags=CLONE_VM|CLONE_FS|CLONE_FILES|CLONE_SIGHAND|CLONE_THREAD|CLONE_SYSVSEM|CLONE_SETTLS|CLONE_PARENT_SETTID|CLONE_CHILD_CLEARTID, child_tid=0xff8097fff050, parent_tid=0xff8097fff050, exit_signal=0, stack=0xff8093ff0000, stack_size=0x400e840, tls=0xff8097fff6c0} => {parent_tid=[3426]}, 88) = 3426
3426  exit(0 <unfinished ...>
3425  exit(0 <unfinished ...>
3424  exit(0 <unfinished ...>
3423  exit(0 <unfinished ...>
3422  exit_group(0 <unfinished ...>
3426  <... exit resumed>)               = ?
3425  <... exit resumed>)               = ?
3424  <... exit resumed>)               = ?
3423  <... exit resumed>)               = ?
3422  <... exit_group resumed>)         = ?
3425  +++ exited with 0 +++
3424  +++ exited with 0 +++
3423  +++ exited with 0 +++
3426  +++ exited with 0 +++
3422  +++ exited with 0 +++
3421  <... wait4 resumed>[{WIFEXITED(s) && WEXITSTATUS(s) == 0}], 0, NULL) = 3422
3421  --- SIGCHLD {si_signo=SIGCHLD, si_code=CLD_EXITED, si_pid=3422, si_uid=1001, si_status=0, si_utime=0, si_stime=1 /* 0.01 s */} ---
3421  exit_group(0)                     = ?
3421  +++ exited with 0 +++
3419  <... wait4 resumed>[{WIFEXITED(s) && WEXITSTATUS(s) == 0}], 0, NULL) = 3421
3419  --- SIGCHLD {si_signo=SIGCHLD, si_code=CLD_EXITED, si_pid=3421, si_uid=1001, si_status=0, si_utime=0, si_stime=0} ---
3419  exit_group(0)                     = ?
3419  +++ exited with 0 +++
3417  <... wait4 resumed>[{WIFEXITED(s) && WEXITSTATUS(s) == 0}], 0, NULL) = 3419
3417  --- SIGCHLD {si_signo=SIGCHLD, si_code=CLD_EXITED, si_pid=3419, si_uid=1001, si_status=0, si_utime=0, si_stime=0} ---
3417  exit_group(0)                     = ?
3417  +++ exited with 0 +++
