3455  execve("/home/runner/work/_temp/chain/fourth/compiler", ["/home/runner/work/_temp/chain/fo"..., "build", "compiler/gate4/src/compiler.trb", "--output", "/home/runner/work/_temp/chain/fi"..., "--qbe", "/home/runner/work/_temp/qbe-1.3/"..., "--cc", "/usr/bin/cc", "--target", "linux-arm64-v0"], 0xffffe6734d48 /* 111 vars */) = 0
3455  clone(child_stack=NULL, flags=CLONE_CHILD_CLEARTID|CLONE_CHILD_SETTID|SIGCHLD, child_tidptr=0xff06e7089f90) = 3457
3455  wait4(3457,  <unfinished ...>
3457  execve("/home/runner/work/_temp/qbe-1.3/qbe", ["/home/runner/work/_temp/qbe-1.3/"..., "-t", "arm64", "-o", "/home/runner/work/_temp/chain/fi"..., "/home/runner/work/_temp/chain/fi"...], 0xffffe8c00cf8 /* 111 vars */) = 0
3457  exit_group(0)                     = ?
3457  +++ exited with 0 +++
3455  <... wait4 resumed>[{WIFEXITED(s) && WEXITSTATUS(s) == 0}], 0, NULL) = 3457
3455  --- SIGCHLD {si_signo=SIGCHLD, si_code=CLD_EXITED, si_pid=3457, si_uid=1001, si_status=0, si_utime=20 /* 0.20 s */, si_stime=0} ---
3455  clone(child_stack=NULL, flags=CLONE_CHILD_CLEARTID|CLONE_CHILD_SETTID|SIGCHLD, child_tidptr=0xff06e7089f90) = 3458
3455  wait4(3458,  <unfinished ...>
3458  execve("/usr/bin/cc", ["/usr/bin/cc", "-xassembler", "/home/runner/work/_temp/chain/fi"..., "-fuse-ld=lld", "-Wl,--gc-sections,--strip-all", "-lm", "-o", "/home/runner/work/_temp/chain/fi"...], 0xffffe8c00cf8 /* 111 vars */) = 0
3458  clone(child_stack=0xffffdeb97c60, flags=CLONE_VM|CLONE_VFORK|SIGCHLD <unfinished ...>
3459  execve("/home/runner/go/bin/as", ["as", "-EL", "-mabi=lp64", "-o", "/tmp/ccZ2VG85.o", "/home/runner/work/_temp/chain/fi"...], 0x15967d40 /* 116 vars */) = -1 ENOENT (No such file or directory)
3459  execve("/opt/hostedtoolcache/go/1.27.0/arm64/bin/as", ["as", "-EL", "-mabi=lp64", "-o", "/tmp/ccZ2VG85.o", "/home/runner/work/_temp/chain/fi"...], 0x15967d40 /* 116 vars */) = -1 ENOENT (No such file or directory)
3459  execve("/snap/bin/as", ["as", "-EL", "-mabi=lp64", "-o", "/tmp/ccZ2VG85.o", "/home/runner/work/_temp/chain/fi"...], 0x15967d40 /* 116 vars */) = -1 ENOENT (No such file or directory)
3459  execve("/home/runner/.local/bin/as", ["as", "-EL", "-mabi=lp64", "-o", "/tmp/ccZ2VG85.o", "/home/runner/work/_temp/chain/fi"...], 0x15967d40 /* 116 vars */) = -1 ENOENT (No such file or directory)
3459  execve("/opt/pipx_bin/as", ["as", "-EL", "-mabi=lp64", "-o", "/tmp/ccZ2VG85.o", "/home/runner/work/_temp/chain/fi"...], 0x15967d40 /* 116 vars */) = -1 ENOENT (No such file or directory)
3459  execve("/home/runner/.cargo/bin/as", ["as", "-EL", "-mabi=lp64", "-o", "/tmp/ccZ2VG85.o", "/home/runner/work/_temp/chain/fi"...], 0x15967d40 /* 116 vars */) = -1 ENOENT (No such file or directory)
3459  execve("/home/runner/.config/composer/vendor/bin/as", ["as", "-EL", "-mabi=lp64", "-o", "/tmp/ccZ2VG85.o", "/home/runner/work/_temp/chain/fi"...], 0x15967d40 /* 116 vars */) = -1 ENOENT (No such file or directory)
3459  execve("/home/runner/.dotnet/tools/as", ["as", "-EL", "-mabi=lp64", "-o", "/tmp/ccZ2VG85.o", "/home/runner/work/_temp/chain/fi"...], 0x15967d40 /* 116 vars */) = -1 ENOENT (No such file or directory)
3459  execve("/usr/local/sbin/as", ["as", "-EL", "-mabi=lp64", "-o", "/tmp/ccZ2VG85.o", "/home/runner/work/_temp/chain/fi"...], 0x15967d40 /* 116 vars */) = -1 ENOENT (No such file or directory)
3459  execve("/usr/local/bin/as", ["as", "-EL", "-mabi=lp64", "-o", "/tmp/ccZ2VG85.o", "/home/runner/work/_temp/chain/fi"...], 0x15967d40 /* 116 vars */) = -1 ENOENT (No such file or directory)
3459  execve("/usr/sbin/as", ["as", "-EL", "-mabi=lp64", "-o", "/tmp/ccZ2VG85.o", "/home/runner/work/_temp/chain/fi"...], 0x15967d40 /* 116 vars */) = -1 ENOENT (No such file or directory)
3459  execve("/usr/bin/as", ["as", "-EL", "-mabi=lp64", "-o", "/tmp/ccZ2VG85.o", "/home/runner/work/_temp/chain/fi"...], 0x15967d40 /* 116 vars */ <unfinished ...>
3458  <... clone resumed>)              = 3459
3459  <... execve resumed>)             = 0
3458  wait4(3459,  <unfinished ...>
3459  exit_group(0)                     = ?
3459  +++ exited with 0 +++
3458  <... wait4 resumed>[{WIFEXITED(s) && WEXITSTATUS(s) == 0}], 0, NULL) = 3459
3458  --- SIGCHLD {si_signo=SIGCHLD, si_code=CLD_EXITED, si_pid=3459, si_uid=1001, si_status=0, si_utime=8 /* 0.08 s */, si_stime=0} ---
3458  clone(child_stack=0xffffdeb96da0, flags=CLONE_VM|CLONE_VFORK|SIGCHLD <unfinished ...>
3460  execve("/usr/libexec/gcc/aarch64-linux-gnu/13/collect2", ["/usr/libexec/gcc/aarch64-linux-g"..., "-plugin", "/usr/libexec/gcc/aarch64-linux-g"..., "-plugin-opt=/usr/libexec/gcc/aar"..., "-plugin-opt=-fresolution=/tmp/cc"..., "-plugin-opt=-pass-through=-lgcc", "-plugin-opt=-pass-through=-lgcc_"..., "-plugin-opt=-pass-through=-lc", "-plugin-opt=-pass-through=-lgcc", "-plugin-opt=-pass-through=-lgcc_"..., "--build-id", "--eh-frame-hdr", "--hash-style=gnu", "--as-needed", "-dynamic-linker", "/lib/ld-linux-aarch64.so.1", "-X", "-EL", "-maarch64linux", "--fix-cortex-a53-843419", "-pie", "-z", "now", "-fuse-ld=lld", "-z", "relro", "-o", "/home/runner/work/_temp/chain/fi"..., "/usr/lib/gcc/aarch64-linux-gnu/1"..., "/usr/lib/gcc/aarch64-linux-gnu/1"..., "/usr/lib/gcc/aarch64-linux-gnu/1"..., "-L/usr/lib/gcc/aarch64-linux-gnu"..., ...], 0x15968570 /* 118 vars */ <unfinished ...>
3458  <... clone resumed>)              = 3460
3460  <... execve resumed>)             = 0
3458  wait4(3460,  <unfinished ...>
3460  clone(child_stack=0xffffcc775bc0, flags=CLONE_VM|CLONE_VFORK|SIGCHLD <unfinished ...>
3461  execve("/usr/bin/ld.lld", ["/usr/bin/ld.lld", "-plugin", "/usr/libexec/gcc/aarch64-linux-g"..., "-plugin-opt=/usr/libexec/gcc/aar"..., "-plugin-opt=-fresolution=/tmp/cc"..., "-plugin-opt=-pass-through=-lgcc", "-plugin-opt=-pass-through=-lgcc_"..., "-plugin-opt=-pass-through=-lc", "-plugin-opt=-pass-through=-lgcc", "-plugin-opt=-pass-through=-lgcc_"..., "--build-id", "--eh-frame-hdr", "--hash-style=gnu", "--as-needed", "-dynamic-linker", "/lib/ld-linux-aarch64.so.1", "-X", "-EL", "-maarch64linux", "--fix-cortex-a53-843419", "-pie", "-z", "now", "-z", "relro", "-o", "/home/runner/work/_temp/chain/fi"..., "/usr/lib/gcc/aarch64-linux-gnu/1"..., "/usr/lib/gcc/aarch64-linux-gnu/1"..., "/usr/lib/gcc/aarch64-linux-gnu/1"..., "-L/usr/lib/gcc/aarch64-linux-gnu"..., "-L/usr/lib/gcc/aarch64-linux-gnu"..., ...], 0xffffcc776280 /* 118 vars */ <unfinished ...>
3460  <... clone resumed>)              = 3461
3461  <... execve resumed>)             = 0
3460  wait4(3461,  <unfinished ...>
3461  clone3({flags=CLONE_VM|CLONE_FS|CLONE_FILES|CLONE_SIGHAND|CLONE_THREAD|CLONE_SYSVSEM|CLONE_SETTLS|CLONE_PARENT_SETTID|CLONE_CHILD_CLEARTID, child_tid=0xffa99f7ff050, parent_tid=0xffa99f7ff050, exit_signal=0, stack=0xffa99b7f0000, stack_size=0x400e840, tls=0xffa99f7ff6c0} => {parent_tid=[3462]}, 88) = 3462
3462  clone3({flags=CLONE_VM|CLONE_FS|CLONE_FILES|CLONE_SIGHAND|CLONE_THREAD|CLONE_SYSVSEM|CLONE_SETTLS|CLONE_PARENT_SETTID|CLONE_CHILD_CLEARTID, child_tid=0xffa993fff050, parent_tid=0xffa993fff050, exit_signal=0, stack=0xffa98fff0000, stack_size=0x400e840, tls=0xffa993fff6c0} => {parent_tid=[3463]}, 88) = 3463
3462  clone3({flags=CLONE_VM|CLONE_FS|CLONE_FILES|CLONE_SIGHAND|CLONE_THREAD|CLONE_SYSVSEM|CLONE_SETTLS|CLONE_PARENT_SETTID|CLONE_CHILD_CLEARTID, child_tid=0xffa98ffef050, parent_tid=0xffa98ffef050, exit_signal=0, stack=0xffa98bfe0000, stack_size=0x400e840, tls=0xffa98ffef6c0} => {parent_tid=[3464]}, 88) = 3464
3462  clone3({flags=CLONE_VM|CLONE_FS|CLONE_FILES|CLONE_SIGHAND|CLONE_THREAD|CLONE_SYSVSEM|CLONE_SETTLS|CLONE_PARENT_SETTID|CLONE_CHILD_CLEARTID, child_tid=0xffa983fff050, parent_tid=0xffa983fff050, exit_signal=0, stack=0xffa97fff0000, stack_size=0x400e840, tls=0xffa983fff6c0} => {parent_tid=[3465]}, 88) = 3465
3461  exit_group(0 <unfinished ...>
3465  ???( <unfinished ...>
3464  ???( <unfinished ...>
3461  <... exit_group resumed>)         = ?
3464  +++ exited with 0 +++
3463  +++ exited with 0 +++
3462  +++ exited with 0 +++
3465  +++ exited with 0 +++
3461  +++ exited with 0 +++
3460  <... wait4 resumed>[{WIFEXITED(s) && WEXITSTATUS(s) == 0}], 0, NULL) = 3461
3460  --- SIGCHLD {si_signo=SIGCHLD, si_code=CLD_EXITED, si_pid=3461, si_uid=1001, si_status=0, si_utime=0, si_stime=1 /* 0.01 s */} ---
3460  exit_group(0)                     = ?
3460  +++ exited with 0 +++
3458  <... wait4 resumed>[{WIFEXITED(s) && WEXITSTATUS(s) == 0}], 0, NULL) = 3460
3458  --- SIGCHLD {si_signo=SIGCHLD, si_code=CLD_EXITED, si_pid=3460, si_uid=1001, si_status=0, si_utime=0, si_stime=0} ---
3458  exit_group(0)                     = ?
3458  +++ exited with 0 +++
3455  <... wait4 resumed>[{WIFEXITED(s) && WEXITSTATUS(s) == 0}], 0, NULL) = 3458
3455  --- SIGCHLD {si_signo=SIGCHLD, si_code=CLD_EXITED, si_pid=3458, si_uid=1001, si_status=0, si_utime=0, si_stime=0} ---
3455  exit_group(0)                     = ?
3455  +++ exited with 0 +++
