3343  execve("/home/runner/work/_temp/chain/first/compiler", ["/home/runner/work/_temp/chain/fi"..., "build", "compiler/gate4/src/compiler.trb", "--output", "/home/runner/work/_temp/chain/se"..., "--qbe", "/home/runner/work/_temp/qbe-1.3/"..., "--cc", "/usr/bin/cc", "--target", "linux-arm64-v0"], 0xfffff1977668 /* 111 vars */) = 0
3343  clone(child_stack=NULL, flags=CLONE_CHILD_CLEARTID|CLONE_CHILD_SETTID|SIGCHLD, child_tidptr=0xfff8e68a3f90) = 3344
3343  wait4(3344,  <unfinished ...>
3344  execve("/home/runner/work/_temp/qbe-1.3/qbe", ["/home/runner/work/_temp/qbe-1.3/"..., "-t", "arm64", "-o", "/home/runner/work/_temp/chain/se"..., "/home/runner/work/_temp/chain/se"...], 0xffffc331ed28 /* 111 vars */) = 0
3344  exit_group(0)                     = ?
3344  +++ exited with 0 +++
3343  <... wait4 resumed>[{WIFEXITED(s) && WEXITSTATUS(s) == 0}], 0, NULL) = 3344
3343  --- SIGCHLD {si_signo=SIGCHLD, si_code=CLD_EXITED, si_pid=3344, si_uid=1001, si_status=0, si_utime=19 /* 0.19 s */, si_stime=0} ---
3343  clone(child_stack=NULL, flags=CLONE_CHILD_CLEARTID|CLONE_CHILD_SETTID|SIGCHLD, child_tidptr=0xfff8e68a3f90) = 3345
3343  wait4(3345,  <unfinished ...>
3345  execve("/usr/bin/cc", ["/usr/bin/cc", "-xassembler", "/home/runner/work/_temp/chain/se"..., "-Wl,--gc-sections,--strip-all", "-o", "/home/runner/work/_temp/chain/se"...], 0xffffc331ed28 /* 111 vars */) = 0
3345  clone(child_stack=0xffffd5476850, flags=CLONE_VM|CLONE_VFORK|SIGCHLD <unfinished ...>
3346  execve("/home/runner/go/bin/as", ["as", "-EL", "-mabi=lp64", "-o", "/tmp/cczUzjcZ.o", "/home/runner/work/_temp/chain/se"...], 0xd1b3c10 /* 116 vars */) = -1 ENOENT (No such file or directory)
3346  execve("/opt/hostedtoolcache/go/1.27.0/arm64/bin/as", ["as", "-EL", "-mabi=lp64", "-o", "/tmp/cczUzjcZ.o", "/home/runner/work/_temp/chain/se"...], 0xd1b3c10 /* 116 vars */) = -1 ENOENT (No such file or directory)
3346  execve("/snap/bin/as", ["as", "-EL", "-mabi=lp64", "-o", "/tmp/cczUzjcZ.o", "/home/runner/work/_temp/chain/se"...], 0xd1b3c10 /* 116 vars */) = -1 ENOENT (No such file or directory)
3346  execve("/home/runner/.local/bin/as", ["as", "-EL", "-mabi=lp64", "-o", "/tmp/cczUzjcZ.o", "/home/runner/work/_temp/chain/se"...], 0xd1b3c10 /* 116 vars */) = -1 ENOENT (No such file or directory)
3346  execve("/opt/pipx_bin/as", ["as", "-EL", "-mabi=lp64", "-o", "/tmp/cczUzjcZ.o", "/home/runner/work/_temp/chain/se"...], 0xd1b3c10 /* 116 vars */) = -1 ENOENT (No such file or directory)
3346  execve("/home/runner/.cargo/bin/as", ["as", "-EL", "-mabi=lp64", "-o", "/tmp/cczUzjcZ.o", "/home/runner/work/_temp/chain/se"...], 0xd1b3c10 /* 116 vars */) = -1 ENOENT (No such file or directory)
3346  execve("/home/runner/.config/composer/vendor/bin/as", ["as", "-EL", "-mabi=lp64", "-o", "/tmp/cczUzjcZ.o", "/home/runner/work/_temp/chain/se"...], 0xd1b3c10 /* 116 vars */) = -1 ENOENT (No such file or directory)
3346  execve("/home/runner/.dotnet/tools/as", ["as", "-EL", "-mabi=lp64", "-o", "/tmp/cczUzjcZ.o", "/home/runner/work/_temp/chain/se"...], 0xd1b3c10 /* 116 vars */) = -1 ENOENT (No such file or directory)
3346  execve("/usr/local/sbin/as", ["as", "-EL", "-mabi=lp64", "-o", "/tmp/cczUzjcZ.o", "/home/runner/work/_temp/chain/se"...], 0xd1b3c10 /* 116 vars */) = -1 ENOENT (No such file or directory)
3346  execve("/usr/local/bin/as", ["as", "-EL", "-mabi=lp64", "-o", "/tmp/cczUzjcZ.o", "/home/runner/work/_temp/chain/se"...], 0xd1b3c10 /* 116 vars */) = -1 ENOENT (No such file or directory)
3346  execve("/usr/sbin/as", ["as", "-EL", "-mabi=lp64", "-o", "/tmp/cczUzjcZ.o", "/home/runner/work/_temp/chain/se"...], 0xd1b3c10 /* 116 vars */) = -1 ENOENT (No such file or directory)
3346  execve("/usr/bin/as", ["as", "-EL", "-mabi=lp64", "-o", "/tmp/cczUzjcZ.o", "/home/runner/work/_temp/chain/se"...], 0xd1b3c10 /* 116 vars */ <unfinished ...>
3345  <... clone resumed>)              = 3346
3346  <... execve resumed>)             = 0
3345  wait4(3346,  <unfinished ...>
3346  exit_group(0)                     = ?
3346  +++ exited with 0 +++
3345  <... wait4 resumed>[{WIFEXITED(s) && WEXITSTATUS(s) == 0}], 0, NULL) = 3346
3345  --- SIGCHLD {si_signo=SIGCHLD, si_code=CLD_EXITED, si_pid=3346, si_uid=1001, si_status=0, si_utime=8 /* 0.08 s */, si_stime=0} ---
3345  clone(child_stack=0xffffd5475990, flags=CLONE_VM|CLONE_VFORK|SIGCHLD <unfinished ...>
3347  execve("/usr/libexec/gcc/aarch64-linux-gnu/13/collect2", ["/usr/libexec/gcc/aarch64-linux-g"..., "-plugin", "/usr/libexec/gcc/aarch64-linux-g"..., "-plugin-opt=/usr/libexec/gcc/aar"..., "-plugin-opt=-fresolution=/tmp/cc"..., "-plugin-opt=-pass-through=-lgcc", "-plugin-opt=-pass-through=-lgcc_"..., "-plugin-opt=-pass-through=-lc", "-plugin-opt=-pass-through=-lgcc", "-plugin-opt=-pass-through=-lgcc_"..., "--build-id", "--eh-frame-hdr", "--hash-style=gnu", "--as-needed", "-dynamic-linker", "/lib/ld-linux-aarch64.so.1", "-X", "-EL", "-maarch64linux", "--fix-cortex-a53-843419", "-pie", "-z", "now", "-z", "relro", "-o", "/home/runner/work/_temp/chain/se"..., "/usr/lib/gcc/aarch64-linux-gnu/1"..., "/usr/lib/gcc/aarch64-linux-gnu/1"..., "/usr/lib/gcc/aarch64-linux-gnu/1"..., "-L/usr/lib/gcc/aarch64-linux-gnu"..., "-L/usr/lib/gcc/aarch64-linux-gnu"..., ...], 0xd1b43b0 /* 118 vars */ <unfinished ...>
3345  <... clone resumed>)              = 3347
3347  <... execve resumed>)             = 0
3345  wait4(3347,  <unfinished ...>
3347  clone(child_stack=0xffffd02f9c80, flags=CLONE_VM|CLONE_VFORK|SIGCHLD <unfinished ...>
3348  execve("/usr/bin/ld", ["/usr/bin/ld", "-plugin", "/usr/libexec/gcc/aarch64-linux-g"..., "-plugin-opt=/usr/libexec/gcc/aar"..., "-plugin-opt=-fresolution=/tmp/cc"..., "-plugin-opt=-pass-through=-lgcc", "-plugin-opt=-pass-through=-lgcc_"..., "-plugin-opt=-pass-through=-lc", "-plugin-opt=-pass-through=-lgcc", "-plugin-opt=-pass-through=-lgcc_"..., "--build-id", "--eh-frame-hdr", "--hash-style=gnu", "--as-needed", "-dynamic-linker", "/lib/ld-linux-aarch64.so.1", "-X", "-EL", "-maarch64linux", "--fix-cortex-a53-843419", "-pie", "-z", "now", "-z", "relro", "-o", "/home/runner/work/_temp/chain/se"..., "/usr/lib/gcc/aarch64-linux-gnu/1"..., "/usr/lib/gcc/aarch64-linux-gnu/1"..., "/usr/lib/gcc/aarch64-linux-gnu/1"..., "-L/usr/lib/gcc/aarch64-linux-gnu"..., "-L/usr/lib/gcc/aarch64-linux-gnu"..., ...], 0xffffd02fa330 /* 118 vars */ <unfinished ...>
3347  <... clone resumed>)              = 3348
3348  <... execve resumed>)             = 0
3347  wait4(3348,  <unfinished ...>
3348  exit_group(0)                     = ?
3348  +++ exited with 0 +++
3347  <... wait4 resumed>[{WIFEXITED(s) && WEXITSTATUS(s) == 0}], 0, NULL) = 3348
3347  --- SIGCHLD {si_signo=SIGCHLD, si_code=CLD_EXITED, si_pid=3348, si_uid=1001, si_status=0, si_utime=1 /* 0.01 s */, si_stime=1 /* 0.01 s */} ---
3347  exit_group(0)                     = ?
3347  +++ exited with 0 +++
3345  <... wait4 resumed>[{WIFEXITED(s) && WEXITSTATUS(s) == 0}], 0, NULL) = 3347
3345  --- SIGCHLD {si_signo=SIGCHLD, si_code=CLD_EXITED, si_pid=3347, si_uid=1001, si_status=0, si_utime=0, si_stime=0} ---
3345  exit_group(0)                     = ?
3345  +++ exited with 0 +++
3343  <... wait4 resumed>[{WIFEXITED(s) && WEXITSTATUS(s) == 0}], 0, NULL) = 3345
3343  --- SIGCHLD {si_signo=SIGCHLD, si_code=CLD_EXITED, si_pid=3345, si_uid=1001, si_status=0, si_utime=0, si_stime=0} ---
3343  exit_group(0)                     = ?
3343  +++ exited with 0 +++
