3308  execve("/home/runner/work/_temp/release/type-rb-native-bootstrap-linux-arm64", ["/home/runner/work/_temp/release/"..., "build", "compiler/gate4/src/compiler.trb", "--output", "/home/runner/work/_temp/chain/fi"..., "--qbe", "/home/runner/work/_temp/qbe-1.3/"..., "--cc", "/usr/bin/cc", "--target", "linux-arm64-v0"], 0xffffd918c1f8 /* 111 vars */) = 0
3308  clone(child_stack=NULL, flags=CLONE_CHILD_CLEARTID|CLONE_CHILD_SETTID|SIGCHLD, child_tidptr=0xff152304bf90) = 3309
3308  wait4(3309,  <unfinished ...>
3309  execve("/home/runner/work/_temp/qbe-1.3/qbe", ["/home/runner/work/_temp/qbe-1.3/"..., "-t", "arm64", "-o", "/home/runner/work/_temp/chain/fi"..., "/home/runner/work/_temp/chain/fi"...], 0xffffd7ac1fa8 /* 111 vars */) = 0
3309  exit_group(0)                     = ?
3309  +++ exited with 0 +++
3308  <... wait4 resumed>[{WIFEXITED(s) && WEXITSTATUS(s) == 0}], 0, NULL) = 3309
3308  --- SIGCHLD {si_signo=SIGCHLD, si_code=CLD_EXITED, si_pid=3309, si_uid=1001, si_status=0, si_utime=17 /* 0.17 s */, si_stime=0} ---
3308  clone(child_stack=NULL, flags=CLONE_CHILD_CLEARTID|CLONE_CHILD_SETTID|SIGCHLD, child_tidptr=0xff152304bf90) = 3310
3308  wait4(3310,  <unfinished ...>
3310  execve("/usr/bin/cc", ["/usr/bin/cc", "-xassembler", "/home/runner/work/_temp/chain/fi"..., "-Wl,--gc-sections,--strip-all", "-o", "/home/runner/work/_temp/chain/fi"...], 0xffffd7ac1fa8 /* 111 vars */) = 0
3310  clone(child_stack=0xffffcd5dfed0, flags=CLONE_VM|CLONE_VFORK|SIGCHLD <unfinished ...>
3311  execve("/home/runner/go/bin/as", ["as", "-EL", "-mabi=lp64", "-o", "/tmp/ccopxO5h.o", "/home/runner/work/_temp/chain/fi"...], 0x1c9ccc10 /* 116 vars */) = -1 ENOENT (No such file or directory)
3311  execve("/opt/hostedtoolcache/go/1.27.0/arm64/bin/as", ["as", "-EL", "-mabi=lp64", "-o", "/tmp/ccopxO5h.o", "/home/runner/work/_temp/chain/fi"...], 0x1c9ccc10 /* 116 vars */) = -1 ENOENT (No such file or directory)
3311  execve("/snap/bin/as", ["as", "-EL", "-mabi=lp64", "-o", "/tmp/ccopxO5h.o", "/home/runner/work/_temp/chain/fi"...], 0x1c9ccc10 /* 116 vars */) = -1 ENOENT (No such file or directory)
3311  execve("/home/runner/.local/bin/as", ["as", "-EL", "-mabi=lp64", "-o", "/tmp/ccopxO5h.o", "/home/runner/work/_temp/chain/fi"...], 0x1c9ccc10 /* 116 vars */) = -1 ENOENT (No such file or directory)
3311  execve("/opt/pipx_bin/as", ["as", "-EL", "-mabi=lp64", "-o", "/tmp/ccopxO5h.o", "/home/runner/work/_temp/chain/fi"...], 0x1c9ccc10 /* 116 vars */) = -1 ENOENT (No such file or directory)
3311  execve("/home/runner/.cargo/bin/as", ["as", "-EL", "-mabi=lp64", "-o", "/tmp/ccopxO5h.o", "/home/runner/work/_temp/chain/fi"...], 0x1c9ccc10 /* 116 vars */) = -1 ENOENT (No such file or directory)
3311  execve("/home/runner/.config/composer/vendor/bin/as", ["as", "-EL", "-mabi=lp64", "-o", "/tmp/ccopxO5h.o", "/home/runner/work/_temp/chain/fi"...], 0x1c9ccc10 /* 116 vars */) = -1 ENOENT (No such file or directory)
3311  execve("/home/runner/.dotnet/tools/as", ["as", "-EL", "-mabi=lp64", "-o", "/tmp/ccopxO5h.o", "/home/runner/work/_temp/chain/fi"...], 0x1c9ccc10 /* 116 vars */) = -1 ENOENT (No such file or directory)
3311  execve("/usr/local/sbin/as", ["as", "-EL", "-mabi=lp64", "-o", "/tmp/ccopxO5h.o", "/home/runner/work/_temp/chain/fi"...], 0x1c9ccc10 /* 116 vars */) = -1 ENOENT (No such file or directory)
3311  execve("/usr/local/bin/as", ["as", "-EL", "-mabi=lp64", "-o", "/tmp/ccopxO5h.o", "/home/runner/work/_temp/chain/fi"...], 0x1c9ccc10 /* 116 vars */) = -1 ENOENT (No such file or directory)
3311  execve("/usr/sbin/as", ["as", "-EL", "-mabi=lp64", "-o", "/tmp/ccopxO5h.o", "/home/runner/work/_temp/chain/fi"...], 0x1c9ccc10 /* 116 vars */) = -1 ENOENT (No such file or directory)
3311  execve("/usr/bin/as", ["as", "-EL", "-mabi=lp64", "-o", "/tmp/ccopxO5h.o", "/home/runner/work/_temp/chain/fi"...], 0x1c9ccc10 /* 116 vars */ <unfinished ...>
3310  <... clone resumed>)              = 3311
3311  <... execve resumed>)             = 0
3310  wait4(3311,  <unfinished ...>
3311  exit_group(0)                     = ?
3311  +++ exited with 0 +++
3310  <... wait4 resumed>[{WIFEXITED(s) && WEXITSTATUS(s) == 0}], 0, NULL) = 3311
3310  --- SIGCHLD {si_signo=SIGCHLD, si_code=CLD_EXITED, si_pid=3311, si_uid=1001, si_status=0, si_utime=7 /* 0.07 s */, si_stime=0} ---
3310  clone(child_stack=0xffffcd5df010, flags=CLONE_VM|CLONE_VFORK|SIGCHLD <unfinished ...>
3312  execve("/usr/libexec/gcc/aarch64-linux-gnu/13/collect2", ["/usr/libexec/gcc/aarch64-linux-g"..., "-plugin", "/usr/libexec/gcc/aarch64-linux-g"..., "-plugin-opt=/usr/libexec/gcc/aar"..., "-plugin-opt=-fresolution=/tmp/cc"..., "-plugin-opt=-pass-through=-lgcc", "-plugin-opt=-pass-through=-lgcc_"..., "-plugin-opt=-pass-through=-lc", "-plugin-opt=-pass-through=-lgcc", "-plugin-opt=-pass-through=-lgcc_"..., "--build-id", "--eh-frame-hdr", "--hash-style=gnu", "--as-needed", "-dynamic-linker", "/lib/ld-linux-aarch64.so.1", "-X", "-EL", "-maarch64linux", "--fix-cortex-a53-843419", "-pie", "-z", "now", "-z", "relro", "-o", "/home/runner/work/_temp/chain/fi"..., "/usr/lib/gcc/aarch64-linux-gnu/1"..., "/usr/lib/gcc/aarch64-linux-gnu/1"..., "/usr/lib/gcc/aarch64-linux-gnu/1"..., "-L/usr/lib/gcc/aarch64-linux-gnu"..., "-L/usr/lib/gcc/aarch64-linux-gnu"..., ...], 0x1c9cd3b0 /* 118 vars */ <unfinished ...>
3310  <... clone resumed>)              = 3312
3312  <... execve resumed>)             = 0
3310  wait4(3312,  <unfinished ...>
3312  clone(child_stack=0xfffffe2c1cb0, flags=CLONE_VM|CLONE_VFORK|SIGCHLD <unfinished ...>
3313  execve("/usr/bin/ld", ["/usr/bin/ld", "-plugin", "/usr/libexec/gcc/aarch64-linux-g"..., "-plugin-opt=/usr/libexec/gcc/aar"..., "-plugin-opt=-fresolution=/tmp/cc"..., "-plugin-opt=-pass-through=-lgcc", "-plugin-opt=-pass-through=-lgcc_"..., "-plugin-opt=-pass-through=-lc", "-plugin-opt=-pass-through=-lgcc", "-plugin-opt=-pass-through=-lgcc_"..., "--build-id", "--eh-frame-hdr", "--hash-style=gnu", "--as-needed", "-dynamic-linker", "/lib/ld-linux-aarch64.so.1", "-X", "-EL", "-maarch64linux", "--fix-cortex-a53-843419", "-pie", "-z", "now", "-z", "relro", "-o", "/home/runner/work/_temp/chain/fi"..., "/usr/lib/gcc/aarch64-linux-gnu/1"..., "/usr/lib/gcc/aarch64-linux-gnu/1"..., "/usr/lib/gcc/aarch64-linux-gnu/1"..., "-L/usr/lib/gcc/aarch64-linux-gnu"..., "-L/usr/lib/gcc/aarch64-linux-gnu"..., ...], 0xfffffe2c2360 /* 118 vars */ <unfinished ...>
3312  <... clone resumed>)              = 3313
3313  <... execve resumed>)             = 0
3312  wait4(3313,  <unfinished ...>
3313  exit_group(0)                     = ?
3313  +++ exited with 0 +++
3312  <... wait4 resumed>[{WIFEXITED(s) && WEXITSTATUS(s) == 0}], 0, NULL) = 3313
3312  --- SIGCHLD {si_signo=SIGCHLD, si_code=CLD_EXITED, si_pid=3313, si_uid=1001, si_status=0, si_utime=1 /* 0.01 s */, si_stime=1 /* 0.01 s */} ---
3312  exit_group(0)                     = ?
3312  +++ exited with 0 +++
3310  <... wait4 resumed>[{WIFEXITED(s) && WEXITSTATUS(s) == 0}], 0, NULL) = 3312
3310  --- SIGCHLD {si_signo=SIGCHLD, si_code=CLD_EXITED, si_pid=3312, si_uid=1001, si_status=0, si_utime=0, si_stime=0} ---
3310  exit_group(0)                     = ?
3310  +++ exited with 0 +++
3308  <... wait4 resumed>[{WIFEXITED(s) && WEXITSTATUS(s) == 0}], 0, NULL) = 3310
3308  --- SIGCHLD {si_signo=SIGCHLD, si_code=CLD_EXITED, si_pid=3310, si_uid=1001, si_status=0, si_utime=0, si_stime=0} ---
3308  exit_group(0)                     = ?
3308  +++ exited with 0 +++
