10631 execve("/home/runner/work/_temp/candidate-compiler", ["/home/runner/work/_temp/candidat"..., "build", "/home/runner/work/type-rb-native"..., "--output", "/home/runner/work/_temp/build-wo"..., "--qbe", "/home/runner/work/_temp/qbe-1.3/"..., "--cc", "/usr/bin/cc", "--target", "linux-arm64-v0"], 0xffffd91f0ca8 /* 115 vars */) = 0
10631 clone(child_stack=NULL, flags=CLONE_CHILD_CLEARTID|CLONE_CHILD_SETTID|SIGCHLD, child_tidptr=0xff32ef05ff90) = 10632
10631 wait4(10632,  <unfinished ...>
10632 execve("/home/runner/work/_temp/qbe-1.3/qbe", ["/home/runner/work/_temp/qbe-1.3/"..., "-t", "arm64", "-o", "/home/runner/work/_temp/build-wo"..., "/home/runner/work/_temp/build-wo"...], 0xffffd7627d28 /* 115 vars */) = 0
10632 exit_group(0)                     = ?
10632 +++ exited with 0 +++
10631 <... wait4 resumed>[{WIFEXITED(s) && WEXITSTATUS(s) == 0}], 0, NULL) = 10632
10631 --- SIGCHLD {si_signo=SIGCHLD, si_code=CLD_EXITED, si_pid=10632, si_uid=1001, si_status=0, si_utime=1 /* 0.01 s */, si_stime=0} ---
10631 clone(child_stack=NULL, flags=CLONE_CHILD_CLEARTID|CLONE_CHILD_SETTID|SIGCHLD, child_tidptr=0xff32ef05ff90) = 10633
10631 wait4(10633,  <unfinished ...>
10633 execve("/usr/bin/cc", ["/usr/bin/cc", "-xassembler", "/home/runner/work/_temp/build-wo"..., "-fuse-ld=lld", "-Wl,--gc-sections,--strip-all,--"..., "-lm", "-o", "/home/runner/work/_temp/build-wo"...], 0xffffd7627d28 /* 115 vars */) = 0
10633 clone(child_stack=0xffffcaeb00b0, flags=CLONE_VM|CLONE_VFORK|SIGCHLD <unfinished ...>
10634 execve("/home/runner/go/bin/as", ["as", "-EL", "-mabi=lp64", "-o", "/tmp/ccL1uX3U.o", "/home/runner/work/_temp/build-wo"...], 0x90a5da0 /* 120 vars */) = -1 ENOENT (No such file or directory)
10634 execve("/opt/hostedtoolcache/go/1.27.1/arm64/bin/as", ["as", "-EL", "-mabi=lp64", "-o", "/tmp/ccL1uX3U.o", "/home/runner/work/_temp/build-wo"...], 0x90a5da0 /* 120 vars */) = -1 ENOENT (No such file or directory)
10634 execve("/snap/bin/as", ["as", "-EL", "-mabi=lp64", "-o", "/tmp/ccL1uX3U.o", "/home/runner/work/_temp/build-wo"...], 0x90a5da0 /* 120 vars */) = -1 ENOENT (No such file or directory)
10634 execve("/home/runner/.local/bin/as", ["as", "-EL", "-mabi=lp64", "-o", "/tmp/ccL1uX3U.o", "/home/runner/work/_temp/build-wo"...], 0x90a5da0 /* 120 vars */) = -1 ENOENT (No such file or directory)
10634 execve("/opt/pipx_bin/as", ["as", "-EL", "-mabi=lp64", "-o", "/tmp/ccL1uX3U.o", "/home/runner/work/_temp/build-wo"...], 0x90a5da0 /* 120 vars */) = -1 ENOENT (No such file or directory)
10634 execve("/home/runner/.cargo/bin/as", ["as", "-EL", "-mabi=lp64", "-o", "/tmp/ccL1uX3U.o", "/home/runner/work/_temp/build-wo"...], 0x90a5da0 /* 120 vars */) = -1 ENOENT (No such file or directory)
10634 execve("/home/runner/.config/composer/vendor/bin/as", ["as", "-EL", "-mabi=lp64", "-o", "/tmp/ccL1uX3U.o", "/home/runner/work/_temp/build-wo"...], 0x90a5da0 /* 120 vars */) = -1 ENOENT (No such file or directory)
10634 execve("/home/runner/.dotnet/tools/as", ["as", "-EL", "-mabi=lp64", "-o", "/tmp/ccL1uX3U.o", "/home/runner/work/_temp/build-wo"...], 0x90a5da0 /* 120 vars */) = -1 ENOENT (No such file or directory)
10634 execve("/usr/local/sbin/as", ["as", "-EL", "-mabi=lp64", "-o", "/tmp/ccL1uX3U.o", "/home/runner/work/_temp/build-wo"...], 0x90a5da0 /* 120 vars */) = -1 ENOENT (No such file or directory)
10634 execve("/usr/local/bin/as", ["as", "-EL", "-mabi=lp64", "-o", "/tmp/ccL1uX3U.o", "/home/runner/work/_temp/build-wo"...], 0x90a5da0 /* 120 vars */) = -1 ENOENT (No such file or directory)
10634 execve("/usr/sbin/as", ["as", "-EL", "-mabi=lp64", "-o", "/tmp/ccL1uX3U.o", "/home/runner/work/_temp/build-wo"...], 0x90a5da0 /* 120 vars */) = -1 ENOENT (No such file or directory)
10634 execve("/usr/bin/as", ["as", "-EL", "-mabi=lp64", "-o", "/tmp/ccL1uX3U.o", "/home/runner/work/_temp/build-wo"...], 0x90a5da0 /* 120 vars */ <unfinished ...>
10633 <... clone resumed>)              = 10634
10633 wait4(10634,  <unfinished ...>
10634 <... execve resumed>)             = 0
10634 exit_group(0)                     = ?
10634 +++ exited with 0 +++
10633 <... wait4 resumed>[{WIFEXITED(s) && WEXITSTATUS(s) == 0}], 0, NULL) = 10634
10633 --- SIGCHLD {si_signo=SIGCHLD, si_code=CLD_EXITED, si_pid=10634, si_uid=1001, si_status=0, si_utime=0, si_stime=0} ---
10633 clone(child_stack=0xffffcaeaf1f0, flags=CLONE_VM|CLONE_VFORK|SIGCHLD <unfinished ...>
10635 execve("/usr/libexec/gcc/aarch64-linux-gnu/13/collect2", ["/usr/libexec/gcc/aarch64-linux-g"..., "-plugin", "/usr/libexec/gcc/aarch64-linux-g"..., "-plugin-opt=/usr/libexec/gcc/aar"..., "-plugin-opt=-fresolution=/tmp/cc"..., "-plugin-opt=-pass-through=-lgcc", "-plugin-opt=-pass-through=-lgcc_"..., "-plugin-opt=-pass-through=-lc", "-plugin-opt=-pass-through=-lgcc", "-plugin-opt=-pass-through=-lgcc_"..., "--build-id", "--eh-frame-hdr", "--hash-style=gnu", "--as-needed", "-dynamic-linker", "/lib/ld-linux-aarch64.so.1", "-X", "-EL", "-maarch64linux", "--fix-cortex-a53-843419", "-pie", "-z", "now", "-fuse-ld=lld", "-z", "relro", "-o", "/home/runner/work/_temp/build-wo"..., "/usr/lib/gcc/aarch64-linux-gnu/1"..., "/usr/lib/gcc/aarch64-linux-gnu/1"..., "/usr/lib/gcc/aarch64-linux-gnu/1"..., "-L/usr/lib/gcc/aarch64-linux-gnu"..., ...], 0x90a65f0 /* 122 vars */ <unfinished ...>
10633 <... clone resumed>)              = 10635
10633 wait4(10635,  <unfinished ...>
10635 <... execve resumed>)             = 0
10635 clone(child_stack=0xffffec67d9b0, flags=CLONE_VM|CLONE_VFORK|SIGCHLD <unfinished ...>
10636 execve("/usr/bin/ld.lld", ["/usr/bin/ld.lld", "-plugin", "/usr/libexec/gcc/aarch64-linux-g"..., "-plugin-opt=/usr/libexec/gcc/aar"..., "-plugin-opt=-fresolution=/tmp/cc"..., "-plugin-opt=-pass-through=-lgcc", "-plugin-opt=-pass-through=-lgcc_"..., "-plugin-opt=-pass-through=-lc", "-plugin-opt=-pass-through=-lgcc", "-plugin-opt=-pass-through=-lgcc_"..., "--build-id", "--eh-frame-hdr", "--hash-style=gnu", "--as-needed", "-dynamic-linker", "/lib/ld-linux-aarch64.so.1", "-X", "-EL", "-maarch64linux", "--fix-cortex-a53-843419", "-pie", "-z", "now", "-z", "relro", "-o", "/home/runner/work/_temp/build-wo"..., "/usr/lib/gcc/aarch64-linux-gnu/1"..., "/usr/lib/gcc/aarch64-linux-gnu/1"..., "/usr/lib/gcc/aarch64-linux-gnu/1"..., "-L/usr/lib/gcc/aarch64-linux-gnu"..., "-L/usr/lib/gcc/aarch64-linux-gnu"..., ...], 0xffffec67e078 /* 122 vars */ <unfinished ...>
10635 <... clone resumed>)              = 10636
10635 wait4(10636,  <unfinished ...>
10636 <... execve resumed>)             = 0
10636 clone3({flags=CLONE_VM|CLONE_FS|CLONE_FILES|CLONE_SIGHAND|CLONE_THREAD|CLONE_SYSVSEM|CLONE_SETTLS|CLONE_PARENT_SETTID|CLONE_CHILD_CLEARTID, child_tid=0xff2c5cbff050, parent_tid=0xff2c5cbff050, exit_signal=0, stack=0xff2c58bf0000, stack_size=0x400e840, tls=0xff2c5cbff6c0} => {parent_tid=[10637]}, 88) = 10637
10637 clone3({flags=CLONE_VM|CLONE_FS|CLONE_FILES|CLONE_SIGHAND|CLONE_THREAD|CLONE_SYSVSEM|CLONE_SETTLS|CLONE_PARENT_SETTID|CLONE_CHILD_CLEARTID, child_tid=0xff2c53fff050, parent_tid=0xff2c53fff050, exit_signal=0, stack=0xff2c4fff0000, stack_size=0x400e840, tls=0xff2c53fff6c0} => {parent_tid=[10638]}, 88) = 10638
10637 clone3({flags=CLONE_VM|CLONE_FS|CLONE_FILES|CLONE_SIGHAND|CLONE_THREAD|CLONE_SYSVSEM|CLONE_SETTLS|CLONE_PARENT_SETTID|CLONE_CHILD_CLEARTID, child_tid=0xff2c4ffef050, parent_tid=0xff2c4ffef050, exit_signal=0, stack=0xff2c4bfe0000, stack_size=0x400e840, tls=0xff2c4ffef6c0} => {parent_tid=[10639]}, 88) = 10639
10637 clone3({flags=CLONE_VM|CLONE_FS|CLONE_FILES|CLONE_SIGHAND|CLONE_THREAD|CLONE_SYSVSEM|CLONE_SETTLS|CLONE_PARENT_SETTID|CLONE_CHILD_CLEARTID, child_tid=0xff2c43fff050, parent_tid=0xff2c43fff050, exit_signal=0, stack=0xff2c3fff0000, stack_size=0x400e840, tls=0xff2c43fff6c0} => {parent_tid=[10640]}, 88) = 10640
10638 exit(0 <unfinished ...>
10640 exit(0 <unfinished ...>
10639 exit(0 <unfinished ...>
10640 <... exit resumed>)               = ?
10638 <... exit resumed>)               = ?
10639 <... exit resumed>)               = ?
10636 exit_group(0 <unfinished ...>
10640 +++ exited with 0 +++
10639 +++ exited with 0 +++
10638 +++ exited with 0 +++
10636 <... exit_group resumed>)         = ?
10637 +++ exited with 0 +++
10636 +++ exited with 0 +++
10635 <... wait4 resumed>[{WIFEXITED(s) && WEXITSTATUS(s) == 0}], 0, NULL) = 10636
10635 --- SIGCHLD {si_signo=SIGCHLD, si_code=CLD_EXITED, si_pid=10636, si_uid=1001, si_status=0, si_utime=0, si_stime=2 /* 0.02 s */} ---
10635 exit_group(0)                     = ?
10635 +++ exited with 0 +++
10633 <... wait4 resumed>[{WIFEXITED(s) && WEXITSTATUS(s) == 0}], 0, NULL) = 10635
10633 --- SIGCHLD {si_signo=SIGCHLD, si_code=CLD_EXITED, si_pid=10635, si_uid=1001, si_status=0, si_utime=0, si_stime=0} ---
10633 exit_group(0)                     = ?
10633 +++ exited with 0 +++
10631 <... wait4 resumed>[{WIFEXITED(s) && WEXITSTATUS(s) == 0}], 0, NULL) = 10633
10631 --- SIGCHLD {si_signo=SIGCHLD, si_code=CLD_EXITED, si_pid=10633, si_uid=1001, si_status=0, si_utime=0, si_stime=0} ---
10631 exit_group(0)                     = ?
10631 +++ exited with 0 +++
