9963  execve("/home/runner/work/_temp/candidate-compiler", ["/home/runner/work/_temp/candidat"..., "build", "/home/runner/work/type-rb-native"..., "--output", "/home/runner/work/_temp/build-wo"..., "--qbe", "/home/runner/work/_temp/qbe-1.3/"..., "--cc", "/usr/bin/cc", "--target", "linux-arm64-v0"], 0xffffe06c8308 /* 115 vars */) = 0
9963  clone(child_stack=NULL, flags=CLONE_CHILD_CLEARTID|CLONE_CHILD_SETTID|SIGCHLD, child_tidptr=0xff6ad4eeef90) = 9964
9963  wait4(9964,  <unfinished ...>
9964  execve("/home/runner/work/_temp/qbe-1.3/qbe", ["/home/runner/work/_temp/qbe-1.3/"..., "-t", "arm64", "-o", "/home/runner/work/_temp/build-wo"..., "/home/runner/work/_temp/build-wo"...], 0xffffd297c6b8 /* 115 vars */) = 0
9964  exit_group(0)                     = ?
9964  +++ exited with 0 +++
9963  <... wait4 resumed>[{WIFEXITED(s) && WEXITSTATUS(s) == 0}], 0, NULL) = 9964
9963  --- SIGCHLD {si_signo=SIGCHLD, si_code=CLD_EXITED, si_pid=9964, si_uid=1001, si_status=0, si_utime=1 /* 0.01 s */, si_stime=0} ---
9963  clone(child_stack=NULL, flags=CLONE_CHILD_CLEARTID|CLONE_CHILD_SETTID|SIGCHLD, child_tidptr=0xff6ad4eeef90) = 9965
9963  wait4(9965,  <unfinished ...>
9965  execve("/usr/bin/cc", ["/usr/bin/cc", "-xassembler", "/home/runner/work/_temp/build-wo"..., "-fuse-ld=lld", "-Wl,--gc-sections,--strip-all", "-lm", "-o", "/home/runner/work/_temp/build-wo"...], 0xffffd297c6b8 /* 115 vars */) = 0
9965  clone(child_stack=0xffffeb11ed50, flags=CLONE_VM|CLONE_VFORK|SIGCHLD <unfinished ...>
9966  execve("/home/runner/go/bin/as", ["as", "-EL", "-mabi=lp64", "-o", "/tmp/cc57RLRI.o", "/home/runner/work/_temp/build-wo"...], 0x123edd80 /* 120 vars */) = -1 ENOENT (No such file or directory)
9966  execve("/opt/hostedtoolcache/go/1.27.1/arm64/bin/as", ["as", "-EL", "-mabi=lp64", "-o", "/tmp/cc57RLRI.o", "/home/runner/work/_temp/build-wo"...], 0x123edd80 /* 120 vars */) = -1 ENOENT (No such file or directory)
9966  execve("/snap/bin/as", ["as", "-EL", "-mabi=lp64", "-o", "/tmp/cc57RLRI.o", "/home/runner/work/_temp/build-wo"...], 0x123edd80 /* 120 vars */) = -1 ENOENT (No such file or directory)
9966  execve("/home/runner/.local/bin/as", ["as", "-EL", "-mabi=lp64", "-o", "/tmp/cc57RLRI.o", "/home/runner/work/_temp/build-wo"...], 0x123edd80 /* 120 vars */) = -1 ENOENT (No such file or directory)
9966  execve("/opt/pipx_bin/as", ["as", "-EL", "-mabi=lp64", "-o", "/tmp/cc57RLRI.o", "/home/runner/work/_temp/build-wo"...], 0x123edd80 /* 120 vars */) = -1 ENOENT (No such file or directory)
9966  execve("/home/runner/.cargo/bin/as", ["as", "-EL", "-mabi=lp64", "-o", "/tmp/cc57RLRI.o", "/home/runner/work/_temp/build-wo"...], 0x123edd80 /* 120 vars */) = -1 ENOENT (No such file or directory)
9966  execve("/home/runner/.config/composer/vendor/bin/as", ["as", "-EL", "-mabi=lp64", "-o", "/tmp/cc57RLRI.o", "/home/runner/work/_temp/build-wo"...], 0x123edd80 /* 120 vars */) = -1 ENOENT (No such file or directory)
9966  execve("/home/runner/.dotnet/tools/as", ["as", "-EL", "-mabi=lp64", "-o", "/tmp/cc57RLRI.o", "/home/runner/work/_temp/build-wo"...], 0x123edd80 /* 120 vars */) = -1 ENOENT (No such file or directory)
9966  execve("/usr/local/sbin/as", ["as", "-EL", "-mabi=lp64", "-o", "/tmp/cc57RLRI.o", "/home/runner/work/_temp/build-wo"...], 0x123edd80 /* 120 vars */) = -1 ENOENT (No such file or directory)
9966  execve("/usr/local/bin/as", ["as", "-EL", "-mabi=lp64", "-o", "/tmp/cc57RLRI.o", "/home/runner/work/_temp/build-wo"...], 0x123edd80 /* 120 vars */) = -1 ENOENT (No such file or directory)
9966  execve("/usr/sbin/as", ["as", "-EL", "-mabi=lp64", "-o", "/tmp/cc57RLRI.o", "/home/runner/work/_temp/build-wo"...], 0x123edd80 /* 120 vars */) = -1 ENOENT (No such file or directory)
9966  execve("/usr/bin/as", ["as", "-EL", "-mabi=lp64", "-o", "/tmp/cc57RLRI.o", "/home/runner/work/_temp/build-wo"...], 0x123edd80 /* 120 vars */ <unfinished ...>
9965  <... clone resumed>)              = 9966
9965  wait4(9966,  <unfinished ...>
9966  <... execve resumed>)             = 0
9966  exit_group(0)                     = ?
9966  +++ exited with 0 +++
9965  <... wait4 resumed>[{WIFEXITED(s) && WEXITSTATUS(s) == 0}], 0, NULL) = 9966
9965  --- SIGCHLD {si_signo=SIGCHLD, si_code=CLD_EXITED, si_pid=9966, si_uid=1001, si_status=0, si_utime=0, si_stime=0} ---
9965  clone(child_stack=0xffffeb11de90, flags=CLONE_VM|CLONE_VFORK|SIGCHLD <unfinished ...>
9967  execve("/usr/libexec/gcc/aarch64-linux-gnu/13/collect2", ["/usr/libexec/gcc/aarch64-linux-g"..., "-plugin", "/usr/libexec/gcc/aarch64-linux-g"..., "-plugin-opt=/usr/libexec/gcc/aar"..., "-plugin-opt=-fresolution=/tmp/cc"..., "-plugin-opt=-pass-through=-lgcc", "-plugin-opt=-pass-through=-lgcc_"..., "-plugin-opt=-pass-through=-lc", "-plugin-opt=-pass-through=-lgcc", "-plugin-opt=-pass-through=-lgcc_"..., "--build-id", "--eh-frame-hdr", "--hash-style=gnu", "--as-needed", "-dynamic-linker", "/lib/ld-linux-aarch64.so.1", "-X", "-EL", "-maarch64linux", "--fix-cortex-a53-843419", "-pie", "-z", "now", "-fuse-ld=lld", "-z", "relro", "-o", "/home/runner/work/_temp/build-wo"..., "/usr/lib/gcc/aarch64-linux-gnu/1"..., "/usr/lib/gcc/aarch64-linux-gnu/1"..., "/usr/lib/gcc/aarch64-linux-gnu/1"..., "-L/usr/lib/gcc/aarch64-linux-gnu"..., ...], 0x123ee5d0 /* 122 vars */ <unfinished ...>
9965  <... clone resumed>)              = 9967
9965  wait4(9967,  <unfinished ...>
9967  <... execve resumed>)             = 0
9967  clone(child_stack=0xfffff8b2c220, flags=CLONE_VM|CLONE_VFORK|SIGCHLD <unfinished ...>
9968  execve("/usr/bin/ld.lld", ["/usr/bin/ld.lld", "-plugin", "/usr/libexec/gcc/aarch64-linux-g"..., "-plugin-opt=/usr/libexec/gcc/aar"..., "-plugin-opt=-fresolution=/tmp/cc"..., "-plugin-opt=-pass-through=-lgcc", "-plugin-opt=-pass-through=-lgcc_"..., "-plugin-opt=-pass-through=-lc", "-plugin-opt=-pass-through=-lgcc", "-plugin-opt=-pass-through=-lgcc_"..., "--build-id", "--eh-frame-hdr", "--hash-style=gnu", "--as-needed", "-dynamic-linker", "/lib/ld-linux-aarch64.so.1", "-X", "-EL", "-maarch64linux", "--fix-cortex-a53-843419", "-pie", "-z", "now", "-z", "relro", "-o", "/home/runner/work/_temp/build-wo"..., "/usr/lib/gcc/aarch64-linux-gnu/1"..., "/usr/lib/gcc/aarch64-linux-gnu/1"..., "/usr/lib/gcc/aarch64-linux-gnu/1"..., "-L/usr/lib/gcc/aarch64-linux-gnu"..., "-L/usr/lib/gcc/aarch64-linux-gnu"..., ...], 0xfffff8b2c8e0 /* 122 vars */ <unfinished ...>
9967  <... clone resumed>)              = 9968
9967  wait4(9968,  <unfinished ...>
9968  <... execve resumed>)             = 0
9968  clone3({flags=CLONE_VM|CLONE_FS|CLONE_FILES|CLONE_SIGHAND|CLONE_THREAD|CLONE_SYSVSEM|CLONE_SETTLS|CLONE_PARENT_SETTID|CLONE_CHILD_CLEARTID, child_tid=0xffc75bbff050, parent_tid=0xffc75bbff050, exit_signal=0, stack=0xffc757bf0000, stack_size=0x400e840, tls=0xffc75bbff6c0} => {parent_tid=[9969]}, 88) = 9969
9969  clone3({flags=CLONE_VM|CLONE_FS|CLONE_FILES|CLONE_SIGHAND|CLONE_THREAD|CLONE_SYSVSEM|CLONE_SETTLS|CLONE_PARENT_SETTID|CLONE_CHILD_CLEARTID, child_tid=0xffc74ffff050, parent_tid=0xffc74ffff050, exit_signal=0, stack=0xffc74bff0000, stack_size=0x400e840, tls=0xffc74ffff6c0} => {parent_tid=[9970]}, 88) = 9970
9969  clone3({flags=CLONE_VM|CLONE_FS|CLONE_FILES|CLONE_SIGHAND|CLONE_THREAD|CLONE_SYSVSEM|CLONE_SETTLS|CLONE_PARENT_SETTID|CLONE_CHILD_CLEARTID, child_tid=0xffc74bfef050, parent_tid=0xffc74bfef050, exit_signal=0, stack=0xffc747fe0000, stack_size=0x400e840, tls=0xffc74bfef6c0} => {parent_tid=[9971]}, 88) = 9971
9969  clone3({flags=CLONE_VM|CLONE_FS|CLONE_FILES|CLONE_SIGHAND|CLONE_THREAD|CLONE_SYSVSEM|CLONE_SETTLS|CLONE_PARENT_SETTID|CLONE_CHILD_CLEARTID, child_tid=0xffc73ffff050, parent_tid=0xffc73ffff050, exit_signal=0, stack=0xffc73bff0000, stack_size=0x400e840, tls=0xffc73ffff6c0} => {parent_tid=[9972]}, 88) = 9972
9972  exit(0 <unfinished ...>
9970  exit(0 <unfinished ...>
9968  exit_group(0 <unfinished ...>
9972  <... exit resumed>)               = ?
9971  ???( <unfinished ...>
9970  <... exit resumed>)               = ?
9968  <... exit_group resumed>)         = ?
9972  +++ exited with 0 +++
9970  +++ exited with 0 +++
9971  +++ exited with 0 +++
9969  +++ exited with 0 +++
9968  +++ exited with 0 +++
9967  <... wait4 resumed>[{WIFEXITED(s) && WEXITSTATUS(s) == 0}], 0, NULL) = 9968
9967  --- SIGCHLD {si_signo=SIGCHLD, si_code=CLD_EXITED, si_pid=9968, si_uid=1001, si_status=0, si_utime=0, si_stime=2 /* 0.02 s */} ---
9967  exit_group(0)                     = ?
9967  +++ exited with 0 +++
9965  <... wait4 resumed>[{WIFEXITED(s) && WEXITSTATUS(s) == 0}], 0, NULL) = 9967
9965  --- SIGCHLD {si_signo=SIGCHLD, si_code=CLD_EXITED, si_pid=9967, si_uid=1001, si_status=0, si_utime=0, si_stime=0} ---
9965  exit_group(0)                     = ?
9965  +++ exited with 0 +++
9963  <... wait4 resumed>[{WIFEXITED(s) && WEXITSTATUS(s) == 0}], 0, NULL) = 9965
9963  --- SIGCHLD {si_signo=SIGCHLD, si_code=CLD_EXITED, si_pid=9965, si_uid=1001, si_status=0, si_utime=0, si_stime=0} ---
9963  exit_group(0)                     = ?
9963  +++ exited with 0 +++
