6260  execve("/home/runner/work/_temp/release/type-rb-native-bootstrap-linux-arm64", ["/home/runner/work/_temp/release/"..., "build", "compiler/gate4/src/compiler.trb", "--output", "/home/runner/work/_temp/transiti"..., "--qbe", "/home/runner/work/_temp/qbe-1.3/"..., "--cc", "/usr/bin/cc", "--target", "linux-arm64-v0"], 0xffffe791a2e8 /* 111 vars */) = 0
6260  clone(child_stack=NULL, flags=CLONE_CHILD_CLEARTID|CLONE_CHILD_SETTID|SIGCHLD, child_tidptr=0xff499d1c8f90) = 6261
6260  wait4(6261,  <unfinished ...>
6261  execve("/home/runner/work/_temp/qbe-1.3/qbe", ["/home/runner/work/_temp/qbe-1.3/"..., "-t", "arm64", "-o", "/home/runner/work/_temp/transiti"..., "/home/runner/work/_temp/transiti"...], 0xfffffe710158 /* 111 vars */) = 0
6261  exit_group(0)                     = ?
6261  +++ exited with 0 +++
6260  <... wait4 resumed>[{WIFEXITED(s) && WEXITSTATUS(s) == 0}], 0, NULL) = 6261
6260  --- SIGCHLD {si_signo=SIGCHLD, si_code=CLD_EXITED, si_pid=6261, si_uid=1001, si_status=0, si_utime=24 /* 0.24 s */, si_stime=1 /* 0.01 s */} ---
6260  clone(child_stack=NULL, flags=CLONE_CHILD_CLEARTID|CLONE_CHILD_SETTID|SIGCHLD, child_tidptr=0xff499d1c8f90) = 6262
6260  wait4(6262,  <unfinished ...>
6262  execve("/usr/bin/cc", ["/usr/bin/cc", "-xassembler", "/home/runner/work/_temp/transiti"..., "-Wl,--gc-sections,--strip-all", "-o", "/home/runner/work/_temp/transiti"...], 0xfffffe710158 /* 111 vars */) = 0
6262  clone(child_stack=0xffffc8121610, flags=CLONE_VM|CLONE_VFORK|SIGCHLD <unfinished ...>
6263  execve("/home/runner/go/bin/as", ["as", "-EL", "-mabi=lp64", "-o", "/tmp/ccFobZxW.o", "/home/runner/work/_temp/transiti"...], 0x2b8c5c10 /* 116 vars */) = -1 ENOENT (No such file or directory)
6263  execve("/opt/hostedtoolcache/go/1.27.1/arm64/bin/as", ["as", "-EL", "-mabi=lp64", "-o", "/tmp/ccFobZxW.o", "/home/runner/work/_temp/transiti"...], 0x2b8c5c10 /* 116 vars */) = -1 ENOENT (No such file or directory)
6263  execve("/snap/bin/as", ["as", "-EL", "-mabi=lp64", "-o", "/tmp/ccFobZxW.o", "/home/runner/work/_temp/transiti"...], 0x2b8c5c10 /* 116 vars */) = -1 ENOENT (No such file or directory)
6263  execve("/home/runner/.local/bin/as", ["as", "-EL", "-mabi=lp64", "-o", "/tmp/ccFobZxW.o", "/home/runner/work/_temp/transiti"...], 0x2b8c5c10 /* 116 vars */) = -1 ENOENT (No such file or directory)
6263  execve("/opt/pipx_bin/as", ["as", "-EL", "-mabi=lp64", "-o", "/tmp/ccFobZxW.o", "/home/runner/work/_temp/transiti"...], 0x2b8c5c10 /* 116 vars */) = -1 ENOENT (No such file or directory)
6263  execve("/home/runner/.cargo/bin/as", ["as", "-EL", "-mabi=lp64", "-o", "/tmp/ccFobZxW.o", "/home/runner/work/_temp/transiti"...], 0x2b8c5c10 /* 116 vars */) = -1 ENOENT (No such file or directory)
6263  execve("/home/runner/.config/composer/vendor/bin/as", ["as", "-EL", "-mabi=lp64", "-o", "/tmp/ccFobZxW.o", "/home/runner/work/_temp/transiti"...], 0x2b8c5c10 /* 116 vars */) = -1 ENOENT (No such file or directory)
6263  execve("/home/runner/.dotnet/tools/as", ["as", "-EL", "-mabi=lp64", "-o", "/tmp/ccFobZxW.o", "/home/runner/work/_temp/transiti"...], 0x2b8c5c10 /* 116 vars */) = -1 ENOENT (No such file or directory)
6263  execve("/usr/local/sbin/as", ["as", "-EL", "-mabi=lp64", "-o", "/tmp/ccFobZxW.o", "/home/runner/work/_temp/transiti"...], 0x2b8c5c10 /* 116 vars */) = -1 ENOENT (No such file or directory)
6263  execve("/usr/local/bin/as", ["as", "-EL", "-mabi=lp64", "-o", "/tmp/ccFobZxW.o", "/home/runner/work/_temp/transiti"...], 0x2b8c5c10 /* 116 vars */) = -1 ENOENT (No such file or directory)
6263  execve("/usr/sbin/as", ["as", "-EL", "-mabi=lp64", "-o", "/tmp/ccFobZxW.o", "/home/runner/work/_temp/transiti"...], 0x2b8c5c10 /* 116 vars */) = -1 ENOENT (No such file or directory)
6263  execve("/usr/bin/as", ["as", "-EL", "-mabi=lp64", "-o", "/tmp/ccFobZxW.o", "/home/runner/work/_temp/transiti"...], 0x2b8c5c10 /* 116 vars */ <unfinished ...>
6262  <... clone resumed>)              = 6263
6263  <... execve resumed>)             = 0
6262  wait4(6263,  <unfinished ...>
6263  exit_group(0)                     = ?
6263  +++ exited with 0 +++
6262  <... wait4 resumed>[{WIFEXITED(s) && WEXITSTATUS(s) == 0}], 0, NULL) = 6263
6262  --- SIGCHLD {si_signo=SIGCHLD, si_code=CLD_EXITED, si_pid=6263, si_uid=1001, si_status=0, si_utime=10 /* 0.10 s */, si_stime=1 /* 0.01 s */} ---
6262  clone(child_stack=0xffffc8120750, flags=CLONE_VM|CLONE_VFORK|SIGCHLD <unfinished ...>
6264  execve("/usr/libexec/gcc/aarch64-linux-gnu/13/collect2", ["/usr/libexec/gcc/aarch64-linux-g"..., "-plugin", "/usr/libexec/gcc/aarch64-linux-g"..., "-plugin-opt=/usr/libexec/gcc/aar"..., "-plugin-opt=-fresolution=/tmp/cc"..., "-plugin-opt=-pass-through=-lgcc", "-plugin-opt=-pass-through=-lgcc_"..., "-plugin-opt=-pass-through=-lc", "-plugin-opt=-pass-through=-lgcc", "-plugin-opt=-pass-through=-lgcc_"..., "--build-id", "--eh-frame-hdr", "--hash-style=gnu", "--as-needed", "-dynamic-linker", "/lib/ld-linux-aarch64.so.1", "-X", "-EL", "-maarch64linux", "--fix-cortex-a53-843419", "-pie", "-z", "now", "-z", "relro", "-o", "/home/runner/work/_temp/transiti"..., "/usr/lib/gcc/aarch64-linux-gnu/1"..., "/usr/lib/gcc/aarch64-linux-gnu/1"..., "/usr/lib/gcc/aarch64-linux-gnu/1"..., "-L/usr/lib/gcc/aarch64-linux-gnu"..., "-L/usr/lib/gcc/aarch64-linux-gnu"..., ...], 0x2b8c63b0 /* 118 vars */ <unfinished ...>
6262  <... clone resumed>)              = 6264
6264  <... execve resumed>)             = 0
6262  wait4(6264,  <unfinished ...>
6264  clone(child_stack=0xffffd5347330, flags=CLONE_VM|CLONE_VFORK|SIGCHLD <unfinished ...>
6265  execve("/usr/bin/ld", ["/usr/bin/ld", "-plugin", "/usr/libexec/gcc/aarch64-linux-g"..., "-plugin-opt=/usr/libexec/gcc/aar"..., "-plugin-opt=-fresolution=/tmp/cc"..., "-plugin-opt=-pass-through=-lgcc", "-plugin-opt=-pass-through=-lgcc_"..., "-plugin-opt=-pass-through=-lc", "-plugin-opt=-pass-through=-lgcc", "-plugin-opt=-pass-through=-lgcc_"..., "--build-id", "--eh-frame-hdr", "--hash-style=gnu", "--as-needed", "-dynamic-linker", "/lib/ld-linux-aarch64.so.1", "-X", "-EL", "-maarch64linux", "--fix-cortex-a53-843419", "-pie", "-z", "now", "-z", "relro", "-o", "/home/runner/work/_temp/transiti"..., "/usr/lib/gcc/aarch64-linux-gnu/1"..., "/usr/lib/gcc/aarch64-linux-gnu/1"..., "/usr/lib/gcc/aarch64-linux-gnu/1"..., "-L/usr/lib/gcc/aarch64-linux-gnu"..., "-L/usr/lib/gcc/aarch64-linux-gnu"..., ...], 0xffffd53479e0 /* 118 vars */ <unfinished ...>
6264  <... clone resumed>)              = 6265
6265  <... execve resumed>)             = 0
6264  wait4(6265,  <unfinished ...>
6265  exit_group(0)                     = ?
6265  +++ exited with 0 +++
6264  <... wait4 resumed>[{WIFEXITED(s) && WEXITSTATUS(s) == 0}], 0, NULL) = 6265
6264  --- SIGCHLD {si_signo=SIGCHLD, si_code=CLD_EXITED, si_pid=6265, si_uid=1001, si_status=0, si_utime=1 /* 0.01 s */, si_stime=1 /* 0.01 s */} ---
6264  exit_group(0)                     = ?
6264  +++ exited with 0 +++
6262  <... wait4 resumed>[{WIFEXITED(s) && WEXITSTATUS(s) == 0}], 0, NULL) = 6264
6262  --- SIGCHLD {si_signo=SIGCHLD, si_code=CLD_EXITED, si_pid=6264, si_uid=1001, si_status=0, si_utime=0, si_stime=0} ---
6262  exit_group(0)                     = ?
6262  +++ exited with 0 +++
6260  <... wait4 resumed>[{WIFEXITED(s) && WEXITSTATUS(s) == 0}], 0, NULL) = 6262
6260  --- SIGCHLD {si_signo=SIGCHLD, si_code=CLD_EXITED, si_pid=6262, si_uid=1001, si_status=0, si_utime=0, si_stime=0} ---
6260  exit_group(0)                     = ?
6260  +++ exited with 0 +++
