7565  execve("/home/runner/work/_temp/candidate-bootstrap-workspace/b4/compiler", ["/home/runner/work/_temp/candidat"..., "build", "/home/runner/work/type-rb-native"..., "--output", "/home/runner/work/_temp/candidat"..., "--qbe", "/home/runner/work/_temp/qbe-1.3/"..., "--cc", "/usr/bin/cc", "--target", "linux-arm64-v0"], 0xfffff6774d48 /* 109 vars */) = 0
7565  clone(child_stack=NULL, flags=CLONE_CHILD_CLEARTID|CLONE_CHILD_SETTID|SIGCHLD, child_tidptr=0xffb219b64f90) = 7566
7565  wait4(7566,  <unfinished ...>
7566  execve("/home/runner/work/_temp/qbe-1.3/qbe", ["/home/runner/work/_temp/qbe-1.3/"..., "-t", "arm64", "-o", "/home/runner/work/_temp/candidat"..., "/home/runner/work/_temp/candidat"...], 0xffffe501e1f8 /* 109 vars */) = 0
7566  exit_group(0)                     = ?
7566  +++ exited with 0 +++
7565  <... wait4 resumed>[{WIFEXITED(s) && WEXITSTATUS(s) == 0}], 0, NULL) = 7566
7565  --- SIGCHLD {si_signo=SIGCHLD, si_code=CLD_EXITED, si_pid=7566, si_uid=1001, si_status=0, si_utime=0, si_stime=0} ---
7565  clone(child_stack=NULL, flags=CLONE_CHILD_CLEARTID|CLONE_CHILD_SETTID|SIGCHLD, child_tidptr=0xffb219b64f90) = 7567
7565  wait4(7567,  <unfinished ...>
7567  execve("/usr/bin/cc", ["/usr/bin/cc", "-xassembler", "/home/runner/work/_temp/candidat"..., "-fuse-ld=lld", "-Wl,--gc-sections,--strip-all", "-lm", "-o", "/home/runner/work/_temp/candidat"...], 0xffffe501e1f8 /* 109 vars */) = 0
7567  clone(child_stack=0xfffff6b07940, flags=CLONE_VM|CLONE_VFORK|SIGCHLD <unfinished ...>
7568  execve("/snap/bin/as", ["as", "-EL", "-mabi=lp64", "-o", "/tmp/ccTiSyZk.o", "/home/runner/work/_temp/candidat"...], 0x1582ad50 /* 114 vars */) = -1 ENOENT (No such file or directory)
7568  execve("/home/runner/.local/bin/as", ["as", "-EL", "-mabi=lp64", "-o", "/tmp/ccTiSyZk.o", "/home/runner/work/_temp/candidat"...], 0x1582ad50 /* 114 vars */) = -1 ENOENT (No such file or directory)
7568  execve("/opt/pipx_bin/as", ["as", "-EL", "-mabi=lp64", "-o", "/tmp/ccTiSyZk.o", "/home/runner/work/_temp/candidat"...], 0x1582ad50 /* 114 vars */) = -1 ENOENT (No such file or directory)
7568  execve("/home/runner/.cargo/bin/as", ["as", "-EL", "-mabi=lp64", "-o", "/tmp/ccTiSyZk.o", "/home/runner/work/_temp/candidat"...], 0x1582ad50 /* 114 vars */) = -1 ENOENT (No such file or directory)
7568  execve("/home/runner/.config/composer/vendor/bin/as", ["as", "-EL", "-mabi=lp64", "-o", "/tmp/ccTiSyZk.o", "/home/runner/work/_temp/candidat"...], 0x1582ad50 /* 114 vars */) = -1 ENOENT (No such file or directory)
7568  execve("/home/runner/.dotnet/tools/as", ["as", "-EL", "-mabi=lp64", "-o", "/tmp/ccTiSyZk.o", "/home/runner/work/_temp/candidat"...], 0x1582ad50 /* 114 vars */) = -1 ENOENT (No such file or directory)
7568  execve("/usr/local/sbin/as", ["as", "-EL", "-mabi=lp64", "-o", "/tmp/ccTiSyZk.o", "/home/runner/work/_temp/candidat"...], 0x1582ad50 /* 114 vars */) = -1 ENOENT (No such file or directory)
7568  execve("/usr/local/bin/as", ["as", "-EL", "-mabi=lp64", "-o", "/tmp/ccTiSyZk.o", "/home/runner/work/_temp/candidat"...], 0x1582ad50 /* 114 vars */) = -1 ENOENT (No such file or directory)
7568  execve("/usr/sbin/as", ["as", "-EL", "-mabi=lp64", "-o", "/tmp/ccTiSyZk.o", "/home/runner/work/_temp/candidat"...], 0x1582ad50 /* 114 vars */) = -1 ENOENT (No such file or directory)
7568  execve("/usr/bin/as", ["as", "-EL", "-mabi=lp64", "-o", "/tmp/ccTiSyZk.o", "/home/runner/work/_temp/candidat"...], 0x1582ad50 /* 114 vars */ <unfinished ...>
7567  <... clone resumed>)              = 7568
7568  <... execve resumed>)             = 0
7567  wait4(7568,  <unfinished ...>
7568  exit_group(0)                     = ?
7568  +++ exited with 0 +++
7567  <... wait4 resumed>[{WIFEXITED(s) && WEXITSTATUS(s) == 0}], 0, NULL) = 7568
7567  --- SIGCHLD {si_signo=SIGCHLD, si_code=CLD_EXITED, si_pid=7568, si_uid=1001, si_status=0, si_utime=0, si_stime=0} ---
7567  clone(child_stack=0xfffff6b06a80, flags=CLONE_VM|CLONE_VFORK|SIGCHLD <unfinished ...>
7569  execve("/usr/libexec/gcc/aarch64-linux-gnu/13/collect2", ["/usr/libexec/gcc/aarch64-linux-g"..., "-plugin", "/usr/libexec/gcc/aarch64-linux-g"..., "-plugin-opt=/usr/libexec/gcc/aar"..., "-plugin-opt=-fresolution=/tmp/cc"..., "-plugin-opt=-pass-through=-lgcc", "-plugin-opt=-pass-through=-lgcc_"..., "-plugin-opt=-pass-through=-lc", "-plugin-opt=-pass-through=-lgcc", "-plugin-opt=-pass-through=-lgcc_"..., "--build-id", "--eh-frame-hdr", "--hash-style=gnu", "--as-needed", "-dynamic-linker", "/lib/ld-linux-aarch64.so.1", "-X", "-EL", "-maarch64linux", "--fix-cortex-a53-843419", "-pie", "-z", "now", "-fuse-ld=lld", "-z", "relro", "-o", "/home/runner/work/_temp/candidat"..., "/usr/lib/gcc/aarch64-linux-gnu/1"..., "/usr/lib/gcc/aarch64-linux-gnu/1"..., "/usr/lib/gcc/aarch64-linux-gnu/1"..., "-L/usr/lib/gcc/aarch64-linux-gnu"..., ...], 0x1582b570 /* 116 vars */ <unfinished ...>
7567  <... clone resumed>)              = 7569
7569  <... execve resumed>)             = 0
7567  wait4(7569,  <unfinished ...>
7569  clone(child_stack=0xffffc7ed9750, flags=CLONE_VM|CLONE_VFORK|SIGCHLD <unfinished ...>
7570  execve("/usr/bin/ld.lld", ["/usr/bin/ld.lld", "-plugin", "/usr/libexec/gcc/aarch64-linux-g"..., "-plugin-opt=/usr/libexec/gcc/aar"..., "-plugin-opt=-fresolution=/tmp/cc"..., "-plugin-opt=-pass-through=-lgcc", "-plugin-opt=-pass-through=-lgcc_"..., "-plugin-opt=-pass-through=-lc", "-plugin-opt=-pass-through=-lgcc", "-plugin-opt=-pass-through=-lgcc_"..., "--build-id", "--eh-frame-hdr", "--hash-style=gnu", "--as-needed", "-dynamic-linker", "/lib/ld-linux-aarch64.so.1", "-X", "-EL", "-maarch64linux", "--fix-cortex-a53-843419", "-pie", "-z", "now", "-z", "relro", "-o", "/home/runner/work/_temp/candidat"..., "/usr/lib/gcc/aarch64-linux-gnu/1"..., "/usr/lib/gcc/aarch64-linux-gnu/1"..., "/usr/lib/gcc/aarch64-linux-gnu/1"..., "-L/usr/lib/gcc/aarch64-linux-gnu"..., "-L/usr/lib/gcc/aarch64-linux-gnu"..., ...], 0xffffc7ed9e10 /* 116 vars */ <unfinished ...>
7569  <... clone resumed>)              = 7570
7570  <... execve resumed>)             = 0
7569  wait4(7570,  <unfinished ...>
7570  clone3({flags=CLONE_VM|CLONE_FS|CLONE_FILES|CLONE_SIGHAND|CLONE_THREAD|CLONE_SYSVSEM|CLONE_SETTLS|CLONE_PARENT_SETTID|CLONE_CHILD_CLEARTID, child_tid=0xff320ffff050, parent_tid=0xff320ffff050, exit_signal=0, stack=0xff320bff0000, stack_size=0x400e840, tls=0xff320ffff6c0} => {parent_tid=[7571]}, 88) = 7571
7571  clone3({flags=CLONE_VM|CLONE_FS|CLONE_FILES|CLONE_SIGHAND|CLONE_THREAD|CLONE_SYSVSEM|CLONE_SETTLS|CLONE_PARENT_SETTID|CLONE_CHILD_CLEARTID, child_tid=0xff3203fff050, parent_tid=0xff3203fff050, exit_signal=0, stack=0xff31ffff0000, stack_size=0x400e840, tls=0xff3203fff6c0} => {parent_tid=[7572]}, 88) = 7572
7571  clone3({flags=CLONE_VM|CLONE_FS|CLONE_FILES|CLONE_SIGHAND|CLONE_THREAD|CLONE_SYSVSEM|CLONE_SETTLS|CLONE_PARENT_SETTID|CLONE_CHILD_CLEARTID, child_tid=0xff31fffef050, parent_tid=0xff31fffef050, exit_signal=0, stack=0xff31fbfe0000, stack_size=0x400e840, tls=0xff31fffef6c0} => {parent_tid=[7573]}, 88) = 7573
7571  clone3({flags=CLONE_VM|CLONE_FS|CLONE_FILES|CLONE_SIGHAND|CLONE_THREAD|CLONE_SYSVSEM|CLONE_SETTLS|CLONE_PARENT_SETTID|CLONE_CHILD_CLEARTID, child_tid=0xff31f3fff050, parent_tid=0xff31f3fff050, exit_signal=0, stack=0xff31efff0000, stack_size=0x400e840, tls=0xff31f3fff6c0} => {parent_tid=[7574]}, 88) = 7574
7574  exit(0 <unfinished ...>
7573  exit(0 <unfinished ...>
7574  <... exit resumed>)               = ?
7573  <... exit resumed>)               = ?
7574  +++ exited with 0 +++
7573  +++ exited with 0 +++
7570  exit_group(0 <unfinished ...>
7571  ???( <unfinished ...>
7570  <... exit_group resumed>)         = ?
7572  +++ exited with 0 +++
7571  +++ exited with 0 +++
7570  +++ exited with 0 +++
7569  <... wait4 resumed>[{WIFEXITED(s) && WEXITSTATUS(s) == 0}], 0, NULL) = 7570
7569  --- SIGCHLD {si_signo=SIGCHLD, si_code=CLD_EXITED, si_pid=7570, si_uid=1001, si_status=0, si_utime=0, si_stime=1 /* 0.01 s */} ---
7569  exit_group(0)                     = ?
7569  +++ exited with 0 +++
7567  <... wait4 resumed>[{WIFEXITED(s) && WEXITSTATUS(s) == 0}], 0, NULL) = 7569
7567  --- SIGCHLD {si_signo=SIGCHLD, si_code=CLD_EXITED, si_pid=7569, si_uid=1001, si_status=0, si_utime=0, si_stime=0} ---
7567  exit_group(0)                     = ?
7567  +++ exited with 0 +++
7565  <... wait4 resumed>[{WIFEXITED(s) && WEXITSTATUS(s) == 0}], 0, NULL) = 7567
7565  --- SIGCHLD {si_signo=SIGCHLD, si_code=CLD_EXITED, si_pid=7567, si_uid=1001, si_status=0, si_utime=0, si_stime=0} ---
7565  exit_group(0)                     = ?
7565  +++ exited with 0 +++
