13479 execve("/home/runner/work/_temp/candidate-bootstrap-workspace/b4/compiler", ["/home/runner/work/_temp/candidat"..., "build", "/home/runner/work/type-rb-native"..., "--output", "/home/runner/work/_temp/candidat"..., "--qbe", "/home/runner/work/_temp/qbe-1.3/"..., "--cc", "/usr/bin/cc", "--target", "linux-arm64-v0"], 0xffffc48ca348 /* 112 vars */) = 0
13479 clone(child_stack=NULL, flags=CLONE_CHILD_CLEARTID|CLONE_CHILD_SETTID|SIGCHLD, child_tidptr=0xff45f2f38f90) = 13480
13479 wait4(13480,  <unfinished ...>
13480 execve("/home/runner/work/_temp/qbe-1.3/qbe", ["/home/runner/work/_temp/qbe-1.3/"..., "-t", "arm64", "-o", "/home/runner/work/_temp/candidat"..., "/home/runner/work/_temp/candidat"...], 0xffffcd7672f8 /* 112 vars */) = 0
13480 exit_group(0)                     = ?
13480 +++ exited with 0 +++
13479 <... wait4 resumed>[{WIFEXITED(s) && WEXITSTATUS(s) == 0}], 0, NULL) = 13480
13479 --- SIGCHLD {si_signo=SIGCHLD, si_code=CLD_EXITED, si_pid=13480, si_uid=1001, si_status=0, si_utime=0, si_stime=0} ---
13479 clone(child_stack=NULL, flags=CLONE_CHILD_CLEARTID|CLONE_CHILD_SETTID|SIGCHLD, child_tidptr=0xff45f2f38f90) = 13481
13479 wait4(13481,  <unfinished ...>
13481 execve("/usr/bin/cc", ["/usr/bin/cc", "-xassembler", "/home/runner/work/_temp/candidat"..., "-fuse-ld=lld", "-Wl,--gc-sections,--strip-all,--"..., "-lm", "-o", "/home/runner/work/_temp/candidat"...], 0xffffcd7672f8 /* 112 vars */) = 0
13481 clone(child_stack=0xffffef805070, flags=CLONE_VM|CLONE_VFORK|SIGCHLD <unfinished ...>
13482 execve("/snap/bin/as", ["as", "-EL", "-mabi=lp64", "-o", "/tmp/cc1zedgd.o", "/home/runner/work/_temp/candidat"...], 0x29d4b310 /* 117 vars */) = -1 ENOENT (No such file or directory)
13482 execve("/home/runner/.local/bin/as", ["as", "-EL", "-mabi=lp64", "-o", "/tmp/cc1zedgd.o", "/home/runner/work/_temp/candidat"...], 0x29d4b310 /* 117 vars */) = -1 ENOENT (No such file or directory)
13482 execve("/opt/pipx_bin/as", ["as", "-EL", "-mabi=lp64", "-o", "/tmp/cc1zedgd.o", "/home/runner/work/_temp/candidat"...], 0x29d4b310 /* 117 vars */) = -1 ENOENT (No such file or directory)
13482 execve("/home/runner/.cargo/bin/as", ["as", "-EL", "-mabi=lp64", "-o", "/tmp/cc1zedgd.o", "/home/runner/work/_temp/candidat"...], 0x29d4b310 /* 117 vars */) = -1 ENOENT (No such file or directory)
13482 execve("/home/runner/.config/composer/vendor/bin/as", ["as", "-EL", "-mabi=lp64", "-o", "/tmp/cc1zedgd.o", "/home/runner/work/_temp/candidat"...], 0x29d4b310 /* 117 vars */) = -1 ENOENT (No such file or directory)
13482 execve("/home/runner/.dotnet/tools/as", ["as", "-EL", "-mabi=lp64", "-o", "/tmp/cc1zedgd.o", "/home/runner/work/_temp/candidat"...], 0x29d4b310 /* 117 vars */) = -1 ENOENT (No such file or directory)
13482 execve("/usr/local/sbin/as", ["as", "-EL", "-mabi=lp64", "-o", "/tmp/cc1zedgd.o", "/home/runner/work/_temp/candidat"...], 0x29d4b310 /* 117 vars */) = -1 ENOENT (No such file or directory)
13482 execve("/usr/local/bin/as", ["as", "-EL", "-mabi=lp64", "-o", "/tmp/cc1zedgd.o", "/home/runner/work/_temp/candidat"...], 0x29d4b310 /* 117 vars */) = -1 ENOENT (No such file or directory)
13482 execve("/usr/sbin/as", ["as", "-EL", "-mabi=lp64", "-o", "/tmp/cc1zedgd.o", "/home/runner/work/_temp/candidat"...], 0x29d4b310 /* 117 vars */) = -1 ENOENT (No such file or directory)
13482 execve("/usr/bin/as", ["as", "-EL", "-mabi=lp64", "-o", "/tmp/cc1zedgd.o", "/home/runner/work/_temp/candidat"...], 0x29d4b310 /* 117 vars */ <unfinished ...>
13481 <... clone resumed>)              = 13482
13482 <... execve resumed>)             = 0
13481 wait4(13482,  <unfinished ...>
13482 exit_group(0)                     = ?
13482 +++ exited with 0 +++
13481 <... wait4 resumed>[{WIFEXITED(s) && WEXITSTATUS(s) == 0}], 0, NULL) = 13482
13481 --- SIGCHLD {si_signo=SIGCHLD, si_code=CLD_EXITED, si_pid=13482, si_uid=1001, si_status=0, si_utime=0, si_stime=0} ---
13481 clone(child_stack=0xffffef8041b0, flags=CLONE_VM|CLONE_VFORK|SIGCHLD <unfinished ...>
13483 execve("/usr/libexec/gcc/aarch64-linux-gnu/13/collect2", ["/usr/libexec/gcc/aarch64-linux-g"..., "-plugin", "/usr/libexec/gcc/aarch64-linux-g"..., "-plugin-opt=/usr/libexec/gcc/aar"..., "-plugin-opt=-fresolution=/tmp/cc"..., "-plugin-opt=-pass-through=-lgcc", "-plugin-opt=-pass-through=-lgcc_"..., "-plugin-opt=-pass-through=-lc", "-plugin-opt=-pass-through=-lgcc", "-plugin-opt=-pass-through=-lgcc_"..., "--build-id", "--eh-frame-hdr", "--hash-style=gnu", "--as-needed", "-dynamic-linker", "/lib/ld-linux-aarch64.so.1", "-X", "-EL", "-maarch64linux", "--fix-cortex-a53-843419", "-pie", "-z", "now", "-fuse-ld=lld", "-z", "relro", "-o", "/home/runner/work/_temp/candidat"..., "/usr/lib/gcc/aarch64-linux-gnu/1"..., "/usr/lib/gcc/aarch64-linux-gnu/1"..., "/usr/lib/gcc/aarch64-linux-gnu/1"..., "-L/usr/lib/gcc/aarch64-linux-gnu"..., ...], 0x29d4b9c0 /* 119 vars */ <unfinished ...>
13481 <... clone resumed>)              = 13483
13483 <... execve resumed>)             = 0
13481 wait4(13483,  <unfinished ...>
13483 clone(child_stack=0xfffff2084290, flags=CLONE_VM|CLONE_VFORK|SIGCHLD <unfinished ...>
13484 execve("/usr/bin/ld.lld", ["/usr/bin/ld.lld", "-plugin", "/usr/libexec/gcc/aarch64-linux-g"..., "-plugin-opt=/usr/libexec/gcc/aar"..., "-plugin-opt=-fresolution=/tmp/cc"..., "-plugin-opt=-pass-through=-lgcc", "-plugin-opt=-pass-through=-lgcc_"..., "-plugin-opt=-pass-through=-lc", "-plugin-opt=-pass-through=-lgcc", "-plugin-opt=-pass-through=-lgcc_"..., "--build-id", "--eh-frame-hdr", "--hash-style=gnu", "--as-needed", "-dynamic-linker", "/lib/ld-linux-aarch64.so.1", "-X", "-EL", "-maarch64linux", "--fix-cortex-a53-843419", "-pie", "-z", "now", "-z", "relro", "-o", "/home/runner/work/_temp/candidat"..., "/usr/lib/gcc/aarch64-linux-gnu/1"..., "/usr/lib/gcc/aarch64-linux-gnu/1"..., "/usr/lib/gcc/aarch64-linux-gnu/1"..., "-L/usr/lib/gcc/aarch64-linux-gnu"..., "-L/usr/lib/gcc/aarch64-linux-gnu"..., ...], 0xfffff2084958 /* 119 vars */ <unfinished ...>
13483 <... clone resumed>)              = 13484
13484 <... execve resumed>)             = 0
13483 wait4(13484,  <unfinished ...>
13484 clone3({flags=CLONE_VM|CLONE_FS|CLONE_FILES|CLONE_SIGHAND|CLONE_THREAD|CLONE_SYSVSEM|CLONE_SETTLS|CLONE_PARENT_SETTID|CLONE_CHILD_CLEARTID, child_tid=0xff6756fff050, parent_tid=0xff6756fff050, exit_signal=0, stack=0xff6752ff0000, stack_size=0x400e840, tls=0xff6756fff6c0} => {parent_tid=[13485]}, 88) = 13485
13485 clone3({flags=CLONE_VM|CLONE_FS|CLONE_FILES|CLONE_SIGHAND|CLONE_THREAD|CLONE_SYSVSEM|CLONE_SETTLS|CLONE_PARENT_SETTID|CLONE_CHILD_CLEARTID, child_tid=0xff674bfff050, parent_tid=0xff674bfff050, exit_signal=0, stack=0xff6747ff0000, stack_size=0x400e840, tls=0xff674bfff6c0} => {parent_tid=[13486]}, 88) = 13486
13485 clone3({flags=CLONE_VM|CLONE_FS|CLONE_FILES|CLONE_SIGHAND|CLONE_THREAD|CLONE_SYSVSEM|CLONE_SETTLS|CLONE_PARENT_SETTID|CLONE_CHILD_CLEARTID, child_tid=0xff6747fef050, parent_tid=0xff6747fef050, exit_signal=0, stack=0xff6743fe0000, stack_size=0x400e840, tls=0xff6747fef6c0} => {parent_tid=[13487]}, 88) = 13487
13485 clone3({flags=CLONE_VM|CLONE_FS|CLONE_FILES|CLONE_SIGHAND|CLONE_THREAD|CLONE_SYSVSEM|CLONE_SETTLS|CLONE_PARENT_SETTID|CLONE_CHILD_CLEARTID, child_tid=0xff673bfff050, parent_tid=0xff673bfff050, exit_signal=0, stack=0xff6737ff0000, stack_size=0x400e840, tls=0xff673bfff6c0} => {parent_tid=[13488]}, 88) = 13488
13486 exit(0 <unfinished ...>
13488 exit(0 <unfinished ...>
13486 <... exit resumed>)               = ?
13488 <... exit resumed>)               = ?
13487 exit(0 <unfinished ...>
13488 +++ exited with 0 +++
13487 <... exit resumed>)               = ?
13486 +++ exited with 0 +++
13484 exit_group(0 <unfinished ...>
13487 +++ exited with 0 +++
13484 <... exit_group resumed>)         = ?
13485 +++ exited with 0 +++
13484 +++ exited with 0 +++
13483 <... wait4 resumed>[{WIFEXITED(s) && WEXITSTATUS(s) == 0}], 0, NULL) = 13484
13483 --- SIGCHLD {si_signo=SIGCHLD, si_code=CLD_EXITED, si_pid=13484, si_uid=1001, si_status=0, si_utime=0, si_stime=1 /* 0.01 s */} ---
13483 exit_group(0)                     = ?
13483 +++ exited with 0 +++
13481 <... wait4 resumed>[{WIFEXITED(s) && WEXITSTATUS(s) == 0}], 0, NULL) = 13483
13481 --- SIGCHLD {si_signo=SIGCHLD, si_code=CLD_EXITED, si_pid=13483, si_uid=1001, si_status=0, si_utime=0, si_stime=0} ---
13481 exit_group(0)                     = ?
13481 +++ exited with 0 +++
13479 <... wait4 resumed>[{WIFEXITED(s) && WEXITSTATUS(s) == 0}], 0, NULL) = 13481
13479 --- SIGCHLD {si_signo=SIGCHLD, si_code=CLD_EXITED, si_pid=13481, si_uid=1001, si_status=0, si_utime=0, si_stime=0} ---
13479 exit_group(0)                     = ?
13479 +++ exited with 0 +++
