6872  execve("/home/runner/work/_temp/baseline-bootstrap-workspace/b4/compiler", ["/home/runner/work/_temp/baseline"..., "build", "/home/runner/work/_temp/baseline"..., "--output", "/home/runner/work/_temp/baseline"..., "--qbe", "/home/runner/work/_temp/qbe-1.3/"..., "--cc", "/usr/bin/cc", "--target", "linux-arm64-v0"], 0xffffc5305048 /* 109 vars */) = 0
6872  clone(child_stack=NULL, flags=CLONE_CHILD_CLEARTID|CLONE_CHILD_SETTID|SIGCHLD, child_tidptr=0xff1edc90cf90) = 6873
6872  wait4(6873,  <unfinished ...>
6873  execve("/home/runner/work/_temp/qbe-1.3/qbe", ["/home/runner/work/_temp/qbe-1.3/"..., "-t", "arm64", "-o", "/home/runner/work/_temp/baseline"..., "/home/runner/work/_temp/baseline"...], 0xfffff275e668 /* 109 vars */) = 0
6873  exit_group(0)                     = ?
6873  +++ exited with 0 +++
6872  <... wait4 resumed>[{WIFEXITED(s) && WEXITSTATUS(s) == 0}], 0, NULL) = 6873
6872  --- SIGCHLD {si_signo=SIGCHLD, si_code=CLD_EXITED, si_pid=6873, si_uid=1001, si_status=0, si_utime=0, si_stime=0} ---
6872  clone(child_stack=NULL, flags=CLONE_CHILD_CLEARTID|CLONE_CHILD_SETTID|SIGCHLD, child_tidptr=0xff1edc90cf90) = 6874
6872  wait4(6874,  <unfinished ...>
6874  execve("/usr/bin/cc", ["/usr/bin/cc", "-xassembler", "/home/runner/work/_temp/baseline"..., "-fuse-ld=lld", "-Wl,--gc-sections,--strip-all,--"..., "-lm", "-o", "/home/runner/work/_temp/baseline"...], 0xfffff275e668 /* 109 vars */) = 0
6874  clone(child_stack=0xffffc08f77c0, flags=CLONE_VM|CLONE_VFORK|SIGCHLD <unfinished ...>
6875  execve("/snap/bin/as", ["as", "-EL", "-mabi=lp64", "-o", "/tmp/ccvv37ys.o", "/home/runner/work/_temp/baseline"...], 0x1be12d60 /* 114 vars */) = -1 ENOENT (No such file or directory)
6875  execve("/home/runner/.local/bin/as", ["as", "-EL", "-mabi=lp64", "-o", "/tmp/ccvv37ys.o", "/home/runner/work/_temp/baseline"...], 0x1be12d60 /* 114 vars */) = -1 ENOENT (No such file or directory)
6875  execve("/opt/pipx_bin/as", ["as", "-EL", "-mabi=lp64", "-o", "/tmp/ccvv37ys.o", "/home/runner/work/_temp/baseline"...], 0x1be12d60 /* 114 vars */) = -1 ENOENT (No such file or directory)
6875  execve("/home/runner/.cargo/bin/as", ["as", "-EL", "-mabi=lp64", "-o", "/tmp/ccvv37ys.o", "/home/runner/work/_temp/baseline"...], 0x1be12d60 /* 114 vars */) = -1 ENOENT (No such file or directory)
6875  execve("/home/runner/.config/composer/vendor/bin/as", ["as", "-EL", "-mabi=lp64", "-o", "/tmp/ccvv37ys.o", "/home/runner/work/_temp/baseline"...], 0x1be12d60 /* 114 vars */) = -1 ENOENT (No such file or directory)
6875  execve("/home/runner/.dotnet/tools/as", ["as", "-EL", "-mabi=lp64", "-o", "/tmp/ccvv37ys.o", "/home/runner/work/_temp/baseline"...], 0x1be12d60 /* 114 vars */) = -1 ENOENT (No such file or directory)
6875  execve("/usr/local/sbin/as", ["as", "-EL", "-mabi=lp64", "-o", "/tmp/ccvv37ys.o", "/home/runner/work/_temp/baseline"...], 0x1be12d60 /* 114 vars */) = -1 ENOENT (No such file or directory)
6875  execve("/usr/local/bin/as", ["as", "-EL", "-mabi=lp64", "-o", "/tmp/ccvv37ys.o", "/home/runner/work/_temp/baseline"...], 0x1be12d60 /* 114 vars */) = -1 ENOENT (No such file or directory)
6875  execve("/usr/sbin/as", ["as", "-EL", "-mabi=lp64", "-o", "/tmp/ccvv37ys.o", "/home/runner/work/_temp/baseline"...], 0x1be12d60 /* 114 vars */) = -1 ENOENT (No such file or directory)
6875  execve("/usr/bin/as", ["as", "-EL", "-mabi=lp64", "-o", "/tmp/ccvv37ys.o", "/home/runner/work/_temp/baseline"...], 0x1be12d60 /* 114 vars */ <unfinished ...>
6874  <... clone resumed>)              = 6875
6875  <... execve resumed>)             = 0
6874  wait4(6875,  <unfinished ...>
6875  exit_group(0)                     = ?
6875  +++ exited with 0 +++
6874  <... wait4 resumed>[{WIFEXITED(s) && WEXITSTATUS(s) == 0}], 0, NULL) = 6875
6874  --- SIGCHLD {si_signo=SIGCHLD, si_code=CLD_EXITED, si_pid=6875, si_uid=1001, si_status=0, si_utime=0, si_stime=0} ---
6874  clone(child_stack=0xffffc08f6900, flags=CLONE_VM|CLONE_VFORK|SIGCHLD <unfinished ...>
6876  execve("/usr/libexec/gcc/aarch64-linux-gnu/13/collect2", ["/usr/libexec/gcc/aarch64-linux-g"..., "-plugin", "/usr/libexec/gcc/aarch64-linux-g"..., "-plugin-opt=/usr/libexec/gcc/aar"..., "-plugin-opt=-fresolution=/tmp/cc"..., "-plugin-opt=-pass-through=-lgcc", "-plugin-opt=-pass-through=-lgcc_"..., "-plugin-opt=-pass-through=-lc", "-plugin-opt=-pass-through=-lgcc", "-plugin-opt=-pass-through=-lgcc_"..., "--build-id", "--eh-frame-hdr", "--hash-style=gnu", "--as-needed", "-dynamic-linker", "/lib/ld-linux-aarch64.so.1", "-X", "-EL", "-maarch64linux", "--fix-cortex-a53-843419", "-pie", "-z", "now", "-fuse-ld=lld", "-z", "relro", "-o", "/home/runner/work/_temp/baseline"..., "/usr/lib/gcc/aarch64-linux-gnu/1"..., "/usr/lib/gcc/aarch64-linux-gnu/1"..., "/usr/lib/gcc/aarch64-linux-gnu/1"..., "-L/usr/lib/gcc/aarch64-linux-gnu"..., ...], 0x1be13580 /* 116 vars */ <unfinished ...>
6874  <... clone resumed>)              = 6876
6876  <... execve resumed>)             = 0
6874  wait4(6876,  <unfinished ...>
6876  clone(child_stack=0xfffff1070880, flags=CLONE_VM|CLONE_VFORK|SIGCHLD <unfinished ...>
6877  execve("/usr/bin/ld.lld", ["/usr/bin/ld.lld", "-plugin", "/usr/libexec/gcc/aarch64-linux-g"..., "-plugin-opt=/usr/libexec/gcc/aar"..., "-plugin-opt=-fresolution=/tmp/cc"..., "-plugin-opt=-pass-through=-lgcc", "-plugin-opt=-pass-through=-lgcc_"..., "-plugin-opt=-pass-through=-lc", "-plugin-opt=-pass-through=-lgcc", "-plugin-opt=-pass-through=-lgcc_"..., "--build-id", "--eh-frame-hdr", "--hash-style=gnu", "--as-needed", "-dynamic-linker", "/lib/ld-linux-aarch64.so.1", "-X", "-EL", "-maarch64linux", "--fix-cortex-a53-843419", "-pie", "-z", "now", "-z", "relro", "-o", "/home/runner/work/_temp/baseline"..., "/usr/lib/gcc/aarch64-linux-gnu/1"..., "/usr/lib/gcc/aarch64-linux-gnu/1"..., "/usr/lib/gcc/aarch64-linux-gnu/1"..., "-L/usr/lib/gcc/aarch64-linux-gnu"..., "-L/usr/lib/gcc/aarch64-linux-gnu"..., ...], 0xfffff1070f48 /* 116 vars */ <unfinished ...>
6876  <... clone resumed>)              = 6877
6877  <... execve resumed>)             = 0
6876  wait4(6877,  <unfinished ...>
6877  clone3({flags=CLONE_VM|CLONE_FS|CLONE_FILES|CLONE_SIGHAND|CLONE_THREAD|CLONE_SYSVSEM|CLONE_SETTLS|CLONE_PARENT_SETTID|CLONE_CHILD_CLEARTID, child_tid=0xfffe7bfff050, parent_tid=0xfffe7bfff050, exit_signal=0, stack=0xfffe77ff0000, stack_size=0x400e840, tls=0xfffe7bfff6c0} => {parent_tid=[6878]}, 88) = 6878
6878  clone3({flags=CLONE_VM|CLONE_FS|CLONE_FILES|CLONE_SIGHAND|CLONE_THREAD|CLONE_SYSVSEM|CLONE_SETTLS|CLONE_PARENT_SETTID|CLONE_CHILD_CLEARTID, child_tid=0xfffe6ffff050, parent_tid=0xfffe6ffff050, exit_signal=0, stack=0xfffe6bff0000, stack_size=0x400e840, tls=0xfffe6ffff6c0} => {parent_tid=[6879]}, 88) = 6879
6878  clone3({flags=CLONE_VM|CLONE_FS|CLONE_FILES|CLONE_SIGHAND|CLONE_THREAD|CLONE_SYSVSEM|CLONE_SETTLS|CLONE_PARENT_SETTID|CLONE_CHILD_CLEARTID, child_tid=0xfffe6bfef050, parent_tid=0xfffe6bfef050, exit_signal=0, stack=0xfffe67fe0000, stack_size=0x400e840, tls=0xfffe6bfef6c0} => {parent_tid=[6880]}, 88) = 6880
6878  clone3({flags=CLONE_VM|CLONE_FS|CLONE_FILES|CLONE_SIGHAND|CLONE_THREAD|CLONE_SYSVSEM|CLONE_SETTLS|CLONE_PARENT_SETTID|CLONE_CHILD_CLEARTID, child_tid=0xfffe5ffff050, parent_tid=0xfffe5ffff050, exit_signal=0, stack=0xfffe5bff0000, stack_size=0x400e840, tls=0xfffe5ffff6c0} => {parent_tid=[6881]}, 88) = 6881
6877  exit_group(0 <unfinished ...>
6878  ???( <unfinished ...>
6877  <... exit_group resumed>)         = ?
6881  +++ exited with 0 +++
6880  +++ exited with 0 +++
6879  +++ exited with 0 +++
6878  +++ exited with 0 +++
6877  +++ exited with 0 +++
6876  <... wait4 resumed>[{WIFEXITED(s) && WEXITSTATUS(s) == 0}], 0, NULL) = 6877
6876  --- SIGCHLD {si_signo=SIGCHLD, si_code=CLD_EXITED, si_pid=6877, si_uid=1001, si_status=0, si_utime=0, si_stime=2 /* 0.02 s */} ---
6876  exit_group(0)                     = ?
6876  +++ exited with 0 +++
6874  <... wait4 resumed>[{WIFEXITED(s) && WEXITSTATUS(s) == 0}], 0, NULL) = 6876
6874  --- SIGCHLD {si_signo=SIGCHLD, si_code=CLD_EXITED, si_pid=6876, si_uid=1001, si_status=0, si_utime=0, si_stime=0} ---
6874  exit_group(0)                     = ?
6874  +++ exited with 0 +++
6872  <... wait4 resumed>[{WIFEXITED(s) && WEXITSTATUS(s) == 0}], 0, NULL) = 6874
6872  --- SIGCHLD {si_signo=SIGCHLD, si_code=CLD_EXITED, si_pid=6874, si_uid=1001, si_status=0, si_utime=0, si_stime=0} ---
6872  exit_group(0)                     = ?
6872  +++ exited with 0 +++
