10498 execve("/home/runner/work/_temp/bootstrap-workspace/b4/compiler", ["/home/runner/work/_temp/bootstra"..., "build", "/home/runner/work/type-rb-native"..., "--output", "/home/runner/work/_temp/bootstra"..., "--qbe", "/home/runner/work/_temp/qbe-1.3/"..., "--cc", "/usr/bin/cc", "--target", "linux-arm64-v0"], 0xffffcc7612b8 /* 111 vars */) = 0
10498 clone(child_stack=NULL, flags=CLONE_CHILD_CLEARTID|CLONE_CHILD_SETTID|SIGCHLD, child_tidptr=0xffa45533df90) = 10499
10498 wait4(10499,  <unfinished ...>
10499 execve("/home/runner/work/_temp/qbe-1.3/qbe", ["/home/runner/work/_temp/qbe-1.3/"..., "-t", "arm64", "-o", "/home/runner/work/_temp/bootstra"..., "/home/runner/work/_temp/bootstra"...], 0xfffff18dad98 /* 111 vars */) = 0
10499 exit_group(0)                     = ?
10499 +++ exited with 0 +++
10498 <... wait4 resumed>[{WIFEXITED(s) && WEXITSTATUS(s) == 0}], 0, NULL) = 10499
10498 --- SIGCHLD {si_signo=SIGCHLD, si_code=CLD_EXITED, si_pid=10499, si_uid=1001, si_status=0, si_utime=0, si_stime=0} ---
10498 clone(child_stack=NULL, flags=CLONE_CHILD_CLEARTID|CLONE_CHILD_SETTID|SIGCHLD, child_tidptr=0xffa45533df90) = 10500
10498 wait4(10500,  <unfinished ...>
10500 execve("/usr/bin/cc", ["/usr/bin/cc", "-xassembler", "/home/runner/work/_temp/bootstra"..., "-fuse-ld=lld", "-Wl,--gc-sections,--strip-all,--"..., "-lm", "-o", "/home/runner/work/_temp/bootstra"...], 0xfffff18dad98 /* 111 vars */) = 0
10500 clone(child_stack=0xffffc54cad70, flags=CLONE_VM|CLONE_VFORK|SIGCHLD <unfinished ...>
10501 execve("/home/runner/go/bin/as", ["as", "-EL", "-mabi=lp64", "-o", "/tmp/ccoGWOA0.o", "/home/runner/work/_temp/bootstra"...], 0x14529d70 /* 116 vars */) = -1 ENOENT (No such file or directory)
10501 execve("/opt/hostedtoolcache/go/1.27.1/arm64/bin/as", ["as", "-EL", "-mabi=lp64", "-o", "/tmp/ccoGWOA0.o", "/home/runner/work/_temp/bootstra"...], 0x14529d70 /* 116 vars */) = -1 ENOENT (No such file or directory)
10501 execve("/snap/bin/as", ["as", "-EL", "-mabi=lp64", "-o", "/tmp/ccoGWOA0.o", "/home/runner/work/_temp/bootstra"...], 0x14529d70 /* 116 vars */) = -1 ENOENT (No such file or directory)
10501 execve("/home/runner/.local/bin/as", ["as", "-EL", "-mabi=lp64", "-o", "/tmp/ccoGWOA0.o", "/home/runner/work/_temp/bootstra"...], 0x14529d70 /* 116 vars */) = -1 ENOENT (No such file or directory)
10501 execve("/opt/pipx_bin/as", ["as", "-EL", "-mabi=lp64", "-o", "/tmp/ccoGWOA0.o", "/home/runner/work/_temp/bootstra"...], 0x14529d70 /* 116 vars */) = -1 ENOENT (No such file or directory)
10501 execve("/home/runner/.cargo/bin/as", ["as", "-EL", "-mabi=lp64", "-o", "/tmp/ccoGWOA0.o", "/home/runner/work/_temp/bootstra"...], 0x14529d70 /* 116 vars */) = -1 ENOENT (No such file or directory)
10501 execve("/home/runner/.config/composer/vendor/bin/as", ["as", "-EL", "-mabi=lp64", "-o", "/tmp/ccoGWOA0.o", "/home/runner/work/_temp/bootstra"...], 0x14529d70 /* 116 vars */) = -1 ENOENT (No such file or directory)
10501 execve("/home/runner/.dotnet/tools/as", ["as", "-EL", "-mabi=lp64", "-o", "/tmp/ccoGWOA0.o", "/home/runner/work/_temp/bootstra"...], 0x14529d70 /* 116 vars */) = -1 ENOENT (No such file or directory)
10501 execve("/usr/local/sbin/as", ["as", "-EL", "-mabi=lp64", "-o", "/tmp/ccoGWOA0.o", "/home/runner/work/_temp/bootstra"...], 0x14529d70 /* 116 vars */) = -1 ENOENT (No such file or directory)
10501 execve("/usr/local/bin/as", ["as", "-EL", "-mabi=lp64", "-o", "/tmp/ccoGWOA0.o", "/home/runner/work/_temp/bootstra"...], 0x14529d70 /* 116 vars */) = -1 ENOENT (No such file or directory)
10501 execve("/usr/sbin/as", ["as", "-EL", "-mabi=lp64", "-o", "/tmp/ccoGWOA0.o", "/home/runner/work/_temp/bootstra"...], 0x14529d70 /* 116 vars */) = -1 ENOENT (No such file or directory)
10501 execve("/usr/bin/as", ["as", "-EL", "-mabi=lp64", "-o", "/tmp/ccoGWOA0.o", "/home/runner/work/_temp/bootstra"...], 0x14529d70 /* 116 vars */ <unfinished ...>
10500 <... clone resumed>)              = 10501
10501 <... execve resumed>)             = 0
10500 wait4(10501,  <unfinished ...>
10501 exit_group(0)                     = ?
10501 +++ exited with 0 +++
10500 <... wait4 resumed>[{WIFEXITED(s) && WEXITSTATUS(s) == 0}], 0, NULL) = 10501
10500 --- SIGCHLD {si_signo=SIGCHLD, si_code=CLD_EXITED, si_pid=10501, si_uid=1001, si_status=0, si_utime=0, si_stime=0} ---
10500 clone(child_stack=0xffffc54c9eb0, flags=CLONE_VM|CLONE_VFORK|SIGCHLD <unfinished ...>
10502 execve("/usr/libexec/gcc/aarch64-linux-gnu/13/collect2", ["/usr/libexec/gcc/aarch64-linux-g"..., "-plugin", "/usr/libexec/gcc/aarch64-linux-g"..., "-plugin-opt=/usr/libexec/gcc/aar"..., "-plugin-opt=-fresolution=/tmp/cc"..., "-plugin-opt=-pass-through=-lgcc", "-plugin-opt=-pass-through=-lgcc_"..., "-plugin-opt=-pass-through=-lc", "-plugin-opt=-pass-through=-lgcc", "-plugin-opt=-pass-through=-lgcc_"..., "--build-id", "--eh-frame-hdr", "--hash-style=gnu", "--as-needed", "-dynamic-linker", "/lib/ld-linux-aarch64.so.1", "-X", "-EL", "-maarch64linux", "--fix-cortex-a53-843419", "-pie", "-z", "now", "-fuse-ld=lld", "-z", "relro", "-o", "/home/runner/work/_temp/bootstra"..., "/usr/lib/gcc/aarch64-linux-gnu/1"..., "/usr/lib/gcc/aarch64-linux-gnu/1"..., "/usr/lib/gcc/aarch64-linux-gnu/1"..., "-L/usr/lib/gcc/aarch64-linux-gnu"..., ...], 0x1452a5a0 /* 118 vars */ <unfinished ...>
10500 <... clone resumed>)              = 10502
10502 <... execve resumed>)             = 0
10500 wait4(10502,  <unfinished ...>
10502 clone(child_stack=0xffffd8e024e0, flags=CLONE_VM|CLONE_VFORK|SIGCHLD <unfinished ...>
10503 execve("/usr/bin/ld.lld", ["/usr/bin/ld.lld", "-plugin", "/usr/libexec/gcc/aarch64-linux-g"..., "-plugin-opt=/usr/libexec/gcc/aar"..., "-plugin-opt=-fresolution=/tmp/cc"..., "-plugin-opt=-pass-through=-lgcc", "-plugin-opt=-pass-through=-lgcc_"..., "-plugin-opt=-pass-through=-lc", "-plugin-opt=-pass-through=-lgcc", "-plugin-opt=-pass-through=-lgcc_"..., "--build-id", "--eh-frame-hdr", "--hash-style=gnu", "--as-needed", "-dynamic-linker", "/lib/ld-linux-aarch64.so.1", "-X", "-EL", "-maarch64linux", "--fix-cortex-a53-843419", "-pie", "-z", "now", "-z", "relro", "-o", "/home/runner/work/_temp/bootstra"..., "/usr/lib/gcc/aarch64-linux-gnu/1"..., "/usr/lib/gcc/aarch64-linux-gnu/1"..., "/usr/lib/gcc/aarch64-linux-gnu/1"..., "-L/usr/lib/gcc/aarch64-linux-gnu"..., "-L/usr/lib/gcc/aarch64-linux-gnu"..., ...], 0xffffd8e02ba8 /* 118 vars */ <unfinished ...>
10502 <... clone resumed>)              = 10503
10503 <... execve resumed>)             = 0
10502 wait4(10503,  <unfinished ...>
10503 clone3({flags=CLONE_VM|CLONE_FS|CLONE_FILES|CLONE_SIGHAND|CLONE_THREAD|CLONE_SYSVSEM|CLONE_SETTLS|CLONE_PARENT_SETTID|CLONE_CHILD_CLEARTID, child_tid=0xff05bedff050, parent_tid=0xff05bedff050, exit_signal=0, stack=0xff05badf0000, stack_size=0x400e840, tls=0xff05bedff6c0} => {parent_tid=[10504]}, 88) = 10504
10504 clone3({flags=CLONE_VM|CLONE_FS|CLONE_FILES|CLONE_SIGHAND|CLONE_THREAD|CLONE_SYSVSEM|CLONE_SETTLS|CLONE_PARENT_SETTID|CLONE_CHILD_CLEARTID, child_tid=0xff05b3fff050, parent_tid=0xff05b3fff050, exit_signal=0, stack=0xff05afff0000, stack_size=0x400e840, tls=0xff05b3fff6c0} => {parent_tid=[10505]}, 88) = 10505
10504 clone3({flags=CLONE_VM|CLONE_FS|CLONE_FILES|CLONE_SIGHAND|CLONE_THREAD|CLONE_SYSVSEM|CLONE_SETTLS|CLONE_PARENT_SETTID|CLONE_CHILD_CLEARTID, child_tid=0xff05affef050, parent_tid=0xff05affef050, exit_signal=0, stack=0xff05abfe0000, stack_size=0x400e840, tls=0xff05affef6c0} => {parent_tid=[10506]}, 88) = 10506
10504 clone3({flags=CLONE_VM|CLONE_FS|CLONE_FILES|CLONE_SIGHAND|CLONE_THREAD|CLONE_SYSVSEM|CLONE_SETTLS|CLONE_PARENT_SETTID|CLONE_CHILD_CLEARTID, child_tid=0xff05a3fff050, parent_tid=0xff05a3fff050, exit_signal=0, stack=0xff059fff0000, stack_size=0x400e840, tls=0xff05a3fff6c0} => {parent_tid=[10507]}, 88) = 10507
10504 exit(0)                           = ?
10507 exit(0)                           = ?
10506 exit(0 <unfinished ...>
10504 +++ exited with 0 +++
10503 exit_group(0 <unfinished ...>
10506 <... exit resumed>)               = ?
10507 +++ exited with 0 +++
10503 <... exit_group resumed>)         = ?
10506 +++ exited with 0 +++
10505 +++ exited with 0 +++
10503 +++ exited with 0 +++
10502 <... wait4 resumed>[{WIFEXITED(s) && WEXITSTATUS(s) == 0}], 0, NULL) = 10503
10502 --- SIGCHLD {si_signo=SIGCHLD, si_code=CLD_EXITED, si_pid=10503, si_uid=1001, si_status=0, si_utime=1 /* 0.01 s */, si_stime=1 /* 0.01 s */} ---
10502 exit_group(0)                     = ?
10502 +++ exited with 0 +++
10500 <... wait4 resumed>[{WIFEXITED(s) && WEXITSTATUS(s) == 0}], 0, NULL) = 10502
10500 --- SIGCHLD {si_signo=SIGCHLD, si_code=CLD_EXITED, si_pid=10502, si_uid=1001, si_status=0, si_utime=0, si_stime=0} ---
10500 exit_group(0)                     = ?
10500 +++ exited with 0 +++
10498 <... wait4 resumed>[{WIFEXITED(s) && WEXITSTATUS(s) == 0}], 0, NULL) = 10500
10498 --- SIGCHLD {si_signo=SIGCHLD, si_code=CLD_EXITED, si_pid=10500, si_uid=1001, si_status=0, si_utime=0, si_stime=0} ---
10498 exit_group(0)                     = ?
10498 +++ exited with 0 +++
