9120  execve("/home/runner/work/_temp/bootstrap-workspace/b4/compiler", ["/home/runner/work/_temp/bootstra"..., "build", "/home/runner/work/type-rb-native"..., "--output", "/home/runner/work/_temp/bootstra"..., "--qbe", "/home/runner/work/_temp/qbe-1.3/"..., "--cc", "/usr/bin/cc", "--target", "linux-arm64-v0"], 0xfffff6543ed8 /* 111 vars */) = 0
9120  clone(child_stack=NULL, flags=CLONE_CHILD_CLEARTID|CLONE_CHILD_SETTID|SIGCHLD, child_tidptr=0xff06a6e4df90) = 9121
9120  wait4(9121,  <unfinished ...>
9121  execve("/home/runner/work/_temp/qbe-1.3/qbe", ["/home/runner/work/_temp/qbe-1.3/"..., "-t", "arm64", "-o", "/home/runner/work/_temp/bootstra"..., "/home/runner/work/_temp/bootstra"...], 0xffffc75f89e8 /* 111 vars */) = 0
9121  exit_group(0)                     = ?
9121  +++ exited with 0 +++
9120  <... wait4 resumed>[{WIFEXITED(s) && WEXITSTATUS(s) == 0}], 0, NULL) = 9121
9120  --- SIGCHLD {si_signo=SIGCHLD, si_code=CLD_EXITED, si_pid=9121, si_uid=1001, si_status=0, si_utime=0, si_stime=0} ---
9120  clone(child_stack=NULL, flags=CLONE_CHILD_CLEARTID|CLONE_CHILD_SETTID|SIGCHLD, child_tidptr=0xff06a6e4df90) = 9122
9120  wait4(9122,  <unfinished ...>
9122  execve("/usr/bin/cc", ["/usr/bin/cc", "-xassembler", "/home/runner/work/_temp/bootstra"..., "-fuse-ld=lld", "-Wl,--gc-sections,--strip-all", "-lm", "-o", "/home/runner/work/_temp/bootstra"...], 0xffffc75f89e8 /* 111 vars */) = 0
9122  clone(child_stack=0xfffff0a48140, flags=CLONE_VM|CLONE_VFORK|SIGCHLD <unfinished ...>
9123  execve("/home/runner/go/bin/as", ["as", "-EL", "-mabi=lp64", "-o", "/tmp/cc7XcpKW.o", "/home/runner/work/_temp/bootstra"...], 0x387d9d50 /* 116 vars */) = -1 ENOENT (No such file or directory)
9123  execve("/opt/hostedtoolcache/go/1.27.0/arm64/bin/as", ["as", "-EL", "-mabi=lp64", "-o", "/tmp/cc7XcpKW.o", "/home/runner/work/_temp/bootstra"...], 0x387d9d50 /* 116 vars */) = -1 ENOENT (No such file or directory)
9123  execve("/snap/bin/as", ["as", "-EL", "-mabi=lp64", "-o", "/tmp/cc7XcpKW.o", "/home/runner/work/_temp/bootstra"...], 0x387d9d50 /* 116 vars */) = -1 ENOENT (No such file or directory)
9123  execve("/home/runner/.local/bin/as", ["as", "-EL", "-mabi=lp64", "-o", "/tmp/cc7XcpKW.o", "/home/runner/work/_temp/bootstra"...], 0x387d9d50 /* 116 vars */) = -1 ENOENT (No such file or directory)
9123  execve("/opt/pipx_bin/as", ["as", "-EL", "-mabi=lp64", "-o", "/tmp/cc7XcpKW.o", "/home/runner/work/_temp/bootstra"...], 0x387d9d50 /* 116 vars */) = -1 ENOENT (No such file or directory)
9123  execve("/home/runner/.cargo/bin/as", ["as", "-EL", "-mabi=lp64", "-o", "/tmp/cc7XcpKW.o", "/home/runner/work/_temp/bootstra"...], 0x387d9d50 /* 116 vars */) = -1 ENOENT (No such file or directory)
9123  execve("/home/runner/.config/composer/vendor/bin/as", ["as", "-EL", "-mabi=lp64", "-o", "/tmp/cc7XcpKW.o", "/home/runner/work/_temp/bootstra"...], 0x387d9d50 /* 116 vars */) = -1 ENOENT (No such file or directory)
9123  execve("/home/runner/.dotnet/tools/as", ["as", "-EL", "-mabi=lp64", "-o", "/tmp/cc7XcpKW.o", "/home/runner/work/_temp/bootstra"...], 0x387d9d50 /* 116 vars */) = -1 ENOENT (No such file or directory)
9123  execve("/usr/local/sbin/as", ["as", "-EL", "-mabi=lp64", "-o", "/tmp/cc7XcpKW.o", "/home/runner/work/_temp/bootstra"...], 0x387d9d50 /* 116 vars */) = -1 ENOENT (No such file or directory)
9123  execve("/usr/local/bin/as", ["as", "-EL", "-mabi=lp64", "-o", "/tmp/cc7XcpKW.o", "/home/runner/work/_temp/bootstra"...], 0x387d9d50 /* 116 vars */) = -1 ENOENT (No such file or directory)
9123  execve("/usr/sbin/as", ["as", "-EL", "-mabi=lp64", "-o", "/tmp/cc7XcpKW.o", "/home/runner/work/_temp/bootstra"...], 0x387d9d50 /* 116 vars */) = -1 ENOENT (No such file or directory)
9123  execve("/usr/bin/as", ["as", "-EL", "-mabi=lp64", "-o", "/tmp/cc7XcpKW.o", "/home/runner/work/_temp/bootstra"...], 0x387d9d50 /* 116 vars */ <unfinished ...>
9122  <... clone resumed>)              = 9123
9123  <... execve resumed>)             = 0
9122  wait4(9123,  <unfinished ...>
9123  exit_group(0)                     = ?
9123  +++ exited with 0 +++
9122  <... wait4 resumed>[{WIFEXITED(s) && WEXITSTATUS(s) == 0}], 0, NULL) = 9123
9122  --- SIGCHLD {si_signo=SIGCHLD, si_code=CLD_EXITED, si_pid=9123, si_uid=1001, si_status=0, si_utime=0, si_stime=0} ---
9122  clone(child_stack=0xfffff0a47280, flags=CLONE_VM|CLONE_VFORK|SIGCHLD <unfinished ...>
9124  execve("/usr/libexec/gcc/aarch64-linux-gnu/13/collect2", ["/usr/libexec/gcc/aarch64-linux-g"..., "-plugin", "/usr/libexec/gcc/aarch64-linux-g"..., "-plugin-opt=/usr/libexec/gcc/aar"..., "-plugin-opt=-fresolution=/tmp/cc"..., "-plugin-opt=-pass-through=-lgcc", "-plugin-opt=-pass-through=-lgcc_"..., "-plugin-opt=-pass-through=-lc", "-plugin-opt=-pass-through=-lgcc", "-plugin-opt=-pass-through=-lgcc_"..., "--build-id", "--eh-frame-hdr", "--hash-style=gnu", "--as-needed", "-dynamic-linker", "/lib/ld-linux-aarch64.so.1", "-X", "-EL", "-maarch64linux", "--fix-cortex-a53-843419", "-pie", "-z", "now", "-fuse-ld=lld", "-z", "relro", "-o", "/home/runner/work/_temp/bootstra"..., "/usr/lib/gcc/aarch64-linux-gnu/1"..., "/usr/lib/gcc/aarch64-linux-gnu/1"..., "/usr/lib/gcc/aarch64-linux-gnu/1"..., "-L/usr/lib/gcc/aarch64-linux-gnu"..., ...], 0x387da580 /* 118 vars */ <unfinished ...>
9122  <... clone resumed>)              = 9124
9124  <... execve resumed>)             = 0
9122  wait4(9124,  <unfinished ...>
9124  clone(child_stack=0xffffd3d5a030, flags=CLONE_VM|CLONE_VFORK|SIGCHLD <unfinished ...>
9125  execve("/usr/bin/ld.lld", ["/usr/bin/ld.lld", "-plugin", "/usr/libexec/gcc/aarch64-linux-g"..., "-plugin-opt=/usr/libexec/gcc/aar"..., "-plugin-opt=-fresolution=/tmp/cc"..., "-plugin-opt=-pass-through=-lgcc", "-plugin-opt=-pass-through=-lgcc_"..., "-plugin-opt=-pass-through=-lc", "-plugin-opt=-pass-through=-lgcc", "-plugin-opt=-pass-through=-lgcc_"..., "--build-id", "--eh-frame-hdr", "--hash-style=gnu", "--as-needed", "-dynamic-linker", "/lib/ld-linux-aarch64.so.1", "-X", "-EL", "-maarch64linux", "--fix-cortex-a53-843419", "-pie", "-z", "now", "-z", "relro", "-o", "/home/runner/work/_temp/bootstra"..., "/usr/lib/gcc/aarch64-linux-gnu/1"..., "/usr/lib/gcc/aarch64-linux-gnu/1"..., "/usr/lib/gcc/aarch64-linux-gnu/1"..., "-L/usr/lib/gcc/aarch64-linux-gnu"..., "-L/usr/lib/gcc/aarch64-linux-gnu"..., ...], 0xffffd3d5a6f0 /* 118 vars */ <unfinished ...>
9124  <... clone resumed>)              = 9125
9125  <... execve resumed>)             = 0
9124  wait4(9125,  <unfinished ...>
9125  clone3({flags=CLONE_VM|CLONE_FS|CLONE_FILES|CLONE_SIGHAND|CLONE_THREAD|CLONE_SYSVSEM|CLONE_SETTLS|CLONE_PARENT_SETTID|CLONE_CHILD_CLEARTID, child_tid=0xff0c783ff050, parent_tid=0xff0c783ff050, exit_signal=0, stack=0xff0c743f0000, stack_size=0x400e840, tls=0xff0c783ff6c0} => {parent_tid=[9126]}, 88) = 9126
9126  clone3({flags=CLONE_VM|CLONE_FS|CLONE_FILES|CLONE_SIGHAND|CLONE_THREAD|CLONE_SYSVSEM|CLONE_SETTLS|CLONE_PARENT_SETTID|CLONE_CHILD_CLEARTID, child_tid=0xff0c6ffff050, parent_tid=0xff0c6ffff050, exit_signal=0, stack=0xff0c6bff0000, stack_size=0x400e840, tls=0xff0c6ffff6c0} => {parent_tid=[9127]}, 88) = 9127
9126  clone3({flags=CLONE_VM|CLONE_FS|CLONE_FILES|CLONE_SIGHAND|CLONE_THREAD|CLONE_SYSVSEM|CLONE_SETTLS|CLONE_PARENT_SETTID|CLONE_CHILD_CLEARTID, child_tid=0xff0c6bfef050, parent_tid=0xff0c6bfef050, exit_signal=0, stack=0xff0c67fe0000, stack_size=0x400e840, tls=0xff0c6bfef6c0} => {parent_tid=[9128]}, 88) = 9128
9126  clone3({flags=CLONE_VM|CLONE_FS|CLONE_FILES|CLONE_SIGHAND|CLONE_THREAD|CLONE_SYSVSEM|CLONE_SETTLS|CLONE_PARENT_SETTID|CLONE_CHILD_CLEARTID, child_tid=0xff0c5ffff050, parent_tid=0xff0c5ffff050, exit_signal=0, stack=0xff0c5bff0000, stack_size=0x400e840, tls=0xff0c5ffff6c0} => {parent_tid=[9129]}, 88) = 9129
9129  exit(0)                           = ?
9127  exit(0 <unfinished ...>
9129  +++ exited with 0 +++
9127  <... exit resumed>)               = ?
9127  +++ exited with 0 +++
9125  exit_group(0 <unfinished ...>
9126  ???( <unfinished ...>
9125  <... exit_group resumed>)         = ?
9128  +++ exited with 0 +++
9126  +++ exited with 0 +++
9125  +++ exited with 0 +++
9124  <... wait4 resumed>[{WIFEXITED(s) && WEXITSTATUS(s) == 0}], 0, NULL) = 9125
9124  --- SIGCHLD {si_signo=SIGCHLD, si_code=CLD_EXITED, si_pid=9125, si_uid=1001, si_status=0, si_utime=0, si_stime=1 /* 0.01 s */} ---
9124  exit_group(0)                     = ?
9124  +++ exited with 0 +++
9122  <... wait4 resumed>[{WIFEXITED(s) && WEXITSTATUS(s) == 0}], 0, NULL) = 9124
9122  --- SIGCHLD {si_signo=SIGCHLD, si_code=CLD_EXITED, si_pid=9124, si_uid=1001, si_status=0, si_utime=0, si_stime=0} ---
9122  exit_group(0)                     = ?
9122  +++ exited with 0 +++
9120  <... wait4 resumed>[{WIFEXITED(s) && WEXITSTATUS(s) == 0}], 0, NULL) = 9122
9120  --- SIGCHLD {si_signo=SIGCHLD, si_code=CLD_EXITED, si_pid=9122, si_uid=1001, si_status=0, si_utime=0, si_stime=0} ---
9120  exit_group(0)                     = ?
9120  +++ exited with 0 +++
