10707 execve("/home/runner/work/_temp/candidate-compiler", ["/home/runner/work/_temp/candidat"..., "build", "/home/runner/work/type-rb-native"..., "--output", "/home/runner/work/_temp/build-wo"..., "--qbe", "/home/runner/work/_temp/qbe-1.3/"..., "--cc", "/usr/bin/cc", "--target", "linux-arm64-v0"], 0xffffc4a3d4a8 /* 115 vars */) = 0
10707 clone(child_stack=NULL, flags=CLONE_CHILD_CLEARTID|CLONE_CHILD_SETTID|SIGCHLD, child_tidptr=0xff7a76556f90) = 10708
10707 wait4(10708,  <unfinished ...>
10708 execve("/home/runner/work/_temp/qbe-1.3/qbe", ["/home/runner/work/_temp/qbe-1.3/"..., "-t", "arm64", "-o", "/home/runner/work/_temp/build-wo"..., "/home/runner/work/_temp/build-wo"...], 0xfffffe34d8f8 /* 115 vars */) = 0
10708 exit_group(0)                     = ?
10708 +++ exited with 0 +++
10707 <... wait4 resumed>[{WIFEXITED(s) && WEXITSTATUS(s) == 0}], 0, NULL) = 10708
10707 --- SIGCHLD {si_signo=SIGCHLD, si_code=CLD_EXITED, si_pid=10708, si_uid=1001, si_status=0, si_utime=1 /* 0.01 s */, si_stime=0} ---
10707 clone(child_stack=NULL, flags=CLONE_CHILD_CLEARTID|CLONE_CHILD_SETTID|SIGCHLD, child_tidptr=0xff7a76556f90) = 10709
10707 wait4(10709,  <unfinished ...>
10709 execve("/usr/bin/cc", ["/usr/bin/cc", "-xassembler", "/home/runner/work/_temp/build-wo"..., "-fuse-ld=lld", "-Wl,--gc-sections,--strip-all,--"..., "-lm", "-o", "/home/runner/work/_temp/build-wo"...], 0xfffffe34d8f8 /* 115 vars */) = 0
10709 clone(child_stack=0xfffff8a8a2b0, flags=CLONE_VM|CLONE_VFORK|SIGCHLD <unfinished ...>
10710 execve("/home/runner/go/bin/as", ["as", "-EL", "-mabi=lp64", "-o", "/tmp/ccMHWlpP.o", "/home/runner/work/_temp/build-wo"...], 0x7109da0 /* 120 vars */) = -1 ENOENT (No such file or directory)
10710 execve("/opt/hostedtoolcache/go/1.27.1/arm64/bin/as", ["as", "-EL", "-mabi=lp64", "-o", "/tmp/ccMHWlpP.o", "/home/runner/work/_temp/build-wo"...], 0x7109da0 /* 120 vars */) = -1 ENOENT (No such file or directory)
10710 execve("/snap/bin/as", ["as", "-EL", "-mabi=lp64", "-o", "/tmp/ccMHWlpP.o", "/home/runner/work/_temp/build-wo"...], 0x7109da0 /* 120 vars */) = -1 ENOENT (No such file or directory)
10710 execve("/home/runner/.local/bin/as", ["as", "-EL", "-mabi=lp64", "-o", "/tmp/ccMHWlpP.o", "/home/runner/work/_temp/build-wo"...], 0x7109da0 /* 120 vars */) = -1 ENOENT (No such file or directory)
10710 execve("/opt/pipx_bin/as", ["as", "-EL", "-mabi=lp64", "-o", "/tmp/ccMHWlpP.o", "/home/runner/work/_temp/build-wo"...], 0x7109da0 /* 120 vars */) = -1 ENOENT (No such file or directory)
10710 execve("/home/runner/.cargo/bin/as", ["as", "-EL", "-mabi=lp64", "-o", "/tmp/ccMHWlpP.o", "/home/runner/work/_temp/build-wo"...], 0x7109da0 /* 120 vars */) = -1 ENOENT (No such file or directory)
10710 execve("/home/runner/.config/composer/vendor/bin/as", ["as", "-EL", "-mabi=lp64", "-o", "/tmp/ccMHWlpP.o", "/home/runner/work/_temp/build-wo"...], 0x7109da0 /* 120 vars */) = -1 ENOENT (No such file or directory)
10710 execve("/home/runner/.dotnet/tools/as", ["as", "-EL", "-mabi=lp64", "-o", "/tmp/ccMHWlpP.o", "/home/runner/work/_temp/build-wo"...], 0x7109da0 /* 120 vars */) = -1 ENOENT (No such file or directory)
10710 execve("/usr/local/sbin/as", ["as", "-EL", "-mabi=lp64", "-o", "/tmp/ccMHWlpP.o", "/home/runner/work/_temp/build-wo"...], 0x7109da0 /* 120 vars */) = -1 ENOENT (No such file or directory)
10710 execve("/usr/local/bin/as", ["as", "-EL", "-mabi=lp64", "-o", "/tmp/ccMHWlpP.o", "/home/runner/work/_temp/build-wo"...], 0x7109da0 /* 120 vars */) = -1 ENOENT (No such file or directory)
10710 execve("/usr/sbin/as", ["as", "-EL", "-mabi=lp64", "-o", "/tmp/ccMHWlpP.o", "/home/runner/work/_temp/build-wo"...], 0x7109da0 /* 120 vars */) = -1 ENOENT (No such file or directory)
10710 execve("/usr/bin/as", ["as", "-EL", "-mabi=lp64", "-o", "/tmp/ccMHWlpP.o", "/home/runner/work/_temp/build-wo"...], 0x7109da0 /* 120 vars */ <unfinished ...>
10709 <... clone resumed>)              = 10710
10709 wait4(10710,  <unfinished ...>
10710 <... execve resumed>)             = 0
10710 exit_group(0)                     = ?
10710 +++ exited with 0 +++
10709 <... wait4 resumed>[{WIFEXITED(s) && WEXITSTATUS(s) == 0}], 0, NULL) = 10710
10709 --- SIGCHLD {si_signo=SIGCHLD, si_code=CLD_EXITED, si_pid=10710, si_uid=1001, si_status=0, si_utime=0, si_stime=0} ---
10709 clone(child_stack=0xfffff8a893f0, flags=CLONE_VM|CLONE_VFORK|SIGCHLD <unfinished ...>
10711 execve("/usr/libexec/gcc/aarch64-linux-gnu/13/collect2", ["/usr/libexec/gcc/aarch64-linux-g"..., "-plugin", "/usr/libexec/gcc/aarch64-linux-g"..., "-plugin-opt=/usr/libexec/gcc/aar"..., "-plugin-opt=-fresolution=/tmp/cc"..., "-plugin-opt=-pass-through=-lgcc", "-plugin-opt=-pass-through=-lgcc_"..., "-plugin-opt=-pass-through=-lc", "-plugin-opt=-pass-through=-lgcc", "-plugin-opt=-pass-through=-lgcc_"..., "--build-id", "--eh-frame-hdr", "--hash-style=gnu", "--as-needed", "-dynamic-linker", "/lib/ld-linux-aarch64.so.1", "-X", "-EL", "-maarch64linux", "--fix-cortex-a53-843419", "-pie", "-z", "now", "-fuse-ld=lld", "-z", "relro", "-o", "/home/runner/work/_temp/build-wo"..., "/usr/lib/gcc/aarch64-linux-gnu/1"..., "/usr/lib/gcc/aarch64-linux-gnu/1"..., "/usr/lib/gcc/aarch64-linux-gnu/1"..., "-L/usr/lib/gcc/aarch64-linux-gnu"..., ...], 0x710a5f0 /* 122 vars */ <unfinished ...>
10709 <... clone resumed>)              = 10711
10709 wait4(10711,  <unfinished ...>
10711 <... execve resumed>)             = 0
10711 clone(child_stack=0xffffca7afa30, flags=CLONE_VM|CLONE_VFORK|SIGCHLD <unfinished ...>
10712 execve("/usr/bin/ld.lld", ["/usr/bin/ld.lld", "-plugin", "/usr/libexec/gcc/aarch64-linux-g"..., "-plugin-opt=/usr/libexec/gcc/aar"..., "-plugin-opt=-fresolution=/tmp/cc"..., "-plugin-opt=-pass-through=-lgcc", "-plugin-opt=-pass-through=-lgcc_"..., "-plugin-opt=-pass-through=-lc", "-plugin-opt=-pass-through=-lgcc", "-plugin-opt=-pass-through=-lgcc_"..., "--build-id", "--eh-frame-hdr", "--hash-style=gnu", "--as-needed", "-dynamic-linker", "/lib/ld-linux-aarch64.so.1", "-X", "-EL", "-maarch64linux", "--fix-cortex-a53-843419", "-pie", "-z", "now", "-z", "relro", "-o", "/home/runner/work/_temp/build-wo"..., "/usr/lib/gcc/aarch64-linux-gnu/1"..., "/usr/lib/gcc/aarch64-linux-gnu/1"..., "/usr/lib/gcc/aarch64-linux-gnu/1"..., "-L/usr/lib/gcc/aarch64-linux-gnu"..., "-L/usr/lib/gcc/aarch64-linux-gnu"..., ...], 0xffffca7b00f8 /* 122 vars */ <unfinished ...>
10711 <... clone resumed>)              = 10712
10711 wait4(10712,  <unfinished ...>
10712 <... execve resumed>)             = 0
10712 clone3({flags=CLONE_VM|CLONE_FS|CLONE_FILES|CLONE_SIGHAND|CLONE_THREAD|CLONE_SYSVSEM|CLONE_SETTLS|CLONE_PARENT_SETTID|CLONE_CHILD_CLEARTID, child_tid=0xffe4addff050, parent_tid=0xffe4addff050, exit_signal=0, stack=0xffe4a9df0000, stack_size=0x400e840, tls=0xffe4addff6c0} => {parent_tid=[10713]}, 88) = 10713
10713 clone3({flags=CLONE_VM|CLONE_FS|CLONE_FILES|CLONE_SIGHAND|CLONE_THREAD|CLONE_SYSVSEM|CLONE_SETTLS|CLONE_PARENT_SETTID|CLONE_CHILD_CLEARTID, child_tid=0xffe4a3fff050, parent_tid=0xffe4a3fff050, exit_signal=0, stack=0xffe49fff0000, stack_size=0x400e840, tls=0xffe4a3fff6c0} => {parent_tid=[10714]}, 88) = 10714
10713 clone3({flags=CLONE_VM|CLONE_FS|CLONE_FILES|CLONE_SIGHAND|CLONE_THREAD|CLONE_SYSVSEM|CLONE_SETTLS|CLONE_PARENT_SETTID|CLONE_CHILD_CLEARTID, child_tid=0xffe49ffef050, parent_tid=0xffe49ffef050, exit_signal=0, stack=0xffe49bfe0000, stack_size=0x400e840, tls=0xffe49ffef6c0} => {parent_tid=[10715]}, 88) = 10715
10713 clone3({flags=CLONE_VM|CLONE_FS|CLONE_FILES|CLONE_SIGHAND|CLONE_THREAD|CLONE_SYSVSEM|CLONE_SETTLS|CLONE_PARENT_SETTID|CLONE_CHILD_CLEARTID, child_tid=0xffe493fff050, parent_tid=0xffe493fff050, exit_signal=0, stack=0xffe48fff0000, stack_size=0x400e840, tls=0xffe493fff6c0} => {parent_tid=[10716]}, 88) = 10716
10714 exit(0 <unfinished ...>
10716 exit(0)                           = ?
10714 <... exit resumed>)               = ?
10716 +++ exited with 0 +++
10714 +++ exited with 0 +++
10712 exit_group(0 <unfinished ...>
10713 exit(0 <unfinished ...>
10715 ???( <unfinished ...>
10712 <... exit_group resumed>)         = ?
10713 <... exit resumed>)               = ?
10713 +++ exited with 0 +++
10715 +++ exited with 0 +++
10712 +++ exited with 0 +++
10711 <... wait4 resumed>[{WIFEXITED(s) && WEXITSTATUS(s) == 0}], 0, NULL) = 10712
10711 --- SIGCHLD {si_signo=SIGCHLD, si_code=CLD_EXITED, si_pid=10712, si_uid=1001, si_status=0, si_utime=0, si_stime=2 /* 0.02 s */} ---
10711 exit_group(0)                     = ?
10711 +++ exited with 0 +++
10709 <... wait4 resumed>[{WIFEXITED(s) && WEXITSTATUS(s) == 0}], 0, NULL) = 10711
10709 --- SIGCHLD {si_signo=SIGCHLD, si_code=CLD_EXITED, si_pid=10711, si_uid=1001, si_status=0, si_utime=0, si_stime=0} ---
10709 exit_group(0)                     = ?
10709 +++ exited with 0 +++
10707 <... wait4 resumed>[{WIFEXITED(s) && WEXITSTATUS(s) == 0}], 0, NULL) = 10709
10707 --- SIGCHLD {si_signo=SIGCHLD, si_code=CLD_EXITED, si_pid=10709, si_uid=1001, si_status=0, si_utime=0, si_stime=0} ---
10707 exit_group(0)                     = ?
10707 +++ exited with 0 +++
