6318  execve("/home/runner/work/_temp/release/type-rb-native-bootstrap-linux-arm64", ["/home/runner/work/_temp/release/"..., "build", "compiler/gate4/src/compiler.trb", "--output", "/home/runner/work/_temp/transiti"..., "--qbe", "/home/runner/work/_temp/qbe-1.3/"..., "--cc", "/usr/bin/cc", "--target", "linux-arm64-v0"], 0xfffff46009b8 /* 111 vars */) = 0
6318  clone(child_stack=NULL, flags=CLONE_CHILD_CLEARTID|CLONE_CHILD_SETTID|SIGCHLD, child_tidptr=0xff89b57b1f90) = 6320
6318  wait4(6320,  <unfinished ...>
6320  execve("/home/runner/work/_temp/qbe-1.3/qbe", ["/home/runner/work/_temp/qbe-1.3/"..., "-t", "arm64", "-o", "/home/runner/work/_temp/transiti"..., "/home/runner/work/_temp/transiti"...], 0xffffdc1b6288 /* 111 vars */) = 0
6320  exit_group(0)                     = ?
6320  +++ exited with 0 +++
6318  <... wait4 resumed>[{WIFEXITED(s) && WEXITSTATUS(s) == 0}], 0, NULL) = 6320
6318  --- SIGCHLD {si_signo=SIGCHLD, si_code=CLD_EXITED, si_pid=6320, si_uid=1001, si_status=0, si_utime=18 /* 0.18 s */, si_stime=1 /* 0.01 s */} ---
6318  clone(child_stack=NULL, flags=CLONE_CHILD_CLEARTID|CLONE_CHILD_SETTID|SIGCHLD, child_tidptr=0xff89b57b1f90) = 6321
6318  wait4(6321,  <unfinished ...>
6321  execve("/usr/bin/cc", ["/usr/bin/cc", "-xassembler", "/home/runner/work/_temp/transiti"..., "-Wl,--gc-sections,--strip-all", "-o", "/home/runner/work/_temp/transiti"...], 0xffffdc1b6288 /* 111 vars */) = 0
6321  clone(child_stack=0xffffdaf4e440, flags=CLONE_VM|CLONE_VFORK|SIGCHLD <unfinished ...>
6322  execve("/home/runner/go/bin/as", ["as", "-EL", "-mabi=lp64", "-o", "/tmp/ccxzjqMi.o", "/home/runner/work/_temp/transiti"...], 0xf7dc10 /* 116 vars */) = -1 ENOENT (No such file or directory)
6322  execve("/opt/hostedtoolcache/go/1.27.0/arm64/bin/as", ["as", "-EL", "-mabi=lp64", "-o", "/tmp/ccxzjqMi.o", "/home/runner/work/_temp/transiti"...], 0xf7dc10 /* 116 vars */) = -1 ENOENT (No such file or directory)
6322  execve("/snap/bin/as", ["as", "-EL", "-mabi=lp64", "-o", "/tmp/ccxzjqMi.o", "/home/runner/work/_temp/transiti"...], 0xf7dc10 /* 116 vars */) = -1 ENOENT (No such file or directory)
6322  execve("/home/runner/.local/bin/as", ["as", "-EL", "-mabi=lp64", "-o", "/tmp/ccxzjqMi.o", "/home/runner/work/_temp/transiti"...], 0xf7dc10 /* 116 vars */) = -1 ENOENT (No such file or directory)
6322  execve("/opt/pipx_bin/as", ["as", "-EL", "-mabi=lp64", "-o", "/tmp/ccxzjqMi.o", "/home/runner/work/_temp/transiti"...], 0xf7dc10 /* 116 vars */) = -1 ENOENT (No such file or directory)
6322  execve("/home/runner/.cargo/bin/as", ["as", "-EL", "-mabi=lp64", "-o", "/tmp/ccxzjqMi.o", "/home/runner/work/_temp/transiti"...], 0xf7dc10 /* 116 vars */) = -1 ENOENT (No such file or directory)
6322  execve("/home/runner/.config/composer/vendor/bin/as", ["as", "-EL", "-mabi=lp64", "-o", "/tmp/ccxzjqMi.o", "/home/runner/work/_temp/transiti"...], 0xf7dc10 /* 116 vars */) = -1 ENOENT (No such file or directory)
6322  execve("/home/runner/.dotnet/tools/as", ["as", "-EL", "-mabi=lp64", "-o", "/tmp/ccxzjqMi.o", "/home/runner/work/_temp/transiti"...], 0xf7dc10 /* 116 vars */) = -1 ENOENT (No such file or directory)
6322  execve("/usr/local/sbin/as", ["as", "-EL", "-mabi=lp64", "-o", "/tmp/ccxzjqMi.o", "/home/runner/work/_temp/transiti"...], 0xf7dc10 /* 116 vars */) = -1 ENOENT (No such file or directory)
6322  execve("/usr/local/bin/as", ["as", "-EL", "-mabi=lp64", "-o", "/tmp/ccxzjqMi.o", "/home/runner/work/_temp/transiti"...], 0xf7dc10 /* 116 vars */) = -1 ENOENT (No such file or directory)
6322  execve("/usr/sbin/as", ["as", "-EL", "-mabi=lp64", "-o", "/tmp/ccxzjqMi.o", "/home/runner/work/_temp/transiti"...], 0xf7dc10 /* 116 vars */) = -1 ENOENT (No such file or directory)
6322  execve("/usr/bin/as", ["as", "-EL", "-mabi=lp64", "-o", "/tmp/ccxzjqMi.o", "/home/runner/work/_temp/transiti"...], 0xf7dc10 /* 116 vars */ <unfinished ...>
6321  <... clone resumed>)              = 6322
6322  <... execve resumed>)             = 0
6321  wait4(6322,  <unfinished ...>
6322  exit_group(0)                     = ?
6322  +++ exited with 0 +++
6321  <... wait4 resumed>[{WIFEXITED(s) && WEXITSTATUS(s) == 0}], 0, NULL) = 6322
6321  --- SIGCHLD {si_signo=SIGCHLD, si_code=CLD_EXITED, si_pid=6322, si_uid=1001, si_status=0, si_utime=8 /* 0.08 s */, si_stime=1 /* 0.01 s */} ---
6321  clone(child_stack=0xffffdaf4d580, flags=CLONE_VM|CLONE_VFORK|SIGCHLD <unfinished ...>
6323  execve("/usr/libexec/gcc/aarch64-linux-gnu/13/collect2", ["/usr/libexec/gcc/aarch64-linux-g"..., "-plugin", "/usr/libexec/gcc/aarch64-linux-g"..., "-plugin-opt=/usr/libexec/gcc/aar"..., "-plugin-opt=-fresolution=/tmp/cc"..., "-plugin-opt=-pass-through=-lgcc", "-plugin-opt=-pass-through=-lgcc_"..., "-plugin-opt=-pass-through=-lc", "-plugin-opt=-pass-through=-lgcc", "-plugin-opt=-pass-through=-lgcc_"..., "--build-id", "--eh-frame-hdr", "--hash-style=gnu", "--as-needed", "-dynamic-linker", "/lib/ld-linux-aarch64.so.1", "-X", "-EL", "-maarch64linux", "--fix-cortex-a53-843419", "-pie", "-z", "now", "-z", "relro", "-o", "/home/runner/work/_temp/transiti"..., "/usr/lib/gcc/aarch64-linux-gnu/1"..., "/usr/lib/gcc/aarch64-linux-gnu/1"..., "/usr/lib/gcc/aarch64-linux-gnu/1"..., "-L/usr/lib/gcc/aarch64-linux-gnu"..., "-L/usr/lib/gcc/aarch64-linux-gnu"..., ...], 0xf7e3b0 /* 118 vars */ <unfinished ...>
6321  <... clone resumed>)              = 6323
6323  <... execve resumed>)             = 0
6321  wait4(6323,  <unfinished ...>
6323  clone(child_stack=0xffffed456930, flags=CLONE_VM|CLONE_VFORK|SIGCHLD <unfinished ...>
6324  execve("/usr/bin/ld", ["/usr/bin/ld", "-plugin", "/usr/libexec/gcc/aarch64-linux-g"..., "-plugin-opt=/usr/libexec/gcc/aar"..., "-plugin-opt=-fresolution=/tmp/cc"..., "-plugin-opt=-pass-through=-lgcc", "-plugin-opt=-pass-through=-lgcc_"..., "-plugin-opt=-pass-through=-lc", "-plugin-opt=-pass-through=-lgcc", "-plugin-opt=-pass-through=-lgcc_"..., "--build-id", "--eh-frame-hdr", "--hash-style=gnu", "--as-needed", "-dynamic-linker", "/lib/ld-linux-aarch64.so.1", "-X", "-EL", "-maarch64linux", "--fix-cortex-a53-843419", "-pie", "-z", "now", "-z", "relro", "-o", "/home/runner/work/_temp/transiti"..., "/usr/lib/gcc/aarch64-linux-gnu/1"..., "/usr/lib/gcc/aarch64-linux-gnu/1"..., "/usr/lib/gcc/aarch64-linux-gnu/1"..., "-L/usr/lib/gcc/aarch64-linux-gnu"..., "-L/usr/lib/gcc/aarch64-linux-gnu"..., ...], 0xffffed456fe0 /* 118 vars */ <unfinished ...>
6323  <... clone resumed>)              = 6324
6324  <... execve resumed>)             = 0
6323  wait4(6324,  <unfinished ...>
6324  exit_group(0)                     = ?
6324  +++ exited with 0 +++
6323  <... wait4 resumed>[{WIFEXITED(s) && WEXITSTATUS(s) == 0}], 0, NULL) = 6324
6323  --- SIGCHLD {si_signo=SIGCHLD, si_code=CLD_EXITED, si_pid=6324, si_uid=1001, si_status=0, si_utime=1 /* 0.01 s */, si_stime=1 /* 0.01 s */} ---
6323  exit_group(0)                     = ?
6323  +++ exited with 0 +++
6321  <... wait4 resumed>[{WIFEXITED(s) && WEXITSTATUS(s) == 0}], 0, NULL) = 6323
6321  --- SIGCHLD {si_signo=SIGCHLD, si_code=CLD_EXITED, si_pid=6323, si_uid=1001, si_status=0, si_utime=0, si_stime=0} ---
6321  exit_group(0)                     = ?
6321  +++ exited with 0 +++
6318  <... wait4 resumed>[{WIFEXITED(s) && WEXITSTATUS(s) == 0}], 0, NULL) = 6321
6318  --- SIGCHLD {si_signo=SIGCHLD, si_code=CLD_EXITED, si_pid=6321, si_uid=1001, si_status=0, si_utime=0, si_stime=0} ---
6318  exit_group(0)                     = ?
6318  +++ exited with 0 +++
