8370  execve("/home/runner/work/_temp/candidate-compiler", ["/home/runner/work/_temp/candidat"..., "build", "/home/runner/work/type-rb-native"..., "--output", "/home/runner/work/_temp/build-wo"..., "--qbe", "/home/runner/work/_temp/qbe-1.3/"..., "--cc", "/usr/bin/cc", "--target", "linux-arm64-v0"], 0xffffe87459b8 /* 115 vars */) = 0
8370  clone(child_stack=NULL, flags=CLONE_CHILD_CLEARTID|CLONE_CHILD_SETTID|SIGCHLD, child_tidptr=0xffb59b7a4f90) = 8371
8370  wait4(8371,  <unfinished ...>
8371  execve("/home/runner/work/_temp/qbe-1.3/qbe", ["/home/runner/work/_temp/qbe-1.3/"..., "-t", "arm64", "-o", "/home/runner/work/_temp/build-wo"..., "/home/runner/work/_temp/build-wo"...], 0xffffc8409b78 /* 115 vars */) = 0
8371  exit_group(0)                     = ?
8371  +++ exited with 0 +++
8370  <... wait4 resumed>[{WIFEXITED(s) && WEXITSTATUS(s) == 0}], 0, NULL) = 8371
8370  --- SIGCHLD {si_signo=SIGCHLD, si_code=CLD_EXITED, si_pid=8371, si_uid=1001, si_status=0, si_utime=1 /* 0.01 s */, si_stime=0} ---
8370  clone(child_stack=NULL, flags=CLONE_CHILD_CLEARTID|CLONE_CHILD_SETTID|SIGCHLD, child_tidptr=0xffb59b7a4f90) = 8372
8370  wait4(8372,  <unfinished ...>
8372  execve("/usr/bin/cc", ["/usr/bin/cc", "-xassembler", "/home/runner/work/_temp/build-wo"..., "-fuse-ld=lld", "-Wl,--gc-sections,--strip-all", "-lm", "-o", "/home/runner/work/_temp/build-wo"...], 0xffffc8409b78 /* 115 vars */) = 0
8372  clone(child_stack=0xffffc3a49ef0, flags=CLONE_VM|CLONE_VFORK|SIGCHLD <unfinished ...>
8373  execve("/home/runner/go/bin/as", ["as", "-EL", "-mabi=lp64", "-o", "/tmp/cc72my6Y.o", "/home/runner/work/_temp/build-wo"...], 0x390e3d80 /* 120 vars */) = -1 ENOENT (No such file or directory)
8373  execve("/opt/hostedtoolcache/go/1.27.0/arm64/bin/as", ["as", "-EL", "-mabi=lp64", "-o", "/tmp/cc72my6Y.o", "/home/runner/work/_temp/build-wo"...], 0x390e3d80 /* 120 vars */) = -1 ENOENT (No such file or directory)
8373  execve("/snap/bin/as", ["as", "-EL", "-mabi=lp64", "-o", "/tmp/cc72my6Y.o", "/home/runner/work/_temp/build-wo"...], 0x390e3d80 /* 120 vars */) = -1 ENOENT (No such file or directory)
8373  execve("/home/runner/.local/bin/as", ["as", "-EL", "-mabi=lp64", "-o", "/tmp/cc72my6Y.o", "/home/runner/work/_temp/build-wo"...], 0x390e3d80 /* 120 vars */) = -1 ENOENT (No such file or directory)
8373  execve("/opt/pipx_bin/as", ["as", "-EL", "-mabi=lp64", "-o", "/tmp/cc72my6Y.o", "/home/runner/work/_temp/build-wo"...], 0x390e3d80 /* 120 vars */) = -1 ENOENT (No such file or directory)
8373  execve("/home/runner/.cargo/bin/as", ["as", "-EL", "-mabi=lp64", "-o", "/tmp/cc72my6Y.o", "/home/runner/work/_temp/build-wo"...], 0x390e3d80 /* 120 vars */) = -1 ENOENT (No such file or directory)
8373  execve("/home/runner/.config/composer/vendor/bin/as", ["as", "-EL", "-mabi=lp64", "-o", "/tmp/cc72my6Y.o", "/home/runner/work/_temp/build-wo"...], 0x390e3d80 /* 120 vars */) = -1 ENOENT (No such file or directory)
8373  execve("/home/runner/.dotnet/tools/as", ["as", "-EL", "-mabi=lp64", "-o", "/tmp/cc72my6Y.o", "/home/runner/work/_temp/build-wo"...], 0x390e3d80 /* 120 vars */) = -1 ENOENT (No such file or directory)
8373  execve("/usr/local/sbin/as", ["as", "-EL", "-mabi=lp64", "-o", "/tmp/cc72my6Y.o", "/home/runner/work/_temp/build-wo"...], 0x390e3d80 /* 120 vars */) = -1 ENOENT (No such file or directory)
8373  execve("/usr/local/bin/as", ["as", "-EL", "-mabi=lp64", "-o", "/tmp/cc72my6Y.o", "/home/runner/work/_temp/build-wo"...], 0x390e3d80 /* 120 vars */) = -1 ENOENT (No such file or directory)
8373  execve("/usr/sbin/as", ["as", "-EL", "-mabi=lp64", "-o", "/tmp/cc72my6Y.o", "/home/runner/work/_temp/build-wo"...], 0x390e3d80 /* 120 vars */) = -1 ENOENT (No such file or directory)
8373  execve("/usr/bin/as", ["as", "-EL", "-mabi=lp64", "-o", "/tmp/cc72my6Y.o", "/home/runner/work/_temp/build-wo"...], 0x390e3d80 /* 120 vars */ <unfinished ...>
8372  <... clone resumed>)              = 8373
8372  wait4(8373,  <unfinished ...>
8373  <... execve resumed>)             = 0
8373  exit_group(0)                     = ?
8373  +++ exited with 0 +++
8372  <... wait4 resumed>[{WIFEXITED(s) && WEXITSTATUS(s) == 0}], 0, NULL) = 8373
8372  --- SIGCHLD {si_signo=SIGCHLD, si_code=CLD_EXITED, si_pid=8373, si_uid=1001, si_status=0, si_utime=0, si_stime=0} ---
8372  clone(child_stack=0xffffc3a49030, flags=CLONE_VM|CLONE_VFORK|SIGCHLD <unfinished ...>
8375  execve("/usr/libexec/gcc/aarch64-linux-gnu/13/collect2", ["/usr/libexec/gcc/aarch64-linux-g"..., "-plugin", "/usr/libexec/gcc/aarch64-linux-g"..., "-plugin-opt=/usr/libexec/gcc/aar"..., "-plugin-opt=-fresolution=/tmp/cc"..., "-plugin-opt=-pass-through=-lgcc", "-plugin-opt=-pass-through=-lgcc_"..., "-plugin-opt=-pass-through=-lc", "-plugin-opt=-pass-through=-lgcc", "-plugin-opt=-pass-through=-lgcc_"..., "--build-id", "--eh-frame-hdr", "--hash-style=gnu", "--as-needed", "-dynamic-linker", "/lib/ld-linux-aarch64.so.1", "-X", "-EL", "-maarch64linux", "--fix-cortex-a53-843419", "-pie", "-z", "now", "-fuse-ld=lld", "-z", "relro", "-o", "/home/runner/work/_temp/build-wo"..., "/usr/lib/gcc/aarch64-linux-gnu/1"..., "/usr/lib/gcc/aarch64-linux-gnu/1"..., "/usr/lib/gcc/aarch64-linux-gnu/1"..., "-L/usr/lib/gcc/aarch64-linux-gnu"..., ...], 0x390e45d0 /* 122 vars */ <unfinished ...>
8372  <... clone resumed>)              = 8375
8372  wait4(8375,  <unfinished ...>
8375  <... execve resumed>)             = 0
8375  clone(child_stack=0xffffe16472e0, flags=CLONE_VM|CLONE_VFORK|SIGCHLD <unfinished ...>
8376  execve("/usr/bin/ld.lld", ["/usr/bin/ld.lld", "-plugin", "/usr/libexec/gcc/aarch64-linux-g"..., "-plugin-opt=/usr/libexec/gcc/aar"..., "-plugin-opt=-fresolution=/tmp/cc"..., "-plugin-opt=-pass-through=-lgcc", "-plugin-opt=-pass-through=-lgcc_"..., "-plugin-opt=-pass-through=-lc", "-plugin-opt=-pass-through=-lgcc", "-plugin-opt=-pass-through=-lgcc_"..., "--build-id", "--eh-frame-hdr", "--hash-style=gnu", "--as-needed", "-dynamic-linker", "/lib/ld-linux-aarch64.so.1", "-X", "-EL", "-maarch64linux", "--fix-cortex-a53-843419", "-pie", "-z", "now", "-z", "relro", "-o", "/home/runner/work/_temp/build-wo"..., "/usr/lib/gcc/aarch64-linux-gnu/1"..., "/usr/lib/gcc/aarch64-linux-gnu/1"..., "/usr/lib/gcc/aarch64-linux-gnu/1"..., "-L/usr/lib/gcc/aarch64-linux-gnu"..., "-L/usr/lib/gcc/aarch64-linux-gnu"..., ...], 0xffffe16479a0 /* 122 vars */ <unfinished ...>
8375  <... clone resumed>)              = 8376
8375  wait4(8376,  <unfinished ...>
8376  <... execve resumed>)             = 0
8376  clone3({flags=CLONE_VM|CLONE_FS|CLONE_FILES|CLONE_SIGHAND|CLONE_THREAD|CLONE_SYSVSEM|CLONE_SETTLS|CLONE_PARENT_SETTID|CLONE_CHILD_CLEARTID, child_tid=0xff46ba5ff050, parent_tid=0xff46ba5ff050, exit_signal=0, stack=0xff46b65f0000, stack_size=0x400e840, tls=0xff46ba5ff6c0} => {parent_tid=[8377]}, 88) = 8377
8377  clone3({flags=CLONE_VM|CLONE_FS|CLONE_FILES|CLONE_SIGHAND|CLONE_THREAD|CLONE_SYSVSEM|CLONE_SETTLS|CLONE_PARENT_SETTID|CLONE_CHILD_CLEARTID, child_tid=0xff46affff050, parent_tid=0xff46affff050, exit_signal=0, stack=0xff46abff0000, stack_size=0x400e840, tls=0xff46affff6c0} => {parent_tid=[8378]}, 88) = 8378
8377  clone3({flags=CLONE_VM|CLONE_FS|CLONE_FILES|CLONE_SIGHAND|CLONE_THREAD|CLONE_SYSVSEM|CLONE_SETTLS|CLONE_PARENT_SETTID|CLONE_CHILD_CLEARTID, child_tid=0xff46abfef050, parent_tid=0xff46abfef050, exit_signal=0, stack=0xff46a7fe0000, stack_size=0x400e840, tls=0xff46abfef6c0} => {parent_tid=[8379]}, 88) = 8379
8377  clone3({flags=CLONE_VM|CLONE_FS|CLONE_FILES|CLONE_SIGHAND|CLONE_THREAD|CLONE_SYSVSEM|CLONE_SETTLS|CLONE_PARENT_SETTID|CLONE_CHILD_CLEARTID, child_tid=0xff469ffff050, parent_tid=0xff469ffff050, exit_signal=0, stack=0xff469bff0000, stack_size=0x400e840, tls=0xff469ffff6c0} => {parent_tid=[8380]}, 88) = 8380
8380  exit(0)                           = ?
8379  exit(0 <unfinished ...>
8378  exit(0 <unfinished ...>
8377  exit(0 <unfinished ...>
8376  exit_group(0 <unfinished ...>
8380  +++ exited with 0 +++
8376  <... exit_group resumed>)         = ?
8378  +++ exited with 0 +++
8377  +++ exited with 0 +++
8379  +++ exited with 0 +++
8376  +++ exited with 0 +++
8375  <... wait4 resumed>[{WIFEXITED(s) && WEXITSTATUS(s) == 0}], 0, NULL) = 8376
8375  --- SIGCHLD {si_signo=SIGCHLD, si_code=CLD_EXITED, si_pid=8376, si_uid=1001, si_status=0, si_utime=0, si_stime=2 /* 0.02 s */} ---
8375  exit_group(0)                     = ?
8375  +++ exited with 0 +++
8372  <... wait4 resumed>[{WIFEXITED(s) && WEXITSTATUS(s) == 0}], 0, NULL) = 8375
8372  --- SIGCHLD {si_signo=SIGCHLD, si_code=CLD_EXITED, si_pid=8375, si_uid=1001, si_status=0, si_utime=0, si_stime=0} ---
8372  exit_group(0)                     = ?
8372  +++ exited with 0 +++
8370  <... wait4 resumed>[{WIFEXITED(s) && WEXITSTATUS(s) == 0}], 0, NULL) = 8372
8370  --- SIGCHLD {si_signo=SIGCHLD, si_code=CLD_EXITED, si_pid=8372, si_uid=1001, si_status=0, si_utime=0, si_stime=0} ---
8370  exit_group(0)                     = ?
8370  +++ exited with 0 +++
