4456  execve("/home/runner/work/_temp/bootstrap-workspace/b4/compiler", ["/home/runner/work/_temp/bootstra"..., "build", "/home/runner/work/type-rb-native"..., "--output", "/home/runner/work/_temp/bootstra"..., "--qbe", "/home/runner/work/_temp/qbe-1.3/"..., "--cc", "/usr/bin/cc", "--target", "linux-arm64-v0"], 0xffffe98d41b8 /* 103 vars */) = 0
4456  clone(child_stack=NULL, flags=CLONE_CHILD_CLEARTID|CLONE_CHILD_SETTID|SIGCHLD, child_tidptr=0xffa2127f4f90) = 4457
4456  wait4(4457,  <unfinished ...>
4457  execve("/home/runner/work/_temp/qbe-1.3/qbe", ["/home/runner/work/_temp/qbe-1.3/"..., "-t", "arm64", "-o", "/home/runner/work/_temp/bootstra"..., "/home/runner/work/_temp/bootstra"...], 0xffffe1f4c268 /* 103 vars */) = 0
4457  exit_group(0)                     = ?
4457  +++ exited with 0 +++
4456  <... wait4 resumed>[{WIFEXITED(s) && WEXITSTATUS(s) == 0}], 0, NULL) = 4457
4456  --- SIGCHLD {si_signo=SIGCHLD, si_code=CLD_EXITED, si_pid=4457, si_uid=1001, si_status=0, si_utime=0, si_stime=0} ---
4456  clone(child_stack=NULL, flags=CLONE_CHILD_CLEARTID|CLONE_CHILD_SETTID|SIGCHLD, child_tidptr=0xffa2127f4f90) = 4458
4456  wait4(4458,  <unfinished ...>
4458  execve("/usr/bin/cc", ["/usr/bin/cc", "-xassembler", "/home/runner/work/_temp/bootstra"..., "-Wl,--gc-sections,--strip-all", "-o", "/home/runner/work/_temp/bootstra"...], 0xffffe1f4c268 /* 103 vars */) = 0
4458  clone(child_stack=0xffffcd386f80, flags=CLONE_VM|CLONE_VFORK|SIGCHLD <unfinished ...>
4459  execve("/snap/bin/as", ["as", "-EL", "-mabi=lp64", "-o", "/tmp/cc0u8MlZ.o", "/home/runner/work/_temp/bootstra"...], 0x1a4adbe0 /* 108 vars */) = -1 ENOENT (No such file or directory)
4459  execve("/home/runner/.local/bin/as", ["as", "-EL", "-mabi=lp64", "-o", "/tmp/cc0u8MlZ.o", "/home/runner/work/_temp/bootstra"...], 0x1a4adbe0 /* 108 vars */) = -1 ENOENT (No such file or directory)
4459  execve("/opt/pipx_bin/as", ["as", "-EL", "-mabi=lp64", "-o", "/tmp/cc0u8MlZ.o", "/home/runner/work/_temp/bootstra"...], 0x1a4adbe0 /* 108 vars */) = -1 ENOENT (No such file or directory)
4459  execve("/home/runner/.cargo/bin/as", ["as", "-EL", "-mabi=lp64", "-o", "/tmp/cc0u8MlZ.o", "/home/runner/work/_temp/bootstra"...], 0x1a4adbe0 /* 108 vars */) = -1 ENOENT (No such file or directory)
4459  execve("/home/runner/.config/composer/vendor/bin/as", ["as", "-EL", "-mabi=lp64", "-o", "/tmp/cc0u8MlZ.o", "/home/runner/work/_temp/bootstra"...], 0x1a4adbe0 /* 108 vars */) = -1 ENOENT (No such file or directory)
4459  execve("/home/runner/.dotnet/tools/as", ["as", "-EL", "-mabi=lp64", "-o", "/tmp/cc0u8MlZ.o", "/home/runner/work/_temp/bootstra"...], 0x1a4adbe0 /* 108 vars */) = -1 ENOENT (No such file or directory)
4459  execve("/usr/local/sbin/as", ["as", "-EL", "-mabi=lp64", "-o", "/tmp/cc0u8MlZ.o", "/home/runner/work/_temp/bootstra"...], 0x1a4adbe0 /* 108 vars */) = -1 ENOENT (No such file or directory)
4459  execve("/usr/local/bin/as", ["as", "-EL", "-mabi=lp64", "-o", "/tmp/cc0u8MlZ.o", "/home/runner/work/_temp/bootstra"...], 0x1a4adbe0 /* 108 vars */) = -1 ENOENT (No such file or directory)
4459  execve("/usr/sbin/as", ["as", "-EL", "-mabi=lp64", "-o", "/tmp/cc0u8MlZ.o", "/home/runner/work/_temp/bootstra"...], 0x1a4adbe0 /* 108 vars */) = -1 ENOENT (No such file or directory)
4459  execve("/usr/bin/as", ["as", "-EL", "-mabi=lp64", "-o", "/tmp/cc0u8MlZ.o", "/home/runner/work/_temp/bootstra"...], 0x1a4adbe0 /* 108 vars */ <unfinished ...>
4458  <... clone resumed>)              = 4459
4459  <... execve resumed>)             = 0
4458  wait4(4459,  <unfinished ...>
4459  exit_group(0)                     = ?
4459  +++ exited with 0 +++
4458  <... wait4 resumed>[{WIFEXITED(s) && WEXITSTATUS(s) == 0}], 0, NULL) = 4459
4458  --- SIGCHLD {si_signo=SIGCHLD, si_code=CLD_EXITED, si_pid=4459, si_uid=1001, si_status=0, si_utime=0, si_stime=0} ---
4458  clone(child_stack=0xffffcd3860c0, flags=CLONE_VM|CLONE_VFORK|SIGCHLD <unfinished ...>
4460  execve("/usr/libexec/gcc/aarch64-linux-gnu/13/collect2", ["/usr/libexec/gcc/aarch64-linux-g"..., "-plugin", "/usr/libexec/gcc/aarch64-linux-g"..., "-plugin-opt=/usr/libexec/gcc/aar"..., "-plugin-opt=-fresolution=/tmp/cc"..., "-plugin-opt=-pass-through=-lgcc", "-plugin-opt=-pass-through=-lgcc_"..., "-plugin-opt=-pass-through=-lc", "-plugin-opt=-pass-through=-lgcc", "-plugin-opt=-pass-through=-lgcc_"..., "--build-id", "--eh-frame-hdr", "--hash-style=gnu", "--as-needed", "-dynamic-linker", "/lib/ld-linux-aarch64.so.1", "-X", "-EL", "-maarch64linux", "--fix-cortex-a53-843419", "-pie", "-z", "now", "-z", "relro", "-o", "/home/runner/work/_temp/bootstra"..., "/usr/lib/gcc/aarch64-linux-gnu/1"..., "/usr/lib/gcc/aarch64-linux-gnu/1"..., "/usr/lib/gcc/aarch64-linux-gnu/1"..., "-L/usr/lib/gcc/aarch64-linux-gnu"..., "-L/usr/lib/gcc/aarch64-linux-gnu"..., ...], 0x1a4ae340 /* 110 vars */ <unfinished ...>
4458  <... clone resumed>)              = 4460
4460  <... execve resumed>)             = 0
4458  wait4(4460,  <unfinished ...>
4460  clone(child_stack=0xffffefb150d0, flags=CLONE_VM|CLONE_VFORK|SIGCHLD <unfinished ...>
4461  execve("/usr/bin/ld", ["/usr/bin/ld", "-plugin", "/usr/libexec/gcc/aarch64-linux-g"..., "-plugin-opt=/usr/libexec/gcc/aar"..., "-plugin-opt=-fresolution=/tmp/cc"..., "-plugin-opt=-pass-through=-lgcc", "-plugin-opt=-pass-through=-lgcc_"..., "-plugin-opt=-pass-through=-lc", "-plugin-opt=-pass-through=-lgcc", "-plugin-opt=-pass-through=-lgcc_"..., "--build-id", "--eh-frame-hdr", "--hash-style=gnu", "--as-needed", "-dynamic-linker", "/lib/ld-linux-aarch64.so.1", "-X", "-EL", "-maarch64linux", "--fix-cortex-a53-843419", "-pie", "-z", "now", "-z", "relro", "-o", "/home/runner/work/_temp/bootstra"..., "/usr/lib/gcc/aarch64-linux-gnu/1"..., "/usr/lib/gcc/aarch64-linux-gnu/1"..., "/usr/lib/gcc/aarch64-linux-gnu/1"..., "-L/usr/lib/gcc/aarch64-linux-gnu"..., "-L/usr/lib/gcc/aarch64-linux-gnu"..., ...], 0xffffefb15780 /* 110 vars */ <unfinished ...>
4460  <... clone resumed>)              = 4461
4461  <... execve resumed>)             = 0
4460  wait4(4461,  <unfinished ...>
4461  exit_group(0)                     = ?
4461  +++ exited with 0 +++
4460  <... wait4 resumed>[{WIFEXITED(s) && WEXITSTATUS(s) == 0}], 0, NULL) = 4461
4460  --- SIGCHLD {si_signo=SIGCHLD, si_code=CLD_EXITED, si_pid=4461, si_uid=1001, si_status=0, si_utime=1 /* 0.01 s */, si_stime=1 /* 0.01 s */} ---
4460  exit_group(0)                     = ?
4460  +++ exited with 0 +++
4458  <... wait4 resumed>[{WIFEXITED(s) && WEXITSTATUS(s) == 0}], 0, NULL) = 4460
4458  --- SIGCHLD {si_signo=SIGCHLD, si_code=CLD_EXITED, si_pid=4460, si_uid=1001, si_status=0, si_utime=0, si_stime=0} ---
4458  exit_group(0)                     = ?
4458  +++ exited with 0 +++
4456  <... wait4 resumed>[{WIFEXITED(s) && WEXITSTATUS(s) == 0}], 0, NULL) = 4458
4456  --- SIGCHLD {si_signo=SIGCHLD, si_code=CLD_EXITED, si_pid=4458, si_uid=1001, si_status=0, si_utime=0, si_stime=0} ---
4456  exit_group(0)                     = ?
4456  +++ exited with 0 +++
