11194 execve("/home/runner/work/_temp/candidate-compiler", ["/home/runner/work/_temp/candidat"..., "build", "/home/runner/work/type-rb-native"..., "--output", "/home/runner/work/_temp/build-wo"..., "--qbe", "/home/runner/work/_temp/qbe-1.3/"..., "--cc", "/usr/bin/cc", "--target", "linux-arm64-v0"], 0xfffffaee8e58 /* 115 vars */) = 0
11194 clone(child_stack=NULL, flags=CLONE_CHILD_CLEARTID|CLONE_CHILD_SETTID|SIGCHLD, child_tidptr=0xffb393f85f90) = 11195
11194 wait4(11195,  <unfinished ...>
11195 execve("/home/runner/work/_temp/qbe-1.3/qbe", ["/home/runner/work/_temp/qbe-1.3/"..., "-t", "arm64", "-o", "/home/runner/work/_temp/build-wo"..., "/home/runner/work/_temp/build-wo"...], 0xffffc5708148 /* 115 vars */) = 0
11195 exit_group(0)                     = ?
11195 +++ exited with 0 +++
11194 <... wait4 resumed>[{WIFEXITED(s) && WEXITSTATUS(s) == 0}], 0, NULL) = 11195
11194 --- SIGCHLD {si_signo=SIGCHLD, si_code=CLD_EXITED, si_pid=11195, si_uid=1001, si_status=0, si_utime=1 /* 0.01 s */, si_stime=0} ---
11194 clone(child_stack=NULL, flags=CLONE_CHILD_CLEARTID|CLONE_CHILD_SETTID|SIGCHLD, child_tidptr=0xffb393f85f90) = 11196
11194 wait4(11196,  <unfinished ...>
11196 execve("/usr/bin/cc", ["/usr/bin/cc", "-xassembler", "/home/runner/work/_temp/build-wo"..., "-fuse-ld=lld", "-Wl,--gc-sections,--strip-all,--"..., "-lm", "-o", "/home/runner/work/_temp/build-wo"...], 0xffffc5708148 /* 115 vars */) = 0
11196 clone(child_stack=0xffffd1282900, flags=CLONE_VM|CLONE_VFORK|SIGCHLD <unfinished ...>
11197 execve("/home/runner/go/bin/as", ["as", "-EL", "-mabi=lp64", "-o", "/tmp/ccbcXgMy.o", "/home/runner/work/_temp/build-wo"...], 0x159fbda0 /* 120 vars */) = -1 ENOENT (No such file or directory)
11197 execve("/opt/hostedtoolcache/go/1.27.1/arm64/bin/as", ["as", "-EL", "-mabi=lp64", "-o", "/tmp/ccbcXgMy.o", "/home/runner/work/_temp/build-wo"...], 0x159fbda0 /* 120 vars */) = -1 ENOENT (No such file or directory)
11197 execve("/snap/bin/as", ["as", "-EL", "-mabi=lp64", "-o", "/tmp/ccbcXgMy.o", "/home/runner/work/_temp/build-wo"...], 0x159fbda0 /* 120 vars */) = -1 ENOENT (No such file or directory)
11197 execve("/home/runner/.local/bin/as", ["as", "-EL", "-mabi=lp64", "-o", "/tmp/ccbcXgMy.o", "/home/runner/work/_temp/build-wo"...], 0x159fbda0 /* 120 vars */) = -1 ENOENT (No such file or directory)
11197 execve("/opt/pipx_bin/as", ["as", "-EL", "-mabi=lp64", "-o", "/tmp/ccbcXgMy.o", "/home/runner/work/_temp/build-wo"...], 0x159fbda0 /* 120 vars */) = -1 ENOENT (No such file or directory)
11197 execve("/home/runner/.cargo/bin/as", ["as", "-EL", "-mabi=lp64", "-o", "/tmp/ccbcXgMy.o", "/home/runner/work/_temp/build-wo"...], 0x159fbda0 /* 120 vars */) = -1 ENOENT (No such file or directory)
11197 execve("/home/runner/.config/composer/vendor/bin/as", ["as", "-EL", "-mabi=lp64", "-o", "/tmp/ccbcXgMy.o", "/home/runner/work/_temp/build-wo"...], 0x159fbda0 /* 120 vars */) = -1 ENOENT (No such file or directory)
11197 execve("/home/runner/.dotnet/tools/as", ["as", "-EL", "-mabi=lp64", "-o", "/tmp/ccbcXgMy.o", "/home/runner/work/_temp/build-wo"...], 0x159fbda0 /* 120 vars */) = -1 ENOENT (No such file or directory)
11197 execve("/usr/local/sbin/as", ["as", "-EL", "-mabi=lp64", "-o", "/tmp/ccbcXgMy.o", "/home/runner/work/_temp/build-wo"...], 0x159fbda0 /* 120 vars */) = -1 ENOENT (No such file or directory)
11197 execve("/usr/local/bin/as", ["as", "-EL", "-mabi=lp64", "-o", "/tmp/ccbcXgMy.o", "/home/runner/work/_temp/build-wo"...], 0x159fbda0 /* 120 vars */) = -1 ENOENT (No such file or directory)
11197 execve("/usr/sbin/as", ["as", "-EL", "-mabi=lp64", "-o", "/tmp/ccbcXgMy.o", "/home/runner/work/_temp/build-wo"...], 0x159fbda0 /* 120 vars */) = -1 ENOENT (No such file or directory)
11197 execve("/usr/bin/as", ["as", "-EL", "-mabi=lp64", "-o", "/tmp/ccbcXgMy.o", "/home/runner/work/_temp/build-wo"...], 0x159fbda0 /* 120 vars */ <unfinished ...>
11196 <... clone resumed>)              = 11197
11196 wait4(11197,  <unfinished ...>
11197 <... execve resumed>)             = 0
11197 exit_group(0)                     = ?
11197 +++ exited with 0 +++
11196 <... wait4 resumed>[{WIFEXITED(s) && WEXITSTATUS(s) == 0}], 0, NULL) = 11197
11196 --- SIGCHLD {si_signo=SIGCHLD, si_code=CLD_EXITED, si_pid=11197, si_uid=1001, si_status=0, si_utime=0, si_stime=0} ---
11196 clone(child_stack=0xffffd1281a40, flags=CLONE_VM|CLONE_VFORK|SIGCHLD <unfinished ...>
11198 execve("/usr/libexec/gcc/aarch64-linux-gnu/13/collect2", ["/usr/libexec/gcc/aarch64-linux-g"..., "-plugin", "/usr/libexec/gcc/aarch64-linux-g"..., "-plugin-opt=/usr/libexec/gcc/aar"..., "-plugin-opt=-fresolution=/tmp/cc"..., "-plugin-opt=-pass-through=-lgcc", "-plugin-opt=-pass-through=-lgcc_"..., "-plugin-opt=-pass-through=-lc", "-plugin-opt=-pass-through=-lgcc", "-plugin-opt=-pass-through=-lgcc_"..., "--build-id", "--eh-frame-hdr", "--hash-style=gnu", "--as-needed", "-dynamic-linker", "/lib/ld-linux-aarch64.so.1", "-X", "-EL", "-maarch64linux", "--fix-cortex-a53-843419", "-pie", "-z", "now", "-fuse-ld=lld", "-z", "relro", "-o", "/home/runner/work/_temp/build-wo"..., "/usr/lib/gcc/aarch64-linux-gnu/1"..., "/usr/lib/gcc/aarch64-linux-gnu/1"..., "/usr/lib/gcc/aarch64-linux-gnu/1"..., "-L/usr/lib/gcc/aarch64-linux-gnu"..., ...], 0x159fc5f0 /* 122 vars */ <unfinished ...>
11196 <... clone resumed>)              = 11198
11196 wait4(11198,  <unfinished ...>
11198 <... execve resumed>)             = 0
11198 clone(child_stack=0xffffd24c7c90, flags=CLONE_VM|CLONE_VFORK|SIGCHLD <unfinished ...>
11199 execve("/usr/bin/ld.lld", ["/usr/bin/ld.lld", "-plugin", "/usr/libexec/gcc/aarch64-linux-g"..., "-plugin-opt=/usr/libexec/gcc/aar"..., "-plugin-opt=-fresolution=/tmp/cc"..., "-plugin-opt=-pass-through=-lgcc", "-plugin-opt=-pass-through=-lgcc_"..., "-plugin-opt=-pass-through=-lc", "-plugin-opt=-pass-through=-lgcc", "-plugin-opt=-pass-through=-lgcc_"..., "--build-id", "--eh-frame-hdr", "--hash-style=gnu", "--as-needed", "-dynamic-linker", "/lib/ld-linux-aarch64.so.1", "-X", "-EL", "-maarch64linux", "--fix-cortex-a53-843419", "-pie", "-z", "now", "-z", "relro", "-o", "/home/runner/work/_temp/build-wo"..., "/usr/lib/gcc/aarch64-linux-gnu/1"..., "/usr/lib/gcc/aarch64-linux-gnu/1"..., "/usr/lib/gcc/aarch64-linux-gnu/1"..., "-L/usr/lib/gcc/aarch64-linux-gnu"..., "-L/usr/lib/gcc/aarch64-linux-gnu"..., ...], 0xffffd24c8358 /* 122 vars */ <unfinished ...>
11198 <... clone resumed>)              = 11199
11198 wait4(11199,  <unfinished ...>
11199 <... execve resumed>)             = 0
11199 clone3({flags=CLONE_VM|CLONE_FS|CLONE_FILES|CLONE_SIGHAND|CLONE_THREAD|CLONE_SYSVSEM|CLONE_SETTLS|CLONE_PARENT_SETTID|CLONE_CHILD_CLEARTID, child_tid=0xfffb783ff050, parent_tid=0xfffb783ff050, exit_signal=0, stack=0xfffb743f0000, stack_size=0x400e840, tls=0xfffb783ff6c0} => {parent_tid=[11200]}, 88) = 11200
11200 clone3({flags=CLONE_VM|CLONE_FS|CLONE_FILES|CLONE_SIGHAND|CLONE_THREAD|CLONE_SYSVSEM|CLONE_SETTLS|CLONE_PARENT_SETTID|CLONE_CHILD_CLEARTID, child_tid=0xfffb6ffff050, parent_tid=0xfffb6ffff050, exit_signal=0, stack=0xfffb6bff0000, stack_size=0x400e840, tls=0xfffb6ffff6c0} => {parent_tid=[11201]}, 88) = 11201
11200 clone3({flags=CLONE_VM|CLONE_FS|CLONE_FILES|CLONE_SIGHAND|CLONE_THREAD|CLONE_SYSVSEM|CLONE_SETTLS|CLONE_PARENT_SETTID|CLONE_CHILD_CLEARTID, child_tid=0xfffb6bfef050, parent_tid=0xfffb6bfef050, exit_signal=0, stack=0xfffb67fe0000, stack_size=0x400e840, tls=0xfffb6bfef6c0} => {parent_tid=[11202]}, 88) = 11202
11200 clone3({flags=CLONE_VM|CLONE_FS|CLONE_FILES|CLONE_SIGHAND|CLONE_THREAD|CLONE_SYSVSEM|CLONE_SETTLS|CLONE_PARENT_SETTID|CLONE_CHILD_CLEARTID, child_tid=0xfffb5ffff050, parent_tid=0xfffb5ffff050, exit_signal=0, stack=0xfffb5bff0000, stack_size=0x400e840, tls=0xfffb5ffff6c0} => {parent_tid=[11203]}, 88) = 11203
11202 exit(0 <unfinished ...>
11203 exit(0 <unfinished ...>
11199 exit_group(0 <unfinished ...>
11203 <... exit resumed>)               = ?
11202 <... exit resumed>)               = ?
11201 ???( <unfinished ...>
11200 ???( <unfinished ...>
11199 <... exit_group resumed>)         = ?
11203 +++ exited with 0 +++
11202 +++ exited with 0 +++
11201 +++ exited with 0 +++
11200 +++ exited with 0 +++
11199 +++ exited with 0 +++
11198 <... wait4 resumed>[{WIFEXITED(s) && WEXITSTATUS(s) == 0}], 0, NULL) = 11199
11198 --- SIGCHLD {si_signo=SIGCHLD, si_code=CLD_EXITED, si_pid=11199, si_uid=1001, si_status=0, si_utime=0, si_stime=2 /* 0.02 s */} ---
11198 exit_group(0)                     = ?
11198 +++ exited with 0 +++
11196 <... wait4 resumed>[{WIFEXITED(s) && WEXITSTATUS(s) == 0}], 0, NULL) = 11198
11196 --- SIGCHLD {si_signo=SIGCHLD, si_code=CLD_EXITED, si_pid=11198, si_uid=1001, si_status=0, si_utime=0, si_stime=0} ---
11196 exit_group(0)                     = ?
11196 +++ exited with 0 +++
11194 <... wait4 resumed>[{WIFEXITED(s) && WEXITSTATUS(s) == 0}], 0, NULL) = 11196
11194 --- SIGCHLD {si_signo=SIGCHLD, si_code=CLD_EXITED, si_pid=11196, si_uid=1001, si_status=0, si_utime=0, si_stime=0} ---
11194 exit_group(0)                     = ?
11194 +++ exited with 0 +++
