9255  execve("/home/runner/work/_temp/bootstrap-workspace/b4/compiler", ["/home/runner/work/_temp/bootstra"..., "build", "/home/runner/work/type-rb-native"..., "--output", "/home/runner/work/_temp/bootstra"..., "--qbe", "/home/runner/work/_temp/qbe-1.3/"..., "--cc", "/usr/bin/cc", "--target", "linux-arm64-v0"], 0xffffcd732008 /* 111 vars */) = 0
9255  clone(child_stack=NULL, flags=CLONE_CHILD_CLEARTID|CLONE_CHILD_SETTID|SIGCHLD, child_tidptr=0xff9736377f90) = 9256
9255  wait4(9256,  <unfinished ...>
9256  execve("/home/runner/work/_temp/qbe-1.3/qbe", ["/home/runner/work/_temp/qbe-1.3/"..., "-t", "arm64", "-o", "/home/runner/work/_temp/bootstra"..., "/home/runner/work/_temp/bootstra"...], 0xffffcae5f3d8 /* 111 vars */) = 0
9256  exit_group(0)                     = ?
9256  +++ exited with 0 +++
9255  <... wait4 resumed>[{WIFEXITED(s) && WEXITSTATUS(s) == 0}], 0, NULL) = 9256
9255  --- SIGCHLD {si_signo=SIGCHLD, si_code=CLD_EXITED, si_pid=9256, si_uid=1001, si_status=0, si_utime=0, si_stime=0} ---
9255  clone(child_stack=NULL, flags=CLONE_CHILD_CLEARTID|CLONE_CHILD_SETTID|SIGCHLD, child_tidptr=0xff9736377f90) = 9257
9255  wait4(9257,  <unfinished ...>
9257  execve("/usr/bin/cc", ["/usr/bin/cc", "-xassembler", "/home/runner/work/_temp/bootstra"..., "-fuse-ld=lld", "-Wl,--gc-sections,--strip-all", "-lm", "-o", "/home/runner/work/_temp/bootstra"...], 0xffffcae5f3d8 /* 111 vars */) = 0
9257  clone(child_stack=0xffffec4530f0, flags=CLONE_VM|CLONE_VFORK|SIGCHLD <unfinished ...>
9258  execve("/home/runner/go/bin/as", ["as", "-EL", "-mabi=lp64", "-o", "/tmp/cck2k04O.o", "/home/runner/work/_temp/bootstra"...], 0x24893d50 /* 116 vars */) = -1 ENOENT (No such file or directory)
9258  execve("/opt/hostedtoolcache/go/1.27.0/arm64/bin/as", ["as", "-EL", "-mabi=lp64", "-o", "/tmp/cck2k04O.o", "/home/runner/work/_temp/bootstra"...], 0x24893d50 /* 116 vars */) = -1 ENOENT (No such file or directory)
9258  execve("/snap/bin/as", ["as", "-EL", "-mabi=lp64", "-o", "/tmp/cck2k04O.o", "/home/runner/work/_temp/bootstra"...], 0x24893d50 /* 116 vars */) = -1 ENOENT (No such file or directory)
9258  execve("/home/runner/.local/bin/as", ["as", "-EL", "-mabi=lp64", "-o", "/tmp/cck2k04O.o", "/home/runner/work/_temp/bootstra"...], 0x24893d50 /* 116 vars */) = -1 ENOENT (No such file or directory)
9258  execve("/opt/pipx_bin/as", ["as", "-EL", "-mabi=lp64", "-o", "/tmp/cck2k04O.o", "/home/runner/work/_temp/bootstra"...], 0x24893d50 /* 116 vars */) = -1 ENOENT (No such file or directory)
9258  execve("/home/runner/.cargo/bin/as", ["as", "-EL", "-mabi=lp64", "-o", "/tmp/cck2k04O.o", "/home/runner/work/_temp/bootstra"...], 0x24893d50 /* 116 vars */) = -1 ENOENT (No such file or directory)
9258  execve("/home/runner/.config/composer/vendor/bin/as", ["as", "-EL", "-mabi=lp64", "-o", "/tmp/cck2k04O.o", "/home/runner/work/_temp/bootstra"...], 0x24893d50 /* 116 vars */) = -1 ENOENT (No such file or directory)
9258  execve("/home/runner/.dotnet/tools/as", ["as", "-EL", "-mabi=lp64", "-o", "/tmp/cck2k04O.o", "/home/runner/work/_temp/bootstra"...], 0x24893d50 /* 116 vars */) = -1 ENOENT (No such file or directory)
9258  execve("/usr/local/sbin/as", ["as", "-EL", "-mabi=lp64", "-o", "/tmp/cck2k04O.o", "/home/runner/work/_temp/bootstra"...], 0x24893d50 /* 116 vars */) = -1 ENOENT (No such file or directory)
9258  execve("/usr/local/bin/as", ["as", "-EL", "-mabi=lp64", "-o", "/tmp/cck2k04O.o", "/home/runner/work/_temp/bootstra"...], 0x24893d50 /* 116 vars */) = -1 ENOENT (No such file or directory)
9258  execve("/usr/sbin/as", ["as", "-EL", "-mabi=lp64", "-o", "/tmp/cck2k04O.o", "/home/runner/work/_temp/bootstra"...], 0x24893d50 /* 116 vars */) = -1 ENOENT (No such file or directory)
9258  execve("/usr/bin/as", ["as", "-EL", "-mabi=lp64", "-o", "/tmp/cck2k04O.o", "/home/runner/work/_temp/bootstra"...], 0x24893d50 /* 116 vars */ <unfinished ...>
9257  <... clone resumed>)              = 9258
9258  <... execve resumed>)             = 0
9257  wait4(9258,  <unfinished ...>
9258  exit_group(0)                     = ?
9258  +++ exited with 0 +++
9257  <... wait4 resumed>[{WIFEXITED(s) && WEXITSTATUS(s) == 0}], 0, NULL) = 9258
9257  --- SIGCHLD {si_signo=SIGCHLD, si_code=CLD_EXITED, si_pid=9258, si_uid=1001, si_status=0, si_utime=0, si_stime=0} ---
9257  clone(child_stack=0xffffec452230, flags=CLONE_VM|CLONE_VFORK|SIGCHLD <unfinished ...>
9259  execve("/usr/libexec/gcc/aarch64-linux-gnu/13/collect2", ["/usr/libexec/gcc/aarch64-linux-g"..., "-plugin", "/usr/libexec/gcc/aarch64-linux-g"..., "-plugin-opt=/usr/libexec/gcc/aar"..., "-plugin-opt=-fresolution=/tmp/cc"..., "-plugin-opt=-pass-through=-lgcc", "-plugin-opt=-pass-through=-lgcc_"..., "-plugin-opt=-pass-through=-lc", "-plugin-opt=-pass-through=-lgcc", "-plugin-opt=-pass-through=-lgcc_"..., "--build-id", "--eh-frame-hdr", "--hash-style=gnu", "--as-needed", "-dynamic-linker", "/lib/ld-linux-aarch64.so.1", "-X", "-EL", "-maarch64linux", "--fix-cortex-a53-843419", "-pie", "-z", "now", "-fuse-ld=lld", "-z", "relro", "-o", "/home/runner/work/_temp/bootstra"..., "/usr/lib/gcc/aarch64-linux-gnu/1"..., "/usr/lib/gcc/aarch64-linux-gnu/1"..., "/usr/lib/gcc/aarch64-linux-gnu/1"..., "-L/usr/lib/gcc/aarch64-linux-gnu"..., ...], 0x24894580 /* 118 vars */ <unfinished ...>
9257  <... clone resumed>)              = 9259
9259  <... execve resumed>)             = 0
9257  wait4(9259,  <unfinished ...>
9259  clone(child_stack=0xffffe8eb32f0, flags=CLONE_VM|CLONE_VFORK|SIGCHLD <unfinished ...>
9260  execve("/usr/bin/ld.lld", ["/usr/bin/ld.lld", "-plugin", "/usr/libexec/gcc/aarch64-linux-g"..., "-plugin-opt=/usr/libexec/gcc/aar"..., "-plugin-opt=-fresolution=/tmp/cc"..., "-plugin-opt=-pass-through=-lgcc", "-plugin-opt=-pass-through=-lgcc_"..., "-plugin-opt=-pass-through=-lc", "-plugin-opt=-pass-through=-lgcc", "-plugin-opt=-pass-through=-lgcc_"..., "--build-id", "--eh-frame-hdr", "--hash-style=gnu", "--as-needed", "-dynamic-linker", "/lib/ld-linux-aarch64.so.1", "-X", "-EL", "-maarch64linux", "--fix-cortex-a53-843419", "-pie", "-z", "now", "-z", "relro", "-o", "/home/runner/work/_temp/bootstra"..., "/usr/lib/gcc/aarch64-linux-gnu/1"..., "/usr/lib/gcc/aarch64-linux-gnu/1"..., "/usr/lib/gcc/aarch64-linux-gnu/1"..., "-L/usr/lib/gcc/aarch64-linux-gnu"..., "-L/usr/lib/gcc/aarch64-linux-gnu"..., ...], 0xffffe8eb39b0 /* 118 vars */ <unfinished ...>
9259  <... clone resumed>)              = 9260
9260  <... execve resumed>)             = 0
9259  wait4(9260,  <unfinished ...>
9260  clone3({flags=CLONE_VM|CLONE_FS|CLONE_FILES|CLONE_SIGHAND|CLONE_THREAD|CLONE_SYSVSEM|CLONE_SETTLS|CLONE_PARENT_SETTID|CLONE_CHILD_CLEARTID, child_tid=0xffb9169ff050, parent_tid=0xffb9169ff050, exit_signal=0, stack=0xffb9129f0000, stack_size=0x400e840, tls=0xffb9169ff6c0} => {parent_tid=[9261]}, 88) = 9261
9261  clone3({flags=CLONE_VM|CLONE_FS|CLONE_FILES|CLONE_SIGHAND|CLONE_THREAD|CLONE_SYSVSEM|CLONE_SETTLS|CLONE_PARENT_SETTID|CLONE_CHILD_CLEARTID, child_tid=0xffb90bfff050, parent_tid=0xffb90bfff050, exit_signal=0, stack=0xffb907ff0000, stack_size=0x400e840, tls=0xffb90bfff6c0} => {parent_tid=[9262]}, 88) = 9262
9261  clone3({flags=CLONE_VM|CLONE_FS|CLONE_FILES|CLONE_SIGHAND|CLONE_THREAD|CLONE_SYSVSEM|CLONE_SETTLS|CLONE_PARENT_SETTID|CLONE_CHILD_CLEARTID, child_tid=0xffb907fef050, parent_tid=0xffb907fef050, exit_signal=0, stack=0xffb903fe0000, stack_size=0x400e840, tls=0xffb907fef6c0} => {parent_tid=[9263]}, 88) = 9263
9261  clone3({flags=CLONE_VM|CLONE_FS|CLONE_FILES|CLONE_SIGHAND|CLONE_THREAD|CLONE_SYSVSEM|CLONE_SETTLS|CLONE_PARENT_SETTID|CLONE_CHILD_CLEARTID, child_tid=0xffb8fbfff050, parent_tid=0xffb8fbfff050, exit_signal=0, stack=0xffb8f7ff0000, stack_size=0x400e840, tls=0xffb8fbfff6c0} => {parent_tid=[9264]}, 88) = 9264
9264  exit(0 <unfinished ...>
9263  exit(0 <unfinished ...>
9264  <... exit resumed>)               = ?
9263  <... exit resumed>)               = ?
9264  +++ exited with 0 +++
9263  +++ exited with 0 +++
9260  exit_group(0 <unfinished ...>
9261  ???( <unfinished ...>
9260  <... exit_group resumed>)         = ?
9262  +++ exited with 0 +++
9261  +++ exited with 0 +++
9260  +++ exited with 0 +++
9259  <... wait4 resumed>[{WIFEXITED(s) && WEXITSTATUS(s) == 0}], 0, NULL) = 9260
9259  --- SIGCHLD {si_signo=SIGCHLD, si_code=CLD_EXITED, si_pid=9260, si_uid=1001, si_status=0, si_utime=0, si_stime=1 /* 0.01 s */} ---
9259  exit_group(0)                     = ?
9259  +++ exited with 0 +++
9257  <... wait4 resumed>[{WIFEXITED(s) && WEXITSTATUS(s) == 0}], 0, NULL) = 9259
9257  --- SIGCHLD {si_signo=SIGCHLD, si_code=CLD_EXITED, si_pid=9259, si_uid=1001, si_status=0, si_utime=0, si_stime=0} ---
9257  exit_group(0)                     = ?
9257  +++ exited with 0 +++
9255  <... wait4 resumed>[{WIFEXITED(s) && WEXITSTATUS(s) == 0}], 0, NULL) = 9257
9255  --- SIGCHLD {si_signo=SIGCHLD, si_code=CLD_EXITED, si_pid=9257, si_uid=1001, si_status=0, si_utime=0, si_stime=0} ---
9255  exit_group(0)                     = ?
9255  +++ exited with 0 +++
