11352 execve("/home/runner/work/_temp/bootstrap-workspace/b4/compiler", ["/home/runner/work/_temp/bootstra"..., "build", "/home/runner/work/type-rb-native"..., "--output", "/home/runner/work/_temp/bootstra"..., "--qbe", "/home/runner/work/_temp/qbe-1.3/"..., "--cc", "/usr/bin/cc", "--target", "linux-arm64-v0"], 0xfffffe88c0f8 /* 111 vars */) = 0
11352 clone(child_stack=NULL, flags=CLONE_CHILD_CLEARTID|CLONE_CHILD_SETTID|SIGCHLD, child_tidptr=0xff96a0534f90) = 11353
11352 wait4(11353,  <unfinished ...>
11353 execve("/home/runner/work/_temp/qbe-1.3/qbe", ["/home/runner/work/_temp/qbe-1.3/"..., "-t", "arm64", "-o", "/home/runner/work/_temp/bootstra"..., "/home/runner/work/_temp/bootstra"...], 0xfffffdd56218 /* 111 vars */) = 0
11353 exit_group(0)                     = ?
11353 +++ exited with 0 +++
11352 <... wait4 resumed>[{WIFEXITED(s) && WEXITSTATUS(s) == 0}], 0, NULL) = 11353
11352 --- SIGCHLD {si_signo=SIGCHLD, si_code=CLD_EXITED, si_pid=11353, si_uid=1001, si_status=0, si_utime=0, si_stime=0} ---
11352 clone(child_stack=NULL, flags=CLONE_CHILD_CLEARTID|CLONE_CHILD_SETTID|SIGCHLD, child_tidptr=0xff96a0534f90) = 11354
11352 wait4(11354,  <unfinished ...>
11354 execve("/usr/bin/cc", ["/usr/bin/cc", "-xassembler", "/home/runner/work/_temp/bootstra"..., "-fuse-ld=lld", "-Wl,--gc-sections,--strip-all,--"..., "-lm", "-o", "/home/runner/work/_temp/bootstra"...], 0xfffffdd56218 /* 111 vars */) = 0
11354 clone(child_stack=0xffffc41202d0, flags=CLONE_VM|CLONE_VFORK|SIGCHLD <unfinished ...>
11355 execve("/home/runner/go/bin/as", ["as", "-EL", "-mabi=lp64", "-o", "/tmp/ccgoXbxZ.o", "/home/runner/work/_temp/bootstra"...], 0xb7edd70 /* 116 vars */) = -1 ENOENT (No such file or directory)
11355 execve("/opt/hostedtoolcache/go/1.27.1/arm64/bin/as", ["as", "-EL", "-mabi=lp64", "-o", "/tmp/ccgoXbxZ.o", "/home/runner/work/_temp/bootstra"...], 0xb7edd70 /* 116 vars */) = -1 ENOENT (No such file or directory)
11355 execve("/snap/bin/as", ["as", "-EL", "-mabi=lp64", "-o", "/tmp/ccgoXbxZ.o", "/home/runner/work/_temp/bootstra"...], 0xb7edd70 /* 116 vars */) = -1 ENOENT (No such file or directory)
11355 execve("/home/runner/.local/bin/as", ["as", "-EL", "-mabi=lp64", "-o", "/tmp/ccgoXbxZ.o", "/home/runner/work/_temp/bootstra"...], 0xb7edd70 /* 116 vars */) = -1 ENOENT (No such file or directory)
11355 execve("/opt/pipx_bin/as", ["as", "-EL", "-mabi=lp64", "-o", "/tmp/ccgoXbxZ.o", "/home/runner/work/_temp/bootstra"...], 0xb7edd70 /* 116 vars */) = -1 ENOENT (No such file or directory)
11355 execve("/home/runner/.cargo/bin/as", ["as", "-EL", "-mabi=lp64", "-o", "/tmp/ccgoXbxZ.o", "/home/runner/work/_temp/bootstra"...], 0xb7edd70 /* 116 vars */) = -1 ENOENT (No such file or directory)
11355 execve("/home/runner/.config/composer/vendor/bin/as", ["as", "-EL", "-mabi=lp64", "-o", "/tmp/ccgoXbxZ.o", "/home/runner/work/_temp/bootstra"...], 0xb7edd70 /* 116 vars */) = -1 ENOENT (No such file or directory)
11355 execve("/home/runner/.dotnet/tools/as", ["as", "-EL", "-mabi=lp64", "-o", "/tmp/ccgoXbxZ.o", "/home/runner/work/_temp/bootstra"...], 0xb7edd70 /* 116 vars */) = -1 ENOENT (No such file or directory)
11355 execve("/usr/local/sbin/as", ["as", "-EL", "-mabi=lp64", "-o", "/tmp/ccgoXbxZ.o", "/home/runner/work/_temp/bootstra"...], 0xb7edd70 /* 116 vars */) = -1 ENOENT (No such file or directory)
11355 execve("/usr/local/bin/as", ["as", "-EL", "-mabi=lp64", "-o", "/tmp/ccgoXbxZ.o", "/home/runner/work/_temp/bootstra"...], 0xb7edd70 /* 116 vars */) = -1 ENOENT (No such file or directory)
11355 execve("/usr/sbin/as", ["as", "-EL", "-mabi=lp64", "-o", "/tmp/ccgoXbxZ.o", "/home/runner/work/_temp/bootstra"...], 0xb7edd70 /* 116 vars */) = -1 ENOENT (No such file or directory)
11355 execve("/usr/bin/as", ["as", "-EL", "-mabi=lp64", "-o", "/tmp/ccgoXbxZ.o", "/home/runner/work/_temp/bootstra"...], 0xb7edd70 /* 116 vars */ <unfinished ...>
11354 <... clone resumed>)              = 11355
11355 <... execve resumed>)             = 0
11354 wait4(11355,  <unfinished ...>
11355 exit_group(0)                     = ?
11355 +++ exited with 0 +++
11354 <... wait4 resumed>[{WIFEXITED(s) && WEXITSTATUS(s) == 0}], 0, NULL) = 11355
11354 --- SIGCHLD {si_signo=SIGCHLD, si_code=CLD_EXITED, si_pid=11355, si_uid=1001, si_status=0, si_utime=0, si_stime=0} ---
11354 clone(child_stack=0xffffc411f410, flags=CLONE_VM|CLONE_VFORK|SIGCHLD <unfinished ...>
11356 execve("/usr/libexec/gcc/aarch64-linux-gnu/13/collect2", ["/usr/libexec/gcc/aarch64-linux-g"..., "-plugin", "/usr/libexec/gcc/aarch64-linux-g"..., "-plugin-opt=/usr/libexec/gcc/aar"..., "-plugin-opt=-fresolution=/tmp/cc"..., "-plugin-opt=-pass-through=-lgcc", "-plugin-opt=-pass-through=-lgcc_"..., "-plugin-opt=-pass-through=-lc", "-plugin-opt=-pass-through=-lgcc", "-plugin-opt=-pass-through=-lgcc_"..., "--build-id", "--eh-frame-hdr", "--hash-style=gnu", "--as-needed", "-dynamic-linker", "/lib/ld-linux-aarch64.so.1", "-X", "-EL", "-maarch64linux", "--fix-cortex-a53-843419", "-pie", "-z", "now", "-fuse-ld=lld", "-z", "relro", "-o", "/home/runner/work/_temp/bootstra"..., "/usr/lib/gcc/aarch64-linux-gnu/1"..., "/usr/lib/gcc/aarch64-linux-gnu/1"..., "/usr/lib/gcc/aarch64-linux-gnu/1"..., "-L/usr/lib/gcc/aarch64-linux-gnu"..., ...], 0xb7ee5a0 /* 118 vars */ <unfinished ...>
11354 <... clone resumed>)              = 11356
11356 <... execve resumed>)             = 0
11354 wait4(11356,  <unfinished ...>
11356 clone(child_stack=0xffffc5029d10, flags=CLONE_VM|CLONE_VFORK|SIGCHLD <unfinished ...>
11357 execve("/usr/bin/ld.lld", ["/usr/bin/ld.lld", "-plugin", "/usr/libexec/gcc/aarch64-linux-g"..., "-plugin-opt=/usr/libexec/gcc/aar"..., "-plugin-opt=-fresolution=/tmp/cc"..., "-plugin-opt=-pass-through=-lgcc", "-plugin-opt=-pass-through=-lgcc_"..., "-plugin-opt=-pass-through=-lc", "-plugin-opt=-pass-through=-lgcc", "-plugin-opt=-pass-through=-lgcc_"..., "--build-id", "--eh-frame-hdr", "--hash-style=gnu", "--as-needed", "-dynamic-linker", "/lib/ld-linux-aarch64.so.1", "-X", "-EL", "-maarch64linux", "--fix-cortex-a53-843419", "-pie", "-z", "now", "-z", "relro", "-o", "/home/runner/work/_temp/bootstra"..., "/usr/lib/gcc/aarch64-linux-gnu/1"..., "/usr/lib/gcc/aarch64-linux-gnu/1"..., "/usr/lib/gcc/aarch64-linux-gnu/1"..., "-L/usr/lib/gcc/aarch64-linux-gnu"..., "-L/usr/lib/gcc/aarch64-linux-gnu"..., ...], 0xffffc502a3d8 /* 118 vars */ <unfinished ...>
11356 <... clone resumed>)              = 11357
11357 <... execve resumed>)             = 0
11356 wait4(11357,  <unfinished ...>
11357 clone3({flags=CLONE_VM|CLONE_FS|CLONE_FILES|CLONE_SIGHAND|CLONE_THREAD|CLONE_SYSVSEM|CLONE_SETTLS|CLONE_PARENT_SETTID|CLONE_CHILD_CLEARTID, child_tid=0xffb1133ff050, parent_tid=0xffb1133ff050, exit_signal=0, stack=0xffb10f3f0000, stack_size=0x400e840, tls=0xffb1133ff6c0} => {parent_tid=[11358]}, 88) = 11358
11358 clone3({flags=CLONE_VM|CLONE_FS|CLONE_FILES|CLONE_SIGHAND|CLONE_THREAD|CLONE_SYSVSEM|CLONE_SETTLS|CLONE_PARENT_SETTID|CLONE_CHILD_CLEARTID, child_tid=0xffb107fff050, parent_tid=0xffb107fff050, exit_signal=0, stack=0xffb103ff0000, stack_size=0x400e840, tls=0xffb107fff6c0} => {parent_tid=[11359]}, 88) = 11359
11358 clone3({flags=CLONE_VM|CLONE_FS|CLONE_FILES|CLONE_SIGHAND|CLONE_THREAD|CLONE_SYSVSEM|CLONE_SETTLS|CLONE_PARENT_SETTID|CLONE_CHILD_CLEARTID, child_tid=0xffb103fef050, parent_tid=0xffb103fef050, exit_signal=0, stack=0xffb0fffe0000, stack_size=0x400e840, tls=0xffb103fef6c0} => {parent_tid=[11360]}, 88) = 11360
11358 clone3({flags=CLONE_VM|CLONE_FS|CLONE_FILES|CLONE_SIGHAND|CLONE_THREAD|CLONE_SYSVSEM|CLONE_SETTLS|CLONE_PARENT_SETTID|CLONE_CHILD_CLEARTID, child_tid=0xffb0f7fff050, parent_tid=0xffb0f7fff050, exit_signal=0, stack=0xffb0f3ff0000, stack_size=0x400e840, tls=0xffb0f7fff6c0} => {parent_tid=[11361]}, 88) = 11361
11361 exit(0)                           = ?
11358 exit(0)                           = ?
11361 +++ exited with 0 +++
11360 exit(0 <unfinished ...>
11358 +++ exited with 0 +++
11360 <... exit resumed>)               = ?
11357 exit_group(0 <unfinished ...>
11360 +++ exited with 0 +++
11357 <... exit_group resumed>)         = ?
11359 +++ exited with 0 +++
11357 +++ exited with 0 +++
11356 <... wait4 resumed>[{WIFEXITED(s) && WEXITSTATUS(s) == 0}], 0, NULL) = 11357
11356 --- SIGCHLD {si_signo=SIGCHLD, si_code=CLD_EXITED, si_pid=11357, si_uid=1001, si_status=0, si_utime=1 /* 0.01 s */, si_stime=1 /* 0.01 s */} ---
11356 exit_group(0)                     = ?
11356 +++ exited with 0 +++
11354 <... wait4 resumed>[{WIFEXITED(s) && WEXITSTATUS(s) == 0}], 0, NULL) = 11356
11354 --- SIGCHLD {si_signo=SIGCHLD, si_code=CLD_EXITED, si_pid=11356, si_uid=1001, si_status=0, si_utime=0, si_stime=0} ---
11354 exit_group(0)                     = ?
11354 +++ exited with 0 +++
11352 <... wait4 resumed>[{WIFEXITED(s) && WEXITSTATUS(s) == 0}], 0, NULL) = 11354
11352 --- SIGCHLD {si_signo=SIGCHLD, si_code=CLD_EXITED, si_pid=11354, si_uid=1001, si_status=0, si_utime=0, si_stime=0} ---
11352 exit_group(0)                     = ?
11352 +++ exited with 0 +++
