9977  execve("/home/runner/work/_temp/bootstrap-workspace/b4/compiler", ["/home/runner/work/_temp/bootstra"..., "build", "/home/runner/work/type-rb-native"..., "--output", "/home/runner/work/_temp/bootstra"..., "--qbe", "/home/runner/work/_temp/qbe-1.3/"..., "--cc", "/usr/bin/cc", "--target", "linux-arm64-v0"], 0xffffd0c6d698 /* 111 vars */) = 0
9977  clone(child_stack=NULL, flags=CLONE_CHILD_CLEARTID|CLONE_CHILD_SETTID|SIGCHLD, child_tidptr=0xff1be5ad1f90) = 9978
9977  wait4(9978,  <unfinished ...>
9978  execve("/home/runner/work/_temp/qbe-1.3/qbe", ["/home/runner/work/_temp/qbe-1.3/"..., "-t", "arm64", "-o", "/home/runner/work/_temp/bootstra"..., "/home/runner/work/_temp/bootstra"...], 0xffffe1c0ecc8 /* 111 vars */) = 0
9978  exit_group(0)                     = ?
9978  +++ exited with 0 +++
9977  <... wait4 resumed>[{WIFEXITED(s) && WEXITSTATUS(s) == 0}], 0, NULL) = 9978
9977  --- SIGCHLD {si_signo=SIGCHLD, si_code=CLD_EXITED, si_pid=9978, si_uid=1001, si_status=0, si_utime=0, si_stime=0} ---
9977  clone(child_stack=NULL, flags=CLONE_CHILD_CLEARTID|CLONE_CHILD_SETTID|SIGCHLD, child_tidptr=0xff1be5ad1f90) = 9979
9977  wait4(9979,  <unfinished ...>
9979  execve("/usr/bin/cc", ["/usr/bin/cc", "-xassembler", "/home/runner/work/_temp/bootstra"..., "-fuse-ld=lld", "-Wl,--gc-sections,--strip-all", "-lm", "-o", "/home/runner/work/_temp/bootstra"...], 0xffffe1c0ecc8 /* 111 vars */) = 0
9979  clone(child_stack=0xffffd030da70, flags=CLONE_VM|CLONE_VFORK|SIGCHLD <unfinished ...>
9980  execve("/home/runner/go/bin/as", ["as", "-EL", "-mabi=lp64", "-o", "/tmp/ccMuUFib.o", "/home/runner/work/_temp/bootstra"...], 0x1b973d50 /* 116 vars */) = -1 ENOENT (No such file or directory)
9980  execve("/opt/hostedtoolcache/go/1.27.1/arm64/bin/as", ["as", "-EL", "-mabi=lp64", "-o", "/tmp/ccMuUFib.o", "/home/runner/work/_temp/bootstra"...], 0x1b973d50 /* 116 vars */) = -1 ENOENT (No such file or directory)
9980  execve("/snap/bin/as", ["as", "-EL", "-mabi=lp64", "-o", "/tmp/ccMuUFib.o", "/home/runner/work/_temp/bootstra"...], 0x1b973d50 /* 116 vars */) = -1 ENOENT (No such file or directory)
9980  execve("/home/runner/.local/bin/as", ["as", "-EL", "-mabi=lp64", "-o", "/tmp/ccMuUFib.o", "/home/runner/work/_temp/bootstra"...], 0x1b973d50 /* 116 vars */) = -1 ENOENT (No such file or directory)
9980  execve("/opt/pipx_bin/as", ["as", "-EL", "-mabi=lp64", "-o", "/tmp/ccMuUFib.o", "/home/runner/work/_temp/bootstra"...], 0x1b973d50 /* 116 vars */) = -1 ENOENT (No such file or directory)
9980  execve("/home/runner/.cargo/bin/as", ["as", "-EL", "-mabi=lp64", "-o", "/tmp/ccMuUFib.o", "/home/runner/work/_temp/bootstra"...], 0x1b973d50 /* 116 vars */) = -1 ENOENT (No such file or directory)
9980  execve("/home/runner/.config/composer/vendor/bin/as", ["as", "-EL", "-mabi=lp64", "-o", "/tmp/ccMuUFib.o", "/home/runner/work/_temp/bootstra"...], 0x1b973d50 /* 116 vars */) = -1 ENOENT (No such file or directory)
9980  execve("/home/runner/.dotnet/tools/as", ["as", "-EL", "-mabi=lp64", "-o", "/tmp/ccMuUFib.o", "/home/runner/work/_temp/bootstra"...], 0x1b973d50 /* 116 vars */) = -1 ENOENT (No such file or directory)
9980  execve("/usr/local/sbin/as", ["as", "-EL", "-mabi=lp64", "-o", "/tmp/ccMuUFib.o", "/home/runner/work/_temp/bootstra"...], 0x1b973d50 /* 116 vars */) = -1 ENOENT (No such file or directory)
9980  execve("/usr/local/bin/as", ["as", "-EL", "-mabi=lp64", "-o", "/tmp/ccMuUFib.o", "/home/runner/work/_temp/bootstra"...], 0x1b973d50 /* 116 vars */) = -1 ENOENT (No such file or directory)
9980  execve("/usr/sbin/as", ["as", "-EL", "-mabi=lp64", "-o", "/tmp/ccMuUFib.o", "/home/runner/work/_temp/bootstra"...], 0x1b973d50 /* 116 vars */) = -1 ENOENT (No such file or directory)
9980  execve("/usr/bin/as", ["as", "-EL", "-mabi=lp64", "-o", "/tmp/ccMuUFib.o", "/home/runner/work/_temp/bootstra"...], 0x1b973d50 /* 116 vars */ <unfinished ...>
9979  <... clone resumed>)              = 9980
9980  <... execve resumed>)             = 0
9979  wait4(9980,  <unfinished ...>
9980  exit_group(0)                     = ?
9980  +++ exited with 0 +++
9979  <... wait4 resumed>[{WIFEXITED(s) && WEXITSTATUS(s) == 0}], 0, NULL) = 9980
9979  --- SIGCHLD {si_signo=SIGCHLD, si_code=CLD_EXITED, si_pid=9980, si_uid=1001, si_status=0, si_utime=0, si_stime=0} ---
9979  clone(child_stack=0xffffd030cbb0, flags=CLONE_VM|CLONE_VFORK|SIGCHLD <unfinished ...>
9981  execve("/usr/libexec/gcc/aarch64-linux-gnu/13/collect2", ["/usr/libexec/gcc/aarch64-linux-g"..., "-plugin", "/usr/libexec/gcc/aarch64-linux-g"..., "-plugin-opt=/usr/libexec/gcc/aar"..., "-plugin-opt=-fresolution=/tmp/cc"..., "-plugin-opt=-pass-through=-lgcc", "-plugin-opt=-pass-through=-lgcc_"..., "-plugin-opt=-pass-through=-lc", "-plugin-opt=-pass-through=-lgcc", "-plugin-opt=-pass-through=-lgcc_"..., "--build-id", "--eh-frame-hdr", "--hash-style=gnu", "--as-needed", "-dynamic-linker", "/lib/ld-linux-aarch64.so.1", "-X", "-EL", "-maarch64linux", "--fix-cortex-a53-843419", "-pie", "-z", "now", "-fuse-ld=lld", "-z", "relro", "-o", "/home/runner/work/_temp/bootstra"..., "/usr/lib/gcc/aarch64-linux-gnu/1"..., "/usr/lib/gcc/aarch64-linux-gnu/1"..., "/usr/lib/gcc/aarch64-linux-gnu/1"..., "-L/usr/lib/gcc/aarch64-linux-gnu"..., ...], 0x1b974580 /* 118 vars */ <unfinished ...>
9979  <... clone resumed>)              = 9981
9981  <... execve resumed>)             = 0
9979  wait4(9981,  <unfinished ...>
9981  clone(child_stack=0xffffd249d410, flags=CLONE_VM|CLONE_VFORK|SIGCHLD <unfinished ...>
9982  execve("/usr/bin/ld.lld", ["/usr/bin/ld.lld", "-plugin", "/usr/libexec/gcc/aarch64-linux-g"..., "-plugin-opt=/usr/libexec/gcc/aar"..., "-plugin-opt=-fresolution=/tmp/cc"..., "-plugin-opt=-pass-through=-lgcc", "-plugin-opt=-pass-through=-lgcc_"..., "-plugin-opt=-pass-through=-lc", "-plugin-opt=-pass-through=-lgcc", "-plugin-opt=-pass-through=-lgcc_"..., "--build-id", "--eh-frame-hdr", "--hash-style=gnu", "--as-needed", "-dynamic-linker", "/lib/ld-linux-aarch64.so.1", "-X", "-EL", "-maarch64linux", "--fix-cortex-a53-843419", "-pie", "-z", "now", "-z", "relro", "-o", "/home/runner/work/_temp/bootstra"..., "/usr/lib/gcc/aarch64-linux-gnu/1"..., "/usr/lib/gcc/aarch64-linux-gnu/1"..., "/usr/lib/gcc/aarch64-linux-gnu/1"..., "-L/usr/lib/gcc/aarch64-linux-gnu"..., "-L/usr/lib/gcc/aarch64-linux-gnu"..., ...], 0xffffd249dad0 /* 118 vars */ <unfinished ...>
9981  <... clone resumed>)              = 9982
9982  <... execve resumed>)             = 0
9981  wait4(9982,  <unfinished ...>
9982  clone3({flags=CLONE_VM|CLONE_FS|CLONE_FILES|CLONE_SIGHAND|CLONE_THREAD|CLONE_SYSVSEM|CLONE_SETTLS|CLONE_PARENT_SETTID|CLONE_CHILD_CLEARTID, child_tid=0xff5a515ff050, parent_tid=0xff5a515ff050, exit_signal=0, stack=0xff5a4d5f0000, stack_size=0x400e840, tls=0xff5a515ff6c0} => {parent_tid=[9983]}, 88) = 9983
9983  clone3({flags=CLONE_VM|CLONE_FS|CLONE_FILES|CLONE_SIGHAND|CLONE_THREAD|CLONE_SYSVSEM|CLONE_SETTLS|CLONE_PARENT_SETTID|CLONE_CHILD_CLEARTID, child_tid=0xff5a47fff050, parent_tid=0xff5a47fff050, exit_signal=0, stack=0xff5a43ff0000, stack_size=0x400e840, tls=0xff5a47fff6c0} => {parent_tid=[9984]}, 88) = 9984
9983  clone3({flags=CLONE_VM|CLONE_FS|CLONE_FILES|CLONE_SIGHAND|CLONE_THREAD|CLONE_SYSVSEM|CLONE_SETTLS|CLONE_PARENT_SETTID|CLONE_CHILD_CLEARTID, child_tid=0xff5a43fef050, parent_tid=0xff5a43fef050, exit_signal=0, stack=0xff5a3ffe0000, stack_size=0x400e840, tls=0xff5a43fef6c0} => {parent_tid=[9985]}, 88) = 9985
9983  clone3({flags=CLONE_VM|CLONE_FS|CLONE_FILES|CLONE_SIGHAND|CLONE_THREAD|CLONE_SYSVSEM|CLONE_SETTLS|CLONE_PARENT_SETTID|CLONE_CHILD_CLEARTID, child_tid=0xff5a37fff050, parent_tid=0xff5a37fff050, exit_signal=0, stack=0xff5a33ff0000, stack_size=0x400e840, tls=0xff5a37fff6c0} => {parent_tid=[9986]}, 88) = 9986
9986  exit(0 <unfinished ...>
9984  exit(0 <unfinished ...>
9986  <... exit resumed>)               = ?
9985  exit(0 <unfinished ...>
9984  <... exit resumed>)               = ?
9982  exit_group(0 <unfinished ...>
9986  +++ exited with 0 +++
9982  <... exit_group resumed>)         = ?
9984  +++ exited with 0 +++
9985  <... exit resumed>)               = ?
9983  +++ exited with 0 +++
9985  +++ exited with 0 +++
9982  +++ exited with 0 +++
9981  <... wait4 resumed>[{WIFEXITED(s) && WEXITSTATUS(s) == 0}], 0, NULL) = 9982
9981  --- SIGCHLD {si_signo=SIGCHLD, si_code=CLD_EXITED, si_pid=9982, si_uid=1001, si_status=0, si_utime=1 /* 0.01 s */, si_stime=1 /* 0.01 s */} ---
9981  exit_group(0)                     = ?
9981  +++ exited with 0 +++
9979  <... wait4 resumed>[{WIFEXITED(s) && WEXITSTATUS(s) == 0}], 0, NULL) = 9981
9979  --- SIGCHLD {si_signo=SIGCHLD, si_code=CLD_EXITED, si_pid=9981, si_uid=1001, si_status=0, si_utime=0, si_stime=0} ---
9979  exit_group(0)                     = ?
9979  +++ exited with 0 +++
9977  <... wait4 resumed>[{WIFEXITED(s) && WEXITSTATUS(s) == 0}], 0, NULL) = 9979
9977  --- SIGCHLD {si_signo=SIGCHLD, si_code=CLD_EXITED, si_pid=9979, si_uid=1001, si_status=0, si_utime=0, si_stime=0} ---
9977  exit_group(0)                     = ?
9977  +++ exited with 0 +++
