6206  execve("/home/runner/work/_temp/baseline-bootstrap-workspace/b4/compiler", ["/home/runner/work/_temp/baseline"..., "build", "/home/runner/work/_temp/baseline"..., "--output", "/home/runner/work/_temp/baseline"..., "--qbe", "/home/runner/work/_temp/qbe-1.3/"..., "--cc", "/usr/bin/cc", "--target", "linux-arm64-v0"], 0xffffe18ecea8 /* 111 vars */) = 0
6206  clone(child_stack=NULL, flags=CLONE_CHILD_CLEARTID|CLONE_CHILD_SETTID|SIGCHLD, child_tidptr=0xffc8518cff90) = 6207
6206  wait4(6207,  <unfinished ...>
6207  execve("/home/runner/work/_temp/qbe-1.3/qbe", ["/home/runner/work/_temp/qbe-1.3/"..., "-t", "arm64", "-o", "/home/runner/work/_temp/baseline"..., "/home/runner/work/_temp/baseline"...], 0xffffd900d448 /* 111 vars */) = 0
6207  exit_group(0)                     = ?
6207  +++ exited with 0 +++
6206  <... wait4 resumed>[{WIFEXITED(s) && WEXITSTATUS(s) == 0}], 0, NULL) = 6207
6206  --- SIGCHLD {si_signo=SIGCHLD, si_code=CLD_EXITED, si_pid=6207, si_uid=1001, si_status=0, si_utime=0, si_stime=0} ---
6206  clone(child_stack=NULL, flags=CLONE_CHILD_CLEARTID|CLONE_CHILD_SETTID|SIGCHLD, child_tidptr=0xffc8518cff90) = 6208
6206  wait4(6208,  <unfinished ...>
6208  execve("/usr/bin/cc", ["/usr/bin/cc", "-xassembler", "/home/runner/work/_temp/baseline"..., "-fuse-ld=lld", "-Wl,--gc-sections,--strip-all", "-lm", "-o", "/home/runner/work/_temp/baseline"...], 0xffffd900d448 /* 111 vars */) = 0
6208  clone(child_stack=0xffffdaf65bc0, flags=CLONE_VM|CLONE_VFORK|SIGCHLD <unfinished ...>
6209  execve("/snap/bin/as", ["as", "-EL", "-mabi=lp64", "-o", "/tmp/cc9H9zZR.o", "/home/runner/work/_temp/baseline"...], 0x9479d50 /* 116 vars */) = -1 ENOENT (No such file or directory)
6209  execve("/home/runner/.local/bin/as", ["as", "-EL", "-mabi=lp64", "-o", "/tmp/cc9H9zZR.o", "/home/runner/work/_temp/baseline"...], 0x9479d50 /* 116 vars */) = -1 ENOENT (No such file or directory)
6209  execve("/opt/pipx_bin/as", ["as", "-EL", "-mabi=lp64", "-o", "/tmp/cc9H9zZR.o", "/home/runner/work/_temp/baseline"...], 0x9479d50 /* 116 vars */) = -1 ENOENT (No such file or directory)
6209  execve("/home/runner/.cargo/bin/as", ["as", "-EL", "-mabi=lp64", "-o", "/tmp/cc9H9zZR.o", "/home/runner/work/_temp/baseline"...], 0x9479d50 /* 116 vars */) = -1 ENOENT (No such file or directory)
6209  execve("/home/runner/.config/composer/vendor/bin/as", ["as", "-EL", "-mabi=lp64", "-o", "/tmp/cc9H9zZR.o", "/home/runner/work/_temp/baseline"...], 0x9479d50 /* 116 vars */) = -1 ENOENT (No such file or directory)
6209  execve("/home/runner/.dotnet/tools/as", ["as", "-EL", "-mabi=lp64", "-o", "/tmp/cc9H9zZR.o", "/home/runner/work/_temp/baseline"...], 0x9479d50 /* 116 vars */) = -1 ENOENT (No such file or directory)
6209  execve("/usr/local/sbin/as", ["as", "-EL", "-mabi=lp64", "-o", "/tmp/cc9H9zZR.o", "/home/runner/work/_temp/baseline"...], 0x9479d50 /* 116 vars */) = -1 ENOENT (No such file or directory)
6209  execve("/usr/local/bin/as", ["as", "-EL", "-mabi=lp64", "-o", "/tmp/cc9H9zZR.o", "/home/runner/work/_temp/baseline"...], 0x9479d50 /* 116 vars */) = -1 ENOENT (No such file or directory)
6209  execve("/usr/sbin/as", ["as", "-EL", "-mabi=lp64", "-o", "/tmp/cc9H9zZR.o", "/home/runner/work/_temp/baseline"...], 0x9479d50 /* 116 vars */) = -1 ENOENT (No such file or directory)
6209  execve("/usr/bin/as", ["as", "-EL", "-mabi=lp64", "-o", "/tmp/cc9H9zZR.o", "/home/runner/work/_temp/baseline"...], 0x9479d50 /* 116 vars */ <unfinished ...>
6208  <... clone resumed>)              = 6209
6209  <... execve resumed>)             = 0
6208  wait4(6209,  <unfinished ...>
6209  exit_group(0)                     = ?
6209  +++ exited with 0 +++
6208  <... wait4 resumed>[{WIFEXITED(s) && WEXITSTATUS(s) == 0}], 0, NULL) = 6209
6208  --- SIGCHLD {si_signo=SIGCHLD, si_code=CLD_EXITED, si_pid=6209, si_uid=1001, si_status=0, si_utime=0, si_stime=0} ---
6208  clone(child_stack=0xffffdaf64d00, flags=CLONE_VM|CLONE_VFORK|SIGCHLD <unfinished ...>
6210  execve("/usr/libexec/gcc/aarch64-linux-gnu/13/collect2", ["/usr/libexec/gcc/aarch64-linux-g"..., "-plugin", "/usr/libexec/gcc/aarch64-linux-g"..., "-plugin-opt=/usr/libexec/gcc/aar"..., "-plugin-opt=-fresolution=/tmp/cc"..., "-plugin-opt=-pass-through=-lgcc", "-plugin-opt=-pass-through=-lgcc_"..., "-plugin-opt=-pass-through=-lc", "-plugin-opt=-pass-through=-lgcc", "-plugin-opt=-pass-through=-lgcc_"..., "--build-id", "--eh-frame-hdr", "--hash-style=gnu", "--as-needed", "-dynamic-linker", "/lib/ld-linux-aarch64.so.1", "-X", "-EL", "-maarch64linux", "--fix-cortex-a53-843419", "-pie", "-z", "now", "-fuse-ld=lld", "-z", "relro", "-o", "/home/runner/work/_temp/baseline"..., "/usr/lib/gcc/aarch64-linux-gnu/1"..., "/usr/lib/gcc/aarch64-linux-gnu/1"..., "/usr/lib/gcc/aarch64-linux-gnu/1"..., "-L/usr/lib/gcc/aarch64-linux-gnu"..., ...], 0x947a580 /* 118 vars */ <unfinished ...>
6208  <... clone resumed>)              = 6210
6210  <... execve resumed>)             = 0
6208  wait4(6210,  <unfinished ...>
6210  clone(child_stack=0xffffd6c262e0, flags=CLONE_VM|CLONE_VFORK|SIGCHLD <unfinished ...>
6211  execve("/usr/bin/ld.lld", ["/usr/bin/ld.lld", "-plugin", "/usr/libexec/gcc/aarch64-linux-g"..., "-plugin-opt=/usr/libexec/gcc/aar"..., "-plugin-opt=-fresolution=/tmp/cc"..., "-plugin-opt=-pass-through=-lgcc", "-plugin-opt=-pass-through=-lgcc_"..., "-plugin-opt=-pass-through=-lc", "-plugin-opt=-pass-through=-lgcc", "-plugin-opt=-pass-through=-lgcc_"..., "--build-id", "--eh-frame-hdr", "--hash-style=gnu", "--as-needed", "-dynamic-linker", "/lib/ld-linux-aarch64.so.1", "-X", "-EL", "-maarch64linux", "--fix-cortex-a53-843419", "-pie", "-z", "now", "-z", "relro", "-o", "/home/runner/work/_temp/baseline"..., "/usr/lib/gcc/aarch64-linux-gnu/1"..., "/usr/lib/gcc/aarch64-linux-gnu/1"..., "/usr/lib/gcc/aarch64-linux-gnu/1"..., "-L/usr/lib/gcc/aarch64-linux-gnu"..., "-L/usr/lib/gcc/aarch64-linux-gnu"..., ...], 0xffffd6c269a0 /* 118 vars */ <unfinished ...>
6210  <... clone resumed>)              = 6211
6211  <... execve resumed>)             = 0
6210  wait4(6211,  <unfinished ...>
6211  clone3({flags=CLONE_VM|CLONE_FS|CLONE_FILES|CLONE_SIGHAND|CLONE_THREAD|CLONE_SYSVSEM|CLONE_SETTLS|CLONE_PARENT_SETTID|CLONE_CHILD_CLEARTID, child_tid=0xffa0c0bff050, parent_tid=0xffa0c0bff050, exit_signal=0, stack=0xffa0bcbf0000, stack_size=0x400e840, tls=0xffa0c0bff6c0} => {parent_tid=[6212]}, 88) = 6212
6212  clone3({flags=CLONE_VM|CLONE_FS|CLONE_FILES|CLONE_SIGHAND|CLONE_THREAD|CLONE_SYSVSEM|CLONE_SETTLS|CLONE_PARENT_SETTID|CLONE_CHILD_CLEARTID, child_tid=0xffa0b7fff050, parent_tid=0xffa0b7fff050, exit_signal=0, stack=0xffa0b3ff0000, stack_size=0x400e840, tls=0xffa0b7fff6c0} => {parent_tid=[6213]}, 88) = 6213
6212  clone3({flags=CLONE_VM|CLONE_FS|CLONE_FILES|CLONE_SIGHAND|CLONE_THREAD|CLONE_SYSVSEM|CLONE_SETTLS|CLONE_PARENT_SETTID|CLONE_CHILD_CLEARTID, child_tid=0xffa0b3fef050, parent_tid=0xffa0b3fef050, exit_signal=0, stack=0xffa0affe0000, stack_size=0x400e840, tls=0xffa0b3fef6c0} => {parent_tid=[6214]}, 88) = 6214
6212  clone3({flags=CLONE_VM|CLONE_FS|CLONE_FILES|CLONE_SIGHAND|CLONE_THREAD|CLONE_SYSVSEM|CLONE_SETTLS|CLONE_PARENT_SETTID|CLONE_CHILD_CLEARTID, child_tid=0xffa0a7fff050, parent_tid=0xffa0a7fff050, exit_signal=0, stack=0xffa0a3ff0000, stack_size=0x400e840, tls=0xffa0a7fff6c0} => {parent_tid=[6215]}, 88) = 6215
6215  exit(0)                           = ?
6214  exit(0 <unfinished ...>
6212  exit(0)                           = ?
6214  <... exit resumed>)               = ?
6213  exit(0 <unfinished ...>
6211  exit_group(0 <unfinished ...>
6215  +++ exited with 0 +++
6213  <... exit resumed>)               = ?
6214  +++ exited with 0 +++
6212  +++ exited with 0 +++
6211  <... exit_group resumed>)         = ?
6213  +++ exited with 0 +++
6211  +++ exited with 0 +++
6210  <... wait4 resumed>[{WIFEXITED(s) && WEXITSTATUS(s) == 0}], 0, NULL) = 6211
6210  --- SIGCHLD {si_signo=SIGCHLD, si_code=CLD_EXITED, si_pid=6211, si_uid=1001, si_status=0, si_utime=0, si_stime=1 /* 0.01 s */} ---
6210  exit_group(0)                     = ?
6210  +++ exited with 0 +++
6208  <... wait4 resumed>[{WIFEXITED(s) && WEXITSTATUS(s) == 0}], 0, NULL) = 6210
6208  --- SIGCHLD {si_signo=SIGCHLD, si_code=CLD_EXITED, si_pid=6210, si_uid=1001, si_status=0, si_utime=0, si_stime=0} ---
6208  exit_group(0)                     = ?
6208  +++ exited with 0 +++
6206  <... wait4 resumed>[{WIFEXITED(s) && WEXITSTATUS(s) == 0}], 0, NULL) = 6208
6206  --- SIGCHLD {si_signo=SIGCHLD, si_code=CLD_EXITED, si_pid=6208, si_uid=1001, si_status=0, si_utime=0, si_stime=0} ---
6206  exit_group(0)                     = ?
6206  +++ exited with 0 +++
