10500 execve("/home/runner/work/_temp/candidate-compiler", ["/home/runner/work/_temp/candidat"..., "build", "/home/runner/work/type-rb-native"..., "--output", "/home/runner/work/_temp/build-wo"..., "--qbe", "/home/runner/work/_temp/qbe-1.3/"..., "--cc", "/usr/bin/cc", "--target", "linux-arm64-v0"], 0xfffff0ea1868 /* 115 vars */) = 0
10500 clone(child_stack=NULL, flags=CLONE_CHILD_CLEARTID|CLONE_CHILD_SETTID|SIGCHLD, child_tidptr=0xff6850a26f90) = 10501
10500 wait4(10501,  <unfinished ...>
10501 execve("/home/runner/work/_temp/qbe-1.3/qbe", ["/home/runner/work/_temp/qbe-1.3/"..., "-t", "arm64", "-o", "/home/runner/work/_temp/build-wo"..., "/home/runner/work/_temp/build-wo"...], 0xfffff85f4858 /* 115 vars */) = 0
10501 exit_group(0)                     = ?
10501 +++ exited with 0 +++
10500 <... wait4 resumed>[{WIFEXITED(s) && WEXITSTATUS(s) == 0}], 0, NULL) = 10501
10500 --- SIGCHLD {si_signo=SIGCHLD, si_code=CLD_EXITED, si_pid=10501, si_uid=1001, si_status=0, si_utime=1 /* 0.01 s */, si_stime=0} ---
10500 clone(child_stack=NULL, flags=CLONE_CHILD_CLEARTID|CLONE_CHILD_SETTID|SIGCHLD, child_tidptr=0xff6850a26f90) = 10502
10500 wait4(10502,  <unfinished ...>
10502 execve("/usr/bin/cc", ["/usr/bin/cc", "-xassembler", "/home/runner/work/_temp/build-wo"..., "-fuse-ld=lld", "-Wl,--gc-sections,--strip-all,--"..., "-lm", "-o", "/home/runner/work/_temp/build-wo"...], 0xfffff85f4858 /* 115 vars */) = 0
10502 clone(child_stack=0xffffd2c72b10, flags=CLONE_VM|CLONE_VFORK|SIGCHLD <unfinished ...>
10503 execve("/home/runner/go/bin/as", ["as", "-EL", "-mabi=lp64", "-o", "/tmp/ccbz47uY.o", "/home/runner/work/_temp/build-wo"...], 0x14034da0 /* 120 vars */) = -1 ENOENT (No such file or directory)
10503 execve("/opt/hostedtoolcache/go/1.27.1/arm64/bin/as", ["as", "-EL", "-mabi=lp64", "-o", "/tmp/ccbz47uY.o", "/home/runner/work/_temp/build-wo"...], 0x14034da0 /* 120 vars */) = -1 ENOENT (No such file or directory)
10503 execve("/snap/bin/as", ["as", "-EL", "-mabi=lp64", "-o", "/tmp/ccbz47uY.o", "/home/runner/work/_temp/build-wo"...], 0x14034da0 /* 120 vars */) = -1 ENOENT (No such file or directory)
10503 execve("/home/runner/.local/bin/as", ["as", "-EL", "-mabi=lp64", "-o", "/tmp/ccbz47uY.o", "/home/runner/work/_temp/build-wo"...], 0x14034da0 /* 120 vars */) = -1 ENOENT (No such file or directory)
10503 execve("/opt/pipx_bin/as", ["as", "-EL", "-mabi=lp64", "-o", "/tmp/ccbz47uY.o", "/home/runner/work/_temp/build-wo"...], 0x14034da0 /* 120 vars */) = -1 ENOENT (No such file or directory)
10503 execve("/home/runner/.cargo/bin/as", ["as", "-EL", "-mabi=lp64", "-o", "/tmp/ccbz47uY.o", "/home/runner/work/_temp/build-wo"...], 0x14034da0 /* 120 vars */) = -1 ENOENT (No such file or directory)
10503 execve("/home/runner/.config/composer/vendor/bin/as", ["as", "-EL", "-mabi=lp64", "-o", "/tmp/ccbz47uY.o", "/home/runner/work/_temp/build-wo"...], 0x14034da0 /* 120 vars */) = -1 ENOENT (No such file or directory)
10503 execve("/home/runner/.dotnet/tools/as", ["as", "-EL", "-mabi=lp64", "-o", "/tmp/ccbz47uY.o", "/home/runner/work/_temp/build-wo"...], 0x14034da0 /* 120 vars */) = -1 ENOENT (No such file or directory)
10503 execve("/usr/local/sbin/as", ["as", "-EL", "-mabi=lp64", "-o", "/tmp/ccbz47uY.o", "/home/runner/work/_temp/build-wo"...], 0x14034da0 /* 120 vars */) = -1 ENOENT (No such file or directory)
10503 execve("/usr/local/bin/as", ["as", "-EL", "-mabi=lp64", "-o", "/tmp/ccbz47uY.o", "/home/runner/work/_temp/build-wo"...], 0x14034da0 /* 120 vars */) = -1 ENOENT (No such file or directory)
10503 execve("/usr/sbin/as", ["as", "-EL", "-mabi=lp64", "-o", "/tmp/ccbz47uY.o", "/home/runner/work/_temp/build-wo"...], 0x14034da0 /* 120 vars */) = -1 ENOENT (No such file or directory)
10503 execve("/usr/bin/as", ["as", "-EL", "-mabi=lp64", "-o", "/tmp/ccbz47uY.o", "/home/runner/work/_temp/build-wo"...], 0x14034da0 /* 120 vars */ <unfinished ...>
10502 <... clone resumed>)              = 10503
10502 wait4(10503,  <unfinished ...>
10503 <... execve resumed>)             = 0
10503 exit_group(0)                     = ?
10503 +++ exited with 0 +++
10502 <... wait4 resumed>[{WIFEXITED(s) && WEXITSTATUS(s) == 0}], 0, NULL) = 10503
10502 --- SIGCHLD {si_signo=SIGCHLD, si_code=CLD_EXITED, si_pid=10503, si_uid=1001, si_status=0, si_utime=0, si_stime=0} ---
10502 clone(child_stack=0xffffd2c71c50, flags=CLONE_VM|CLONE_VFORK|SIGCHLD <unfinished ...>
10504 execve("/usr/libexec/gcc/aarch64-linux-gnu/13/collect2", ["/usr/libexec/gcc/aarch64-linux-g"..., "-plugin", "/usr/libexec/gcc/aarch64-linux-g"..., "-plugin-opt=/usr/libexec/gcc/aar"..., "-plugin-opt=-fresolution=/tmp/cc"..., "-plugin-opt=-pass-through=-lgcc", "-plugin-opt=-pass-through=-lgcc_"..., "-plugin-opt=-pass-through=-lc", "-plugin-opt=-pass-through=-lgcc", "-plugin-opt=-pass-through=-lgcc_"..., "--build-id", "--eh-frame-hdr", "--hash-style=gnu", "--as-needed", "-dynamic-linker", "/lib/ld-linux-aarch64.so.1", "-X", "-EL", "-maarch64linux", "--fix-cortex-a53-843419", "-pie", "-z", "now", "-fuse-ld=lld", "-z", "relro", "-o", "/home/runner/work/_temp/build-wo"..., "/usr/lib/gcc/aarch64-linux-gnu/1"..., "/usr/lib/gcc/aarch64-linux-gnu/1"..., "/usr/lib/gcc/aarch64-linux-gnu/1"..., "-L/usr/lib/gcc/aarch64-linux-gnu"..., ...], 0x140355f0 /* 122 vars */ <unfinished ...>
10502 <... clone resumed>)              = 10504
10502 wait4(10504,  <unfinished ...>
10504 <... execve resumed>)             = 0
10504 clone(child_stack=0xffffe98408d0, flags=CLONE_VM|CLONE_VFORK|SIGCHLD <unfinished ...>
10505 execve("/usr/bin/ld.lld", ["/usr/bin/ld.lld", "-plugin", "/usr/libexec/gcc/aarch64-linux-g"..., "-plugin-opt=/usr/libexec/gcc/aar"..., "-plugin-opt=-fresolution=/tmp/cc"..., "-plugin-opt=-pass-through=-lgcc", "-plugin-opt=-pass-through=-lgcc_"..., "-plugin-opt=-pass-through=-lc", "-plugin-opt=-pass-through=-lgcc", "-plugin-opt=-pass-through=-lgcc_"..., "--build-id", "--eh-frame-hdr", "--hash-style=gnu", "--as-needed", "-dynamic-linker", "/lib/ld-linux-aarch64.so.1", "-X", "-EL", "-maarch64linux", "--fix-cortex-a53-843419", "-pie", "-z", "now", "-z", "relro", "-o", "/home/runner/work/_temp/build-wo"..., "/usr/lib/gcc/aarch64-linux-gnu/1"..., "/usr/lib/gcc/aarch64-linux-gnu/1"..., "/usr/lib/gcc/aarch64-linux-gnu/1"..., "-L/usr/lib/gcc/aarch64-linux-gnu"..., "-L/usr/lib/gcc/aarch64-linux-gnu"..., ...], 0xffffe9840f98 /* 122 vars */ <unfinished ...>
10504 <... clone resumed>)              = 10505
10504 wait4(10505,  <unfinished ...>
10505 <... execve resumed>)             = 0
10505 clone3({flags=CLONE_VM|CLONE_FS|CLONE_FILES|CLONE_SIGHAND|CLONE_THREAD|CLONE_SYSVSEM|CLONE_SETTLS|CLONE_PARENT_SETTID|CLONE_CHILD_CLEARTID, child_tid=0xffa50c5ff050, parent_tid=0xffa50c5ff050, exit_signal=0, stack=0xffa5085f0000, stack_size=0x400e840, tls=0xffa50c5ff6c0} => {parent_tid=[10507]}, 88) = 10507
10507 clone3({flags=CLONE_VM|CLONE_FS|CLONE_FILES|CLONE_SIGHAND|CLONE_THREAD|CLONE_SYSVSEM|CLONE_SETTLS|CLONE_PARENT_SETTID|CLONE_CHILD_CLEARTID, child_tid=0xffa503fff050, parent_tid=0xffa503fff050, exit_signal=0, stack=0xffa4ffff0000, stack_size=0x400e840, tls=0xffa503fff6c0} => {parent_tid=[10508]}, 88) = 10508
10507 clone3({flags=CLONE_VM|CLONE_FS|CLONE_FILES|CLONE_SIGHAND|CLONE_THREAD|CLONE_SYSVSEM|CLONE_SETTLS|CLONE_PARENT_SETTID|CLONE_CHILD_CLEARTID, child_tid=0xffa4fffef050, parent_tid=0xffa4fffef050, exit_signal=0, stack=0xffa4fbfe0000, stack_size=0x400e840, tls=0xffa4fffef6c0} => {parent_tid=[10509]}, 88) = 10509
10507 clone3({flags=CLONE_VM|CLONE_FS|CLONE_FILES|CLONE_SIGHAND|CLONE_THREAD|CLONE_SYSVSEM|CLONE_SETTLS|CLONE_PARENT_SETTID|CLONE_CHILD_CLEARTID, child_tid=0xffa4f3fff050, parent_tid=0xffa4f3fff050, exit_signal=0, stack=0xffa4efff0000, stack_size=0x400e840, tls=0xffa4f3fff6c0} => {parent_tid=[10510]}, 88) = 10510
10510 exit(0 <unfinished ...>
10509 exit(0 <unfinished ...>
10505 exit_group(0 <unfinished ...>
10510 <... exit resumed>)               = ?
10509 <... exit resumed>)               = ?
10508 exit_group(0 <unfinished ...>
10505 <... exit_group resumed>)         = ?
10510 +++ exited with 0 +++
10509 +++ exited with 0 +++
10508 +++ exited with 0 +++
10507 +++ exited with 0 +++
10505 +++ exited with 0 +++
10504 <... wait4 resumed>[{WIFEXITED(s) && WEXITSTATUS(s) == 0}], 0, NULL) = 10505
10504 --- SIGCHLD {si_signo=SIGCHLD, si_code=CLD_EXITED, si_pid=10505, si_uid=1001, si_status=0, si_utime=1 /* 0.01 s */, si_stime=2 /* 0.02 s */} ---
10504 exit_group(0)                     = ?
10504 +++ exited with 0 +++
10502 <... wait4 resumed>[{WIFEXITED(s) && WEXITSTATUS(s) == 0}], 0, NULL) = 10504
10502 --- SIGCHLD {si_signo=SIGCHLD, si_code=CLD_EXITED, si_pid=10504, si_uid=1001, si_status=0, si_utime=0, si_stime=0} ---
10502 exit_group(0)                     = ?
10502 +++ exited with 0 +++
10500 <... wait4 resumed>[{WIFEXITED(s) && WEXITSTATUS(s) == 0}], 0, NULL) = 10502
10500 --- SIGCHLD {si_signo=SIGCHLD, si_code=CLD_EXITED, si_pid=10502, si_uid=1001, si_status=0, si_utime=0, si_stime=0} ---
10500 exit_group(0)                     = ?
10500 +++ exited with 0 +++
