9475  execve("/home/runner/work/_temp/candidate-compiler", ["/home/runner/work/_temp/candidat"..., "build", "/home/runner/work/type-rb-native"..., "--output", "/home/runner/work/_temp/build-wo"..., "--qbe", "/home/runner/work/_temp/qbe-1.3/"..., "--cc", "/usr/bin/cc", "--target", "linux-arm64-v0"], 0xfffff66f9428 /* 115 vars */) = 0
9475  clone(child_stack=NULL, flags=CLONE_CHILD_CLEARTID|CLONE_CHILD_SETTID|SIGCHLD, child_tidptr=0xff5412cd2f90) = 9476
9475  wait4(9476,  <unfinished ...>
9476  execve("/home/runner/work/_temp/qbe-1.3/qbe", ["/home/runner/work/_temp/qbe-1.3/"..., "-t", "arm64", "-o", "/home/runner/work/_temp/build-wo"..., "/home/runner/work/_temp/build-wo"...], 0xffffd3a7ae98 /* 115 vars */) = 0
9476  exit_group(0)                     = ?
9476  +++ exited with 0 +++
9475  <... wait4 resumed>[{WIFEXITED(s) && WEXITSTATUS(s) == 0}], 0, NULL) = 9476
9475  --- SIGCHLD {si_signo=SIGCHLD, si_code=CLD_EXITED, si_pid=9476, si_uid=1001, si_status=0, si_utime=1 /* 0.01 s */, si_stime=0} ---
9475  clone(child_stack=NULL, flags=CLONE_CHILD_CLEARTID|CLONE_CHILD_SETTID|SIGCHLD, child_tidptr=0xff5412cd2f90) = 9477
9475  wait4(9477,  <unfinished ...>
9477  execve("/usr/bin/cc", ["/usr/bin/cc", "-xassembler", "/home/runner/work/_temp/build-wo"..., "-fuse-ld=lld", "-Wl,--gc-sections,--strip-all", "-lm", "-o", "/home/runner/work/_temp/build-wo"...], 0xffffd3a7ae98 /* 115 vars */) = 0
9477  clone(child_stack=0xffffd54fd530, flags=CLONE_VM|CLONE_VFORK|SIGCHLD <unfinished ...>
9478  execve("/home/runner/go/bin/as", ["as", "-EL", "-mabi=lp64", "-o", "/tmp/ccuc7zNX.o", "/home/runner/work/_temp/build-wo"...], 0x38fbbd80 /* 120 vars */) = -1 ENOENT (No such file or directory)
9478  execve("/opt/hostedtoolcache/go/1.27.0/arm64/bin/as", ["as", "-EL", "-mabi=lp64", "-o", "/tmp/ccuc7zNX.o", "/home/runner/work/_temp/build-wo"...], 0x38fbbd80 /* 120 vars */) = -1 ENOENT (No such file or directory)
9478  execve("/snap/bin/as", ["as", "-EL", "-mabi=lp64", "-o", "/tmp/ccuc7zNX.o", "/home/runner/work/_temp/build-wo"...], 0x38fbbd80 /* 120 vars */) = -1 ENOENT (No such file or directory)
9478  execve("/home/runner/.local/bin/as", ["as", "-EL", "-mabi=lp64", "-o", "/tmp/ccuc7zNX.o", "/home/runner/work/_temp/build-wo"...], 0x38fbbd80 /* 120 vars */) = -1 ENOENT (No such file or directory)
9478  execve("/opt/pipx_bin/as", ["as", "-EL", "-mabi=lp64", "-o", "/tmp/ccuc7zNX.o", "/home/runner/work/_temp/build-wo"...], 0x38fbbd80 /* 120 vars */) = -1 ENOENT (No such file or directory)
9478  execve("/home/runner/.cargo/bin/as", ["as", "-EL", "-mabi=lp64", "-o", "/tmp/ccuc7zNX.o", "/home/runner/work/_temp/build-wo"...], 0x38fbbd80 /* 120 vars */) = -1 ENOENT (No such file or directory)
9478  execve("/home/runner/.config/composer/vendor/bin/as", ["as", "-EL", "-mabi=lp64", "-o", "/tmp/ccuc7zNX.o", "/home/runner/work/_temp/build-wo"...], 0x38fbbd80 /* 120 vars */) = -1 ENOENT (No such file or directory)
9478  execve("/home/runner/.dotnet/tools/as", ["as", "-EL", "-mabi=lp64", "-o", "/tmp/ccuc7zNX.o", "/home/runner/work/_temp/build-wo"...], 0x38fbbd80 /* 120 vars */) = -1 ENOENT (No such file or directory)
9478  execve("/usr/local/sbin/as", ["as", "-EL", "-mabi=lp64", "-o", "/tmp/ccuc7zNX.o", "/home/runner/work/_temp/build-wo"...], 0x38fbbd80 /* 120 vars */) = -1 ENOENT (No such file or directory)
9478  execve("/usr/local/bin/as", ["as", "-EL", "-mabi=lp64", "-o", "/tmp/ccuc7zNX.o", "/home/runner/work/_temp/build-wo"...], 0x38fbbd80 /* 120 vars */) = -1 ENOENT (No such file or directory)
9478  execve("/usr/sbin/as", ["as", "-EL", "-mabi=lp64", "-o", "/tmp/ccuc7zNX.o", "/home/runner/work/_temp/build-wo"...], 0x38fbbd80 /* 120 vars */) = -1 ENOENT (No such file or directory)
9478  execve("/usr/bin/as", ["as", "-EL", "-mabi=lp64", "-o", "/tmp/ccuc7zNX.o", "/home/runner/work/_temp/build-wo"...], 0x38fbbd80 /* 120 vars */ <unfinished ...>
9477  <... clone resumed>)              = 9478
9477  wait4(9478,  <unfinished ...>
9478  <... execve resumed>)             = 0
9478  exit_group(0)                     = ?
9478  +++ exited with 0 +++
9477  <... wait4 resumed>[{WIFEXITED(s) && WEXITSTATUS(s) == 0}], 0, NULL) = 9478
9477  --- SIGCHLD {si_signo=SIGCHLD, si_code=CLD_EXITED, si_pid=9478, si_uid=1001, si_status=0, si_utime=0, si_stime=0} ---
9477  clone(child_stack=0xffffd54fc670, flags=CLONE_VM|CLONE_VFORK|SIGCHLD <unfinished ...>
9479  execve("/usr/libexec/gcc/aarch64-linux-gnu/13/collect2", ["/usr/libexec/gcc/aarch64-linux-g"..., "-plugin", "/usr/libexec/gcc/aarch64-linux-g"..., "-plugin-opt=/usr/libexec/gcc/aar"..., "-plugin-opt=-fresolution=/tmp/cc"..., "-plugin-opt=-pass-through=-lgcc", "-plugin-opt=-pass-through=-lgcc_"..., "-plugin-opt=-pass-through=-lc", "-plugin-opt=-pass-through=-lgcc", "-plugin-opt=-pass-through=-lgcc_"..., "--build-id", "--eh-frame-hdr", "--hash-style=gnu", "--as-needed", "-dynamic-linker", "/lib/ld-linux-aarch64.so.1", "-X", "-EL", "-maarch64linux", "--fix-cortex-a53-843419", "-pie", "-z", "now", "-fuse-ld=lld", "-z", "relro", "-o", "/home/runner/work/_temp/build-wo"..., "/usr/lib/gcc/aarch64-linux-gnu/1"..., "/usr/lib/gcc/aarch64-linux-gnu/1"..., "/usr/lib/gcc/aarch64-linux-gnu/1"..., "-L/usr/lib/gcc/aarch64-linux-gnu"..., ...], 0x38fbc5d0 /* 122 vars */ <unfinished ...>
9477  <... clone resumed>)              = 9479
9477  wait4(9479,  <unfinished ...>
9479  <... execve resumed>)             = 0
9479  clone(child_stack=0xffffd2bd75a0, flags=CLONE_VM|CLONE_VFORK|SIGCHLD <unfinished ...>
9480  execve("/usr/bin/ld.lld", ["/usr/bin/ld.lld", "-plugin", "/usr/libexec/gcc/aarch64-linux-g"..., "-plugin-opt=/usr/libexec/gcc/aar"..., "-plugin-opt=-fresolution=/tmp/cc"..., "-plugin-opt=-pass-through=-lgcc", "-plugin-opt=-pass-through=-lgcc_"..., "-plugin-opt=-pass-through=-lc", "-plugin-opt=-pass-through=-lgcc", "-plugin-opt=-pass-through=-lgcc_"..., "--build-id", "--eh-frame-hdr", "--hash-style=gnu", "--as-needed", "-dynamic-linker", "/lib/ld-linux-aarch64.so.1", "-X", "-EL", "-maarch64linux", "--fix-cortex-a53-843419", "-pie", "-z", "now", "-z", "relro", "-o", "/home/runner/work/_temp/build-wo"..., "/usr/lib/gcc/aarch64-linux-gnu/1"..., "/usr/lib/gcc/aarch64-linux-gnu/1"..., "/usr/lib/gcc/aarch64-linux-gnu/1"..., "-L/usr/lib/gcc/aarch64-linux-gnu"..., "-L/usr/lib/gcc/aarch64-linux-gnu"..., ...], 0xffffd2bd7c60 /* 122 vars */ <unfinished ...>
9479  <... clone resumed>)              = 9480
9479  wait4(9480,  <unfinished ...>
9480  <... execve resumed>)             = 0
9480  clone3({flags=CLONE_VM|CLONE_FS|CLONE_FILES|CLONE_SIGHAND|CLONE_THREAD|CLONE_SYSVSEM|CLONE_SETTLS|CLONE_PARENT_SETTID|CLONE_CHILD_CLEARTID, child_tid=0xff656f1ff050, parent_tid=0xff656f1ff050, exit_signal=0, stack=0xff656b1f0000, stack_size=0x400e840, tls=0xff656f1ff6c0} => {parent_tid=[9481]}, 88) = 9481
9481  clone3({flags=CLONE_VM|CLONE_FS|CLONE_FILES|CLONE_SIGHAND|CLONE_THREAD|CLONE_SYSVSEM|CLONE_SETTLS|CLONE_PARENT_SETTID|CLONE_CHILD_CLEARTID, child_tid=0xff6563fff050, parent_tid=0xff6563fff050, exit_signal=0, stack=0xff655fff0000, stack_size=0x400e840, tls=0xff6563fff6c0} => {parent_tid=[9482]}, 88) = 9482
9481  clone3({flags=CLONE_VM|CLONE_FS|CLONE_FILES|CLONE_SIGHAND|CLONE_THREAD|CLONE_SYSVSEM|CLONE_SETTLS|CLONE_PARENT_SETTID|CLONE_CHILD_CLEARTID, child_tid=0xff655ffef050, parent_tid=0xff655ffef050, exit_signal=0, stack=0xff655bfe0000, stack_size=0x400e840, tls=0xff655ffef6c0} => {parent_tid=[9483]}, 88) = 9483
9481  clone3({flags=CLONE_VM|CLONE_FS|CLONE_FILES|CLONE_SIGHAND|CLONE_THREAD|CLONE_SYSVSEM|CLONE_SETTLS|CLONE_PARENT_SETTID|CLONE_CHILD_CLEARTID, child_tid=0xff6553fff050, parent_tid=0xff6553fff050, exit_signal=0, stack=0xff654fff0000, stack_size=0x400e840, tls=0xff6553fff6c0} => {parent_tid=[9484]}, 88) = 9484
9483  exit(0)                           = ?
9484  exit(0)                           = ?
9483  +++ exited with 0 +++
9484  +++ exited with 0 +++
9481  exit(0 <unfinished ...>
9480  exit_group(0 <unfinished ...>
9482  exit(0 <unfinished ...>
9481  <... exit resumed>)               = ?
9482  <... exit resumed>)               = ?
9481  +++ exited with 0 +++
9480  <... exit_group resumed>)         = ?
9482  +++ exited with 0 +++
9480  +++ exited with 0 +++
9479  <... wait4 resumed>[{WIFEXITED(s) && WEXITSTATUS(s) == 0}], 0, NULL) = 9480
9479  --- SIGCHLD {si_signo=SIGCHLD, si_code=CLD_EXITED, si_pid=9480, si_uid=1001, si_status=0, si_utime=0, si_stime=2 /* 0.02 s */} ---
9479  exit_group(0)                     = ?
9479  +++ exited with 0 +++
9477  <... wait4 resumed>[{WIFEXITED(s) && WEXITSTATUS(s) == 0}], 0, NULL) = 9479
9477  --- SIGCHLD {si_signo=SIGCHLD, si_code=CLD_EXITED, si_pid=9479, si_uid=1001, si_status=0, si_utime=0, si_stime=0} ---
9477  exit_group(0)                     = ?
9477  +++ exited with 0 +++
9475  <... wait4 resumed>[{WIFEXITED(s) && WEXITSTATUS(s) == 0}], 0, NULL) = 9477
9475  --- SIGCHLD {si_signo=SIGCHLD, si_code=CLD_EXITED, si_pid=9477, si_uid=1001, si_status=0, si_utime=0, si_stime=0} ---
9475  exit_group(0)                     = ?
9475  +++ exited with 0 +++
