4199  execve("/home/runner/work/_temp/bootstrap-workspace/b4/compiler", ["/home/runner/work/_temp/bootstra"..., "build", "/home/runner/work/type-rb-native"..., "--output", "/home/runner/work/_temp/bootstra"..., "--qbe", "/home/runner/work/_temp/qbe-1.3/"..., "--cc", "/usr/bin/cc", "--target", "linux-arm64-v0"], 0xfffffefc6168 /* 105 vars */) = 0
4199  clone(child_stack=NULL, flags=CLONE_CHILD_CLEARTID|CLONE_CHILD_SETTID|SIGCHLD, child_tidptr=0xff91814ccf90) = 4200
4199  wait4(4200,  <unfinished ...>
4200  execve("/home/runner/work/_temp/qbe-1.3/qbe", ["/home/runner/work/_temp/qbe-1.3/"..., "-t", "arm64", "-o", "/home/runner/work/_temp/bootstra"..., "/home/runner/work/_temp/bootstra"...], 0xffffca24be38 /* 105 vars */) = 0
4200  exit_group(0)                     = ?
4200  +++ exited with 0 +++
4199  <... wait4 resumed>[{WIFEXITED(s) && WEXITSTATUS(s) == 0}], 0, NULL) = 4200
4199  --- SIGCHLD {si_signo=SIGCHLD, si_code=CLD_EXITED, si_pid=4200, si_uid=1001, si_status=0, si_utime=0, si_stime=0} ---
4199  clone(child_stack=NULL, flags=CLONE_CHILD_CLEARTID|CLONE_CHILD_SETTID|SIGCHLD, child_tidptr=0xff91814ccf90) = 4201
4199  wait4(4201,  <unfinished ...>
4201  execve("/usr/bin/cc", ["/usr/bin/cc", "-xassembler", "/home/runner/work/_temp/bootstra"..., "-Wl,--gc-sections,--strip-all", "-o", "/home/runner/work/_temp/bootstra"...], 0xffffca24be38 /* 105 vars */) = 0
4201  clone(child_stack=0xffffd9581b90, flags=CLONE_VM|CLONE_VFORK|SIGCHLD <unfinished ...>
4202  execve("/snap/bin/as", ["as", "-EL", "-mabi=lp64", "-o", "/tmp/ccFTrvX9.o", "/home/runner/work/_temp/bootstra"...], 0x568cbf0 /* 110 vars */) = -1 ENOENT (No such file or directory)
4202  execve("/home/runner/.local/bin/as", ["as", "-EL", "-mabi=lp64", "-o", "/tmp/ccFTrvX9.o", "/home/runner/work/_temp/bootstra"...], 0x568cbf0 /* 110 vars */) = -1 ENOENT (No such file or directory)
4202  execve("/opt/pipx_bin/as", ["as", "-EL", "-mabi=lp64", "-o", "/tmp/ccFTrvX9.o", "/home/runner/work/_temp/bootstra"...], 0x568cbf0 /* 110 vars */) = -1 ENOENT (No such file or directory)
4202  execve("/home/runner/.cargo/bin/as", ["as", "-EL", "-mabi=lp64", "-o", "/tmp/ccFTrvX9.o", "/home/runner/work/_temp/bootstra"...], 0x568cbf0 /* 110 vars */) = -1 ENOENT (No such file or directory)
4202  execve("/home/runner/.config/composer/vendor/bin/as", ["as", "-EL", "-mabi=lp64", "-o", "/tmp/ccFTrvX9.o", "/home/runner/work/_temp/bootstra"...], 0x568cbf0 /* 110 vars */) = -1 ENOENT (No such file or directory)
4202  execve("/home/runner/.dotnet/tools/as", ["as", "-EL", "-mabi=lp64", "-o", "/tmp/ccFTrvX9.o", "/home/runner/work/_temp/bootstra"...], 0x568cbf0 /* 110 vars */) = -1 ENOENT (No such file or directory)
4202  execve("/usr/local/sbin/as", ["as", "-EL", "-mabi=lp64", "-o", "/tmp/ccFTrvX9.o", "/home/runner/work/_temp/bootstra"...], 0x568cbf0 /* 110 vars */) = -1 ENOENT (No such file or directory)
4202  execve("/usr/local/bin/as", ["as", "-EL", "-mabi=lp64", "-o", "/tmp/ccFTrvX9.o", "/home/runner/work/_temp/bootstra"...], 0x568cbf0 /* 110 vars */) = -1 ENOENT (No such file or directory)
4202  execve("/usr/sbin/as", ["as", "-EL", "-mabi=lp64", "-o", "/tmp/ccFTrvX9.o", "/home/runner/work/_temp/bootstra"...], 0x568cbf0 /* 110 vars */) = -1 ENOENT (No such file or directory)
4202  execve("/usr/bin/as", ["as", "-EL", "-mabi=lp64", "-o", "/tmp/ccFTrvX9.o", "/home/runner/work/_temp/bootstra"...], 0x568cbf0 /* 110 vars */ <unfinished ...>
4201  <... clone resumed>)              = 4202
4202  <... execve resumed>)             = 0
4201  wait4(4202,  <unfinished ...>
4202  exit_group(0)                     = ?
4202  +++ exited with 0 +++
4201  <... wait4 resumed>[{WIFEXITED(s) && WEXITSTATUS(s) == 0}], 0, NULL) = 4202
4201  --- SIGCHLD {si_signo=SIGCHLD, si_code=CLD_EXITED, si_pid=4202, si_uid=1001, si_status=0, si_utime=0, si_stime=0} ---
4201  clone(child_stack=0xffffd9580cd0, flags=CLONE_VM|CLONE_VFORK|SIGCHLD <unfinished ...>
4203  execve("/usr/libexec/gcc/aarch64-linux-gnu/13/collect2", ["/usr/libexec/gcc/aarch64-linux-g"..., "-plugin", "/usr/libexec/gcc/aarch64-linux-g"..., "-plugin-opt=/usr/libexec/gcc/aar"..., "-plugin-opt=-fresolution=/tmp/cc"..., "-plugin-opt=-pass-through=-lgcc", "-plugin-opt=-pass-through=-lgcc_"..., "-plugin-opt=-pass-through=-lc", "-plugin-opt=-pass-through=-lgcc", "-plugin-opt=-pass-through=-lgcc_"..., "--build-id", "--eh-frame-hdr", "--hash-style=gnu", "--as-needed", "-dynamic-linker", "/lib/ld-linux-aarch64.so.1", "-X", "-EL", "-maarch64linux", "--fix-cortex-a53-843419", "-pie", "-z", "now", "-z", "relro", "-o", "/home/runner/work/_temp/bootstra"..., "/usr/lib/gcc/aarch64-linux-gnu/1"..., "/usr/lib/gcc/aarch64-linux-gnu/1"..., "/usr/lib/gcc/aarch64-linux-gnu/1"..., "-L/usr/lib/gcc/aarch64-linux-gnu"..., "-L/usr/lib/gcc/aarch64-linux-gnu"..., ...], 0x568d360 /* 112 vars */ <unfinished ...>
4201  <... clone resumed>)              = 4203
4203  <... execve resumed>)             = 0
4201  wait4(4203,  <unfinished ...>
4203  clone(child_stack=0xfffff9d90780, flags=CLONE_VM|CLONE_VFORK|SIGCHLD <unfinished ...>
4204  execve("/usr/bin/ld", ["/usr/bin/ld", "-plugin", "/usr/libexec/gcc/aarch64-linux-g"..., "-plugin-opt=/usr/libexec/gcc/aar"..., "-plugin-opt=-fresolution=/tmp/cc"..., "-plugin-opt=-pass-through=-lgcc", "-plugin-opt=-pass-through=-lgcc_"..., "-plugin-opt=-pass-through=-lc", "-plugin-opt=-pass-through=-lgcc", "-plugin-opt=-pass-through=-lgcc_"..., "--build-id", "--eh-frame-hdr", "--hash-style=gnu", "--as-needed", "-dynamic-linker", "/lib/ld-linux-aarch64.so.1", "-X", "-EL", "-maarch64linux", "--fix-cortex-a53-843419", "-pie", "-z", "now", "-z", "relro", "-o", "/home/runner/work/_temp/bootstra"..., "/usr/lib/gcc/aarch64-linux-gnu/1"..., "/usr/lib/gcc/aarch64-linux-gnu/1"..., "/usr/lib/gcc/aarch64-linux-gnu/1"..., "-L/usr/lib/gcc/aarch64-linux-gnu"..., "-L/usr/lib/gcc/aarch64-linux-gnu"..., ...], 0xfffff9d90e30 /* 112 vars */ <unfinished ...>
4203  <... clone resumed>)              = 4204
4204  <... execve resumed>)             = 0
4203  wait4(4204,  <unfinished ...>
4204  exit_group(0)                     = ?
4204  +++ exited with 0 +++
4203  <... wait4 resumed>[{WIFEXITED(s) && WEXITSTATUS(s) == 0}], 0, NULL) = 4204
4203  --- SIGCHLD {si_signo=SIGCHLD, si_code=CLD_EXITED, si_pid=4204, si_uid=1001, si_status=0, si_utime=0, si_stime=1 /* 0.01 s */} ---
4203  exit_group(0)                     = ?
4203  +++ exited with 0 +++
4201  <... wait4 resumed>[{WIFEXITED(s) && WEXITSTATUS(s) == 0}], 0, NULL) = 4203
4201  --- SIGCHLD {si_signo=SIGCHLD, si_code=CLD_EXITED, si_pid=4203, si_uid=1001, si_status=0, si_utime=0, si_stime=0} ---
4201  exit_group(0)                     = ?
4201  +++ exited with 0 +++
4199  <... wait4 resumed>[{WIFEXITED(s) && WEXITSTATUS(s) == 0}], 0, NULL) = 4201
4199  --- SIGCHLD {si_signo=SIGCHLD, si_code=CLD_EXITED, si_pid=4201, si_uid=1001, si_status=0, si_utime=0, si_stime=0} ---
4199  exit_group(0)                     = ?
4199  +++ exited with 0 +++
