8315  execve("/home/runner/work/_temp/candidate-compiler", ["/home/runner/work/_temp/candidat"..., "build", "/home/runner/work/type-rb-native"..., "--output", "/home/runner/work/_temp/build-wo"..., "--qbe", "/home/runner/work/_temp/qbe-1.3/"..., "--cc", "/usr/bin/cc", "--target", "linux-arm64-v0"], 0xfffff880b8e8 /* 115 vars */) = 0
8315  clone(child_stack=NULL, flags=CLONE_CHILD_CLEARTID|CLONE_CHILD_SETTID|SIGCHLD, child_tidptr=0xff9014251f90) = 8316
8315  wait4(8316,  <unfinished ...>
8316  execve("/home/runner/work/_temp/qbe-1.3/qbe", ["/home/runner/work/_temp/qbe-1.3/"..., "-t", "arm64", "-o", "/home/runner/work/_temp/build-wo"..., "/home/runner/work/_temp/build-wo"...], 0xffffc9c2f628 /* 115 vars */) = 0
8316  exit_group(0)                     = ?
8316  +++ exited with 0 +++
8315  <... wait4 resumed>[{WIFEXITED(s) && WEXITSTATUS(s) == 0}], 0, NULL) = 8316
8315  --- SIGCHLD {si_signo=SIGCHLD, si_code=CLD_EXITED, si_pid=8316, si_uid=1001, si_status=0, si_utime=0, si_stime=0} ---
8315  clone(child_stack=NULL, flags=CLONE_CHILD_CLEARTID|CLONE_CHILD_SETTID|SIGCHLD, child_tidptr=0xff9014251f90) = 8317
8315  wait4(8317,  <unfinished ...>
8317  execve("/usr/bin/cc", ["/usr/bin/cc", "-xassembler", "/home/runner/work/_temp/build-wo"..., "-fuse-ld=lld", "-Wl,--gc-sections,--strip-all", "-lm", "-o", "/home/runner/work/_temp/build-wo"...], 0xffffc9c2f628 /* 115 vars */) = 0
8317  clone(child_stack=0xfffff8171500, flags=CLONE_VM|CLONE_VFORK|SIGCHLD <unfinished ...>
8318  execve("/home/runner/go/bin/as", ["as", "-EL", "-mabi=lp64", "-o", "/tmp/cc9ZmJNr.o", "/home/runner/work/_temp/build-wo"...], 0x3c8a9d80 /* 120 vars */) = -1 ENOENT (No such file or directory)
8318  execve("/opt/hostedtoolcache/go/1.27.0/arm64/bin/as", ["as", "-EL", "-mabi=lp64", "-o", "/tmp/cc9ZmJNr.o", "/home/runner/work/_temp/build-wo"...], 0x3c8a9d80 /* 120 vars */) = -1 ENOENT (No such file or directory)
8318  execve("/snap/bin/as", ["as", "-EL", "-mabi=lp64", "-o", "/tmp/cc9ZmJNr.o", "/home/runner/work/_temp/build-wo"...], 0x3c8a9d80 /* 120 vars */) = -1 ENOENT (No such file or directory)
8318  execve("/home/runner/.local/bin/as", ["as", "-EL", "-mabi=lp64", "-o", "/tmp/cc9ZmJNr.o", "/home/runner/work/_temp/build-wo"...], 0x3c8a9d80 /* 120 vars */) = -1 ENOENT (No such file or directory)
8318  execve("/opt/pipx_bin/as", ["as", "-EL", "-mabi=lp64", "-o", "/tmp/cc9ZmJNr.o", "/home/runner/work/_temp/build-wo"...], 0x3c8a9d80 /* 120 vars */) = -1 ENOENT (No such file or directory)
8318  execve("/home/runner/.cargo/bin/as", ["as", "-EL", "-mabi=lp64", "-o", "/tmp/cc9ZmJNr.o", "/home/runner/work/_temp/build-wo"...], 0x3c8a9d80 /* 120 vars */) = -1 ENOENT (No such file or directory)
8318  execve("/home/runner/.config/composer/vendor/bin/as", ["as", "-EL", "-mabi=lp64", "-o", "/tmp/cc9ZmJNr.o", "/home/runner/work/_temp/build-wo"...], 0x3c8a9d80 /* 120 vars */) = -1 ENOENT (No such file or directory)
8318  execve("/home/runner/.dotnet/tools/as", ["as", "-EL", "-mabi=lp64", "-o", "/tmp/cc9ZmJNr.o", "/home/runner/work/_temp/build-wo"...], 0x3c8a9d80 /* 120 vars */) = -1 ENOENT (No such file or directory)
8318  execve("/usr/local/sbin/as", ["as", "-EL", "-mabi=lp64", "-o", "/tmp/cc9ZmJNr.o", "/home/runner/work/_temp/build-wo"...], 0x3c8a9d80 /* 120 vars */) = -1 ENOENT (No such file or directory)
8318  execve("/usr/local/bin/as", ["as", "-EL", "-mabi=lp64", "-o", "/tmp/cc9ZmJNr.o", "/home/runner/work/_temp/build-wo"...], 0x3c8a9d80 /* 120 vars */) = -1 ENOENT (No such file or directory)
8318  execve("/usr/sbin/as", ["as", "-EL", "-mabi=lp64", "-o", "/tmp/cc9ZmJNr.o", "/home/runner/work/_temp/build-wo"...], 0x3c8a9d80 /* 120 vars */) = -1 ENOENT (No such file or directory)
8318  execve("/usr/bin/as", ["as", "-EL", "-mabi=lp64", "-o", "/tmp/cc9ZmJNr.o", "/home/runner/work/_temp/build-wo"...], 0x3c8a9d80 /* 120 vars */ <unfinished ...>
8317  <... clone resumed>)              = 8318
8317  wait4(8318,  <unfinished ...>
8318  <... execve resumed>)             = 0
8318  exit_group(0)                     = ?
8318  +++ exited with 0 +++
8317  <... wait4 resumed>[{WIFEXITED(s) && WEXITSTATUS(s) == 0}], 0, NULL) = 8318
8317  --- SIGCHLD {si_signo=SIGCHLD, si_code=CLD_EXITED, si_pid=8318, si_uid=1001, si_status=0, si_utime=0, si_stime=0} ---
8317  clone(child_stack=0xfffff8170640, flags=CLONE_VM|CLONE_VFORK|SIGCHLD <unfinished ...>
8319  execve("/usr/libexec/gcc/aarch64-linux-gnu/13/collect2", ["/usr/libexec/gcc/aarch64-linux-g"..., "-plugin", "/usr/libexec/gcc/aarch64-linux-g"..., "-plugin-opt=/usr/libexec/gcc/aar"..., "-plugin-opt=-fresolution=/tmp/cc"..., "-plugin-opt=-pass-through=-lgcc", "-plugin-opt=-pass-through=-lgcc_"..., "-plugin-opt=-pass-through=-lc", "-plugin-opt=-pass-through=-lgcc", "-plugin-opt=-pass-through=-lgcc_"..., "--build-id", "--eh-frame-hdr", "--hash-style=gnu", "--as-needed", "-dynamic-linker", "/lib/ld-linux-aarch64.so.1", "-X", "-EL", "-maarch64linux", "--fix-cortex-a53-843419", "-pie", "-z", "now", "-fuse-ld=lld", "-z", "relro", "-o", "/home/runner/work/_temp/build-wo"..., "/usr/lib/gcc/aarch64-linux-gnu/1"..., "/usr/lib/gcc/aarch64-linux-gnu/1"..., "/usr/lib/gcc/aarch64-linux-gnu/1"..., "-L/usr/lib/gcc/aarch64-linux-gnu"..., ...], 0x3c8aa5d0 /* 122 vars */ <unfinished ...>
8317  <... clone resumed>)              = 8319
8317  wait4(8319,  <unfinished ...>
8319  <... execve resumed>)             = 0
8319  clone(child_stack=0xfffff21d79f0, flags=CLONE_VM|CLONE_VFORK|SIGCHLD <unfinished ...>
8320  execve("/usr/bin/ld.lld", ["/usr/bin/ld.lld", "-plugin", "/usr/libexec/gcc/aarch64-linux-g"..., "-plugin-opt=/usr/libexec/gcc/aar"..., "-plugin-opt=-fresolution=/tmp/cc"..., "-plugin-opt=-pass-through=-lgcc", "-plugin-opt=-pass-through=-lgcc_"..., "-plugin-opt=-pass-through=-lc", "-plugin-opt=-pass-through=-lgcc", "-plugin-opt=-pass-through=-lgcc_"..., "--build-id", "--eh-frame-hdr", "--hash-style=gnu", "--as-needed", "-dynamic-linker", "/lib/ld-linux-aarch64.so.1", "-X", "-EL", "-maarch64linux", "--fix-cortex-a53-843419", "-pie", "-z", "now", "-z", "relro", "-o", "/home/runner/work/_temp/build-wo"..., "/usr/lib/gcc/aarch64-linux-gnu/1"..., "/usr/lib/gcc/aarch64-linux-gnu/1"..., "/usr/lib/gcc/aarch64-linux-gnu/1"..., "-L/usr/lib/gcc/aarch64-linux-gnu"..., "-L/usr/lib/gcc/aarch64-linux-gnu"..., ...], 0xfffff21d80b0 /* 122 vars */ <unfinished ...>
8319  <... clone resumed>)              = 8320
8319  wait4(8320,  <unfinished ...>
8320  <... execve resumed>)             = 0
8320  clone3({flags=CLONE_VM|CLONE_FS|CLONE_FILES|CLONE_SIGHAND|CLONE_THREAD|CLONE_SYSVSEM|CLONE_SETTLS|CLONE_PARENT_SETTID|CLONE_CHILD_CLEARTID, child_tid=0xff49b8fff050, parent_tid=0xff49b8fff050, exit_signal=0, stack=0xff49b4ff0000, stack_size=0x400e840, tls=0xff49b8fff6c0} => {parent_tid=[8321]}, 88) = 8321
8321  clone3({flags=CLONE_VM|CLONE_FS|CLONE_FILES|CLONE_SIGHAND|CLONE_THREAD|CLONE_SYSVSEM|CLONE_SETTLS|CLONE_PARENT_SETTID|CLONE_CHILD_CLEARTID, child_tid=0xff49affff050, parent_tid=0xff49affff050, exit_signal=0, stack=0xff49abff0000, stack_size=0x400e840, tls=0xff49affff6c0} => {parent_tid=[8322]}, 88) = 8322
8321  clone3({flags=CLONE_VM|CLONE_FS|CLONE_FILES|CLONE_SIGHAND|CLONE_THREAD|CLONE_SYSVSEM|CLONE_SETTLS|CLONE_PARENT_SETTID|CLONE_CHILD_CLEARTID, child_tid=0xff49abfef050, parent_tid=0xff49abfef050, exit_signal=0, stack=0xff49a7fe0000, stack_size=0x400e840, tls=0xff49abfef6c0} => {parent_tid=[8323]}, 88) = 8323
8321  clone3({flags=CLONE_VM|CLONE_FS|CLONE_FILES|CLONE_SIGHAND|CLONE_THREAD|CLONE_SYSVSEM|CLONE_SETTLS|CLONE_PARENT_SETTID|CLONE_CHILD_CLEARTID, child_tid=0xff499ffff050, parent_tid=0xff499ffff050, exit_signal=0, stack=0xff499bff0000, stack_size=0x400e840, tls=0xff499ffff6c0} => {parent_tid=[8324]}, 88) = 8324
8322  exit(0 <unfinished ...>
8324  exit(0)                           = ?
8322  <... exit resumed>)               = ?
8320  exit_group(0 <unfinished ...>
8324  +++ exited with 0 +++
8322  +++ exited with 0 +++
8320  <... exit_group resumed>)         = ?
8323  +++ exited with 0 +++
8321  +++ exited with 0 +++
8320  +++ exited with 0 +++
8319  <... wait4 resumed>[{WIFEXITED(s) && WEXITSTATUS(s) == 0}], 0, NULL) = 8320
8319  --- SIGCHLD {si_signo=SIGCHLD, si_code=CLD_EXITED, si_pid=8320, si_uid=1001, si_status=0, si_utime=0, si_stime=2 /* 0.02 s */} ---
8319  exit_group(0)                     = ?
8319  +++ exited with 0 +++
8317  <... wait4 resumed>[{WIFEXITED(s) && WEXITSTATUS(s) == 0}], 0, NULL) = 8319
8317  --- SIGCHLD {si_signo=SIGCHLD, si_code=CLD_EXITED, si_pid=8319, si_uid=1001, si_status=0, si_utime=0, si_stime=0} ---
8317  exit_group(0)                     = ?
8317  +++ exited with 0 +++
8315  <... wait4 resumed>[{WIFEXITED(s) && WEXITSTATUS(s) == 0}], 0, NULL) = 8317
8315  --- SIGCHLD {si_signo=SIGCHLD, si_code=CLD_EXITED, si_pid=8317, si_uid=1001, si_status=0, si_utime=0, si_stime=0} ---
8315  exit_group(0)                     = ?
8315  +++ exited with 0 +++
