9125  execve("/home/runner/work/_temp/candidate-compiler", ["/home/runner/work/_temp/candidat"..., "build", "/home/runner/work/type-rb-native"..., "--output", "/home/runner/work/_temp/build-wo"..., "--qbe", "/home/runner/work/_temp/qbe-1.3/"..., "--cc", "/usr/bin/cc", "--target", "linux-arm64-v0"], 0xffffe95ffdd8 /* 115 vars */) = 0
9125  clone(child_stack=NULL, flags=CLONE_CHILD_CLEARTID|CLONE_CHILD_SETTID|SIGCHLD, child_tidptr=0xffb16f8bbf90) = 9126
9125  wait4(9126,  <unfinished ...>
9126  execve("/home/runner/work/_temp/qbe-1.3/qbe", ["/home/runner/work/_temp/qbe-1.3/"..., "-t", "arm64", "-o", "/home/runner/work/_temp/build-wo"..., "/home/runner/work/_temp/build-wo"...], 0xffffdc703f98 /* 115 vars */) = 0
9126  exit_group(0)                     = ?
9126  +++ exited with 0 +++
9125  <... wait4 resumed>[{WIFEXITED(s) && WEXITSTATUS(s) == 0}], 0, NULL) = 9126
9125  --- SIGCHLD {si_signo=SIGCHLD, si_code=CLD_EXITED, si_pid=9126, si_uid=1001, si_status=0, si_utime=1 /* 0.01 s */, si_stime=0} ---
9125  clone(child_stack=NULL, flags=CLONE_CHILD_CLEARTID|CLONE_CHILD_SETTID|SIGCHLD, child_tidptr=0xffb16f8bbf90) = 9127
9125  wait4(9127,  <unfinished ...>
9127  execve("/usr/bin/cc", ["/usr/bin/cc", "-xassembler", "/home/runner/work/_temp/build-wo"..., "-fuse-ld=lld", "-Wl,--gc-sections,--strip-all", "-lm", "-o", "/home/runner/work/_temp/build-wo"...], 0xffffdc703f98 /* 115 vars */) = 0
9127  clone(child_stack=0xfffff5d42520, flags=CLONE_VM|CLONE_VFORK|SIGCHLD <unfinished ...>
9128  execve("/home/runner/go/bin/as", ["as", "-EL", "-mabi=lp64", "-o", "/tmp/ccWLlobJ.o", "/home/runner/work/_temp/build-wo"...], 0x28e3d80 /* 120 vars */) = -1 ENOENT (No such file or directory)
9128  execve("/opt/hostedtoolcache/go/1.27.0/arm64/bin/as", ["as", "-EL", "-mabi=lp64", "-o", "/tmp/ccWLlobJ.o", "/home/runner/work/_temp/build-wo"...], 0x28e3d80 /* 120 vars */) = -1 ENOENT (No such file or directory)
9128  execve("/snap/bin/as", ["as", "-EL", "-mabi=lp64", "-o", "/tmp/ccWLlobJ.o", "/home/runner/work/_temp/build-wo"...], 0x28e3d80 /* 120 vars */) = -1 ENOENT (No such file or directory)
9128  execve("/home/runner/.local/bin/as", ["as", "-EL", "-mabi=lp64", "-o", "/tmp/ccWLlobJ.o", "/home/runner/work/_temp/build-wo"...], 0x28e3d80 /* 120 vars */) = -1 ENOENT (No such file or directory)
9128  execve("/opt/pipx_bin/as", ["as", "-EL", "-mabi=lp64", "-o", "/tmp/ccWLlobJ.o", "/home/runner/work/_temp/build-wo"...], 0x28e3d80 /* 120 vars */) = -1 ENOENT (No such file or directory)
9128  execve("/home/runner/.cargo/bin/as", ["as", "-EL", "-mabi=lp64", "-o", "/tmp/ccWLlobJ.o", "/home/runner/work/_temp/build-wo"...], 0x28e3d80 /* 120 vars */) = -1 ENOENT (No such file or directory)
9128  execve("/home/runner/.config/composer/vendor/bin/as", ["as", "-EL", "-mabi=lp64", "-o", "/tmp/ccWLlobJ.o", "/home/runner/work/_temp/build-wo"...], 0x28e3d80 /* 120 vars */) = -1 ENOENT (No such file or directory)
9128  execve("/home/runner/.dotnet/tools/as", ["as", "-EL", "-mabi=lp64", "-o", "/tmp/ccWLlobJ.o", "/home/runner/work/_temp/build-wo"...], 0x28e3d80 /* 120 vars */) = -1 ENOENT (No such file or directory)
9128  execve("/usr/local/sbin/as", ["as", "-EL", "-mabi=lp64", "-o", "/tmp/ccWLlobJ.o", "/home/runner/work/_temp/build-wo"...], 0x28e3d80 /* 120 vars */) = -1 ENOENT (No such file or directory)
9128  execve("/usr/local/bin/as", ["as", "-EL", "-mabi=lp64", "-o", "/tmp/ccWLlobJ.o", "/home/runner/work/_temp/build-wo"...], 0x28e3d80 /* 120 vars */) = -1 ENOENT (No such file or directory)
9128  execve("/usr/sbin/as", ["as", "-EL", "-mabi=lp64", "-o", "/tmp/ccWLlobJ.o", "/home/runner/work/_temp/build-wo"...], 0x28e3d80 /* 120 vars */) = -1 ENOENT (No such file or directory)
9128  execve("/usr/bin/as", ["as", "-EL", "-mabi=lp64", "-o", "/tmp/ccWLlobJ.o", "/home/runner/work/_temp/build-wo"...], 0x28e3d80 /* 120 vars */ <unfinished ...>
9127  <... clone resumed>)              = 9128
9127  wait4(9128,  <unfinished ...>
9128  <... execve resumed>)             = 0
9128  exit_group(0)                     = ?
9128  +++ exited with 0 +++
9127  <... wait4 resumed>[{WIFEXITED(s) && WEXITSTATUS(s) == 0}], 0, NULL) = 9128
9127  --- SIGCHLD {si_signo=SIGCHLD, si_code=CLD_EXITED, si_pid=9128, si_uid=1001, si_status=0, si_utime=0, si_stime=0} ---
9127  clone(child_stack=0xfffff5d41660, flags=CLONE_VM|CLONE_VFORK|SIGCHLD <unfinished ...>
9129  execve("/usr/libexec/gcc/aarch64-linux-gnu/13/collect2", ["/usr/libexec/gcc/aarch64-linux-g"..., "-plugin", "/usr/libexec/gcc/aarch64-linux-g"..., "-plugin-opt=/usr/libexec/gcc/aar"..., "-plugin-opt=-fresolution=/tmp/cc"..., "-plugin-opt=-pass-through=-lgcc", "-plugin-opt=-pass-through=-lgcc_"..., "-plugin-opt=-pass-through=-lc", "-plugin-opt=-pass-through=-lgcc", "-plugin-opt=-pass-through=-lgcc_"..., "--build-id", "--eh-frame-hdr", "--hash-style=gnu", "--as-needed", "-dynamic-linker", "/lib/ld-linux-aarch64.so.1", "-X", "-EL", "-maarch64linux", "--fix-cortex-a53-843419", "-pie", "-z", "now", "-fuse-ld=lld", "-z", "relro", "-o", "/home/runner/work/_temp/build-wo"..., "/usr/lib/gcc/aarch64-linux-gnu/1"..., "/usr/lib/gcc/aarch64-linux-gnu/1"..., "/usr/lib/gcc/aarch64-linux-gnu/1"..., "-L/usr/lib/gcc/aarch64-linux-gnu"..., ...], 0x28e45d0 /* 122 vars */ <unfinished ...>
9127  <... clone resumed>)              = 9129
9127  wait4(9129,  <unfinished ...>
9129  <... execve resumed>)             = 0
9129  clone(child_stack=0xffffcfe61b00, flags=CLONE_VM|CLONE_VFORK|SIGCHLD <unfinished ...>
9130  execve("/usr/bin/ld.lld", ["/usr/bin/ld.lld", "-plugin", "/usr/libexec/gcc/aarch64-linux-g"..., "-plugin-opt=/usr/libexec/gcc/aar"..., "-plugin-opt=-fresolution=/tmp/cc"..., "-plugin-opt=-pass-through=-lgcc", "-plugin-opt=-pass-through=-lgcc_"..., "-plugin-opt=-pass-through=-lc", "-plugin-opt=-pass-through=-lgcc", "-plugin-opt=-pass-through=-lgcc_"..., "--build-id", "--eh-frame-hdr", "--hash-style=gnu", "--as-needed", "-dynamic-linker", "/lib/ld-linux-aarch64.so.1", "-X", "-EL", "-maarch64linux", "--fix-cortex-a53-843419", "-pie", "-z", "now", "-z", "relro", "-o", "/home/runner/work/_temp/build-wo"..., "/usr/lib/gcc/aarch64-linux-gnu/1"..., "/usr/lib/gcc/aarch64-linux-gnu/1"..., "/usr/lib/gcc/aarch64-linux-gnu/1"..., "-L/usr/lib/gcc/aarch64-linux-gnu"..., "-L/usr/lib/gcc/aarch64-linux-gnu"..., ...], 0xffffcfe621c0 /* 122 vars */ <unfinished ...>
9129  <... clone resumed>)              = 9130
9129  wait4(9130,  <unfinished ...>
9130  <... execve resumed>)             = 0
9130  clone3({flags=CLONE_VM|CLONE_FS|CLONE_FILES|CLONE_SIGHAND|CLONE_THREAD|CLONE_SYSVSEM|CLONE_SETTLS|CLONE_PARENT_SETTID|CLONE_CHILD_CLEARTID, child_tid=0xff35727ff050, parent_tid=0xff35727ff050, exit_signal=0, stack=0xff356e7f0000, stack_size=0x400e840, tls=0xff35727ff6c0} => {parent_tid=[9131]}, 88) = 9131
9131  clone3({flags=CLONE_VM|CLONE_FS|CLONE_FILES|CLONE_SIGHAND|CLONE_THREAD|CLONE_SYSVSEM|CLONE_SETTLS|CLONE_PARENT_SETTID|CLONE_CHILD_CLEARTID, child_tid=0xff3567fff050, parent_tid=0xff3567fff050, exit_signal=0, stack=0xff3563ff0000, stack_size=0x400e840, tls=0xff3567fff6c0} => {parent_tid=[9132]}, 88) = 9132
9131  clone3({flags=CLONE_VM|CLONE_FS|CLONE_FILES|CLONE_SIGHAND|CLONE_THREAD|CLONE_SYSVSEM|CLONE_SETTLS|CLONE_PARENT_SETTID|CLONE_CHILD_CLEARTID, child_tid=0xff3563fef050, parent_tid=0xff3563fef050, exit_signal=0, stack=0xff355ffe0000, stack_size=0x400e840, tls=0xff3563fef6c0} => {parent_tid=[9133]}, 88) = 9133
9131  clone3({flags=CLONE_VM|CLONE_FS|CLONE_FILES|CLONE_SIGHAND|CLONE_THREAD|CLONE_SYSVSEM|CLONE_SETTLS|CLONE_PARENT_SETTID|CLONE_CHILD_CLEARTID, child_tid=0xff3557fff050, parent_tid=0xff3557fff050, exit_signal=0, stack=0xff3553ff0000, stack_size=0x400e840, tls=0xff3557fff6c0} => {parent_tid=[9134]}, 88) = 9134
9134  exit(0 <unfinished ...>
9133  exit(0 <unfinished ...>
9134  <... exit resumed>)               = ?
9130  exit_group(0 <unfinished ...>
9133  <... exit resumed>)               = ?
9130  <... exit_group resumed>)         = ?
9134  +++ exited with 0 +++
9133  +++ exited with 0 +++
9131  +++ exited with 0 +++
9132  +++ exited with 0 +++
9130  +++ exited with 0 +++
9129  <... wait4 resumed>[{WIFEXITED(s) && WEXITSTATUS(s) == 0}], 0, NULL) = 9130
9129  --- SIGCHLD {si_signo=SIGCHLD, si_code=CLD_EXITED, si_pid=9130, si_uid=1001, si_status=0, si_utime=1 /* 0.01 s */, si_stime=2 /* 0.02 s */} ---
9129  exit_group(0)                     = ?
9129  +++ exited with 0 +++
9127  <... wait4 resumed>[{WIFEXITED(s) && WEXITSTATUS(s) == 0}], 0, NULL) = 9129
9127  --- SIGCHLD {si_signo=SIGCHLD, si_code=CLD_EXITED, si_pid=9129, si_uid=1001, si_status=0, si_utime=0, si_stime=0} ---
9127  exit_group(0)                     = ?
9127  +++ exited with 0 +++
9125  <... wait4 resumed>[{WIFEXITED(s) && WEXITSTATUS(s) == 0}], 0, NULL) = 9127
9125  --- SIGCHLD {si_signo=SIGCHLD, si_code=CLD_EXITED, si_pid=9127, si_uid=1001, si_status=0, si_utime=0, si_stime=0} ---
9125  exit_group(0)                     = ?
9125  +++ exited with 0 +++
