6400  execve("/home/runner/work/_temp/transition/first/compiler", ["/home/runner/work/_temp/transiti"..., "build", "compiler/gate4/src/compiler.trb", "--output", "/home/runner/work/_temp/transiti"..., "--qbe", "/home/runner/work/_temp/qbe-1.3/"..., "--cc", "/usr/bin/cc", "--target", "linux-arm64-v0"], 0xfffffe7be638 /* 111 vars */) = 0
6400  clone(child_stack=NULL, flags=CLONE_CHILD_CLEARTID|CLONE_CHILD_SETTID|SIGCHLD, child_tidptr=0xff2bd749bf90) = 6404
6400  wait4(6404,  <unfinished ...>
6404  execve("/home/runner/work/_temp/qbe-1.3/qbe", ["/home/runner/work/_temp/qbe-1.3/"..., "-t", "arm64", "-o", "/home/runner/work/_temp/transiti"..., "/home/runner/work/_temp/transiti"...], 0xffffed45d348 /* 111 vars */) = 0
6404  exit_group(0)                     = ?
6404  +++ exited with 0 +++
6400  <... wait4 resumed>[{WIFEXITED(s) && WEXITSTATUS(s) == 0}], 0, NULL) = 6404
6400  --- SIGCHLD {si_signo=SIGCHLD, si_code=CLD_EXITED, si_pid=6404, si_uid=1001, si_status=0, si_utime=19 /* 0.19 s */, si_stime=1 /* 0.01 s */} ---
6400  clone(child_stack=NULL, flags=CLONE_CHILD_CLEARTID|CLONE_CHILD_SETTID|SIGCHLD, child_tidptr=0xff2bd749bf90) = 6405
6400  wait4(6405,  <unfinished ...>
6405  execve("/usr/bin/cc", ["/usr/bin/cc", "-xassembler", "/home/runner/work/_temp/transiti"..., "-Wl,--gc-sections,--strip-all", "-o", "/home/runner/work/_temp/transiti"...], 0xffffed45d348 /* 111 vars */) = 0
6405  clone(child_stack=0xffffcf563d10, flags=CLONE_VM|CLONE_VFORK|SIGCHLD <unfinished ...>
6406  execve("/home/runner/go/bin/as", ["as", "-EL", "-mabi=lp64", "-o", "/tmp/cc7x7ctl.o", "/home/runner/work/_temp/transiti"...], 0x3c079c20 /* 116 vars */) = -1 ENOENT (No such file or directory)
6406  execve("/opt/hostedtoolcache/go/1.27.0/arm64/bin/as", ["as", "-EL", "-mabi=lp64", "-o", "/tmp/cc7x7ctl.o", "/home/runner/work/_temp/transiti"...], 0x3c079c20 /* 116 vars */) = -1 ENOENT (No such file or directory)
6406  execve("/snap/bin/as", ["as", "-EL", "-mabi=lp64", "-o", "/tmp/cc7x7ctl.o", "/home/runner/work/_temp/transiti"...], 0x3c079c20 /* 116 vars */) = -1 ENOENT (No such file or directory)
6406  execve("/home/runner/.local/bin/as", ["as", "-EL", "-mabi=lp64", "-o", "/tmp/cc7x7ctl.o", "/home/runner/work/_temp/transiti"...], 0x3c079c20 /* 116 vars */) = -1 ENOENT (No such file or directory)
6406  execve("/opt/pipx_bin/as", ["as", "-EL", "-mabi=lp64", "-o", "/tmp/cc7x7ctl.o", "/home/runner/work/_temp/transiti"...], 0x3c079c20 /* 116 vars */) = -1 ENOENT (No such file or directory)
6406  execve("/home/runner/.cargo/bin/as", ["as", "-EL", "-mabi=lp64", "-o", "/tmp/cc7x7ctl.o", "/home/runner/work/_temp/transiti"...], 0x3c079c20 /* 116 vars */) = -1 ENOENT (No such file or directory)
6406  execve("/home/runner/.config/composer/vendor/bin/as", ["as", "-EL", "-mabi=lp64", "-o", "/tmp/cc7x7ctl.o", "/home/runner/work/_temp/transiti"...], 0x3c079c20 /* 116 vars */) = -1 ENOENT (No such file or directory)
6406  execve("/home/runner/.dotnet/tools/as", ["as", "-EL", "-mabi=lp64", "-o", "/tmp/cc7x7ctl.o", "/home/runner/work/_temp/transiti"...], 0x3c079c20 /* 116 vars */) = -1 ENOENT (No such file or directory)
6406  execve("/usr/local/sbin/as", ["as", "-EL", "-mabi=lp64", "-o", "/tmp/cc7x7ctl.o", "/home/runner/work/_temp/transiti"...], 0x3c079c20 /* 116 vars */) = -1 ENOENT (No such file or directory)
6406  execve("/usr/local/bin/as", ["as", "-EL", "-mabi=lp64", "-o", "/tmp/cc7x7ctl.o", "/home/runner/work/_temp/transiti"...], 0x3c079c20 /* 116 vars */) = -1 ENOENT (No such file or directory)
6406  execve("/usr/sbin/as", ["as", "-EL", "-mabi=lp64", "-o", "/tmp/cc7x7ctl.o", "/home/runner/work/_temp/transiti"...], 0x3c079c20 /* 116 vars */) = -1 ENOENT (No such file or directory)
6406  execve("/usr/bin/as", ["as", "-EL", "-mabi=lp64", "-o", "/tmp/cc7x7ctl.o", "/home/runner/work/_temp/transiti"...], 0x3c079c20 /* 116 vars */ <unfinished ...>
6405  <... clone resumed>)              = 6406
6406  <... execve resumed>)             = 0
6405  wait4(6406,  <unfinished ...>
6406  exit_group(0)                     = ?
6406  +++ exited with 0 +++
6405  <... wait4 resumed>[{WIFEXITED(s) && WEXITSTATUS(s) == 0}], 0, NULL) = 6406
6405  --- SIGCHLD {si_signo=SIGCHLD, si_code=CLD_EXITED, si_pid=6406, si_uid=1001, si_status=0, si_utime=8 /* 0.08 s */, si_stime=1 /* 0.01 s */} ---
6405  clone(child_stack=0xffffcf562e50, flags=CLONE_VM|CLONE_VFORK|SIGCHLD <unfinished ...>
6407  execve("/usr/libexec/gcc/aarch64-linux-gnu/13/collect2", ["/usr/libexec/gcc/aarch64-linux-g"..., "-plugin", "/usr/libexec/gcc/aarch64-linux-g"..., "-plugin-opt=/usr/libexec/gcc/aar"..., "-plugin-opt=-fresolution=/tmp/cc"..., "-plugin-opt=-pass-through=-lgcc", "-plugin-opt=-pass-through=-lgcc_"..., "-plugin-opt=-pass-through=-lc", "-plugin-opt=-pass-through=-lgcc", "-plugin-opt=-pass-through=-lgcc_"..., "--build-id", "--eh-frame-hdr", "--hash-style=gnu", "--as-needed", "-dynamic-linker", "/lib/ld-linux-aarch64.so.1", "-X", "-EL", "-maarch64linux", "--fix-cortex-a53-843419", "-pie", "-z", "now", "-z", "relro", "-o", "/home/runner/work/_temp/transiti"..., "/usr/lib/gcc/aarch64-linux-gnu/1"..., "/usr/lib/gcc/aarch64-linux-gnu/1"..., "/usr/lib/gcc/aarch64-linux-gnu/1"..., "-L/usr/lib/gcc/aarch64-linux-gnu"..., "-L/usr/lib/gcc/aarch64-linux-gnu"..., ...], 0x3c07a3c0 /* 118 vars */ <unfinished ...>
6405  <... clone resumed>)              = 6407
6407  <... execve resumed>)             = 0
6405  wait4(6407,  <unfinished ...>
6407  clone(child_stack=0xfffffd8fdc90, flags=CLONE_VM|CLONE_VFORK|SIGCHLD <unfinished ...>
6408  execve("/usr/bin/ld", ["/usr/bin/ld", "-plugin", "/usr/libexec/gcc/aarch64-linux-g"..., "-plugin-opt=/usr/libexec/gcc/aar"..., "-plugin-opt=-fresolution=/tmp/cc"..., "-plugin-opt=-pass-through=-lgcc", "-plugin-opt=-pass-through=-lgcc_"..., "-plugin-opt=-pass-through=-lc", "-plugin-opt=-pass-through=-lgcc", "-plugin-opt=-pass-through=-lgcc_"..., "--build-id", "--eh-frame-hdr", "--hash-style=gnu", "--as-needed", "-dynamic-linker", "/lib/ld-linux-aarch64.so.1", "-X", "-EL", "-maarch64linux", "--fix-cortex-a53-843419", "-pie", "-z", "now", "-z", "relro", "-o", "/home/runner/work/_temp/transiti"..., "/usr/lib/gcc/aarch64-linux-gnu/1"..., "/usr/lib/gcc/aarch64-linux-gnu/1"..., "/usr/lib/gcc/aarch64-linux-gnu/1"..., "-L/usr/lib/gcc/aarch64-linux-gnu"..., "-L/usr/lib/gcc/aarch64-linux-gnu"..., ...], 0xfffffd8fe340 /* 118 vars */ <unfinished ...>
6407  <... clone resumed>)              = 6408
6408  <... execve resumed>)             = 0
6407  wait4(6408,  <unfinished ...>
6408  exit_group(0)                     = ?
6408  +++ exited with 0 +++
6407  <... wait4 resumed>[{WIFEXITED(s) && WEXITSTATUS(s) == 0}], 0, NULL) = 6408
6407  --- SIGCHLD {si_signo=SIGCHLD, si_code=CLD_EXITED, si_pid=6408, si_uid=1001, si_status=0, si_utime=1 /* 0.01 s */, si_stime=1 /* 0.01 s */} ---
6407  exit_group(0)                     = ?
6407  +++ exited with 0 +++
6405  <... wait4 resumed>[{WIFEXITED(s) && WEXITSTATUS(s) == 0}], 0, NULL) = 6407
6405  --- SIGCHLD {si_signo=SIGCHLD, si_code=CLD_EXITED, si_pid=6407, si_uid=1001, si_status=0, si_utime=0, si_stime=0} ---
6405  exit_group(0)                     = ?
6405  +++ exited with 0 +++
6400  <... wait4 resumed>[{WIFEXITED(s) && WEXITSTATUS(s) == 0}], 0, NULL) = 6405
6400  --- SIGCHLD {si_signo=SIGCHLD, si_code=CLD_EXITED, si_pid=6405, si_uid=1001, si_status=0, si_utime=0, si_stime=0} ---
6400  exit_group(0)                     = ?
6400  +++ exited with 0 +++
