6331  execve("/home/runner/work/_temp/release/type-rb-native-bootstrap-linux-arm64", ["/home/runner/work/_temp/release/"..., "build", "compiler/gate4/src/compiler.trb", "--output", "/home/runner/work/_temp/transiti"..., "--qbe", "/home/runner/work/_temp/qbe-1.3/"..., "--cc", "/usr/bin/cc", "--target", "linux-arm64-v0"], 0xffffd85d2108 /* 111 vars */) = 0
6331  clone(child_stack=NULL, flags=CLONE_CHILD_CLEARTID|CLONE_CHILD_SETTID|SIGCHLD, child_tidptr=0xff825c4a7f90) = 6332
6331  wait4(6332,  <unfinished ...>
6332  execve("/home/runner/work/_temp/qbe-1.3/qbe", ["/home/runner/work/_temp/qbe-1.3/"..., "-t", "arm64", "-o", "/home/runner/work/_temp/transiti"..., "/home/runner/work/_temp/transiti"...], 0xffffd0f6b1b8 /* 111 vars */) = 0
6332  exit_group(0)                     = ?
6332  +++ exited with 0 +++
6331  <... wait4 resumed>[{WIFEXITED(s) && WEXITSTATUS(s) == 0}], 0, NULL) = 6332
6331  --- SIGCHLD {si_signo=SIGCHLD, si_code=CLD_EXITED, si_pid=6332, si_uid=1001, si_status=0, si_utime=17 /* 0.17 s */, si_stime=1 /* 0.01 s */} ---
6331  clone(child_stack=NULL, flags=CLONE_CHILD_CLEARTID|CLONE_CHILD_SETTID|SIGCHLD, child_tidptr=0xff825c4a7f90) = 6346
6331  wait4(6346,  <unfinished ...>
6346  execve("/usr/bin/cc", ["/usr/bin/cc", "-xassembler", "/home/runner/work/_temp/transiti"..., "-Wl,--gc-sections,--strip-all", "-o", "/home/runner/work/_temp/transiti"...], 0xffffd0f6b1b8 /* 111 vars */) = 0
6346  clone(child_stack=0xffffd77cba70, flags=CLONE_VM|CLONE_VFORK|SIGCHLD <unfinished ...>
6347  execve("/home/runner/go/bin/as", ["as", "-EL", "-mabi=lp64", "-o", "/tmp/cc4jo1ft.o", "/home/runner/work/_temp/transiti"...], 0x2f528c10 /* 116 vars */) = -1 ENOENT (No such file or directory)
6347  execve("/opt/hostedtoolcache/go/1.27.0/arm64/bin/as", ["as", "-EL", "-mabi=lp64", "-o", "/tmp/cc4jo1ft.o", "/home/runner/work/_temp/transiti"...], 0x2f528c10 /* 116 vars */) = -1 ENOENT (No such file or directory)
6347  execve("/snap/bin/as", ["as", "-EL", "-mabi=lp64", "-o", "/tmp/cc4jo1ft.o", "/home/runner/work/_temp/transiti"...], 0x2f528c10 /* 116 vars */) = -1 ENOENT (No such file or directory)
6347  execve("/home/runner/.local/bin/as", ["as", "-EL", "-mabi=lp64", "-o", "/tmp/cc4jo1ft.o", "/home/runner/work/_temp/transiti"...], 0x2f528c10 /* 116 vars */) = -1 ENOENT (No such file or directory)
6347  execve("/opt/pipx_bin/as", ["as", "-EL", "-mabi=lp64", "-o", "/tmp/cc4jo1ft.o", "/home/runner/work/_temp/transiti"...], 0x2f528c10 /* 116 vars */) = -1 ENOENT (No such file or directory)
6347  execve("/home/runner/.cargo/bin/as", ["as", "-EL", "-mabi=lp64", "-o", "/tmp/cc4jo1ft.o", "/home/runner/work/_temp/transiti"...], 0x2f528c10 /* 116 vars */) = -1 ENOENT (No such file or directory)
6347  execve("/home/runner/.config/composer/vendor/bin/as", ["as", "-EL", "-mabi=lp64", "-o", "/tmp/cc4jo1ft.o", "/home/runner/work/_temp/transiti"...], 0x2f528c10 /* 116 vars */) = -1 ENOENT (No such file or directory)
6347  execve("/home/runner/.dotnet/tools/as", ["as", "-EL", "-mabi=lp64", "-o", "/tmp/cc4jo1ft.o", "/home/runner/work/_temp/transiti"...], 0x2f528c10 /* 116 vars */) = -1 ENOENT (No such file or directory)
6347  execve("/usr/local/sbin/as", ["as", "-EL", "-mabi=lp64", "-o", "/tmp/cc4jo1ft.o", "/home/runner/work/_temp/transiti"...], 0x2f528c10 /* 116 vars */) = -1 ENOENT (No such file or directory)
6347  execve("/usr/local/bin/as", ["as", "-EL", "-mabi=lp64", "-o", "/tmp/cc4jo1ft.o", "/home/runner/work/_temp/transiti"...], 0x2f528c10 /* 116 vars */) = -1 ENOENT (No such file or directory)
6347  execve("/usr/sbin/as", ["as", "-EL", "-mabi=lp64", "-o", "/tmp/cc4jo1ft.o", "/home/runner/work/_temp/transiti"...], 0x2f528c10 /* 116 vars */) = -1 ENOENT (No such file or directory)
6347  execve("/usr/bin/as", ["as", "-EL", "-mabi=lp64", "-o", "/tmp/cc4jo1ft.o", "/home/runner/work/_temp/transiti"...], 0x2f528c10 /* 116 vars */ <unfinished ...>
6346  <... clone resumed>)              = 6347
6347  <... execve resumed>)             = 0
6346  wait4(6347,  <unfinished ...>
6347  exit_group(0)                     = ?
6347  +++ exited with 0 +++
6346  <... wait4 resumed>[{WIFEXITED(s) && WEXITSTATUS(s) == 0}], 0, NULL) = 6347
6346  --- SIGCHLD {si_signo=SIGCHLD, si_code=CLD_EXITED, si_pid=6347, si_uid=1001, si_status=0, si_utime=7 /* 0.07 s */, si_stime=0} ---
6346  clone(child_stack=0xffffd77cabb0, flags=CLONE_VM|CLONE_VFORK|SIGCHLD <unfinished ...>
6394  execve("/usr/libexec/gcc/aarch64-linux-gnu/13/collect2", ["/usr/libexec/gcc/aarch64-linux-g"..., "-plugin", "/usr/libexec/gcc/aarch64-linux-g"..., "-plugin-opt=/usr/libexec/gcc/aar"..., "-plugin-opt=-fresolution=/tmp/cc"..., "-plugin-opt=-pass-through=-lgcc", "-plugin-opt=-pass-through=-lgcc_"..., "-plugin-opt=-pass-through=-lc", "-plugin-opt=-pass-through=-lgcc", "-plugin-opt=-pass-through=-lgcc_"..., "--build-id", "--eh-frame-hdr", "--hash-style=gnu", "--as-needed", "-dynamic-linker", "/lib/ld-linux-aarch64.so.1", "-X", "-EL", "-maarch64linux", "--fix-cortex-a53-843419", "-pie", "-z", "now", "-z", "relro", "-o", "/home/runner/work/_temp/transiti"..., "/usr/lib/gcc/aarch64-linux-gnu/1"..., "/usr/lib/gcc/aarch64-linux-gnu/1"..., "/usr/lib/gcc/aarch64-linux-gnu/1"..., "-L/usr/lib/gcc/aarch64-linux-gnu"..., "-L/usr/lib/gcc/aarch64-linux-gnu"..., ...], 0x2f5293b0 /* 118 vars */ <unfinished ...>
6346  <... clone resumed>)              = 6394
6394  <... execve resumed>)             = 0
6346  wait4(6394,  <unfinished ...>
6394  clone(child_stack=0xfffff595f530, flags=CLONE_VM|CLONE_VFORK|SIGCHLD <unfinished ...>
6395  execve("/usr/bin/ld", ["/usr/bin/ld", "-plugin", "/usr/libexec/gcc/aarch64-linux-g"..., "-plugin-opt=/usr/libexec/gcc/aar"..., "-plugin-opt=-fresolution=/tmp/cc"..., "-plugin-opt=-pass-through=-lgcc", "-plugin-opt=-pass-through=-lgcc_"..., "-plugin-opt=-pass-through=-lc", "-plugin-opt=-pass-through=-lgcc", "-plugin-opt=-pass-through=-lgcc_"..., "--build-id", "--eh-frame-hdr", "--hash-style=gnu", "--as-needed", "-dynamic-linker", "/lib/ld-linux-aarch64.so.1", "-X", "-EL", "-maarch64linux", "--fix-cortex-a53-843419", "-pie", "-z", "now", "-z", "relro", "-o", "/home/runner/work/_temp/transiti"..., "/usr/lib/gcc/aarch64-linux-gnu/1"..., "/usr/lib/gcc/aarch64-linux-gnu/1"..., "/usr/lib/gcc/aarch64-linux-gnu/1"..., "-L/usr/lib/gcc/aarch64-linux-gnu"..., "-L/usr/lib/gcc/aarch64-linux-gnu"..., ...], 0xfffff595fbe0 /* 118 vars */ <unfinished ...>
6394  <... clone resumed>)              = 6395
6395  <... execve resumed>)             = 0
6394  wait4(6395,  <unfinished ...>
6395  exit_group(0)                     = ?
6395  +++ exited with 0 +++
6394  <... wait4 resumed>[{WIFEXITED(s) && WEXITSTATUS(s) == 0}], 0, NULL) = 6395
6394  --- SIGCHLD {si_signo=SIGCHLD, si_code=CLD_EXITED, si_pid=6395, si_uid=1001, si_status=0, si_utime=1 /* 0.01 s */, si_stime=1 /* 0.01 s */} ---
6394  exit_group(0)                     = ?
6394  +++ exited with 0 +++
6346  <... wait4 resumed>[{WIFEXITED(s) && WEXITSTATUS(s) == 0}], 0, NULL) = 6394
6346  --- SIGCHLD {si_signo=SIGCHLD, si_code=CLD_EXITED, si_pid=6394, si_uid=1001, si_status=0, si_utime=0, si_stime=0} ---
6346  exit_group(0)                     = ?
6346  +++ exited with 0 +++
6331  <... wait4 resumed>[{WIFEXITED(s) && WEXITSTATUS(s) == 0}], 0, NULL) = 6346
6331  --- SIGCHLD {si_signo=SIGCHLD, si_code=CLD_EXITED, si_pid=6346, si_uid=1001, si_status=0, si_utime=0, si_stime=0} ---
6331  exit_group(0)                     = ?
6331  +++ exited with 0 +++
