10447 execve("/home/runner/work/_temp/bootstrap-workspace/b4/compiler", ["/home/runner/work/_temp/bootstra"..., "build", "/home/runner/work/type-rb-native"..., "--output", "/home/runner/work/_temp/bootstra"..., "--qbe", "/home/runner/work/_temp/qbe-1.3/"..., "--cc", "/usr/bin/cc", "--target", "linux-arm64-v0"], 0xffffe35b9648 /* 111 vars */) = 0
10447 clone(child_stack=NULL, flags=CLONE_CHILD_CLEARTID|CLONE_CHILD_SETTID|SIGCHLD, child_tidptr=0xff32dc60af90) = 10448
10447 wait4(10448,  <unfinished ...>
10448 execve("/home/runner/work/_temp/qbe-1.3/qbe", ["/home/runner/work/_temp/qbe-1.3/"..., "-t", "arm64", "-o", "/home/runner/work/_temp/bootstra"..., "/home/runner/work/_temp/bootstra"...], 0xffffcb393fd8 /* 111 vars */) = 0
10448 exit_group(0)                     = ?
10448 +++ exited with 0 +++
10447 <... wait4 resumed>[{WIFEXITED(s) && WEXITSTATUS(s) == 0}], 0, NULL) = 10448
10447 --- SIGCHLD {si_signo=SIGCHLD, si_code=CLD_EXITED, si_pid=10448, si_uid=1001, si_status=0, si_utime=0, si_stime=0} ---
10447 clone(child_stack=NULL, flags=CLONE_CHILD_CLEARTID|CLONE_CHILD_SETTID|SIGCHLD, child_tidptr=0xff32dc60af90) = 10449
10447 wait4(10449,  <unfinished ...>
10449 execve("/usr/bin/cc", ["/usr/bin/cc", "-xassembler", "/home/runner/work/_temp/bootstra"..., "-fuse-ld=lld", "-Wl,--gc-sections,--strip-all,--"..., "-lm", "-o", "/home/runner/work/_temp/bootstra"...], 0xffffcb393fd8 /* 111 vars */) = 0
10449 clone(child_stack=0xffffca5183e0, flags=CLONE_VM|CLONE_VFORK|SIGCHLD <unfinished ...>
10450 execve("/home/runner/go/bin/as", ["as", "-EL", "-mabi=lp64", "-o", "/tmp/ccMUmGrY.o", "/home/runner/work/_temp/bootstra"...], 0x2f08bd70 /* 116 vars */) = -1 ENOENT (No such file or directory)
10450 execve("/opt/hostedtoolcache/go/1.27.1/arm64/bin/as", ["as", "-EL", "-mabi=lp64", "-o", "/tmp/ccMUmGrY.o", "/home/runner/work/_temp/bootstra"...], 0x2f08bd70 /* 116 vars */) = -1 ENOENT (No such file or directory)
10450 execve("/snap/bin/as", ["as", "-EL", "-mabi=lp64", "-o", "/tmp/ccMUmGrY.o", "/home/runner/work/_temp/bootstra"...], 0x2f08bd70 /* 116 vars */) = -1 ENOENT (No such file or directory)
10450 execve("/home/runner/.local/bin/as", ["as", "-EL", "-mabi=lp64", "-o", "/tmp/ccMUmGrY.o", "/home/runner/work/_temp/bootstra"...], 0x2f08bd70 /* 116 vars */) = -1 ENOENT (No such file or directory)
10450 execve("/opt/pipx_bin/as", ["as", "-EL", "-mabi=lp64", "-o", "/tmp/ccMUmGrY.o", "/home/runner/work/_temp/bootstra"...], 0x2f08bd70 /* 116 vars */) = -1 ENOENT (No such file or directory)
10450 execve("/home/runner/.cargo/bin/as", ["as", "-EL", "-mabi=lp64", "-o", "/tmp/ccMUmGrY.o", "/home/runner/work/_temp/bootstra"...], 0x2f08bd70 /* 116 vars */) = -1 ENOENT (No such file or directory)
10450 execve("/home/runner/.config/composer/vendor/bin/as", ["as", "-EL", "-mabi=lp64", "-o", "/tmp/ccMUmGrY.o", "/home/runner/work/_temp/bootstra"...], 0x2f08bd70 /* 116 vars */) = -1 ENOENT (No such file or directory)
10450 execve("/home/runner/.dotnet/tools/as", ["as", "-EL", "-mabi=lp64", "-o", "/tmp/ccMUmGrY.o", "/home/runner/work/_temp/bootstra"...], 0x2f08bd70 /* 116 vars */) = -1 ENOENT (No such file or directory)
10450 execve("/usr/local/sbin/as", ["as", "-EL", "-mabi=lp64", "-o", "/tmp/ccMUmGrY.o", "/home/runner/work/_temp/bootstra"...], 0x2f08bd70 /* 116 vars */) = -1 ENOENT (No such file or directory)
10450 execve("/usr/local/bin/as", ["as", "-EL", "-mabi=lp64", "-o", "/tmp/ccMUmGrY.o", "/home/runner/work/_temp/bootstra"...], 0x2f08bd70 /* 116 vars */) = -1 ENOENT (No such file or directory)
10450 execve("/usr/sbin/as", ["as", "-EL", "-mabi=lp64", "-o", "/tmp/ccMUmGrY.o", "/home/runner/work/_temp/bootstra"...], 0x2f08bd70 /* 116 vars */) = -1 ENOENT (No such file or directory)
10450 execve("/usr/bin/as", ["as", "-EL", "-mabi=lp64", "-o", "/tmp/ccMUmGrY.o", "/home/runner/work/_temp/bootstra"...], 0x2f08bd70 /* 116 vars */ <unfinished ...>
10449 <... clone resumed>)              = 10450
10450 <... execve resumed>)             = 0
10449 wait4(10450,  <unfinished ...>
10450 exit_group(0)                     = ?
10450 +++ exited with 0 +++
10449 <... wait4 resumed>[{WIFEXITED(s) && WEXITSTATUS(s) == 0}], 0, NULL) = 10450
10449 --- SIGCHLD {si_signo=SIGCHLD, si_code=CLD_EXITED, si_pid=10450, si_uid=1001, si_status=0, si_utime=0, si_stime=0} ---
10449 clone(child_stack=0xffffca517520, flags=CLONE_VM|CLONE_VFORK|SIGCHLD <unfinished ...>
10451 execve("/usr/libexec/gcc/aarch64-linux-gnu/13/collect2", ["/usr/libexec/gcc/aarch64-linux-g"..., "-plugin", "/usr/libexec/gcc/aarch64-linux-g"..., "-plugin-opt=/usr/libexec/gcc/aar"..., "-plugin-opt=-fresolution=/tmp/cc"..., "-plugin-opt=-pass-through=-lgcc", "-plugin-opt=-pass-through=-lgcc_"..., "-plugin-opt=-pass-through=-lc", "-plugin-opt=-pass-through=-lgcc", "-plugin-opt=-pass-through=-lgcc_"..., "--build-id", "--eh-frame-hdr", "--hash-style=gnu", "--as-needed", "-dynamic-linker", "/lib/ld-linux-aarch64.so.1", "-X", "-EL", "-maarch64linux", "--fix-cortex-a53-843419", "-pie", "-z", "now", "-fuse-ld=lld", "-z", "relro", "-o", "/home/runner/work/_temp/bootstra"..., "/usr/lib/gcc/aarch64-linux-gnu/1"..., "/usr/lib/gcc/aarch64-linux-gnu/1"..., "/usr/lib/gcc/aarch64-linux-gnu/1"..., "-L/usr/lib/gcc/aarch64-linux-gnu"..., ...], 0x2f08c5a0 /* 118 vars */ <unfinished ...>
10449 <... clone resumed>)              = 10451
10451 <... execve resumed>)             = 0
10449 wait4(10451,  <unfinished ...>
10451 clone(child_stack=0xffffe0d7a2a0, flags=CLONE_VM|CLONE_VFORK|SIGCHLD <unfinished ...>
10452 execve("/usr/bin/ld.lld", ["/usr/bin/ld.lld", "-plugin", "/usr/libexec/gcc/aarch64-linux-g"..., "-plugin-opt=/usr/libexec/gcc/aar"..., "-plugin-opt=-fresolution=/tmp/cc"..., "-plugin-opt=-pass-through=-lgcc", "-plugin-opt=-pass-through=-lgcc_"..., "-plugin-opt=-pass-through=-lc", "-plugin-opt=-pass-through=-lgcc", "-plugin-opt=-pass-through=-lgcc_"..., "--build-id", "--eh-frame-hdr", "--hash-style=gnu", "--as-needed", "-dynamic-linker", "/lib/ld-linux-aarch64.so.1", "-X", "-EL", "-maarch64linux", "--fix-cortex-a53-843419", "-pie", "-z", "now", "-z", "relro", "-o", "/home/runner/work/_temp/bootstra"..., "/usr/lib/gcc/aarch64-linux-gnu/1"..., "/usr/lib/gcc/aarch64-linux-gnu/1"..., "/usr/lib/gcc/aarch64-linux-gnu/1"..., "-L/usr/lib/gcc/aarch64-linux-gnu"..., "-L/usr/lib/gcc/aarch64-linux-gnu"..., ...], 0xffffe0d7a968 /* 118 vars */ <unfinished ...>
10451 <... clone resumed>)              = 10452
10452 <... execve resumed>)             = 0
10451 wait4(10452,  <unfinished ...>
10452 clone3({flags=CLONE_VM|CLONE_FS|CLONE_FILES|CLONE_SIGHAND|CLONE_THREAD|CLONE_SYSVSEM|CLONE_SETTLS|CLONE_PARENT_SETTID|CLONE_CHILD_CLEARTID, child_tid=0xff9a4e5ff050, parent_tid=0xff9a4e5ff050, exit_signal=0, stack=0xff9a4a5f0000, stack_size=0x400e840, tls=0xff9a4e5ff6c0} => {parent_tid=[10453]}, 88) = 10453
10453 clone3({flags=CLONE_VM|CLONE_FS|CLONE_FILES|CLONE_SIGHAND|CLONE_THREAD|CLONE_SYSVSEM|CLONE_SETTLS|CLONE_PARENT_SETTID|CLONE_CHILD_CLEARTID, child_tid=0xff9a43fff050, parent_tid=0xff9a43fff050, exit_signal=0, stack=0xff9a3fff0000, stack_size=0x400e840, tls=0xff9a43fff6c0} => {parent_tid=[10454]}, 88) = 10454
10453 clone3({flags=CLONE_VM|CLONE_FS|CLONE_FILES|CLONE_SIGHAND|CLONE_THREAD|CLONE_SYSVSEM|CLONE_SETTLS|CLONE_PARENT_SETTID|CLONE_CHILD_CLEARTID, child_tid=0xff9a3ffef050, parent_tid=0xff9a3ffef050, exit_signal=0, stack=0xff9a3bfe0000, stack_size=0x400e840, tls=0xff9a3ffef6c0} => {parent_tid=[10455]}, 88) = 10455
10453 clone3({flags=CLONE_VM|CLONE_FS|CLONE_FILES|CLONE_SIGHAND|CLONE_THREAD|CLONE_SYSVSEM|CLONE_SETTLS|CLONE_PARENT_SETTID|CLONE_CHILD_CLEARTID, child_tid=0xff9a33fff050, parent_tid=0xff9a33fff050, exit_signal=0, stack=0xff9a2fff0000, stack_size=0x400e840, tls=0xff9a33fff6c0} => {parent_tid=[10456]}, 88) = 10456
10456 exit(0 <unfinished ...>
10454 exit(0 <unfinished ...>
10456 <... exit resumed>)               = ?
10454 <... exit resumed>)               = ?
10453 exit(0 <unfinished ...>
10456 +++ exited with 0 +++
10453 <... exit resumed>)               = ?
10452 exit_group(0 <unfinished ...>
10454 +++ exited with 0 +++
10455 exit(0 <unfinished ...>
10453 +++ exited with 0 +++
10452 <... exit_group resumed>)         = ?
10455 <... exit resumed>)               = ?
10455 +++ exited with 0 +++
10452 +++ exited with 0 +++
10451 <... wait4 resumed>[{WIFEXITED(s) && WEXITSTATUS(s) == 0}], 0, NULL) = 10452
10451 --- SIGCHLD {si_signo=SIGCHLD, si_code=CLD_EXITED, si_pid=10452, si_uid=1001, si_status=0, si_utime=1 /* 0.01 s */, si_stime=1 /* 0.01 s */} ---
10451 exit_group(0)                     = ?
10451 +++ exited with 0 +++
10449 <... wait4 resumed>[{WIFEXITED(s) && WEXITSTATUS(s) == 0}], 0, NULL) = 10451
10449 --- SIGCHLD {si_signo=SIGCHLD, si_code=CLD_EXITED, si_pid=10451, si_uid=1001, si_status=0, si_utime=0, si_stime=0} ---
10449 exit_group(0)                     = ?
10449 +++ exited with 0 +++
10447 <... wait4 resumed>[{WIFEXITED(s) && WEXITSTATUS(s) == 0}], 0, NULL) = 10449
10447 --- SIGCHLD {si_signo=SIGCHLD, si_code=CLD_EXITED, si_pid=10449, si_uid=1001, si_status=0, si_utime=0, si_stime=0} ---
10447 exit_group(0)                     = ?
10447 +++ exited with 0 +++
