9310  execve("/home/runner/work/_temp/candidate-bootstrap-workspace/b4/compiler", ["/home/runner/work/_temp/candidat"..., "build", "/home/runner/work/type-rb-native"..., "--output", "/home/runner/work/_temp/candidat"..., "--qbe", "/home/runner/work/_temp/qbe-1.3/"..., "--cc", "/usr/bin/cc", "--target", "linux-arm64-v0"], 0xffffe94224d8 /* 111 vars */) = 0
9310  clone(child_stack=NULL, flags=CLONE_CHILD_CLEARTID|CLONE_CHILD_SETTID|SIGCHLD, child_tidptr=0xffaf00869f90) = 9311
9310  wait4(9311,  <unfinished ...>
9311  execve("/home/runner/work/_temp/qbe-1.3/qbe", ["/home/runner/work/_temp/qbe-1.3/"..., "-t", "arm64", "-o", "/home/runner/work/_temp/candidat"..., "/home/runner/work/_temp/candidat"...], 0xffffff0755d8 /* 111 vars */) = 0
9311  exit_group(0)                     = ?
9311  +++ exited with 0 +++
9310  <... wait4 resumed>[{WIFEXITED(s) && WEXITSTATUS(s) == 0}], 0, NULL) = 9311
9310  --- SIGCHLD {si_signo=SIGCHLD, si_code=CLD_EXITED, si_pid=9311, si_uid=1001, si_status=0, si_utime=0, si_stime=0} ---
9310  clone(child_stack=NULL, flags=CLONE_CHILD_CLEARTID|CLONE_CHILD_SETTID|SIGCHLD, child_tidptr=0xffaf00869f90) = 9312
9310  wait4(9312,  <unfinished ...>
9312  execve("/usr/bin/cc", ["/usr/bin/cc", "-xassembler", "/home/runner/work/_temp/candidat"..., "-fuse-ld=lld", "-Wl,--gc-sections,--strip-all", "-lm", "-o", "/home/runner/work/_temp/candidat"...], 0xffffff0755d8 /* 111 vars */) = 0
9312  clone(child_stack=0xfffff42eafe0, flags=CLONE_VM|CLONE_VFORK|SIGCHLD <unfinished ...>
9313  execve("/snap/bin/as", ["as", "-EL", "-mabi=lp64", "-o", "/tmp/ccS4nhnu.o", "/home/runner/work/_temp/candidat"...], 0xd352d60 /* 116 vars */) = -1 ENOENT (No such file or directory)
9313  execve("/home/runner/.local/bin/as", ["as", "-EL", "-mabi=lp64", "-o", "/tmp/ccS4nhnu.o", "/home/runner/work/_temp/candidat"...], 0xd352d60 /* 116 vars */) = -1 ENOENT (No such file or directory)
9313  execve("/opt/pipx_bin/as", ["as", "-EL", "-mabi=lp64", "-o", "/tmp/ccS4nhnu.o", "/home/runner/work/_temp/candidat"...], 0xd352d60 /* 116 vars */) = -1 ENOENT (No such file or directory)
9313  execve("/home/runner/.cargo/bin/as", ["as", "-EL", "-mabi=lp64", "-o", "/tmp/ccS4nhnu.o", "/home/runner/work/_temp/candidat"...], 0xd352d60 /* 116 vars */) = -1 ENOENT (No such file or directory)
9313  execve("/home/runner/.config/composer/vendor/bin/as", ["as", "-EL", "-mabi=lp64", "-o", "/tmp/ccS4nhnu.o", "/home/runner/work/_temp/candidat"...], 0xd352d60 /* 116 vars */) = -1 ENOENT (No such file or directory)
9313  execve("/home/runner/.dotnet/tools/as", ["as", "-EL", "-mabi=lp64", "-o", "/tmp/ccS4nhnu.o", "/home/runner/work/_temp/candidat"...], 0xd352d60 /* 116 vars */) = -1 ENOENT (No such file or directory)
9313  execve("/usr/local/sbin/as", ["as", "-EL", "-mabi=lp64", "-o", "/tmp/ccS4nhnu.o", "/home/runner/work/_temp/candidat"...], 0xd352d60 /* 116 vars */) = -1 ENOENT (No such file or directory)
9313  execve("/usr/local/bin/as", ["as", "-EL", "-mabi=lp64", "-o", "/tmp/ccS4nhnu.o", "/home/runner/work/_temp/candidat"...], 0xd352d60 /* 116 vars */) = -1 ENOENT (No such file or directory)
9313  execve("/usr/sbin/as", ["as", "-EL", "-mabi=lp64", "-o", "/tmp/ccS4nhnu.o", "/home/runner/work/_temp/candidat"...], 0xd352d60 /* 116 vars */) = -1 ENOENT (No such file or directory)
9313  execve("/usr/bin/as", ["as", "-EL", "-mabi=lp64", "-o", "/tmp/ccS4nhnu.o", "/home/runner/work/_temp/candidat"...], 0xd352d60 /* 116 vars */ <unfinished ...>
9312  <... clone resumed>)              = 9313
9313  <... execve resumed>)             = 0
9312  wait4(9313,  <unfinished ...>
9313  exit_group(0)                     = ?
9313  +++ exited with 0 +++
9312  <... wait4 resumed>[{WIFEXITED(s) && WEXITSTATUS(s) == 0}], 0, NULL) = 9313
9312  --- SIGCHLD {si_signo=SIGCHLD, si_code=CLD_EXITED, si_pid=9313, si_uid=1001, si_status=0, si_utime=0, si_stime=0} ---
9312  clone(child_stack=0xfffff42ea120, flags=CLONE_VM|CLONE_VFORK|SIGCHLD <unfinished ...>
9314  execve("/usr/libexec/gcc/aarch64-linux-gnu/13/collect2", ["/usr/libexec/gcc/aarch64-linux-g"..., "-plugin", "/usr/libexec/gcc/aarch64-linux-g"..., "-plugin-opt=/usr/libexec/gcc/aar"..., "-plugin-opt=-fresolution=/tmp/cc"..., "-plugin-opt=-pass-through=-lgcc", "-plugin-opt=-pass-through=-lgcc_"..., "-plugin-opt=-pass-through=-lc", "-plugin-opt=-pass-through=-lgcc", "-plugin-opt=-pass-through=-lgcc_"..., "--build-id", "--eh-frame-hdr", "--hash-style=gnu", "--as-needed", "-dynamic-linker", "/lib/ld-linux-aarch64.so.1", "-X", "-EL", "-maarch64linux", "--fix-cortex-a53-843419", "-pie", "-z", "now", "-fuse-ld=lld", "-z", "relro", "-o", "/home/runner/work/_temp/candidat"..., "/usr/lib/gcc/aarch64-linux-gnu/1"..., "/usr/lib/gcc/aarch64-linux-gnu/1"..., "/usr/lib/gcc/aarch64-linux-gnu/1"..., "-L/usr/lib/gcc/aarch64-linux-gnu"..., ...], 0xd353590 /* 118 vars */ <unfinished ...>
9312  <... clone resumed>)              = 9314
9314  <... execve resumed>)             = 0
9312  wait4(9314,  <unfinished ...>
9314  clone(child_stack=0xffffdfc0af80, flags=CLONE_VM|CLONE_VFORK|SIGCHLD <unfinished ...>
9315  execve("/usr/bin/ld.lld", ["/usr/bin/ld.lld", "-plugin", "/usr/libexec/gcc/aarch64-linux-g"..., "-plugin-opt=/usr/libexec/gcc/aar"..., "-plugin-opt=-fresolution=/tmp/cc"..., "-plugin-opt=-pass-through=-lgcc", "-plugin-opt=-pass-through=-lgcc_"..., "-plugin-opt=-pass-through=-lc", "-plugin-opt=-pass-through=-lgcc", "-plugin-opt=-pass-through=-lgcc_"..., "--build-id", "--eh-frame-hdr", "--hash-style=gnu", "--as-needed", "-dynamic-linker", "/lib/ld-linux-aarch64.so.1", "-X", "-EL", "-maarch64linux", "--fix-cortex-a53-843419", "-pie", "-z", "now", "-z", "relro", "-o", "/home/runner/work/_temp/candidat"..., "/usr/lib/gcc/aarch64-linux-gnu/1"..., "/usr/lib/gcc/aarch64-linux-gnu/1"..., "/usr/lib/gcc/aarch64-linux-gnu/1"..., "-L/usr/lib/gcc/aarch64-linux-gnu"..., "-L/usr/lib/gcc/aarch64-linux-gnu"..., ...], 0xffffdfc0b640 /* 118 vars */ <unfinished ...>
9314  <... clone resumed>)              = 9315
9315  <... execve resumed>)             = 0
9314  wait4(9315,  <unfinished ...>
9315  clone3({flags=CLONE_VM|CLONE_FS|CLONE_FILES|CLONE_SIGHAND|CLONE_THREAD|CLONE_SYSVSEM|CLONE_SETTLS|CLONE_PARENT_SETTID|CLONE_CHILD_CLEARTID, child_tid=0xff8426bff050, parent_tid=0xff8426bff050, exit_signal=0, stack=0xff8422bf0000, stack_size=0x400e840, tls=0xff8426bff6c0} => {parent_tid=[9316]}, 88) = 9316
9316  clone3({flags=CLONE_VM|CLONE_FS|CLONE_FILES|CLONE_SIGHAND|CLONE_THREAD|CLONE_SYSVSEM|CLONE_SETTLS|CLONE_PARENT_SETTID|CLONE_CHILD_CLEARTID, child_tid=0xff841bfff050, parent_tid=0xff841bfff050, exit_signal=0, stack=0xff8417ff0000, stack_size=0x400e840, tls=0xff841bfff6c0} => {parent_tid=[9317]}, 88) = 9317
9316  clone3({flags=CLONE_VM|CLONE_FS|CLONE_FILES|CLONE_SIGHAND|CLONE_THREAD|CLONE_SYSVSEM|CLONE_SETTLS|CLONE_PARENT_SETTID|CLONE_CHILD_CLEARTID, child_tid=0xff8417fef050, parent_tid=0xff8417fef050, exit_signal=0, stack=0xff8413fe0000, stack_size=0x400e840, tls=0xff8417fef6c0} => {parent_tid=[9318]}, 88) = 9318
9316  clone3({flags=CLONE_VM|CLONE_FS|CLONE_FILES|CLONE_SIGHAND|CLONE_THREAD|CLONE_SYSVSEM|CLONE_SETTLS|CLONE_PARENT_SETTID|CLONE_CHILD_CLEARTID, child_tid=0xff840bfff050, parent_tid=0xff840bfff050, exit_signal=0, stack=0xff8407ff0000, stack_size=0x400e840, tls=0xff840bfff6c0} => {parent_tid=[9319]}, 88) = 9319
9318  exit(0 <unfinished ...>
9317  exit(0 <unfinished ...>
9318  <... exit resumed>)               = ?
9317  <... exit resumed>)               = ?
9318  +++ exited with 0 +++
9317  +++ exited with 0 +++
9319  exit(0 <unfinished ...>
9316  exit(0 <unfinished ...>
9319  <... exit resumed>)               = ?
9316  <... exit resumed>)               = ?
9315  exit_group(0 <unfinished ...>
9319  +++ exited with 0 +++
9316  +++ exited with 0 +++
9315  <... exit_group resumed>)         = ?
9315  +++ exited with 0 +++
9314  <... wait4 resumed>[{WIFEXITED(s) && WEXITSTATUS(s) == 0}], 0, NULL) = 9315
9314  --- SIGCHLD {si_signo=SIGCHLD, si_code=CLD_EXITED, si_pid=9315, si_uid=1001, si_status=0, si_utime=0, si_stime=1 /* 0.01 s */} ---
9314  exit_group(0)                     = ?
9314  +++ exited with 0 +++
9312  <... wait4 resumed>[{WIFEXITED(s) && WEXITSTATUS(s) == 0}], 0, NULL) = 9314
9312  --- SIGCHLD {si_signo=SIGCHLD, si_code=CLD_EXITED, si_pid=9314, si_uid=1001, si_status=0, si_utime=0, si_stime=0} ---
9312  exit_group(0)                     = ?
9312  +++ exited with 0 +++
9310  <... wait4 resumed>[{WIFEXITED(s) && WEXITSTATUS(s) == 0}], 0, NULL) = 9312
9310  --- SIGCHLD {si_signo=SIGCHLD, si_code=CLD_EXITED, si_pid=9312, si_uid=1001, si_status=0, si_utime=0, si_stime=0} ---
9310  exit_group(0)                     = ?
9310  +++ exited with 0 +++
