5968  execve("/home/runner/work/_temp/transition/first/compiler", ["/home/runner/work/_temp/transiti"..., "build", "compiler/src/compiler.trb", "--output", "/home/runner/work/_temp/transiti"..., "--qbe", "/home/runner/work/_temp/qbe-1.3/"..., "--cc", "/usr/bin/cc", "--target", "linux-arm64-v0"], 0xffffdff1f698 /* 111 vars */) = 0
5968  clone(child_stack=NULL, flags=CLONE_CHILD_CLEARTID|CLONE_CHILD_SETTID|SIGCHLD, child_tidptr=0xff62f8aa1f90) = 5969
5968  wait4(5969,  <unfinished ...>
5969  execve("/home/runner/work/_temp/qbe-1.3/qbe", ["/home/runner/work/_temp/qbe-1.3/"..., "-t", "arm64", "-o", "/home/runner/work/_temp/transiti"..., "/home/runner/work/_temp/transiti"...], 0xffffd7a526b8 /* 111 vars */) = 0
5969  exit_group(0)                     = ?
5969  +++ exited with 0 +++
5968  <... wait4 resumed>[{WIFEXITED(s) && WEXITSTATUS(s) == 0}], 0, NULL) = 5969
5968  --- SIGCHLD {si_signo=SIGCHLD, si_code=CLD_EXITED, si_pid=5969, si_uid=1001, si_status=0, si_utime=25 /* 0.25 s */, si_stime=1 /* 0.01 s */} ---
5968  clone(child_stack=NULL, flags=CLONE_CHILD_CLEARTID|CLONE_CHILD_SETTID|SIGCHLD, child_tidptr=0xff62f8aa1f90) = 5970
5968  wait4(5970,  <unfinished ...>
5970  execve("/usr/bin/cc", ["/usr/bin/cc", "-xassembler", "/home/runner/work/_temp/transiti"..., "-Wl,--gc-sections,--strip-all", "-o", "/home/runner/work/_temp/transiti"...], 0xffffd7a526b8 /* 111 vars */) = 0
5970  clone(child_stack=0xffffcb3071e0, flags=CLONE_VM|CLONE_VFORK|SIGCHLD <unfinished ...>
5971  execve("/home/runner/go/bin/as", ["as", "-EL", "-mabi=lp64", "-o", "/tmp/ccoTZb29.o", "/home/runner/work/_temp/transiti"...], 0x21f4cc20 /* 116 vars */) = -1 ENOENT (No such file or directory)
5971  execve("/opt/hostedtoolcache/go/1.27.1/arm64/bin/as", ["as", "-EL", "-mabi=lp64", "-o", "/tmp/ccoTZb29.o", "/home/runner/work/_temp/transiti"...], 0x21f4cc20 /* 116 vars */) = -1 ENOENT (No such file or directory)
5971  execve("/snap/bin/as", ["as", "-EL", "-mabi=lp64", "-o", "/tmp/ccoTZb29.o", "/home/runner/work/_temp/transiti"...], 0x21f4cc20 /* 116 vars */) = -1 ENOENT (No such file or directory)
5971  execve("/home/runner/.local/bin/as", ["as", "-EL", "-mabi=lp64", "-o", "/tmp/ccoTZb29.o", "/home/runner/work/_temp/transiti"...], 0x21f4cc20 /* 116 vars */) = -1 ENOENT (No such file or directory)
5971  execve("/opt/pipx_bin/as", ["as", "-EL", "-mabi=lp64", "-o", "/tmp/ccoTZb29.o", "/home/runner/work/_temp/transiti"...], 0x21f4cc20 /* 116 vars */) = -1 ENOENT (No such file or directory)
5971  execve("/home/runner/.cargo/bin/as", ["as", "-EL", "-mabi=lp64", "-o", "/tmp/ccoTZb29.o", "/home/runner/work/_temp/transiti"...], 0x21f4cc20 /* 116 vars */) = -1 ENOENT (No such file or directory)
5971  execve("/home/runner/.config/composer/vendor/bin/as", ["as", "-EL", "-mabi=lp64", "-o", "/tmp/ccoTZb29.o", "/home/runner/work/_temp/transiti"...], 0x21f4cc20 /* 116 vars */) = -1 ENOENT (No such file or directory)
5971  execve("/home/runner/.dotnet/tools/as", ["as", "-EL", "-mabi=lp64", "-o", "/tmp/ccoTZb29.o", "/home/runner/work/_temp/transiti"...], 0x21f4cc20 /* 116 vars */) = -1 ENOENT (No such file or directory)
5971  execve("/usr/local/sbin/as", ["as", "-EL", "-mabi=lp64", "-o", "/tmp/ccoTZb29.o", "/home/runner/work/_temp/transiti"...], 0x21f4cc20 /* 116 vars */) = -1 ENOENT (No such file or directory)
5971  execve("/usr/local/bin/as", ["as", "-EL", "-mabi=lp64", "-o", "/tmp/ccoTZb29.o", "/home/runner/work/_temp/transiti"...], 0x21f4cc20 /* 116 vars */) = -1 ENOENT (No such file or directory)
5971  execve("/usr/sbin/as", ["as", "-EL", "-mabi=lp64", "-o", "/tmp/ccoTZb29.o", "/home/runner/work/_temp/transiti"...], 0x21f4cc20 /* 116 vars */) = -1 ENOENT (No such file or directory)
5971  execve("/usr/bin/as", ["as", "-EL", "-mabi=lp64", "-o", "/tmp/ccoTZb29.o", "/home/runner/work/_temp/transiti"...], 0x21f4cc20 /* 116 vars */ <unfinished ...>
5970  <... clone resumed>)              = 5971
5971  <... execve resumed>)             = 0
5970  wait4(5971,  <unfinished ...>
5971  exit_group(0)                     = ?
5971  +++ exited with 0 +++
5970  <... wait4 resumed>[{WIFEXITED(s) && WEXITSTATUS(s) == 0}], 0, NULL) = 5971
5970  --- SIGCHLD {si_signo=SIGCHLD, si_code=CLD_EXITED, si_pid=5971, si_uid=1001, si_status=0, si_utime=10 /* 0.10 s */, si_stime=1 /* 0.01 s */} ---
5970  clone(child_stack=0xffffcb306320, flags=CLONE_VM|CLONE_VFORK|SIGCHLD <unfinished ...>
5972  execve("/usr/libexec/gcc/aarch64-linux-gnu/13/collect2", ["/usr/libexec/gcc/aarch64-linux-g"..., "-plugin", "/usr/libexec/gcc/aarch64-linux-g"..., "-plugin-opt=/usr/libexec/gcc/aar"..., "-plugin-opt=-fresolution=/tmp/cc"..., "-plugin-opt=-pass-through=-lgcc", "-plugin-opt=-pass-through=-lgcc_"..., "-plugin-opt=-pass-through=-lc", "-plugin-opt=-pass-through=-lgcc", "-plugin-opt=-pass-through=-lgcc_"..., "--build-id", "--eh-frame-hdr", "--hash-style=gnu", "--as-needed", "-dynamic-linker", "/lib/ld-linux-aarch64.so.1", "-X", "-EL", "-maarch64linux", "--fix-cortex-a53-843419", "-pie", "-z", "now", "-z", "relro", "-o", "/home/runner/work/_temp/transiti"..., "/usr/lib/gcc/aarch64-linux-gnu/1"..., "/usr/lib/gcc/aarch64-linux-gnu/1"..., "/usr/lib/gcc/aarch64-linux-gnu/1"..., "-L/usr/lib/gcc/aarch64-linux-gnu"..., "-L/usr/lib/gcc/aarch64-linux-gnu"..., ...], 0x21f4d3c0 /* 118 vars */ <unfinished ...>
5970  <... clone resumed>)              = 5972
5972  <... execve resumed>)             = 0
5970  wait4(5972,  <unfinished ...>
5972  clone(child_stack=0xffffc0d4fb90, flags=CLONE_VM|CLONE_VFORK|SIGCHLD <unfinished ...>
5973  execve("/usr/bin/ld", ["/usr/bin/ld", "-plugin", "/usr/libexec/gcc/aarch64-linux-g"..., "-plugin-opt=/usr/libexec/gcc/aar"..., "-plugin-opt=-fresolution=/tmp/cc"..., "-plugin-opt=-pass-through=-lgcc", "-plugin-opt=-pass-through=-lgcc_"..., "-plugin-opt=-pass-through=-lc", "-plugin-opt=-pass-through=-lgcc", "-plugin-opt=-pass-through=-lgcc_"..., "--build-id", "--eh-frame-hdr", "--hash-style=gnu", "--as-needed", "-dynamic-linker", "/lib/ld-linux-aarch64.so.1", "-X", "-EL", "-maarch64linux", "--fix-cortex-a53-843419", "-pie", "-z", "now", "-z", "relro", "-o", "/home/runner/work/_temp/transiti"..., "/usr/lib/gcc/aarch64-linux-gnu/1"..., "/usr/lib/gcc/aarch64-linux-gnu/1"..., "/usr/lib/gcc/aarch64-linux-gnu/1"..., "-L/usr/lib/gcc/aarch64-linux-gnu"..., "-L/usr/lib/gcc/aarch64-linux-gnu"..., ...], 0xffffc0d50240 /* 118 vars */ <unfinished ...>
5972  <... clone resumed>)              = 5973
5973  <... execve resumed>)             = 0
5972  wait4(5973,  <unfinished ...>
5973  exit_group(0)                     = ?
5973  +++ exited with 0 +++
5972  <... wait4 resumed>[{WIFEXITED(s) && WEXITSTATUS(s) == 0}], 0, NULL) = 5973
5972  --- SIGCHLD {si_signo=SIGCHLD, si_code=CLD_EXITED, si_pid=5973, si_uid=1001, si_status=0, si_utime=1 /* 0.01 s */, si_stime=1 /* 0.01 s */} ---
5972  exit_group(0)                     = ?
5972  +++ exited with 0 +++
5970  <... wait4 resumed>[{WIFEXITED(s) && WEXITSTATUS(s) == 0}], 0, NULL) = 5972
5970  --- SIGCHLD {si_signo=SIGCHLD, si_code=CLD_EXITED, si_pid=5972, si_uid=1001, si_status=0, si_utime=0, si_stime=0} ---
5970  exit_group(0)                     = ?
5970  +++ exited with 0 +++
5968  <... wait4 resumed>[{WIFEXITED(s) && WEXITSTATUS(s) == 0}], 0, NULL) = 5970
5968  --- SIGCHLD {si_signo=SIGCHLD, si_code=CLD_EXITED, si_pid=5970, si_uid=1001, si_status=0, si_utime=0, si_stime=0} ---
5968  exit_group(0)                     = ?
5968  +++ exited with 0 +++
