5959  execve("/home/runner/work/_temp/release/type-rb-native-bootstrap-linux-arm64", ["/home/runner/work/_temp/release/"..., "build", "compiler/src/compiler.trb", "--output", "/home/runner/work/_temp/transiti"..., "--qbe", "/home/runner/work/_temp/qbe-1.3/"..., "--cc", "/usr/bin/cc", "--target", "linux-arm64-v0"], 0xffffd43c06e8 /* 111 vars */) = 0
5959  clone(child_stack=NULL, flags=CLONE_CHILD_CLEARTID|CLONE_CHILD_SETTID|SIGCHLD, child_tidptr=0xff45e4a0af90) = 5960
5959  wait4(5960,  <unfinished ...>
5960  execve("/home/runner/work/_temp/qbe-1.3/qbe", ["/home/runner/work/_temp/qbe-1.3/"..., "-t", "arm64", "-o", "/home/runner/work/_temp/transiti"..., "/home/runner/work/_temp/transiti"...], 0xffffc493d848 /* 111 vars */) = 0
5960  exit_group(0)                     = ?
5960  +++ exited with 0 +++
5959  <... wait4 resumed>[{WIFEXITED(s) && WEXITSTATUS(s) == 0}], 0, NULL) = 5960
5959  --- SIGCHLD {si_signo=SIGCHLD, si_code=CLD_EXITED, si_pid=5960, si_uid=1001, si_status=0, si_utime=25 /* 0.25 s */, si_stime=0} ---
5959  clone(child_stack=NULL, flags=CLONE_CHILD_CLEARTID|CLONE_CHILD_SETTID|SIGCHLD, child_tidptr=0xff45e4a0af90) = 5961
5959  wait4(5961,  <unfinished ...>
5961  execve("/usr/bin/cc", ["/usr/bin/cc", "-xassembler", "/home/runner/work/_temp/transiti"..., "-Wl,--gc-sections,--strip-all", "-o", "/home/runner/work/_temp/transiti"...], 0xffffc493d848 /* 111 vars */) = 0
5961  clone(child_stack=0xffffcda78e70, flags=CLONE_VM|CLONE_VFORK|SIGCHLD <unfinished ...>
5962  execve("/home/runner/go/bin/as", ["as", "-EL", "-mabi=lp64", "-o", "/tmp/cc0z2nku.o", "/home/runner/work/_temp/transiti"...], 0x380b8c10 /* 116 vars */) = -1 ENOENT (No such file or directory)
5962  execve("/opt/hostedtoolcache/go/1.27.1/arm64/bin/as", ["as", "-EL", "-mabi=lp64", "-o", "/tmp/cc0z2nku.o", "/home/runner/work/_temp/transiti"...], 0x380b8c10 /* 116 vars */) = -1 ENOENT (No such file or directory)
5962  execve("/snap/bin/as", ["as", "-EL", "-mabi=lp64", "-o", "/tmp/cc0z2nku.o", "/home/runner/work/_temp/transiti"...], 0x380b8c10 /* 116 vars */) = -1 ENOENT (No such file or directory)
5962  execve("/home/runner/.local/bin/as", ["as", "-EL", "-mabi=lp64", "-o", "/tmp/cc0z2nku.o", "/home/runner/work/_temp/transiti"...], 0x380b8c10 /* 116 vars */) = -1 ENOENT (No such file or directory)
5962  execve("/opt/pipx_bin/as", ["as", "-EL", "-mabi=lp64", "-o", "/tmp/cc0z2nku.o", "/home/runner/work/_temp/transiti"...], 0x380b8c10 /* 116 vars */) = -1 ENOENT (No such file or directory)
5962  execve("/home/runner/.cargo/bin/as", ["as", "-EL", "-mabi=lp64", "-o", "/tmp/cc0z2nku.o", "/home/runner/work/_temp/transiti"...], 0x380b8c10 /* 116 vars */) = -1 ENOENT (No such file or directory)
5962  execve("/home/runner/.config/composer/vendor/bin/as", ["as", "-EL", "-mabi=lp64", "-o", "/tmp/cc0z2nku.o", "/home/runner/work/_temp/transiti"...], 0x380b8c10 /* 116 vars */) = -1 ENOENT (No such file or directory)
5962  execve("/home/runner/.dotnet/tools/as", ["as", "-EL", "-mabi=lp64", "-o", "/tmp/cc0z2nku.o", "/home/runner/work/_temp/transiti"...], 0x380b8c10 /* 116 vars */) = -1 ENOENT (No such file or directory)
5962  execve("/usr/local/sbin/as", ["as", "-EL", "-mabi=lp64", "-o", "/tmp/cc0z2nku.o", "/home/runner/work/_temp/transiti"...], 0x380b8c10 /* 116 vars */) = -1 ENOENT (No such file or directory)
5962  execve("/usr/local/bin/as", ["as", "-EL", "-mabi=lp64", "-o", "/tmp/cc0z2nku.o", "/home/runner/work/_temp/transiti"...], 0x380b8c10 /* 116 vars */) = -1 ENOENT (No such file or directory)
5962  execve("/usr/sbin/as", ["as", "-EL", "-mabi=lp64", "-o", "/tmp/cc0z2nku.o", "/home/runner/work/_temp/transiti"...], 0x380b8c10 /* 116 vars */) = -1 ENOENT (No such file or directory)
5962  execve("/usr/bin/as", ["as", "-EL", "-mabi=lp64", "-o", "/tmp/cc0z2nku.o", "/home/runner/work/_temp/transiti"...], 0x380b8c10 /* 116 vars */ <unfinished ...>
5961  <... clone resumed>)              = 5962
5962  <... execve resumed>)             = 0
5961  wait4(5962,  <unfinished ...>
5962  exit_group(0)                     = ?
5962  +++ exited with 0 +++
5961  <... wait4 resumed>[{WIFEXITED(s) && WEXITSTATUS(s) == 0}], 0, NULL) = 5962
5961  --- SIGCHLD {si_signo=SIGCHLD, si_code=CLD_EXITED, si_pid=5962, si_uid=1001, si_status=0, si_utime=10 /* 0.10 s */, si_stime=0} ---
5961  clone(child_stack=0xffffcda77fb0, flags=CLONE_VM|CLONE_VFORK|SIGCHLD <unfinished ...>
5963  execve("/usr/libexec/gcc/aarch64-linux-gnu/13/collect2", ["/usr/libexec/gcc/aarch64-linux-g"..., "-plugin", "/usr/libexec/gcc/aarch64-linux-g"..., "-plugin-opt=/usr/libexec/gcc/aar"..., "-plugin-opt=-fresolution=/tmp/cc"..., "-plugin-opt=-pass-through=-lgcc", "-plugin-opt=-pass-through=-lgcc_"..., "-plugin-opt=-pass-through=-lc", "-plugin-opt=-pass-through=-lgcc", "-plugin-opt=-pass-through=-lgcc_"..., "--build-id", "--eh-frame-hdr", "--hash-style=gnu", "--as-needed", "-dynamic-linker", "/lib/ld-linux-aarch64.so.1", "-X", "-EL", "-maarch64linux", "--fix-cortex-a53-843419", "-pie", "-z", "now", "-z", "relro", "-o", "/home/runner/work/_temp/transiti"..., "/usr/lib/gcc/aarch64-linux-gnu/1"..., "/usr/lib/gcc/aarch64-linux-gnu/1"..., "/usr/lib/gcc/aarch64-linux-gnu/1"..., "-L/usr/lib/gcc/aarch64-linux-gnu"..., "-L/usr/lib/gcc/aarch64-linux-gnu"..., ...], 0x380b93b0 /* 118 vars */ <unfinished ...>
5961  <... clone resumed>)              = 5963
5963  <... execve resumed>)             = 0
5961  wait4(5963,  <unfinished ...>
5963  clone(child_stack=0xffffc4689a20, flags=CLONE_VM|CLONE_VFORK|SIGCHLD <unfinished ...>
5964  execve("/usr/bin/ld", ["/usr/bin/ld", "-plugin", "/usr/libexec/gcc/aarch64-linux-g"..., "-plugin-opt=/usr/libexec/gcc/aar"..., "-plugin-opt=-fresolution=/tmp/cc"..., "-plugin-opt=-pass-through=-lgcc", "-plugin-opt=-pass-through=-lgcc_"..., "-plugin-opt=-pass-through=-lc", "-plugin-opt=-pass-through=-lgcc", "-plugin-opt=-pass-through=-lgcc_"..., "--build-id", "--eh-frame-hdr", "--hash-style=gnu", "--as-needed", "-dynamic-linker", "/lib/ld-linux-aarch64.so.1", "-X", "-EL", "-maarch64linux", "--fix-cortex-a53-843419", "-pie", "-z", "now", "-z", "relro", "-o", "/home/runner/work/_temp/transiti"..., "/usr/lib/gcc/aarch64-linux-gnu/1"..., "/usr/lib/gcc/aarch64-linux-gnu/1"..., "/usr/lib/gcc/aarch64-linux-gnu/1"..., "-L/usr/lib/gcc/aarch64-linux-gnu"..., "-L/usr/lib/gcc/aarch64-linux-gnu"..., ...], 0xffffc468a0d0 /* 118 vars */ <unfinished ...>
5963  <... clone resumed>)              = 5964
5964  <... execve resumed>)             = 0
5963  wait4(5964,  <unfinished ...>
5964  exit_group(0)                     = ?
5964  +++ exited with 0 +++
5963  <... wait4 resumed>[{WIFEXITED(s) && WEXITSTATUS(s) == 0}], 0, NULL) = 5964
5963  --- SIGCHLD {si_signo=SIGCHLD, si_code=CLD_EXITED, si_pid=5964, si_uid=1001, si_status=0, si_utime=1 /* 0.01 s */, si_stime=1 /* 0.01 s */} ---
5963  exit_group(0)                     = ?
5963  +++ exited with 0 +++
5961  <... wait4 resumed>[{WIFEXITED(s) && WEXITSTATUS(s) == 0}], 0, NULL) = 5963
5961  --- SIGCHLD {si_signo=SIGCHLD, si_code=CLD_EXITED, si_pid=5963, si_uid=1001, si_status=0, si_utime=0, si_stime=0} ---
5961  exit_group(0)                     = ?
5961  +++ exited with 0 +++
5959  <... wait4 resumed>[{WIFEXITED(s) && WEXITSTATUS(s) == 0}], 0, NULL) = 5961
5959  --- SIGCHLD {si_signo=SIGCHLD, si_code=CLD_EXITED, si_pid=5961, si_uid=1001, si_status=0, si_utime=0, si_stime=0} ---
5959  exit_group(0)                     = ?
5959  +++ exited with 0 +++
