6172  execve("/home/runner/work/_temp/transition/first/compiler", ["/home/runner/work/_temp/transiti"..., "build", "compiler/gate4/src/compiler.trb", "--output", "/home/runner/work/_temp/transiti"..., "--qbe", "/home/runner/work/_temp/qbe-1.3/"..., "--cc", "/usr/bin/cc", "--target", "linux-arm64-v0"], 0xffffc0dc9f28 /* 111 vars */) = 0
6172  clone(child_stack=NULL, flags=CLONE_CHILD_CLEARTID|CLONE_CHILD_SETTID|SIGCHLD, child_tidptr=0xff877413ef90) = 6173
6172  wait4(6173,  <unfinished ...>
6173  execve("/home/runner/work/_temp/qbe-1.3/qbe", ["/home/runner/work/_temp/qbe-1.3/"..., "-t", "arm64", "-o", "/home/runner/work/_temp/transiti"..., "/home/runner/work/_temp/transiti"...], 0xffffc90ea3b8 /* 111 vars */) = 0
6173  exit_group(0)                     = ?
6173  +++ exited with 0 +++
6172  <... wait4 resumed>[{WIFEXITED(s) && WEXITSTATUS(s) == 0}], 0, NULL) = 6173
6172  --- SIGCHLD {si_signo=SIGCHLD, si_code=CLD_EXITED, si_pid=6173, si_uid=1001, si_status=0, si_utime=27 /* 0.27 s */, si_stime=0} ---
6172  clone(child_stack=NULL, flags=CLONE_CHILD_CLEARTID|CLONE_CHILD_SETTID|SIGCHLD, child_tidptr=0xff877413ef90) = 6174
6172  wait4(6174,  <unfinished ...>
6174  execve("/usr/bin/cc", ["/usr/bin/cc", "-xassembler", "/home/runner/work/_temp/transiti"..., "-Wl,--gc-sections,--strip-all", "-o", "/home/runner/work/_temp/transiti"...], 0xffffc90ea3b8 /* 111 vars */) = 0
6174  clone(child_stack=0xffffccd14d00, flags=CLONE_VM|CLONE_VFORK|SIGCHLD <unfinished ...>
6175  execve("/home/runner/go/bin/as", ["as", "-EL", "-mabi=lp64", "-o", "/tmp/cckcZt3R.o", "/home/runner/work/_temp/transiti"...], 0x231bac20 /* 116 vars */) = -1 ENOENT (No such file or directory)
6175  execve("/opt/hostedtoolcache/go/1.27.1/arm64/bin/as", ["as", "-EL", "-mabi=lp64", "-o", "/tmp/cckcZt3R.o", "/home/runner/work/_temp/transiti"...], 0x231bac20 /* 116 vars */) = -1 ENOENT (No such file or directory)
6175  execve("/snap/bin/as", ["as", "-EL", "-mabi=lp64", "-o", "/tmp/cckcZt3R.o", "/home/runner/work/_temp/transiti"...], 0x231bac20 /* 116 vars */) = -1 ENOENT (No such file or directory)
6175  execve("/home/runner/.local/bin/as", ["as", "-EL", "-mabi=lp64", "-o", "/tmp/cckcZt3R.o", "/home/runner/work/_temp/transiti"...], 0x231bac20 /* 116 vars */) = -1 ENOENT (No such file or directory)
6175  execve("/opt/pipx_bin/as", ["as", "-EL", "-mabi=lp64", "-o", "/tmp/cckcZt3R.o", "/home/runner/work/_temp/transiti"...], 0x231bac20 /* 116 vars */) = -1 ENOENT (No such file or directory)
6175  execve("/home/runner/.cargo/bin/as", ["as", "-EL", "-mabi=lp64", "-o", "/tmp/cckcZt3R.o", "/home/runner/work/_temp/transiti"...], 0x231bac20 /* 116 vars */) = -1 ENOENT (No such file or directory)
6175  execve("/home/runner/.config/composer/vendor/bin/as", ["as", "-EL", "-mabi=lp64", "-o", "/tmp/cckcZt3R.o", "/home/runner/work/_temp/transiti"...], 0x231bac20 /* 116 vars */) = -1 ENOENT (No such file or directory)
6175  execve("/home/runner/.dotnet/tools/as", ["as", "-EL", "-mabi=lp64", "-o", "/tmp/cckcZt3R.o", "/home/runner/work/_temp/transiti"...], 0x231bac20 /* 116 vars */) = -1 ENOENT (No such file or directory)
6175  execve("/usr/local/sbin/as", ["as", "-EL", "-mabi=lp64", "-o", "/tmp/cckcZt3R.o", "/home/runner/work/_temp/transiti"...], 0x231bac20 /* 116 vars */) = -1 ENOENT (No such file or directory)
6175  execve("/usr/local/bin/as", ["as", "-EL", "-mabi=lp64", "-o", "/tmp/cckcZt3R.o", "/home/runner/work/_temp/transiti"...], 0x231bac20 /* 116 vars */) = -1 ENOENT (No such file or directory)
6175  execve("/usr/sbin/as", ["as", "-EL", "-mabi=lp64", "-o", "/tmp/cckcZt3R.o", "/home/runner/work/_temp/transiti"...], 0x231bac20 /* 116 vars */) = -1 ENOENT (No such file or directory)
6175  execve("/usr/bin/as", ["as", "-EL", "-mabi=lp64", "-o", "/tmp/cckcZt3R.o", "/home/runner/work/_temp/transiti"...], 0x231bac20 /* 116 vars */ <unfinished ...>
6174  <... clone resumed>)              = 6175
6175  <... execve resumed>)             = 0
6174  wait4(6175,  <unfinished ...>
6175  exit_group(0)                     = ?
6175  +++ exited with 0 +++
6174  <... wait4 resumed>[{WIFEXITED(s) && WEXITSTATUS(s) == 0}], 0, NULL) = 6175
6174  --- SIGCHLD {si_signo=SIGCHLD, si_code=CLD_EXITED, si_pid=6175, si_uid=1001, si_status=0, si_utime=11 /* 0.11 s */, si_stime=0} ---
6174  clone(child_stack=0xffffccd13e40, flags=CLONE_VM|CLONE_VFORK|SIGCHLD <unfinished ...>
6176  execve("/usr/libexec/gcc/aarch64-linux-gnu/13/collect2", ["/usr/libexec/gcc/aarch64-linux-g"..., "-plugin", "/usr/libexec/gcc/aarch64-linux-g"..., "-plugin-opt=/usr/libexec/gcc/aar"..., "-plugin-opt=-fresolution=/tmp/cc"..., "-plugin-opt=-pass-through=-lgcc", "-plugin-opt=-pass-through=-lgcc_"..., "-plugin-opt=-pass-through=-lc", "-plugin-opt=-pass-through=-lgcc", "-plugin-opt=-pass-through=-lgcc_"..., "--build-id", "--eh-frame-hdr", "--hash-style=gnu", "--as-needed", "-dynamic-linker", "/lib/ld-linux-aarch64.so.1", "-X", "-EL", "-maarch64linux", "--fix-cortex-a53-843419", "-pie", "-z", "now", "-z", "relro", "-o", "/home/runner/work/_temp/transiti"..., "/usr/lib/gcc/aarch64-linux-gnu/1"..., "/usr/lib/gcc/aarch64-linux-gnu/1"..., "/usr/lib/gcc/aarch64-linux-gnu/1"..., "-L/usr/lib/gcc/aarch64-linux-gnu"..., "-L/usr/lib/gcc/aarch64-linux-gnu"..., ...], 0x231bb3c0 /* 118 vars */ <unfinished ...>
6174  <... clone resumed>)              = 6176
6176  <... execve resumed>)             = 0
6174  wait4(6176,  <unfinished ...>
6176  clone(child_stack=0xffffcabd1b20, flags=CLONE_VM|CLONE_VFORK|SIGCHLD <unfinished ...>
6177  execve("/usr/bin/ld", ["/usr/bin/ld", "-plugin", "/usr/libexec/gcc/aarch64-linux-g"..., "-plugin-opt=/usr/libexec/gcc/aar"..., "-plugin-opt=-fresolution=/tmp/cc"..., "-plugin-opt=-pass-through=-lgcc", "-plugin-opt=-pass-through=-lgcc_"..., "-plugin-opt=-pass-through=-lc", "-plugin-opt=-pass-through=-lgcc", "-plugin-opt=-pass-through=-lgcc_"..., "--build-id", "--eh-frame-hdr", "--hash-style=gnu", "--as-needed", "-dynamic-linker", "/lib/ld-linux-aarch64.so.1", "-X", "-EL", "-maarch64linux", "--fix-cortex-a53-843419", "-pie", "-z", "now", "-z", "relro", "-o", "/home/runner/work/_temp/transiti"..., "/usr/lib/gcc/aarch64-linux-gnu/1"..., "/usr/lib/gcc/aarch64-linux-gnu/1"..., "/usr/lib/gcc/aarch64-linux-gnu/1"..., "-L/usr/lib/gcc/aarch64-linux-gnu"..., "-L/usr/lib/gcc/aarch64-linux-gnu"..., ...], 0xffffcabd21d0 /* 118 vars */ <unfinished ...>
6176  <... clone resumed>)              = 6177
6177  <... execve resumed>)             = 0
6176  wait4(6177,  <unfinished ...>
6177  exit_group(0)                     = ?
6177  +++ exited with 0 +++
6176  <... wait4 resumed>[{WIFEXITED(s) && WEXITSTATUS(s) == 0}], 0, NULL) = 6177
6176  --- SIGCHLD {si_signo=SIGCHLD, si_code=CLD_EXITED, si_pid=6177, si_uid=1001, si_status=0, si_utime=1 /* 0.01 s */, si_stime=1 /* 0.01 s */} ---
6176  exit_group(0)                     = ?
6176  +++ exited with 0 +++
6174  <... wait4 resumed>[{WIFEXITED(s) && WEXITSTATUS(s) == 0}], 0, NULL) = 6176
6174  --- SIGCHLD {si_signo=SIGCHLD, si_code=CLD_EXITED, si_pid=6176, si_uid=1001, si_status=0, si_utime=0, si_stime=0} ---
6174  exit_group(0)                     = ?
6174  +++ exited with 0 +++
6172  <... wait4 resumed>[{WIFEXITED(s) && WEXITSTATUS(s) == 0}], 0, NULL) = 6174
6172  --- SIGCHLD {si_signo=SIGCHLD, si_code=CLD_EXITED, si_pid=6174, si_uid=1001, si_status=0, si_utime=0, si_stime=0} ---
6172  exit_group(0)                     = ?
6172  +++ exited with 0 +++
