6162  execve("/home/runner/work/_temp/release/type-rb-native-bootstrap-linux-arm64", ["/home/runner/work/_temp/release/"..., "build", "compiler/gate4/src/compiler.trb", "--output", "/home/runner/work/_temp/transiti"..., "--qbe", "/home/runner/work/_temp/qbe-1.3/"..., "--cc", "/usr/bin/cc", "--target", "linux-arm64-v0"], 0xfffff4116508 /* 111 vars */) = 0
6162  clone(child_stack=NULL, flags=CLONE_CHILD_CLEARTID|CLONE_CHILD_SETTID|SIGCHLD, child_tidptr=0xff61859f4f90) = 6164
6162  wait4(6164,  <unfinished ...>
6164  execve("/home/runner/work/_temp/qbe-1.3/qbe", ["/home/runner/work/_temp/qbe-1.3/"..., "-t", "arm64", "-o", "/home/runner/work/_temp/transiti"..., "/home/runner/work/_temp/transiti"...], 0xfffff1af4218 /* 111 vars */) = 0
6164  exit_group(0)                     = ?
6164  +++ exited with 0 +++
6162  <... wait4 resumed>[{WIFEXITED(s) && WEXITSTATUS(s) == 0}], 0, NULL) = 6164
6162  --- SIGCHLD {si_signo=SIGCHLD, si_code=CLD_EXITED, si_pid=6164, si_uid=1001, si_status=0, si_utime=24 /* 0.24 s */, si_stime=1 /* 0.01 s */} ---
6162  clone(child_stack=NULL, flags=CLONE_CHILD_CLEARTID|CLONE_CHILD_SETTID|SIGCHLD, child_tidptr=0xff61859f4f90) = 6165
6162  wait4(6165,  <unfinished ...>
6165  execve("/usr/bin/cc", ["/usr/bin/cc", "-xassembler", "/home/runner/work/_temp/transiti"..., "-Wl,--gc-sections,--strip-all", "-o", "/home/runner/work/_temp/transiti"...], 0xfffff1af4218 /* 111 vars */) = 0
6165  clone(child_stack=0xfffff3b3e200, flags=CLONE_VM|CLONE_VFORK|SIGCHLD <unfinished ...>
6166  execve("/home/runner/go/bin/as", ["as", "-EL", "-mabi=lp64", "-o", "/tmp/ccuHwlcB.o", "/home/runner/work/_temp/transiti"...], 0x20c34c10 /* 116 vars */) = -1 ENOENT (No such file or directory)
6166  execve("/opt/hostedtoolcache/go/1.27.1/arm64/bin/as", ["as", "-EL", "-mabi=lp64", "-o", "/tmp/ccuHwlcB.o", "/home/runner/work/_temp/transiti"...], 0x20c34c10 /* 116 vars */) = -1 ENOENT (No such file or directory)
6166  execve("/snap/bin/as", ["as", "-EL", "-mabi=lp64", "-o", "/tmp/ccuHwlcB.o", "/home/runner/work/_temp/transiti"...], 0x20c34c10 /* 116 vars */) = -1 ENOENT (No such file or directory)
6166  execve("/home/runner/.local/bin/as", ["as", "-EL", "-mabi=lp64", "-o", "/tmp/ccuHwlcB.o", "/home/runner/work/_temp/transiti"...], 0x20c34c10 /* 116 vars */) = -1 ENOENT (No such file or directory)
6166  execve("/opt/pipx_bin/as", ["as", "-EL", "-mabi=lp64", "-o", "/tmp/ccuHwlcB.o", "/home/runner/work/_temp/transiti"...], 0x20c34c10 /* 116 vars */) = -1 ENOENT (No such file or directory)
6166  execve("/home/runner/.cargo/bin/as", ["as", "-EL", "-mabi=lp64", "-o", "/tmp/ccuHwlcB.o", "/home/runner/work/_temp/transiti"...], 0x20c34c10 /* 116 vars */) = -1 ENOENT (No such file or directory)
6166  execve("/home/runner/.config/composer/vendor/bin/as", ["as", "-EL", "-mabi=lp64", "-o", "/tmp/ccuHwlcB.o", "/home/runner/work/_temp/transiti"...], 0x20c34c10 /* 116 vars */) = -1 ENOENT (No such file or directory)
6166  execve("/home/runner/.dotnet/tools/as", ["as", "-EL", "-mabi=lp64", "-o", "/tmp/ccuHwlcB.o", "/home/runner/work/_temp/transiti"...], 0x20c34c10 /* 116 vars */) = -1 ENOENT (No such file or directory)
6166  execve("/usr/local/sbin/as", ["as", "-EL", "-mabi=lp64", "-o", "/tmp/ccuHwlcB.o", "/home/runner/work/_temp/transiti"...], 0x20c34c10 /* 116 vars */) = -1 ENOENT (No such file or directory)
6166  execve("/usr/local/bin/as", ["as", "-EL", "-mabi=lp64", "-o", "/tmp/ccuHwlcB.o", "/home/runner/work/_temp/transiti"...], 0x20c34c10 /* 116 vars */) = -1 ENOENT (No such file or directory)
6166  execve("/usr/sbin/as", ["as", "-EL", "-mabi=lp64", "-o", "/tmp/ccuHwlcB.o", "/home/runner/work/_temp/transiti"...], 0x20c34c10 /* 116 vars */) = -1 ENOENT (No such file or directory)
6166  execve("/usr/bin/as", ["as", "-EL", "-mabi=lp64", "-o", "/tmp/ccuHwlcB.o", "/home/runner/work/_temp/transiti"...], 0x20c34c10 /* 116 vars */ <unfinished ...>
6165  <... clone resumed>)              = 6166
6166  <... execve resumed>)             = 0
6165  wait4(6166,  <unfinished ...>
6166  exit_group(0)                     = ?
6166  +++ exited with 0 +++
6165  <... wait4 resumed>[{WIFEXITED(s) && WEXITSTATUS(s) == 0}], 0, NULL) = 6166
6165  --- SIGCHLD {si_signo=SIGCHLD, si_code=CLD_EXITED, si_pid=6166, si_uid=1001, si_status=0, si_utime=11 /* 0.11 s */, si_stime=0} ---
6165  clone(child_stack=0xfffff3b3d340, flags=CLONE_VM|CLONE_VFORK|SIGCHLD <unfinished ...>
6167  execve("/usr/libexec/gcc/aarch64-linux-gnu/13/collect2", ["/usr/libexec/gcc/aarch64-linux-g"..., "-plugin", "/usr/libexec/gcc/aarch64-linux-g"..., "-plugin-opt=/usr/libexec/gcc/aar"..., "-plugin-opt=-fresolution=/tmp/cc"..., "-plugin-opt=-pass-through=-lgcc", "-plugin-opt=-pass-through=-lgcc_"..., "-plugin-opt=-pass-through=-lc", "-plugin-opt=-pass-through=-lgcc", "-plugin-opt=-pass-through=-lgcc_"..., "--build-id", "--eh-frame-hdr", "--hash-style=gnu", "--as-needed", "-dynamic-linker", "/lib/ld-linux-aarch64.so.1", "-X", "-EL", "-maarch64linux", "--fix-cortex-a53-843419", "-pie", "-z", "now", "-z", "relro", "-o", "/home/runner/work/_temp/transiti"..., "/usr/lib/gcc/aarch64-linux-gnu/1"..., "/usr/lib/gcc/aarch64-linux-gnu/1"..., "/usr/lib/gcc/aarch64-linux-gnu/1"..., "-L/usr/lib/gcc/aarch64-linux-gnu"..., "-L/usr/lib/gcc/aarch64-linux-gnu"..., ...], 0x20c353b0 /* 118 vars */ <unfinished ...>
6165  <... clone resumed>)              = 6167
6167  <... execve resumed>)             = 0
6165  wait4(6167,  <unfinished ...>
6167  clone(child_stack=0xffffd42910d0, flags=CLONE_VM|CLONE_VFORK|SIGCHLD <unfinished ...>
6168  execve("/usr/bin/ld", ["/usr/bin/ld", "-plugin", "/usr/libexec/gcc/aarch64-linux-g"..., "-plugin-opt=/usr/libexec/gcc/aar"..., "-plugin-opt=-fresolution=/tmp/cc"..., "-plugin-opt=-pass-through=-lgcc", "-plugin-opt=-pass-through=-lgcc_"..., "-plugin-opt=-pass-through=-lc", "-plugin-opt=-pass-through=-lgcc", "-plugin-opt=-pass-through=-lgcc_"..., "--build-id", "--eh-frame-hdr", "--hash-style=gnu", "--as-needed", "-dynamic-linker", "/lib/ld-linux-aarch64.so.1", "-X", "-EL", "-maarch64linux", "--fix-cortex-a53-843419", "-pie", "-z", "now", "-z", "relro", "-o", "/home/runner/work/_temp/transiti"..., "/usr/lib/gcc/aarch64-linux-gnu/1"..., "/usr/lib/gcc/aarch64-linux-gnu/1"..., "/usr/lib/gcc/aarch64-linux-gnu/1"..., "-L/usr/lib/gcc/aarch64-linux-gnu"..., "-L/usr/lib/gcc/aarch64-linux-gnu"..., ...], 0xffffd4291780 /* 118 vars */ <unfinished ...>
6167  <... clone resumed>)              = 6168
6168  <... execve resumed>)             = 0
6167  wait4(6168,  <unfinished ...>
6168  exit_group(0)                     = ?
6168  +++ exited with 0 +++
6167  <... wait4 resumed>[{WIFEXITED(s) && WEXITSTATUS(s) == 0}], 0, NULL) = 6168
6167  --- SIGCHLD {si_signo=SIGCHLD, si_code=CLD_EXITED, si_pid=6168, si_uid=1001, si_status=0, si_utime=1 /* 0.01 s */, si_stime=1 /* 0.01 s */} ---
6167  exit_group(0)                     = ?
6167  +++ exited with 0 +++
6165  <... wait4 resumed>[{WIFEXITED(s) && WEXITSTATUS(s) == 0}], 0, NULL) = 6167
6165  --- SIGCHLD {si_signo=SIGCHLD, si_code=CLD_EXITED, si_pid=6167, si_uid=1001, si_status=0, si_utime=0, si_stime=0} ---
6165  exit_group(0)                     = ?
6165  +++ exited with 0 +++
6162  <... wait4 resumed>[{WIFEXITED(s) && WEXITSTATUS(s) == 0}], 0, NULL) = 6165
6162  --- SIGCHLD {si_signo=SIGCHLD, si_code=CLD_EXITED, si_pid=6165, si_uid=1001, si_status=0, si_utime=0, si_stime=0} ---
6162  exit_group(0)                     = ?
6162  +++ exited with 0 +++
