10564 execve("/home/runner/work/_temp/candidate-compiler", ["/home/runner/work/_temp/candidat"..., "build", "/home/runner/work/type-rb-native"..., "--output", "/home/runner/work/_temp/build-wo"..., "--qbe", "/home/runner/work/_temp/qbe-1.3/"..., "--cc", "/usr/bin/cc", "--target", "linux-arm64-v0"], 0xffffced542d8 /* 115 vars */) = 0
10564 clone(child_stack=NULL, flags=CLONE_CHILD_CLEARTID|CLONE_CHILD_SETTID|SIGCHLD, child_tidptr=0xffad9e4dff90) = 10565
10564 wait4(10565,  <unfinished ...>
10565 execve("/home/runner/work/_temp/qbe-1.3/qbe", ["/home/runner/work/_temp/qbe-1.3/"..., "-t", "arm64", "-o", "/home/runner/work/_temp/build-wo"..., "/home/runner/work/_temp/build-wo"...], 0xffffee416238 /* 115 vars */) = 0
10565 exit_group(0)                     = ?
10565 +++ exited with 0 +++
10564 <... wait4 resumed>[{WIFEXITED(s) && WEXITSTATUS(s) == 0}], 0, NULL) = 10565
10564 --- SIGCHLD {si_signo=SIGCHLD, si_code=CLD_EXITED, si_pid=10565, si_uid=1001, si_status=0, si_utime=1 /* 0.01 s */, si_stime=0} ---
10564 clone(child_stack=NULL, flags=CLONE_CHILD_CLEARTID|CLONE_CHILD_SETTID|SIGCHLD, child_tidptr=0xffad9e4dff90) = 10566
10564 wait4(10566,  <unfinished ...>
10566 execve("/usr/bin/cc", ["/usr/bin/cc", "-xassembler", "/home/runner/work/_temp/build-wo"..., "-fuse-ld=lld", "-Wl,--gc-sections,--strip-all,--"..., "-lm", "-o", "/home/runner/work/_temp/build-wo"...], 0xffffee416238 /* 115 vars */) = 0
10566 clone(child_stack=0xffffdb4745c0, flags=CLONE_VM|CLONE_VFORK|SIGCHLD <unfinished ...>
10567 execve("/home/runner/go/bin/as", ["as", "-EL", "-mabi=lp64", "-o", "/tmp/ccH5uxZS.o", "/home/runner/work/_temp/build-wo"...], 0xfbcfda0 /* 120 vars */) = -1 ENOENT (No such file or directory)
10567 execve("/opt/hostedtoolcache/go/1.27.1/arm64/bin/as", ["as", "-EL", "-mabi=lp64", "-o", "/tmp/ccH5uxZS.o", "/home/runner/work/_temp/build-wo"...], 0xfbcfda0 /* 120 vars */) = -1 ENOENT (No such file or directory)
10567 execve("/snap/bin/as", ["as", "-EL", "-mabi=lp64", "-o", "/tmp/ccH5uxZS.o", "/home/runner/work/_temp/build-wo"...], 0xfbcfda0 /* 120 vars */) = -1 ENOENT (No such file or directory)
10567 execve("/home/runner/.local/bin/as", ["as", "-EL", "-mabi=lp64", "-o", "/tmp/ccH5uxZS.o", "/home/runner/work/_temp/build-wo"...], 0xfbcfda0 /* 120 vars */) = -1 ENOENT (No such file or directory)
10567 execve("/opt/pipx_bin/as", ["as", "-EL", "-mabi=lp64", "-o", "/tmp/ccH5uxZS.o", "/home/runner/work/_temp/build-wo"...], 0xfbcfda0 /* 120 vars */) = -1 ENOENT (No such file or directory)
10567 execve("/home/runner/.cargo/bin/as", ["as", "-EL", "-mabi=lp64", "-o", "/tmp/ccH5uxZS.o", "/home/runner/work/_temp/build-wo"...], 0xfbcfda0 /* 120 vars */) = -1 ENOENT (No such file or directory)
10567 execve("/home/runner/.config/composer/vendor/bin/as", ["as", "-EL", "-mabi=lp64", "-o", "/tmp/ccH5uxZS.o", "/home/runner/work/_temp/build-wo"...], 0xfbcfda0 /* 120 vars */) = -1 ENOENT (No such file or directory)
10567 execve("/home/runner/.dotnet/tools/as", ["as", "-EL", "-mabi=lp64", "-o", "/tmp/ccH5uxZS.o", "/home/runner/work/_temp/build-wo"...], 0xfbcfda0 /* 120 vars */) = -1 ENOENT (No such file or directory)
10567 execve("/usr/local/sbin/as", ["as", "-EL", "-mabi=lp64", "-o", "/tmp/ccH5uxZS.o", "/home/runner/work/_temp/build-wo"...], 0xfbcfda0 /* 120 vars */) = -1 ENOENT (No such file or directory)
10567 execve("/usr/local/bin/as", ["as", "-EL", "-mabi=lp64", "-o", "/tmp/ccH5uxZS.o", "/home/runner/work/_temp/build-wo"...], 0xfbcfda0 /* 120 vars */) = -1 ENOENT (No such file or directory)
10567 execve("/usr/sbin/as", ["as", "-EL", "-mabi=lp64", "-o", "/tmp/ccH5uxZS.o", "/home/runner/work/_temp/build-wo"...], 0xfbcfda0 /* 120 vars */) = -1 ENOENT (No such file or directory)
10567 execve("/usr/bin/as", ["as", "-EL", "-mabi=lp64", "-o", "/tmp/ccH5uxZS.o", "/home/runner/work/_temp/build-wo"...], 0xfbcfda0 /* 120 vars */ <unfinished ...>
10566 <... clone resumed>)              = 10567
10566 wait4(10567,  <unfinished ...>
10567 <... execve resumed>)             = 0
10567 exit_group(0)                     = ?
10567 +++ exited with 0 +++
10566 <... wait4 resumed>[{WIFEXITED(s) && WEXITSTATUS(s) == 0}], 0, NULL) = 10567
10566 --- SIGCHLD {si_signo=SIGCHLD, si_code=CLD_EXITED, si_pid=10567, si_uid=1001, si_status=0, si_utime=0, si_stime=0} ---
10566 clone(child_stack=0xffffdb473700, flags=CLONE_VM|CLONE_VFORK|SIGCHLD <unfinished ...>
10568 execve("/usr/libexec/gcc/aarch64-linux-gnu/13/collect2", ["/usr/libexec/gcc/aarch64-linux-g"..., "-plugin", "/usr/libexec/gcc/aarch64-linux-g"..., "-plugin-opt=/usr/libexec/gcc/aar"..., "-plugin-opt=-fresolution=/tmp/cc"..., "-plugin-opt=-pass-through=-lgcc", "-plugin-opt=-pass-through=-lgcc_"..., "-plugin-opt=-pass-through=-lc", "-plugin-opt=-pass-through=-lgcc", "-plugin-opt=-pass-through=-lgcc_"..., "--build-id", "--eh-frame-hdr", "--hash-style=gnu", "--as-needed", "-dynamic-linker", "/lib/ld-linux-aarch64.so.1", "-X", "-EL", "-maarch64linux", "--fix-cortex-a53-843419", "-pie", "-z", "now", "-fuse-ld=lld", "-z", "relro", "-o", "/home/runner/work/_temp/build-wo"..., "/usr/lib/gcc/aarch64-linux-gnu/1"..., "/usr/lib/gcc/aarch64-linux-gnu/1"..., "/usr/lib/gcc/aarch64-linux-gnu/1"..., "-L/usr/lib/gcc/aarch64-linux-gnu"..., ...], 0xfbd05f0 /* 122 vars */ <unfinished ...>
10566 <... clone resumed>)              = 10568
10566 wait4(10568,  <unfinished ...>
10568 <... execve resumed>)             = 0
10568 clone(child_stack=0xffffd3f9c380, flags=CLONE_VM|CLONE_VFORK|SIGCHLD <unfinished ...>
10569 execve("/usr/bin/ld.lld", ["/usr/bin/ld.lld", "-plugin", "/usr/libexec/gcc/aarch64-linux-g"..., "-plugin-opt=/usr/libexec/gcc/aar"..., "-plugin-opt=-fresolution=/tmp/cc"..., "-plugin-opt=-pass-through=-lgcc", "-plugin-opt=-pass-through=-lgcc_"..., "-plugin-opt=-pass-through=-lc", "-plugin-opt=-pass-through=-lgcc", "-plugin-opt=-pass-through=-lgcc_"..., "--build-id", "--eh-frame-hdr", "--hash-style=gnu", "--as-needed", "-dynamic-linker", "/lib/ld-linux-aarch64.so.1", "-X", "-EL", "-maarch64linux", "--fix-cortex-a53-843419", "-pie", "-z", "now", "-z", "relro", "-o", "/home/runner/work/_temp/build-wo"..., "/usr/lib/gcc/aarch64-linux-gnu/1"..., "/usr/lib/gcc/aarch64-linux-gnu/1"..., "/usr/lib/gcc/aarch64-linux-gnu/1"..., "-L/usr/lib/gcc/aarch64-linux-gnu"..., "-L/usr/lib/gcc/aarch64-linux-gnu"..., ...], 0xffffd3f9ca48 /* 122 vars */ <unfinished ...>
10568 <... clone resumed>)              = 10569
10568 wait4(10569,  <unfinished ...>
10569 <... execve resumed>)             = 0
10569 clone3({flags=CLONE_VM|CLONE_FS|CLONE_FILES|CLONE_SIGHAND|CLONE_THREAD|CLONE_SYSVSEM|CLONE_SETTLS|CLONE_PARENT_SETTID|CLONE_CHILD_CLEARTID, child_tid=0xff2f781ff050, parent_tid=0xff2f781ff050, exit_signal=0, stack=0xff2f741f0000, stack_size=0x400e840, tls=0xff2f781ff6c0} => {parent_tid=[10570]}, 88) = 10570
10570 clone3({flags=CLONE_VM|CLONE_FS|CLONE_FILES|CLONE_SIGHAND|CLONE_THREAD|CLONE_SYSVSEM|CLONE_SETTLS|CLONE_PARENT_SETTID|CLONE_CHILD_CLEARTID, child_tid=0xff2f741ef050, parent_tid=0xff2f741ef050, exit_signal=0, stack=0xff2f701e0000, stack_size=0x400e840, tls=0xff2f741ef6c0} => {parent_tid=[10571]}, 88) = 10571
10570 clone3({flags=CLONE_VM|CLONE_FS|CLONE_FILES|CLONE_SIGHAND|CLONE_THREAD|CLONE_SYSVSEM|CLONE_SETTLS|CLONE_PARENT_SETTID|CLONE_CHILD_CLEARTID, child_tid=0xff2f6bfff050, parent_tid=0xff2f6bfff050, exit_signal=0, stack=0xff2f67ff0000, stack_size=0x400e840, tls=0xff2f6bfff6c0} => {parent_tid=[10572]}, 88) = 10572
10570 clone3({flags=CLONE_VM|CLONE_FS|CLONE_FILES|CLONE_SIGHAND|CLONE_THREAD|CLONE_SYSVSEM|CLONE_SETTLS|CLONE_PARENT_SETTID|CLONE_CHILD_CLEARTID, child_tid=0xff2f5ffff050, parent_tid=0xff2f5ffff050, exit_signal=0, stack=0xff2f5bff0000, stack_size=0x400e840, tls=0xff2f5ffff6c0} => {parent_tid=[10573]}, 88) = 10573
10573 exit(0 <unfinished ...>
10572 exit(0 <unfinished ...>
10573 <... exit resumed>)               = ?
10569 exit_group(0 <unfinished ...>
10572 <... exit resumed>)               = ?
10571 ???( <unfinished ...>
10569 <... exit_group resumed>)         = ?
10573 +++ exited with 0 +++
10572 +++ exited with 0 +++
10571 +++ exited with 0 +++
10570 +++ exited with 0 +++
10569 +++ exited with 0 +++
10568 <... wait4 resumed>[{WIFEXITED(s) && WEXITSTATUS(s) == 0}], 0, NULL) = 10569
10568 --- SIGCHLD {si_signo=SIGCHLD, si_code=CLD_EXITED, si_pid=10569, si_uid=1001, si_status=0, si_utime=0, si_stime=2 /* 0.02 s */} ---
10568 exit_group(0)                     = ?
10568 +++ exited with 0 +++
10566 <... wait4 resumed>[{WIFEXITED(s) && WEXITSTATUS(s) == 0}], 0, NULL) = 10568
10566 --- SIGCHLD {si_signo=SIGCHLD, si_code=CLD_EXITED, si_pid=10568, si_uid=1001, si_status=0, si_utime=0, si_stime=0} ---
10566 exit_group(0)                     = ?
10566 +++ exited with 0 +++
10564 <... wait4 resumed>[{WIFEXITED(s) && WEXITSTATUS(s) == 0}], 0, NULL) = 10566
10564 --- SIGCHLD {si_signo=SIGCHLD, si_code=CLD_EXITED, si_pid=10566, si_uid=1001, si_status=0, si_utime=0, si_stime=0} ---
10564 exit_group(0)                     = ?
10564 +++ exited with 0 +++
