9631  execve("/home/runner/work/_temp/bootstrap-workspace/b4/compiler", ["/home/runner/work/_temp/bootstra"..., "build", "/home/runner/work/type-rb-native"..., "--output", "/home/runner/work/_temp/bootstra"..., "--qbe", "/home/runner/work/_temp/qbe-1.3/"..., "--cc", "/usr/bin/cc", "--target", "linux-arm64-v0"], 0xfffff94d0958 /* 111 vars */) = 0
9631  clone(child_stack=NULL, flags=CLONE_CHILD_CLEARTID|CLONE_CHILD_SETTID|SIGCHLD, child_tidptr=0xff831f622f90) = 9632
9631  wait4(9632,  <unfinished ...>
9632  execve("/home/runner/work/_temp/qbe-1.3/qbe", ["/home/runner/work/_temp/qbe-1.3/"..., "-t", "arm64", "-o", "/home/runner/work/_temp/bootstra"..., "/home/runner/work/_temp/bootstra"...], 0xffffc8f96808 /* 111 vars */) = 0
9632  exit_group(0)                     = ?
9632  +++ exited with 0 +++
9631  <... wait4 resumed>[{WIFEXITED(s) && WEXITSTATUS(s) == 0}], 0, NULL) = 9632
9631  --- SIGCHLD {si_signo=SIGCHLD, si_code=CLD_EXITED, si_pid=9632, si_uid=1001, si_status=0, si_utime=0, si_stime=0} ---
9631  clone(child_stack=NULL, flags=CLONE_CHILD_CLEARTID|CLONE_CHILD_SETTID|SIGCHLD, child_tidptr=0xff831f622f90) = 9633
9631  wait4(9633,  <unfinished ...>
9633  execve("/usr/bin/cc", ["/usr/bin/cc", "-xassembler", "/home/runner/work/_temp/bootstra"..., "-fuse-ld=lld", "-Wl,--gc-sections,--strip-all", "-lm", "-o", "/home/runner/work/_temp/bootstra"...], 0xffffc8f96808 /* 111 vars */) = 0
9633  clone(child_stack=0xffffd7ff83e0, flags=CLONE_VM|CLONE_VFORK|SIGCHLD <unfinished ...>
9634  execve("/home/runner/go/bin/as", ["as", "-EL", "-mabi=lp64", "-o", "/tmp/ccDzhKsi.o", "/home/runner/work/_temp/bootstra"...], 0x1c10fd50 /* 116 vars */) = -1 ENOENT (No such file or directory)
9634  execve("/opt/hostedtoolcache/go/1.27.1/arm64/bin/as", ["as", "-EL", "-mabi=lp64", "-o", "/tmp/ccDzhKsi.o", "/home/runner/work/_temp/bootstra"...], 0x1c10fd50 /* 116 vars */) = -1 ENOENT (No such file or directory)
9634  execve("/snap/bin/as", ["as", "-EL", "-mabi=lp64", "-o", "/tmp/ccDzhKsi.o", "/home/runner/work/_temp/bootstra"...], 0x1c10fd50 /* 116 vars */) = -1 ENOENT (No such file or directory)
9634  execve("/home/runner/.local/bin/as", ["as", "-EL", "-mabi=lp64", "-o", "/tmp/ccDzhKsi.o", "/home/runner/work/_temp/bootstra"...], 0x1c10fd50 /* 116 vars */) = -1 ENOENT (No such file or directory)
9634  execve("/opt/pipx_bin/as", ["as", "-EL", "-mabi=lp64", "-o", "/tmp/ccDzhKsi.o", "/home/runner/work/_temp/bootstra"...], 0x1c10fd50 /* 116 vars */) = -1 ENOENT (No such file or directory)
9634  execve("/home/runner/.cargo/bin/as", ["as", "-EL", "-mabi=lp64", "-o", "/tmp/ccDzhKsi.o", "/home/runner/work/_temp/bootstra"...], 0x1c10fd50 /* 116 vars */) = -1 ENOENT (No such file or directory)
9634  execve("/home/runner/.config/composer/vendor/bin/as", ["as", "-EL", "-mabi=lp64", "-o", "/tmp/ccDzhKsi.o", "/home/runner/work/_temp/bootstra"...], 0x1c10fd50 /* 116 vars */) = -1 ENOENT (No such file or directory)
9634  execve("/home/runner/.dotnet/tools/as", ["as", "-EL", "-mabi=lp64", "-o", "/tmp/ccDzhKsi.o", "/home/runner/work/_temp/bootstra"...], 0x1c10fd50 /* 116 vars */) = -1 ENOENT (No such file or directory)
9634  execve("/usr/local/sbin/as", ["as", "-EL", "-mabi=lp64", "-o", "/tmp/ccDzhKsi.o", "/home/runner/work/_temp/bootstra"...], 0x1c10fd50 /* 116 vars */) = -1 ENOENT (No such file or directory)
9634  execve("/usr/local/bin/as", ["as", "-EL", "-mabi=lp64", "-o", "/tmp/ccDzhKsi.o", "/home/runner/work/_temp/bootstra"...], 0x1c10fd50 /* 116 vars */) = -1 ENOENT (No such file or directory)
9634  execve("/usr/sbin/as", ["as", "-EL", "-mabi=lp64", "-o", "/tmp/ccDzhKsi.o", "/home/runner/work/_temp/bootstra"...], 0x1c10fd50 /* 116 vars */) = -1 ENOENT (No such file or directory)
9634  execve("/usr/bin/as", ["as", "-EL", "-mabi=lp64", "-o", "/tmp/ccDzhKsi.o", "/home/runner/work/_temp/bootstra"...], 0x1c10fd50 /* 116 vars */ <unfinished ...>
9633  <... clone resumed>)              = 9634
9634  <... execve resumed>)             = 0
9633  wait4(9634,  <unfinished ...>
9634  exit_group(0)                     = ?
9634  +++ exited with 0 +++
9633  <... wait4 resumed>[{WIFEXITED(s) && WEXITSTATUS(s) == 0}], 0, NULL) = 9634
9633  --- SIGCHLD {si_signo=SIGCHLD, si_code=CLD_EXITED, si_pid=9634, si_uid=1001, si_status=0, si_utime=0, si_stime=0} ---
9633  clone(child_stack=0xffffd7ff7520, flags=CLONE_VM|CLONE_VFORK|SIGCHLD <unfinished ...>
9635  execve("/usr/libexec/gcc/aarch64-linux-gnu/13/collect2", ["/usr/libexec/gcc/aarch64-linux-g"..., "-plugin", "/usr/libexec/gcc/aarch64-linux-g"..., "-plugin-opt=/usr/libexec/gcc/aar"..., "-plugin-opt=-fresolution=/tmp/cc"..., "-plugin-opt=-pass-through=-lgcc", "-plugin-opt=-pass-through=-lgcc_"..., "-plugin-opt=-pass-through=-lc", "-plugin-opt=-pass-through=-lgcc", "-plugin-opt=-pass-through=-lgcc_"..., "--build-id", "--eh-frame-hdr", "--hash-style=gnu", "--as-needed", "-dynamic-linker", "/lib/ld-linux-aarch64.so.1", "-X", "-EL", "-maarch64linux", "--fix-cortex-a53-843419", "-pie", "-z", "now", "-fuse-ld=lld", "-z", "relro", "-o", "/home/runner/work/_temp/bootstra"..., "/usr/lib/gcc/aarch64-linux-gnu/1"..., "/usr/lib/gcc/aarch64-linux-gnu/1"..., "/usr/lib/gcc/aarch64-linux-gnu/1"..., "-L/usr/lib/gcc/aarch64-linux-gnu"..., ...], 0x1c110580 /* 118 vars */ <unfinished ...>
9633  <... clone resumed>)              = 9635
9635  <... execve resumed>)             = 0
9633  wait4(9635,  <unfinished ...>
9635  clone(child_stack=0xffffc1a08c60, flags=CLONE_VM|CLONE_VFORK|SIGCHLD <unfinished ...>
9636  execve("/usr/bin/ld.lld", ["/usr/bin/ld.lld", "-plugin", "/usr/libexec/gcc/aarch64-linux-g"..., "-plugin-opt=/usr/libexec/gcc/aar"..., "-plugin-opt=-fresolution=/tmp/cc"..., "-plugin-opt=-pass-through=-lgcc", "-plugin-opt=-pass-through=-lgcc_"..., "-plugin-opt=-pass-through=-lc", "-plugin-opt=-pass-through=-lgcc", "-plugin-opt=-pass-through=-lgcc_"..., "--build-id", "--eh-frame-hdr", "--hash-style=gnu", "--as-needed", "-dynamic-linker", "/lib/ld-linux-aarch64.so.1", "-X", "-EL", "-maarch64linux", "--fix-cortex-a53-843419", "-pie", "-z", "now", "-z", "relro", "-o", "/home/runner/work/_temp/bootstra"..., "/usr/lib/gcc/aarch64-linux-gnu/1"..., "/usr/lib/gcc/aarch64-linux-gnu/1"..., "/usr/lib/gcc/aarch64-linux-gnu/1"..., "-L/usr/lib/gcc/aarch64-linux-gnu"..., "-L/usr/lib/gcc/aarch64-linux-gnu"..., ...], 0xffffc1a09320 /* 118 vars */ <unfinished ...>
9635  <... clone resumed>)              = 9636
9636  <... execve resumed>)             = 0
9635  wait4(9636,  <unfinished ...>
9636  clone3({flags=CLONE_VM|CLONE_FS|CLONE_FILES|CLONE_SIGHAND|CLONE_THREAD|CLONE_SYSVSEM|CLONE_SETTLS|CLONE_PARENT_SETTID|CLONE_CHILD_CLEARTID, child_tid=0xff6c839ff050, parent_tid=0xff6c839ff050, exit_signal=0, stack=0xff6c7f9f0000, stack_size=0x400e840, tls=0xff6c839ff6c0} => {parent_tid=[9637]}, 88) = 9637
9637  clone3({flags=CLONE_VM|CLONE_FS|CLONE_FILES|CLONE_SIGHAND|CLONE_THREAD|CLONE_SYSVSEM|CLONE_SETTLS|CLONE_PARENT_SETTID|CLONE_CHILD_CLEARTID, child_tid=0xff6c77fff050, parent_tid=0xff6c77fff050, exit_signal=0, stack=0xff6c73ff0000, stack_size=0x400e840, tls=0xff6c77fff6c0} => {parent_tid=[9638]}, 88) = 9638
9637  clone3({flags=CLONE_VM|CLONE_FS|CLONE_FILES|CLONE_SIGHAND|CLONE_THREAD|CLONE_SYSVSEM|CLONE_SETTLS|CLONE_PARENT_SETTID|CLONE_CHILD_CLEARTID, child_tid=0xff6c73fef050, parent_tid=0xff6c73fef050, exit_signal=0, stack=0xff6c6ffe0000, stack_size=0x400e840, tls=0xff6c73fef6c0} => {parent_tid=[9639]}, 88) = 9639
9637  clone3({flags=CLONE_VM|CLONE_FS|CLONE_FILES|CLONE_SIGHAND|CLONE_THREAD|CLONE_SYSVSEM|CLONE_SETTLS|CLONE_PARENT_SETTID|CLONE_CHILD_CLEARTID, child_tid=0xff6c67fff050, parent_tid=0xff6c67fff050, exit_signal=0, stack=0xff6c63ff0000, stack_size=0x400e840, tls=0xff6c67fff6c0} => {parent_tid=[9640]}, 88) = 9640
9640  exit(0)                           = ?
9638  exit(0)                           = ?
9640  +++ exited with 0 +++
9639  exit(0 <unfinished ...>
9638  +++ exited with 0 +++
9636  exit_group(0 <unfinished ...>
9639  <... exit resumed>)               = ?
9637  exit(0 <unfinished ...>
9636  <... exit_group resumed>)         = ?
9639  +++ exited with 0 +++
9637  <... exit resumed>)               = ?
9637  +++ exited with 0 +++
9636  +++ exited with 0 +++
9635  <... wait4 resumed>[{WIFEXITED(s) && WEXITSTATUS(s) == 0}], 0, NULL) = 9636
9635  --- SIGCHLD {si_signo=SIGCHLD, si_code=CLD_EXITED, si_pid=9636, si_uid=1001, si_status=0, si_utime=0, si_stime=1 /* 0.01 s */} ---
9635  exit_group(0)                     = ?
9635  +++ exited with 0 +++
9633  <... wait4 resumed>[{WIFEXITED(s) && WEXITSTATUS(s) == 0}], 0, NULL) = 9635
9633  --- SIGCHLD {si_signo=SIGCHLD, si_code=CLD_EXITED, si_pid=9635, si_uid=1001, si_status=0, si_utime=0, si_stime=0} ---
9633  exit_group(0)                     = ?
9633  +++ exited with 0 +++
9631  <... wait4 resumed>[{WIFEXITED(s) && WEXITSTATUS(s) == 0}], 0, NULL) = 9633
9631  --- SIGCHLD {si_signo=SIGCHLD, si_code=CLD_EXITED, si_pid=9633, si_uid=1001, si_status=0, si_utime=0, si_stime=0} ---
9631  exit_group(0)                     = ?
9631  +++ exited with 0 +++
