6022  execve("/home/runner/work/_temp/release/type-rb-native-bootstrap-linux-arm64", ["/home/runner/work/_temp/release/"..., "build", "compiler/gate4/src/compiler.trb", "--output", "/home/runner/work/_temp/transiti"..., "--qbe", "/home/runner/work/_temp/qbe-1.3/"..., "--cc", "/usr/bin/cc", "--target", "linux-arm64-v0"], 0xffffc52ca798 /* 111 vars */) = 0
6022  clone(child_stack=NULL, flags=CLONE_CHILD_CLEARTID|CLONE_CHILD_SETTID|SIGCHLD, child_tidptr=0xffaf3aad1f90) = 6024
6022  wait4(6024,  <unfinished ...>
6024  execve("/home/runner/work/_temp/qbe-1.3/qbe", ["/home/runner/work/_temp/qbe-1.3/"..., "-t", "arm64", "-o", "/home/runner/work/_temp/transiti"..., "/home/runner/work/_temp/transiti"...], 0xffffe42cfc68 /* 111 vars */) = 0
6024  exit_group(0)                     = ?
6024  +++ exited with 0 +++
6022  <... wait4 resumed>[{WIFEXITED(s) && WEXITSTATUS(s) == 0}], 0, NULL) = 6024
6022  --- SIGCHLD {si_signo=SIGCHLD, si_code=CLD_EXITED, si_pid=6024, si_uid=1001, si_status=0, si_utime=18 /* 0.18 s */, si_stime=1 /* 0.01 s */} ---
6022  clone(child_stack=NULL, flags=CLONE_CHILD_CLEARTID|CLONE_CHILD_SETTID|SIGCHLD, child_tidptr=0xffaf3aad1f90) = 6025
6022  wait4(6025,  <unfinished ...>
6025  execve("/usr/bin/cc", ["/usr/bin/cc", "-xassembler", "/home/runner/work/_temp/transiti"..., "-Wl,--gc-sections,--strip-all", "-o", "/home/runner/work/_temp/transiti"...], 0xffffe42cfc68 /* 111 vars */) = 0
6025  clone(child_stack=0xffffe0074b70, flags=CLONE_VM|CLONE_VFORK|SIGCHLD <unfinished ...>
6026  execve("/home/runner/go/bin/as", ["as", "-EL", "-mabi=lp64", "-o", "/tmp/ccni2wst.o", "/home/runner/work/_temp/transiti"...], 0x256a6c10 /* 116 vars */) = -1 ENOENT (No such file or directory)
6026  execve("/opt/hostedtoolcache/go/1.27.0/arm64/bin/as", ["as", "-EL", "-mabi=lp64", "-o", "/tmp/ccni2wst.o", "/home/runner/work/_temp/transiti"...], 0x256a6c10 /* 116 vars */) = -1 ENOENT (No such file or directory)
6026  execve("/snap/bin/as", ["as", "-EL", "-mabi=lp64", "-o", "/tmp/ccni2wst.o", "/home/runner/work/_temp/transiti"...], 0x256a6c10 /* 116 vars */) = -1 ENOENT (No such file or directory)
6026  execve("/home/runner/.local/bin/as", ["as", "-EL", "-mabi=lp64", "-o", "/tmp/ccni2wst.o", "/home/runner/work/_temp/transiti"...], 0x256a6c10 /* 116 vars */) = -1 ENOENT (No such file or directory)
6026  execve("/opt/pipx_bin/as", ["as", "-EL", "-mabi=lp64", "-o", "/tmp/ccni2wst.o", "/home/runner/work/_temp/transiti"...], 0x256a6c10 /* 116 vars */) = -1 ENOENT (No such file or directory)
6026  execve("/home/runner/.cargo/bin/as", ["as", "-EL", "-mabi=lp64", "-o", "/tmp/ccni2wst.o", "/home/runner/work/_temp/transiti"...], 0x256a6c10 /* 116 vars */) = -1 ENOENT (No such file or directory)
6026  execve("/home/runner/.config/composer/vendor/bin/as", ["as", "-EL", "-mabi=lp64", "-o", "/tmp/ccni2wst.o", "/home/runner/work/_temp/transiti"...], 0x256a6c10 /* 116 vars */) = -1 ENOENT (No such file or directory)
6026  execve("/home/runner/.dotnet/tools/as", ["as", "-EL", "-mabi=lp64", "-o", "/tmp/ccni2wst.o", "/home/runner/work/_temp/transiti"...], 0x256a6c10 /* 116 vars */) = -1 ENOENT (No such file or directory)
6026  execve("/usr/local/sbin/as", ["as", "-EL", "-mabi=lp64", "-o", "/tmp/ccni2wst.o", "/home/runner/work/_temp/transiti"...], 0x256a6c10 /* 116 vars */) = -1 ENOENT (No such file or directory)
6026  execve("/usr/local/bin/as", ["as", "-EL", "-mabi=lp64", "-o", "/tmp/ccni2wst.o", "/home/runner/work/_temp/transiti"...], 0x256a6c10 /* 116 vars */) = -1 ENOENT (No such file or directory)
6026  execve("/usr/sbin/as", ["as", "-EL", "-mabi=lp64", "-o", "/tmp/ccni2wst.o", "/home/runner/work/_temp/transiti"...], 0x256a6c10 /* 116 vars */) = -1 ENOENT (No such file or directory)
6026  execve("/usr/bin/as", ["as", "-EL", "-mabi=lp64", "-o", "/tmp/ccni2wst.o", "/home/runner/work/_temp/transiti"...], 0x256a6c10 /* 116 vars */ <unfinished ...>
6025  <... clone resumed>)              = 6026
6026  <... execve resumed>)             = 0
6025  wait4(6026,  <unfinished ...>
6026  exit_group(0)                     = ?
6026  +++ exited with 0 +++
6025  <... wait4 resumed>[{WIFEXITED(s) && WEXITSTATUS(s) == 0}], 0, NULL) = 6026
6025  --- SIGCHLD {si_signo=SIGCHLD, si_code=CLD_EXITED, si_pid=6026, si_uid=1001, si_status=0, si_utime=7 /* 0.07 s */, si_stime=1 /* 0.01 s */} ---
6025  clone(child_stack=0xffffe0073cb0, flags=CLONE_VM|CLONE_VFORK|SIGCHLD <unfinished ...>
6027  execve("/usr/libexec/gcc/aarch64-linux-gnu/13/collect2", ["/usr/libexec/gcc/aarch64-linux-g"..., "-plugin", "/usr/libexec/gcc/aarch64-linux-g"..., "-plugin-opt=/usr/libexec/gcc/aar"..., "-plugin-opt=-fresolution=/tmp/cc"..., "-plugin-opt=-pass-through=-lgcc", "-plugin-opt=-pass-through=-lgcc_"..., "-plugin-opt=-pass-through=-lc", "-plugin-opt=-pass-through=-lgcc", "-plugin-opt=-pass-through=-lgcc_"..., "--build-id", "--eh-frame-hdr", "--hash-style=gnu", "--as-needed", "-dynamic-linker", "/lib/ld-linux-aarch64.so.1", "-X", "-EL", "-maarch64linux", "--fix-cortex-a53-843419", "-pie", "-z", "now", "-z", "relro", "-o", "/home/runner/work/_temp/transiti"..., "/usr/lib/gcc/aarch64-linux-gnu/1"..., "/usr/lib/gcc/aarch64-linux-gnu/1"..., "/usr/lib/gcc/aarch64-linux-gnu/1"..., "-L/usr/lib/gcc/aarch64-linux-gnu"..., "-L/usr/lib/gcc/aarch64-linux-gnu"..., ...], 0x256a73b0 /* 118 vars */ <unfinished ...>
6025  <... clone resumed>)              = 6027
6027  <... execve resumed>)             = 0
6025  wait4(6027,  <unfinished ...>
6027  clone(child_stack=0xffffc89b1250, flags=CLONE_VM|CLONE_VFORK|SIGCHLD <unfinished ...>
6028  execve("/usr/bin/ld", ["/usr/bin/ld", "-plugin", "/usr/libexec/gcc/aarch64-linux-g"..., "-plugin-opt=/usr/libexec/gcc/aar"..., "-plugin-opt=-fresolution=/tmp/cc"..., "-plugin-opt=-pass-through=-lgcc", "-plugin-opt=-pass-through=-lgcc_"..., "-plugin-opt=-pass-through=-lc", "-plugin-opt=-pass-through=-lgcc", "-plugin-opt=-pass-through=-lgcc_"..., "--build-id", "--eh-frame-hdr", "--hash-style=gnu", "--as-needed", "-dynamic-linker", "/lib/ld-linux-aarch64.so.1", "-X", "-EL", "-maarch64linux", "--fix-cortex-a53-843419", "-pie", "-z", "now", "-z", "relro", "-o", "/home/runner/work/_temp/transiti"..., "/usr/lib/gcc/aarch64-linux-gnu/1"..., "/usr/lib/gcc/aarch64-linux-gnu/1"..., "/usr/lib/gcc/aarch64-linux-gnu/1"..., "-L/usr/lib/gcc/aarch64-linux-gnu"..., "-L/usr/lib/gcc/aarch64-linux-gnu"..., ...], 0xffffc89b1900 /* 118 vars */ <unfinished ...>
6027  <... clone resumed>)              = 6028
6028  <... execve resumed>)             = 0
6027  wait4(6028,  <unfinished ...>
6028  exit_group(0)                     = ?
6028  +++ exited with 0 +++
6027  <... wait4 resumed>[{WIFEXITED(s) && WEXITSTATUS(s) == 0}], 0, NULL) = 6028
6027  --- SIGCHLD {si_signo=SIGCHLD, si_code=CLD_EXITED, si_pid=6028, si_uid=1001, si_status=0, si_utime=1 /* 0.01 s */, si_stime=1 /* 0.01 s */} ---
6027  exit_group(0)                     = ?
6027  +++ exited with 0 +++
6025  <... wait4 resumed>[{WIFEXITED(s) && WEXITSTATUS(s) == 0}], 0, NULL) = 6027
6025  --- SIGCHLD {si_signo=SIGCHLD, si_code=CLD_EXITED, si_pid=6027, si_uid=1001, si_status=0, si_utime=0, si_stime=0} ---
6025  exit_group(0)                     = ?
6025  +++ exited with 0 +++
6022  <... wait4 resumed>[{WIFEXITED(s) && WEXITSTATUS(s) == 0}], 0, NULL) = 6025
6022  --- SIGCHLD {si_signo=SIGCHLD, si_code=CLD_EXITED, si_pid=6025, si_uid=1001, si_status=0, si_utime=0, si_stime=0} ---
6022  exit_group(0)                     = ?
6022  +++ exited with 0 +++
