10023 execve("/home/runner/work/_temp/candidate-bootstrap-workspace/b4/compiler", ["/home/runner/work/_temp/candidat"..., "build", "/home/runner/work/type-rb-native"..., "--output", "/home/runner/work/_temp/candidat"..., "--qbe", "/home/runner/work/_temp/qbe-1.3/"..., "--cc", "/usr/bin/cc", "--target", "linux-arm64-v0"], 0xffffc6e1d008 /* 112 vars */) = 0
10023 clone(child_stack=NULL, flags=CLONE_CHILD_CLEARTID|CLONE_CHILD_SETTID|SIGCHLD, child_tidptr=0xff0f13600f90) = 10024
10023 wait4(10024,  <unfinished ...>
10024 execve("/home/runner/work/_temp/qbe-1.3/qbe", ["/home/runner/work/_temp/qbe-1.3/"..., "-t", "arm64", "-o", "/home/runner/work/_temp/candidat"..., "/home/runner/work/_temp/candidat"...], 0xffffcc540ff8 /* 112 vars */) = 0
10024 exit_group(0)                     = ?
10024 +++ exited with 0 +++
10023 <... wait4 resumed>[{WIFEXITED(s) && WEXITSTATUS(s) == 0}], 0, NULL) = 10024
10023 --- SIGCHLD {si_signo=SIGCHLD, si_code=CLD_EXITED, si_pid=10024, si_uid=1001, si_status=0, si_utime=0, si_stime=0} ---
10023 clone(child_stack=NULL, flags=CLONE_CHILD_CLEARTID|CLONE_CHILD_SETTID|SIGCHLD, child_tidptr=0xff0f13600f90) = 10025
10023 wait4(10025,  <unfinished ...>
10025 execve("/usr/bin/cc", ["/usr/bin/cc", "-xassembler", "/home/runner/work/_temp/candidat"..., "-fuse-ld=lld", "-Wl,--gc-sections,--strip-all", "-lm", "-o", "/home/runner/work/_temp/candidat"...], 0xffffcc540ff8 /* 112 vars */) = 0
10025 clone(child_stack=0xffffebffe310, flags=CLONE_VM|CLONE_VFORK|SIGCHLD <unfinished ...>
10026 execve("/snap/bin/as", ["as", "-EL", "-mabi=lp64", "-o", "/tmp/ccUwDBeg.o", "/home/runner/work/_temp/candidat"...], 0x153302f0 /* 117 vars */) = -1 ENOENT (No such file or directory)
10026 execve("/home/runner/.local/bin/as", ["as", "-EL", "-mabi=lp64", "-o", "/tmp/ccUwDBeg.o", "/home/runner/work/_temp/candidat"...], 0x153302f0 /* 117 vars */) = -1 ENOENT (No such file or directory)
10026 execve("/opt/pipx_bin/as", ["as", "-EL", "-mabi=lp64", "-o", "/tmp/ccUwDBeg.o", "/home/runner/work/_temp/candidat"...], 0x153302f0 /* 117 vars */) = -1 ENOENT (No such file or directory)
10026 execve("/home/runner/.cargo/bin/as", ["as", "-EL", "-mabi=lp64", "-o", "/tmp/ccUwDBeg.o", "/home/runner/work/_temp/candidat"...], 0x153302f0 /* 117 vars */) = -1 ENOENT (No such file or directory)
10026 execve("/home/runner/.config/composer/vendor/bin/as", ["as", "-EL", "-mabi=lp64", "-o", "/tmp/ccUwDBeg.o", "/home/runner/work/_temp/candidat"...], 0x153302f0 /* 117 vars */) = -1 ENOENT (No such file or directory)
10026 execve("/home/runner/.dotnet/tools/as", ["as", "-EL", "-mabi=lp64", "-o", "/tmp/ccUwDBeg.o", "/home/runner/work/_temp/candidat"...], 0x153302f0 /* 117 vars */) = -1 ENOENT (No such file or directory)
10026 execve("/usr/local/sbin/as", ["as", "-EL", "-mabi=lp64", "-o", "/tmp/ccUwDBeg.o", "/home/runner/work/_temp/candidat"...], 0x153302f0 /* 117 vars */) = -1 ENOENT (No such file or directory)
10026 execve("/usr/local/bin/as", ["as", "-EL", "-mabi=lp64", "-o", "/tmp/ccUwDBeg.o", "/home/runner/work/_temp/candidat"...], 0x153302f0 /* 117 vars */) = -1 ENOENT (No such file or directory)
10026 execve("/usr/sbin/as", ["as", "-EL", "-mabi=lp64", "-o", "/tmp/ccUwDBeg.o", "/home/runner/work/_temp/candidat"...], 0x153302f0 /* 117 vars */) = -1 ENOENT (No such file or directory)
10026 execve("/usr/bin/as", ["as", "-EL", "-mabi=lp64", "-o", "/tmp/ccUwDBeg.o", "/home/runner/work/_temp/candidat"...], 0x153302f0 /* 117 vars */ <unfinished ...>
10025 <... clone resumed>)              = 10026
10026 <... execve resumed>)             = 0
10025 wait4(10026,  <unfinished ...>
10026 exit_group(0)                     = ?
10026 +++ exited with 0 +++
10025 <... wait4 resumed>[{WIFEXITED(s) && WEXITSTATUS(s) == 0}], 0, NULL) = 10026
10025 --- SIGCHLD {si_signo=SIGCHLD, si_code=CLD_EXITED, si_pid=10026, si_uid=1001, si_status=0, si_utime=0, si_stime=0} ---
10025 clone(child_stack=0xffffebffd450, flags=CLONE_VM|CLONE_VFORK|SIGCHLD <unfinished ...>
10027 execve("/usr/libexec/gcc/aarch64-linux-gnu/13/collect2", ["/usr/libexec/gcc/aarch64-linux-g"..., "-plugin", "/usr/libexec/gcc/aarch64-linux-g"..., "-plugin-opt=/usr/libexec/gcc/aar"..., "-plugin-opt=-fresolution=/tmp/cc"..., "-plugin-opt=-pass-through=-lgcc", "-plugin-opt=-pass-through=-lgcc_"..., "-plugin-opt=-pass-through=-lc", "-plugin-opt=-pass-through=-lgcc", "-plugin-opt=-pass-through=-lgcc_"..., "--build-id", "--eh-frame-hdr", "--hash-style=gnu", "--as-needed", "-dynamic-linker", "/lib/ld-linux-aarch64.so.1", "-X", "-EL", "-maarch64linux", "--fix-cortex-a53-843419", "-pie", "-z", "now", "-fuse-ld=lld", "-z", "relro", "-o", "/home/runner/work/_temp/candidat"..., "/usr/lib/gcc/aarch64-linux-gnu/1"..., "/usr/lib/gcc/aarch64-linux-gnu/1"..., "/usr/lib/gcc/aarch64-linux-gnu/1"..., "-L/usr/lib/gcc/aarch64-linux-gnu"..., ...], 0x153309a0 /* 119 vars */ <unfinished ...>
10025 <... clone resumed>)              = 10027
10027 <... execve resumed>)             = 0
10025 wait4(10027,  <unfinished ...>
10027 clone(child_stack=0xffffff3c9cd0, flags=CLONE_VM|CLONE_VFORK|SIGCHLD <unfinished ...>
10028 execve("/usr/bin/ld.lld", ["/usr/bin/ld.lld", "-plugin", "/usr/libexec/gcc/aarch64-linux-g"..., "-plugin-opt=/usr/libexec/gcc/aar"..., "-plugin-opt=-fresolution=/tmp/cc"..., "-plugin-opt=-pass-through=-lgcc", "-plugin-opt=-pass-through=-lgcc_"..., "-plugin-opt=-pass-through=-lc", "-plugin-opt=-pass-through=-lgcc", "-plugin-opt=-pass-through=-lgcc_"..., "--build-id", "--eh-frame-hdr", "--hash-style=gnu", "--as-needed", "-dynamic-linker", "/lib/ld-linux-aarch64.so.1", "-X", "-EL", "-maarch64linux", "--fix-cortex-a53-843419", "-pie", "-z", "now", "-z", "relro", "-o", "/home/runner/work/_temp/candidat"..., "/usr/lib/gcc/aarch64-linux-gnu/1"..., "/usr/lib/gcc/aarch64-linux-gnu/1"..., "/usr/lib/gcc/aarch64-linux-gnu/1"..., "-L/usr/lib/gcc/aarch64-linux-gnu"..., "-L/usr/lib/gcc/aarch64-linux-gnu"..., ...], 0xffffff3ca390 /* 119 vars */ <unfinished ...>
10027 <... clone resumed>)              = 10028
10028 <... execve resumed>)             = 0
10027 wait4(10028,  <unfinished ...>
10028 clone3({flags=CLONE_VM|CLONE_FS|CLONE_FILES|CLONE_SIGHAND|CLONE_THREAD|CLONE_SYSVSEM|CLONE_SETTLS|CLONE_PARENT_SETTID|CLONE_CHILD_CLEARTID, child_tid=0xff3a0e7ff050, parent_tid=0xff3a0e7ff050, exit_signal=0, stack=0xff3a0a7f0000, stack_size=0x400e840, tls=0xff3a0e7ff6c0} => {parent_tid=[10029]}, 88) = 10029
10029 clone3({flags=CLONE_VM|CLONE_FS|CLONE_FILES|CLONE_SIGHAND|CLONE_THREAD|CLONE_SYSVSEM|CLONE_SETTLS|CLONE_PARENT_SETTID|CLONE_CHILD_CLEARTID, child_tid=0xff3a03fff050, parent_tid=0xff3a03fff050, exit_signal=0, stack=0xff39ffff0000, stack_size=0x400e840, tls=0xff3a03fff6c0} => {parent_tid=[10030]}, 88) = 10030
10029 clone3({flags=CLONE_VM|CLONE_FS|CLONE_FILES|CLONE_SIGHAND|CLONE_THREAD|CLONE_SYSVSEM|CLONE_SETTLS|CLONE_PARENT_SETTID|CLONE_CHILD_CLEARTID, child_tid=0xff39fffef050, parent_tid=0xff39fffef050, exit_signal=0, stack=0xff39fbfe0000, stack_size=0x400e840, tls=0xff39fffef6c0} => {parent_tid=[10031]}, 88) = 10031
10029 clone3({flags=CLONE_VM|CLONE_FS|CLONE_FILES|CLONE_SIGHAND|CLONE_THREAD|CLONE_SYSVSEM|CLONE_SETTLS|CLONE_PARENT_SETTID|CLONE_CHILD_CLEARTID, child_tid=0xff39f3fff050, parent_tid=0xff39f3fff050, exit_signal=0, stack=0xff39efff0000, stack_size=0x400e840, tls=0xff39f3fff6c0} => {parent_tid=[10032]}, 88) = 10032
10029 exit(0 <unfinished ...>
10032 exit(0 <unfinished ...>
10031 exit(0 <unfinished ...>
10032 <... exit resumed>)               = ?
10029 <... exit resumed>)               = ?
10028 exit_group(0 <unfinished ...>
10031 <... exit resumed>)               = ?
10032 +++ exited with 0 +++
10029 +++ exited with 0 +++
10028 <... exit_group resumed>)         = ?
10031 +++ exited with 0 +++
10030 +++ exited with 0 +++
10028 +++ exited with 0 +++
10027 <... wait4 resumed>[{WIFEXITED(s) && WEXITSTATUS(s) == 0}], 0, NULL) = 10028
10027 --- SIGCHLD {si_signo=SIGCHLD, si_code=CLD_EXITED, si_pid=10028, si_uid=1001, si_status=0, si_utime=0, si_stime=0} ---
10027 exit_group(0)                     = ?
10027 +++ exited with 0 +++
10025 <... wait4 resumed>[{WIFEXITED(s) && WEXITSTATUS(s) == 0}], 0, NULL) = 10027
10025 --- SIGCHLD {si_signo=SIGCHLD, si_code=CLD_EXITED, si_pid=10027, si_uid=1001, si_status=0, si_utime=0, si_stime=0} ---
10025 exit_group(0)                     = ?
10025 +++ exited with 0 +++
10023 <... wait4 resumed>[{WIFEXITED(s) && WEXITSTATUS(s) == 0}], 0, NULL) = 10025
10023 --- SIGCHLD {si_signo=SIGCHLD, si_code=CLD_EXITED, si_pid=10025, si_uid=1001, si_status=0, si_utime=0, si_stime=0} ---
10023 exit_group(0)                     = ?
10023 +++ exited with 0 +++
