10224 execve("/home/runner/work/_temp/bootstrap-workspace/b4/compiler", ["/home/runner/work/_temp/bootstra"..., "build", "/home/runner/work/type-rb-native"..., "--output", "/home/runner/work/_temp/bootstra"..., "--qbe", "/home/runner/work/_temp/qbe-1.3/"..., "--cc", "/usr/bin/cc", "--target", "linux-arm64-v0"], 0xfffff4eac6f8 /* 111 vars */) = 0
10224 clone(child_stack=NULL, flags=CLONE_CHILD_CLEARTID|CLONE_CHILD_SETTID|SIGCHLD, child_tidptr=0xff16c4c84f90) = 10225
10224 wait4(10225,  <unfinished ...>
10225 execve("/home/runner/work/_temp/qbe-1.3/qbe", ["/home/runner/work/_temp/qbe-1.3/"..., "-t", "arm64", "-o", "/home/runner/work/_temp/bootstra"..., "/home/runner/work/_temp/bootstra"...], 0xfffffcdf0e48 /* 111 vars */) = 0
10225 exit_group(0)                     = ?
10225 +++ exited with 0 +++
10224 <... wait4 resumed>[{WIFEXITED(s) && WEXITSTATUS(s) == 0}], 0, NULL) = 10225
10224 --- SIGCHLD {si_signo=SIGCHLD, si_code=CLD_EXITED, si_pid=10225, si_uid=1001, si_status=0, si_utime=0, si_stime=0} ---
10224 clone(child_stack=NULL, flags=CLONE_CHILD_CLEARTID|CLONE_CHILD_SETTID|SIGCHLD, child_tidptr=0xff16c4c84f90) = 10226
10224 wait4(10226,  <unfinished ...>
10226 execve("/usr/bin/cc", ["/usr/bin/cc", "-xassembler", "/home/runner/work/_temp/bootstra"..., "-fuse-ld=lld", "-Wl,--gc-sections,--strip-all,--"..., "-lm", "-o", "/home/runner/work/_temp/bootstra"...], 0xfffffcdf0e48 /* 111 vars */) = 0
10226 clone(child_stack=0xffffd28d7970, flags=CLONE_VM|CLONE_VFORK|SIGCHLD <unfinished ...>
10227 execve("/home/runner/go/bin/as", ["as", "-EL", "-mabi=lp64", "-o", "/tmp/ccADWtJ6.o", "/home/runner/work/_temp/bootstra"...], 0x11cbdd70 /* 116 vars */) = -1 ENOENT (No such file or directory)
10227 execve("/opt/hostedtoolcache/go/1.27.1/arm64/bin/as", ["as", "-EL", "-mabi=lp64", "-o", "/tmp/ccADWtJ6.o", "/home/runner/work/_temp/bootstra"...], 0x11cbdd70 /* 116 vars */) = -1 ENOENT (No such file or directory)
10227 execve("/snap/bin/as", ["as", "-EL", "-mabi=lp64", "-o", "/tmp/ccADWtJ6.o", "/home/runner/work/_temp/bootstra"...], 0x11cbdd70 /* 116 vars */) = -1 ENOENT (No such file or directory)
10227 execve("/home/runner/.local/bin/as", ["as", "-EL", "-mabi=lp64", "-o", "/tmp/ccADWtJ6.o", "/home/runner/work/_temp/bootstra"...], 0x11cbdd70 /* 116 vars */) = -1 ENOENT (No such file or directory)
10227 execve("/opt/pipx_bin/as", ["as", "-EL", "-mabi=lp64", "-o", "/tmp/ccADWtJ6.o", "/home/runner/work/_temp/bootstra"...], 0x11cbdd70 /* 116 vars */) = -1 ENOENT (No such file or directory)
10227 execve("/home/runner/.cargo/bin/as", ["as", "-EL", "-mabi=lp64", "-o", "/tmp/ccADWtJ6.o", "/home/runner/work/_temp/bootstra"...], 0x11cbdd70 /* 116 vars */) = -1 ENOENT (No such file or directory)
10227 execve("/home/runner/.config/composer/vendor/bin/as", ["as", "-EL", "-mabi=lp64", "-o", "/tmp/ccADWtJ6.o", "/home/runner/work/_temp/bootstra"...], 0x11cbdd70 /* 116 vars */) = -1 ENOENT (No such file or directory)
10227 execve("/home/runner/.dotnet/tools/as", ["as", "-EL", "-mabi=lp64", "-o", "/tmp/ccADWtJ6.o", "/home/runner/work/_temp/bootstra"...], 0x11cbdd70 /* 116 vars */) = -1 ENOENT (No such file or directory)
10227 execve("/usr/local/sbin/as", ["as", "-EL", "-mabi=lp64", "-o", "/tmp/ccADWtJ6.o", "/home/runner/work/_temp/bootstra"...], 0x11cbdd70 /* 116 vars */) = -1 ENOENT (No such file or directory)
10227 execve("/usr/local/bin/as", ["as", "-EL", "-mabi=lp64", "-o", "/tmp/ccADWtJ6.o", "/home/runner/work/_temp/bootstra"...], 0x11cbdd70 /* 116 vars */) = -1 ENOENT (No such file or directory)
10227 execve("/usr/sbin/as", ["as", "-EL", "-mabi=lp64", "-o", "/tmp/ccADWtJ6.o", "/home/runner/work/_temp/bootstra"...], 0x11cbdd70 /* 116 vars */) = -1 ENOENT (No such file or directory)
10227 execve("/usr/bin/as", ["as", "-EL", "-mabi=lp64", "-o", "/tmp/ccADWtJ6.o", "/home/runner/work/_temp/bootstra"...], 0x11cbdd70 /* 116 vars */ <unfinished ...>
10226 <... clone resumed>)              = 10227
10227 <... execve resumed>)             = 0
10226 wait4(10227,  <unfinished ...>
10227 exit_group(0)                     = ?
10227 +++ exited with 0 +++
10226 <... wait4 resumed>[{WIFEXITED(s) && WEXITSTATUS(s) == 0}], 0, NULL) = 10227
10226 --- SIGCHLD {si_signo=SIGCHLD, si_code=CLD_EXITED, si_pid=10227, si_uid=1001, si_status=0, si_utime=0, si_stime=0} ---
10226 clone(child_stack=0xffffd28d6ab0, flags=CLONE_VM|CLONE_VFORK|SIGCHLD <unfinished ...>
10228 execve("/usr/libexec/gcc/aarch64-linux-gnu/13/collect2", ["/usr/libexec/gcc/aarch64-linux-g"..., "-plugin", "/usr/libexec/gcc/aarch64-linux-g"..., "-plugin-opt=/usr/libexec/gcc/aar"..., "-plugin-opt=-fresolution=/tmp/cc"..., "-plugin-opt=-pass-through=-lgcc", "-plugin-opt=-pass-through=-lgcc_"..., "-plugin-opt=-pass-through=-lc", "-plugin-opt=-pass-through=-lgcc", "-plugin-opt=-pass-through=-lgcc_"..., "--build-id", "--eh-frame-hdr", "--hash-style=gnu", "--as-needed", "-dynamic-linker", "/lib/ld-linux-aarch64.so.1", "-X", "-EL", "-maarch64linux", "--fix-cortex-a53-843419", "-pie", "-z", "now", "-fuse-ld=lld", "-z", "relro", "-o", "/home/runner/work/_temp/bootstra"..., "/usr/lib/gcc/aarch64-linux-gnu/1"..., "/usr/lib/gcc/aarch64-linux-gnu/1"..., "/usr/lib/gcc/aarch64-linux-gnu/1"..., "-L/usr/lib/gcc/aarch64-linux-gnu"..., ...], 0x11cbe5a0 /* 118 vars */ <unfinished ...>
10226 <... clone resumed>)              = 10228
10228 <... execve resumed>)             = 0
10226 wait4(10228,  <unfinished ...>
10228 clone(child_stack=0xffffd9a78e00, flags=CLONE_VM|CLONE_VFORK|SIGCHLD <unfinished ...>
10229 execve("/usr/bin/ld.lld", ["/usr/bin/ld.lld", "-plugin", "/usr/libexec/gcc/aarch64-linux-g"..., "-plugin-opt=/usr/libexec/gcc/aar"..., "-plugin-opt=-fresolution=/tmp/cc"..., "-plugin-opt=-pass-through=-lgcc", "-plugin-opt=-pass-through=-lgcc_"..., "-plugin-opt=-pass-through=-lc", "-plugin-opt=-pass-through=-lgcc", "-plugin-opt=-pass-through=-lgcc_"..., "--build-id", "--eh-frame-hdr", "--hash-style=gnu", "--as-needed", "-dynamic-linker", "/lib/ld-linux-aarch64.so.1", "-X", "-EL", "-maarch64linux", "--fix-cortex-a53-843419", "-pie", "-z", "now", "-z", "relro", "-o", "/home/runner/work/_temp/bootstra"..., "/usr/lib/gcc/aarch64-linux-gnu/1"..., "/usr/lib/gcc/aarch64-linux-gnu/1"..., "/usr/lib/gcc/aarch64-linux-gnu/1"..., "-L/usr/lib/gcc/aarch64-linux-gnu"..., "-L/usr/lib/gcc/aarch64-linux-gnu"..., ...], 0xffffd9a794c8 /* 118 vars */ <unfinished ...>
10228 <... clone resumed>)              = 10229
10229 <... execve resumed>)             = 0
10228 wait4(10229,  <unfinished ...>
10229 clone3({flags=CLONE_VM|CLONE_FS|CLONE_FILES|CLONE_SIGHAND|CLONE_THREAD|CLONE_SYSVSEM|CLONE_SETTLS|CLONE_PARENT_SETTID|CLONE_CHILD_CLEARTID, child_tid=0xff904afff050, parent_tid=0xff904afff050, exit_signal=0, stack=0xff9046ff0000, stack_size=0x400e840, tls=0xff904afff6c0} => {parent_tid=[10230]}, 88) = 10230
10230 clone3({flags=CLONE_VM|CLONE_FS|CLONE_FILES|CLONE_SIGHAND|CLONE_THREAD|CLONE_SYSVSEM|CLONE_SETTLS|CLONE_PARENT_SETTID|CLONE_CHILD_CLEARTID, child_tid=0xff903ffff050, parent_tid=0xff903ffff050, exit_signal=0, stack=0xff903bff0000, stack_size=0x400e840, tls=0xff903ffff6c0} => {parent_tid=[10231]}, 88) = 10231
10230 clone3({flags=CLONE_VM|CLONE_FS|CLONE_FILES|CLONE_SIGHAND|CLONE_THREAD|CLONE_SYSVSEM|CLONE_SETTLS|CLONE_PARENT_SETTID|CLONE_CHILD_CLEARTID, child_tid=0xff903bfef050, parent_tid=0xff903bfef050, exit_signal=0, stack=0xff9037fe0000, stack_size=0x400e840, tls=0xff903bfef6c0} => {parent_tid=[10232]}, 88) = 10232
10230 clone3({flags=CLONE_VM|CLONE_FS|CLONE_FILES|CLONE_SIGHAND|CLONE_THREAD|CLONE_SYSVSEM|CLONE_SETTLS|CLONE_PARENT_SETTID|CLONE_CHILD_CLEARTID, child_tid=0xff902ffff050, parent_tid=0xff902ffff050, exit_signal=0, stack=0xff902bff0000, stack_size=0x400e840, tls=0xff902ffff6c0} => {parent_tid=[10233]}, 88) = 10233
10233 exit(0)                           = ?
10232 exit(0 <unfinished ...>
10230 exit(0 <unfinished ...>
10232 <... exit resumed>)               = ?
10233 +++ exited with 0 +++
10230 <... exit resumed>)               = ?
10229 exit_group(0 <unfinished ...>
10232 +++ exited with 0 +++
10230 +++ exited with 0 +++
10229 <... exit_group resumed>)         = ?
10231 +++ exited with 0 +++
10229 +++ exited with 0 +++
10228 <... wait4 resumed>[{WIFEXITED(s) && WEXITSTATUS(s) == 0}], 0, NULL) = 10229
10228 --- SIGCHLD {si_signo=SIGCHLD, si_code=CLD_EXITED, si_pid=10229, si_uid=1001, si_status=0, si_utime=1 /* 0.01 s */, si_stime=1 /* 0.01 s */} ---
10228 exit_group(0)                     = ?
10228 +++ exited with 0 +++
10226 <... wait4 resumed>[{WIFEXITED(s) && WEXITSTATUS(s) == 0}], 0, NULL) = 10228
10226 --- SIGCHLD {si_signo=SIGCHLD, si_code=CLD_EXITED, si_pid=10228, si_uid=1001, si_status=0, si_utime=0, si_stime=0} ---
10226 exit_group(0)                     = ?
10226 +++ exited with 0 +++
10224 <... wait4 resumed>[{WIFEXITED(s) && WEXITSTATUS(s) == 0}], 0, NULL) = 10226
10224 --- SIGCHLD {si_signo=SIGCHLD, si_code=CLD_EXITED, si_pid=10226, si_uid=1001, si_status=0, si_utime=0, si_stime=0} ---
10224 exit_group(0)                     = ?
10224 +++ exited with 0 +++
