7227  execve("/home/runner/work/_temp/gate6n-linux-amd64-compiler", ["/home/runner/work/_temp/gate6n-l"..., "build", "/home/runner/work/type-rb-native"..., "--output", "/home/runner/work/_temp/gate6n-l"..., "--qbe", "/home/runner/work/_temp/qbe-1.3/"..., "--cc", "/usr/bin/cc", "--target", "linux-amd64-v0"], 0x7ffdb5f66ab8 /* 133 vars */) = 0
7227  clone(child_stack=NULL, flags=CLONE_CHILD_CLEARTID|CLONE_CHILD_SETTID|SIGCHLD, child_tidptr=0x7f9f2872ba10) = 7228
7227  wait4(7228,  <unfinished ...>
7228  execve("/home/runner/work/_temp/qbe-1.3/qbe", ["/home/runner/work/_temp/qbe-1.3/"..., "-t", "amd64_sysv", "-o", "/home/runner/work/_temp/gate6n-l"..., "/home/runner/work/_temp/gate6n-l"...], 0x7ffdf3a47148 /* 133 vars */) = 0
7228  exit_group(0)                     = ?
7228  +++ exited with 0 +++
7227  <... wait4 resumed>[{WIFEXITED(s) && WEXITSTATUS(s) == 0}], 0, NULL) = 7228
7227  --- SIGCHLD {si_signo=SIGCHLD, si_code=CLD_EXITED, si_pid=7228, si_uid=1001, si_status=0, si_utime=0, si_stime=0} ---
7227  clone(child_stack=NULL, flags=CLONE_CHILD_CLEARTID|CLONE_CHILD_SETTID|SIGCHLD, child_tidptr=0x7f9f2872ba10) = 7229
7227  wait4(7229,  <unfinished ...>
7229  execve("/usr/bin/cc", ["/usr/bin/cc", "-xassembler", "/home/runner/work/_temp/gate6n-l"..., "-fuse-ld=lld", "-Wl,--gc-sections,--strip-all", "-lm", "-o", "/home/runner/work/_temp/gate6n-l"...], 0x7ffdf3a47148 /* 133 vars */) = 0
7229  vfork( <unfinished ...>
7230  execve("/home/runner/go/bin/as", ["as", "--64", "-o", "/tmp/ccm9zw1g.o", "/home/runner/work/_temp/gate6n-l"...], 0x2e7e0da0 /* 138 vars */) = -1 ENOENT (No such file or directory)
7230  execve("/opt/hostedtoolcache/go/1.27.0/x64/bin/as", ["as", "--64", "-o", "/tmp/ccm9zw1g.o", "/home/runner/work/_temp/gate6n-l"...], 0x2e7e0da0 /* 138 vars */) = -1 ENOENT (No such file or directory)
7230  execve("/snap/bin/as", ["as", "--64", "-o", "/tmp/ccm9zw1g.o", "/home/runner/work/_temp/gate6n-l"...], 0x2e7e0da0 /* 138 vars */) = -1 ENOENT (No such file or directory)
7230  execve("/home/runner/.local/bin/as", ["as", "--64", "-o", "/tmp/ccm9zw1g.o", "/home/runner/work/_temp/gate6n-l"...], 0x2e7e0da0 /* 138 vars */) = -1 ENOENT (No such file or directory)
7230  execve("/opt/pipx_bin/as", ["as", "--64", "-o", "/tmp/ccm9zw1g.o", "/home/runner/work/_temp/gate6n-l"...], 0x2e7e0da0 /* 138 vars */) = -1 ENOENT (No such file or directory)
7230  execve("/home/runner/.cargo/bin/as", ["as", "--64", "-o", "/tmp/ccm9zw1g.o", "/home/runner/work/_temp/gate6n-l"...], 0x2e7e0da0 /* 138 vars */) = -1 ENOENT (No such file or directory)
7230  execve("/home/runner/.config/composer/vendor/bin/as", ["as", "--64", "-o", "/tmp/ccm9zw1g.o", "/home/runner/work/_temp/gate6n-l"...], 0x2e7e0da0 /* 138 vars */) = -1 ENOENT (No such file or directory)
7230  execve("/usr/local/.ghcup/bin/as", ["as", "--64", "-o", "/tmp/ccm9zw1g.o", "/home/runner/work/_temp/gate6n-l"...], 0x2e7e0da0 /* 138 vars */) = -1 ENOENT (No such file or directory)
7230  execve("/home/runner/.dotnet/tools/as", ["as", "--64", "-o", "/tmp/ccm9zw1g.o", "/home/runner/work/_temp/gate6n-l"...], 0x2e7e0da0 /* 138 vars */) = -1 ENOENT (No such file or directory)
7230  execve("/usr/local/sbin/as", ["as", "--64", "-o", "/tmp/ccm9zw1g.o", "/home/runner/work/_temp/gate6n-l"...], 0x2e7e0da0 /* 138 vars */) = -1 ENOENT (No such file or directory)
7230  execve("/usr/local/bin/as", ["as", "--64", "-o", "/tmp/ccm9zw1g.o", "/home/runner/work/_temp/gate6n-l"...], 0x2e7e0da0 /* 138 vars */) = -1 ENOENT (No such file or directory)
7230  execve("/usr/sbin/as", ["as", "--64", "-o", "/tmp/ccm9zw1g.o", "/home/runner/work/_temp/gate6n-l"...], 0x2e7e0da0 /* 138 vars */) = -1 ENOENT (No such file or directory)
7230  execve("/usr/bin/as", ["as", "--64", "-o", "/tmp/ccm9zw1g.o", "/home/runner/work/_temp/gate6n-l"...], 0x2e7e0da0 /* 138 vars */ <unfinished ...>
7229  <... vfork resumed>)              = 7230
7230  <... execve resumed>)             = 0
7229  wait4(7230,  <unfinished ...>
7230  exit_group(0)                     = ?
7230  +++ exited with 0 +++
7229  <... wait4 resumed>[{WIFEXITED(s) && WEXITSTATUS(s) == 0}], 0, NULL) = 7230
7229  --- SIGCHLD {si_signo=SIGCHLD, si_code=CLD_EXITED, si_pid=7230, si_uid=1001, si_status=0, si_utime=0, si_stime=0} ---
7229  vfork( <unfinished ...>
7231  execve("/usr/libexec/gcc/x86_64-linux-gnu/13/collect2", ["/usr/libexec/gcc/x86_64-linux-gn"..., "-plugin", "/usr/libexec/gcc/x86_64-linux-gn"..., "-plugin-opt=/usr/libexec/gcc/x86"..., "-plugin-opt=-fresolution=/tmp/cc"..., "-plugin-opt=-pass-through=-lgcc", "-plugin-opt=-pass-through=-lgcc_"..., "-plugin-opt=-pass-through=-lc", "-plugin-opt=-pass-through=-lgcc", "-plugin-opt=-pass-through=-lgcc_"..., "--build-id", "--eh-frame-hdr", "-m", "elf_x86_64", "--hash-style=gnu", "--as-needed", "-dynamic-linker", "/lib64/ld-linux-x86-64.so.2", "-pie", "-z", "now", "-fuse-ld=lld", "-z", "relro", "-o", "/home/runner/work/_temp/gate6n-l"..., "/usr/lib/gcc/x86_64-linux-gnu/13"..., "/usr/lib/gcc/x86_64-linux-gnu/13"..., "/usr/lib/gcc/x86_64-linux-gnu/13"..., "-L/usr/lib/gcc/x86_64-linux-gnu/"..., "-L/usr/lib/gcc/x86_64-linux-gnu/"..., "-L/usr/lib/gcc/x86_64-linux-gnu/"..., ...], 0x2e7e1280 /* 140 vars */ <unfinished ...>
7229  <... vfork resumed>)              = 7231
7231  <... execve resumed>)             = 0
7229  wait4(7231,  <unfinished ...>
7231  vfork( <unfinished ...>
7232  execve("/usr/bin/ld.lld", ["/usr/bin/ld.lld", "-plugin", "/usr/libexec/gcc/x86_64-linux-gn"..., "-plugin-opt=/usr/libexec/gcc/x86"..., "-plugin-opt=-fresolution=/tmp/cc"..., "-plugin-opt=-pass-through=-lgcc", "-plugin-opt=-pass-through=-lgcc_"..., "-plugin-opt=-pass-through=-lc", "-plugin-opt=-pass-through=-lgcc", "-plugin-opt=-pass-through=-lgcc_"..., "--build-id", "--eh-frame-hdr", "-m", "elf_x86_64", "--hash-style=gnu", "--as-needed", "-dynamic-linker", "/lib64/ld-linux-x86-64.so.2", "-pie", "-z", "now", "-z", "relro", "-o", "/home/runner/work/_temp/gate6n-l"..., "/usr/lib/gcc/x86_64-linux-gnu/13"..., "/usr/lib/gcc/x86_64-linux-gnu/13"..., "/usr/lib/gcc/x86_64-linux-gnu/13"..., "-L/usr/lib/gcc/x86_64-linux-gnu/"..., "-L/usr/lib/gcc/x86_64-linux-gnu/"..., "-L/usr/lib/gcc/x86_64-linux-gnu/"..., "-L/lib/x86_64-linux-gnu", ...], 0x7ffdb2a00770 /* 140 vars */ <unfinished ...>
7231  <... vfork resumed>)              = 7232
7232  <... execve resumed>)             = 0
7231  wait4(7232,  <unfinished ...>
7232  clone3({flags=CLONE_VM|CLONE_FS|CLONE_FILES|CLONE_SIGHAND|CLONE_THREAD|CLONE_SYSVSEM|CLONE_SETTLS|CLONE_PARENT_SETTID|CLONE_CHILD_CLEARTID, child_tid=0x7fdc87fff990, parent_tid=0x7fdc87fff990, exit_signal=0, stack=0x7fdc83fff000, stack_size=0x3fffd80, tls=0x7fdc87fff6c0} => {parent_tid=[7233]}, 88) = 7233
7233  clone3({flags=CLONE_VM|CLONE_FS|CLONE_FILES|CLONE_SIGHAND|CLONE_THREAD|CLONE_SYSVSEM|CLONE_SETTLS|CLONE_PARENT_SETTID|CLONE_CHILD_CLEARTID, child_tid=0x7fdc7bfff990, parent_tid=0x7fdc7bfff990, exit_signal=0, stack=0x7fdc77fff000, stack_size=0x3fffd80, tls=0x7fdc7bfff6c0} => {parent_tid=[7234]}, 88) = 7234
7233  clone3({flags=CLONE_VM|CLONE_FS|CLONE_FILES|CLONE_SIGHAND|CLONE_THREAD|CLONE_SYSVSEM|CLONE_SETTLS|CLONE_PARENT_SETTID|CLONE_CHILD_CLEARTID, child_tid=0x7fdc77ffe990, parent_tid=0x7fdc77ffe990, exit_signal=0, stack=0x7fdc73ffe000, stack_size=0x3fffd80, tls=0x7fdc77ffe6c0} => {parent_tid=[7235]}, 88) = 7235
7233  clone3({flags=CLONE_VM|CLONE_FS|CLONE_FILES|CLONE_SIGHAND|CLONE_THREAD|CLONE_SYSVSEM|CLONE_SETTLS|CLONE_PARENT_SETTID|CLONE_CHILD_CLEARTID, child_tid=0x7fdc6bfff990, parent_tid=0x7fdc6bfff990, exit_signal=0, stack=0x7fdc67fff000, stack_size=0x3fffd80, tls=0x7fdc6bfff6c0} => {parent_tid=[7236]}, 88) = 7236
7233  exit(0 <unfinished ...>
7236  exit(0 <unfinished ...>
7233  <... exit resumed>)               = ?
7236  <... exit resumed>)               = ?
7236  +++ exited with 0 +++
7233  +++ exited with 0 +++
7232  exit_group(0)                     = ?
7235  +++ exited with 0 +++
7234  +++ exited with 0 +++
7232  +++ exited with 0 +++
7231  <... wait4 resumed>[{WIFEXITED(s) && WEXITSTATUS(s) == 0}], 0, NULL) = 7232
7231  --- SIGCHLD {si_signo=SIGCHLD, si_code=CLD_EXITED, si_pid=7232, si_uid=1001, si_status=0, si_utime=0, si_stime=2 /* 0.02 s */} ---
7231  exit_group(0)                     = ?
7231  +++ exited with 0 +++
7229  <... wait4 resumed>[{WIFEXITED(s) && WEXITSTATUS(s) == 0}], 0, NULL) = 7231
7229  --- SIGCHLD {si_signo=SIGCHLD, si_code=CLD_EXITED, si_pid=7231, si_uid=1001, si_status=0, si_utime=0, si_stime=0} ---
7229  exit_group(0)                     = ?
7229  +++ exited with 0 +++
7227  <... wait4 resumed>[{WIFEXITED(s) && WEXITSTATUS(s) == 0}], 0, NULL) = 7229
7227  --- SIGCHLD {si_signo=SIGCHLD, si_code=CLD_EXITED, si_pid=7229, si_uid=1001, si_status=0, si_utime=0, si_stime=0} ---
7227  exit_group(0)                     = ?
7227  +++ exited with 0 +++
